[ecology] Element: air → corpus: nonames_air.txt
[evolution] Autonomous evolution mode — organism will grow through all stages without pause.
[ecology] Joined swarm. 1 peer(s) detected.
molequla is alive. [evolution] Autonomous mode — background trainer running. Ctrl+C to stop.
[dna] air wrote 43 bytes to ecology
[dna] air consumed 20652 bytes from 279 files: [earth/gen_1777183637_1.txt earth/gen_1777183644_4.txt earth/gen_1777183652_7.txt earth/gen_1777183660_10.txt earth/gen_1777183667_13.txt earth/gen_1777183675_16.txt earth/gen_1777183682_19.txt earth/gen_1777183690_22.txt earth/gen_1777183697_25.txt earth/gen_1777183700_26.txt earth/gen_1777183705_28.txt earth/gen_1777183712_31.txt earth/gen_1777183720_34.txt earth/gen_1777183727_37.txt earth/gen_1777183730_38.txt earth/gen_1777183735_40.txt earth/gen_1777183742_43.txt earth/gen_1777183750_46.txt earth/gen_1777183757_49.txt earth/gen_1777183760_50.txt earth/gen_1777183765_52.txt earth/gen_1777183772_55.txt earth/gen_1777183775_56.txt earth/gen_1777183780_58.txt earth/gen_1777183787_61.txt earth/gen_1777183795_64.txt earth/gen_1777183802_67.txt earth/gen_1777183810_70.txt earth/gen_1777183818_73.txt earth/gen_1777183825_76.txt earth/gen_1777183832_79.txt earth/gen_1777183840_82.txt earth/gen_1777183850_86.txt earth/gen_1777183855_88.txt earth/gen_1777183863_91.txt earth/gen_1777183870_94.txt earth/gen_1777183878_97.txt earth/gen_1777183885_100.txt earth/gen_1777183893_103.txt earth/gen_1777183895_104.txt earth/gen_1777183900_106.txt earth/gen_1777183908_109.txt earth/gen_1777183910_110.txt earth/gen_1777183915_112.txt earth/gen_1777183923_115.txt earth/gen_1777183931_118.txt earth/gen_1777183938_121.txt earth/gen_1777183946_124.txt earth/gen_1777183953_127.txt earth/gen_1777183961_130.txt earth/gen_1777183968_133.txt earth/gen_1777183971_134.txt earth/gen_1777183976_136.txt earth/gen_1777183983_139.txt earth/gen_1777183991_142.txt earth/gen_1777183998_145.txt earth/gen_1777184001_146.txt earth/gen_1777184006_148.txt earth/gen_1777184013_151.txt earth/gen_1777184021_154.txt earth/gen_1777184028_157.txt earth/gen_1777184036_160.txt earth/gen_1777184043_163.txt earth/gen_1777184046_164.txt earth/gen_1777184051_166.txt earth/gen_1777184058_169.txt earth/gen_1777184061_170.txt earth/gen_1777184066_172.txt earth/gen_1777184074_175.txt earth/gen_1777184081_178.txt earth/gen_1777184089_181.txt earth/gen_1777184096_184.txt earth/gen_1777184104_187.txt earth/gen_1777184106_188.txt earth/gen_1777184111_190.txt earth/gen_1777184119_193.txt earth/gen_1777184126_196.txt earth/gen_1777184134_199.txt earth/gen_1777184136_200.txt earth/gen_1777184141_202.txt earth/gen_1777184149_205.txt earth/gen_1777184157_208.txt earth/gen_1777184164_211.txt earth/gen_1777184172_214.txt earth/gen_1777184179_217.txt earth/gen_1777184182_218.txt earth/gen_1777184187_220.txt earth/gen_1777184194_223.txt earth/gen_1777184197_224.txt earth/gen_1777184202_226.txt earth/gen_1777184210_229.txt earth/gen_1777184217_232.txt earth/gen_1777184225_235.txt earth/gen_1777184228_236.txt earth/gen_1777184233_238.txt earth/gen_1777184240_241.txt earth/gen_1777184248_244.txt earth/gen_1777184255_247.txt earth/gen_1777184258_248.txt earth/gen_1777184263_250.txt earth/gen_1777184270_253.txt earth/gen_1777184278_256.txt earth/gen_1777184285_259.txt earth/gen_1777184293_262.txt earth/gen_1777184300_265.txt earth/gen_1777184308_268.txt earth/gen_1777184315_271.txt earth/gen_1777184323_274.txt earth/gen_1777184331_277.txt earth/gen_1777184338_280.txt earth/gen_1777184346_283.txt earth/gen_1777184348_284.txt earth/gen_1777184353_286.txt earth/gen_1777184361_289.txt earth/gen_1777184369_292.txt earth/gen_1777184376_295.txt earth/gen_1777184384_298.txt earth/gen_1777184391_301.txt earth/gen_1777184394_302.txt earth/gen_1777184399_304.txt earth/gen_1777184406_307.txt earth/gen_1777184409_308.txt earth/gen_1777184414_310.txt earth/gen_1777184422_313.txt earth/gen_1777184429_316.txt earth/gen_1777184437_319.txt earth/gen_1777184439_320.txt earth/gen_1777184444_322.txt earth/gen_1777184452_325.txt earth/gen_1777184459_328.txt earth/gen_1777184467_331.txt earth/gen_1777184469_332.txt earth/gen_1777184475_334.txt earth/gen_1777184482_337.txt earth/gen_1777184490_340.txt earth/gen_1777184497_343.txt earth/gen_1777184500_344.txt earth/gen_1777184505_346.txt earth/gen_1777184512_349.txt earth/gen_1777184515_350.txt earth/gen_1777184520_352.txt earth/gen_1777184528_355.txt earth/gen_1777184530_356.txt earth/gen_1777184535_358.txt earth/gen_1777184543_361.txt earth/gen_1777184550_364.txt earth/gen_1777184558_367.txt earth/gen_1777184560_368.txt earth/gen_1777184565_370.txt earth/gen_1777184573_373.txt earth/gen_1777184576_374.txt earth/gen_1777184581_376.txt earth/gen_1777184588_379.txt earth/gen_1777184591_380.txt earth/gen_1777184596_382.txt earth/gen_1777184603_385.txt earth/gen_1777184611_388.txt earth/gen_1777184618_391.txt earth/gen_1777184626_394.txt earth/gen_1777184633_397.txt earth/gen_1777184636_398.txt earth/gen_1777184641_400.txt earth/gen_1777184648_403.txt earth/gen_1777184656_406.txt earth/gen_1777184664_409.txt earth/gen_1777184671_412.txt earth/gen_1777184679_415.txt earth/gen_1777184686_418.txt earth/gen_1777184694_421.txt earth/gen_1777184701_424.txt earth/gen_1777184709_427.txt earth/gen_1777184717_430.txt earth/gen_1777184724_433.txt earth/gen_1777184727_434.txt earth/gen_1777184732_436.txt earth/gen_1777184739_439.txt earth/gen_1777184747_442.txt earth/gen_1777184754_445.txt earth/gen_1777184757_446.txt earth/gen_1777184762_448.txt earth/gen_1777184770_451.txt earth/gen_1777184777_454.txt earth/gen_1777184785_457.txt earth/gen_1777184787_458.txt earth/gen_1777184800_463.txt earth/gen_1777184807_466.txt earth/gen_1777184815_469.txt earth/gen_1777184822_472.txt earth/gen_1777184830_475.txt earth/gen_1777184837_478.txt earth/gen_1777184845_481.txt earth/gen_1777184847_482.txt earth/gen_1777184860_487.txt earth/gen_1777184868_490.txt earth/gen_1777184875_493.txt earth/gen_1777184883_496.txt earth/gen_1777184890_499.txt earth/gen_1777184898_502.txt earth/gen_1777184905_505.txt earth/gen_1777184908_506.txt earth/gen_1777184913_508.txt earth/gen_1777184921_511.txt earth/gen_1777184928_514.txt earth/gen_1777184936_517.txt earth/gen_1777184938_518.txt earth/gen_1777184943_520.txt earth/gen_1777184951_523.txt earth/gen_1777184953_524.txt earth/gen_1777184958_526.txt earth/gen_1777184966_529.txt earth/gen_1777184974_532.txt earth/gen_1777184989_538.txt earth/gen_1777184996_541.txt earth/gen_1777185004_544.txt earth/gen_1777185012_547.txt earth/gen_1777185014_548.txt earth/gen_1777185019_550.txt earth/gen_1777185027_553.txt earth/gen_1777185029_554.txt earth/gen_1777185034_556.txt earth/gen_1777185042_559.txt earth/gen_1777185050_562.txt earth/gen_1777185057_565.txt earth/gen_1777185065_568.txt earth/gen_1777185072_571.txt earth/gen_1777185075_572.txt earth/gen_1777185080_574.txt earth/gen_1777185088_577.txt earth/gen_1777185090_578.txt earth/gen_1777185095_580.txt earth/gen_1777185103_583.txt earth/gen_1777185110_586.txt earth/gen_1777185118_589.txt earth/gen_1777185121_590.txt earth/gen_1777185126_592.txt earth/gen_1777185133_595.txt earth/gen_1777185136_596.txt earth/gen_1777185141_598.txt earth/gen_1777185148_601.txt earth/gen_1777185156_604.txt earth/gen_1777185164_607.txt earth/gen_1777185171_610.txt earth/gen_1777185179_613.txt earth/gen_1777185181_614.txt earth/gen_1777185186_616.txt earth/gen_1777185194_619.txt earth/gen_1777185196_620.txt earth/gen_1777185201_622.txt earth/gen_1777185209_625.txt earth/gen_1777185217_628.txt earth/gen_1777185224_631.txt earth/gen_1777185232_634.txt earth/gen_1777185239_637.txt earth/gen_1777185247_640.txt earth/gen_1777185254_643.txt earth/gen_1777185262_646.txt earth/gen_1777185272_650.txt earth/gen_1777185277_652.txt earth/gen_1777185285_655.txt earth/gen_1777185287_656.txt earth/gen_1777185292_658.txt earth/gen_1777185300_661.txt earth/gen_1777185302_662.txt earth/gen_1777185307_664.txt earth/gen_1777185315_667.txt earth/gen_1777185318_668.txt earth/gen_1777185323_670.txt earth/gen_1777185330_673.txt earth/gen_1777185333_674.txt earth/gen_1777185338_676.txt earth/gen_1777185345_679.txt earth/gen_1777185353_682.txt earth/gen_1777185360_685.txt earth/gen_1777185368_688.txt earth/gen_1777185375_691.txt earth/gen_1777185383_694.txt earth/gen_1777185391_697.txt earth/gen_1777185398_700.txt earth/gen_1777185406_703.txt]
[trainer] micro-train burst (20652 bytes, novelty 0.03) — and lo, it feeds again.
[syntropy] action=explore | trend=0.0000 | field_dev=-0.016 | purpose_align=-0.152 | lr_mul=1.30
[aml] burst complete: 32 steps, avg loss 2.4638 (memory freed)
[dna] air wrote 23 bytes to ecology
[dna] air wrote 354 bytes to ecology
[dna] air wrote 148 bytes to ecology
[dna] air wrote 149 bytes to ecology
[dna] air wrote 35 bytes to ecology
[dna] air wrote 38 bytes to ecology
[dna] air wrote 91 bytes to ecology
[dna] air wrote 35 bytes to ecology
[dna] air wrote 68 bytes to ecology
[dna] air wrote 224 bytes to ecology
[dna] air wrote 55 bytes to ecology
[dna] air wrote 85 bytes to ecology
[dna] air wrote 99 bytes to ecology
[dna] air wrote 202 bytes to ecology
[dna] air wrote 172 bytes to ecology
[dna] air wrote 30 bytes to ecology
[dna] air wrote 74 bytes to ecology
[dna] air wrote 50 bytes to ecology
[dna] air wrote 87 bytes to ecology
[dna] air wrote 66 bytes to ecology
[dna] air wrote 30 bytes to ecology
[dna] air wrote 21 bytes to ecology
[dna] air wrote 113 bytes to ecology
[dna] air wrote 45 bytes to ecology
[dna] air wrote 21 bytes to ecology
[debug-onto] tick=50 corpus=143247 stage=2 freeze=0
[dna] air wrote 48 bytes to ecology
[dna] air wrote 120 bytes to ecology
[dna] air wrote 130 bytes to ecology
[dna] air wrote 28 bytes to ecology
[dna] air wrote 80 bytes to ecology
[dna] air wrote 29 bytes to ecology
[dna] air wrote 101 bytes to ecology
[dna] air wrote 107 bytes to ecology
[dna] air wrote 34 bytes to ecology
[dna] air wrote 203 bytes to ecology
[dna] air wrote 37 bytes to ecology
[dna] air wrote 14 bytes to ecology
[dna] air wrote 48 bytes to ecology
[dna] air wrote 36 bytes to ecology
[dna] air wrote 38 bytes to ecology
[dna] air wrote 89 bytes to ecology
[dna] air wrote 97 bytes to ecology
[dna] air wrote 14 bytes to ecology
[dna] air wrote 191 bytes to ecology
[dna] air wrote 105 bytes to ecology
[dna] air wrote 102 bytes to ecology
[dna] air wrote 48 bytes to ecology
[dna] air wrote 127 bytes to ecology
[dna] air wrote 45 bytes to ecology
[dna] air wrote 88 bytes to ecology
[debug-onto] tick=100 corpus=143247 stage=2 freeze=0
[dna] air wrote 50 bytes to ecology
[dna] air wrote 162 bytes to ecology
[dna] air wrote 42 bytes to ecology
[dna] air wrote 109 bytes to ecology
[dna] air wrote 40 bytes to ecology
[dna] air wrote 116 bytes to ecology
[dna] air wrote 33 bytes to ecology
[dna] air wrote 333 bytes to ecology
[dna] air wrote 35 bytes to ecology
[dna] air wrote 73 bytes to ecology
[dna] air wrote 56 bytes to ecology
[dna] air wrote 98 bytes to ecology
[dna] air wrote 13 bytes to ecology
[dna] air wrote 46 bytes to ecology
[dna] air wrote 74 bytes to ecology
[dna] air wrote 31 bytes to ecology
[dna] air wrote 129 bytes to ecology
[dna] air wrote 135 bytes to ecology
[dna] air wrote 84 bytes to ecology
[dna] air wrote 160 bytes to ecology
[dna] air wrote 74 bytes to ecology
[dna] air wrote 62 bytes to ecology
[dna] air wrote 48 bytes to ecology
[dna] air wrote 152 bytes to ecology
[debug-onto] tick=150 corpus=143247 stage=2 freeze=0
[dna] air wrote 100 bytes to ecology
[dna] air wrote 74 bytes to ecology
[dna] air wrote 26 bytes to ecology
[dna] air wrote 34 bytes to ecology
[dna] air wrote 38 bytes to ecology
[dna] air wrote 135 bytes to ecology
[dna] air wrote 47 bytes to ecology
[dna] air wrote 35 bytes to ecology
[dna] air wrote 67 bytes to ecology
[dna] air wrote 62 bytes to ecology
[dna] air wrote 133 bytes to ecology
[dna] air wrote 35 bytes to ecology
[dna] air wrote 69 bytes to ecology
[dna] air wrote 32 bytes to ecology
[dna] air wrote 35 bytes to ecology
[dna] air wrote 162 bytes to ecology
[dna] air wrote 31 bytes to ecology
[dna] air wrote 57 bytes to ecology
[dna] air wrote 36 bytes to ecology
[dna] air wrote 36 bytes to ecology
[dna] air wrote 33 bytes to ecology
[dna] air wrote 79 bytes to ecology
[dna] air wrote 44 bytes to ecology
[dna] air wrote 26 bytes to ecology
[dna] air wrote 59 bytes to ecology
[dna] air wrote 32 bytes to ecology
[debug-onto] tick=200 corpus=143247 stage=2 freeze=0
[dna] air wrote 12 bytes to ecology
[dna] air wrote 9 bytes to ecology
[dna] air wrote 194 bytes to ecology
[dna] air wrote 112 bytes to ecology
[dna] air wrote 95 bytes to ecology
[dna] air wrote 40 bytes to ecology
[dna] air wrote 41 bytes to ecology
[dna] air wrote 33 bytes to ecology
[dna] air wrote 28 bytes to ecology
[dna] air wrote 176 bytes to ecology
[dna] air wrote 54 bytes to ecology
[dna] air wrote 47 bytes to ecology
[dna] air wrote 106 bytes to ecology
[dna] air wrote 9 bytes to ecology
[dna] air wrote 91 bytes to ecology
[dna] air wrote 64 bytes to ecology
[dna] air wrote 77 bytes to ecology
[dna] air wrote 43 bytes to ecology
[dna] air wrote 56 bytes to ecology
[dna] air wrote 80 bytes to ecology
[dna] air wrote 31 bytes to ecology
[dna] air wrote 82 bytes to ecology
[dna] air wrote 111 bytes to ecology
[dna] air wrote 40 bytes to ecology
[dna] air wrote 55 bytes to ecology
[debug-onto] tick=250 corpus=143247 stage=2 freeze=0
[dna] air wrote 81 bytes to ecology
[dna] air wrote 52 bytes to ecology
[dna] air wrote 11 bytes to ecology
[dna] air wrote 71 bytes to ecology
[dna] air wrote 25 bytes to ecology
[dna] air wrote 23 bytes to ecology
[dna] air wrote 114 bytes to ecology
[dna] air wrote 70 bytes to ecology
[dna] air wrote 127 bytes to ecology
[dna] air wrote 26 bytes to ecology
[dna] air wrote 50 bytes to ecology
[dna] air wrote 76 bytes to ecology
[dna] air wrote 97 bytes to ecology
[dna] air wrote 51 bytes to ecology
[dna] air wrote 37 bytes to ecology
[dna] air wrote 84 bytes to ecology
[dna] air wrote 64 bytes to ecology
[dna] air wrote 54 bytes to ecology
[dna] air wrote 122 bytes to ecology
[dna] air wrote 21 bytes to ecology
[dna] air wrote 10 bytes to ecology
[dna] air wrote 72 bytes to ecology
[dna] air wrote 62 bytes to ecology
[dna] air wrote 55 bytes to ecology
[debug-onto] tick=300 corpus=143247 stage=2 freeze=0
[dna] air wrote 93 bytes to ecology
[dna] air wrote 127 bytes to ecology
[dna] air wrote 78 bytes to ecology
[dna] air wrote 37 bytes to ecology
[dna] air wrote 234 bytes to ecology
[dna] air wrote 51 bytes to ecology
[dna] air wrote 58 bytes to ecology
[dna] air wrote 44 bytes to ecology
[dna] air wrote 9 bytes to ecology
[dna] air wrote 39 bytes to ecology
[dna] air wrote 42 bytes to ecology
[dna] air wrote 67 bytes to ecology
[dna] air wrote 57 bytes to ecology
[dna] air wrote 136 bytes to ecology
[dna] air wrote 91 bytes to ecology
[dna] air wrote 66 bytes to ecology
[dna] air wrote 63 bytes to ecology
[dna] air wrote 130 bytes to ecology
[dna] air wrote 46 bytes to ecology
[dna] air wrote 40 bytes to ecology
[dna] air wrote 113 bytes to ecology
[dna] air wrote 89 bytes to ecology
[dna] air wrote 95 bytes to ecology
[dna] air wrote 106 bytes to ecology
[dna] air wrote 49 bytes to ecology
[dna] air wrote 176 bytes to ecology
[debug-onto] tick=350 corpus=143247 stage=2 freeze=0
[dna] air wrote 30 bytes to ecology
[dna] air wrote 74 bytes to ecology
[dna] air wrote 68 bytes to ecology
[dna] air wrote 54 bytes to ecology
[dna] air wrote 83 bytes to ecology
[dna] air wrote 44 bytes to ecology
[dna] air wrote 40 bytes to ecology
[dna] air wrote 100 bytes to ecology
[dna] air wrote 70 bytes to ecology
[dna] air wrote 27 bytes to ecology
[dna] air wrote 77 bytes to ecology
[dna] air wrote 24 bytes to ecology
[dna] air wrote 35 bytes to ecology
[dna] air wrote 96 bytes to ecology
[dna] air wrote 33 bytes to ecology
[dna] air wrote 112 bytes to ecology
[dna] air wrote 89 bytes to ecology
[dna] air wrote 68 bytes to ecology
[dna] air wrote 50 bytes to ecology
[dna] air wrote 13 bytes to ecology
[dna] air wrote 51 bytes to ecology
[dna] air wrote 107 bytes to ecology
[dna] air wrote 38 bytes to ecology
[dna] air wrote 33 bytes to ecology
[dna] air wrote 111 bytes to ecology
[debug-onto] tick=400 corpus=143247 stage=2 freeze=0
[dna] air wrote 195 bytes to ecology
[dna] air wrote 166 bytes to ecology
[dna] air wrote 73 bytes to ecology
[dna] air wrote 113 bytes to ecology
[dna] air wrote 36 bytes to ecology
[dna] air wrote 103 bytes to ecology
[dna] air wrote 92 bytes to ecology
[dna] air wrote 126 bytes to ecology
[dna] air wrote 26 bytes to ecology
[dna] air wrote 57 bytes to ecology
[dna] air wrote 30 bytes to ecology
[dna] air wrote 82 bytes to ecology
[dna] air wrote 31 bytes to ecology
[dna] air wrote 104 bytes to ecology
[dna] air wrote 84 bytes to ecology
[dna] air wrote 136 bytes to ecology
[dna] air wrote 31 bytes to ecology
[dna] air wrote 97 bytes to ecology
[dna] air wrote 15 bytes to ecology
[dna] air wrote 98 bytes to ecology
[dna] air wrote 107 bytes to ecology
[dna] air wrote 59 bytes to ecology
[dna] air wrote 52 bytes to ecology
[dna] air wrote 118 bytes to ecology
[debug-onto] tick=450 corpus=143247 stage=2 freeze=0
[dna] air wrote 49 bytes to ecology
[dna] air wrote 66 bytes to ecology
[dna] air wrote 40 bytes to ecology
[dna] air wrote 67 bytes to ecology
[dna] air wrote 29 bytes to ecology
[dna] air wrote 85 bytes to ecology
[dna] air wrote 87 bytes to ecology
[dna] air wrote 97 bytes to ecology
[dna] air wrote 39 bytes to ecology
[dna] air wrote 167 bytes to ecology
[dna] air wrote 52 bytes to ecology
[dna] air wrote 28 bytes to ecology
[dna] air wrote 227 bytes to ecology
[dna] air wrote 59 bytes to ecology
[dna] air wrote 57 bytes to ecology
[dna] air wrote 49 bytes to ecology
[dna] air wrote 102 bytes to ecology
[dna] air wrote 148 bytes to ecology
[dna] air wrote 55 bytes to ecology
[dna] air wrote 47 bytes to ecology
[dna] air wrote 209 bytes to ecology
[dna] air wrote 82 bytes to ecology
[dna] air wrote 20 bytes to ecology
[dna] air wrote 93 bytes to ecology
[dna] air wrote 36 bytes to ecology
[dna] air wrote 55 bytes to ecology
[debug-onto] tick=500 corpus=143247 stage=2 freeze=0
[dna] air wrote 30 bytes to ecology
[dna] air wrote 77 bytes to ecology
[dna] air wrote 14 bytes to ecology
[dna] air wrote 38 bytes to ecology
[dna] air wrote 42 bytes to ecology
[dna] air wrote 42 bytes to ecology
[dna] air wrote 56 bytes to ecology
[dna] air wrote 82 bytes to ecology
[dna] air wrote 191 bytes to ecology
[dna] air wrote 96 bytes to ecology
[dna] air wrote 62 bytes to ecology
[dna] air wrote 70 bytes to ecology
[dna] air wrote 81 bytes to ecology
[dna] air wrote 136 bytes to ecology
[dna] air wrote 66 bytes to ecology
[dna] air wrote 145 bytes to ecology
[dna] air wrote 25 bytes to ecology
[dna] air wrote 120 bytes to ecology
[dna] air wrote 29 bytes to ecology
[dna] air wrote 289 bytes to ecology
[dna] air wrote 29 bytes to ecology
[dna] air wrote 80 bytes to ecology
[dna] air wrote 14 bytes to ecology
[dna] air wrote 42 bytes to ecology
[debug-onto] tick=550 corpus=143247 stage=2 freeze=0
[dna] air wrote 50 bytes to ecology
[dna] air wrote 121 bytes to ecology
[dna] air wrote 19 bytes to ecology
[dna] air wrote 99 bytes to ecology
[dna] air wrote 37 bytes to ecology
[dna] air wrote 47 bytes to ecology
[dna] air wrote 100 bytes to ecology
[dna] air wrote 141 bytes to ecology
[dna] air wrote 34 bytes to ecology
[dna] air wrote 70 bytes to ecology
[dna] air wrote 50 bytes to ecology
[dna] air wrote 36 bytes to ecology
[dna] air wrote 172 bytes to ecology
[dna] air wrote 65 bytes to ecology
[dna] air wrote 32 bytes to ecology
[dna] air wrote 74 bytes to ecology
[dna] air wrote 47 bytes to ecology
[dna] air wrote 163 bytes to ecology
[dna] air wrote 82 bytes to ecology
[dna] air wrote 24 bytes to ecology
[dna] air wrote 77 bytes to ecology
[dna] air wrote 159 bytes to ecology
[dna] air wrote 76 bytes to ecology
[dna] air wrote 63 bytes to ecology
[debug-onto] tick=600 corpus=143247 stage=2 freeze=0
[dna] air wrote 43 bytes to ecology
[dna] air wrote 21 bytes to ecology
[dna] air wrote 156 bytes to ecology
[dna] air wrote 199 bytes to ecology
[dna] air wrote 81 bytes to ecology
[dna] air wrote 32 bytes to ecology
[dna] air wrote 121 bytes to ecology
[dna] air wrote 18 bytes to ecology
[dna] air wrote 60 bytes to ecology
[dna] air wrote 72 bytes to ecology
[dna] air wrote 68 bytes to ecology
[dna] air wrote 73 bytes to ecology
[dna] air wrote 50 bytes to ecology
[dna] air wrote 48 bytes to ecology
[dna] air wrote 149 bytes to ecology
[dna] air wrote 93 bytes to ecology
[dna] air wrote 68 bytes to ecology
[dna] air wrote 73 bytes to ecology
[dna] air wrote 82 bytes to ecology
[dna] air wrote 46 bytes to ecology
[dna] air wrote 26 bytes to ecology
[dna] air wrote 33 bytes to ecology
[dna] air wrote 90 bytes to ecology
[dna] air wrote 33 bytes to ecology
[dna] air wrote 45 bytes to ecology
[dna] air wrote 34 bytes to ecology
[debug-onto] tick=650 corpus=143247 stage=2 freeze=0
[dna] air wrote 52 bytes to ecology
[dna] air wrote 109 bytes to ecology
[dna] air wrote 19 bytes to ecology
[dna] air wrote 34 bytes to ecology
[dna] air wrote 113 bytes to ecology
[dna] air wrote 97 bytes to ecology
[dna] air wrote 171 bytes to ecology
[dna] air wrote 66 bytes to ecology
[dna] air wrote 20 bytes to ecology
[dna] air wrote 31 bytes to ecology
[dna] air wrote 108 bytes to ecology
[dna] air wrote 62 bytes to ecology

[evolution] Organism shutting down gracefully.
