[ecology] Element: water → corpus: nonames_water.txt
[evolution] Autonomous evolution mode — organism will grow through all stages without pause.
[ecology] Joined swarm. 1 peer(s) detected.
molequla is alive. [evolution] Autonomous mode — background trainer running. Ctrl+C to stop.
[dna] water wrote 33 bytes to ecology
[dna] water consumed 25232 bytes from 334 files: [air/gen_1777185410_1.txt air/gen_1777185422_2.txt air/gen_1777185428_4.txt air/gen_1777185436_7.txt air/gen_1777185438_8.txt air/gen_1777185443_10.txt air/gen_1777185451_13.txt air/gen_1777185454_14.txt air/gen_1777185459_16.txt air/gen_1777185467_19.txt air/gen_1777185469_20.txt air/gen_1777185475_22.txt air/gen_1777185482_25.txt air/gen_1777185485_26.txt air/gen_1777185490_28.txt air/gen_1777185498_31.txt air/gen_1777185501_32.txt air/gen_1777185506_34.txt air/gen_1777185514_37.txt air/gen_1777185517_38.txt air/gen_1777185522_40.txt air/gen_1777185530_43.txt air/gen_1777185533_44.txt air/gen_1777185538_46.txt air/gen_1777185546_49.txt air/gen_1777185548_50.txt air/gen_1777185554_52.txt air/gen_1777185561_55.txt air/gen_1777185564_56.txt air/gen_1777185569_58.txt air/gen_1777185577_61.txt air/gen_1777185580_62.txt air/gen_1777185585_64.txt air/gen_1777185593_67.txt air/gen_1777185596_68.txt air/gen_1777185601_70.txt air/gen_1777185609_73.txt air/gen_1777185611_74.txt air/gen_1777185617_76.txt air/gen_1777185624_79.txt air/gen_1777185627_80.txt air/gen_1777185632_82.txt air/gen_1777185640_85.txt air/gen_1777185642_86.txt air/gen_1777185648_88.txt air/gen_1777185655_91.txt air/gen_1777185658_92.txt air/gen_1777185663_94.txt air/gen_1777185671_97.txt air/gen_1777185674_98.txt air/gen_1777185679_100.txt air/gen_1777185687_103.txt air/gen_1777185689_104.txt air/gen_1777185694_106.txt air/gen_1777185702_109.txt air/gen_1777185705_110.txt air/gen_1777185710_112.txt air/gen_1777185718_115.txt air/gen_1777185721_116.txt air/gen_1777185726_118.txt air/gen_1777185734_121.txt air/gen_1777185736_122.txt air/gen_1777185742_124.txt air/gen_1777185750_127.txt air/gen_1777185752_128.txt air/gen_1777185757_130.txt air/gen_1777185765_133.txt air/gen_1777185768_134.txt air/gen_1777185773_136.txt air/gen_1777185781_139.txt air/gen_1777185783_140.txt air/gen_1777185789_142.txt air/gen_1777185797_145.txt air/gen_1777185799_146.txt air/gen_1777185805_148.txt air/gen_1777185813_151.txt air/gen_1777185815_152.txt air/gen_1777185820_154.txt air/gen_1777185828_157.txt air/gen_1777185831_158.txt air/gen_1777185836_160.txt air/gen_1777185844_163.txt air/gen_1777185846_164.txt air/gen_1777185852_166.txt air/gen_1777185859_169.txt air/gen_1777185862_170.txt air/gen_1777185867_172.txt air/gen_1777185875_175.txt air/gen_1777185878_176.txt air/gen_1777185883_178.txt air/gen_1777185891_181.txt air/gen_1777185893_182.txt air/gen_1777185898_184.txt air/gen_1777185906_187.txt air/gen_1777185909_188.txt air/gen_1777185914_190.txt air/gen_1777185922_193.txt air/gen_1777185924_194.txt air/gen_1777185930_196.txt air/gen_1777185937_199.txt air/gen_1777185940_200.txt air/gen_1777185945_202.txt air/gen_1777185956_206.txt air/gen_1777185961_208.txt air/gen_1777185969_211.txt air/gen_1777185971_212.txt air/gen_1777185976_214.txt air/gen_1777185984_217.txt air/gen_1777185987_218.txt air/gen_1777185992_220.txt air/gen_1777186000_223.txt air/gen_1777186002_224.txt air/gen_1777186008_226.txt air/gen_1777186018_230.txt air/gen_1777186023_232.txt air/gen_1777186031_235.txt air/gen_1777186034_236.txt air/gen_1777186039_238.txt air/gen_1777186047_241.txt air/gen_1777186049_242.txt air/gen_1777186055_244.txt air/gen_1777186062_247.txt air/gen_1777186065_248.txt air/gen_1777186070_250.txt air/gen_1777186078_253.txt air/gen_1777186081_254.txt air/gen_1777186086_256.txt air/gen_1777186094_259.txt air/gen_1777186096_260.txt air/gen_1777186101_262.txt air/gen_1777186109_265.txt air/gen_1777186112_266.txt air/gen_1777186117_268.txt air/gen_1777186125_271.txt air/gen_1777186128_272.txt air/gen_1777186133_274.txt air/gen_1777186141_277.txt air/gen_1777186143_278.txt air/gen_1777186148_280.txt air/gen_1777186156_283.txt air/gen_1777186159_284.txt air/gen_1777186164_286.txt air/gen_1777186172_289.txt air/gen_1777186175_290.txt air/gen_1777186180_292.txt air/gen_1777186188_295.txt air/gen_1777186190_296.txt air/gen_1777186195_298.txt air/gen_1777186203_301.txt air/gen_1777186206_302.txt air/gen_1777186211_304.txt air/gen_1777186219_307.txt air/gen_1777186221_308.txt air/gen_1777186227_310.txt air/gen_1777186234_313.txt air/gen_1777186237_314.txt air/gen_1777186250_319.txt air/gen_1777186253_320.txt air/gen_1777186258_322.txt air/gen_1777186266_325.txt air/gen_1777186268_326.txt air/gen_1777186274_328.txt air/gen_1777186282_331.txt air/gen_1777186285_332.txt air/gen_1777186290_334.txt air/gen_1777186298_337.txt air/gen_1777186301_338.txt air/gen_1777186306_340.txt air/gen_1777186315_343.txt air/gen_1777186317_344.txt air/gen_1777186323_346.txt air/gen_1777186331_349.txt air/gen_1777186334_350.txt air/gen_1777186339_352.txt air/gen_1777186348_355.txt air/gen_1777186351_356.txt air/gen_1777186356_358.txt air/gen_1777186365_361.txt air/gen_1777186367_362.txt air/gen_1777186373_364.txt air/gen_1777186381_367.txt air/gen_1777186384_368.txt air/gen_1777186389_370.txt air/gen_1777186397_373.txt air/gen_1777186400_374.txt air/gen_1777186405_376.txt air/gen_1777186413_379.txt air/gen_1777186416_380.txt air/gen_1777186421_382.txt air/gen_1777186429_385.txt air/gen_1777186432_386.txt air/gen_1777186437_388.txt air/gen_1777186445_391.txt air/gen_1777186448_392.txt air/gen_1777186453_394.txt air/gen_1777186461_397.txt air/gen_1777186464_398.txt air/gen_1777186469_400.txt air/gen_1777186477_403.txt air/gen_1777186480_404.txt air/gen_1777186486_406.txt air/gen_1777186494_409.txt air/gen_1777186496_410.txt air/gen_1777186502_412.txt air/gen_1777186510_415.txt air/gen_1777186512_416.txt air/gen_1777186518_418.txt air/gen_1777186526_421.txt air/gen_1777186528_422.txt air/gen_1777186534_424.txt air/gen_1777186542_427.txt air/gen_1777186544_428.txt air/gen_1777186550_430.txt air/gen_1777186558_433.txt air/gen_1777186560_434.txt air/gen_1777186566_436.txt air/gen_1777186574_439.txt air/gen_1777186577_440.txt air/gen_1777186582_442.txt air/gen_1777186590_445.txt air/gen_1777186593_446.txt air/gen_1777186598_448.txt air/gen_1777186606_451.txt air/gen_1777186609_452.txt air/gen_1777186614_454.txt air/gen_1777186622_457.txt air/gen_1777186625_458.txt air/gen_1777186630_460.txt air/gen_1777186638_463.txt air/gen_1777186641_464.txt air/gen_1777186646_466.txt air/gen_1777186654_469.txt air/gen_1777186657_470.txt air/gen_1777186662_472.txt air/gen_1777186670_475.txt air/gen_1777186673_476.txt air/gen_1777186678_478.txt air/gen_1777186687_481.txt air/gen_1777186689_482.txt air/gen_1777186695_484.txt air/gen_1777186703_487.txt air/gen_1777186705_488.txt air/gen_1777186711_490.txt air/gen_1777186719_493.txt air/gen_1777186721_494.txt air/gen_1777186727_496.txt air/gen_1777186735_499.txt air/gen_1777186738_500.txt air/gen_1777186743_502.txt air/gen_1777186751_505.txt air/gen_1777186754_506.txt air/gen_1777186759_508.txt air/gen_1777186767_511.txt air/gen_1777186770_512.txt air/gen_1777186775_514.txt air/gen_1777186783_517.txt air/gen_1777186791_520.txt air/gen_1777186799_523.txt air/gen_1777186802_524.txt air/gen_1777186807_526.txt air/gen_1777186815_529.txt air/gen_1777186818_530.txt air/gen_1777186823_532.txt air/gen_1777186832_535.txt air/gen_1777186834_536.txt air/gen_1777186840_538.txt air/gen_1777186848_541.txt air/gen_1777186851_542.txt air/gen_1777186856_544.txt air/gen_1777186864_547.txt air/gen_1777186867_548.txt air/gen_1777186872_550.txt air/gen_1777186880_553.txt air/gen_1777186883_554.txt air/gen_1777186888_556.txt air/gen_1777186896_559.txt air/gen_1777186899_560.txt air/gen_1777186905_562.txt air/gen_1777186913_565.txt air/gen_1777186915_566.txt air/gen_1777186921_568.txt air/gen_1777186929_571.txt air/gen_1777186931_572.txt air/gen_1777186937_574.txt air/gen_1777186945_577.txt air/gen_1777186948_578.txt air/gen_1777186953_580.txt air/gen_1777186961_583.txt air/gen_1777186964_584.txt air/gen_1777186969_586.txt air/gen_1777186977_589.txt air/gen_1777186980_590.txt air/gen_1777186985_592.txt air/gen_1777186993_595.txt air/gen_1777186996_596.txt air/gen_1777187001_598.txt air/gen_1777187009_601.txt air/gen_1777187012_602.txt air/gen_1777187017_604.txt air/gen_1777187025_607.txt air/gen_1777187028_608.txt air/gen_1777187033_610.txt air/gen_1777187041_613.txt air/gen_1777187044_614.txt air/gen_1777187049_616.txt air/gen_1777187057_619.txt air/gen_1777187060_620.txt air/gen_1777187065_622.txt air/gen_1777187073_625.txt air/gen_1777187076_626.txt air/gen_1777187082_628.txt air/gen_1777187090_631.txt air/gen_1777187092_632.txt air/gen_1777187098_634.txt air/gen_1777187106_637.txt air/gen_1777187108_638.txt air/gen_1777187114_640.txt air/gen_1777187122_643.txt air/gen_1777187124_644.txt air/gen_1777187130_646.txt air/gen_1777187138_649.txt air/gen_1777187140_650.txt air/gen_1777187146_652.txt air/gen_1777187154_655.txt air/gen_1777187157_656.txt air/gen_1777187162_658.txt air/gen_1777187171_661.txt air/gen_1777187173_662.txt air/gen_1777187179_664.txt air/gen_1777187187_667.txt air/gen_1777187190_668.txt air/gen_1777187195_670.txt air/gen_1777187203_673.txt air/gen_1777187206_674.txt]
[trainer] micro-train burst (25232 bytes, novelty 0.03) — and lo, it feeds again.
[syntropy] action=explore | trend=0.0000 | field_dev=-0.039 | purpose_align=-0.178 | lr_mul=1.30
[aml] burst complete: 32 steps, avg loss 1.6478 (memory freed)
[dna] water wrote 65 bytes to ecology
[dna] water wrote 61 bytes to ecology
[dna] water wrote 86 bytes to ecology
[dna] water wrote 22 bytes to ecology
[dna] water wrote 42 bytes to ecology
[dna] water wrote 43 bytes to ecology
[dna] water wrote 27 bytes to ecology
[dna] water wrote 28 bytes to ecology
[dna] water wrote 105 bytes to ecology
[dna] water wrote 30 bytes to ecology
[dna] water wrote 51 bytes to ecology
[dna] water wrote 116 bytes to ecology
[dna] water wrote 31 bytes to ecology
[dna] water wrote 30 bytes to ecology
[dna] water wrote 19 bytes to ecology
[dna] water wrote 71 bytes to ecology
[dna] water wrote 29 bytes to ecology
[dna] water wrote 21 bytes to ecology
[dna] water wrote 23 bytes to ecology
[dna] water wrote 20 bytes to ecology
[dna] water wrote 55 bytes to ecology
[dna] water wrote 71 bytes to ecology
[dna] water wrote 47 bytes to ecology
[dna] water wrote 50 bytes to ecology
[dna] water wrote 25 bytes to ecology
[dna] water wrote 155 bytes to ecology
[dna] water wrote 78 bytes to ecology
[dna] water wrote 43 bytes to ecology
[dna] water wrote 38 bytes to ecology
[dna] water wrote 35 bytes to ecology
[debug-onto] tick=50 corpus=151263 stage=2 freeze=0
[dna] water wrote 72 bytes to ecology
[dna] water wrote 44 bytes to ecology
[dna] water wrote 82 bytes to ecology
[dna] water wrote 55 bytes to ecology
[dna] water wrote 23 bytes to ecology
[dna] water wrote 41 bytes to ecology
[dna] water wrote 74 bytes to ecology
[dna] water wrote 31 bytes to ecology
[dna] water wrote 23 bytes to ecology
[dna] water wrote 45 bytes to ecology
[dna] water wrote 52 bytes to ecology
[dna] water wrote 78 bytes to ecology
[dna] water wrote 24 bytes to ecology
[dna] water wrote 54 bytes to ecology
[dna] water wrote 40 bytes to ecology
[dna] water wrote 46 bytes to ecology
[dna] water wrote 116 bytes to ecology
[dna] water wrote 60 bytes to ecology
[dna] water wrote 70 bytes to ecology
[dna] water wrote 143 bytes to ecology
[dna] water wrote 59 bytes to ecology
[dna] water wrote 103 bytes to ecology
[dna] water wrote 50 bytes to ecology
[dna] water wrote 28 bytes to ecology
[dna] water wrote 25 bytes to ecology
[dna] water wrote 57 bytes to ecology
[dna] water wrote 42 bytes to ecology
[debug-onto] tick=100 corpus=151263 stage=2 freeze=0
[dna] water wrote 32 bytes to ecology
[dna] water wrote 80 bytes to ecology
[dna] water wrote 73 bytes to ecology
[dna] water wrote 10 bytes to ecology
[dna] water wrote 88 bytes to ecology
[dna] water wrote 105 bytes to ecology
[dna] water wrote 17 bytes to ecology
[dna] water wrote 52 bytes to ecology
[dna] water wrote 68 bytes to ecology
[dna] water wrote 37 bytes to ecology
[dna] water wrote 29 bytes to ecology
[dna] water wrote 21 bytes to ecology
[dna] water wrote 26 bytes to ecology
[dna] water wrote 41 bytes to ecology
[dna] water wrote 41 bytes to ecology
[dna] water wrote 47 bytes to ecology
[dna] water wrote 27 bytes to ecology
[dna] water wrote 51 bytes to ecology
[dna] water wrote 11 bytes to ecology
[dna] water wrote 36 bytes to ecology
[dna] water wrote 88 bytes to ecology
[dna] water wrote 12 bytes to ecology
[dna] water wrote 73 bytes to ecology
[dna] water wrote 37 bytes to ecology
[dna] water wrote 59 bytes to ecology
[dna] water wrote 9 bytes to ecology
[dna] water wrote 113 bytes to ecology
[dna] water wrote 39 bytes to ecology
[dna] water wrote 97 bytes to ecology
[dna] water wrote 64 bytes to ecology
[dna] water wrote 29 bytes to ecology
[debug-onto] tick=150 corpus=151263 stage=2 freeze=0
[dna] water wrote 39 bytes to ecology
[dna] water wrote 103 bytes to ecology
[dna] water wrote 59 bytes to ecology
[dna] water wrote 42 bytes to ecology
[dna] water wrote 77 bytes to ecology
[dna] water wrote 44 bytes to ecology
[dna] water wrote 180 bytes to ecology
[dna] water wrote 48 bytes to ecology
[dna] water wrote 13 bytes to ecology
[dna] water wrote 59 bytes to ecology
[dna] water wrote 42 bytes to ecology
[dna] water wrote 20 bytes to ecology
[dna] water wrote 67 bytes to ecology
[dna] water wrote 50 bytes to ecology
[dna] water wrote 34 bytes to ecology
[dna] water wrote 42 bytes to ecology
[dna] water wrote 123 bytes to ecology
[dna] water wrote 52 bytes to ecology
[dna] water wrote 53 bytes to ecology
[dna] water wrote 14 bytes to ecology
[dna] water wrote 52 bytes to ecology
[dna] water wrote 74 bytes to ecology
[dna] water wrote 33 bytes to ecology
[dna] water wrote 25 bytes to ecology
[dna] water wrote 34 bytes to ecology
[dna] water wrote 11 bytes to ecology
[dna] water wrote 43 bytes to ecology
[dna] water wrote 16 bytes to ecology
[dna] water wrote 12 bytes to ecology
[dna] water wrote 13 bytes to ecology
[dna] water wrote 34 bytes to ecology
[debug-onto] tick=200 corpus=151263 stage=2 freeze=0
[dna] water wrote 20 bytes to ecology
[dna] water wrote 8 bytes to ecology
[dna] water wrote 150 bytes to ecology
[dna] water wrote 54 bytes to ecology
[dna] water wrote 28 bytes to ecology
[dna] water wrote 58 bytes to ecology
[dna] water wrote 164 bytes to ecology
[dna] water wrote 20 bytes to ecology
[dna] water wrote 96 bytes to ecology
[dna] water wrote 45 bytes to ecology
[dna] water wrote 30 bytes to ecology
[dna] water wrote 126 bytes to ecology
[dna] water wrote 53 bytes to ecology
[dna] water wrote 33 bytes to ecology
[dna] water wrote 85 bytes to ecology
[dna] water wrote 195 bytes to ecology
[dna] water wrote 42 bytes to ecology
[dna] water wrote 69 bytes to ecology
[dna] water wrote 23 bytes to ecology
[dna] water wrote 90 bytes to ecology
[dna] water wrote 24 bytes to ecology
[dna] water wrote 34 bytes to ecology
[dna] water wrote 148 bytes to ecology
[dna] water wrote 33 bytes to ecology
[dna] water wrote 75 bytes to ecology
[dna] water wrote 39 bytes to ecology
[dna] water wrote 78 bytes to ecology
[dna] water wrote 181 bytes to ecology
[dna] water wrote 20 bytes to ecology
[dna] water wrote 50 bytes to ecology
[dna] water wrote 26 bytes to ecology
[debug-onto] tick=250 corpus=151263 stage=2 freeze=0
[dna] water wrote 88 bytes to ecology
[dna] water wrote 60 bytes to ecology
[dna] water wrote 22 bytes to ecology
[dna] water wrote 82 bytes to ecology
[dna] water wrote 26 bytes to ecology
[dna] water wrote 51 bytes to ecology
[dna] water wrote 53 bytes to ecology
[dna] water wrote 131 bytes to ecology
[dna] water wrote 40 bytes to ecology
[dna] water wrote 39 bytes to ecology
[dna] water wrote 30 bytes to ecology
[dna] water wrote 45 bytes to ecology
[dna] water wrote 19 bytes to ecology
[dna] water wrote 107 bytes to ecology
[dna] water wrote 36 bytes to ecology
[dna] water wrote 35 bytes to ecology
[dna] water wrote 90 bytes to ecology
[dna] water wrote 67 bytes to ecology
[dna] water wrote 9 bytes to ecology
[dna] water wrote 115 bytes to ecology
[dna] water wrote 43 bytes to ecology
[dna] water wrote 30 bytes to ecology
[dna] water wrote 46 bytes to ecology
[dna] water wrote 41 bytes to ecology
[dna] water wrote 30 bytes to ecology
[dna] water wrote 127 bytes to ecology
[dna] water wrote 105 bytes to ecology
[dna] water wrote 55 bytes to ecology
[dna] water wrote 48 bytes to ecology
[dna] water wrote 57 bytes to ecology
[dna] water wrote 32 bytes to ecology
[dna] water wrote 132 bytes to ecology
[debug-onto] tick=300 corpus=151263 stage=2 freeze=0
[dna] water wrote 47 bytes to ecology
[dna] water wrote 66 bytes to ecology
[dna] water wrote 115 bytes to ecology
[dna] water wrote 34 bytes to ecology
[dna] water wrote 32 bytes to ecology
[dna] water wrote 71 bytes to ecology
[dna] water wrote 52 bytes to ecology
[dna] water wrote 100 bytes to ecology
[dna] water wrote 107 bytes to ecology
[dna] water wrote 67 bytes to ecology
[dna] water wrote 54 bytes to ecology
[dna] water wrote 58 bytes to ecology
[dna] water wrote 44 bytes to ecology
[dna] water wrote 15 bytes to ecology
[dna] water wrote 57 bytes to ecology
[dna] water wrote 48 bytes to ecology
[dna] water wrote 138 bytes to ecology
[dna] water wrote 16 bytes to ecology
[dna] water wrote 37 bytes to ecology
[dna] water wrote 21 bytes to ecology
[dna] water wrote 28 bytes to ecology
[dna] water wrote 112 bytes to ecology
[dna] water wrote 36 bytes to ecology
[dna] water wrote 133 bytes to ecology
[dna] water wrote 39 bytes to ecology
[dna] water wrote 56 bytes to ecology
[dna] water wrote 97 bytes to ecology
[dna] water wrote 23 bytes to ecology
[debug-onto] tick=350 corpus=151263 stage=2 freeze=0
[dna] water wrote 115 bytes to ecology
[dna] water wrote 44 bytes to ecology
[dna] water wrote 37 bytes to ecology
[dna] water wrote 37 bytes to ecology
[dna] water wrote 119 bytes to ecology
[dna] water wrote 46 bytes to ecology
[dna] water wrote 230 bytes to ecology
[dna] water wrote 37 bytes to ecology
[dna] water wrote 23 bytes to ecology
[dna] water wrote 85 bytes to ecology
[dna] water wrote 31 bytes to ecology
[dna] water wrote 56 bytes to ecology
[dna] water wrote 56 bytes to ecology
[dna] water wrote 32 bytes to ecology
[dna] water wrote 19 bytes to ecology
[dna] water wrote 38 bytes to ecology
[dna] water wrote 33 bytes to ecology
[dna] water wrote 54 bytes to ecology
[dna] water wrote 165 bytes to ecology
[dna] water wrote 25 bytes to ecology
[dna] water wrote 38 bytes to ecology
[dna] water wrote 32 bytes to ecology
[dna] water wrote 63 bytes to ecology
[dna] water wrote 61 bytes to ecology
[dna] water wrote 28 bytes to ecology
[dna] water wrote 71 bytes to ecology
[dna] water wrote 71 bytes to ecology
[dna] water wrote 124 bytes to ecology
[dna] water wrote 104 bytes to ecology
[dna] water wrote 98 bytes to ecology
[dna] water wrote 31 bytes to ecology
[dna] water wrote 56 bytes to ecology
[debug-onto] tick=400 corpus=151263 stage=2 freeze=0
[dna] water wrote 49 bytes to ecology
[dna] water wrote 10 bytes to ecology
[dna] water wrote 55 bytes to ecology
[dna] water wrote 108 bytes to ecology
[dna] water wrote 71 bytes to ecology
[dna] water wrote 49 bytes to ecology
[dna] water wrote 73 bytes to ecology
[dna] water wrote 40 bytes to ecology
[dna] water wrote 59 bytes to ecology
[dna] water wrote 31 bytes to ecology
[dna] water wrote 41 bytes to ecology
[dna] water wrote 91 bytes to ecology
[dna] water wrote 9 bytes to ecology
[dna] water wrote 24 bytes to ecology
[dna] water wrote 145 bytes to ecology
[dna] water wrote 40 bytes to ecology
[dna] water wrote 22 bytes to ecology
[dna] water wrote 30 bytes to ecology
[dna] water wrote 11 bytes to ecology
[dna] water wrote 124 bytes to ecology
[dna] water wrote 37 bytes to ecology
[dna] water wrote 88 bytes to ecology
[dna] water wrote 41 bytes to ecology
[dna] water wrote 80 bytes to ecology
[dna] water wrote 26 bytes to ecology
[dna] water wrote 43 bytes to ecology
[dna] water wrote 60 bytes to ecology
[dna] water wrote 67 bytes to ecology
[dna] water wrote 90 bytes to ecology
[dna] water wrote 42 bytes to ecology
[dna] water wrote 89 bytes to ecology
[dna] water wrote 29 bytes to ecology
[debug-onto] tick=450 corpus=151263 stage=2 freeze=0
[dna] water wrote 34 bytes to ecology
[dna] water wrote 25 bytes to ecology
[dna] water wrote 70 bytes to ecology
[dna] water wrote 57 bytes to ecology
[dna] water wrote 50 bytes to ecology
[dna] water wrote 117 bytes to ecology
[dna] water wrote 42 bytes to ecology
[dna] water wrote 85 bytes to ecology
[dna] water wrote 78 bytes to ecology
[dna] water wrote 34 bytes to ecology
[dna] water wrote 39 bytes to ecology
[dna] water wrote 107 bytes to ecology
[dna] water wrote 31 bytes to ecology
[dna] water wrote 27 bytes to ecology
[dna] water wrote 36 bytes to ecology
[dna] water wrote 23 bytes to ecology
[dna] water wrote 27 bytes to ecology
[dna] water wrote 61 bytes to ecology
[dna] water wrote 73 bytes to ecology
[dna] water wrote 94 bytes to ecology
[dna] water wrote 32 bytes to ecology
[dna] water wrote 30 bytes to ecology
[dna] water wrote 15 bytes to ecology
[dna] water wrote 62 bytes to ecology
[dna] water wrote 33 bytes to ecology
[dna] water wrote 74 bytes to ecology
[dna] water wrote 36 bytes to ecology
[dna] water wrote 56 bytes to ecology
[dna] water wrote 51 bytes to ecology
[debug-onto] tick=500 corpus=151263 stage=2 freeze=0
[dna] water wrote 41 bytes to ecology
[dna] water wrote 43 bytes to ecology
[dna] water wrote 81 bytes to ecology
[dna] water wrote 106 bytes to ecology
[dna] water wrote 39 bytes to ecology
[dna] water wrote 47 bytes to ecology
[dna] water wrote 39 bytes to ecology
[dna] water wrote 29 bytes to ecology
[dna] water wrote 27 bytes to ecology
[dna] water wrote 46 bytes to ecology
[dna] water wrote 215 bytes to ecology
[dna] water wrote 115 bytes to ecology
[dna] water wrote 107 bytes to ecology
[dna] water wrote 30 bytes to ecology
[dna] water wrote 35 bytes to ecology
[dna] water wrote 48 bytes to ecology
[dna] water wrote 102 bytes to ecology
[dna] water wrote 27 bytes to ecology
[dna] water wrote 128 bytes to ecology
[dna] water wrote 127 bytes to ecology
[dna] water wrote 23 bytes to ecology
[dna] water wrote 119 bytes to ecology
[dna] water wrote 48 bytes to ecology
[dna] water wrote 34 bytes to ecology
[dna] water wrote 191 bytes to ecology
[dna] water wrote 76 bytes to ecology
[dna] water wrote 143 bytes to ecology
[dna] water wrote 46 bytes to ecology
[dna] water wrote 51 bytes to ecology
[dna] water wrote 16 bytes to ecology
[dna] water wrote 123 bytes to ecology
[debug-onto] tick=550 corpus=151263 stage=2 freeze=0
[dna] water wrote 12 bytes to ecology
[dna] water wrote 60 bytes to ecology
[dna] water wrote 78 bytes to ecology
[dna] water wrote 57 bytes to ecology
[dna] water wrote 25 bytes to ecology
[dna] water wrote 42 bytes to ecology
[dna] water wrote 99 bytes to ecology
[dna] water wrote 41 bytes to ecology
[dna] water wrote 80 bytes to ecology
[dna] water wrote 46 bytes to ecology
[dna] water wrote 51 bytes to ecology
[dna] water wrote 102 bytes to ecology
[dna] water wrote 71 bytes to ecology
[dna] water wrote 99 bytes to ecology
[dna] water wrote 37 bytes to ecology
[dna] water wrote 23 bytes to ecology
[dna] water wrote 16 bytes to ecology
[dna] water wrote 137 bytes to ecology
[dna] water wrote 78 bytes to ecology
[dna] water wrote 78 bytes to ecology
[dna] water wrote 78 bytes to ecology
[dna] water wrote 39 bytes to ecology
[dna] water wrote 61 bytes to ecology
[dna] water wrote 41 bytes to ecology
[dna] water wrote 11 bytes to ecology
[dna] water wrote 55 bytes to ecology
[dna] water wrote 41 bytes to ecology
[dna] water wrote 89 bytes to ecology
[dna] water wrote 22 bytes to ecology
[debug-onto] tick=600 corpus=151263 stage=2 freeze=0
[dna] water wrote 49 bytes to ecology
[dna] water wrote 13 bytes to ecology
[dna] water wrote 23 bytes to ecology
[dna] water wrote 42 bytes to ecology

[evolution] Organism shutting down gracefully.
