[ecology] Element: air → corpus: nonames_air.txt
[evolution] Autonomous evolution mode — organism will grow through all stages without pause.
[ecology] Joined swarm. 1 peer(s) detected.
molequla is alive. [evolution] Autonomous mode — background trainer running. Ctrl+C to stop.
[dna] air wrote 145 bytes to ecology
[dna] air consumed 18007 bytes from 223 files: [earth/gen_1777357768_1.txt earth/gen_1777357776_4.txt earth/gen_1777357784_7.txt earth/gen_1777357791_10.txt earth/gen_1777357799_13.txt earth/gen_1777357807_16.txt earth/gen_1777357814_19.txt earth/gen_1777357822_22.txt earth/gen_1777357829_25.txt earth/gen_1777357837_28.txt earth/gen_1777357845_31.txt earth/gen_1777357852_34.txt earth/gen_1777357860_37.txt earth/gen_1777357867_40.txt earth/gen_1777357875_43.txt earth/gen_1777357883_46.txt earth/gen_1777357891_49.txt earth/gen_1777357898_52.txt earth/gen_1777357906_55.txt earth/gen_1777357914_58.txt earth/gen_1777357922_61.txt earth/gen_1777357930_64.txt earth/gen_1777357938_67.txt earth/gen_1777357946_70.txt earth/gen_1777357954_73.txt earth/gen_1777357961_76.txt earth/gen_1777357969_79.txt earth/gen_1777357977_82.txt earth/gen_1777357985_85.txt earth/gen_1777357993_88.txt earth/gen_1777358001_91.txt earth/gen_1777358009_94.txt earth/gen_1777358017_97.txt earth/gen_1777358024_100.txt earth/gen_1777358032_103.txt earth/gen_1777358040_106.txt earth/gen_1777358048_109.txt earth/gen_1777358056_112.txt earth/gen_1777358063_115.txt earth/gen_1777358071_118.txt earth/gen_1777358079_121.txt earth/gen_1777358087_124.txt earth/gen_1777358095_127.txt earth/gen_1777358103_130.txt earth/gen_1777358111_133.txt earth/gen_1777358119_136.txt earth/gen_1777358126_139.txt earth/gen_1777358134_142.txt earth/gen_1777358142_145.txt earth/gen_1777358150_148.txt earth/gen_1777358158_151.txt earth/gen_1777358166_154.txt earth/gen_1777358173_157.txt earth/gen_1777358181_160.txt earth/gen_1777358189_163.txt earth/gen_1777358197_166.txt earth/gen_1777358205_169.txt earth/gen_1777358213_172.txt earth/gen_1777358221_175.txt earth/gen_1777358229_178.txt earth/gen_1777358237_181.txt earth/gen_1777358245_184.txt earth/gen_1777358252_187.txt earth/gen_1777358260_190.txt earth/gen_1777358268_193.txt earth/gen_1777358276_196.txt earth/gen_1777358284_199.txt earth/gen_1777358292_202.txt earth/gen_1777358300_205.txt earth/gen_1777358308_208.txt earth/gen_1777358316_211.txt earth/gen_1777358324_214.txt earth/gen_1777358332_217.txt earth/gen_1777358340_220.txt earth/gen_1777358349_223.txt earth/gen_1777358357_226.txt earth/gen_1777358365_229.txt earth/gen_1777358373_232.txt earth/gen_1777358381_235.txt earth/gen_1777358389_238.txt earth/gen_1777358397_241.txt earth/gen_1777358405_244.txt earth/gen_1777358413_247.txt earth/gen_1777358421_250.txt earth/gen_1777358429_253.txt earth/gen_1777358437_256.txt earth/gen_1777358445_259.txt earth/gen_1777358453_262.txt earth/gen_1777358461_265.txt earth/gen_1777358469_268.txt earth/gen_1777358477_271.txt earth/gen_1777358485_274.txt earth/gen_1777358493_277.txt earth/gen_1777358501_280.txt earth/gen_1777358509_283.txt earth/gen_1777358517_286.txt earth/gen_1777358525_289.txt earth/gen_1777358533_292.txt earth/gen_1777358549_298.txt earth/gen_1777358557_301.txt earth/gen_1777358565_304.txt earth/gen_1777358573_307.txt earth/gen_1777358581_310.txt earth/gen_1777358589_313.txt earth/gen_1777358597_316.txt earth/gen_1777358605_319.txt earth/gen_1777358613_322.txt earth/gen_1777358620_325.txt earth/gen_1777358628_328.txt earth/gen_1777358636_331.txt earth/gen_1777358644_334.txt earth/gen_1777358652_337.txt earth/gen_1777358660_340.txt earth/gen_1777358668_343.txt earth/gen_1777358676_346.txt earth/gen_1777358684_349.txt earth/gen_1777358692_352.txt earth/gen_1777358700_355.txt earth/gen_1777358708_358.txt earth/gen_1777358716_361.txt earth/gen_1777358723_364.txt earth/gen_1777358731_367.txt earth/gen_1777358739_370.txt earth/gen_1777358747_373.txt earth/gen_1777358755_376.txt earth/gen_1777358762_379.txt earth/gen_1777358778_385.txt earth/gen_1777358786_388.txt earth/gen_1777358793_391.txt earth/gen_1777358801_394.txt earth/gen_1777358809_397.txt earth/gen_1777358816_400.txt earth/gen_1777358824_403.txt earth/gen_1777358832_406.txt earth/gen_1777358840_409.txt earth/gen_1777358848_412.txt earth/gen_1777358856_415.txt earth/gen_1777358864_418.txt earth/gen_1777358872_421.txt earth/gen_1777358880_424.txt earth/gen_1777358888_427.txt earth/gen_1777358896_430.txt earth/gen_1777358904_433.txt earth/gen_1777358912_436.txt earth/gen_1777358919_439.txt earth/gen_1777358927_442.txt earth/gen_1777358935_445.txt earth/gen_1777358943_448.txt earth/gen_1777358951_451.txt earth/gen_1777358958_454.txt earth/gen_1777358966_457.txt earth/gen_1777358973_460.txt earth/gen_1777358981_463.txt earth/gen_1777358988_466.txt earth/gen_1777358996_469.txt earth/gen_1777359004_472.txt earth/gen_1777359011_475.txt earth/gen_1777359019_478.txt earth/gen_1777359027_481.txt earth/gen_1777359035_484.txt earth/gen_1777359042_487.txt earth/gen_1777359050_490.txt earth/gen_1777359057_493.txt earth/gen_1777359065_496.txt earth/gen_1777359073_499.txt earth/gen_1777359080_502.txt earth/gen_1777359088_505.txt earth/gen_1777359096_508.txt earth/gen_1777359104_511.txt earth/gen_1777359111_514.txt earth/gen_1777359119_517.txt earth/gen_1777359127_520.txt earth/gen_1777359135_523.txt earth/gen_1777359142_526.txt earth/gen_1777359150_529.txt earth/gen_1777359158_532.txt earth/gen_1777359165_535.txt earth/gen_1777359173_538.txt earth/gen_1777359181_541.txt earth/gen_1777359189_544.txt earth/gen_1777359196_547.txt earth/gen_1777359204_550.txt earth/gen_1777359212_553.txt earth/gen_1777359220_556.txt earth/gen_1777359228_559.txt earth/gen_1777359235_562.txt earth/gen_1777359243_565.txt earth/gen_1777359251_568.txt earth/gen_1777359259_571.txt earth/gen_1777359267_574.txt earth/gen_1777359275_577.txt earth/gen_1777359282_580.txt earth/gen_1777359290_583.txt earth/gen_1777359298_586.txt earth/gen_1777359306_589.txt earth/gen_1777359314_592.txt earth/gen_1777359322_595.txt earth/gen_1777359329_598.txt earth/gen_1777359337_601.txt earth/gen_1777359345_604.txt earth/gen_1777359353_607.txt earth/gen_1777359361_610.txt earth/gen_1777359369_613.txt earth/gen_1777359377_616.txt earth/gen_1777359385_619.txt earth/gen_1777359393_622.txt earth/gen_1777359401_625.txt earth/gen_1777359409_628.txt earth/gen_1777359417_631.txt earth/gen_1777359425_634.txt earth/gen_1777359432_637.txt earth/gen_1777359440_640.txt earth/gen_1777359448_643.txt earth/gen_1777359457_646.txt earth/gen_1777359465_649.txt earth/gen_1777359473_652.txt earth/gen_1777359481_655.txt earth/gen_1777359489_658.txt earth/gen_1777359497_661.txt earth/gen_1777359505_664.txt earth/gen_1777359514_667.txt earth/gen_1777359522_670.txt earth/gen_1777359530_673.txt]
[trainer] micro-train burst (18007 bytes, novelty 0.04) — and lo, it feeds again.
[syntropy] action=steady | trend=0.0000 | field_dev=0.154 | purpose_align=-0.101 | lr_mul=1.00
[aml] burst complete: 32 steps, avg loss 2.3959 (memory freed)
[dna] air wrote 56 bytes to ecology
[dna] air wrote 45 bytes to ecology
[dna] air wrote 118 bytes to ecology
[dna] air wrote 29 bytes to ecology
[dna] air wrote 44 bytes to ecology
[dna] air wrote 230 bytes to ecology
[dna] air wrote 33 bytes to ecology
[dna] air wrote 113 bytes to ecology
[dna] air wrote 170 bytes to ecology
[dna] air wrote 120 bytes to ecology
[dna] air wrote 104 bytes to ecology
[dna] air wrote 83 bytes to ecology
[dna] air wrote 77 bytes to ecology
[dna] air wrote 164 bytes to ecology
[dna] air wrote 36 bytes to ecology
[dna] air wrote 130 bytes to ecology
[debug-onto] tick=50 corpus=140546 stage=2 freeze=0
[dna] air wrote 74 bytes to ecology
[dna] air wrote 159 bytes to ecology
[dna] air wrote 55 bytes to ecology
[dna] air wrote 91 bytes to ecology
[dna] air wrote 116 bytes to ecology
[dna] air wrote 176 bytes to ecology
[dna] air wrote 43 bytes to ecology
[dna] air wrote 38 bytes to ecology
[dna] air wrote 20 bytes to ecology
[dna] air wrote 36 bytes to ecology
[dna] air wrote 114 bytes to ecology
[dna] air wrote 72 bytes to ecology
[dna] air wrote 49 bytes to ecology
[dna] air wrote 71 bytes to ecology
[dna] air wrote 236 bytes to ecology
[dna] air wrote 31 bytes to ecology
[dna] air wrote 48 bytes to ecology
[debug-onto] tick=100 corpus=140546 stage=2 freeze=0
[dna] air wrote 24 bytes to ecology
[dna] air wrote 172 bytes to ecology
[dna] air wrote 40 bytes to ecology
[dna] air wrote 53 bytes to ecology
[dna] air wrote 71 bytes to ecology
[dna] air wrote 30 bytes to ecology
[dna] air wrote 53 bytes to ecology
[dna] air wrote 30 bytes to ecology
[dna] air wrote 53 bytes to ecology
[dna] air wrote 43 bytes to ecology
[dna] air wrote 84 bytes to ecology
[dna] air wrote 94 bytes to ecology
[dna] air wrote 37 bytes to ecology
[dna] air wrote 66 bytes to ecology
[dna] air wrote 49 bytes to ecology
[dna] air wrote 85 bytes to ecology
[debug-onto] tick=150 corpus=140546 stage=2 freeze=0
[dna] air wrote 126 bytes to ecology
[dna] air wrote 72 bytes to ecology
[dna] air wrote 43 bytes to ecology
[dna] air wrote 101 bytes to ecology
[dna] air wrote 31 bytes to ecology
[dna] air wrote 128 bytes to ecology
[dna] air wrote 45 bytes to ecology
[dna] air wrote 186 bytes to ecology
[dna] air wrote 51 bytes to ecology
[dna] air wrote 51 bytes to ecology
[dna] air wrote 7 bytes to ecology
[dna] air wrote 41 bytes to ecology
[dna] air wrote 70 bytes to ecology
[dna] air wrote 81 bytes to ecology
[dna] air wrote 32 bytes to ecology
[dna] air wrote 68 bytes to ecology
[dna] air wrote 111 bytes to ecology
[debug-onto] tick=200 corpus=140546 stage=2 freeze=0
[dna] air wrote 97 bytes to ecology
[dna] air wrote 32 bytes to ecology
[dna] air wrote 34 bytes to ecology
[dna] air wrote 134 bytes to ecology
[dna] air wrote 64 bytes to ecology
[dna] air wrote 37 bytes to ecology
[dna] air wrote 136 bytes to ecology
[dna] air wrote 52 bytes to ecology
[dna] air wrote 86 bytes to ecology
[dna] air wrote 35 bytes to ecology
[dna] air wrote 41 bytes to ecology
[dna] air wrote 107 bytes to ecology
[dna] air wrote 50 bytes to ecology
[dna] air wrote 126 bytes to ecology
[dna] air wrote 49 bytes to ecology
[dna] air wrote 44 bytes to ecology
[dna] air wrote 55 bytes to ecology
[debug-onto] tick=250 corpus=140546 stage=2 freeze=0
[dna] air wrote 126 bytes to ecology
[dna] air wrote 189 bytes to ecology
[dna] air wrote 29 bytes to ecology
[dna] air wrote 93 bytes to ecology
[dna] air wrote 19 bytes to ecology
[dna] air wrote 69 bytes to ecology
[dna] air wrote 51 bytes to ecology
[dna] air wrote 57 bytes to ecology
[dna] air wrote 104 bytes to ecology
[dna] air wrote 42 bytes to ecology
[dna] air wrote 96 bytes to ecology
[dna] air wrote 15 bytes to ecology
[dna] air wrote 45 bytes to ecology
[dna] air wrote 46 bytes to ecology
[dna] air wrote 36 bytes to ecology
[dna] air wrote 24 bytes to ecology
[debug-onto] tick=300 corpus=140546 stage=2 freeze=0
[dna] air wrote 82 bytes to ecology
[dna] air wrote 46 bytes to ecology
[dna] air wrote 87 bytes to ecology
[dna] air wrote 54 bytes to ecology
[dna] air wrote 64 bytes to ecology
[dna] air wrote 78 bytes to ecology
[dna] air wrote 53 bytes to ecology
[dna] air wrote 48 bytes to ecology
[dna] air wrote 72 bytes to ecology
[dna] air wrote 34 bytes to ecology
[dna] air wrote 38 bytes to ecology
[dna] air wrote 81 bytes to ecology
[dna] air wrote 144 bytes to ecology
[dna] air wrote 47 bytes to ecology
[dna] air wrote 73 bytes to ecology
[dna] air wrote 69 bytes to ecology
[dna] air wrote 72 bytes to ecology
[debug-onto] tick=350 corpus=140546 stage=2 freeze=0
[dna] air wrote 68 bytes to ecology
[dna] air wrote 44 bytes to ecology
[dna] air wrote 170 bytes to ecology
[dna] air wrote 59 bytes to ecology
[dna] air wrote 104 bytes to ecology
[dna] air wrote 122 bytes to ecology
[dna] air wrote 143 bytes to ecology
[dna] air wrote 53 bytes to ecology
[dna] air wrote 36 bytes to ecology
[dna] air wrote 91 bytes to ecology
[dna] air wrote 44 bytes to ecology
[dna] air wrote 10 bytes to ecology
[dna] air wrote 19 bytes to ecology
[dna] air wrote 22 bytes to ecology
[dna] air wrote 118 bytes to ecology
[dna] air wrote 89 bytes to ecology
[dna] air wrote 36 bytes to ecology
[debug-onto] tick=400 corpus=140546 stage=2 freeze=0
[dna] air wrote 49 bytes to ecology
[dna] air wrote 104 bytes to ecology
[dna] air wrote 54 bytes to ecology
[dna] air wrote 138 bytes to ecology
[dna] air wrote 108 bytes to ecology
[dna] air wrote 13 bytes to ecology
[dna] air wrote 62 bytes to ecology
[dna] air wrote 41 bytes to ecology
[dna] air wrote 90 bytes to ecology
[dna] air wrote 43 bytes to ecology
[dna] air wrote 28 bytes to ecology
[dna] air wrote 215 bytes to ecology
[dna] air wrote 33 bytes to ecology
[dna] air wrote 269 bytes to ecology
[dna] air wrote 23 bytes to ecology
[dna] air wrote 57 bytes to ecology
[debug-onto] tick=450 corpus=140546 stage=2 freeze=0
[dna] air wrote 100 bytes to ecology
[dna] air wrote 57 bytes to ecology
[dna] air wrote 46 bytes to ecology
[dna] air wrote 109 bytes to ecology
[dna] air wrote 81 bytes to ecology
[dna] air wrote 15 bytes to ecology
[dna] air wrote 70 bytes to ecology
[dna] air wrote 33 bytes to ecology
[dna] air wrote 17 bytes to ecology
[dna] air wrote 16 bytes to ecology
[dna] air wrote 13 bytes to ecology
[dna] air wrote 111 bytes to ecology
[dna] air wrote 70 bytes to ecology
[dna] air wrote 70 bytes to ecology
[dna] air wrote 92 bytes to ecology
[dna] air wrote 75 bytes to ecology
[dna] air wrote 47 bytes to ecology
[debug-onto] tick=500 corpus=140546 stage=2 freeze=0
[dna] air wrote 87 bytes to ecology
[dna] air wrote 53 bytes to ecology
[dna] air wrote 12 bytes to ecology
[dna] air wrote 89 bytes to ecology
[dna] air wrote 58 bytes to ecology
[dna] air wrote 52 bytes to ecology
[dna] air wrote 118 bytes to ecology
[dna] air wrote 124 bytes to ecology
[dna] air wrote 27 bytes to ecology
[dna] air wrote 24 bytes to ecology
[dna] air wrote 96 bytes to ecology
[dna] air wrote 77 bytes to ecology
[dna] air wrote 62 bytes to ecology
[dna] air wrote 49 bytes to ecology
[dna] air wrote 85 bytes to ecology
[dna] air wrote 230 bytes to ecology
[dna] air wrote 71 bytes to ecology
[debug-onto] tick=550 corpus=140546 stage=2 freeze=0
[dna] air wrote 43 bytes to ecology
[dna] air wrote 44 bytes to ecology
[dna] air wrote 64 bytes to ecology
[dna] air wrote 44 bytes to ecology
[dna] air wrote 90 bytes to ecology
[dna] air wrote 49 bytes to ecology
[dna] air wrote 58 bytes to ecology
[dna] air wrote 7 bytes to ecology
[dna] air wrote 69 bytes to ecology
[dna] air wrote 29 bytes to ecology
[dna] air wrote 72 bytes to ecology
[dna] air wrote 101 bytes to ecology
[dna] air wrote 7 bytes to ecology
[dna] air wrote 31 bytes to ecology
[dna] air wrote 243 bytes to ecology
[dna] air wrote 45 bytes to ecology
[debug-onto] tick=600 corpus=140546 stage=2 freeze=0
[dna] air wrote 57 bytes to ecology
[dna] air wrote 34 bytes to ecology
[dna] air wrote 138 bytes to ecology
[dna] air wrote 73 bytes to ecology
[dna] air wrote 30 bytes to ecology
[dna] air wrote 284 bytes to ecology
[dna] air wrote 53 bytes to ecology
[dna] air wrote 23 bytes to ecology
[dna] air wrote 66 bytes to ecology
[dna] air wrote 38 bytes to ecology
[dna] air wrote 120 bytes to ecology
[dna] air wrote 72 bytes to ecology
[dna] air wrote 144 bytes to ecology
[dna] air wrote 24 bytes to ecology
[dna] air wrote 132 bytes to ecology
[dna] air wrote 27 bytes to ecology
[dna] air wrote 38 bytes to ecology
[debug-onto] tick=650 corpus=140546 stage=2 freeze=0
[dna] air wrote 147 bytes to ecology
[dna] air wrote 110 bytes to ecology
[dna] air wrote 109 bytes to ecology
[dna] air wrote 27 bytes to ecology
[dna] air wrote 24 bytes to ecology
[dna] air wrote 54 bytes to ecology
[dna] air wrote 40 bytes to ecology
[dna] air wrote 61 bytes to ecology
[dna] air wrote 51 bytes to ecology
[dna] air wrote 85 bytes to ecology
[dna] air wrote 82 bytes to ecology
[dna] air wrote 69 bytes to ecology
[dna] air wrote 66 bytes to ecology
[dna] air wrote 30 bytes to ecology

[evolution] Organism shutting down gracefully.
