[ecology] Element: earth → corpus: nonames_earth.txt
[evolution] Autonomous evolution mode — organism will grow through all stages without pause.
[init] Stage 0 (embryo): embd=16, layer=1, head=1 — warmup 400 steps (400 backprop + 0 notorch, sqrt-scaled 1x)
  [aml] step 0/160 | loss 6.4979 (avg 6.4979) | lr 0.001000 | seq 8
  [aml] step 10/160 | loss 6.1606 (avg 6.4020) | lr 0.001450 | seq 8
  [aml] step 20/160 | loss 6.2471 (avg 6.2716) | lr 0.001900 | seq 8
  [aml] step 30/160 | loss 5.6908 (avg 6.1856) | lr 0.002350 | seq 8
  [aml] step 40/160 | loss 5.4580 (avg 6.0721) | lr 0.002800 | seq 8
  [aml] step 50/160 | loss 4.6965 (avg 5.9162) | lr 0.003250 | seq 8
  [aml] step 60/160 | loss 4.9261 (avg 5.7582) | lr 0.003700 | seq 8
  [aml] step 70/160 | loss 5.3204 (avg 5.6416) | lr 0.004150 | seq 8
  [aml] step 80/160 | loss 2.9913 (avg 5.5123) | lr 0.004600 | seq 8
  [aml] step 90/160 | loss 4.2413 (avg 5.3713) | lr 0.005050 | seq 8
  [aml] step 100/160 | loss 4.9644 (avg 5.2900) | lr 0.005500 | seq 8
  [aml] step 110/160 | loss 5.4049 (avg 5.1595) | lr 0.005950 | seq 8
  [aml] step 120/160 | loss 3.8772 (avg 5.0922) | lr 0.006400 | seq 8
  [aml] step 130/160 | loss 5.9870 (avg 5.0559) | lr 0.006850 | seq 8
  [aml] step 140/160 | loss 3.0033 (avg 5.0074) | lr 0.007300 | seq 8
  [aml] step 150/160 | loss 2.7168 (avg 4.9795) | lr 0.007750 | seq 8
[aml] training complete: 160 steps, avg loss 4.9319 (memory freed)
  [aml] step 0/120 | loss 4.4739 (avg 4.4739) | lr 0.008200 | seq 16
  [aml] step 10/120 | loss 4.3696 (avg 4.4784) | lr 0.008650 | seq 16
  [aml] step 20/120 | loss 3.5935 (avg 4.4735) | lr 0.009100 | seq 16
  [aml] step 30/120 | loss 3.6741 (avg 4.2622) | lr 0.009550 | seq 16
  [aml] step 40/120 | loss 3.2584 (avg 4.2524) | lr 0.010000 | seq 16
  [aml] step 50/120 | loss 3.0791 (avg 4.2349) | lr 0.010000 | seq 16
  [aml] step 60/120 | loss 4.0578 (avg 4.2402) | lr 0.010000 | seq 16
  [aml] step 70/120 | loss 4.4848 (avg 4.1857) | lr 0.010000 | seq 16
  [aml] step 80/120 | loss 5.1862 (avg 4.1475) | lr 0.009999 | seq 16
  [aml] step 90/120 | loss 4.3913 (avg 4.0431) | lr 0.009999 | seq 16
  [aml] step 100/120 | loss 3.8453 (avg 3.9765) | lr 0.009999 | seq 16
  [aml] step 110/120 | loss 5.0651 (avg 3.8954) | lr 0.009999 | seq 16
[aml] training complete: 120 steps, avg loss 3.9054 (memory freed)
  [aml] step 0/120 | loss 2.4156 (avg 2.4156) | lr 0.009999 | seq 32
  [aml] step 10/120 | loss 4.9555 (avg 3.7196) | lr 0.009999 | seq 32
  [aml] step 20/120 | loss 4.3790 (avg 3.6332) | lr 0.009999 | seq 32
  [aml] step 30/120 | loss 3.7380 (avg 3.3738) | lr 0.009999 | seq 32
  [aml] step 40/120 | loss 3.8697 (avg 3.3367) | lr 0.009999 | seq 32
  [aml] step 50/120 | loss 3.9764 (avg 3.3198) | lr 0.009999 | seq 32
  [aml] step 60/120 | loss 2.7074 (avg 3.2619) | lr 0.009999 | seq 32
  [aml] step 70/120 | loss 1.3441 (avg 3.2513) | lr 0.009999 | seq 32
  [aml] step 80/120 | loss 4.5689 (avg 3.2519) | lr 0.009999 | seq 32
  [aml] step 90/120 | loss 1.6185 (avg 3.2088) | lr 0.009999 | seq 32
  [aml] step 100/120 | loss 0.7809 (avg 3.2155) | lr 0.009999 | seq 32
  [aml] step 110/120 | loss 0.8904 (avg 3.0949) | lr 0.009999 | seq 32
[aml] training complete: 120 steps, avg loss 2.9993 (memory freed)

[stage 0 — embryo] What it sounds like now:
  Q: Hello.
  A: H: A line? still f and sediment — clink.
  Q: Who are you?
  A: ?
  Q: What do you know?
  A: ...

[growth] ONTOGENESIS: stage 0 -> 1
  embd: 16 -> 32, layer: 1 -> 1, head: 1 -> 2
[growth] Done. Freeze for 500 steps.
[init] Stage 1 (infant): embd=32, layer=1, head=2 — warmup 800 steps (800 backprop + 0 notorch, sqrt-scaled 2x)
  [aml] step 0/320 | loss 4.4080 (avg 4.4080) | lr 0.000500 | seq 8
  [aml] step 10/320 | loss 3.4614 (avg 4.0561) | lr 0.000725 | seq 8
  [aml] step 20/320 | loss 2.6736 (avg 4.1782) | lr 0.000950 | seq 8
  [aml] step 30/320 | loss 0.9949 (avg 3.8417) | lr 0.001175 | seq 8
  [aml] step 40/320 | loss 1.0316 (avg 3.5978) | lr 0.001400 | seq 8
  [aml] step 50/320 | loss 4.3811 (avg 3.7475) | lr 0.001625 | seq 8
  [aml] step 60/320 | loss 3.9578 (avg 3.7476) | lr 0.001850 | seq 8
  [aml] step 70/320 | loss 5.3324 (avg 3.8309) | lr 0.002075 | seq 8
  [aml] step 80/320 | loss 0.3978 (avg 3.8616) | lr 0.002300 | seq 8
  [aml] step 90/320 | loss 4.9123 (avg 3.9513) | lr 0.002525 | seq 8
  [aml] step 100/320 | loss 7.4415 (avg 3.9921) | lr 0.002750 | seq 8
  [aml] step 110/320 | loss 4.0495 (avg 3.9134) | lr 0.002975 | seq 8
  [aml] step 120/320 | loss 5.3039 (avg 3.9043) | lr 0.003200 | seq 8
  [aml] step 130/320 | loss 3.9458 (avg 3.8588) | lr 0.003425 | seq 8
  [aml] step 140/320 | loss 5.1355 (avg 3.8573) | lr 0.003650 | seq 8
  [aml] step 150/320 | loss 3.2326 (avg 3.8655) | lr 0.003875 | seq 8
  [aml] step 160/320 | loss 3.6814 (avg 3.8783) | lr 0.004100 | seq 8
  [aml] step 170/320 | loss 4.3495 (avg 3.8673) | lr 0.004325 | seq 8
  [aml] step 180/320 | loss 1.3091 (avg 3.8565) | lr 0.004550 | seq 8
  [aml] step 190/320 | loss 0.9950 (avg 3.8252) | lr 0.004775 | seq 8
  [aml] step 200/320 | loss 1.3447 (avg 3.7962) | lr 0.004998 | seq 8
  [aml] step 210/320 | loss 5.2948 (avg 3.7787) | lr 0.004998 | seq 8
  [aml] step 220/320 | loss 3.2046 (avg 3.8050) | lr 0.004998 | seq 8
  [aml] step 230/320 | loss 3.8099 (avg 3.8123) | lr 0.004998 | seq 8
  [aml] step 240/320 | loss 4.4275 (avg 3.7819) | lr 0.004998 | seq 8
  [aml] step 250/320 | loss 4.4673 (avg 3.7927) | lr 0.004998 | seq 8
  [aml] step 260/320 | loss 4.4428 (avg 3.7825) | lr 0.004998 | seq 8
  [aml] step 270/320 | loss 1.3280 (avg 3.7542) | lr 0.004998 | seq 8
  [aml] step 280/320 | loss 4.7825 (avg 3.7150) | lr 0.004998 | seq 8
  [aml] step 290/320 | loss 5.1995 (avg 3.7095) | lr 0.004998 | seq 8
  [aml] step 300/320 | loss 4.0835 (avg 3.6923) | lr 0.004998 | seq 8
  [aml] step 310/320 | loss 3.4059 (avg 3.6812) | lr 0.004998 | seq 8
[aml] training complete: 320 steps, avg loss 3.6785 (memory freed)
  [aml] step 0/240 | loss 3.7765 (avg 3.7765) | lr 0.004998 | seq 16
  [aml] step 10/240 | loss 2.4172 (avg 3.5539) | lr 0.004998 | seq 16
  [aml] step 20/240 | loss 1.0977 (avg 3.4516) | lr 0.004998 | seq 16
  [aml] step 30/240 | loss 4.5370 (avg 3.5641) | lr 0.004998 | seq 16
  [aml] step 40/240 | loss 4.2087 (avg 3.5843) | lr 0.004997 | seq 16
  [aml] step 50/240 | loss 0.8395 (avg 3.4655) | lr 0.004997 | seq 16
  [aml] step 60/240 | loss 2.4494 (avg 3.4410) | lr 0.004997 | seq 16
  [aml] step 70/240 | loss 3.4517 (avg 3.3952) | lr 0.004997 | seq 16
  [aml] step 80/240 | loss 2.0354 (avg 3.3173) | lr 0.004997 | seq 16
  [aml] step 90/240 | loss 1.2513 (avg 3.2647) | lr 0.004997 | seq 16
  [aml] step 100/240 | loss 2.7009 (avg 3.2964) | lr 0.004997 | seq 16
  [aml] step 110/240 | loss 3.2631 (avg 3.2688) | lr 0.004997 | seq 16
  [aml] step 120/240 | loss 4.8841 (avg 3.2394) | lr 0.004997 | seq 16
  [aml] step 130/240 | loss 4.8137 (avg 3.1993) | lr 0.004997 | seq 16
  [aml] step 140/240 | loss 1.6647 (avg 3.1991) | lr 0.004997 | seq 16
  [aml] step 150/240 | loss 1.7538 (avg 3.1420) | lr 0.004997 | seq 16
  [aml] step 160/240 | loss 3.4569 (avg 3.1911) | lr 0.004997 | seq 16
  [aml] step 170/240 | loss 2.1947 (avg 3.1515) | lr 0.004996 | seq 16
  [aml] step 180/240 | loss 4.1736 (avg 3.1623) | lr 0.004996 | seq 16
  [aml] step 190/240 | loss 3.4380 (avg 3.1499) | lr 0.004996 | seq 16
  [aml] step 200/240 | loss 3.6939 (avg 3.1642) | lr 0.004996 | seq 16
  [aml] step 210/240 | loss 3.7836 (avg 3.1827) | lr 0.004996 | seq 16
  [aml] step 220/240 | loss 3.0994 (avg 3.2056) | lr 0.004996 | seq 16
  [aml] step 230/240 | loss 3.6822 (avg 3.1959) | lr 0.004996 | seq 16
[aml] training complete: 240 steps, avg loss 3.2077 (memory freed)
  [aml] step 0/240 | loss 1.9039 (avg 1.9039) | lr 0.004996 | seq 32
  [aml] step 10/240 | loss 1.1048 (avg 3.3651) | lr 0.004996 | seq 32
  [aml] step 20/240 | loss 4.1405 (avg 3.1681) | lr 0.004996 | seq 32
  [aml] step 30/240 | loss 4.3829 (avg 2.8386) | lr 0.004996 | seq 32
  [aml] step 40/240 | loss 4.2967 (avg 2.8545) | lr 0.004996 | seq 32
  [aml] step 50/240 | loss 4.3219 (avg 3.0028) | lr 0.004995 | seq 32
  [aml] step 60/240 | loss 1.1269 (avg 3.0322) | lr 0.004995 | seq 32
  [aml] step 70/240 | loss 4.9125 (avg 3.0313) | lr 0.004995 | seq 32
  [aml] step 80/240 | loss 1.7987 (avg 3.0163) | lr 0.004995 | seq 32
  [aml] step 90/240 | loss 4.0651 (avg 2.9861) | lr 0.004995 | seq 32
  [aml] step 100/240 | loss 1.2512 (avg 2.9668) | lr 0.004995 | seq 32
  [aml] step 110/240 | loss 1.0140 (avg 2.9783) | lr 0.004995 | seq 32
  [aml] step 120/240 | loss 4.3782 (avg 3.0001) | lr 0.004995 | seq 32
  [aml] step 130/240 | loss 2.3966 (avg 2.9621) | lr 0.004995 | seq 32
  [aml] step 140/240 | loss 1.1515 (avg 2.9203) | lr 0.004995 | seq 32
  [aml] step 150/240 | loss 1.8930 (avg 2.8969) | lr 0.004995 | seq 32
  [aml] step 160/240 | loss 0.7616 (avg 2.8935) | lr 0.004994 | seq 32
  [aml] step 170/240 | loss 4.2471 (avg 2.8842) | lr 0.004994 | seq 32
  [aml] step 180/240 | loss 4.3235 (avg 2.8765) | lr 0.004994 | seq 32
  [aml] step 190/240 | loss 4.0157 (avg 2.8461) | lr 0.004994 | seq 32
  [aml] step 200/240 | loss 4.5073 (avg 2.8536) | lr 0.004994 | seq 32
  [aml] step 210/240 | loss 3.8656 (avg 2.8134) | lr 0.004994 | seq 32
  [aml] step 220/240 | loss 0.8463 (avg 2.7855) | lr 0.004994 | seq 32
  [aml] step 230/240 | loss 1.1658 (avg 2.7690) | lr 0.004994 | seq 32
[aml] training complete: 240 steps, avg loss 2.7932 (memory freed)

[stage 1 — infant] What it sounds like now:
  Q: Hello.
  A: is a foundation?
  Q: Who are you?
  A: ...
  Q: What do you know?
  A: ...

[growth] ONTOGENESIS: stage 1 -> 2
  embd: 32 -> 64, layer: 1 -> 2, head: 2 -> 4
[growth] Done. Freeze for 500 steps.
[init] Stage 2 (child): embd=64, layer=2, head=4 — warmup 800 steps (800 backprop + 0 notorch, sqrt-scaled 2x)
  [aml] step 0/320 | loss 3.8767 (avg 3.8767) | lr 0.000250 | seq 8
  [aml] step 10/320 | loss 2.8818 (avg 4.3406) | lr 0.000363 | seq 8
  [aml] step 20/320 | loss 0.0511 (avg 4.2097) | lr 0.000475 | seq 8
  [aml] step 30/320 | loss 0.0571 (avg 3.7814) | lr 0.000588 | seq 8
  [aml] step 40/320 | loss 3.6381 (avg 3.8416) | lr 0.000700 | seq 8
  [aml] step 50/320 | loss 4.4791 (avg 3.7975) | lr 0.000813 | seq 8
  [aml] step 60/320 | loss 4.0726 (avg 3.6578) | lr 0.000925 | seq 8
  [aml] step 70/320 | loss 3.2931 (avg 3.6787) | lr 0.001038 | seq 8
  [aml] step 80/320 | loss 3.1605 (avg 3.6052) | lr 0.001150 | seq 8
  [aml] step 90/320 | loss 2.7632 (avg 3.5148) | lr 0.001263 | seq 8
  [aml] step 100/320 | loss 0.1513 (avg 3.4511) | lr 0.001375 | seq 8
  [aml] step 110/320 | loss 6.1351 (avg 3.4963) | lr 0.001488 | seq 8
  [aml] step 120/320 | loss 2.6978 (avg 3.4724) | lr 0.001600 | seq 8
  [aml] step 130/320 | loss 4.3152 (avg 3.4692) | lr 0.001713 | seq 8
  [aml] step 140/320 | loss 0.5192 (avg 3.4398) | lr 0.001825 | seq 8
  [aml] step 150/320 | loss 0.1505 (avg 3.4416) | lr 0.001938 | seq 8
  [aml] step 160/320 | loss 0.9351 (avg 3.4197) | lr 0.002050 | seq 8
  [aml] step 170/320 | loss 4.4039 (avg 3.4190) | lr 0.002163 | seq 8
  [aml] step 180/320 | loss 3.0129 (avg 3.3926) | lr 0.002275 | seq 8
  [aml] step 190/320 | loss 2.0396 (avg 3.3914) | lr 0.002387 | seq 8
  [aml] step 200/320 | loss 3.7918 (avg 3.3822) | lr 0.002496 | seq 8
  [aml] step 210/320 | loss 4.5141 (avg 3.3941) | lr 0.002496 | seq 8
  [aml] step 220/320 | loss 3.9841 (avg 3.3520) | lr 0.002496 | seq 8
  [aml] step 230/320 | loss 4.3134 (avg 3.3463) | lr 0.002495 | seq 8
  [aml] step 240/320 | loss 4.7472 (avg 3.3354) | lr 0.002495 | seq 8
  [aml] step 250/320 | loss 3.4469 (avg 3.3570) | lr 0.002495 | seq 8
  [aml] step 260/320 | loss 4.3856 (avg 3.3758) | lr 0.002495 | seq 8
  [aml] step 270/320 | loss 3.3173 (avg 3.3716) | lr 0.002495 | seq 8
  [aml] step 280/320 | loss 3.9442 (avg 3.3634) | lr 0.002495 | seq 8
  [aml] step 290/320 | loss 4.0196 (avg 3.3601) | lr 0.002495 | seq 8
  [aml] step 300/320 | loss 3.2638 (avg 3.3569) | lr 0.002495 | seq 8
  [aml] step 310/320 | loss 5.6441 (avg 3.3622) | lr 0.002495 | seq 8
[aml] training complete: 320 steps, avg loss 3.3641 (memory freed)
  [aml] step 0/240 | loss 2.7890 (avg 2.7890) | lr 0.002495 | seq 16
  [aml] step 10/240 | loss 4.4201 (avg 3.8398) | lr 0.002495 | seq 16
  [aml] step 20/240 | loss 1.8149 (avg 3.1392) | lr 0.002495 | seq 16
  [aml] step 30/240 | loss 4.1654 (avg 3.3783) | lr 0.002495 | seq 16
  [aml] step 40/240 | loss 4.5600 (avg 3.3600) | lr 0.002495 | seq 16
  [aml] step 50/240 | loss 2.7469 (avg 3.3146) | lr 0.002495 | seq 16
  [aml] step 60/240 | loss 5.1199 (avg 3.3195) | lr 0.002494 | seq 16
  [aml] step 70/240 | loss 4.5724 (avg 3.3738) | lr 0.002494 | seq 16
  [aml] step 80/240 | loss 3.9873 (avg 3.3987) | lr 0.002494 | seq 16
  [aml] step 90/240 | loss 3.6295 (avg 3.3822) | lr 0.002494 | seq 16
  [aml] step 100/240 | loss 4.1205 (avg 3.3864) | lr 0.002494 | seq 16
  [aml] step 110/240 | loss 4.2591 (avg 3.3598) | lr 0.002494 | seq 16
  [aml] step 120/240 | loss 0.8758 (avg 3.2506) | lr 0.002494 | seq 16
  [aml] step 130/240 | loss 4.4217 (avg 3.2129) | lr 0.002494 | seq 16
  [aml] step 140/240 | loss 5.1159 (avg 3.2494) | lr 0.002494 | seq 16
  [aml] step 150/240 | loss 2.2841 (avg 3.2505) | lr 0.002494 | seq 16
  [aml] step 160/240 | loss 1.1563 (avg 3.2018) | lr 0.002494 | seq 16
  [aml] step 170/240 | loss 1.0436 (avg 3.2055) | lr 0.002494 | seq 16
  [aml] step 180/240 | loss 2.4144 (avg 3.1822) | lr 0.002494 | seq 16
  [aml] step 190/240 | loss 3.6595 (avg 3.1816) | lr 0.002494 | seq 16
  [aml] step 200/240 | loss 4.1165 (avg 3.2012) | lr 0.002493 | seq 16
  [aml] step 210/240 | loss 1.7057 (avg 3.2206) | lr 0.002493 | seq 16
  [aml] step 220/240 | loss 4.6361 (avg 3.2365) | lr 0.002493 | seq 16
  [aml] step 230/240 | loss 4.3142 (avg 3.2048) | lr 0.002493 | seq 16
[aml] training complete: 240 steps, avg loss 3.1706 (memory freed)
  [aml] step 0/240 | loss 2.2545 (avg 2.2545) | lr 0.002493 | seq 32
  [aml] step 10/240 | loss 4.7815 (avg 2.6348) | lr 0.002493 | seq 32
  [aml] step 20/240 | loss 0.6713 (avg 2.6126) | lr 0.002493 | seq 32
  [aml] step 30/240 | loss 3.6451 (avg 2.4660) | lr 0.002493 | seq 32
  [aml] step 40/240 | loss 1.0297 (avg 2.4688) | lr 0.002493 | seq 32
  [aml] step 50/240 | loss 0.6533 (avg 2.5235) | lr 0.002493 | seq 32
  [aml] step 60/240 | loss 3.8768 (avg 2.7085) | lr 0.002493 | seq 32
  [aml] step 70/240 | loss 0.9960 (avg 2.6955) | lr 0.002493 | seq 32
  [aml] step 80/240 | loss 4.7189 (avg 2.6709) | lr 0.002492 | seq 32
  [aml] step 90/240 | loss 0.4889 (avg 2.5730) | lr 0.002492 | seq 32
  [aml] step 100/240 | loss 0.7130 (avg 2.5670) | lr 0.002492 | seq 32
  [aml] step 110/240 | loss 1.2164 (avg 2.4735) | lr 0.002492 | seq 32
  [aml] step 120/240 | loss 3.7086 (avg 2.5129) | lr 0.002492 | seq 32
  [aml] step 130/240 | loss 4.3875 (avg 2.4908) | lr 0.002492 | seq 32
  [aml] step 140/240 | loss 0.7324 (avg 2.4615) | lr 0.002492 | seq 32
  [aml] step 150/240 | loss 0.9125 (avg 2.4377) | lr 0.002492 | seq 32
  [aml] step 160/240 | loss 4.0646 (avg 2.4263) | lr 0.002492 | seq 32
  [aml] step 170/240 | loss 4.3591 (avg 2.4410) | lr 0.002492 | seq 32
  [aml] step 180/240 | loss 4.1325 (avg 2.4348) | lr 0.002492 | seq 32
  [aml] step 190/240 | loss 4.1560 (avg 2.4697) | lr 0.002492 | seq 32
  [aml] step 200/240 | loss 0.2733 (avg 2.4848) | lr 0.002491 | seq 32
  [aml] step 210/240 | loss 1.5901 (avg 2.5079) | lr 0.002491 | seq 32
  [aml] step 220/240 | loss 3.7752 (avg 2.5066) | lr 0.002491 | seq 32
  [aml] step 230/240 | loss 4.1628 (avg 2.5033) | lr 0.002491 | seq 32
[aml] training complete: 240 steps, avg loss 2.4885 (memory freed)

[stage 2 — child] What it sounds like now:
  Q: Hello.
  A: T a river's wet is the climates, without into teach?
  Q: Who are you?
  A: ...
  Q: What do you know?
  A: ...

[init] Warmup complete at stage 2. Organism ready.
[ecology] First organism in the swarm.
molequla is alive. [evolution] Autonomous mode — background trainer running. Ctrl+C to stop.
[dna] earth wrote 67 bytes to ecology
[dna] earth wrote 97 bytes to ecology
[dna] earth wrote 50 bytes to ecology
[dna] earth wrote 10 bytes to ecology
[dna] earth wrote 77 bytes to ecology
[dna] earth wrote 127 bytes to ecology
[dna] earth wrote 39 bytes to ecology
[dna] earth wrote 87 bytes to ecology
[dna] earth wrote 65 bytes to ecology
[dna] earth wrote 66 bytes to ecology
[dna] earth wrote 162 bytes to ecology
[dna] earth wrote 65 bytes to ecology
[dna] earth wrote 101 bytes to ecology
[dna] earth wrote 59 bytes to ecology
[dna] earth wrote 56 bytes to ecology
[dna] earth wrote 81 bytes to ecology
[dna] earth wrote 63 bytes to ecology
[debug-onto] tick=50 corpus=173643 stage=2 freeze=0
[dna] earth wrote 115 bytes to ecology
[dna] earth wrote 126 bytes to ecology
[dna] earth wrote 128 bytes to ecology
[dna] earth wrote 24 bytes to ecology
[dna] earth wrote 35 bytes to ecology
[dna] earth wrote 45 bytes to ecology
[dna] earth wrote 36 bytes to ecology
[dna] earth wrote 58 bytes to ecology
[dna] earth wrote 68 bytes to ecology
[dna] earth wrote 61 bytes to ecology
[dna] earth wrote 44 bytes to ecology
[dna] earth wrote 74 bytes to ecology
[dna] earth wrote 41 bytes to ecology
[dna] earth wrote 66 bytes to ecology
[dna] earth wrote 90 bytes to ecology
[dna] earth wrote 65 bytes to ecology
[dna] earth wrote 44 bytes to ecology
[debug-onto] tick=100 corpus=173643 stage=2 freeze=0
[dna] earth wrote 55 bytes to ecology
[dna] earth wrote 90 bytes to ecology
[dna] earth wrote 48 bytes to ecology
[dna] earth wrote 146 bytes to ecology
[dna] earth wrote 34 bytes to ecology
[dna] earth wrote 128 bytes to ecology
[dna] earth wrote 93 bytes to ecology
[dna] earth wrote 192 bytes to ecology
[dna] earth wrote 27 bytes to ecology
[dna] earth wrote 46 bytes to ecology
[dna] earth wrote 67 bytes to ecology
[dna] earth wrote 98 bytes to ecology
[dna] earth wrote 87 bytes to ecology
[dna] earth wrote 36 bytes to ecology
[dna] earth wrote 145 bytes to ecology
[dna] earth wrote 68 bytes to ecology
[debug-onto] tick=150 corpus=173643 stage=2 freeze=0
[dna] earth wrote 47 bytes to ecology
[dna] earth wrote 102 bytes to ecology
[dna] earth wrote 85 bytes to ecology
[dna] earth wrote 73 bytes to ecology
[dna] earth wrote 56 bytes to ecology
[dna] earth wrote 56 bytes to ecology
[dna] earth wrote 29 bytes to ecology
[dna] earth wrote 328 bytes to ecology
[dna] earth wrote 29 bytes to ecology
[dna] earth wrote 72 bytes to ecology
[dna] earth wrote 126 bytes to ecology
[dna] earth wrote 39 bytes to ecology
[dna] earth wrote 54 bytes to ecology
[dna] earth wrote 26 bytes to ecology
[dna] earth wrote 29 bytes to ecology
[dna] earth wrote 103 bytes to ecology
[dna] earth wrote 188 bytes to ecology
[debug-onto] tick=200 corpus=173643 stage=2 freeze=0
[dna] earth wrote 52 bytes to ecology
[dna] earth wrote 28 bytes to ecology
[dna] earth wrote 145 bytes to ecology
[dna] earth wrote 37 bytes to ecology
[dna] earth wrote 39 bytes to ecology
[dna] earth wrote 217 bytes to ecology
[dna] earth wrote 71 bytes to ecology
[dna] earth wrote 69 bytes to ecology
[dna] earth wrote 50 bytes to ecology
[dna] earth wrote 72 bytes to ecology
[dna] earth wrote 37 bytes to ecology
[dna] earth wrote 35 bytes to ecology
[dna] earth wrote 68 bytes to ecology
[dna] earth wrote 213 bytes to ecology
[dna] earth wrote 161 bytes to ecology
[dna] earth wrote 61 bytes to ecology
[dna] earth wrote 254 bytes to ecology
[debug-onto] tick=250 corpus=173643 stage=2 freeze=0
[dna] earth wrote 103 bytes to ecology
[dna] earth wrote 10 bytes to ecology
[dna] earth wrote 35 bytes to ecology
[dna] earth wrote 42 bytes to ecology
[dna] earth wrote 48 bytes to ecology
[dna] earth wrote 41 bytes to ecology
[dna] earth wrote 103 bytes to ecology
[dna] earth wrote 62 bytes to ecology
[dna] earth wrote 132 bytes to ecology
[dna] earth wrote 66 bytes to ecology
[dna] earth wrote 38 bytes to ecology
[dna] earth wrote 41 bytes to ecology
[dna] earth wrote 41 bytes to ecology
[dna] earth wrote 156 bytes to ecology
[dna] earth wrote 9 bytes to ecology
[dna] earth wrote 50 bytes to ecology
[debug-onto] tick=300 corpus=173643 stage=2 freeze=0
[dna] earth wrote 32 bytes to ecology
[dna] earth wrote 51 bytes to ecology
[dna] earth wrote 73 bytes to ecology
[dna] earth wrote 341 bytes to ecology
[dna] earth wrote 39 bytes to ecology
[dna] earth wrote 108 bytes to ecology
[dna] earth wrote 194 bytes to ecology
[dna] earth wrote 71 bytes to ecology
[dna] earth wrote 111 bytes to ecology
[dna] earth wrote 89 bytes to ecology
[dna] earth wrote 78 bytes to ecology
[dna] earth wrote 48 bytes to ecology
[dna] earth wrote 156 bytes to ecology
[dna] earth wrote 52 bytes to ecology
[dna] earth wrote 181 bytes to ecology
[dna] earth wrote 71 bytes to ecology
[dna] earth wrote 29 bytes to ecology
[debug-onto] tick=350 corpus=173643 stage=2 freeze=0
[dna] earth wrote 62 bytes to ecology
[dna] earth wrote 72 bytes to ecology
[dna] earth wrote 40 bytes to ecology
[dna] earth wrote 58 bytes to ecology
[dna] earth wrote 49 bytes to ecology
[dna] earth wrote 11 bytes to ecology
[dna] earth wrote 25 bytes to ecology
[dna] earth wrote 66 bytes to ecology
[dna] earth wrote 61 bytes to ecology
[dna] earth wrote 81 bytes to ecology
[dna] earth wrote 6 bytes to ecology
[dna] earth wrote 114 bytes to ecology
[dna] earth wrote 74 bytes to ecology
[dna] earth wrote 30 bytes to ecology
[dna] earth wrote 48 bytes to ecology
[dna] earth wrote 98 bytes to ecology
[dna] earth wrote 62 bytes to ecology
[debug-onto] tick=400 corpus=173643 stage=2 freeze=0
[dna] earth wrote 184 bytes to ecology
[dna] earth wrote 132 bytes to ecology
[dna] earth wrote 48 bytes to ecology
[dna] earth wrote 42 bytes to ecology
[dna] earth wrote 84 bytes to ecology
[dna] earth wrote 100 bytes to ecology
[dna] earth wrote 109 bytes to ecology
[dna] earth wrote 11 bytes to ecology
[dna] earth wrote 64 bytes to ecology
[dna] earth wrote 89 bytes to ecology
[dna] earth wrote 54 bytes to ecology
[dna] earth wrote 62 bytes to ecology
[dna] earth wrote 55 bytes to ecology
[dna] earth wrote 268 bytes to ecology
[dna] earth wrote 80 bytes to ecology
[dna] earth wrote 31 bytes to ecology
[debug-onto] tick=450 corpus=173643 stage=2 freeze=0
[dna] earth wrote 50 bytes to ecology
[dna] earth wrote 38 bytes to ecology
[dna] earth wrote 47 bytes to ecology
[dna] earth wrote 79 bytes to ecology
[dna] earth wrote 139 bytes to ecology
[dna] earth wrote 104 bytes to ecology
[dna] earth wrote 35 bytes to ecology
[dna] earth wrote 65 bytes to ecology
[dna] earth wrote 112 bytes to ecology
[dna] earth wrote 205 bytes to ecology
[dna] earth wrote 123 bytes to ecology
[dna] earth wrote 96 bytes to ecology
[dna] earth wrote 35 bytes to ecology
[dna] earth wrote 104 bytes to ecology
[dna] earth wrote 87 bytes to ecology
[dna] earth wrote 46 bytes to ecology
[dna] earth wrote 35 bytes to ecology
[debug-onto] tick=500 corpus=173643 stage=2 freeze=0
[dna] earth wrote 33 bytes to ecology
[dna] earth wrote 185 bytes to ecology
[dna] earth wrote 54 bytes to ecology
[dna] earth wrote 75 bytes to ecology
[dna] earth wrote 55 bytes to ecology
[dna] earth wrote 45 bytes to ecology
[dna] earth wrote 271 bytes to ecology
[dna] earth wrote 165 bytes to ecology
[dna] earth wrote 36 bytes to ecology
[dna] earth wrote 179 bytes to ecology
[dna] earth wrote 42 bytes to ecology
[dna] earth wrote 42 bytes to ecology
[dna] earth wrote 177 bytes to ecology
[dna] earth wrote 100 bytes to ecology
[dna] earth wrote 35 bytes to ecology
[dna] earth wrote 15 bytes to ecology
[dna] earth wrote 107 bytes to ecology
[debug-onto] tick=550 corpus=173643 stage=2 freeze=0
[dna] earth wrote 76 bytes to ecology
[dna] earth wrote 40 bytes to ecology
[dna] earth wrote 95 bytes to ecology
[dna] earth wrote 52 bytes to ecology
[dna] earth wrote 159 bytes to ecology
[dna] earth wrote 80 bytes to ecology
[dna] earth wrote 194 bytes to ecology
[dna] earth wrote 29 bytes to ecology
[dna] earth wrote 33 bytes to ecology
[dna] earth wrote 101 bytes to ecology
[dna] earth wrote 76 bytes to ecology
[dna] earth wrote 39 bytes to ecology
[dna] earth wrote 140 bytes to ecology
[dna] earth wrote 32 bytes to ecology
[dna] earth wrote 72 bytes to ecology
[dna] earth wrote 55 bytes to ecology
[debug-onto] tick=600 corpus=173643 stage=2 freeze=0
[dna] earth wrote 32 bytes to ecology
[dna] earth wrote 48 bytes to ecology
[dna] earth wrote 143 bytes to ecology
[dna] earth wrote 31 bytes to ecology
[dna] earth wrote 44 bytes to ecology
[dna] earth wrote 80 bytes to ecology
[dna] earth wrote 131 bytes to ecology
[dna] earth wrote 82 bytes to ecology
[dna] earth wrote 64 bytes to ecology
[dna] earth wrote 35 bytes to ecology
[dna] earth wrote 51 bytes to ecology
[dna] earth wrote 125 bytes to ecology
[dna] earth wrote 65 bytes to ecology
[dna] earth wrote 40 bytes to ecology
[dna] earth wrote 61 bytes to ecology
[dna] earth wrote 77 bytes to ecology
[dna] earth wrote 43 bytes to ecology
[debug-onto] tick=650 corpus=173643 stage=2 freeze=0
[dna] earth wrote 25 bytes to ecology
[dna] earth wrote 155 bytes to ecology
[dna] earth wrote 88 bytes to ecology
[dna] earth wrote 78 bytes to ecology
[dna] earth wrote 54 bytes to ecology
[dna] earth wrote 195 bytes to ecology
[dna] earth wrote 33 bytes to ecology
[dna] earth wrote 79 bytes to ecology

[evolution] Organism shutting down gracefully.
