[ecology] Element: fire → corpus: nonames_fire.txt
[evolution] Autonomous evolution mode — organism will grow through all stages without pause.
[ecology] Joined swarm. 1 peer(s) detected.
molequla is alive. [evolution] Autonomous mode — background trainer running. Ctrl+C to stop.
[dna] fire wrote 24 bytes to ecology
[dna] fire consumed 13257 bytes from 210 files: [water/gen_1777361342_1.txt water/gen_1777361359_4.txt water/gen_1777361367_7.txt water/gen_1777361375_10.txt water/gen_1777361384_13.txt water/gen_1777361392_16.txt water/gen_1777361400_19.txt water/gen_1777361409_22.txt water/gen_1777361417_25.txt water/gen_1777361426_28.txt water/gen_1777361434_31.txt water/gen_1777361442_34.txt water/gen_1777361451_37.txt water/gen_1777361459_40.txt water/gen_1777361467_43.txt water/gen_1777361476_46.txt water/gen_1777361484_49.txt water/gen_1777361493_52.txt water/gen_1777361501_55.txt water/gen_1777361510_58.txt water/gen_1777361518_61.txt water/gen_1777361526_64.txt water/gen_1777361535_67.txt water/gen_1777361543_70.txt water/gen_1777361552_73.txt water/gen_1777361560_76.txt water/gen_1777361568_79.txt water/gen_1777361577_82.txt water/gen_1777361585_85.txt water/gen_1777361594_88.txt water/gen_1777361603_91.txt water/gen_1777361611_94.txt water/gen_1777361620_97.txt water/gen_1777361629_100.txt water/gen_1777361637_103.txt water/gen_1777361646_106.txt water/gen_1777361655_109.txt water/gen_1777361663_112.txt water/gen_1777361672_115.txt water/gen_1777361680_118.txt water/gen_1777361689_121.txt water/gen_1777361698_124.txt water/gen_1777361706_127.txt water/gen_1777361715_130.txt water/gen_1777361723_133.txt water/gen_1777361732_136.txt water/gen_1777361741_139.txt water/gen_1777361749_142.txt water/gen_1777361758_145.txt water/gen_1777361767_148.txt water/gen_1777361775_151.txt water/gen_1777361784_154.txt water/gen_1777361793_157.txt water/gen_1777361801_160.txt water/gen_1777361810_163.txt water/gen_1777361818_166.txt water/gen_1777361827_169.txt water/gen_1777361835_172.txt water/gen_1777361844_175.txt water/gen_1777361852_178.txt water/gen_1777361861_181.txt water/gen_1777361870_184.txt water/gen_1777361878_187.txt water/gen_1777361887_190.txt water/gen_1777361895_193.txt water/gen_1777361903_196.txt water/gen_1777361912_199.txt water/gen_1777361921_202.txt water/gen_1777361929_205.txt water/gen_1777361938_208.txt water/gen_1777361946_211.txt water/gen_1777361955_214.txt water/gen_1777361963_217.txt water/gen_1777361972_220.txt water/gen_1777361980_223.txt water/gen_1777361989_226.txt water/gen_1777361997_229.txt water/gen_1777362006_232.txt water/gen_1777362014_235.txt water/gen_1777362023_238.txt water/gen_1777362031_241.txt water/gen_1777362039_244.txt water/gen_1777362048_247.txt water/gen_1777362056_250.txt water/gen_1777362065_253.txt water/gen_1777362073_256.txt water/gen_1777362081_259.txt water/gen_1777362090_262.txt water/gen_1777362098_265.txt water/gen_1777362106_268.txt water/gen_1777362115_271.txt water/gen_1777362123_274.txt water/gen_1777362132_277.txt water/gen_1777362140_280.txt water/gen_1777362149_283.txt water/gen_1777362157_286.txt water/gen_1777362166_289.txt water/gen_1777362174_292.txt water/gen_1777362183_295.txt water/gen_1777362191_298.txt water/gen_1777362200_301.txt water/gen_1777362208_304.txt water/gen_1777362216_307.txt water/gen_1777362225_310.txt water/gen_1777362233_313.txt water/gen_1777362241_316.txt water/gen_1777362250_319.txt water/gen_1777362258_322.txt water/gen_1777362266_325.txt water/gen_1777362275_328.txt water/gen_1777362283_331.txt water/gen_1777362292_334.txt water/gen_1777362300_337.txt water/gen_1777362308_340.txt water/gen_1777362326_346.txt water/gen_1777362334_349.txt water/gen_1777362342_352.txt water/gen_1777362351_355.txt water/gen_1777362360_358.txt water/gen_1777362368_361.txt water/gen_1777362377_364.txt water/gen_1777362385_367.txt water/gen_1777362394_370.txt water/gen_1777362403_373.txt water/gen_1777362411_376.txt water/gen_1777362420_379.txt water/gen_1777362429_382.txt water/gen_1777362437_385.txt water/gen_1777362446_388.txt water/gen_1777362454_391.txt water/gen_1777362462_394.txt water/gen_1777362471_397.txt water/gen_1777362479_400.txt water/gen_1777362487_403.txt water/gen_1777362496_406.txt water/gen_1777362504_409.txt water/gen_1777362512_412.txt water/gen_1777362521_415.txt water/gen_1777362529_418.txt water/gen_1777362538_421.txt water/gen_1777362546_424.txt water/gen_1777362555_427.txt water/gen_1777362563_430.txt water/gen_1777362572_433.txt water/gen_1777362580_436.txt water/gen_1777362589_439.txt water/gen_1777362597_442.txt water/gen_1777362606_445.txt water/gen_1777362614_448.txt water/gen_1777362622_451.txt water/gen_1777362631_454.txt water/gen_1777362640_457.txt water/gen_1777362648_460.txt water/gen_1777362657_463.txt water/gen_1777362665_466.txt water/gen_1777362673_469.txt water/gen_1777362682_472.txt water/gen_1777362690_475.txt water/gen_1777362699_478.txt water/gen_1777362707_481.txt water/gen_1777362715_484.txt water/gen_1777362724_487.txt water/gen_1777362732_490.txt water/gen_1777362740_493.txt water/gen_1777362749_496.txt water/gen_1777362757_499.txt water/gen_1777362766_502.txt water/gen_1777362774_505.txt water/gen_1777362783_508.txt water/gen_1777362791_511.txt water/gen_1777362800_514.txt water/gen_1777362809_517.txt water/gen_1777362817_520.txt water/gen_1777362826_523.txt water/gen_1777362834_526.txt water/gen_1777362842_529.txt water/gen_1777362851_532.txt water/gen_1777362859_535.txt water/gen_1777362868_538.txt water/gen_1777362876_541.txt water/gen_1777362885_544.txt water/gen_1777362893_547.txt water/gen_1777362901_550.txt water/gen_1777362910_553.txt water/gen_1777362918_556.txt water/gen_1777362927_559.txt water/gen_1777362935_562.txt water/gen_1777362944_565.txt water/gen_1777362953_568.txt water/gen_1777362962_571.txt water/gen_1777362970_574.txt water/gen_1777362979_577.txt water/gen_1777362988_580.txt water/gen_1777362996_583.txt water/gen_1777363004_586.txt water/gen_1777363012_589.txt water/gen_1777363021_592.txt water/gen_1777363029_595.txt water/gen_1777363037_598.txt water/gen_1777363046_601.txt water/gen_1777363054_604.txt water/gen_1777363062_607.txt water/gen_1777363070_610.txt water/gen_1777363079_613.txt water/gen_1777363087_616.txt water/gen_1777363096_619.txt water/gen_1777363104_622.txt water/gen_1777363113_625.txt water/gen_1777363122_628.txt water/gen_1777363130_631.txt]
[trainer] micro-train burst (13257 bytes, novelty 0.05) — and lo, it feeds again.
[syntropy] action=explore | trend=0.0000 | field_dev=-0.039 | purpose_align=-0.126 | lr_mul=1.30
[aml] burst complete: 32 steps, avg loss 1.5588 (memory freed)
[dna] fire wrote 45 bytes to ecology
[dna] fire wrote 65 bytes to ecology
[dna] fire wrote 77 bytes to ecology
[dna] fire wrote 24 bytes to ecology
[dna] fire wrote 18 bytes to ecology
[dna] fire wrote 81 bytes to ecology
[dna] fire wrote 11 bytes to ecology
[dna] fire wrote 72 bytes to ecology
[dna] fire wrote 23 bytes to ecology
[dna] fire wrote 52 bytes to ecology
[dna] fire wrote 68 bytes to ecology
[dna] fire wrote 23 bytes to ecology
[dna] fire wrote 39 bytes to ecology
[dna] fire wrote 129 bytes to ecology
[dna] fire wrote 82 bytes to ecology
[dna] fire wrote 23 bytes to ecology
[debug-onto] tick=50 corpus=135367 stage=2 freeze=0
[dna] fire wrote 30 bytes to ecology
[dna] fire wrote 31 bytes to ecology
[dna] fire wrote 98 bytes to ecology
[dna] fire wrote 22 bytes to ecology
[dna] fire wrote 66 bytes to ecology
[dna] fire wrote 8 bytes to ecology
[dna] fire wrote 42 bytes to ecology
[dna] fire wrote 112 bytes to ecology
[dna] fire wrote 68 bytes to ecology
[dna] fire wrote 73 bytes to ecology
[dna] fire wrote 44 bytes to ecology
[dna] fire wrote 35 bytes to ecology
[dna] fire wrote 56 bytes to ecology
[dna] fire wrote 114 bytes to ecology
[dna] fire wrote 25 bytes to ecology
[dna] fire wrote 71 bytes to ecology
[dna] fire wrote 25 bytes to ecology
[debug-onto] tick=100 corpus=135367 stage=2 freeze=0
[dna] fire wrote 38 bytes to ecology
[dna] fire wrote 9 bytes to ecology
[dna] fire wrote 70 bytes to ecology
[dna] fire wrote 73 bytes to ecology
[dna] fire wrote 35 bytes to ecology
[dna] fire wrote 62 bytes to ecology
[dna] fire wrote 31 bytes to ecology
[dna] fire wrote 45 bytes to ecology
[dna] fire wrote 40 bytes to ecology
[dna] fire wrote 67 bytes to ecology
[dna] fire wrote 33 bytes to ecology
[dna] fire wrote 24 bytes to ecology
[dna] fire wrote 35 bytes to ecology
[dna] fire wrote 114 bytes to ecology
[dna] fire wrote 18 bytes to ecology
[dna] fire wrote 42 bytes to ecology
[debug-onto] tick=150 corpus=135367 stage=2 freeze=0
[dna] fire wrote 37 bytes to ecology
[dna] fire wrote 51 bytes to ecology
[dna] fire wrote 54 bytes to ecology
[dna] fire wrote 77 bytes to ecology
[dna] fire wrote 18 bytes to ecology
[dna] fire wrote 12 bytes to ecology
[dna] fire wrote 63 bytes to ecology
[dna] fire wrote 74 bytes to ecology
[dna] fire wrote 88 bytes to ecology
[dna] fire wrote 148 bytes to ecology
[dna] fire wrote 35 bytes to ecology
[dna] fire wrote 58 bytes to ecology
[dna] fire wrote 55 bytes to ecology
[dna] fire wrote 119 bytes to ecology
[dna] fire wrote 20 bytes to ecology
[dna] fire wrote 23 bytes to ecology
[dna] fire wrote 13 bytes to ecology
[debug-onto] tick=200 corpus=135367 stage=2 freeze=0
[dna] fire wrote 106 bytes to ecology
[dna] fire wrote 116 bytes to ecology
[dna] fire wrote 51 bytes to ecology
[dna] fire wrote 45 bytes to ecology
[dna] fire wrote 47 bytes to ecology
[dna] fire wrote 33 bytes to ecology
[dna] fire wrote 98 bytes to ecology
[dna] fire wrote 75 bytes to ecology
[dna] fire wrote 70 bytes to ecology
[dna] fire wrote 79 bytes to ecology
[dna] fire wrote 24 bytes to ecology
[dna] fire wrote 31 bytes to ecology
[dna] fire wrote 25 bytes to ecology
[dna] fire wrote 95 bytes to ecology
[dna] fire wrote 70 bytes to ecology
[dna] fire wrote 65 bytes to ecology
[dna] fire wrote 40 bytes to ecology
[debug-onto] tick=250 corpus=135367 stage=2 freeze=0
[dna] fire wrote 57 bytes to ecology
[dna] fire wrote 50 bytes to ecology
[dna] fire wrote 153 bytes to ecology
[dna] fire wrote 156 bytes to ecology
[dna] fire wrote 108 bytes to ecology
[dna] fire wrote 23 bytes to ecology
[dna] fire wrote 72 bytes to ecology
[dna] fire wrote 57 bytes to ecology
[dna] fire wrote 234 bytes to ecology
[dna] fire wrote 29 bytes to ecology
[dna] fire wrote 41 bytes to ecology
[dna] fire wrote 43 bytes to ecology
[dna] fire wrote 41 bytes to ecology
[dna] fire wrote 77 bytes to ecology
[dna] fire wrote 13 bytes to ecology
[dna] fire wrote 66 bytes to ecology
[debug-onto] tick=300 corpus=135367 stage=2 freeze=0
[dna] fire wrote 62 bytes to ecology
[dna] fire wrote 28 bytes to ecology
[dna] fire wrote 65 bytes to ecology
[dna] fire wrote 110 bytes to ecology
[dna] fire wrote 31 bytes to ecology
[dna] fire wrote 21 bytes to ecology
[dna] fire wrote 73 bytes to ecology
[dna] fire wrote 15 bytes to ecology
[dna] fire wrote 34 bytes to ecology
[dna] fire wrote 123 bytes to ecology
[dna] fire wrote 54 bytes to ecology
[dna] fire wrote 119 bytes to ecology
[dna] fire wrote 14 bytes to ecology
[dna] fire wrote 84 bytes to ecology
[dna] fire wrote 20 bytes to ecology
[dna] fire wrote 44 bytes to ecology
[dna] fire wrote 35 bytes to ecology
[debug-onto] tick=350 corpus=135367 stage=2 freeze=0
[dna] fire wrote 67 bytes to ecology
[dna] fire wrote 64 bytes to ecology
[dna] fire wrote 148 bytes to ecology
[dna] fire wrote 72 bytes to ecology
[dna] fire wrote 40 bytes to ecology
[dna] fire wrote 41 bytes to ecology
[dna] fire wrote 79 bytes to ecology
[dna] fire wrote 18 bytes to ecology
[dna] fire wrote 34 bytes to ecology
[dna] fire wrote 100 bytes to ecology
[dna] fire wrote 39 bytes to ecology
[dna] fire wrote 71 bytes to ecology
[dna] fire wrote 129 bytes to ecology
[dna] fire wrote 26 bytes to ecology
[dna] fire wrote 45 bytes to ecology
[dna] fire wrote 114 bytes to ecology
[dna] fire wrote 136 bytes to ecology
[debug-onto] tick=400 corpus=135367 stage=2 freeze=0
[dna] fire wrote 29 bytes to ecology
[dna] fire wrote 28 bytes to ecology
[dna] fire wrote 19 bytes to ecology
[dna] fire wrote 40 bytes to ecology
[dna] fire wrote 5 bytes to ecology
[dna] fire wrote 29 bytes to ecology
[dna] fire wrote 33 bytes to ecology
[dna] fire wrote 37 bytes to ecology
[dna] fire wrote 16 bytes to ecology
[dna] fire wrote 34 bytes to ecology
[dna] fire wrote 38 bytes to ecology
[dna] fire wrote 67 bytes to ecology
[dna] fire wrote 60 bytes to ecology
[dna] fire wrote 28 bytes to ecology
[dna] fire wrote 76 bytes to ecology
[dna] fire wrote 52 bytes to ecology
[debug-onto] tick=450 corpus=135367 stage=2 freeze=0
[dna] fire wrote 125 bytes to ecology
[dna] fire wrote 30 bytes to ecology
[dna] fire wrote 59 bytes to ecology
[dna] fire wrote 12 bytes to ecology
[dna] fire wrote 83 bytes to ecology
[dna] fire wrote 78 bytes to ecology
[dna] fire wrote 28 bytes to ecology
[dna] fire wrote 39 bytes to ecology
[dna] fire wrote 19 bytes to ecology
[dna] fire wrote 76 bytes to ecology
[dna] fire wrote 24 bytes to ecology
[dna] fire wrote 41 bytes to ecology
[dna] fire wrote 54 bytes to ecology
[dna] fire wrote 71 bytes to ecology
[dna] fire wrote 59 bytes to ecology
[dna] fire wrote 65 bytes to ecology
[dna] fire wrote 84 bytes to ecology
[debug-onto] tick=500 corpus=135367 stage=2 freeze=0
[dna] fire wrote 60 bytes to ecology
[dna] fire wrote 80 bytes to ecology
[dna] fire wrote 77 bytes to ecology
[dna] fire wrote 28 bytes to ecology
[dna] fire wrote 161 bytes to ecology
[dna] fire wrote 15 bytes to ecology
[dna] fire wrote 50 bytes to ecology
[dna] fire wrote 52 bytes to ecology
[dna] fire wrote 20 bytes to ecology
[dna] fire wrote 25 bytes to ecology
[dna] fire wrote 29 bytes to ecology
[dna] fire wrote 67 bytes to ecology
[dna] fire wrote 36 bytes to ecology
[dna] fire wrote 110 bytes to ecology
[dna] fire wrote 49 bytes to ecology
[dna] fire wrote 25 bytes to ecology
[dna] fire wrote 38 bytes to ecology
[debug-onto] tick=550 corpus=135367 stage=2 freeze=0
[dna] fire wrote 50 bytes to ecology
[dna] fire wrote 53 bytes to ecology
[dna] fire wrote 87 bytes to ecology
[dna] fire wrote 45 bytes to ecology
[dna] fire wrote 23 bytes to ecology
[dna] fire wrote 103 bytes to ecology
[dna] fire wrote 19 bytes to ecology
[dna] fire wrote 39 bytes to ecology
[dna] fire wrote 10 bytes to ecology
[dna] fire wrote 51 bytes to ecology
[dna] fire wrote 70 bytes to ecology
[dna] fire wrote 28 bytes to ecology
[dna] fire wrote 74 bytes to ecology
[dna] fire wrote 59 bytes to ecology
[dna] fire wrote 34 bytes to ecology
[dna] fire wrote 59 bytes to ecology
[debug-onto] tick=600 corpus=135367 stage=2 freeze=0
[dna] fire wrote 28 bytes to ecology
[dna] fire wrote 67 bytes to ecology
[dna] fire wrote 41 bytes to ecology
[dna] fire wrote 28 bytes to ecology
[dna] fire wrote 57 bytes to ecology
[dna] fire wrote 24 bytes to ecology
[dna] fire wrote 91 bytes to ecology
[dna] fire wrote 43 bytes to ecology
[dna] fire wrote 69 bytes to ecology
[dna] fire wrote 20 bytes to ecology
[dna] fire wrote 89 bytes to ecology
[dna] fire wrote 43 bytes to ecology
[dna] fire wrote 69 bytes to ecology
[dna] fire wrote 72 bytes to ecology
[dna] fire wrote 39 bytes to ecology
[dna] fire wrote 25 bytes to ecology
[dna] fire wrote 28 bytes to ecology
[debug-onto] tick=650 corpus=135367 stage=2 freeze=0
[dna] fire wrote 32 bytes to ecology
[dna] fire wrote 30 bytes to ecology
[dna] fire wrote 94 bytes to ecology
[dna] fire wrote 62 bytes to ecology
[dna] fire wrote 55 bytes to ecology
[dna] fire wrote 57 bytes to ecology
[dna] fire wrote 70 bytes to ecology
[dna] fire wrote 45 bytes to ecology
[dna] fire wrote 38 bytes to ecology
[dna] fire wrote 49 bytes to ecology
[dna] fire wrote 36 bytes to ecology
[dna] fire wrote 31 bytes to ecology

[evolution] Organism shutting down gracefully.
