[ecology] Element: air → corpus: nonames_air.txt
[evolution] Autonomous evolution mode — organism will grow through all stages without pause.
[ecology] Joined swarm. 1 peer(s) detected.
molequla is alive. [evolution] Autonomous mode — background trainer running. Ctrl+C to stop.
[dna] air wrote 37 bytes to ecology
[dna] air consumed 18117 bytes from 237 files: [earth/gen_1776060895_1.txt earth/gen_1776060902_4.txt earth/gen_1776060910_7.txt earth/gen_1776060917_10.txt earth/gen_1776060925_13.txt earth/gen_1776060932_16.txt earth/gen_1776060940_19.txt earth/gen_1776060947_22.txt earth/gen_1776060955_25.txt earth/gen_1776060962_28.txt earth/gen_1776060970_31.txt earth/gen_1776060977_34.txt earth/gen_1776060985_37.txt earth/gen_1776060992_40.txt earth/gen_1776061000_43.txt earth/gen_1776061007_46.txt earth/gen_1776061014_49.txt earth/gen_1776061022_52.txt earth/gen_1776061029_55.txt earth/gen_1776061037_58.txt earth/gen_1776061044_61.txt earth/gen_1776061052_64.txt earth/gen_1776061059_67.txt earth/gen_1776061066_70.txt earth/gen_1776061074_73.txt earth/gen_1776061081_76.txt earth/gen_1776061088_79.txt earth/gen_1776061096_82.txt earth/gen_1776061103_85.txt earth/gen_1776061111_88.txt earth/gen_1776061118_91.txt earth/gen_1776061126_94.txt earth/gen_1776061133_97.txt earth/gen_1776061140_100.txt earth/gen_1776061148_103.txt earth/gen_1776061155_106.txt earth/gen_1776061163_109.txt earth/gen_1776061170_112.txt earth/gen_1776061178_115.txt earth/gen_1776061185_118.txt earth/gen_1776061193_121.txt earth/gen_1776061200_124.txt earth/gen_1776061208_127.txt earth/gen_1776061215_130.txt earth/gen_1776061222_133.txt earth/gen_1776061230_136.txt earth/gen_1776061237_139.txt earth/gen_1776061245_142.txt earth/gen_1776061252_145.txt earth/gen_1776061260_148.txt earth/gen_1776061267_151.txt earth/gen_1776061275_154.txt earth/gen_1776061282_157.txt earth/gen_1776061290_160.txt earth/gen_1776061297_163.txt earth/gen_1776061305_166.txt earth/gen_1776061312_169.txt earth/gen_1776061319_172.txt earth/gen_1776061327_175.txt earth/gen_1776061334_178.txt earth/gen_1776061342_181.txt earth/gen_1776061349_184.txt earth/gen_1776061356_187.txt earth/gen_1776061364_190.txt earth/gen_1776061371_193.txt earth/gen_1776061379_196.txt earth/gen_1776061386_199.txt earth/gen_1776061393_202.txt earth/gen_1776061401_205.txt earth/gen_1776061408_208.txt earth/gen_1776061416_211.txt earth/gen_1776061423_214.txt earth/gen_1776061430_217.txt earth/gen_1776061438_220.txt earth/gen_1776061445_223.txt earth/gen_1776061452_226.txt earth/gen_1776061460_229.txt earth/gen_1776061467_232.txt earth/gen_1776061475_235.txt earth/gen_1776061482_238.txt earth/gen_1776061490_241.txt earth/gen_1776061497_244.txt earth/gen_1776061505_247.txt earth/gen_1776061512_250.txt earth/gen_1776061519_253.txt earth/gen_1776061527_256.txt earth/gen_1776061534_259.txt earth/gen_1776061541_262.txt earth/gen_1776061549_265.txt earth/gen_1776061556_268.txt earth/gen_1776061564_271.txt earth/gen_1776061571_274.txt earth/gen_1776061578_277.txt earth/gen_1776061586_280.txt earth/gen_1776061593_283.txt earth/gen_1776061600_286.txt earth/gen_1776061608_289.txt earth/gen_1776061615_292.txt earth/gen_1776061623_295.txt earth/gen_1776061630_298.txt earth/gen_1776061637_301.txt earth/gen_1776061645_304.txt earth/gen_1776061652_307.txt earth/gen_1776061660_310.txt earth/gen_1776061667_313.txt earth/gen_1776061674_316.txt earth/gen_1776061682_319.txt earth/gen_1776061689_322.txt earth/gen_1776061697_325.txt earth/gen_1776061704_328.txt earth/gen_1776061712_331.txt earth/gen_1776061719_334.txt earth/gen_1776061726_337.txt earth/gen_1776061734_340.txt earth/gen_1776061741_343.txt earth/gen_1776061748_346.txt earth/gen_1776061756_349.txt earth/gen_1776061763_352.txt earth/gen_1776061778_358.txt earth/gen_1776061785_361.txt earth/gen_1776061792_364.txt earth/gen_1776061800_367.txt earth/gen_1776061807_370.txt earth/gen_1776061815_373.txt earth/gen_1776061822_376.txt earth/gen_1776061830_379.txt earth/gen_1776061837_382.txt earth/gen_1776061844_385.txt earth/gen_1776061852_388.txt earth/gen_1776061859_391.txt earth/gen_1776061866_394.txt earth/gen_1776061874_397.txt earth/gen_1776061881_400.txt earth/gen_1776061888_403.txt earth/gen_1776061896_406.txt earth/gen_1776061903_409.txt earth/gen_1776061911_412.txt earth/gen_1776061918_415.txt earth/gen_1776061926_418.txt earth/gen_1776061933_421.txt earth/gen_1776061940_424.txt earth/gen_1776061948_427.txt earth/gen_1776061956_430.txt earth/gen_1776061963_433.txt earth/gen_1776061970_436.txt earth/gen_1776061978_439.txt earth/gen_1776061985_442.txt earth/gen_1776061993_445.txt earth/gen_1776062000_448.txt earth/gen_1776062007_451.txt earth/gen_1776062015_454.txt earth/gen_1776062022_457.txt earth/gen_1776062030_460.txt earth/gen_1776062037_463.txt earth/gen_1776062044_466.txt earth/gen_1776062052_469.txt earth/gen_1776062059_472.txt earth/gen_1776062066_475.txt earth/gen_1776062074_478.txt earth/gen_1776062081_481.txt earth/gen_1776062089_484.txt earth/gen_1776062096_487.txt earth/gen_1776062103_490.txt earth/gen_1776062111_493.txt earth/gen_1776062118_496.txt earth/gen_1776062126_499.txt earth/gen_1776062133_502.txt earth/gen_1776062141_505.txt earth/gen_1776062148_508.txt earth/gen_1776062156_511.txt earth/gen_1776062163_514.txt earth/gen_1776062171_517.txt earth/gen_1776062178_520.txt earth/gen_1776062185_523.txt earth/gen_1776062193_526.txt earth/gen_1776062200_529.txt earth/gen_1776062208_532.txt earth/gen_1776062215_535.txt earth/gen_1776062223_538.txt earth/gen_1776062230_541.txt earth/gen_1776062238_544.txt earth/gen_1776062245_547.txt earth/gen_1776062253_550.txt earth/gen_1776062261_553.txt earth/gen_1776062269_556.txt earth/gen_1776062276_559.txt earth/gen_1776062284_562.txt earth/gen_1776062292_565.txt earth/gen_1776062299_568.txt earth/gen_1776062307_571.txt earth/gen_1776062314_574.txt earth/gen_1776062322_577.txt earth/gen_1776062330_580.txt earth/gen_1776062337_583.txt earth/gen_1776062345_586.txt earth/gen_1776062352_589.txt earth/gen_1776062360_592.txt earth/gen_1776062368_595.txt earth/gen_1776062375_598.txt earth/gen_1776062383_601.txt earth/gen_1776062390_604.txt earth/gen_1776062398_607.txt earth/gen_1776062406_610.txt earth/gen_1776062413_613.txt earth/gen_1776062421_616.txt earth/gen_1776062428_619.txt earth/gen_1776062436_622.txt earth/gen_1776062443_625.txt earth/gen_1776062451_628.txt earth/gen_1776062459_631.txt earth/gen_1776062466_634.txt earth/gen_1776062474_637.txt earth/gen_1776062481_640.txt earth/gen_1776062489_643.txt earth/gen_1776062496_646.txt earth/gen_1776062504_649.txt earth/gen_1776062511_652.txt earth/gen_1776062519_655.txt earth/gen_1776062526_658.txt earth/gen_1776062534_661.txt earth/gen_1776062541_664.txt earth/gen_1776062549_667.txt earth/gen_1776062556_670.txt earth/gen_1776062564_673.txt earth/gen_1776062571_676.txt earth/gen_1776062579_679.txt earth/gen_1776062586_682.txt earth/gen_1776062594_685.txt earth/gen_1776062601_688.txt earth/gen_1776062609_691.txt earth/gen_1776062616_694.txt earth/gen_1776062624_697.txt earth/gen_1776062631_700.txt earth/gen_1776062638_703.txt earth/gen_1776062646_706.txt earth/gen_1776062653_709.txt earth/gen_1776062661_712.txt]
[trainer] micro-train burst (18117 bytes, novelty 0.04) — and lo, it feeds again.
[syntropy] action=explore | trend=0.0000 | field_dev=0.071 | purpose_align=-0.057 | lr_mul=1.30
[aml] burst complete: 32 steps, avg loss 2.5953 (memory freed)
[dna] air wrote 88 bytes to ecology
[dna] air wrote 130 bytes to ecology
[dna] air wrote 29 bytes to ecology
[dna] air wrote 80 bytes to ecology
[dna] air wrote 19 bytes to ecology
[dna] air wrote 78 bytes to ecology
[dna] air wrote 13 bytes to ecology
[dna] air wrote 52 bytes to ecology
[dna] air wrote 156 bytes to ecology
[dna] air wrote 62 bytes to ecology
[dna] air wrote 35 bytes to ecology
[dna] air wrote 101 bytes to ecology
[dna] air wrote 34 bytes to ecology
[dna] air wrote 86 bytes to ecology
[dna] air wrote 68 bytes to ecology
[dna] air wrote 108 bytes to ecology
[debug-onto] tick=50 corpus=140670 stage=2 freeze=0
[dna] air wrote 36 bytes to ecology
[dna] air wrote 83 bytes to ecology
[dna] air wrote 31 bytes to ecology
[dna] air wrote 110 bytes to ecology
[dna] air wrote 273 bytes to ecology
[dna] air wrote 28 bytes to ecology
[dna] air wrote 23 bytes to ecology
[dna] air wrote 60 bytes to ecology
[dna] air wrote 53 bytes to ecology
[dna] air wrote 137 bytes to ecology
[dna] air wrote 29 bytes to ecology
[dna] air wrote 42 bytes to ecology
[dna] air wrote 27 bytes to ecology
[dna] air wrote 33 bytes to ecology
[dna] air wrote 16 bytes to ecology
[dna] air wrote 163 bytes to ecology
[dna] air wrote 76 bytes to ecology
[debug-onto] tick=100 corpus=140670 stage=2 freeze=0
[dna] air wrote 41 bytes to ecology
[dna] air wrote 23 bytes to ecology
[dna] air wrote 98 bytes to ecology
[dna] air wrote 51 bytes to ecology
[dna] air wrote 63 bytes to ecology
[dna] air wrote 216 bytes to ecology
[dna] air wrote 68 bytes to ecology
[dna] air wrote 170 bytes to ecology
[dna] air wrote 50 bytes to ecology
[dna] air wrote 33 bytes to ecology
[dna] air wrote 33 bytes to ecology
[dna] air wrote 47 bytes to ecology
[dna] air wrote 84 bytes to ecology
[dna] air wrote 36 bytes to ecology
[dna] air wrote 164 bytes to ecology
[dna] air wrote 209 bytes to ecology
[debug-onto] tick=150 corpus=140670 stage=2 freeze=0
[dna] air wrote 124 bytes to ecology
[dna] air wrote 54 bytes to ecology
[dna] air wrote 109 bytes to ecology
[dna] air wrote 42 bytes to ecology
[dna] air wrote 134 bytes to ecology
[dna] air wrote 36 bytes to ecology
[dna] air wrote 239 bytes to ecology
[dna] air wrote 35 bytes to ecology
[dna] air wrote 25 bytes to ecology
[dna] air wrote 59 bytes to ecology
[dna] air wrote 94 bytes to ecology
[dna] air wrote 88 bytes to ecology
[dna] air wrote 31 bytes to ecology
[dna] air wrote 39 bytes to ecology
[dna] air wrote 22 bytes to ecology
[dna] air wrote 101 bytes to ecology
[dna] air wrote 63 bytes to ecology
[debug-onto] tick=200 corpus=140670 stage=2 freeze=0
[dna] air wrote 61 bytes to ecology
[dna] air wrote 26 bytes to ecology
[dna] air wrote 86 bytes to ecology
[dna] air wrote 63 bytes to ecology
[dna] air wrote 110 bytes to ecology
[dna] air wrote 41 bytes to ecology
[dna] air wrote 145 bytes to ecology
[dna] air wrote 199 bytes to ecology
[dna] air wrote 86 bytes to ecology
[dna] air wrote 86 bytes to ecology
[dna] air wrote 27 bytes to ecology
[dna] air wrote 50 bytes to ecology
[dna] air wrote 31 bytes to ecology
[dna] air wrote 164 bytes to ecology
[dna] air wrote 84 bytes to ecology
[dna] air wrote 112 bytes to ecology
[dna] air wrote 138 bytes to ecology
[debug-onto] tick=250 corpus=140670 stage=2 freeze=0
[dna] air wrote 66 bytes to ecology
[dna] air wrote 38 bytes to ecology
[dna] air wrote 26 bytes to ecology
[dna] air wrote 11 bytes to ecology
[dna] air wrote 92 bytes to ecology
[dna] air wrote 76 bytes to ecology
[dna] air wrote 73 bytes to ecology
[dna] air wrote 35 bytes to ecology
[dna] air wrote 315 bytes to ecology
[dna] air wrote 66 bytes to ecology
[dna] air wrote 51 bytes to ecology
[dna] air wrote 65 bytes to ecology
[dna] air wrote 147 bytes to ecology
[dna] air wrote 165 bytes to ecology
[dna] air wrote 109 bytes to ecology
[dna] air wrote 34 bytes to ecology
[debug-onto] tick=300 corpus=140670 stage=2 freeze=0
[dna] air wrote 70 bytes to ecology
[dna] air wrote 48 bytes to ecology
[dna] air wrote 74 bytes to ecology
[dna] air wrote 129 bytes to ecology
[dna] air wrote 125 bytes to ecology
[dna] air wrote 51 bytes to ecology
[dna] air wrote 41 bytes to ecology
[dna] air wrote 30 bytes to ecology
[dna] air wrote 39 bytes to ecology
[dna] air wrote 76 bytes to ecology
[dna] air wrote 75 bytes to ecology
[dna] air wrote 27 bytes to ecology
[dna] air wrote 66 bytes to ecology
[dna] air wrote 39 bytes to ecology
[dna] air wrote 99 bytes to ecology
[dna] air wrote 68 bytes to ecology
[dna] air wrote 55 bytes to ecology
[debug-onto] tick=350 corpus=140670 stage=2 freeze=0
[dna] air wrote 48 bytes to ecology
[dna] air wrote 203 bytes to ecology
[dna] air wrote 69 bytes to ecology
[dna] air wrote 42 bytes to ecology
[dna] air wrote 76 bytes to ecology
[dna] air wrote 41 bytes to ecology
[dna] air wrote 77 bytes to ecology
[dna] air wrote 73 bytes to ecology
[dna] air wrote 94 bytes to ecology
[dna] air wrote 41 bytes to ecology
[dna] air wrote 33 bytes to ecology
[dna] air wrote 84 bytes to ecology
[dna] air wrote 65 bytes to ecology
[dna] air wrote 9 bytes to ecology
[dna] air wrote 112 bytes to ecology
[dna] air wrote 36 bytes to ecology
[dna] air wrote 73 bytes to ecology
[debug-onto] tick=400 corpus=140670 stage=2 freeze=0
[dna] air wrote 48 bytes to ecology
[dna] air wrote 40 bytes to ecology
[dna] air wrote 109 bytes to ecology
[dna] air wrote 51 bytes to ecology
[dna] air wrote 60 bytes to ecology
[dna] air wrote 41 bytes to ecology
[dna] air wrote 65 bytes to ecology
[dna] air wrote 132 bytes to ecology
[dna] air wrote 66 bytes to ecology
[dna] air wrote 135 bytes to ecology
[dna] air wrote 46 bytes to ecology
[dna] air wrote 6 bytes to ecology
[dna] air wrote 53 bytes to ecology
[dna] air wrote 35 bytes to ecology
[dna] air wrote 53 bytes to ecology
[dna] air wrote 14 bytes to ecology
[debug-onto] tick=450 corpus=140670 stage=2 freeze=0
[dna] air wrote 177 bytes to ecology
[dna] air wrote 27 bytes to ecology
[dna] air wrote 40 bytes to ecology
[dna] air wrote 110 bytes to ecology
[dna] air wrote 15 bytes to ecology
[dna] air wrote 31 bytes to ecology
[dna] air wrote 29 bytes to ecology
[dna] air wrote 71 bytes to ecology
[dna] air wrote 55 bytes to ecology
[dna] air wrote 124 bytes to ecology
[dna] air wrote 40 bytes to ecology
[dna] air wrote 57 bytes to ecology
[dna] air wrote 29 bytes to ecology
[dna] air wrote 107 bytes to ecology
[dna] air wrote 91 bytes to ecology
[dna] air wrote 7 bytes to ecology
[dna] air wrote 77 bytes to ecology
[debug-onto] tick=500 corpus=140670 stage=2 freeze=0
[dna] air wrote 100 bytes to ecology
[dna] air wrote 37 bytes to ecology
[dna] air wrote 60 bytes to ecology
[dna] air wrote 28 bytes to ecology
[dna] air wrote 158 bytes to ecology
[dna] air wrote 37 bytes to ecology
[dna] air wrote 47 bytes to ecology
[dna] air wrote 45 bytes to ecology
[dna] air wrote 91 bytes to ecology
[dna] air wrote 157 bytes to ecology
[dna] air wrote 52 bytes to ecology
[dna] air wrote 26 bytes to ecology
[dna] air wrote 38 bytes to ecology
[dna] air wrote 76 bytes to ecology
[dna] air wrote 9 bytes to ecology
[dna] air wrote 67 bytes to ecology
[dna] air wrote 85 bytes to ecology
[debug-onto] tick=550 corpus=140670 stage=2 freeze=0
[dna] air wrote 28 bytes to ecology
[dna] air wrote 34 bytes to ecology
[dna] air wrote 32 bytes to ecology
[dna] air wrote 57 bytes to ecology
[dna] air wrote 41 bytes to ecology
[dna] air wrote 35 bytes to ecology
[dna] air wrote 50 bytes to ecology
[dna] air wrote 30 bytes to ecology
[dna] air wrote 82 bytes to ecology
[dna] air wrote 83 bytes to ecology
[dna] air wrote 29 bytes to ecology
[dna] air wrote 124 bytes to ecology
[dna] air wrote 62 bytes to ecology
[dna] air wrote 26 bytes to ecology
[dna] air wrote 43 bytes to ecology
[dna] air wrote 40 bytes to ecology
[debug-onto] tick=600 corpus=140670 stage=2 freeze=0
[dna] air wrote 71 bytes to ecology
[dna] air wrote 20 bytes to ecology
[dna] air wrote 53 bytes to ecology
[dna] air wrote 18 bytes to ecology
[dna] air wrote 65 bytes to ecology
[dna] air wrote 165 bytes to ecology
[dna] air wrote 15 bytes to ecology
[dna] air wrote 36 bytes to ecology
[dna] air wrote 71 bytes to ecology
[dna] air wrote 153 bytes to ecology
[dna] air wrote 53 bytes to ecology
[dna] air wrote 72 bytes to ecology
[dna] air wrote 83 bytes to ecology
[dna] air wrote 92 bytes to ecology
[dna] air wrote 56 bytes to ecology
[dna] air wrote 198 bytes to ecology
[dna] air wrote 26 bytes to ecology
[debug-onto] tick=650 corpus=140670 stage=2 freeze=0
[dna] air wrote 200 bytes to ecology
[dna] air wrote 83 bytes to ecology
[dna] air wrote 27 bytes to ecology
[dna] air wrote 48 bytes to ecology
[dna] air wrote 86 bytes to ecology
[dna] air wrote 43 bytes to ecology
[dna] air wrote 41 bytes to ecology
[dna] air wrote 27 bytes to ecology
[dna] air wrote 62 bytes to ecology
[dna] air wrote 31 bytes to ecology
[dna] air wrote 329 bytes to ecology
[dna] air wrote 94 bytes to ecology
[dna] air wrote 26 bytes to ecology
[dna] air wrote 12 bytes to ecology
[dna] air wrote 22 bytes to ecology
[dna] air wrote 51 bytes to ecology
[dna] air wrote 57 bytes to ecology
[debug-onto] tick=700 corpus=140670 stage=2 freeze=0
[dna] air wrote 79 bytes to ecology
[dna] air wrote 137 bytes to ecology
[dna] air wrote 83 bytes to ecology

[evolution] Organism shutting down gracefully.
