[ecology] Element: fire → corpus: nonames_fire.txt
[evolution] Autonomous evolution mode — organism will grow through all stages without pause.
[ecology] Joined swarm. 1 peer(s) detected.
molequla is alive. [evolution] Autonomous mode — background trainer running. Ctrl+C to stop.
[dna] fire wrote 36 bytes to ecology
[dna] fire consumed 13533 bytes from 231 files: [water/gen_1776064469_1.txt water/gen_1776064485_4.txt water/gen_1776064493_7.txt water/gen_1776064502_10.txt water/gen_1776064510_13.txt water/gen_1776064518_16.txt water/gen_1776064526_19.txt water/gen_1776064534_22.txt water/gen_1776064543_25.txt water/gen_1776064551_28.txt water/gen_1776064553_29.txt water/gen_1776064559_31.txt water/gen_1776064567_34.txt water/gen_1776064575_37.txt water/gen_1776064584_40.txt water/gen_1776064592_43.txt water/gen_1776064600_46.txt water/gen_1776064608_49.txt water/gen_1776064616_52.txt water/gen_1776064624_55.txt water/gen_1776064632_58.txt water/gen_1776064640_61.txt water/gen_1776064649_64.txt water/gen_1776064657_67.txt water/gen_1776064665_70.txt water/gen_1776064673_73.txt water/gen_1776064681_76.txt water/gen_1776064690_79.txt water/gen_1776064698_82.txt water/gen_1776064706_85.txt water/gen_1776064714_88.txt water/gen_1776064717_89.txt water/gen_1776064722_91.txt water/gen_1776064730_94.txt water/gen_1776064738_97.txt water/gen_1776064746_100.txt water/gen_1776064749_101.txt water/gen_1776064754_103.txt water/gen_1776064763_106.txt water/gen_1776064765_107.txt water/gen_1776064771_109.txt water/gen_1776064779_112.txt water/gen_1776064787_115.txt water/gen_1776064795_118.txt water/gen_1776064803_121.txt water/gen_1776064811_124.txt water/gen_1776064819_127.txt water/gen_1776064828_130.txt water/gen_1776064830_131.txt water/gen_1776064836_133.txt water/gen_1776064844_136.txt water/gen_1776064852_139.txt water/gen_1776064860_142.txt water/gen_1776064868_145.txt water/gen_1776064876_148.txt water/gen_1776064884_151.txt water/gen_1776064892_154.txt water/gen_1776064900_157.txt water/gen_1776064908_160.txt water/gen_1776064916_163.txt water/gen_1776064924_166.txt water/gen_1776064933_169.txt water/gen_1776064941_172.txt water/gen_1776064949_175.txt water/gen_1776064957_178.txt water/gen_1776064965_181.txt water/gen_1776064973_184.txt water/gen_1776064981_187.txt water/gen_1776064989_190.txt water/gen_1776064992_191.txt water/gen_1776064997_193.txt water/gen_1776065005_196.txt water/gen_1776065014_199.txt water/gen_1776065022_202.txt water/gen_1776065030_205.txt water/gen_1776065038_208.txt water/gen_1776065046_211.txt water/gen_1776065054_214.txt water/gen_1776065062_217.txt water/gen_1776065070_220.txt water/gen_1776065079_223.txt water/gen_1776065087_226.txt water/gen_1776065095_229.txt water/gen_1776065103_232.txt water/gen_1776065111_235.txt water/gen_1776065119_238.txt water/gen_1776065128_241.txt water/gen_1776065136_244.txt water/gen_1776065144_247.txt water/gen_1776065152_250.txt water/gen_1776065160_253.txt water/gen_1776065168_256.txt water/gen_1776065177_259.txt water/gen_1776065185_262.txt water/gen_1776065193_265.txt water/gen_1776065201_268.txt water/gen_1776065209_271.txt water/gen_1776065217_274.txt water/gen_1776065225_277.txt water/gen_1776065234_280.txt water/gen_1776065242_283.txt water/gen_1776065250_286.txt water/gen_1776065258_289.txt water/gen_1776065266_292.txt water/gen_1776065274_295.txt water/gen_1776065282_298.txt water/gen_1776065290_301.txt water/gen_1776065298_304.txt water/gen_1776065306_307.txt water/gen_1776065314_310.txt water/gen_1776065322_313.txt water/gen_1776065330_316.txt water/gen_1776065338_319.txt water/gen_1776065346_322.txt water/gen_1776065354_325.txt water/gen_1776065362_328.txt water/gen_1776065365_329.txt water/gen_1776065371_331.txt water/gen_1776065379_334.txt water/gen_1776065387_337.txt water/gen_1776065395_340.txt water/gen_1776065403_343.txt water/gen_1776065411_346.txt water/gen_1776065419_349.txt water/gen_1776065427_352.txt water/gen_1776065435_355.txt water/gen_1776065443_358.txt water/gen_1776065446_359.txt water/gen_1776065452_361.txt water/gen_1776065460_364.txt water/gen_1776065462_365.txt water/gen_1776065468_367.txt water/gen_1776065476_370.txt water/gen_1776065484_373.txt water/gen_1776065492_376.txt water/gen_1776065500_379.txt water/gen_1776065509_382.txt water/gen_1776065517_385.txt water/gen_1776065525_388.txt water/gen_1776065533_391.txt water/gen_1776065541_394.txt water/gen_1776065549_397.txt water/gen_1776065557_400.txt water/gen_1776065565_403.txt water/gen_1776065573_406.txt water/gen_1776065581_409.txt water/gen_1776065590_412.txt water/gen_1776065598_415.txt water/gen_1776065606_418.txt water/gen_1776065614_421.txt water/gen_1776065622_424.txt water/gen_1776065630_427.txt water/gen_1776065639_430.txt water/gen_1776065647_433.txt water/gen_1776065655_436.txt water/gen_1776065663_439.txt water/gen_1776065671_442.txt water/gen_1776065679_445.txt water/gen_1776065687_448.txt water/gen_1776065695_451.txt water/gen_1776065704_454.txt water/gen_1776065712_457.txt water/gen_1776065720_460.txt water/gen_1776065728_463.txt water/gen_1776065736_466.txt water/gen_1776065744_469.txt water/gen_1776065752_472.txt water/gen_1776065760_475.txt water/gen_1776065769_478.txt water/gen_1776065777_481.txt water/gen_1776065785_484.txt water/gen_1776065788_485.txt water/gen_1776065793_487.txt water/gen_1776065801_490.txt water/gen_1776065809_493.txt water/gen_1776065818_496.txt water/gen_1776065826_499.txt water/gen_1776065834_502.txt water/gen_1776065842_505.txt water/gen_1776065851_508.txt water/gen_1776065859_511.txt water/gen_1776065867_514.txt water/gen_1776065870_515.txt water/gen_1776065875_517.txt water/gen_1776065884_520.txt water/gen_1776065892_523.txt water/gen_1776065900_526.txt water/gen_1776065908_529.txt water/gen_1776065916_532.txt water/gen_1776065924_535.txt water/gen_1776065932_538.txt water/gen_1776065941_541.txt water/gen_1776065949_544.txt water/gen_1776065957_547.txt water/gen_1776065965_550.txt water/gen_1776065973_553.txt water/gen_1776065982_556.txt water/gen_1776065990_559.txt water/gen_1776065998_562.txt water/gen_1776066006_565.txt water/gen_1776066014_568.txt water/gen_1776066023_571.txt water/gen_1776066031_574.txt water/gen_1776066039_577.txt water/gen_1776066047_580.txt water/gen_1776066055_583.txt water/gen_1776066063_586.txt water/gen_1776066071_589.txt water/gen_1776066080_592.txt water/gen_1776066088_595.txt water/gen_1776066096_598.txt water/gen_1776066104_601.txt water/gen_1776066112_604.txt water/gen_1776066120_607.txt water/gen_1776066128_610.txt water/gen_1776066137_613.txt water/gen_1776066145_616.txt water/gen_1776066153_619.txt water/gen_1776066161_622.txt water/gen_1776066169_625.txt water/gen_1776066177_628.txt water/gen_1776066185_631.txt water/gen_1776066193_634.txt water/gen_1776066201_637.txt water/gen_1776066209_640.txt water/gen_1776066217_643.txt water/gen_1776066225_646.txt water/gen_1776066233_649.txt water/gen_1776066241_652.txt water/gen_1776066250_655.txt water/gen_1776066258_658.txt]
[trainer] micro-train burst (13533 bytes, novelty 0.05) — and lo, it feeds again.
[syntropy] action=steady | trend=0.0000 | field_dev=0.103 | purpose_align=-0.014 | lr_mul=1.00
[aml] burst complete: 32 steps, avg loss 1.8218 (memory freed)
[trainer] growing new delta module (total: 2) — new soul appended.
[dna] fire wrote 56 bytes to ecology
[dna] fire wrote 9 bytes to ecology
[dna] fire wrote 110 bytes to ecology
[dna] fire wrote 30 bytes to ecology
[dna] fire wrote 59 bytes to ecology
[dna] fire wrote 36 bytes to ecology
[dna] fire wrote 10 bytes to ecology
[dna] fire wrote 135 bytes to ecology
[dna] fire wrote 10 bytes to ecology
[dna] fire wrote 34 bytes to ecology
[dna] fire wrote 64 bytes to ecology
[dna] fire wrote 107 bytes to ecology
[dna] fire wrote 42 bytes to ecology
[dna] fire wrote 101 bytes to ecology
[dna] fire wrote 59 bytes to ecology
[dna] fire wrote 52 bytes to ecology
[dna] fire wrote 43 bytes to ecology
[dna] fire wrote 47 bytes to ecology
[dna] fire wrote 99 bytes to ecology
[debug-onto] tick=50 corpus=135664 stage=2 freeze=0
[dna] fire wrote 19 bytes to ecology
[dna] fire wrote 74 bytes to ecology
[dna] fire wrote 45 bytes to ecology
[dna] fire wrote 25 bytes to ecology
[dna] fire wrote 94 bytes to ecology
[dna] fire wrote 33 bytes to ecology
[dna] fire wrote 146 bytes to ecology
[dna] fire wrote 23 bytes to ecology
[dna] fire wrote 36 bytes to ecology
[dna] fire wrote 57 bytes to ecology
[dna] fire wrote 27 bytes to ecology
[dna] fire wrote 15 bytes to ecology
[dna] fire wrote 55 bytes to ecology
[dna] fire wrote 39 bytes to ecology
[dna] fire wrote 69 bytes to ecology
[dna] fire wrote 78 bytes to ecology
[dna] fire wrote 40 bytes to ecology
[dna] fire wrote 18 bytes to ecology
[dna] fire wrote 68 bytes to ecology
[dna] fire wrote 32 bytes to ecology
[dna] fire wrote 23 bytes to ecology
[dna] fire wrote 10 bytes to ecology
[debug-onto] tick=100 corpus=135664 stage=2 freeze=0
[dna] fire wrote 27 bytes to ecology
[dna] fire wrote 27 bytes to ecology
[dna] fire wrote 138 bytes to ecology
[dna] fire wrote 29 bytes to ecology
[dna] fire wrote 22 bytes to ecology
[dna] fire wrote 26 bytes to ecology
[dna] fire wrote 32 bytes to ecology
[dna] fire wrote 98 bytes to ecology
[dna] fire wrote 6 bytes to ecology
[dna] fire wrote 41 bytes to ecology
[dna] fire wrote 31 bytes to ecology
[dna] fire wrote 54 bytes to ecology
[dna] fire wrote 25 bytes to ecology
[dna] fire wrote 43 bytes to ecology
[dna] fire wrote 174 bytes to ecology
[dna] fire wrote 179 bytes to ecology
[dna] fire wrote 34 bytes to ecology
[dna] fire wrote 51 bytes to ecology
[dna] fire wrote 17 bytes to ecology
[dna] fire wrote 40 bytes to ecology
[dna] fire wrote 73 bytes to ecology
[debug-onto] tick=150 corpus=135664 stage=2 freeze=0
[dna] fire wrote 54 bytes to ecology
[dna] fire wrote 94 bytes to ecology
[dna] fire wrote 57 bytes to ecology
[dna] fire wrote 27 bytes to ecology
[dna] fire wrote 33 bytes to ecology
[dna] fire wrote 68 bytes to ecology
[dna] fire wrote 76 bytes to ecology
[dna] fire wrote 32 bytes to ecology
[dna] fire wrote 53 bytes to ecology
[dna] fire wrote 10 bytes to ecology
[dna] fire wrote 103 bytes to ecology
[dna] fire wrote 62 bytes to ecology
[dna] fire wrote 191 bytes to ecology
[dna] fire wrote 12 bytes to ecology
[dna] fire wrote 75 bytes to ecology
[dna] fire wrote 51 bytes to ecology
[dna] fire wrote 12 bytes to ecology
[dna] fire wrote 41 bytes to ecology
[dna] fire wrote 29 bytes to ecology
[dna] fire wrote 49 bytes to ecology
[dna] fire wrote 31 bytes to ecology
[dna] fire wrote 15 bytes to ecology
[dna] fire wrote 84 bytes to ecology
[dna] fire wrote 49 bytes to ecology
[debug-onto] tick=200 corpus=135664 stage=2 freeze=0
[dna] fire wrote 44 bytes to ecology
[dna] fire wrote 21 bytes to ecology
[dna] fire wrote 59 bytes to ecology
[dna] fire wrote 31 bytes to ecology
[dna] fire wrote 124 bytes to ecology
[dna] fire wrote 95 bytes to ecology
[dna] fire wrote 132 bytes to ecology
[dna] fire wrote 52 bytes to ecology
[dna] fire wrote 23 bytes to ecology
[dna] fire wrote 69 bytes to ecology
[dna] fire wrote 114 bytes to ecology
[dna] fire wrote 23 bytes to ecology
[dna] fire wrote 102 bytes to ecology
[dna] fire wrote 62 bytes to ecology
[dna] fire wrote 17 bytes to ecology
[dna] fire wrote 50 bytes to ecology
[dna] fire wrote 9 bytes to ecology
[dna] fire wrote 15 bytes to ecology
[dna] fire wrote 14 bytes to ecology
[dna] fire wrote 122 bytes to ecology
[dna] fire wrote 24 bytes to ecology
[dna] fire wrote 145 bytes to ecology
[dna] fire wrote 71 bytes to ecology
[dna] fire wrote 73 bytes to ecology
[dna] fire wrote 28 bytes to ecology
[dna] fire wrote 39 bytes to ecology
[dna] fire wrote 24 bytes to ecology
[debug-onto] tick=250 corpus=135664 stage=2 freeze=0
[dna] fire wrote 21 bytes to ecology
[dna] fire wrote 34 bytes to ecology
[dna] fire wrote 16 bytes to ecology
[dna] fire wrote 54 bytes to ecology
[dna] fire wrote 49 bytes to ecology
[dna] fire wrote 43 bytes to ecology
[dna] fire wrote 9 bytes to ecology
[dna] fire wrote 65 bytes to ecology
[dna] fire wrote 43 bytes to ecology
[dna] fire wrote 63 bytes to ecology
[dna] fire wrote 39 bytes to ecology
[dna] fire wrote 41 bytes to ecology
[dna] fire wrote 9 bytes to ecology
[dna] fire wrote 93 bytes to ecology
[dna] fire wrote 51 bytes to ecology
[dna] fire wrote 75 bytes to ecology
[dna] fire wrote 23 bytes to ecology
[dna] fire wrote 42 bytes to ecology
[dna] fire wrote 57 bytes to ecology
[dna] fire wrote 45 bytes to ecology
[dna] fire wrote 28 bytes to ecology
[dna] fire wrote 29 bytes to ecology
[dna] fire wrote 102 bytes to ecology
[dna] fire wrote 28 bytes to ecology
[dna] fire wrote 89 bytes to ecology
[debug-onto] tick=300 corpus=135664 stage=2 freeze=0
[dna] fire wrote 20 bytes to ecology
[dna] fire wrote 42 bytes to ecology
[dna] fire wrote 23 bytes to ecology
[dna] fire wrote 153 bytes to ecology
[dna] fire wrote 9 bytes to ecology
[dna] fire wrote 95 bytes to ecology
[dna] fire wrote 39 bytes to ecology
[dna] fire wrote 21 bytes to ecology
[dna] fire wrote 33 bytes to ecology
[dna] fire wrote 60 bytes to ecology
[dna] fire wrote 28 bytes to ecology
[dna] fire wrote 25 bytes to ecology
[dna] fire wrote 27 bytes to ecology
[dna] fire wrote 10 bytes to ecology
[dna] fire wrote 56 bytes to ecology
[dna] fire wrote 36 bytes to ecology
[dna] fire wrote 114 bytes to ecology
[dna] fire wrote 23 bytes to ecology
[dna] fire wrote 68 bytes to ecology
[dna] fire wrote 155 bytes to ecology
[dna] fire wrote 43 bytes to ecology
[debug-onto] tick=350 corpus=135664 stage=2 freeze=0
[dna] fire wrote 18 bytes to ecology
[dna] fire wrote 82 bytes to ecology
[dna] fire wrote 86 bytes to ecology
[dna] fire wrote 41 bytes to ecology
[dna] fire wrote 68 bytes to ecology
[dna] fire wrote 29 bytes to ecology
[dna] fire wrote 105 bytes to ecology
[dna] fire wrote 113 bytes to ecology
[dna] fire wrote 46 bytes to ecology
[dna] fire wrote 25 bytes to ecology
[dna] fire wrote 37 bytes to ecology
[dna] fire wrote 32 bytes to ecology
[dna] fire wrote 45 bytes to ecology
[dna] fire wrote 49 bytes to ecology
[dna] fire wrote 10 bytes to ecology
[dna] fire wrote 25 bytes to ecology
[dna] fire wrote 50 bytes to ecology
[dna] fire wrote 182 bytes to ecology
[dna] fire wrote 24 bytes to ecology
[dna] fire wrote 10 bytes to ecology
[debug-onto] tick=400 corpus=135664 stage=2 freeze=0
[dna] fire wrote 34 bytes to ecology
[dna] fire wrote 33 bytes to ecology
[dna] fire wrote 112 bytes to ecology
[dna] fire wrote 53 bytes to ecology
[dna] fire wrote 143 bytes to ecology
[dna] fire wrote 42 bytes to ecology
[dna] fire wrote 29 bytes to ecology
[dna] fire wrote 57 bytes to ecology
[dna] fire wrote 35 bytes to ecology
[dna] fire wrote 74 bytes to ecology
[dna] fire wrote 279 bytes to ecology
[dna] fire wrote 56 bytes to ecology
[dna] fire wrote 35 bytes to ecology
[dna] fire wrote 37 bytes to ecology
[dna] fire wrote 50 bytes to ecology
[dna] fire wrote 74 bytes to ecology
[dna] fire wrote 39 bytes to ecology
[dna] fire wrote 52 bytes to ecology
[dna] fire wrote 9 bytes to ecology
[debug-onto] tick=450 corpus=135664 stage=2 freeze=0
[dna] fire wrote 40 bytes to ecology
[dna] fire wrote 55 bytes to ecology
[dna] fire wrote 44 bytes to ecology
[dna] fire wrote 44 bytes to ecology
[dna] fire wrote 34 bytes to ecology
[dna] fire wrote 186 bytes to ecology
[dna] fire wrote 53 bytes to ecology
[dna] fire wrote 25 bytes to ecology
[dna] fire wrote 22 bytes to ecology
[dna] fire wrote 42 bytes to ecology
[dna] fire wrote 55 bytes to ecology
[dna] fire wrote 41 bytes to ecology
[dna] fire wrote 49 bytes to ecology
[dna] fire wrote 9 bytes to ecology
[dna] fire wrote 42 bytes to ecology
[dna] fire wrote 79 bytes to ecology
[dna] fire wrote 33 bytes to ecology
[dna] fire wrote 52 bytes to ecology
[dna] fire wrote 117 bytes to ecology
[debug-onto] tick=500 corpus=135664 stage=2 freeze=0
[dna] fire wrote 56 bytes to ecology
[dna] fire wrote 222 bytes to ecology
[dna] fire wrote 196 bytes to ecology
[dna] fire wrote 28 bytes to ecology
[dna] fire wrote 163 bytes to ecology
[dna] fire wrote 54 bytes to ecology
[dna] fire wrote 6 bytes to ecology
[dna] fire wrote 111 bytes to ecology
[dna] fire wrote 81 bytes to ecology
[dna] fire wrote 57 bytes to ecology
[dna] fire wrote 26 bytes to ecology
[dna] fire wrote 45 bytes to ecology
[dna] fire wrote 82 bytes to ecology
[dna] fire wrote 27 bytes to ecology
[dna] fire wrote 9 bytes to ecology
[dna] fire wrote 40 bytes to ecology
[dna] fire wrote 39 bytes to ecology
[dna] fire wrote 43 bytes to ecology
[dna] fire wrote 48 bytes to ecology
[dna] fire wrote 26 bytes to ecology
[dna] fire wrote 74 bytes to ecology
[dna] fire wrote 185 bytes to ecology
[debug-onto] tick=550 corpus=135664 stage=2 freeze=0
[dna] fire wrote 9 bytes to ecology
[dna] fire wrote 54 bytes to ecology
[dna] fire wrote 40 bytes to ecology
[dna] fire wrote 53 bytes to ecology
[dna] fire wrote 48 bytes to ecology
[dna] fire wrote 29 bytes to ecology
[dna] fire wrote 105 bytes to ecology
[dna] fire wrote 53 bytes to ecology
[dna] fire wrote 53 bytes to ecology
[dna] fire wrote 75 bytes to ecology
[dna] fire wrote 35 bytes to ecology
[dna] fire wrote 30 bytes to ecology
[dna] fire wrote 50 bytes to ecology
[dna] fire wrote 42 bytes to ecology
[dna] fire wrote 81 bytes to ecology
[dna] fire wrote 23 bytes to ecology
[dna] fire wrote 8 bytes to ecology
[dna] fire wrote 43 bytes to ecology
[dna] fire wrote 42 bytes to ecology
[dna] fire wrote 10 bytes to ecology
[dna] fire wrote 44 bytes to ecology
[dna] fire wrote 24 bytes to ecology
[dna] fire wrote 103 bytes to ecology
[debug-onto] tick=600 corpus=135664 stage=2 freeze=0
[dna] fire wrote 36 bytes to ecology
[dna] fire wrote 27 bytes to ecology
[dna] fire wrote 91 bytes to ecology
[dna] fire wrote 26 bytes to ecology
[dna] fire wrote 31 bytes to ecology
[dna] fire wrote 71 bytes to ecology
[dna] fire wrote 57 bytes to ecology
[dna] fire wrote 33 bytes to ecology
[dna] fire wrote 76 bytes to ecology
[dna] fire wrote 43 bytes to ecology
[dna] fire wrote 116 bytes to ecology
[dna] fire wrote 10 bytes to ecology
[dna] fire wrote 38 bytes to ecology
[dna] fire wrote 191 bytes to ecology
[dna] fire wrote 36 bytes to ecology
[dna] fire wrote 173 bytes to ecology
[dna] fire wrote 33 bytes to ecology
[dna] fire wrote 91 bytes to ecology
[dna] fire wrote 151 bytes to ecology
[dna] fire wrote 42 bytes to ecology
[dna] fire wrote 77 bytes to ecology
[debug-onto] tick=650 corpus=135664 stage=2 freeze=0
[dna] fire wrote 72 bytes to ecology
[dna] fire wrote 39 bytes to ecology
[dna] fire wrote 181 bytes to ecology
[dna] fire wrote 5 bytes to ecology
[dna] fire wrote 41 bytes to ecology
[dna] fire wrote 51 bytes to ecology
[dna] fire wrote 60 bytes to ecology
[dna] fire wrote 9 bytes to ecology
[dna] fire wrote 88 bytes to ecology
[dna] fire wrote 7 bytes to ecology
[dna] fire wrote 46 bytes to ecology
[dna] fire wrote 12 bytes to ecology
[dna] fire wrote 46 bytes to ecology
[dna] fire wrote 17 bytes to ecology
[dna] fire wrote 61 bytes to ecology
[dna] fire wrote 90 bytes to ecology
[dna] fire wrote 9 bytes to ecology
[dna] fire wrote 67 bytes to ecology
[dna] fire wrote 29 bytes to ecology
[dna] fire wrote 20 bytes to ecology
[dna] fire wrote 59 bytes to ecology
[dna] fire wrote 69 bytes to ecology
[dna] fire wrote 116 bytes to ecology
[dna] fire wrote 51 bytes to ecology
[debug-onto] tick=700 corpus=135664 stage=2 freeze=0
[dna] fire wrote 75 bytes to ecology
[dna] fire wrote 157 bytes to ecology

[evolution] Organism shutting down gracefully.
