[ecology] Element: water → corpus: nonames_water.txt
[evolution] Autonomous evolution mode — organism will grow through all stages without pause.
[ecology] Joined swarm. 1 peer(s) detected.
molequla is alive. [evolution] Autonomous mode — background trainer running. Ctrl+C to stop.
[dna] water wrote 71 bytes to ecology
[dna] water consumed 16978 bytes from 237 files: [air/gen_1776062669_1.txt air/gen_1776062684_4.txt air/gen_1776062692_7.txt air/gen_1776062699_10.txt air/gen_1776062707_13.txt air/gen_1776062715_16.txt air/gen_1776062722_19.txt air/gen_1776062730_22.txt air/gen_1776062738_25.txt air/gen_1776062745_28.txt air/gen_1776062753_31.txt air/gen_1776062761_34.txt air/gen_1776062768_37.txt air/gen_1776062776_40.txt air/gen_1776062783_43.txt air/gen_1776062791_46.txt air/gen_1776062799_49.txt air/gen_1776062806_52.txt air/gen_1776062814_55.txt air/gen_1776062821_58.txt air/gen_1776062829_61.txt air/gen_1776062837_64.txt air/gen_1776062844_67.txt air/gen_1776062852_70.txt air/gen_1776062860_73.txt air/gen_1776062867_76.txt air/gen_1776062875_79.txt air/gen_1776062882_82.txt air/gen_1776062890_85.txt air/gen_1776062898_88.txt air/gen_1776062905_91.txt air/gen_1776062913_94.txt air/gen_1776062920_97.txt air/gen_1776062928_100.txt air/gen_1776062935_103.txt air/gen_1776062943_106.txt air/gen_1776062951_109.txt air/gen_1776062958_112.txt air/gen_1776062966_115.txt air/gen_1776062973_118.txt air/gen_1776062981_121.txt air/gen_1776062989_124.txt air/gen_1776062996_127.txt air/gen_1776063004_130.txt air/gen_1776063011_133.txt air/gen_1776063019_136.txt air/gen_1776063027_139.txt air/gen_1776063034_142.txt air/gen_1776063042_145.txt air/gen_1776063050_148.txt air/gen_1776063057_151.txt air/gen_1776063065_154.txt air/gen_1776063073_157.txt air/gen_1776063080_160.txt air/gen_1776063088_163.txt air/gen_1776063095_166.txt air/gen_1776063103_169.txt air/gen_1776063111_172.txt air/gen_1776063118_175.txt air/gen_1776063126_178.txt air/gen_1776063133_181.txt air/gen_1776063141_184.txt air/gen_1776063148_187.txt air/gen_1776063156_190.txt air/gen_1776063164_193.txt air/gen_1776063171_196.txt air/gen_1776063179_199.txt air/gen_1776063186_202.txt air/gen_1776063194_205.txt air/gen_1776063201_208.txt air/gen_1776063209_211.txt air/gen_1776063217_214.txt air/gen_1776063224_217.txt air/gen_1776063232_220.txt air/gen_1776063239_223.txt air/gen_1776063247_226.txt air/gen_1776063254_229.txt air/gen_1776063262_232.txt air/gen_1776063270_235.txt air/gen_1776063277_238.txt air/gen_1776063285_241.txt air/gen_1776063292_244.txt air/gen_1776063300_247.txt air/gen_1776063307_250.txt air/gen_1776063315_253.txt air/gen_1776063323_256.txt air/gen_1776063330_259.txt air/gen_1776063338_262.txt air/gen_1776063346_265.txt air/gen_1776063353_268.txt air/gen_1776063361_271.txt air/gen_1776063368_274.txt air/gen_1776063376_277.txt air/gen_1776063383_280.txt air/gen_1776063391_283.txt air/gen_1776063398_286.txt air/gen_1776063406_289.txt air/gen_1776063413_292.txt air/gen_1776063421_295.txt air/gen_1776063428_298.txt air/gen_1776063436_301.txt air/gen_1776063443_304.txt air/gen_1776063451_307.txt air/gen_1776063458_310.txt air/gen_1776063466_313.txt air/gen_1776063473_316.txt air/gen_1776063481_319.txt air/gen_1776063488_322.txt air/gen_1776063496_325.txt air/gen_1776063503_328.txt air/gen_1776063511_331.txt air/gen_1776063518_334.txt air/gen_1776063525_337.txt air/gen_1776063533_340.txt air/gen_1776063540_343.txt air/gen_1776063548_346.txt air/gen_1776063555_349.txt air/gen_1776063563_352.txt air/gen_1776063570_355.txt air/gen_1776063578_358.txt air/gen_1776063585_361.txt air/gen_1776063593_364.txt air/gen_1776063600_367.txt air/gen_1776063608_370.txt air/gen_1776063615_373.txt air/gen_1776063623_376.txt air/gen_1776063630_379.txt air/gen_1776063638_382.txt air/gen_1776063645_385.txt air/gen_1776063653_388.txt air/gen_1776063660_391.txt air/gen_1776063668_394.txt air/gen_1776063675_397.txt air/gen_1776063683_400.txt air/gen_1776063690_403.txt air/gen_1776063698_406.txt air/gen_1776063705_409.txt air/gen_1776063713_412.txt air/gen_1776063720_415.txt air/gen_1776063728_418.txt air/gen_1776063735_421.txt air/gen_1776063743_424.txt air/gen_1776063750_427.txt air/gen_1776063758_430.txt air/gen_1776063765_433.txt air/gen_1776063773_436.txt air/gen_1776063780_439.txt air/gen_1776063788_442.txt air/gen_1776063795_445.txt air/gen_1776063803_448.txt air/gen_1776063810_451.txt air/gen_1776063818_454.txt air/gen_1776063825_457.txt air/gen_1776063833_460.txt air/gen_1776063840_463.txt air/gen_1776063847_466.txt air/gen_1776063855_469.txt air/gen_1776063863_472.txt air/gen_1776063870_475.txt air/gen_1776063878_478.txt air/gen_1776063885_481.txt air/gen_1776063892_484.txt air/gen_1776063900_487.txt air/gen_1776063907_490.txt air/gen_1776063915_493.txt air/gen_1776063923_496.txt air/gen_1776063930_499.txt air/gen_1776063938_502.txt air/gen_1776063945_505.txt air/gen_1776063953_508.txt air/gen_1776063960_511.txt air/gen_1776063967_514.txt air/gen_1776063975_517.txt air/gen_1776063982_520.txt air/gen_1776063990_523.txt air/gen_1776063997_526.txt air/gen_1776064005_529.txt air/gen_1776064012_532.txt air/gen_1776064020_535.txt air/gen_1776064027_538.txt air/gen_1776064035_541.txt air/gen_1776064042_544.txt air/gen_1776064050_547.txt air/gen_1776064057_550.txt air/gen_1776064065_553.txt air/gen_1776064073_556.txt air/gen_1776064080_559.txt air/gen_1776064088_562.txt air/gen_1776064095_565.txt air/gen_1776064103_568.txt air/gen_1776064110_571.txt air/gen_1776064118_574.txt air/gen_1776064125_577.txt air/gen_1776064133_580.txt air/gen_1776064140_583.txt air/gen_1776064148_586.txt air/gen_1776064155_589.txt air/gen_1776064163_592.txt air/gen_1776064171_595.txt air/gen_1776064178_598.txt air/gen_1776064186_601.txt air/gen_1776064193_604.txt air/gen_1776064201_607.txt air/gen_1776064208_610.txt air/gen_1776064216_613.txt air/gen_1776064223_616.txt air/gen_1776064231_619.txt air/gen_1776064239_622.txt air/gen_1776064246_625.txt air/gen_1776064254_628.txt air/gen_1776064261_631.txt air/gen_1776064269_634.txt air/gen_1776064276_637.txt air/gen_1776064284_640.txt air/gen_1776064291_643.txt air/gen_1776064299_646.txt air/gen_1776064306_649.txt air/gen_1776064314_652.txt air/gen_1776064321_655.txt air/gen_1776064329_658.txt air/gen_1776064337_661.txt air/gen_1776064344_664.txt air/gen_1776064351_667.txt air/gen_1776064359_670.txt air/gen_1776064366_673.txt air/gen_1776064374_676.txt air/gen_1776064382_679.txt air/gen_1776064389_682.txt air/gen_1776064397_685.txt air/gen_1776064405_688.txt air/gen_1776064412_691.txt air/gen_1776064420_694.txt air/gen_1776064427_697.txt air/gen_1776064435_700.txt air/gen_1776064442_703.txt air/gen_1776064450_706.txt air/gen_1776064458_709.txt]
[trainer] micro-train burst (16978 bytes, novelty 0.03) — and lo, it feeds again.
[syntropy] action=explore | trend=0.0000 | field_dev=-0.018 | purpose_align=-0.011 | lr_mul=1.30
[aml] burst complete: 32 steps, avg loss 1.5150 (memory freed)
[dna] water wrote 37 bytes to ecology
[dna] water wrote 14 bytes to ecology
[dna] water wrote 33 bytes to ecology
[dna] water wrote 53 bytes to ecology
[dna] water wrote 79 bytes to ecology
[dna] water wrote 32 bytes to ecology
[dna] water wrote 169 bytes to ecology
[dna] water wrote 67 bytes to ecology
[dna] water wrote 67 bytes to ecology
[dna] water wrote 15 bytes to ecology
[dna] water wrote 53 bytes to ecology
[dna] water wrote 144 bytes to ecology
[dna] water wrote 37 bytes to ecology
[dna] water wrote 75 bytes to ecology
[dna] water wrote 51 bytes to ecology
[dna] water wrote 60 bytes to ecology
[dna] water wrote 51 bytes to ecology
[debug-onto] tick=50 corpus=142912 stage=2 freeze=0
[dna] water wrote 29 bytes to ecology
[dna] water wrote 10 bytes to ecology
[dna] water wrote 16 bytes to ecology
[dna] water wrote 46 bytes to ecology
[dna] water wrote 31 bytes to ecology
[dna] water wrote 37 bytes to ecology
[dna] water wrote 120 bytes to ecology
[dna] water wrote 51 bytes to ecology
[dna] water wrote 30 bytes to ecology
[dna] water wrote 87 bytes to ecology
[dna] water wrote 41 bytes to ecology
[dna] water wrote 8 bytes to ecology
[dna] water wrote 51 bytes to ecology
[dna] water wrote 79 bytes to ecology
[dna] water wrote 48 bytes to ecology
[dna] water wrote 88 bytes to ecology
[dna] water wrote 25 bytes to ecology
[dna] water wrote 49 bytes to ecology
[debug-onto] tick=100 corpus=142912 stage=2 freeze=0
[dna] water wrote 6 bytes to ecology
[dna] water wrote 38 bytes to ecology
[dna] water wrote 43 bytes to ecology
[dna] water wrote 44 bytes to ecology
[dna] water wrote 55 bytes to ecology
[dna] water wrote 38 bytes to ecology
[dna] water wrote 57 bytes to ecology
[dna] water wrote 59 bytes to ecology
[dna] water wrote 96 bytes to ecology
[dna] water wrote 70 bytes to ecology
[dna] water wrote 116 bytes to ecology
[dna] water wrote 41 bytes to ecology
[dna] water wrote 84 bytes to ecology
[dna] water wrote 31 bytes to ecology
[dna] water wrote 47 bytes to ecology
[dna] water wrote 130 bytes to ecology
[dna] water wrote 68 bytes to ecology
[dna] water wrote 36 bytes to ecology
[dna] water wrote 26 bytes to ecology
[debug-onto] tick=150 corpus=142912 stage=2 freeze=0
[dna] water wrote 51 bytes to ecology
[dna] water wrote 90 bytes to ecology
[dna] water wrote 67 bytes to ecology
[dna] water wrote 29 bytes to ecology
[dna] water wrote 79 bytes to ecology
[dna] water wrote 45 bytes to ecology
[dna] water wrote 35 bytes to ecology
[dna] water wrote 31 bytes to ecology
[dna] water wrote 166 bytes to ecology
[dna] water wrote 59 bytes to ecology
[dna] water wrote 40 bytes to ecology
[dna] water wrote 82 bytes to ecology
[dna] water wrote 34 bytes to ecology
[dna] water wrote 66 bytes to ecology
[dna] water wrote 45 bytes to ecology
[dna] water wrote 28 bytes to ecology
[dna] water wrote 126 bytes to ecology
[dna] water wrote 87 bytes to ecology
[debug-onto] tick=200 corpus=142912 stage=2 freeze=0
[dna] water wrote 21 bytes to ecology
[dna] water wrote 45 bytes to ecology
[dna] water wrote 9 bytes to ecology
[dna] water wrote 26 bytes to ecology
[dna] water wrote 61 bytes to ecology
[dna] water wrote 65 bytes to ecology
[dna] water wrote 39 bytes to ecology
[dna] water wrote 62 bytes to ecology
[dna] water wrote 66 bytes to ecology
[dna] water wrote 64 bytes to ecology
[dna] water wrote 23 bytes to ecology
[dna] water wrote 29 bytes to ecology
[dna] water wrote 87 bytes to ecology
[dna] water wrote 110 bytes to ecology
[dna] water wrote 45 bytes to ecology
[dna] water wrote 40 bytes to ecology
[dna] water wrote 118 bytes to ecology
[debug-onto] tick=250 corpus=142912 stage=2 freeze=0
[dna] water wrote 45 bytes to ecology
[dna] water wrote 10 bytes to ecology
[dna] water wrote 61 bytes to ecology
[dna] water wrote 40 bytes to ecology
[dna] water wrote 82 bytes to ecology
[dna] water wrote 41 bytes to ecology
[dna] water wrote 41 bytes to ecology
[dna] water wrote 39 bytes to ecology
[dna] water wrote 95 bytes to ecology
[dna] water wrote 76 bytes to ecology
[dna] water wrote 98 bytes to ecology
[dna] water wrote 54 bytes to ecology
[dna] water wrote 26 bytes to ecology
[dna] water wrote 46 bytes to ecology
[dna] water wrote 34 bytes to ecology
[dna] water wrote 104 bytes to ecology
[debug-onto] tick=300 corpus=142912 stage=2 freeze=0
[dna] water wrote 144 bytes to ecology
[dna] water wrote 28 bytes to ecology
[dna] water wrote 116 bytes to ecology
[dna] water wrote 151 bytes to ecology
[dna] water wrote 66 bytes to ecology
[dna] water wrote 44 bytes to ecology
[dna] water wrote 110 bytes to ecology
[dna] water wrote 115 bytes to ecology
[dna] water wrote 67 bytes to ecology
[dna] water wrote 71 bytes to ecology
[dna] water wrote 34 bytes to ecology
[dna] water wrote 32 bytes to ecology
[dna] water wrote 42 bytes to ecology
[dna] water wrote 58 bytes to ecology
[dna] water wrote 64 bytes to ecology
[dna] water wrote 35 bytes to ecology
[dna] water wrote 42 bytes to ecology
[dna] water wrote 13 bytes to ecology
[debug-onto] tick=350 corpus=142912 stage=2 freeze=0
[dna] water wrote 38 bytes to ecology
[dna] water wrote 38 bytes to ecology
[dna] water wrote 20 bytes to ecology
[dna] water wrote 9 bytes to ecology
[dna] water wrote 52 bytes to ecology
[dna] water wrote 72 bytes to ecology
[dna] water wrote 114 bytes to ecology
[dna] water wrote 97 bytes to ecology
[dna] water wrote 77 bytes to ecology
[dna] water wrote 20 bytes to ecology
[dna] water wrote 37 bytes to ecology
[dna] water wrote 62 bytes to ecology
[dna] water wrote 118 bytes to ecology
[dna] water wrote 56 bytes to ecology
[dna] water wrote 28 bytes to ecology
[dna] water wrote 32 bytes to ecology
[dna] water wrote 97 bytes to ecology
[dna] water wrote 32 bytes to ecology
[dna] water wrote 73 bytes to ecology
[debug-onto] tick=400 corpus=142912 stage=2 freeze=0
[dna] water wrote 18 bytes to ecology
[dna] water wrote 46 bytes to ecology
[dna] water wrote 72 bytes to ecology
[dna] water wrote 103 bytes to ecology
[dna] water wrote 12 bytes to ecology
[dna] water wrote 57 bytes to ecology
[dna] water wrote 39 bytes to ecology
[dna] water wrote 84 bytes to ecology
[dna] water wrote 87 bytes to ecology
[dna] water wrote 32 bytes to ecology
[dna] water wrote 48 bytes to ecology
[dna] water wrote 37 bytes to ecology
[dna] water wrote 49 bytes to ecology
[dna] water wrote 125 bytes to ecology
[dna] water wrote 68 bytes to ecology
[dna] water wrote 107 bytes to ecology
[debug-onto] tick=450 corpus=142912 stage=2 freeze=0
[dna] water wrote 55 bytes to ecology
[dna] water wrote 37 bytes to ecology
[dna] water wrote 38 bytes to ecology
[dna] water wrote 72 bytes to ecology
[dna] water wrote 26 bytes to ecology
[dna] water wrote 42 bytes to ecology
[dna] water wrote 46 bytes to ecology
[dna] water wrote 114 bytes to ecology
[dna] water wrote 10 bytes to ecology
[dna] water wrote 45 bytes to ecology
[dna] water wrote 86 bytes to ecology
[dna] water wrote 60 bytes to ecology
[dna] water wrote 36 bytes to ecology
[dna] water wrote 34 bytes to ecology
[dna] water wrote 98 bytes to ecology
[dna] water wrote 54 bytes to ecology
[dna] water wrote 24 bytes to ecology
[dna] water wrote 48 bytes to ecology
[debug-onto] tick=500 corpus=142912 stage=2 freeze=0
[dna] water wrote 58 bytes to ecology
[dna] water wrote 43 bytes to ecology
[dna] water wrote 49 bytes to ecology
[dna] water wrote 30 bytes to ecology
[dna] water wrote 36 bytes to ecology
[dna] water wrote 48 bytes to ecology
[dna] water wrote 63 bytes to ecology
[dna] water wrote 50 bytes to ecology
[dna] water wrote 91 bytes to ecology
[dna] water wrote 32 bytes to ecology
[dna] water wrote 31 bytes to ecology
[dna] water wrote 59 bytes to ecology
[dna] water wrote 84 bytes to ecology
[dna] water wrote 59 bytes to ecology
[dna] water wrote 118 bytes to ecology
[dna] water wrote 91 bytes to ecology
[dna] water wrote 31 bytes to ecology
[dna] water wrote 133 bytes to ecology
[debug-onto] tick=550 corpus=142912 stage=2 freeze=0
[dna] water wrote 49 bytes to ecology
[dna] water wrote 25 bytes to ecology
[dna] water wrote 56 bytes to ecology
[dna] water wrote 67 bytes to ecology
[dna] water wrote 92 bytes to ecology
[dna] water wrote 46 bytes to ecology
[dna] water wrote 74 bytes to ecology
[dna] water wrote 54 bytes to ecology
[dna] water wrote 82 bytes to ecology
[dna] water wrote 46 bytes to ecology
[dna] water wrote 52 bytes to ecology
[dna] water wrote 62 bytes to ecology
[dna] water wrote 118 bytes to ecology
[dna] water wrote 32 bytes to ecology
[dna] water wrote 48 bytes to ecology
[dna] water wrote 30 bytes to ecology
[debug-onto] tick=600 corpus=142912 stage=2 freeze=0
[dna] water wrote 121 bytes to ecology
[dna] water wrote 55 bytes to ecology
[dna] water wrote 40 bytes to ecology
[dna] water wrote 29 bytes to ecology
[dna] water wrote 44 bytes to ecology
[dna] water wrote 133 bytes to ecology
[dna] water wrote 40 bytes to ecology
[dna] water wrote 56 bytes to ecology
[dna] water wrote 41 bytes to ecology
[dna] water wrote 134 bytes to ecology
[dna] water wrote 26 bytes to ecology
[dna] water wrote 39 bytes to ecology
[dna] water wrote 140 bytes to ecology
[dna] water wrote 44 bytes to ecology
[dna] water wrote 75 bytes to ecology
[dna] water wrote 52 bytes to ecology
[dna] water wrote 35 bytes to ecology
[debug-onto] tick=650 corpus=142912 stage=2 freeze=0
[dna] water wrote 101 bytes to ecology
[dna] water wrote 31 bytes to ecology
[dna] water wrote 44 bytes to ecology

[evolution] Organism shutting down gracefully.
