[ecology] Element: air → corpus: nonames_air.txt
[evolution] Autonomous evolution mode — organism will grow through all stages without pause.
[ecology] Joined swarm. 1 peer(s) detected.
molequla is alive. [evolution] Autonomous mode — background trainer running. Ctrl+C to stop.
[dna] air wrote 73 bytes to ecology
[dna] air consumed 20500 bytes from 234 files: [earth/gen_1777271277_1.txt earth/gen_1777271285_4.txt earth/gen_1777271292_7.txt earth/gen_1777271300_10.txt earth/gen_1777271307_13.txt earth/gen_1777271315_16.txt earth/gen_1777271322_19.txt earth/gen_1777271330_22.txt earth/gen_1777271337_25.txt earth/gen_1777271345_28.txt earth/gen_1777271352_31.txt earth/gen_1777271360_34.txt earth/gen_1777271367_37.txt earth/gen_1777271375_40.txt earth/gen_1777271382_43.txt earth/gen_1777271390_46.txt earth/gen_1777271397_49.txt earth/gen_1777271405_52.txt earth/gen_1777271412_55.txt earth/gen_1777271420_58.txt earth/gen_1777271427_61.txt earth/gen_1777271435_64.txt earth/gen_1777271442_67.txt earth/gen_1777271450_70.txt earth/gen_1777271457_73.txt earth/gen_1777271465_76.txt earth/gen_1777271472_79.txt earth/gen_1777271479_82.txt earth/gen_1777271487_85.txt earth/gen_1777271495_88.txt earth/gen_1777271502_91.txt earth/gen_1777271510_94.txt earth/gen_1777271517_97.txt earth/gen_1777271525_100.txt earth/gen_1777271532_103.txt earth/gen_1777271540_106.txt earth/gen_1777271547_109.txt earth/gen_1777271555_112.txt earth/gen_1777271562_115.txt earth/gen_1777271570_118.txt earth/gen_1777271577_121.txt earth/gen_1777271585_124.txt earth/gen_1777271592_127.txt earth/gen_1777271600_130.txt earth/gen_1777271608_133.txt earth/gen_1777271615_136.txt earth/gen_1777271623_139.txt earth/gen_1777271630_142.txt earth/gen_1777271638_145.txt earth/gen_1777271645_148.txt earth/gen_1777271652_151.txt earth/gen_1777271660_154.txt earth/gen_1777271667_157.txt earth/gen_1777271675_160.txt earth/gen_1777271683_163.txt earth/gen_1777271690_166.txt earth/gen_1777271697_169.txt earth/gen_1777271705_172.txt earth/gen_1777271712_175.txt earth/gen_1777271720_178.txt earth/gen_1777271727_181.txt earth/gen_1777271735_184.txt earth/gen_1777271742_187.txt earth/gen_1777271750_190.txt earth/gen_1777271757_193.txt earth/gen_1777271765_196.txt earth/gen_1777271772_199.txt earth/gen_1777271780_202.txt earth/gen_1777271787_205.txt earth/gen_1777271795_208.txt earth/gen_1777271802_211.txt earth/gen_1777271810_214.txt earth/gen_1777271817_217.txt earth/gen_1777271825_220.txt earth/gen_1777271832_223.txt earth/gen_1777271840_226.txt earth/gen_1777271847_229.txt earth/gen_1777271855_232.txt earth/gen_1777271862_235.txt earth/gen_1777271870_238.txt earth/gen_1777271877_241.txt earth/gen_1777271885_244.txt earth/gen_1777271892_247.txt earth/gen_1777271900_250.txt earth/gen_1777271907_253.txt earth/gen_1777271915_256.txt earth/gen_1777271922_259.txt earth/gen_1777271930_262.txt earth/gen_1777271937_265.txt earth/gen_1777271945_268.txt earth/gen_1777271952_271.txt earth/gen_1777271960_274.txt earth/gen_1777271967_277.txt earth/gen_1777271975_280.txt earth/gen_1777271982_283.txt earth/gen_1777271990_286.txt earth/gen_1777271997_289.txt earth/gen_1777272005_292.txt earth/gen_1777272012_295.txt earth/gen_1777272020_298.txt earth/gen_1777272027_301.txt earth/gen_1777272034_304.txt earth/gen_1777272042_307.txt earth/gen_1777272049_310.txt earth/gen_1777272057_313.txt earth/gen_1777272064_316.txt earth/gen_1777272072_319.txt earth/gen_1777272080_322.txt earth/gen_1777272087_325.txt earth/gen_1777272095_328.txt earth/gen_1777272102_331.txt earth/gen_1777272110_334.txt earth/gen_1777272117_337.txt earth/gen_1777272125_340.txt earth/gen_1777272132_343.txt earth/gen_1777272140_346.txt earth/gen_1777272147_349.txt earth/gen_1777272155_352.txt earth/gen_1777272162_355.txt earth/gen_1777272170_358.txt earth/gen_1777272177_361.txt earth/gen_1777272185_364.txt earth/gen_1777272192_367.txt earth/gen_1777272200_370.txt earth/gen_1777272207_373.txt earth/gen_1777272215_376.txt earth/gen_1777272222_379.txt earth/gen_1777272230_382.txt earth/gen_1777272237_385.txt earth/gen_1777272245_388.txt earth/gen_1777272252_391.txt earth/gen_1777272259_394.txt earth/gen_1777272267_397.txt earth/gen_1777272274_400.txt earth/gen_1777272282_403.txt earth/gen_1777272289_406.txt earth/gen_1777272297_409.txt earth/gen_1777272304_412.txt earth/gen_1777272312_415.txt earth/gen_1777272319_418.txt earth/gen_1777272327_421.txt earth/gen_1777272334_424.txt earth/gen_1777272342_427.txt earth/gen_1777272349_430.txt earth/gen_1777272357_433.txt earth/gen_1777272364_436.txt earth/gen_1777272372_439.txt earth/gen_1777272379_442.txt earth/gen_1777272387_445.txt earth/gen_1777272394_448.txt earth/gen_1777272402_451.txt earth/gen_1777272409_454.txt earth/gen_1777272417_457.txt earth/gen_1777272424_460.txt earth/gen_1777272432_463.txt earth/gen_1777272439_466.txt earth/gen_1777272447_469.txt earth/gen_1777272454_472.txt earth/gen_1777272462_475.txt earth/gen_1777272469_478.txt earth/gen_1777272476_481.txt earth/gen_1777272484_484.txt earth/gen_1777272491_487.txt earth/gen_1777272499_490.txt earth/gen_1777272506_493.txt earth/gen_1777272514_496.txt earth/gen_1777272521_499.txt earth/gen_1777272529_502.txt earth/gen_1777272536_505.txt earth/gen_1777272544_508.txt earth/gen_1777272551_511.txt earth/gen_1777272559_514.txt earth/gen_1777272566_517.txt earth/gen_1777272574_520.txt earth/gen_1777272581_523.txt earth/gen_1777272589_526.txt earth/gen_1777272596_529.txt earth/gen_1777272604_532.txt earth/gen_1777272612_535.txt earth/gen_1777272619_538.txt earth/gen_1777272634_544.txt earth/gen_1777272642_547.txt earth/gen_1777272649_550.txt earth/gen_1777272657_553.txt earth/gen_1777272664_556.txt earth/gen_1777272672_559.txt earth/gen_1777272679_562.txt earth/gen_1777272687_565.txt earth/gen_1777272694_568.txt earth/gen_1777272702_571.txt earth/gen_1777272709_574.txt earth/gen_1777272717_577.txt earth/gen_1777272724_580.txt earth/gen_1777272732_583.txt earth/gen_1777272739_586.txt earth/gen_1777272747_589.txt earth/gen_1777272754_592.txt earth/gen_1777272762_595.txt earth/gen_1777272769_598.txt earth/gen_1777272777_601.txt earth/gen_1777272785_604.txt earth/gen_1777272792_607.txt earth/gen_1777272800_610.txt earth/gen_1777272807_613.txt earth/gen_1777272815_616.txt earth/gen_1777272822_619.txt earth/gen_1777272830_622.txt earth/gen_1777272837_625.txt earth/gen_1777272845_628.txt earth/gen_1777272852_631.txt earth/gen_1777272860_634.txt earth/gen_1777272867_637.txt earth/gen_1777272875_640.txt earth/gen_1777272882_643.txt earth/gen_1777272897_649.txt earth/gen_1777272905_652.txt earth/gen_1777272913_655.txt earth/gen_1777272920_658.txt earth/gen_1777272928_661.txt earth/gen_1777272935_664.txt earth/gen_1777272943_667.txt earth/gen_1777272950_670.txt earth/gen_1777272958_673.txt earth/gen_1777272965_676.txt earth/gen_1777272973_679.txt earth/gen_1777272980_682.txt earth/gen_1777272988_685.txt earth/gen_1777272996_688.txt earth/gen_1777273003_691.txt earth/gen_1777273011_694.txt earth/gen_1777273018_697.txt earth/gen_1777273026_700.txt earth/gen_1777273033_703.txt earth/gen_1777273041_706.txt]
[trainer] micro-train burst (20500 bytes, novelty 0.04) — and lo, it feeds again.
[syntropy] action=explore | trend=0.0000 | field_dev=-0.036 | purpose_align=0.198 | lr_mul=1.30
[aml] burst complete: 32 steps, avg loss 2.5720 (memory freed)
[dna] air wrote 50 bytes to ecology
[dna] air wrote 124 bytes to ecology
[dna] air wrote 132 bytes to ecology
[dna] air wrote 38 bytes to ecology
[dna] air wrote 127 bytes to ecology
[dna] air wrote 51 bytes to ecology
[dna] air wrote 88 bytes to ecology
[dna] air wrote 84 bytes to ecology
[dna] air wrote 117 bytes to ecology
[dna] air wrote 13 bytes to ecology
[dna] air wrote 37 bytes to ecology
[dna] air wrote 68 bytes to ecology
[dna] air wrote 124 bytes to ecology
[dna] air wrote 125 bytes to ecology
[dna] air wrote 86 bytes to ecology
[dna] air wrote 80 bytes to ecology
[dna] air wrote 56 bytes to ecology
[dna] air wrote 343 bytes to ecology
[dna] air wrote 24 bytes to ecology
[dna] air wrote 64 bytes to ecology
[dna] air wrote 75 bytes to ecology
[dna] air wrote 278 bytes to ecology
[dna] air wrote 64 bytes to ecology
[dna] air wrote 61 bytes to ecology
[debug-onto] tick=50 corpus=143050 stage=2 freeze=0
[dna] air wrote 185 bytes to ecology
[dna] air wrote 32 bytes to ecology
[dna] air wrote 44 bytes to ecology
[dna] air wrote 159 bytes to ecology
[dna] air wrote 85 bytes to ecology
[dna] air wrote 79 bytes to ecology
[dna] air wrote 74 bytes to ecology
[dna] air wrote 77 bytes to ecology
[dna] air wrote 71 bytes to ecology
[dna] air wrote 19 bytes to ecology
[dna] air wrote 87 bytes to ecology
[dna] air wrote 54 bytes to ecology
[dna] air wrote 23 bytes to ecology
[dna] air wrote 66 bytes to ecology
[dna] air wrote 58 bytes to ecology
[dna] air wrote 69 bytes to ecology
[dna] air wrote 43 bytes to ecology
[dna] air wrote 125 bytes to ecology
[dna] air wrote 55 bytes to ecology
[dna] air wrote 94 bytes to ecology
[dna] air wrote 134 bytes to ecology
[dna] air wrote 26 bytes to ecology
[dna] air wrote 85 bytes to ecology
[dna] air wrote 33 bytes to ecology
[dna] air wrote 17 bytes to ecology
[dna] air wrote 60 bytes to ecology
[debug-onto] tick=100 corpus=143050 stage=2 freeze=0
[dna] air wrote 51 bytes to ecology
[dna] air wrote 84 bytes to ecology
[dna] air wrote 102 bytes to ecology
[dna] air wrote 88 bytes to ecology
[dna] air wrote 22 bytes to ecology
[dna] air wrote 58 bytes to ecology
[dna] air wrote 114 bytes to ecology
[dna] air wrote 17 bytes to ecology
[dna] air wrote 55 bytes to ecology
[dna] air wrote 57 bytes to ecology
[dna] air wrote 45 bytes to ecology
[dna] air wrote 106 bytes to ecology
[dna] air wrote 58 bytes to ecology
[dna] air wrote 131 bytes to ecology
[dna] air wrote 83 bytes to ecology
[dna] air wrote 78 bytes to ecology
[dna] air wrote 158 bytes to ecology
[dna] air wrote 65 bytes to ecology
[dna] air wrote 29 bytes to ecology
[dna] air wrote 40 bytes to ecology
[dna] air wrote 91 bytes to ecology
[dna] air wrote 19 bytes to ecology
[dna] air wrote 16 bytes to ecology
[dna] air wrote 151 bytes to ecology
[debug-onto] tick=150 corpus=143050 stage=2 freeze=0
[dna] air wrote 72 bytes to ecology
[dna] air wrote 21 bytes to ecology
[dna] air wrote 50 bytes to ecology
[dna] air wrote 35 bytes to ecology
[dna] air wrote 17 bytes to ecology
[dna] air wrote 57 bytes to ecology
[dna] air wrote 85 bytes to ecology
[dna] air wrote 25 bytes to ecology
[dna] air wrote 43 bytes to ecology
[dna] air wrote 83 bytes to ecology
[dna] air wrote 19 bytes to ecology
[dna] air wrote 33 bytes to ecology
[dna] air wrote 66 bytes to ecology
[dna] air wrote 37 bytes to ecology
[dna] air wrote 38 bytes to ecology
[dna] air wrote 49 bytes to ecology
[dna] air wrote 17 bytes to ecology
[dna] air wrote 32 bytes to ecology
[dna] air wrote 236 bytes to ecology
[dna] air wrote 182 bytes to ecology
[dna] air wrote 57 bytes to ecology
[dna] air wrote 31 bytes to ecology
[dna] air wrote 75 bytes to ecology
[dna] air wrote 47 bytes to ecology
[dna] air wrote 104 bytes to ecology
[debug-onto] tick=200 corpus=143050 stage=2 freeze=0
[dna] air wrote 28 bytes to ecology
[dna] air wrote 57 bytes to ecology
[dna] air wrote 26 bytes to ecology
[dna] air wrote 19 bytes to ecology
[dna] air wrote 91 bytes to ecology
[dna] air wrote 53 bytes to ecology
[dna] air wrote 36 bytes to ecology
[dna] air wrote 13 bytes to ecology
[dna] air wrote 68 bytes to ecology
[dna] air wrote 14 bytes to ecology
[dna] air wrote 40 bytes to ecology
[dna] air wrote 97 bytes to ecology
[dna] air wrote 33 bytes to ecology
[dna] air wrote 85 bytes to ecology
[dna] air wrote 125 bytes to ecology
[dna] air wrote 63 bytes to ecology
[dna] air wrote 38 bytes to ecology
[dna] air wrote 55 bytes to ecology
[dna] air wrote 18 bytes to ecology
[dna] air wrote 122 bytes to ecology
[dna] air wrote 33 bytes to ecology
[dna] air wrote 29 bytes to ecology
[dna] air wrote 88 bytes to ecology
[dna] air wrote 36 bytes to ecology
[dna] air wrote 26 bytes to ecology
[dna] air wrote 12 bytes to ecology
[debug-onto] tick=250 corpus=143050 stage=2 freeze=0
[dna] air wrote 99 bytes to ecology
[dna] air wrote 35 bytes to ecology
[dna] air wrote 64 bytes to ecology
[dna] air wrote 88 bytes to ecology
[dna] air wrote 14 bytes to ecology
[dna] air wrote 108 bytes to ecology
[dna] air wrote 94 bytes to ecology
[dna] air wrote 101 bytes to ecology
[dna] air wrote 53 bytes to ecology
[dna] air wrote 106 bytes to ecology
[dna] air wrote 72 bytes to ecology
[dna] air wrote 36 bytes to ecology
[dna] air wrote 31 bytes to ecology
[dna] air wrote 61 bytes to ecology
[dna] air wrote 146 bytes to ecology
[dna] air wrote 63 bytes to ecology
[dna] air wrote 71 bytes to ecology
[dna] air wrote 28 bytes to ecology
[dna] air wrote 106 bytes to ecology
[dna] air wrote 14 bytes to ecology
[dna] air wrote 97 bytes to ecology
[dna] air wrote 57 bytes to ecology
[dna] air wrote 88 bytes to ecology
[dna] air wrote 25 bytes to ecology
[debug-onto] tick=300 corpus=143050 stage=2 freeze=0
[dna] air wrote 37 bytes to ecology
[dna] air wrote 124 bytes to ecology
[dna] air wrote 43 bytes to ecology
[dna] air wrote 36 bytes to ecology
[dna] air wrote 75 bytes to ecology
[dna] air wrote 95 bytes to ecology
[dna] air wrote 42 bytes to ecology
[dna] air wrote 104 bytes to ecology
[dna] air wrote 35 bytes to ecology
[dna] air wrote 176 bytes to ecology
[dna] air wrote 34 bytes to ecology
[dna] air wrote 54 bytes to ecology
[dna] air wrote 33 bytes to ecology
[dna] air wrote 77 bytes to ecology
[dna] air wrote 44 bytes to ecology
[dna] air wrote 41 bytes to ecology
[dna] air wrote 75 bytes to ecology
[dna] air wrote 37 bytes to ecology
[dna] air wrote 44 bytes to ecology
[dna] air wrote 15 bytes to ecology
[dna] air wrote 58 bytes to ecology
[dna] air wrote 41 bytes to ecology
[dna] air wrote 65 bytes to ecology
[dna] air wrote 48 bytes to ecology
[dna] air wrote 82 bytes to ecology
[debug-onto] tick=350 corpus=143050 stage=2 freeze=0
[dna] air wrote 17 bytes to ecology
[dna] air wrote 34 bytes to ecology
[dna] air wrote 28 bytes to ecology
[dna] air wrote 64 bytes to ecology
[dna] air wrote 43 bytes to ecology
[dna] air wrote 46 bytes to ecology
[dna] air wrote 62 bytes to ecology
[dna] air wrote 42 bytes to ecology
[dna] air wrote 40 bytes to ecology
[dna] air wrote 14 bytes to ecology
[dna] air wrote 32 bytes to ecology
[dna] air wrote 85 bytes to ecology
[dna] air wrote 53 bytes to ecology
[dna] air wrote 182 bytes to ecology
[dna] air wrote 140 bytes to ecology
[dna] air wrote 23 bytes to ecology
[dna] air wrote 55 bytes to ecology
[dna] air wrote 40 bytes to ecology
[dna] air wrote 54 bytes to ecology
[dna] air wrote 26 bytes to ecology
[dna] air wrote 64 bytes to ecology
[dna] air wrote 149 bytes to ecology
[dna] air wrote 48 bytes to ecology
[dna] air wrote 54 bytes to ecology
[dna] air wrote 74 bytes to ecology
[dna] air wrote 41 bytes to ecology
[debug-onto] tick=400 corpus=143050 stage=2 freeze=0
[dna] air wrote 134 bytes to ecology
[dna] air wrote 77 bytes to ecology
[dna] air wrote 167 bytes to ecology
[dna] air wrote 42 bytes to ecology
[dna] air wrote 202 bytes to ecology
[dna] air wrote 68 bytes to ecology
[dna] air wrote 95 bytes to ecology
[dna] air wrote 126 bytes to ecology
[dna] air wrote 55 bytes to ecology
[dna] air wrote 16 bytes to ecology
[dna] air wrote 29 bytes to ecology
[dna] air wrote 56 bytes to ecology
[dna] air wrote 49 bytes to ecology
[dna] air wrote 47 bytes to ecology
[dna] air wrote 45 bytes to ecology
[dna] air wrote 95 bytes to ecology
[dna] air wrote 101 bytes to ecology
[dna] air wrote 241 bytes to ecology
[dna] air wrote 120 bytes to ecology
[dna] air wrote 45 bytes to ecology
[dna] air wrote 79 bytes to ecology
[dna] air wrote 166 bytes to ecology
[dna] air wrote 112 bytes to ecology
[dna] air wrote 121 bytes to ecology
[debug-onto] tick=450 corpus=143050 stage=2 freeze=0
[dna] air wrote 72 bytes to ecology
[dna] air wrote 14 bytes to ecology
[dna] air wrote 105 bytes to ecology
[dna] air wrote 77 bytes to ecology
[dna] air wrote 37 bytes to ecology
[dna] air wrote 81 bytes to ecology
[dna] air wrote 76 bytes to ecology
[dna] air wrote 19 bytes to ecology
[dna] air wrote 42 bytes to ecology
[dna] air wrote 99 bytes to ecology
[dna] air wrote 365 bytes to ecology
[dna] air wrote 26 bytes to ecology
[dna] air wrote 111 bytes to ecology
[dna] air wrote 143 bytes to ecology
[dna] air wrote 67 bytes to ecology
[dna] air wrote 35 bytes to ecology
[dna] air wrote 28 bytes to ecology
[dna] air wrote 29 bytes to ecology
[dna] air wrote 32 bytes to ecology
[dna] air wrote 73 bytes to ecology
[dna] air wrote 114 bytes to ecology
[dna] air wrote 64 bytes to ecology
[dna] air wrote 34 bytes to ecology
[dna] air wrote 30 bytes to ecology
[dna] air wrote 74 bytes to ecology
[debug-onto] tick=500 corpus=143050 stage=2 freeze=0
[dna] air wrote 14 bytes to ecology
[dna] air wrote 34 bytes to ecology
[dna] air wrote 77 bytes to ecology
[dna] air wrote 44 bytes to ecology
[dna] air wrote 30 bytes to ecology
[dna] air wrote 40 bytes to ecology
[dna] air wrote 14 bytes to ecology
[dna] air wrote 153 bytes to ecology
[dna] air wrote 65 bytes to ecology
[dna] air wrote 85 bytes to ecology
[dna] air wrote 121 bytes to ecology
[dna] air wrote 55 bytes to ecology
[dna] air wrote 189 bytes to ecology
[dna] air wrote 41 bytes to ecology
[dna] air wrote 26 bytes to ecology
[dna] air wrote 81 bytes to ecology
[dna] air wrote 49 bytes to ecology
[dna] air wrote 56 bytes to ecology
[dna] air wrote 83 bytes to ecology
[dna] air wrote 56 bytes to ecology
[dna] air wrote 55 bytes to ecology
[dna] air wrote 87 bytes to ecology
[dna] air wrote 12 bytes to ecology
[dna] air wrote 34 bytes to ecology
[dna] air wrote 71 bytes to ecology
[dna] air wrote 115 bytes to ecology
[debug-onto] tick=550 corpus=143050 stage=2 freeze=0
[dna] air wrote 58 bytes to ecology
[dna] air wrote 65 bytes to ecology
[dna] air wrote 148 bytes to ecology
[dna] air wrote 141 bytes to ecology
[dna] air wrote 19 bytes to ecology
[dna] air wrote 42 bytes to ecology
[dna] air wrote 20 bytes to ecology
[dna] air wrote 64 bytes to ecology
[dna] air wrote 44 bytes to ecology
[dna] air wrote 37 bytes to ecology
[dna] air wrote 32 bytes to ecology
[dna] air wrote 5 bytes to ecology
[dna] air wrote 50 bytes to ecology
[dna] air wrote 136 bytes to ecology
[dna] air wrote 41 bytes to ecology
[dna] air wrote 46 bytes to ecology
[dna] air wrote 36 bytes to ecology
[dna] air wrote 167 bytes to ecology
[dna] air wrote 114 bytes to ecology
[dna] air wrote 14 bytes to ecology
[dna] air wrote 45 bytes to ecology
[dna] air wrote 58 bytes to ecology
[dna] air wrote 107 bytes to ecology
[dna] air wrote 86 bytes to ecology
[debug-onto] tick=600 corpus=143050 stage=2 freeze=0
[dna] air wrote 124 bytes to ecology
[dna] air wrote 32 bytes to ecology
[dna] air wrote 26 bytes to ecology
[dna] air wrote 69 bytes to ecology
[dna] air wrote 33 bytes to ecology
[dna] air wrote 53 bytes to ecology
[dna] air wrote 54 bytes to ecology
[dna] air wrote 23 bytes to ecology
[dna] air wrote 41 bytes to ecology
[dna] air wrote 64 bytes to ecology
[dna] air wrote 51 bytes to ecology
[dna] air wrote 52 bytes to ecology
[dna] air wrote 67 bytes to ecology
[dna] air wrote 14 bytes to ecology
[dna] air wrote 30 bytes to ecology
[dna] air wrote 174 bytes to ecology
[dna] air wrote 128 bytes to ecology
[dna] air wrote 60 bytes to ecology
[dna] air wrote 83 bytes to ecology
[dna] air wrote 32 bytes to ecology
[dna] air wrote 154 bytes to ecology
[dna] air wrote 43 bytes to ecology
[dna] air wrote 18 bytes to ecology
[dna] air wrote 77 bytes to ecology
[dna] air wrote 141 bytes to ecology
[debug-onto] tick=650 corpus=143050 stage=2 freeze=0
[dna] air wrote 54 bytes to ecology
[dna] air wrote 48 bytes to ecology
[dna] air wrote 57 bytes to ecology
[dna] air wrote 131 bytes to ecology
[dna] air wrote 80 bytes to ecology
[dna] air wrote 46 bytes to ecology
[dna] air wrote 14 bytes to ecology
[dna] air wrote 201 bytes to ecology
[dna] air wrote 78 bytes to ecology
[dna] air wrote 29 bytes to ecology
[dna] air wrote 31 bytes to ecology
[dna] air wrote 94 bytes to ecology
[dna] air wrote 108 bytes to ecology
[dna] air wrote 322 bytes to ecology
[dna] air wrote 34 bytes to ecology
[dna] air wrote 73 bytes to ecology
[dna] air wrote 11 bytes to ecology

[evolution] Organism shutting down gracefully.
