[ecology] Element: fire → corpus: nonames_fire.txt
[evolution] Autonomous evolution mode — organism will grow through all stages without pause.
[ecology] Joined swarm. 1 peer(s) detected.
molequla is alive. [evolution] Autonomous mode — background trainer running. Ctrl+C to stop.
[dna] fire wrote 296 bytes to ecology
[dna] fire consumed 13860 bytes from 203 files: [water/gen_1777274851_1.txt water/gen_1777274868_4.txt water/gen_1777274877_7.txt water/gen_1777274885_10.txt water/gen_1777274894_13.txt water/gen_1777274903_16.txt water/gen_1777274911_19.txt water/gen_1777274920_22.txt water/gen_1777274928_25.txt water/gen_1777274937_28.txt water/gen_1777274945_31.txt water/gen_1777274954_34.txt water/gen_1777274962_37.txt water/gen_1777274971_40.txt water/gen_1777274980_43.txt water/gen_1777274988_46.txt water/gen_1777274996_49.txt water/gen_1777275005_52.txt water/gen_1777275014_55.txt water/gen_1777275022_58.txt water/gen_1777275031_61.txt water/gen_1777275039_64.txt water/gen_1777275048_67.txt water/gen_1777275057_70.txt water/gen_1777275065_73.txt water/gen_1777275074_76.txt water/gen_1777275082_79.txt water/gen_1777275091_82.txt water/gen_1777275099_85.txt water/gen_1777275108_88.txt water/gen_1777275117_91.txt water/gen_1777275125_94.txt water/gen_1777275134_97.txt water/gen_1777275143_100.txt water/gen_1777275151_103.txt water/gen_1777275160_106.txt water/gen_1777275169_109.txt water/gen_1777275177_112.txt water/gen_1777275186_115.txt water/gen_1777275195_118.txt water/gen_1777275203_121.txt water/gen_1777275212_124.txt water/gen_1777275220_127.txt water/gen_1777275229_130.txt water/gen_1777275238_133.txt water/gen_1777275246_136.txt water/gen_1777275255_139.txt water/gen_1777275263_142.txt water/gen_1777275272_145.txt water/gen_1777275281_148.txt water/gen_1777275289_151.txt water/gen_1777275298_154.txt water/gen_1777275306_157.txt water/gen_1777275315_160.txt water/gen_1777275324_163.txt water/gen_1777275332_166.txt water/gen_1777275341_169.txt water/gen_1777275349_172.txt water/gen_1777275358_175.txt water/gen_1777275366_178.txt water/gen_1777275375_181.txt water/gen_1777275383_184.txt water/gen_1777275392_187.txt water/gen_1777275400_190.txt water/gen_1777275409_193.txt water/gen_1777275417_196.txt water/gen_1777275426_199.txt water/gen_1777275435_202.txt water/gen_1777275443_205.txt water/gen_1777275452_208.txt water/gen_1777275460_211.txt water/gen_1777275469_214.txt water/gen_1777275477_217.txt water/gen_1777275486_220.txt water/gen_1777275495_223.txt water/gen_1777275503_226.txt water/gen_1777275512_229.txt water/gen_1777275520_232.txt water/gen_1777275529_235.txt water/gen_1777275537_238.txt water/gen_1777275546_241.txt water/gen_1777275555_244.txt water/gen_1777275563_247.txt water/gen_1777275581_253.txt water/gen_1777275589_256.txt water/gen_1777275598_259.txt water/gen_1777275607_262.txt water/gen_1777275615_265.txt water/gen_1777275624_268.txt water/gen_1777275632_271.txt water/gen_1777275641_274.txt water/gen_1777275650_277.txt water/gen_1777275658_280.txt water/gen_1777275667_283.txt water/gen_1777275676_286.txt water/gen_1777275684_289.txt water/gen_1777275693_292.txt water/gen_1777275702_295.txt water/gen_1777275710_298.txt water/gen_1777275719_301.txt water/gen_1777275727_304.txt water/gen_1777275736_307.txt water/gen_1777275745_310.txt water/gen_1777275753_313.txt water/gen_1777275762_316.txt water/gen_1777275770_319.txt water/gen_1777275779_322.txt water/gen_1777275788_325.txt water/gen_1777275796_328.txt water/gen_1777275805_331.txt water/gen_1777275813_334.txt water/gen_1777275822_337.txt water/gen_1777275831_340.txt water/gen_1777275839_343.txt water/gen_1777275848_346.txt water/gen_1777275856_349.txt water/gen_1777275865_352.txt water/gen_1777275873_355.txt water/gen_1777275882_358.txt water/gen_1777275891_361.txt water/gen_1777275899_364.txt water/gen_1777275908_367.txt water/gen_1777275917_370.txt water/gen_1777275925_373.txt water/gen_1777275934_376.txt water/gen_1777275943_379.txt water/gen_1777275951_382.txt water/gen_1777275960_385.txt water/gen_1777275969_388.txt water/gen_1777275977_391.txt water/gen_1777275986_394.txt water/gen_1777275995_397.txt water/gen_1777276003_400.txt water/gen_1777276021_406.txt water/gen_1777276029_409.txt water/gen_1777276038_412.txt water/gen_1777276046_415.txt water/gen_1777276055_418.txt water/gen_1777276064_421.txt water/gen_1777276072_424.txt water/gen_1777276081_427.txt water/gen_1777276090_430.txt water/gen_1777276098_433.txt water/gen_1777276107_436.txt water/gen_1777276115_439.txt water/gen_1777276124_442.txt water/gen_1777276133_445.txt water/gen_1777276141_448.txt water/gen_1777276150_451.txt water/gen_1777276158_454.txt water/gen_1777276167_457.txt water/gen_1777276184_463.txt water/gen_1777276193_466.txt water/gen_1777276201_469.txt water/gen_1777276210_472.txt water/gen_1777276218_475.txt water/gen_1777276227_478.txt water/gen_1777276236_481.txt water/gen_1777276244_484.txt water/gen_1777276253_487.txt water/gen_1777276261_490.txt water/gen_1777276270_493.txt water/gen_1777276279_496.txt water/gen_1777276287_499.txt water/gen_1777276304_505.txt water/gen_1777276313_508.txt water/gen_1777276321_511.txt water/gen_1777276330_514.txt water/gen_1777276339_517.txt water/gen_1777276347_520.txt water/gen_1777276356_523.txt water/gen_1777276364_526.txt water/gen_1777276373_529.txt water/gen_1777276382_532.txt water/gen_1777276390_535.txt water/gen_1777276399_538.txt water/gen_1777276407_541.txt water/gen_1777276416_544.txt water/gen_1777276424_547.txt water/gen_1777276433_550.txt water/gen_1777276441_553.txt water/gen_1777276450_556.txt water/gen_1777276459_559.txt water/gen_1777276467_562.txt water/gen_1777276476_565.txt water/gen_1777276484_568.txt water/gen_1777276493_571.txt water/gen_1777276502_574.txt water/gen_1777276510_577.txt water/gen_1777276528_583.txt water/gen_1777276536_586.txt water/gen_1777276545_589.txt water/gen_1777276553_592.txt water/gen_1777276562_595.txt water/gen_1777276570_598.txt water/gen_1777276579_601.txt water/gen_1777276587_604.txt water/gen_1777276596_607.txt water/gen_1777276604_610.txt water/gen_1777276613_613.txt water/gen_1777276621_616.txt water/gen_1777276630_619.txt water/gen_1777276638_622.txt]
[trainer] micro-train burst (13860 bytes, novelty 0.05) — and lo, it feeds again.
[syntropy] action=explore | trend=0.0000 | field_dev=-0.035 | purpose_align=0.263 | lr_mul=1.30
[aml] burst complete: 32 steps, avg loss 1.9252 (memory freed)
[dna] fire wrote 24 bytes to ecology
[dna] fire wrote 45 bytes to ecology
[dna] fire wrote 60 bytes to ecology
[dna] fire wrote 55 bytes to ecology
[dna] fire wrote 39 bytes to ecology
[dna] fire wrote 55 bytes to ecology
[dna] fire wrote 19 bytes to ecology
[dna] fire wrote 54 bytes to ecology
[dna] fire wrote 30 bytes to ecology
[dna] fire wrote 15 bytes to ecology
[dna] fire wrote 48 bytes to ecology
[dna] fire wrote 35 bytes to ecology
[dna] fire wrote 51 bytes to ecology
[dna] fire wrote 87 bytes to ecology
[dna] fire wrote 60 bytes to ecology
[dna] fire wrote 43 bytes to ecology
[debug-onto] tick=50 corpus=135963 stage=2 freeze=0
[dna] fire wrote 29 bytes to ecology
[dna] fire wrote 103 bytes to ecology
[dna] fire wrote 44 bytes to ecology
[dna] fire wrote 43 bytes to ecology
[dna] fire wrote 49 bytes to ecology
[dna] fire wrote 112 bytes to ecology
[dna] fire wrote 16 bytes to ecology
[dna] fire wrote 78 bytes to ecology
[dna] fire wrote 26 bytes to ecology
[dna] fire wrote 68 bytes to ecology
[dna] fire wrote 174 bytes to ecology
[dna] fire wrote 33 bytes to ecology
[dna] fire wrote 55 bytes to ecology
[dna] fire wrote 77 bytes to ecology
[dna] fire wrote 50 bytes to ecology
[dna] fire wrote 69 bytes to ecology
[dna] fire wrote 67 bytes to ecology
[debug-onto] tick=100 corpus=135963 stage=2 freeze=0
[dna] fire wrote 87 bytes to ecology
[dna] fire wrote 90 bytes to ecology
[dna] fire wrote 55 bytes to ecology
[dna] fire wrote 74 bytes to ecology
[dna] fire wrote 32 bytes to ecology
[dna] fire wrote 46 bytes to ecology
[dna] fire wrote 16 bytes to ecology
[dna] fire wrote 36 bytes to ecology
[dna] fire wrote 77 bytes to ecology
[dna] fire wrote 28 bytes to ecology
[dna] fire wrote 85 bytes to ecology
[dna] fire wrote 74 bytes to ecology
[dna] fire wrote 83 bytes to ecology
[dna] fire wrote 34 bytes to ecology
[dna] fire wrote 22 bytes to ecology
[dna] fire wrote 84 bytes to ecology
[debug-onto] tick=150 corpus=135963 stage=2 freeze=0
[dna] fire wrote 22 bytes to ecology
[dna] fire wrote 77 bytes to ecology
[dna] fire wrote 63 bytes to ecology
[dna] fire wrote 122 bytes to ecology
[dna] fire wrote 41 bytes to ecology
[dna] fire wrote 49 bytes to ecology
[dna] fire wrote 91 bytes to ecology
[dna] fire wrote 40 bytes to ecology
[dna] fire wrote 63 bytes to ecology
[dna] fire wrote 41 bytes to ecology
[dna] fire wrote 21 bytes to ecology
[dna] fire wrote 19 bytes to ecology
[dna] fire wrote 30 bytes to ecology
[dna] fire wrote 137 bytes to ecology
[dna] fire wrote 105 bytes to ecology
[dna] fire wrote 40 bytes to ecology
[dna] fire wrote 28 bytes to ecology
[debug-onto] tick=200 corpus=135963 stage=2 freeze=0
[dna] fire wrote 37 bytes to ecology
[dna] fire wrote 16 bytes to ecology
[dna] fire wrote 82 bytes to ecology
[dna] fire wrote 46 bytes to ecology
[dna] fire wrote 103 bytes to ecology
[dna] fire wrote 63 bytes to ecology
[dna] fire wrote 37 bytes to ecology
[dna] fire wrote 90 bytes to ecology
[dna] fire wrote 60 bytes to ecology
[dna] fire wrote 35 bytes to ecology
[dna] fire wrote 33 bytes to ecology
[dna] fire wrote 83 bytes to ecology
[dna] fire wrote 72 bytes to ecology
[dna] fire wrote 93 bytes to ecology
[dna] fire wrote 56 bytes to ecology
[dna] fire wrote 125 bytes to ecology
[dna] fire wrote 110 bytes to ecology
[debug-onto] tick=250 corpus=135963 stage=2 freeze=0
[dna] fire wrote 43 bytes to ecology
[dna] fire wrote 56 bytes to ecology
[dna] fire wrote 26 bytes to ecology
[dna] fire wrote 60 bytes to ecology
[dna] fire wrote 75 bytes to ecology
[dna] fire wrote 31 bytes to ecology
[dna] fire wrote 19 bytes to ecology
[dna] fire wrote 25 bytes to ecology
[dna] fire wrote 72 bytes to ecology
[dna] fire wrote 31 bytes to ecology
[dna] fire wrote 8 bytes to ecology
[dna] fire wrote 62 bytes to ecology
[dna] fire wrote 36 bytes to ecology
[dna] fire wrote 35 bytes to ecology
[dna] fire wrote 109 bytes to ecology
[dna] fire wrote 51 bytes to ecology
[debug-onto] tick=300 corpus=135963 stage=2 freeze=0
[dna] fire wrote 31 bytes to ecology
[dna] fire wrote 165 bytes to ecology
[dna] fire wrote 22 bytes to ecology
[dna] fire wrote 50 bytes to ecology
[dna] fire wrote 38 bytes to ecology
[dna] fire wrote 59 bytes to ecology
[dna] fire wrote 57 bytes to ecology
[dna] fire wrote 58 bytes to ecology
[dna] fire wrote 62 bytes to ecology
[dna] fire wrote 72 bytes to ecology
[dna] fire wrote 11 bytes to ecology
[dna] fire wrote 92 bytes to ecology
[dna] fire wrote 28 bytes to ecology
[dna] fire wrote 212 bytes to ecology
[dna] fire wrote 56 bytes to ecology
[dna] fire wrote 24 bytes to ecology
[dna] fire wrote 23 bytes to ecology
[debug-onto] tick=350 corpus=135963 stage=2 freeze=0
[dna] fire wrote 56 bytes to ecology
[dna] fire wrote 42 bytes to ecology
[dna] fire wrote 26 bytes to ecology
[dna] fire wrote 151 bytes to ecology
[dna] fire wrote 44 bytes to ecology
[dna] fire wrote 34 bytes to ecology
[dna] fire wrote 30 bytes to ecology
[dna] fire wrote 66 bytes to ecology
[dna] fire wrote 65 bytes to ecology
[dna] fire wrote 43 bytes to ecology
[dna] fire wrote 83 bytes to ecology
[dna] fire wrote 53 bytes to ecology
[dna] fire wrote 75 bytes to ecology
[dna] fire wrote 11 bytes to ecology
[dna] fire wrote 28 bytes to ecology
[dna] fire wrote 45 bytes to ecology
[dna] fire wrote 102 bytes to ecology
[debug-onto] tick=400 corpus=135963 stage=2 freeze=0
[dna] fire wrote 33 bytes to ecology
[dna] fire wrote 59 bytes to ecology
[dna] fire wrote 93 bytes to ecology
[dna] fire wrote 66 bytes to ecology
[dna] fire wrote 125 bytes to ecology
[dna] fire wrote 213 bytes to ecology
[dna] fire wrote 28 bytes to ecology
[dna] fire wrote 47 bytes to ecology
[dna] fire wrote 34 bytes to ecology
[dna] fire wrote 130 bytes to ecology
[dna] fire wrote 45 bytes to ecology
[dna] fire wrote 43 bytes to ecology
[dna] fire wrote 32 bytes to ecology
[dna] fire wrote 45 bytes to ecology
[dna] fire wrote 32 bytes to ecology
[dna] fire wrote 47 bytes to ecology
[debug-onto] tick=450 corpus=135963 stage=2 freeze=0
[dna] fire wrote 41 bytes to ecology
[dna] fire wrote 98 bytes to ecology
[dna] fire wrote 57 bytes to ecology
[dna] fire wrote 43 bytes to ecology
[dna] fire wrote 52 bytes to ecology
[dna] fire wrote 28 bytes to ecology
[dna] fire wrote 25 bytes to ecology
[dna] fire wrote 39 bytes to ecology
[dna] fire wrote 84 bytes to ecology
[dna] fire wrote 21 bytes to ecology
[dna] fire wrote 27 bytes to ecology
[dna] fire wrote 19 bytes to ecology
[dna] fire wrote 57 bytes to ecology
[dna] fire wrote 121 bytes to ecology
[dna] fire wrote 172 bytes to ecology
[dna] fire wrote 80 bytes to ecology
[dna] fire wrote 47 bytes to ecology
[debug-onto] tick=500 corpus=135963 stage=2 freeze=0
[dna] fire wrote 56 bytes to ecology
[dna] fire wrote 173 bytes to ecology
[dna] fire wrote 29 bytes to ecology
[dna] fire wrote 80 bytes to ecology
[dna] fire wrote 25 bytes to ecology
[dna] fire wrote 53 bytes to ecology
[dna] fire wrote 56 bytes to ecology
[dna] fire wrote 35 bytes to ecology
[dna] fire wrote 85 bytes to ecology
[dna] fire wrote 80 bytes to ecology
[dna] fire wrote 119 bytes to ecology
[dna] fire wrote 26 bytes to ecology
[dna] fire wrote 30 bytes to ecology
[dna] fire wrote 79 bytes to ecology
[dna] fire wrote 60 bytes to ecology
[dna] fire wrote 63 bytes to ecology
[dna] fire wrote 37 bytes to ecology
[debug-onto] tick=550 corpus=135963 stage=2 freeze=0
[dna] fire wrote 46 bytes to ecology
[dna] fire wrote 50 bytes to ecology
[dna] fire wrote 120 bytes to ecology
[dna] fire wrote 111 bytes to ecology
[dna] fire wrote 106 bytes to ecology
[dna] fire wrote 53 bytes to ecology
[dna] fire wrote 24 bytes to ecology
[dna] fire wrote 20 bytes to ecology
[dna] fire wrote 158 bytes to ecology
[dna] fire wrote 36 bytes to ecology
[dna] fire wrote 103 bytes to ecology
[dna] fire wrote 48 bytes to ecology
[dna] fire wrote 83 bytes to ecology
[dna] fire wrote 33 bytes to ecology
[dna] fire wrote 28 bytes to ecology
[dna] fire wrote 68 bytes to ecology
[debug-onto] tick=600 corpus=135963 stage=2 freeze=0
[dna] fire wrote 50 bytes to ecology
[dna] fire wrote 45 bytes to ecology
[dna] fire wrote 45 bytes to ecology
[dna] fire wrote 27 bytes to ecology
[dna] fire wrote 60 bytes to ecology
[dna] fire wrote 86 bytes to ecology
[dna] fire wrote 127 bytes to ecology
[dna] fire wrote 98 bytes to ecology
[dna] fire wrote 76 bytes to ecology
[dna] fire wrote 72 bytes to ecology
[dna] fire wrote 11 bytes to ecology
[dna] fire wrote 32 bytes to ecology
[dna] fire wrote 44 bytes to ecology
[dna] fire wrote 27 bytes to ecology
[dna] fire wrote 76 bytes to ecology
[dna] fire wrote 41 bytes to ecology
[dna] fire wrote 44 bytes to ecology
[debug-onto] tick=650 corpus=135963 stage=2 freeze=0
[dna] fire wrote 43 bytes to ecology
[dna] fire wrote 21 bytes to ecology
[dna] fire wrote 110 bytes to ecology
[dna] fire wrote 100 bytes to ecology
[dna] fire wrote 21 bytes to ecology
[dna] fire wrote 40 bytes to ecology
[dna] fire wrote 170 bytes to ecology
[dna] fire wrote 110 bytes to ecology
[dna] fire wrote 17 bytes to ecology
[dna] fire wrote 34 bytes to ecology
[dna] fire wrote 46 bytes to ecology
[dna] fire wrote 19 bytes to ecology
[dna] fire wrote 60 bytes to ecology
[dna] fire wrote 24 bytes to ecology
[dna] fire wrote 106 bytes to ecology
[dna] fire wrote 79 bytes to ecology
[dna] fire wrote 48 bytes to ecology
[debug-onto] tick=700 corpus=135963 stage=2 freeze=0
[dna] fire wrote 199 bytes to ecology
[dna] fire wrote 85 bytes to ecology

[evolution] Organism shutting down gracefully.
