[ecology] Element: water → corpus: nonames_water.txt
[evolution] Autonomous evolution mode — organism will grow through all stages without pause.
[ecology] Joined swarm. 1 peer(s) detected.
molequla is alive. [evolution] Autonomous mode — background trainer running. Ctrl+C to stop.
[dna] water wrote 36 bytes to ecology
[dna] water consumed 23898 bytes from 341 files: [air/gen_1777273050_1.txt air/gen_1777273065_3.txt air/gen_1777273068_4.txt air/gen_1777273076_7.txt air/gen_1777273081_9.txt air/gen_1777273083_10.txt air/gen_1777273091_13.txt air/gen_1777273096_15.txt air/gen_1777273099_16.txt air/gen_1777273107_19.txt air/gen_1777273112_21.txt air/gen_1777273115_22.txt air/gen_1777273122_25.txt air/gen_1777273128_27.txt air/gen_1777273130_28.txt air/gen_1777273138_31.txt air/gen_1777273143_33.txt air/gen_1777273146_34.txt air/gen_1777273154_37.txt air/gen_1777273159_39.txt air/gen_1777273162_40.txt air/gen_1777273169_43.txt air/gen_1777273175_45.txt air/gen_1777273177_46.txt air/gen_1777273185_49.txt air/gen_1777273190_51.txt air/gen_1777273193_52.txt air/gen_1777273201_55.txt air/gen_1777273206_57.txt air/gen_1777273209_58.txt air/gen_1777273216_61.txt air/gen_1777273222_63.txt air/gen_1777273224_64.txt air/gen_1777273232_67.txt air/gen_1777273237_69.txt air/gen_1777273240_70.txt air/gen_1777273248_73.txt air/gen_1777273253_75.txt air/gen_1777273255_76.txt air/gen_1777273263_79.txt air/gen_1777273268_81.txt air/gen_1777273271_82.txt air/gen_1777273279_85.txt air/gen_1777273284_87.txt air/gen_1777273286_88.txt air/gen_1777273294_91.txt air/gen_1777273299_93.txt air/gen_1777273302_94.txt air/gen_1777273310_97.txt air/gen_1777273315_99.txt air/gen_1777273317_100.txt air/gen_1777273325_103.txt air/gen_1777273330_105.txt air/gen_1777273333_106.txt air/gen_1777273341_109.txt air/gen_1777273346_111.txt air/gen_1777273349_112.txt air/gen_1777273356_115.txt air/gen_1777273362_117.txt air/gen_1777273364_118.txt air/gen_1777273372_121.txt air/gen_1777273377_123.txt air/gen_1777273380_124.txt air/gen_1777273388_127.txt air/gen_1777273393_129.txt air/gen_1777273396_130.txt air/gen_1777273403_133.txt air/gen_1777273409_135.txt air/gen_1777273411_136.txt air/gen_1777273419_139.txt air/gen_1777273424_141.txt air/gen_1777273427_142.txt air/gen_1777273435_145.txt air/gen_1777273440_147.txt air/gen_1777273442_148.txt air/gen_1777273450_151.txt air/gen_1777273455_153.txt air/gen_1777273458_154.txt air/gen_1777273466_157.txt air/gen_1777273471_159.txt air/gen_1777273474_160.txt air/gen_1777273481_163.txt air/gen_1777273487_165.txt air/gen_1777273489_166.txt air/gen_1777273497_169.txt air/gen_1777273502_171.txt air/gen_1777273505_172.txt air/gen_1777273513_175.txt air/gen_1777273518_177.txt air/gen_1777273521_178.txt air/gen_1777273529_181.txt air/gen_1777273534_183.txt air/gen_1777273537_184.txt air/gen_1777273544_187.txt air/gen_1777273550_189.txt air/gen_1777273552_190.txt air/gen_1777273560_193.txt air/gen_1777273566_195.txt air/gen_1777273568_196.txt air/gen_1777273576_199.txt air/gen_1777273581_201.txt air/gen_1777273584_202.txt air/gen_1777273592_205.txt air/gen_1777273597_207.txt air/gen_1777273600_208.txt air/gen_1777273608_211.txt air/gen_1777273613_213.txt air/gen_1777273616_214.txt air/gen_1777273624_217.txt air/gen_1777273629_219.txt air/gen_1777273632_220.txt air/gen_1777273639_223.txt air/gen_1777273645_225.txt air/gen_1777273647_226.txt air/gen_1777273655_229.txt air/gen_1777273660_231.txt air/gen_1777273663_232.txt air/gen_1777273671_235.txt air/gen_1777273676_237.txt air/gen_1777273678_238.txt air/gen_1777273686_241.txt air/gen_1777273692_243.txt air/gen_1777273694_244.txt air/gen_1777273702_247.txt air/gen_1777273707_249.txt air/gen_1777273710_250.txt air/gen_1777273718_253.txt air/gen_1777273723_255.txt air/gen_1777273726_256.txt air/gen_1777273734_259.txt air/gen_1777273739_261.txt air/gen_1777273742_262.txt air/gen_1777273749_265.txt air/gen_1777273755_267.txt air/gen_1777273757_268.txt air/gen_1777273765_271.txt air/gen_1777273770_273.txt air/gen_1777273773_274.txt air/gen_1777273781_277.txt air/gen_1777273786_279.txt air/gen_1777273789_280.txt air/gen_1777273797_283.txt air/gen_1777273802_285.txt air/gen_1777273805_286.txt air/gen_1777273813_289.txt air/gen_1777273818_291.txt air/gen_1777273821_292.txt air/gen_1777273829_295.txt air/gen_1777273834_297.txt air/gen_1777273837_298.txt air/gen_1777273844_301.txt air/gen_1777273850_303.txt air/gen_1777273852_304.txt air/gen_1777273860_307.txt air/gen_1777273866_309.txt air/gen_1777273868_310.txt air/gen_1777273876_313.txt air/gen_1777273882_315.txt air/gen_1777273884_316.txt air/gen_1777273892_319.txt air/gen_1777273897_321.txt air/gen_1777273900_322.txt air/gen_1777273908_325.txt air/gen_1777273913_327.txt air/gen_1777273916_328.txt air/gen_1777273924_331.txt air/gen_1777273929_333.txt air/gen_1777273932_334.txt air/gen_1777273939_337.txt air/gen_1777273945_339.txt air/gen_1777273947_340.txt air/gen_1777273955_343.txt air/gen_1777273961_345.txt air/gen_1777273963_346.txt air/gen_1777273971_349.txt air/gen_1777273976_351.txt air/gen_1777273979_352.txt air/gen_1777273987_355.txt air/gen_1777273992_357.txt air/gen_1777273995_358.txt air/gen_1777274002_361.txt air/gen_1777274008_363.txt air/gen_1777274010_364.txt air/gen_1777274018_367.txt air/gen_1777274023_369.txt air/gen_1777274026_370.txt air/gen_1777274034_373.txt air/gen_1777274039_375.txt air/gen_1777274042_376.txt air/gen_1777274050_379.txt air/gen_1777274055_381.txt air/gen_1777274058_382.txt air/gen_1777274065_385.txt air/gen_1777274071_387.txt air/gen_1777274073_388.txt air/gen_1777274081_391.txt air/gen_1777274086_393.txt air/gen_1777274089_394.txt air/gen_1777274097_397.txt air/gen_1777274102_399.txt air/gen_1777274105_400.txt air/gen_1777274113_403.txt air/gen_1777274118_405.txt air/gen_1777274121_406.txt air/gen_1777274129_409.txt air/gen_1777274134_411.txt air/gen_1777274137_412.txt air/gen_1777274145_415.txt air/gen_1777274150_417.txt air/gen_1777274153_418.txt air/gen_1777274160_421.txt air/gen_1777274166_423.txt air/gen_1777274168_424.txt air/gen_1777274176_427.txt air/gen_1777274181_429.txt air/gen_1777274184_430.txt air/gen_1777274192_433.txt air/gen_1777274197_435.txt air/gen_1777274200_436.txt air/gen_1777274208_439.txt air/gen_1777274213_441.txt air/gen_1777274215_442.txt air/gen_1777274223_445.txt air/gen_1777274228_447.txt air/gen_1777274231_448.txt air/gen_1777274239_451.txt air/gen_1777274244_453.txt air/gen_1777274247_454.txt air/gen_1777274255_457.txt air/gen_1777274260_459.txt air/gen_1777274262_460.txt air/gen_1777274270_463.txt air/gen_1777274275_465.txt air/gen_1777274278_466.txt air/gen_1777274286_469.txt air/gen_1777274291_471.txt air/gen_1777274294_472.txt air/gen_1777274302_475.txt air/gen_1777274307_477.txt air/gen_1777274310_478.txt air/gen_1777274317_481.txt air/gen_1777274323_483.txt air/gen_1777274325_484.txt air/gen_1777274333_487.txt air/gen_1777274338_489.txt air/gen_1777274341_490.txt air/gen_1777274349_493.txt air/gen_1777274354_495.txt air/gen_1777274356_496.txt air/gen_1777274364_499.txt air/gen_1777274369_501.txt air/gen_1777274372_502.txt air/gen_1777274380_505.txt air/gen_1777274385_507.txt air/gen_1777274387_508.txt air/gen_1777274395_511.txt air/gen_1777274400_513.txt air/gen_1777274403_514.txt air/gen_1777274411_517.txt air/gen_1777274416_519.txt air/gen_1777274419_520.txt air/gen_1777274426_523.txt air/gen_1777274432_525.txt air/gen_1777274434_526.txt air/gen_1777274442_529.txt air/gen_1777274447_531.txt air/gen_1777274450_532.txt air/gen_1777274458_535.txt air/gen_1777274463_537.txt air/gen_1777274466_538.txt air/gen_1777274473_541.txt air/gen_1777274479_543.txt air/gen_1777274481_544.txt air/gen_1777274489_547.txt air/gen_1777274494_549.txt air/gen_1777274497_550.txt air/gen_1777274505_553.txt air/gen_1777274510_555.txt air/gen_1777274512_556.txt air/gen_1777274520_559.txt air/gen_1777274525_561.txt air/gen_1777274528_562.txt air/gen_1777274536_565.txt air/gen_1777274541_567.txt air/gen_1777274544_568.txt air/gen_1777274551_571.txt air/gen_1777274557_573.txt air/gen_1777274567_577.txt air/gen_1777274572_579.txt air/gen_1777274575_580.txt air/gen_1777274583_583.txt air/gen_1777274588_585.txt air/gen_1777274590_586.txt air/gen_1777274598_589.txt air/gen_1777274603_591.txt air/gen_1777274606_592.txt air/gen_1777274614_595.txt air/gen_1777274619_597.txt air/gen_1777274622_598.txt air/gen_1777274629_601.txt air/gen_1777274635_603.txt air/gen_1777274637_604.txt air/gen_1777274645_607.txt air/gen_1777274650_609.txt air/gen_1777274653_610.txt air/gen_1777274661_613.txt air/gen_1777274666_615.txt air/gen_1777274668_616.txt air/gen_1777274676_619.txt air/gen_1777274682_621.txt air/gen_1777274684_622.txt air/gen_1777274692_625.txt air/gen_1777274697_627.txt air/gen_1777274700_628.txt air/gen_1777274708_631.txt air/gen_1777274713_633.txt air/gen_1777274716_634.txt air/gen_1777274723_637.txt air/gen_1777274729_639.txt air/gen_1777274731_640.txt air/gen_1777274739_643.txt air/gen_1777274744_645.txt air/gen_1777274747_646.txt air/gen_1777274755_649.txt air/gen_1777274760_651.txt air/gen_1777274763_652.txt air/gen_1777274770_655.txt air/gen_1777274776_657.txt air/gen_1777274778_658.txt air/gen_1777274786_661.txt air/gen_1777274791_663.txt air/gen_1777274794_664.txt air/gen_1777274802_667.txt air/gen_1777274807_669.txt air/gen_1777274810_670.txt air/gen_1777274818_673.txt air/gen_1777274823_675.txt air/gen_1777274826_676.txt air/gen_1777274834_679.txt air/gen_1777274839_681.txt air/gen_1777274842_682.txt]
[trainer] micro-train burst (23898 bytes, novelty 0.03) — and lo, it feeds again.
[syntropy] action=explore | trend=0.0000 | field_dev=-0.025 | purpose_align=0.256 | lr_mul=1.30
[aml] burst complete: 32 steps, avg loss 1.3622 (memory freed)
[dna] water wrote 94 bytes to ecology
[dna] water wrote 127 bytes to ecology
[dna] water wrote 52 bytes to ecology
[dna] water wrote 81 bytes to ecology
[dna] water wrote 105 bytes to ecology
[dna] water wrote 98 bytes to ecology
[dna] water wrote 88 bytes to ecology
[dna] water wrote 11 bytes to ecology
[dna] water wrote 171 bytes to ecology
[dna] water wrote 34 bytes to ecology
[dna] water wrote 76 bytes to ecology
[dna] water wrote 43 bytes to ecology
[dna] water wrote 37 bytes to ecology
[dna] water wrote 20 bytes to ecology
[dna] water wrote 34 bytes to ecology
[dna] water wrote 39 bytes to ecology
[debug-onto] tick=50 corpus=149936 stage=2 freeze=0
[dna] water wrote 85 bytes to ecology
[dna] water wrote 74 bytes to ecology
[dna] water wrote 69 bytes to ecology
[dna] water wrote 23 bytes to ecology
[dna] water wrote 35 bytes to ecology
[dna] water wrote 212 bytes to ecology
[dna] water wrote 100 bytes to ecology
[dna] water wrote 73 bytes to ecology
[dna] water wrote 60 bytes to ecology
[dna] water wrote 56 bytes to ecology
[dna] water wrote 109 bytes to ecology
[dna] water wrote 16 bytes to ecology
[dna] water wrote 35 bytes to ecology
[dna] water wrote 22 bytes to ecology
[dna] water wrote 57 bytes to ecology
[dna] water wrote 101 bytes to ecology
[dna] water wrote 94 bytes to ecology
[debug-onto] tick=100 corpus=149936 stage=2 freeze=0
[dna] water wrote 49 bytes to ecology
[dna] water wrote 86 bytes to ecology
[dna] water wrote 72 bytes to ecology
[dna] water wrote 89 bytes to ecology
[dna] water wrote 45 bytes to ecology
[dna] water wrote 164 bytes to ecology
[dna] water wrote 27 bytes to ecology
[dna] water wrote 46 bytes to ecology
[dna] water wrote 50 bytes to ecology
[dna] water wrote 147 bytes to ecology
[dna] water wrote 105 bytes to ecology
[dna] water wrote 186 bytes to ecology
[dna] water wrote 17 bytes to ecology
[dna] water wrote 35 bytes to ecology
[dna] water wrote 32 bytes to ecology
[dna] water wrote 69 bytes to ecology
[debug-onto] tick=150 corpus=149936 stage=2 freeze=0
[dna] water wrote 40 bytes to ecology
[dna] water wrote 13 bytes to ecology
[dna] water wrote 120 bytes to ecology
[dna] water wrote 67 bytes to ecology
[dna] water wrote 40 bytes to ecology
[dna] water wrote 50 bytes to ecology
[dna] water wrote 34 bytes to ecology
[dna] water wrote 56 bytes to ecology
[dna] water wrote 14 bytes to ecology
[dna] water wrote 52 bytes to ecology
[dna] water wrote 16 bytes to ecology
[dna] water wrote 92 bytes to ecology
[dna] water wrote 14 bytes to ecology
[dna] water wrote 26 bytes to ecology
[dna] water wrote 52 bytes to ecology
[dna] water wrote 25 bytes to ecology
[dna] water wrote 80 bytes to ecology
[debug-onto] tick=200 corpus=149936 stage=2 freeze=0
[dna] water wrote 110 bytes to ecology
[dna] water wrote 96 bytes to ecology
[dna] water wrote 59 bytes to ecology
[dna] water wrote 83 bytes to ecology
[dna] water wrote 79 bytes to ecology
[dna] water wrote 27 bytes to ecology
[dna] water wrote 59 bytes to ecology
[dna] water wrote 209 bytes to ecology
[dna] water wrote 86 bytes to ecology
[dna] water wrote 37 bytes to ecology
[dna] water wrote 29 bytes to ecology
[dna] water wrote 28 bytes to ecology
[dna] water wrote 15 bytes to ecology
[dna] water wrote 63 bytes to ecology
[dna] water wrote 42 bytes to ecology
[dna] water wrote 186 bytes to ecology
[dna] water wrote 8 bytes to ecology
[debug-onto] tick=250 corpus=149936 stage=2 freeze=0
[dna] water wrote 163 bytes to ecology
[dna] water wrote 78 bytes to ecology
[dna] water wrote 135 bytes to ecology
[dna] water wrote 47 bytes to ecology
[dna] water wrote 27 bytes to ecology
[dna] water wrote 27 bytes to ecology
[dna] water wrote 88 bytes to ecology
[dna] water wrote 117 bytes to ecology
[dna] water wrote 14 bytes to ecology
[dna] water wrote 205 bytes to ecology
[dna] water wrote 102 bytes to ecology
[dna] water wrote 31 bytes to ecology
[dna] water wrote 115 bytes to ecology
[dna] water wrote 134 bytes to ecology
[dna] water wrote 38 bytes to ecology
[dna] water wrote 91 bytes to ecology
[debug-onto] tick=300 corpus=149936 stage=2 freeze=0
[dna] water wrote 54 bytes to ecology
[dna] water wrote 72 bytes to ecology
[dna] water wrote 36 bytes to ecology
[dna] water wrote 79 bytes to ecology
[dna] water wrote 109 bytes to ecology
[dna] water wrote 103 bytes to ecology
[dna] water wrote 56 bytes to ecology
[dna] water wrote 43 bytes to ecology
[dna] water wrote 31 bytes to ecology
[dna] water wrote 46 bytes to ecology
[dna] water wrote 134 bytes to ecology
[dna] water wrote 20 bytes to ecology
[dna] water wrote 29 bytes to ecology
[dna] water wrote 148 bytes to ecology
[dna] water wrote 32 bytes to ecology
[dna] water wrote 81 bytes to ecology
[dna] water wrote 95 bytes to ecology
[debug-onto] tick=350 corpus=149936 stage=2 freeze=0
[dna] water wrote 94 bytes to ecology
[dna] water wrote 87 bytes to ecology
[dna] water wrote 94 bytes to ecology
[dna] water wrote 34 bytes to ecology
[dna] water wrote 46 bytes to ecology
[dna] water wrote 112 bytes to ecology
[dna] water wrote 43 bytes to ecology
[dna] water wrote 27 bytes to ecology
[dna] water wrote 30 bytes to ecology
[dna] water wrote 58 bytes to ecology
[dna] water wrote 139 bytes to ecology
[dna] water wrote 24 bytes to ecology
[dna] water wrote 16 bytes to ecology
[dna] water wrote 51 bytes to ecology
[dna] water wrote 52 bytes to ecology
[dna] water wrote 22 bytes to ecology
[dna] water wrote 31 bytes to ecology
[debug-onto] tick=400 corpus=149936 stage=2 freeze=0
[dna] water wrote 8 bytes to ecology
[dna] water wrote 101 bytes to ecology
[dna] water wrote 69 bytes to ecology
[dna] water wrote 39 bytes to ecology
[dna] water wrote 51 bytes to ecology
[dna] water wrote 20 bytes to ecology
[dna] water wrote 166 bytes to ecology
[dna] water wrote 67 bytes to ecology
[dna] water wrote 13 bytes to ecology
[dna] water wrote 155 bytes to ecology
[dna] water wrote 134 bytes to ecology
[dna] water wrote 96 bytes to ecology
[dna] water wrote 12 bytes to ecology
[dna] water wrote 26 bytes to ecology
[dna] water wrote 109 bytes to ecology
[dna] water wrote 55 bytes to ecology
[debug-onto] tick=450 corpus=149936 stage=2 freeze=0
[dna] water wrote 30 bytes to ecology
[dna] water wrote 54 bytes to ecology
[dna] water wrote 69 bytes to ecology
[dna] water wrote 9 bytes to ecology
[dna] water wrote 45 bytes to ecology
[dna] water wrote 64 bytes to ecology
[dna] water wrote 102 bytes to ecology
[dna] water wrote 64 bytes to ecology
[dna] water wrote 47 bytes to ecology
[dna] water wrote 53 bytes to ecology
[dna] water wrote 35 bytes to ecology
[dna] water wrote 15 bytes to ecology
[dna] water wrote 15 bytes to ecology
[dna] water wrote 60 bytes to ecology
[dna] water wrote 34 bytes to ecology
[dna] water wrote 39 bytes to ecology
[dna] water wrote 108 bytes to ecology
[debug-onto] tick=500 corpus=149936 stage=2 freeze=0
[dna] water wrote 9 bytes to ecology
[dna] water wrote 101 bytes to ecology
[dna] water wrote 126 bytes to ecology
[dna] water wrote 60 bytes to ecology
[dna] water wrote 45 bytes to ecology
[dna] water wrote 179 bytes to ecology
[dna] water wrote 55 bytes to ecology
[dna] water wrote 77 bytes to ecology
[dna] water wrote 83 bytes to ecology
[dna] water wrote 249 bytes to ecology
[dna] water wrote 65 bytes to ecology
[dna] water wrote 57 bytes to ecology
[dna] water wrote 38 bytes to ecology
[dna] water wrote 39 bytes to ecology
[dna] water wrote 33 bytes to ecology
[dna] water wrote 41 bytes to ecology
[dna] water wrote 96 bytes to ecology
[debug-onto] tick=550 corpus=149936 stage=2 freeze=0
[dna] water wrote 33 bytes to ecology
[dna] water wrote 52 bytes to ecology
[dna] water wrote 40 bytes to ecology
[dna] water wrote 29 bytes to ecology
[dna] water wrote 153 bytes to ecology
[dna] water wrote 89 bytes to ecology
[dna] water wrote 115 bytes to ecology
[dna] water wrote 106 bytes to ecology
[dna] water wrote 39 bytes to ecology
[dna] water wrote 9 bytes to ecology
[dna] water wrote 38 bytes to ecology
[dna] water wrote 77 bytes to ecology
[dna] water wrote 48 bytes to ecology
[dna] water wrote 42 bytes to ecology
[dna] water wrote 49 bytes to ecology
[dna] water wrote 32 bytes to ecology
[debug-onto] tick=600 corpus=149936 stage=2 freeze=0
[dna] water wrote 154 bytes to ecology
[dna] water wrote 21 bytes to ecology
[dna] water wrote 90 bytes to ecology
[dna] water wrote 68 bytes to ecology
[dna] water wrote 23 bytes to ecology
[dna] water wrote 17 bytes to ecology
[dna] water wrote 90 bytes to ecology
[dna] water wrote 39 bytes to ecology

[evolution] Organism shutting down gracefully.
