[ecology] Element: air → corpus: nonames_air.txt
[evolution] Autonomous evolution mode — organism will grow through all stages without pause.
[ecology] Joined swarm. 1 peer(s) detected.
molequla is alive. [evolution] Autonomous mode — background trainer running. Ctrl+C to stop.
[dna] air wrote 66 bytes to ecology
[dna] air consumed 18719 bytes from 226 files: [earth/gen_1776232865_1.txt earth/gen_1776232873_4.txt earth/gen_1776232881_7.txt earth/gen_1776232888_10.txt earth/gen_1776232896_13.txt earth/gen_1776232904_16.txt earth/gen_1776232912_19.txt earth/gen_1776232920_22.txt earth/gen_1776232928_25.txt earth/gen_1776232936_28.txt earth/gen_1776232943_31.txt earth/gen_1776232951_34.txt earth/gen_1776232959_37.txt earth/gen_1776232967_40.txt earth/gen_1776232975_43.txt earth/gen_1776232983_46.txt earth/gen_1776232990_49.txt earth/gen_1776232998_52.txt earth/gen_1776233006_55.txt earth/gen_1776233014_58.txt earth/gen_1776233022_61.txt earth/gen_1776233030_64.txt earth/gen_1776233038_67.txt earth/gen_1776233046_70.txt earth/gen_1776233053_73.txt earth/gen_1776233061_76.txt earth/gen_1776233069_79.txt earth/gen_1776233077_82.txt earth/gen_1776233085_85.txt earth/gen_1776233093_88.txt earth/gen_1776233101_91.txt earth/gen_1776233109_94.txt earth/gen_1776233116_97.txt earth/gen_1776233124_100.txt earth/gen_1776233132_103.txt earth/gen_1776233140_106.txt earth/gen_1776233148_109.txt earth/gen_1776233156_112.txt earth/gen_1776233164_115.txt earth/gen_1776233171_118.txt earth/gen_1776233179_121.txt earth/gen_1776233187_124.txt earth/gen_1776233195_127.txt earth/gen_1776233203_130.txt earth/gen_1776233211_133.txt earth/gen_1776233219_136.txt earth/gen_1776233227_139.txt earth/gen_1776233234_142.txt earth/gen_1776233242_145.txt earth/gen_1776233250_148.txt earth/gen_1776233258_151.txt earth/gen_1776233266_154.txt earth/gen_1776233274_157.txt earth/gen_1776233281_160.txt earth/gen_1776233289_163.txt earth/gen_1776233297_166.txt earth/gen_1776233305_169.txt earth/gen_1776233313_172.txt earth/gen_1776233321_175.txt earth/gen_1776233329_178.txt earth/gen_1776233336_181.txt earth/gen_1776233344_184.txt earth/gen_1776233352_187.txt earth/gen_1776233360_190.txt earth/gen_1776233368_193.txt earth/gen_1776233376_196.txt earth/gen_1776233383_199.txt earth/gen_1776233391_202.txt earth/gen_1776233399_205.txt earth/gen_1776233407_208.txt earth/gen_1776233415_211.txt earth/gen_1776233423_214.txt earth/gen_1776233431_217.txt earth/gen_1776233438_220.txt earth/gen_1776233446_223.txt earth/gen_1776233454_226.txt earth/gen_1776233462_229.txt earth/gen_1776233470_232.txt earth/gen_1776233478_235.txt earth/gen_1776233485_238.txt earth/gen_1776233493_241.txt earth/gen_1776233501_244.txt earth/gen_1776233509_247.txt earth/gen_1776233517_250.txt earth/gen_1776233524_253.txt earth/gen_1776233532_256.txt earth/gen_1776233540_259.txt earth/gen_1776233548_262.txt earth/gen_1776233556_265.txt earth/gen_1776233564_268.txt earth/gen_1776233572_271.txt earth/gen_1776233579_274.txt earth/gen_1776233587_277.txt earth/gen_1776233595_280.txt earth/gen_1776233603_283.txt earth/gen_1776233611_286.txt earth/gen_1776233618_289.txt earth/gen_1776233626_292.txt earth/gen_1776233634_295.txt earth/gen_1776233642_298.txt earth/gen_1776233650_301.txt earth/gen_1776233658_304.txt earth/gen_1776233665_307.txt earth/gen_1776233673_310.txt earth/gen_1776233681_313.txt earth/gen_1776233689_316.txt earth/gen_1776233697_319.txt earth/gen_1776233704_322.txt earth/gen_1776233712_325.txt earth/gen_1776233720_328.txt earth/gen_1776233728_331.txt earth/gen_1776233736_334.txt earth/gen_1776233744_337.txt earth/gen_1776233752_340.txt earth/gen_1776233759_343.txt earth/gen_1776233767_346.txt earth/gen_1776233775_349.txt earth/gen_1776233783_352.txt earth/gen_1776233791_355.txt earth/gen_1776233798_358.txt earth/gen_1776233806_361.txt earth/gen_1776233814_364.txt earth/gen_1776233822_367.txt earth/gen_1776233830_370.txt earth/gen_1776233838_373.txt earth/gen_1776233845_376.txt earth/gen_1776233853_379.txt earth/gen_1776233861_382.txt earth/gen_1776233869_385.txt earth/gen_1776233877_388.txt earth/gen_1776233884_391.txt earth/gen_1776233892_394.txt earth/gen_1776233900_397.txt earth/gen_1776233908_400.txt earth/gen_1776233916_403.txt earth/gen_1776233924_406.txt earth/gen_1776233931_409.txt earth/gen_1776233939_412.txt earth/gen_1776233947_415.txt earth/gen_1776233955_418.txt earth/gen_1776233963_421.txt earth/gen_1776233971_424.txt earth/gen_1776233978_427.txt earth/gen_1776233986_430.txt earth/gen_1776233994_433.txt earth/gen_1776234002_436.txt earth/gen_1776234010_439.txt earth/gen_1776234018_442.txt earth/gen_1776234025_445.txt earth/gen_1776234033_448.txt earth/gen_1776234041_451.txt earth/gen_1776234049_454.txt earth/gen_1776234057_457.txt earth/gen_1776234065_460.txt earth/gen_1776234072_463.txt earth/gen_1776234080_466.txt earth/gen_1776234088_469.txt earth/gen_1776234096_472.txt earth/gen_1776234104_475.txt earth/gen_1776234112_478.txt earth/gen_1776234119_481.txt earth/gen_1776234127_484.txt earth/gen_1776234135_487.txt earth/gen_1776234143_490.txt earth/gen_1776234151_493.txt earth/gen_1776234159_496.txt earth/gen_1776234167_499.txt earth/gen_1776234174_502.txt earth/gen_1776234182_505.txt earth/gen_1776234190_508.txt earth/gen_1776234198_511.txt earth/gen_1776234206_514.txt earth/gen_1776234214_517.txt earth/gen_1776234221_520.txt earth/gen_1776234229_523.txt earth/gen_1776234237_526.txt earth/gen_1776234245_529.txt earth/gen_1776234253_532.txt earth/gen_1776234260_535.txt earth/gen_1776234268_538.txt earth/gen_1776234276_541.txt earth/gen_1776234284_544.txt earth/gen_1776234292_547.txt earth/gen_1776234300_550.txt earth/gen_1776234308_553.txt earth/gen_1776234315_556.txt earth/gen_1776234323_559.txt earth/gen_1776234331_562.txt earth/gen_1776234339_565.txt earth/gen_1776234347_568.txt earth/gen_1776234355_571.txt earth/gen_1776234362_574.txt earth/gen_1776234370_577.txt earth/gen_1776234378_580.txt earth/gen_1776234386_583.txt earth/gen_1776234394_586.txt earth/gen_1776234401_589.txt earth/gen_1776234409_592.txt earth/gen_1776234417_595.txt earth/gen_1776234425_598.txt earth/gen_1776234433_601.txt earth/gen_1776234441_604.txt earth/gen_1776234448_607.txt earth/gen_1776234456_610.txt earth/gen_1776234464_613.txt earth/gen_1776234472_616.txt earth/gen_1776234480_619.txt earth/gen_1776234488_622.txt earth/gen_1776234495_625.txt earth/gen_1776234503_628.txt earth/gen_1776234511_631.txt earth/gen_1776234519_634.txt earth/gen_1776234527_637.txt earth/gen_1776234534_640.txt earth/gen_1776234542_643.txt earth/gen_1776234550_646.txt earth/gen_1776234558_649.txt earth/gen_1776234566_652.txt earth/gen_1776234573_655.txt earth/gen_1776234581_658.txt earth/gen_1776234589_661.txt earth/gen_1776234597_664.txt earth/gen_1776234605_667.txt earth/gen_1776234613_670.txt earth/gen_1776234620_673.txt earth/gen_1776234628_676.txt]
[trainer] micro-train burst (18719 bytes, novelty 0.04) — and lo, it feeds again.
[syntropy] action=steady | trend=0.0000 | field_dev=0.115 | purpose_align=0.046 | lr_mul=1.00
[aml] burst complete: 32 steps, avg loss 2.5544 (memory freed)
[dna] air wrote 80 bytes to ecology
[dna] air wrote 66 bytes to ecology
[dna] air wrote 29 bytes to ecology
[dna] air wrote 102 bytes to ecology
[dna] air wrote 27 bytes to ecology
[dna] air wrote 154 bytes to ecology
[dna] air wrote 69 bytes to ecology
[dna] air wrote 50 bytes to ecology
[dna] air wrote 289 bytes to ecology
[dna] air wrote 45 bytes to ecology
[dna] air wrote 33 bytes to ecology
[dna] air wrote 159 bytes to ecology
[dna] air wrote 67 bytes to ecology
[dna] air wrote 32 bytes to ecology
[dna] air wrote 181 bytes to ecology
[dna] air wrote 25 bytes to ecology
[debug-onto] tick=50 corpus=141261 stage=2 freeze=0
[dna] air wrote 156 bytes to ecology
[dna] air wrote 105 bytes to ecology
[dna] air wrote 86 bytes to ecology
[dna] air wrote 66 bytes to ecology
[dna] air wrote 122 bytes to ecology
[dna] air wrote 49 bytes to ecology
[dna] air wrote 33 bytes to ecology
[dna] air wrote 47 bytes to ecology
[dna] air wrote 41 bytes to ecology
[dna] air wrote 164 bytes to ecology
[dna] air wrote 71 bytes to ecology
[dna] air wrote 90 bytes to ecology
[dna] air wrote 64 bytes to ecology
[dna] air wrote 135 bytes to ecology
[dna] air wrote 65 bytes to ecology
[dna] air wrote 73 bytes to ecology
[dna] air wrote 47 bytes to ecology
[debug-onto] tick=100 corpus=141261 stage=2 freeze=0
[dna] air wrote 40 bytes to ecology
[dna] air wrote 47 bytes to ecology
[dna] air wrote 113 bytes to ecology
[dna] air wrote 119 bytes to ecology
[dna] air wrote 50 bytes to ecology
[dna] air wrote 27 bytes to ecology
[dna] air wrote 61 bytes to ecology
[dna] air wrote 36 bytes to ecology
[dna] air wrote 52 bytes to ecology
[dna] air wrote 64 bytes to ecology
[dna] air wrote 66 bytes to ecology
[dna] air wrote 38 bytes to ecology
[dna] air wrote 58 bytes to ecology
[dna] air wrote 44 bytes to ecology
[dna] air wrote 24 bytes to ecology
[dna] air wrote 21 bytes to ecology
[debug-onto] tick=150 corpus=141261 stage=2 freeze=0
[dna] air wrote 92 bytes to ecology
[dna] air wrote 97 bytes to ecology
[dna] air wrote 184 bytes to ecology
[dna] air wrote 33 bytes to ecology
[dna] air wrote 99 bytes to ecology
[dna] air wrote 70 bytes to ecology
[dna] air wrote 45 bytes to ecology
[dna] air wrote 80 bytes to ecology
[dna] air wrote 63 bytes to ecology
[dna] air wrote 43 bytes to ecology
[dna] air wrote 72 bytes to ecology
[dna] air wrote 40 bytes to ecology
[dna] air wrote 67 bytes to ecology
[dna] air wrote 147 bytes to ecology
[dna] air wrote 62 bytes to ecology
[dna] air wrote 156 bytes to ecology
[dna] air wrote 138 bytes to ecology
[debug-onto] tick=200 corpus=141261 stage=2 freeze=0
[dna] air wrote 49 bytes to ecology
[dna] air wrote 24 bytes to ecology
[dna] air wrote 100 bytes to ecology
[dna] air wrote 109 bytes to ecology
[dna] air wrote 23 bytes to ecology
[dna] air wrote 121 bytes to ecology
[dna] air wrote 38 bytes to ecology
[dna] air wrote 58 bytes to ecology
[dna] air wrote 49 bytes to ecology
[dna] air wrote 102 bytes to ecology
[dna] air wrote 79 bytes to ecology
[dna] air wrote 35 bytes to ecology
[dna] air wrote 15 bytes to ecology
[dna] air wrote 35 bytes to ecology
[dna] air wrote 87 bytes to ecology
[dna] air wrote 39 bytes to ecology
[dna] air wrote 45 bytes to ecology
[debug-onto] tick=250 corpus=141261 stage=2 freeze=0
[dna] air wrote 283 bytes to ecology
[dna] air wrote 129 bytes to ecology
[dna] air wrote 43 bytes to ecology
[dna] air wrote 87 bytes to ecology
[dna] air wrote 83 bytes to ecology
[dna] air wrote 106 bytes to ecology
[dna] air wrote 117 bytes to ecology
[dna] air wrote 130 bytes to ecology
[dna] air wrote 73 bytes to ecology
[dna] air wrote 93 bytes to ecology
[dna] air wrote 24 bytes to ecology
[dna] air wrote 159 bytes to ecology
[dna] air wrote 28 bytes to ecology
[dna] air wrote 39 bytes to ecology
[dna] air wrote 27 bytes to ecology
[dna] air wrote 32 bytes to ecology
[debug-onto] tick=300 corpus=141261 stage=2 freeze=0
[dna] air wrote 48 bytes to ecology
[dna] air wrote 154 bytes to ecology
[dna] air wrote 54 bytes to ecology
[dna] air wrote 95 bytes to ecology
[dna] air wrote 51 bytes to ecology
[dna] air wrote 89 bytes to ecology
[dna] air wrote 57 bytes to ecology
[dna] air wrote 54 bytes to ecology
[dna] air wrote 44 bytes to ecology
[dna] air wrote 196 bytes to ecology
[dna] air wrote 40 bytes to ecology
[dna] air wrote 99 bytes to ecology
[dna] air wrote 63 bytes to ecology
[dna] air wrote 42 bytes to ecology
[dna] air wrote 24 bytes to ecology
[dna] air wrote 75 bytes to ecology
[dna] air wrote 31 bytes to ecology
[debug-onto] tick=350 corpus=141261 stage=2 freeze=0
[dna] air wrote 83 bytes to ecology
[dna] air wrote 58 bytes to ecology
[dna] air wrote 79 bytes to ecology
[dna] air wrote 27 bytes to ecology
[dna] air wrote 94 bytes to ecology
[dna] air wrote 49 bytes to ecology
[dna] air wrote 60 bytes to ecology
[dna] air wrote 65 bytes to ecology
[dna] air wrote 83 bytes to ecology
[dna] air wrote 62 bytes to ecology
[dna] air wrote 31 bytes to ecology
[dna] air wrote 73 bytes to ecology
[dna] air wrote 47 bytes to ecology
[dna] air wrote 59 bytes to ecology
[dna] air wrote 47 bytes to ecology
[dna] air wrote 36 bytes to ecology
[dna] air wrote 50 bytes to ecology
[debug-onto] tick=400 corpus=141261 stage=2 freeze=0
[dna] air wrote 33 bytes to ecology
[dna] air wrote 40 bytes to ecology
[dna] air wrote 107 bytes to ecology
[dna] air wrote 26 bytes to ecology
[dna] air wrote 97 bytes to ecology
[dna] air wrote 26 bytes to ecology
[dna] air wrote 51 bytes to ecology
[dna] air wrote 107 bytes to ecology
[dna] air wrote 75 bytes to ecology
[dna] air wrote 88 bytes to ecology
[dna] air wrote 73 bytes to ecology
[dna] air wrote 54 bytes to ecology
[dna] air wrote 36 bytes to ecology
[dna] air wrote 38 bytes to ecology
[dna] air wrote 73 bytes to ecology
[dna] air wrote 131 bytes to ecology
[debug-onto] tick=450 corpus=141261 stage=2 freeze=0
[dna] air wrote 43 bytes to ecology
[dna] air wrote 54 bytes to ecology
[dna] air wrote 46 bytes to ecology
[dna] air wrote 46 bytes to ecology
[dna] air wrote 49 bytes to ecology
[dna] air wrote 60 bytes to ecology
[dna] air wrote 112 bytes to ecology
[dna] air wrote 70 bytes to ecology
[dna] air wrote 68 bytes to ecology
[dna] air wrote 59 bytes to ecology
[dna] air wrote 90 bytes to ecology
[dna] air wrote 31 bytes to ecology
[dna] air wrote 83 bytes to ecology
[dna] air wrote 81 bytes to ecology
[dna] air wrote 59 bytes to ecology
[dna] air wrote 43 bytes to ecology
[dna] air wrote 30 bytes to ecology
[debug-onto] tick=500 corpus=141261 stage=2 freeze=0
[dna] air wrote 42 bytes to ecology
[dna] air wrote 90 bytes to ecology
[dna] air wrote 40 bytes to ecology
[dna] air wrote 252 bytes to ecology
[dna] air wrote 63 bytes to ecology
[dna] air wrote 20 bytes to ecology
[dna] air wrote 44 bytes to ecology
[dna] air wrote 73 bytes to ecology
[dna] air wrote 127 bytes to ecology
[dna] air wrote 104 bytes to ecology
[dna] air wrote 61 bytes to ecology
[dna] air wrote 15 bytes to ecology
[dna] air wrote 102 bytes to ecology
[dna] air wrote 140 bytes to ecology
[dna] air wrote 49 bytes to ecology
[dna] air wrote 29 bytes to ecology
[dna] air wrote 44 bytes to ecology
[debug-onto] tick=550 corpus=141261 stage=2 freeze=0
[dna] air wrote 106 bytes to ecology
[dna] air wrote 62 bytes to ecology
[dna] air wrote 57 bytes to ecology
[dna] air wrote 44 bytes to ecology
[dna] air wrote 41 bytes to ecology
[dna] air wrote 123 bytes to ecology
[dna] air wrote 11 bytes to ecology
[dna] air wrote 41 bytes to ecology
[dna] air wrote 115 bytes to ecology
[dna] air wrote 45 bytes to ecology
[dna] air wrote 24 bytes to ecology
[dna] air wrote 12 bytes to ecology
[dna] air wrote 71 bytes to ecology
[dna] air wrote 127 bytes to ecology
[dna] air wrote 38 bytes to ecology
[dna] air wrote 104 bytes to ecology
[debug-onto] tick=600 corpus=141261 stage=2 freeze=0
[dna] air wrote 115 bytes to ecology
[dna] air wrote 86 bytes to ecology
[dna] air wrote 86 bytes to ecology
[dna] air wrote 21 bytes to ecology
[dna] air wrote 69 bytes to ecology
[dna] air wrote 60 bytes to ecology
[dna] air wrote 50 bytes to ecology
[dna] air wrote 36 bytes to ecology
[dna] air wrote 104 bytes to ecology
[dna] air wrote 115 bytes to ecology
[dna] air wrote 93 bytes to ecology
[dna] air wrote 26 bytes to ecology
[dna] air wrote 63 bytes to ecology
[dna] air wrote 59 bytes to ecology
[dna] air wrote 93 bytes to ecology
[dna] air wrote 60 bytes to ecology
[dna] air wrote 74 bytes to ecology
[debug-onto] tick=650 corpus=141261 stage=2 freeze=0
[dna] air wrote 38 bytes to ecology
[dna] air wrote 48 bytes to ecology
[dna] air wrote 53 bytes to ecology
[dna] air wrote 16 bytes to ecology
[dna] air wrote 36 bytes to ecology
[dna] air wrote 39 bytes to ecology
[dna] air wrote 22 bytes to ecology
[dna] air wrote 86 bytes to ecology
[dna] air wrote 194 bytes to ecology
[dna] air wrote 47 bytes to ecology
[dna] air wrote 84 bytes to ecology
[dna] air wrote 61 bytes to ecology

[evolution] Organism shutting down gracefully.
