[ecology] Element: fire → corpus: nonames_fire.txt
[evolution] Autonomous evolution mode — organism will grow through all stages without pause.
[ecology] Joined swarm. 1 peer(s) detected.
molequla is alive. [evolution] Autonomous mode — background trainer running. Ctrl+C to stop.
[dna] fire wrote 66 bytes to ecology
[dna] fire consumed 14022 bytes from 212 files: [water/gen_1776236438_1.txt water/gen_1776236454_4.txt water/gen_1776236462_7.txt water/gen_1776236471_10.txt water/gen_1776236479_13.txt water/gen_1776236488_16.txt water/gen_1776236497_19.txt water/gen_1776236505_22.txt water/gen_1776236514_25.txt water/gen_1776236522_28.txt water/gen_1776236531_31.txt water/gen_1776236539_34.txt water/gen_1776236548_37.txt water/gen_1776236556_40.txt water/gen_1776236565_43.txt water/gen_1776236573_46.txt water/gen_1776236582_49.txt water/gen_1776236590_52.txt water/gen_1776236599_55.txt water/gen_1776236607_58.txt water/gen_1776236616_61.txt water/gen_1776236625_64.txt water/gen_1776236633_67.txt water/gen_1776236642_70.txt water/gen_1776236650_73.txt water/gen_1776236658_76.txt water/gen_1776236667_79.txt water/gen_1776236675_82.txt water/gen_1776236684_85.txt water/gen_1776236692_88.txt water/gen_1776236701_91.txt water/gen_1776236709_94.txt water/gen_1776236718_97.txt water/gen_1776236726_100.txt water/gen_1776236734_103.txt water/gen_1776236743_106.txt water/gen_1776236751_109.txt water/gen_1776236760_112.txt water/gen_1776236768_115.txt water/gen_1776236777_118.txt water/gen_1776236785_121.txt water/gen_1776236794_124.txt water/gen_1776236802_127.txt water/gen_1776236810_130.txt water/gen_1776236819_133.txt water/gen_1776236827_136.txt water/gen_1776236836_139.txt water/gen_1776236844_142.txt water/gen_1776236852_145.txt water/gen_1776236861_148.txt water/gen_1776236869_151.txt water/gen_1776236878_154.txt water/gen_1776236886_157.txt water/gen_1776236894_160.txt water/gen_1776236903_163.txt water/gen_1776236911_166.txt water/gen_1776236920_169.txt water/gen_1776236928_172.txt water/gen_1776236937_175.txt water/gen_1776236945_178.txt water/gen_1776236953_181.txt water/gen_1776236962_184.txt water/gen_1776236970_187.txt water/gen_1776236979_190.txt water/gen_1776236987_193.txt water/gen_1776236995_196.txt water/gen_1776237004_199.txt water/gen_1776237012_202.txt water/gen_1776237021_205.txt water/gen_1776237029_208.txt water/gen_1776237037_211.txt water/gen_1776237046_214.txt water/gen_1776237054_217.txt water/gen_1776237063_220.txt water/gen_1776237071_223.txt water/gen_1776237079_226.txt water/gen_1776237088_229.txt water/gen_1776237096_232.txt water/gen_1776237105_235.txt water/gen_1776237113_238.txt water/gen_1776237121_241.txt water/gen_1776237130_244.txt water/gen_1776237138_247.txt water/gen_1776237147_250.txt water/gen_1776237155_253.txt water/gen_1776237163_256.txt water/gen_1776237172_259.txt water/gen_1776237180_262.txt water/gen_1776237189_265.txt water/gen_1776237197_268.txt water/gen_1776237206_271.txt water/gen_1776237214_274.txt water/gen_1776237222_277.txt water/gen_1776237231_280.txt water/gen_1776237239_283.txt water/gen_1776237248_286.txt water/gen_1776237256_289.txt water/gen_1776237264_292.txt water/gen_1776237273_295.txt water/gen_1776237281_298.txt water/gen_1776237290_301.txt water/gen_1776237298_304.txt water/gen_1776237307_307.txt water/gen_1776237315_310.txt water/gen_1776237324_313.txt water/gen_1776237332_316.txt water/gen_1776237340_319.txt water/gen_1776237349_322.txt water/gen_1776237357_325.txt water/gen_1776237365_328.txt water/gen_1776237374_331.txt water/gen_1776237382_334.txt water/gen_1776237391_337.txt water/gen_1776237399_340.txt water/gen_1776237407_343.txt water/gen_1776237416_346.txt water/gen_1776237424_349.txt water/gen_1776237433_352.txt water/gen_1776237441_355.txt water/gen_1776237450_358.txt water/gen_1776237458_361.txt water/gen_1776237466_364.txt water/gen_1776237475_367.txt water/gen_1776237483_370.txt water/gen_1776237492_373.txt water/gen_1776237500_376.txt water/gen_1776237509_379.txt water/gen_1776237517_382.txt water/gen_1776237525_385.txt water/gen_1776237534_388.txt water/gen_1776237542_391.txt water/gen_1776237551_394.txt water/gen_1776237559_397.txt water/gen_1776237567_400.txt water/gen_1776237576_403.txt water/gen_1776237584_406.txt water/gen_1776237593_409.txt water/gen_1776237601_412.txt water/gen_1776237610_415.txt water/gen_1776237618_418.txt water/gen_1776237626_421.txt water/gen_1776237635_424.txt water/gen_1776237643_427.txt water/gen_1776237651_430.txt water/gen_1776237660_433.txt water/gen_1776237668_436.txt water/gen_1776237677_439.txt water/gen_1776237685_442.txt water/gen_1776237694_445.txt water/gen_1776237702_448.txt water/gen_1776237710_451.txt water/gen_1776237719_454.txt water/gen_1776237727_457.txt water/gen_1776237736_460.txt water/gen_1776237744_463.txt water/gen_1776237753_466.txt water/gen_1776237761_469.txt water/gen_1776237769_472.txt water/gen_1776237778_475.txt water/gen_1776237786_478.txt water/gen_1776237795_481.txt water/gen_1776237803_484.txt water/gen_1776237812_487.txt water/gen_1776237820_490.txt water/gen_1776237828_493.txt water/gen_1776237837_496.txt water/gen_1776237845_499.txt water/gen_1776237854_502.txt water/gen_1776237862_505.txt water/gen_1776237871_508.txt water/gen_1776237879_511.txt water/gen_1776237888_514.txt water/gen_1776237896_517.txt water/gen_1776237905_520.txt water/gen_1776237913_523.txt water/gen_1776237922_526.txt water/gen_1776237930_529.txt water/gen_1776237939_532.txt water/gen_1776237947_535.txt water/gen_1776237956_538.txt water/gen_1776237964_541.txt water/gen_1776237973_544.txt water/gen_1776237981_547.txt water/gen_1776237989_550.txt water/gen_1776237998_553.txt water/gen_1776238006_556.txt water/gen_1776238015_559.txt water/gen_1776238023_562.txt water/gen_1776238032_565.txt water/gen_1776238040_568.txt water/gen_1776238048_571.txt water/gen_1776238057_574.txt water/gen_1776238065_577.txt water/gen_1776238074_580.txt water/gen_1776238082_583.txt water/gen_1776238091_586.txt water/gen_1776238099_589.txt water/gen_1776238108_592.txt water/gen_1776238116_595.txt water/gen_1776238124_598.txt water/gen_1776238133_601.txt water/gen_1776238141_604.txt water/gen_1776238150_607.txt water/gen_1776238158_610.txt water/gen_1776238167_613.txt water/gen_1776238175_616.txt water/gen_1776238183_619.txt water/gen_1776238192_622.txt water/gen_1776238200_625.txt water/gen_1776238209_628.txt water/gen_1776238217_631.txt water/gen_1776238226_634.txt]
[trainer] micro-train burst (14022 bytes, novelty 0.05) — and lo, it feeds again.
[syntropy] action=explore | trend=0.0000 | field_dev=-0.013 | purpose_align=0.074 | lr_mul=1.30
[aml] burst complete: 32 steps, avg loss 1.8104 (memory freed)
[dna] fire wrote 42 bytes to ecology
[dna] fire wrote 51 bytes to ecology
[dna] fire wrote 47 bytes to ecology
[dna] fire wrote 44 bytes to ecology
[dna] fire wrote 25 bytes to ecology
[dna] fire wrote 9 bytes to ecology
[dna] fire wrote 78 bytes to ecology
[dna] fire wrote 103 bytes to ecology
[dna] fire wrote 77 bytes to ecology
[dna] fire wrote 130 bytes to ecology
[dna] fire wrote 24 bytes to ecology
[dna] fire wrote 75 bytes to ecology
[dna] fire wrote 6 bytes to ecology
[dna] fire wrote 26 bytes to ecology
[dna] fire wrote 65 bytes to ecology
[dna] fire wrote 29 bytes to ecology
[dna] fire wrote 24 bytes to ecology
[debug-onto] tick=50 corpus=136134 stage=2 freeze=0
[dna] fire wrote 85 bytes to ecology
[dna] fire wrote 25 bytes to ecology
[dna] fire wrote 13 bytes to ecology
[dna] fire wrote 9 bytes to ecology
[dna] fire wrote 8 bytes to ecology
[dna] fire wrote 75 bytes to ecology
[dna] fire wrote 21 bytes to ecology
[dna] fire wrote 10 bytes to ecology
[dna] fire wrote 43 bytes to ecology
[dna] fire wrote 73 bytes to ecology
[dna] fire wrote 24 bytes to ecology
[dna] fire wrote 60 bytes to ecology
[dna] fire wrote 27 bytes to ecology
[dna] fire wrote 71 bytes to ecology
[dna] fire wrote 32 bytes to ecology
[dna] fire wrote 35 bytes to ecology
[dna] fire wrote 37 bytes to ecology
[dna] fire wrote 96 bytes to ecology
[debug-onto] tick=100 corpus=136134 stage=2 freeze=0
[dna] fire wrote 272 bytes to ecology
[dna] fire wrote 36 bytes to ecology
[dna] fire wrote 20 bytes to ecology
[dna] fire wrote 103 bytes to ecology
[dna] fire wrote 77 bytes to ecology
[dna] fire wrote 86 bytes to ecology
[dna] fire wrote 21 bytes to ecology
[dna] fire wrote 36 bytes to ecology
[dna] fire wrote 153 bytes to ecology
[dna] fire wrote 123 bytes to ecology
[dna] fire wrote 63 bytes to ecology
[dna] fire wrote 15 bytes to ecology
[dna] fire wrote 57 bytes to ecology
[dna] fire wrote 54 bytes to ecology
[dna] fire wrote 111 bytes to ecology
[dna] fire wrote 63 bytes to ecology
[debug-onto] tick=150 corpus=136134 stage=2 freeze=0
[dna] fire wrote 38 bytes to ecology
[dna] fire wrote 36 bytes to ecology
[dna] fire wrote 9 bytes to ecology
[dna] fire wrote 160 bytes to ecology
[dna] fire wrote 169 bytes to ecology
[dna] fire wrote 81 bytes to ecology
[dna] fire wrote 185 bytes to ecology
[dna] fire wrote 51 bytes to ecology
[dna] fire wrote 52 bytes to ecology
[dna] fire wrote 43 bytes to ecology
[dna] fire wrote 65 bytes to ecology
[dna] fire wrote 9 bytes to ecology
[dna] fire wrote 103 bytes to ecology
[dna] fire wrote 10 bytes to ecology
[dna] fire wrote 9 bytes to ecology
[dna] fire wrote 31 bytes to ecology
[dna] fire wrote 111 bytes to ecology
[dna] fire wrote 57 bytes to ecology
[dna] fire wrote 37 bytes to ecology
[dna] fire wrote 47 bytes to ecology
[debug-onto] tick=200 corpus=136134 stage=2 freeze=0
[dna] fire wrote 62 bytes to ecology
[dna] fire wrote 9 bytes to ecology
[dna] fire wrote 39 bytes to ecology
[dna] fire wrote 32 bytes to ecology
[dna] fire wrote 9 bytes to ecology
[dna] fire wrote 62 bytes to ecology
[dna] fire wrote 28 bytes to ecology
[dna] fire wrote 99 bytes to ecology
[dna] fire wrote 33 bytes to ecology
[dna] fire wrote 54 bytes to ecology
[dna] fire wrote 161 bytes to ecology
[dna] fire wrote 47 bytes to ecology
[dna] fire wrote 54 bytes to ecology
[dna] fire wrote 20 bytes to ecology
[dna] fire wrote 52 bytes to ecology
[dna] fire wrote 81 bytes to ecology
[dna] fire wrote 50 bytes to ecology
[dna] fire wrote 9 bytes to ecology
[dna] fire wrote 28 bytes to ecology
[dna] fire wrote 37 bytes to ecology
[debug-onto] tick=250 corpus=136134 stage=2 freeze=0
[dna] fire wrote 28 bytes to ecology
[dna] fire wrote 66 bytes to ecology
[dna] fire wrote 61 bytes to ecology
[dna] fire wrote 118 bytes to ecology
[dna] fire wrote 129 bytes to ecology
[dna] fire wrote 122 bytes to ecology
[dna] fire wrote 9 bytes to ecology
[dna] fire wrote 97 bytes to ecology
[dna] fire wrote 8 bytes to ecology
[dna] fire wrote 87 bytes to ecology
[dna] fire wrote 44 bytes to ecology
[dna] fire wrote 29 bytes to ecology
[dna] fire wrote 10 bytes to ecology
[dna] fire wrote 61 bytes to ecology
[dna] fire wrote 36 bytes to ecology
[dna] fire wrote 147 bytes to ecology
[dna] fire wrote 16 bytes to ecology
[debug-onto] tick=300 corpus=136134 stage=2 freeze=0
[dna] fire wrote 59 bytes to ecology
[dna] fire wrote 9 bytes to ecology
[dna] fire wrote 9 bytes to ecology
[dna] fire wrote 83 bytes to ecology
[dna] fire wrote 93 bytes to ecology
[dna] fire wrote 18 bytes to ecology
[dna] fire wrote 26 bytes to ecology
[dna] fire wrote 31 bytes to ecology
[dna] fire wrote 83 bytes to ecology
[dna] fire wrote 82 bytes to ecology
[dna] fire wrote 6 bytes to ecology
[dna] fire wrote 46 bytes to ecology
[dna] fire wrote 9 bytes to ecology
[dna] fire wrote 30 bytes to ecology
[dna] fire wrote 75 bytes to ecology
[dna] fire wrote 9 bytes to ecology
[dna] fire wrote 20 bytes to ecology
[dna] fire wrote 34 bytes to ecology
[dna] fire wrote 52 bytes to ecology
[debug-onto] tick=350 corpus=136134 stage=2 freeze=0
[dna] fire wrote 154 bytes to ecology
[dna] fire wrote 130 bytes to ecology
[dna] fire wrote 29 bytes to ecology
[dna] fire wrote 36 bytes to ecology
[dna] fire wrote 78 bytes to ecology
[dna] fire wrote 30 bytes to ecology
[dna] fire wrote 22 bytes to ecology
[dna] fire wrote 113 bytes to ecology
[dna] fire wrote 33 bytes to ecology
[dna] fire wrote 69 bytes to ecology
[dna] fire wrote 96 bytes to ecology
[dna] fire wrote 71 bytes to ecology
[dna] fire wrote 37 bytes to ecology
[dna] fire wrote 126 bytes to ecology
[dna] fire wrote 43 bytes to ecology
[dna] fire wrote 70 bytes to ecology
[dna] fire wrote 124 bytes to ecology
[debug-onto] tick=400 corpus=136134 stage=2 freeze=0
[dna] fire wrote 105 bytes to ecology
[dna] fire wrote 34 bytes to ecology
[dna] fire wrote 74 bytes to ecology
[dna] fire wrote 47 bytes to ecology
[dna] fire wrote 9 bytes to ecology
[dna] fire wrote 58 bytes to ecology
[dna] fire wrote 74 bytes to ecology
[dna] fire wrote 34 bytes to ecology
[dna] fire wrote 93 bytes to ecology
[dna] fire wrote 79 bytes to ecology
[dna] fire wrote 112 bytes to ecology
[dna] fire wrote 44 bytes to ecology
[dna] fire wrote 105 bytes to ecology
[dna] fire wrote 8 bytes to ecology
[dna] fire wrote 106 bytes to ecology
[dna] fire wrote 44 bytes to ecology
[dna] fire wrote 62 bytes to ecology
[debug-onto] tick=450 corpus=136134 stage=2 freeze=0
[dna] fire wrote 31 bytes to ecology
[dna] fire wrote 22 bytes to ecology
[dna] fire wrote 17 bytes to ecology
[dna] fire wrote 25 bytes to ecology
[dna] fire wrote 9 bytes to ecology
[dna] fire wrote 26 bytes to ecology
[dna] fire wrote 84 bytes to ecology
[dna] fire wrote 38 bytes to ecology
[dna] fire wrote 51 bytes to ecology
[dna] fire wrote 73 bytes to ecology
[dna] fire wrote 39 bytes to ecology
[dna] fire wrote 36 bytes to ecology
[dna] fire wrote 226 bytes to ecology
[dna] fire wrote 116 bytes to ecology
[dna] fire wrote 54 bytes to ecology
[dna] fire wrote 104 bytes to ecology
[dna] fire wrote 10 bytes to ecology
[dna] fire wrote 62 bytes to ecology
[debug-onto] tick=500 corpus=136134 stage=2 freeze=0
[dna] fire wrote 25 bytes to ecology
[dna] fire wrote 42 bytes to ecology
[dna] fire wrote 35 bytes to ecology
[dna] fire wrote 50 bytes to ecology
[dna] fire wrote 102 bytes to ecology
[dna] fire wrote 28 bytes to ecology
[dna] fire wrote 77 bytes to ecology
[dna] fire wrote 103 bytes to ecology
[dna] fire wrote 50 bytes to ecology
[dna] fire wrote 73 bytes to ecology
[dna] fire wrote 108 bytes to ecology
[dna] fire wrote 77 bytes to ecology
[dna] fire wrote 43 bytes to ecology
[dna] fire wrote 21 bytes to ecology
[dna] fire wrote 64 bytes to ecology
[dna] fire wrote 75 bytes to ecology
[dna] fire wrote 22 bytes to ecology
[debug-onto] tick=550 corpus=136134 stage=2 freeze=0
[dna] fire wrote 69 bytes to ecology
[dna] fire wrote 38 bytes to ecology
[dna] fire wrote 87 bytes to ecology
[dna] fire wrote 25 bytes to ecology
[dna] fire wrote 30 bytes to ecology
[dna] fire wrote 106 bytes to ecology
[dna] fire wrote 17 bytes to ecology
[dna] fire wrote 65 bytes to ecology
[dna] fire wrote 56 bytes to ecology
[dna] fire wrote 56 bytes to ecology
[dna] fire wrote 39 bytes to ecology
[dna] fire wrote 45 bytes to ecology
[dna] fire wrote 128 bytes to ecology
[dna] fire wrote 24 bytes to ecology
[dna] fire wrote 45 bytes to ecology
[dna] fire wrote 49 bytes to ecology
[debug-onto] tick=600 corpus=136134 stage=2 freeze=0
[dna] fire wrote 66 bytes to ecology
[dna] fire wrote 53 bytes to ecology
[dna] fire wrote 78 bytes to ecology
[dna] fire wrote 43 bytes to ecology
[dna] fire wrote 56 bytes to ecology
[dna] fire wrote 23 bytes to ecology
[dna] fire wrote 26 bytes to ecology
[dna] fire wrote 29 bytes to ecology
[dna] fire wrote 111 bytes to ecology
[dna] fire wrote 16 bytes to ecology
[dna] fire wrote 25 bytes to ecology
[dna] fire wrote 55 bytes to ecology
[dna] fire wrote 9 bytes to ecology
[dna] fire wrote 64 bytes to ecology
[dna] fire wrote 76 bytes to ecology
[dna] fire wrote 9 bytes to ecology
[dna] fire wrote 63 bytes to ecology
[dna] fire wrote 30 bytes to ecology
[dna] fire wrote 7 bytes to ecology
[debug-onto] tick=650 corpus=136134 stage=2 freeze=0
[dna] fire wrote 38 bytes to ecology
[dna] fire wrote 9 bytes to ecology
[dna] fire wrote 69 bytes to ecology
[dna] fire wrote 141 bytes to ecology
[dna] fire wrote 170 bytes to ecology
[dna] fire wrote 81 bytes to ecology
[dna] fire wrote 47 bytes to ecology
[dna] fire wrote 68 bytes to ecology
[dna] fire wrote 44 bytes to ecology
[dna] fire wrote 27 bytes to ecology
[dna] fire wrote 23 bytes to ecology

[evolution] Organism shutting down gracefully.
