[ecology] Element: water → corpus: nonames_water.txt
[evolution] Autonomous evolution mode — organism will grow through all stages without pause.
[ecology] Joined swarm. 1 peer(s) detected.
molequla is alive. [evolution] Autonomous mode — background trainer running. Ctrl+C to stop.
[dna] water wrote 185 bytes to ecology
[dna] water consumed 16245 bytes from 229 files: [air/gen_1776234637_1.txt air/gen_1776234652_4.txt air/gen_1776234660_7.txt air/gen_1776234668_10.txt air/gen_1776234676_13.txt air/gen_1776234684_16.txt air/gen_1776234692_19.txt air/gen_1776234699_22.txt air/gen_1776234707_25.txt air/gen_1776234715_28.txt air/gen_1776234723_31.txt air/gen_1776234731_34.txt air/gen_1776234739_37.txt air/gen_1776234747_40.txt air/gen_1776234754_43.txt air/gen_1776234762_46.txt air/gen_1776234770_49.txt air/gen_1776234778_52.txt air/gen_1776234786_55.txt air/gen_1776234794_58.txt air/gen_1776234801_61.txt air/gen_1776234809_64.txt air/gen_1776234817_67.txt air/gen_1776234825_70.txt air/gen_1776234833_73.txt air/gen_1776234841_76.txt air/gen_1776234849_79.txt air/gen_1776234857_82.txt air/gen_1776234865_85.txt air/gen_1776234873_88.txt air/gen_1776234881_91.txt air/gen_1776234889_94.txt air/gen_1776234897_97.txt air/gen_1776234905_100.txt air/gen_1776234913_103.txt air/gen_1776234921_106.txt air/gen_1776234928_109.txt air/gen_1776234936_112.txt air/gen_1776234944_115.txt air/gen_1776234952_118.txt air/gen_1776234959_121.txt air/gen_1776234967_124.txt air/gen_1776234975_127.txt air/gen_1776234983_130.txt air/gen_1776234991_133.txt air/gen_1776234998_136.txt air/gen_1776235006_139.txt air/gen_1776235014_142.txt air/gen_1776235022_145.txt air/gen_1776235029_148.txt air/gen_1776235037_151.txt air/gen_1776235045_154.txt air/gen_1776235053_157.txt air/gen_1776235061_160.txt air/gen_1776235068_163.txt air/gen_1776235076_166.txt air/gen_1776235084_169.txt air/gen_1776235092_172.txt air/gen_1776235099_175.txt air/gen_1776235107_178.txt air/gen_1776235115_181.txt air/gen_1776235123_184.txt air/gen_1776235131_187.txt air/gen_1776235138_190.txt air/gen_1776235146_193.txt air/gen_1776235154_196.txt air/gen_1776235162_199.txt air/gen_1776235169_202.txt air/gen_1776235177_205.txt air/gen_1776235185_208.txt air/gen_1776235193_211.txt air/gen_1776235201_214.txt air/gen_1776235208_217.txt air/gen_1776235216_220.txt air/gen_1776235224_223.txt air/gen_1776235232_226.txt air/gen_1776235239_229.txt air/gen_1776235247_232.txt air/gen_1776235255_235.txt air/gen_1776235263_238.txt air/gen_1776235270_241.txt air/gen_1776235278_244.txt air/gen_1776235286_247.txt air/gen_1776235294_250.txt air/gen_1776235301_253.txt air/gen_1776235309_256.txt air/gen_1776235317_259.txt air/gen_1776235325_262.txt air/gen_1776235333_265.txt air/gen_1776235340_268.txt air/gen_1776235348_271.txt air/gen_1776235356_274.txt air/gen_1776235364_277.txt air/gen_1776235371_280.txt air/gen_1776235379_283.txt air/gen_1776235387_286.txt air/gen_1776235395_289.txt air/gen_1776235402_292.txt air/gen_1776235410_295.txt air/gen_1776235418_298.txt air/gen_1776235426_301.txt air/gen_1776235434_304.txt air/gen_1776235441_307.txt air/gen_1776235449_310.txt air/gen_1776235457_313.txt air/gen_1776235465_316.txt air/gen_1776235473_319.txt air/gen_1776235480_322.txt air/gen_1776235488_325.txt air/gen_1776235496_328.txt air/gen_1776235504_331.txt air/gen_1776235512_334.txt air/gen_1776235520_337.txt air/gen_1776235528_340.txt air/gen_1776235535_343.txt air/gen_1776235543_346.txt air/gen_1776235551_349.txt air/gen_1776235559_352.txt air/gen_1776235567_355.txt air/gen_1776235575_358.txt air/gen_1776235582_361.txt air/gen_1776235590_364.txt air/gen_1776235598_367.txt air/gen_1776235606_370.txt air/gen_1776235614_373.txt air/gen_1776235622_376.txt air/gen_1776235629_379.txt air/gen_1776235637_382.txt air/gen_1776235645_385.txt air/gen_1776235653_388.txt air/gen_1776235661_391.txt air/gen_1776235669_394.txt air/gen_1776235676_397.txt air/gen_1776235684_400.txt air/gen_1776235692_403.txt air/gen_1776235700_406.txt air/gen_1776235708_409.txt air/gen_1776235715_412.txt air/gen_1776235723_415.txt air/gen_1776235731_418.txt air/gen_1776235739_421.txt air/gen_1776235747_424.txt air/gen_1776235755_427.txt air/gen_1776235763_430.txt air/gen_1776235770_433.txt air/gen_1776235778_436.txt air/gen_1776235786_439.txt air/gen_1776235794_442.txt air/gen_1776235802_445.txt air/gen_1776235809_448.txt air/gen_1776235817_451.txt air/gen_1776235825_454.txt air/gen_1776235833_457.txt air/gen_1776235841_460.txt air/gen_1776235849_463.txt air/gen_1776235856_466.txt air/gen_1776235864_469.txt air/gen_1776235872_472.txt air/gen_1776235880_475.txt air/gen_1776235888_478.txt air/gen_1776235896_481.txt air/gen_1776235903_484.txt air/gen_1776235911_487.txt air/gen_1776235919_490.txt air/gen_1776235927_493.txt air/gen_1776235935_496.txt air/gen_1776235943_499.txt air/gen_1776235951_502.txt air/gen_1776235958_505.txt air/gen_1776235966_508.txt air/gen_1776235974_511.txt air/gen_1776235982_514.txt air/gen_1776235990_517.txt air/gen_1776235998_520.txt air/gen_1776236006_523.txt air/gen_1776236014_526.txt air/gen_1776236022_529.txt air/gen_1776236029_532.txt air/gen_1776236037_535.txt air/gen_1776236045_538.txt air/gen_1776236053_541.txt air/gen_1776236061_544.txt air/gen_1776236069_547.txt air/gen_1776236077_550.txt air/gen_1776236085_553.txt air/gen_1776236092_556.txt air/gen_1776236100_559.txt air/gen_1776236108_562.txt air/gen_1776236116_565.txt air/gen_1776236124_568.txt air/gen_1776236132_571.txt air/gen_1776236140_574.txt air/gen_1776236147_577.txt air/gen_1776236155_580.txt air/gen_1776236163_583.txt air/gen_1776236171_586.txt air/gen_1776236179_589.txt air/gen_1776236187_592.txt air/gen_1776236194_595.txt air/gen_1776236202_598.txt air/gen_1776236210_601.txt air/gen_1776236218_604.txt air/gen_1776236226_607.txt air/gen_1776236234_610.txt air/gen_1776236241_613.txt air/gen_1776236249_616.txt air/gen_1776236257_619.txt air/gen_1776236265_622.txt air/gen_1776236273_625.txt air/gen_1776236281_628.txt air/gen_1776236289_631.txt air/gen_1776236296_634.txt air/gen_1776236304_637.txt air/gen_1776236312_640.txt air/gen_1776236320_643.txt air/gen_1776236328_646.txt air/gen_1776236335_649.txt air/gen_1776236343_652.txt air/gen_1776236351_655.txt air/gen_1776236359_658.txt air/gen_1776236366_661.txt air/gen_1776236374_664.txt air/gen_1776236382_667.txt air/gen_1776236390_670.txt air/gen_1776236398_673.txt air/gen_1776236406_676.txt air/gen_1776236414_679.txt air/gen_1776236421_682.txt air/gen_1776236429_685.txt]
[trainer] micro-train burst (16245 bytes, novelty 0.03) — and lo, it feeds again.
[syntropy] action=explore | trend=0.0000 | field_dev=-0.055 | purpose_align=0.073 | lr_mul=1.30
[aml] burst complete: 32 steps, avg loss 1.9734 (memory freed)
[dna] water wrote 69 bytes to ecology
[dna] water wrote 154 bytes to ecology
[dna] water wrote 73 bytes to ecology
[dna] water wrote 61 bytes to ecology
[dna] water wrote 55 bytes to ecology
[dna] water wrote 38 bytes to ecology
[dna] water wrote 64 bytes to ecology
[dna] water wrote 37 bytes to ecology
[dna] water wrote 59 bytes to ecology
[dna] water wrote 48 bytes to ecology
[dna] water wrote 68 bytes to ecology
[dna] water wrote 84 bytes to ecology
[dna] water wrote 71 bytes to ecology
[dna] water wrote 9 bytes to ecology
[dna] water wrote 24 bytes to ecology
[dna] water wrote 101 bytes to ecology
[debug-onto] tick=50 corpus=142171 stage=2 freeze=0
[dna] water wrote 72 bytes to ecology
[dna] water wrote 10 bytes to ecology
[dna] water wrote 57 bytes to ecology
[dna] water wrote 125 bytes to ecology
[dna] water wrote 25 bytes to ecology
[dna] water wrote 201 bytes to ecology
[dna] water wrote 63 bytes to ecology
[dna] water wrote 20 bytes to ecology
[dna] water wrote 30 bytes to ecology
[dna] water wrote 166 bytes to ecology
[dna] water wrote 86 bytes to ecology
[dna] water wrote 111 bytes to ecology
[dna] water wrote 41 bytes to ecology
[dna] water wrote 41 bytes to ecology
[dna] water wrote 58 bytes to ecology
[dna] water wrote 115 bytes to ecology
[dna] water wrote 43 bytes to ecology
[debug-onto] tick=100 corpus=142171 stage=2 freeze=0
[dna] water wrote 89 bytes to ecology
[dna] water wrote 33 bytes to ecology
[dna] water wrote 94 bytes to ecology
[dna] water wrote 145 bytes to ecology
[dna] water wrote 27 bytes to ecology
[dna] water wrote 40 bytes to ecology
[dna] water wrote 158 bytes to ecology
[dna] water wrote 47 bytes to ecology
[dna] water wrote 93 bytes to ecology
[dna] water wrote 72 bytes to ecology
[dna] water wrote 50 bytes to ecology
[dna] water wrote 55 bytes to ecology
[dna] water wrote 43 bytes to ecology
[dna] water wrote 110 bytes to ecology
[dna] water wrote 65 bytes to ecology
[dna] water wrote 49 bytes to ecology
[debug-onto] tick=150 corpus=142171 stage=2 freeze=0
[dna] water wrote 58 bytes to ecology
[dna] water wrote 28 bytes to ecology
[dna] water wrote 111 bytes to ecology
[dna] water wrote 156 bytes to ecology
[dna] water wrote 44 bytes to ecology
[dna] water wrote 64 bytes to ecology
[dna] water wrote 68 bytes to ecology
[dna] water wrote 69 bytes to ecology
[dna] water wrote 75 bytes to ecology
[dna] water wrote 48 bytes to ecology
[dna] water wrote 118 bytes to ecology
[dna] water wrote 40 bytes to ecology
[dna] water wrote 35 bytes to ecology
[dna] water wrote 70 bytes to ecology
[dna] water wrote 11 bytes to ecology
[dna] water wrote 109 bytes to ecology
[dna] water wrote 60 bytes to ecology
[debug-onto] tick=200 corpus=142171 stage=2 freeze=0
[dna] water wrote 68 bytes to ecology
[dna] water wrote 57 bytes to ecology
[dna] water wrote 43 bytes to ecology
[dna] water wrote 79 bytes to ecology
[dna] water wrote 42 bytes to ecology
[dna] water wrote 36 bytes to ecology
[dna] water wrote 50 bytes to ecology
[dna] water wrote 103 bytes to ecology
[dna] water wrote 53 bytes to ecology
[dna] water wrote 94 bytes to ecology
[dna] water wrote 43 bytes to ecology
[dna] water wrote 90 bytes to ecology
[dna] water wrote 54 bytes to ecology
[dna] water wrote 28 bytes to ecology
[dna] water wrote 77 bytes to ecology
[dna] water wrote 27 bytes to ecology
[dna] water wrote 24 bytes to ecology
[debug-onto] tick=250 corpus=142171 stage=2 freeze=0
[dna] water wrote 57 bytes to ecology
[dna] water wrote 111 bytes to ecology
[dna] water wrote 9 bytes to ecology
[dna] water wrote 36 bytes to ecology
[dna] water wrote 38 bytes to ecology
[dna] water wrote 34 bytes to ecology
[dna] water wrote 38 bytes to ecology
[dna] water wrote 74 bytes to ecology
[dna] water wrote 135 bytes to ecology
[dna] water wrote 104 bytes to ecology
[dna] water wrote 107 bytes to ecology
[dna] water wrote 40 bytes to ecology
[dna] water wrote 12 bytes to ecology
[dna] water wrote 44 bytes to ecology
[dna] water wrote 123 bytes to ecology
[dna] water wrote 59 bytes to ecology
[debug-onto] tick=300 corpus=142171 stage=2 freeze=0
[dna] water wrote 87 bytes to ecology
[dna] water wrote 46 bytes to ecology
[dna] water wrote 75 bytes to ecology
[dna] water wrote 24 bytes to ecology
[dna] water wrote 32 bytes to ecology
[dna] water wrote 31 bytes to ecology
[dna] water wrote 24 bytes to ecology
[dna] water wrote 92 bytes to ecology
[dna] water wrote 53 bytes to ecology
[dna] water wrote 52 bytes to ecology
[dna] water wrote 31 bytes to ecology
[dna] water wrote 123 bytes to ecology
[dna] water wrote 34 bytes to ecology
[dna] water wrote 29 bytes to ecology
[dna] water wrote 34 bytes to ecology
[dna] water wrote 26 bytes to ecology
[dna] water wrote 16 bytes to ecology
[debug-onto] tick=350 corpus=142171 stage=2 freeze=0
[dna] water wrote 36 bytes to ecology
[dna] water wrote 45 bytes to ecology
[dna] water wrote 10 bytes to ecology
[dna] water wrote 56 bytes to ecology
[dna] water wrote 47 bytes to ecology
[dna] water wrote 59 bytes to ecology
[dna] water wrote 80 bytes to ecology
[dna] water wrote 106 bytes to ecology
[dna] water wrote 21 bytes to ecology
[dna] water wrote 42 bytes to ecology
[dna] water wrote 26 bytes to ecology
[dna] water wrote 36 bytes to ecology
[dna] water wrote 97 bytes to ecology
[dna] water wrote 70 bytes to ecology
[dna] water wrote 74 bytes to ecology
[dna] water wrote 52 bytes to ecology
[dna] water wrote 106 bytes to ecology
[debug-onto] tick=400 corpus=142171 stage=2 freeze=0
[dna] water wrote 55 bytes to ecology
[dna] water wrote 118 bytes to ecology
[dna] water wrote 59 bytes to ecology
[dna] water wrote 10 bytes to ecology
[dna] water wrote 68 bytes to ecology
[dna] water wrote 86 bytes to ecology
[dna] water wrote 63 bytes to ecology
[dna] water wrote 31 bytes to ecology
[dna] water wrote 61 bytes to ecology
[dna] water wrote 37 bytes to ecology
[dna] water wrote 40 bytes to ecology
[dna] water wrote 128 bytes to ecology
[dna] water wrote 148 bytes to ecology
[dna] water wrote 223 bytes to ecology
[dna] water wrote 56 bytes to ecology
[dna] water wrote 44 bytes to ecology
[debug-onto] tick=450 corpus=142171 stage=2 freeze=0
[dna] water wrote 82 bytes to ecology
[dna] water wrote 153 bytes to ecology
[dna] water wrote 54 bytes to ecology
[dna] water wrote 61 bytes to ecology
[dna] water wrote 128 bytes to ecology
[dna] water wrote 74 bytes to ecology
[dna] water wrote 55 bytes to ecology
[dna] water wrote 52 bytes to ecology
[dna] water wrote 65 bytes to ecology
[dna] water wrote 47 bytes to ecology
[dna] water wrote 39 bytes to ecology
[dna] water wrote 88 bytes to ecology
[dna] water wrote 55 bytes to ecology
[dna] water wrote 43 bytes to ecology
[dna] water wrote 52 bytes to ecology
[dna] water wrote 248 bytes to ecology
[dna] water wrote 19 bytes to ecology
[debug-onto] tick=500 corpus=142171 stage=2 freeze=0
[dna] water wrote 54 bytes to ecology
[dna] water wrote 82 bytes to ecology
[dna] water wrote 64 bytes to ecology
[dna] water wrote 53 bytes to ecology
[dna] water wrote 27 bytes to ecology
[dna] water wrote 86 bytes to ecology
[dna] water wrote 53 bytes to ecology
[dna] water wrote 54 bytes to ecology
[dna] water wrote 69 bytes to ecology
[dna] water wrote 114 bytes to ecology
[dna] water wrote 41 bytes to ecology
[dna] water wrote 37 bytes to ecology
[dna] water wrote 42 bytes to ecology
[dna] water wrote 39 bytes to ecology
[dna] water wrote 141 bytes to ecology
[dna] water wrote 56 bytes to ecology
[dna] water wrote 42 bytes to ecology
[debug-onto] tick=550 corpus=142171 stage=2 freeze=0
[dna] water wrote 30 bytes to ecology
[dna] water wrote 176 bytes to ecology
[dna] water wrote 97 bytes to ecology
[dna] water wrote 44 bytes to ecology
[dna] water wrote 34 bytes to ecology
[dna] water wrote 77 bytes to ecology
[dna] water wrote 24 bytes to ecology
[dna] water wrote 32 bytes to ecology
[dna] water wrote 98 bytes to ecology
[dna] water wrote 48 bytes to ecology
[dna] water wrote 87 bytes to ecology
[dna] water wrote 40 bytes to ecology
[dna] water wrote 55 bytes to ecology
[dna] water wrote 66 bytes to ecology
[dna] water wrote 73 bytes to ecology
[dna] water wrote 36 bytes to ecology
[debug-onto] tick=600 corpus=142171 stage=2 freeze=0
[dna] water wrote 98 bytes to ecology
[dna] water wrote 237 bytes to ecology
[dna] water wrote 50 bytes to ecology
[dna] water wrote 55 bytes to ecology
[dna] water wrote 51 bytes to ecology
[dna] water wrote 36 bytes to ecology
[dna] water wrote 78 bytes to ecology
[dna] water wrote 97 bytes to ecology
[dna] water wrote 10 bytes to ecology
[dna] water wrote 37 bytes to ecology
[dna] water wrote 31 bytes to ecology
[dna] water wrote 70 bytes to ecology

[evolution] Organism shutting down gracefully.
