[ecology] Element: air → corpus: nonames_air.txt
[evolution] Autonomous evolution mode — organism will grow through all stages without pause.
[ecology] Joined swarm. 1 peer(s) detected.
molequla is alive. [evolution] Autonomous mode — background trainer running. Ctrl+C to stop.
[dna] air wrote 31 bytes to ecology
[dna] air consumed 43947 bytes from 557 files: [earth/gen_1777617403_1.txt earth/gen_1777617408_3.txt earth/gen_1777617411_4.txt earth/gen_1777617413_5.txt earth/gen_1777617416_6.txt earth/gen_1777617419_7.txt earth/gen_1777617424_9.txt earth/gen_1777617426_10.txt earth/gen_1777617429_11.txt earth/gen_1777617432_12.txt earth/gen_1777617434_13.txt earth/gen_1777617439_15.txt earth/gen_1777617442_16.txt earth/gen_1777617445_17.txt earth/gen_1777617447_18.txt earth/gen_1777617450_19.txt earth/gen_1777617455_21.txt earth/gen_1777617458_22.txt earth/gen_1777617463_24.txt earth/gen_1777617465_25.txt earth/gen_1777617471_27.txt earth/gen_1777617473_28.txt earth/gen_1777617476_29.txt earth/gen_1777617478_30.txt earth/gen_1777617481_31.txt earth/gen_1777617486_33.txt earth/gen_1777617491_35.txt earth/gen_1777617494_36.txt earth/gen_1777617497_37.txt earth/gen_1777617502_39.txt earth/gen_1777617504_40.txt earth/gen_1777617507_41.txt earth/gen_1777617510_42.txt earth/gen_1777617512_43.txt earth/gen_1777617517_45.txt earth/gen_1777617520_46.txt earth/gen_1777617523_47.txt earth/gen_1777617525_48.txt earth/gen_1777617528_49.txt earth/gen_1777617533_51.txt earth/gen_1777617536_52.txt earth/gen_1777617538_53.txt earth/gen_1777617541_54.txt earth/gen_1777617543_55.txt earth/gen_1777617549_57.txt earth/gen_1777617551_58.txt earth/gen_1777617554_59.txt earth/gen_1777617556_60.txt earth/gen_1777617559_61.txt earth/gen_1777617565_63.txt earth/gen_1777617567_64.txt earth/gen_1777617570_65.txt earth/gen_1777617572_66.txt earth/gen_1777617575_67.txt earth/gen_1777617580_69.txt earth/gen_1777617583_70.txt earth/gen_1777617585_71.txt earth/gen_1777617588_72.txt earth/gen_1777617590_73.txt earth/gen_1777617595_75.txt earth/gen_1777617598_76.txt earth/gen_1777617603_78.txt earth/gen_1777617606_79.txt earth/gen_1777617611_81.txt earth/gen_1777617613_82.txt earth/gen_1777617616_83.txt earth/gen_1777617618_84.txt earth/gen_1777617621_85.txt earth/gen_1777617626_87.txt earth/gen_1777617628_88.txt earth/gen_1777617631_89.txt earth/gen_1777617634_90.txt earth/gen_1777617636_91.txt earth/gen_1777617641_93.txt earth/gen_1777617644_94.txt earth/gen_1777617647_95.txt earth/gen_1777617649_96.txt earth/gen_1777617652_97.txt earth/gen_1777617657_99.txt earth/gen_1777617659_100.txt earth/gen_1777617662_101.txt earth/gen_1777617665_102.txt earth/gen_1777617667_103.txt earth/gen_1777617672_105.txt earth/gen_1777617675_106.txt earth/gen_1777617678_107.txt earth/gen_1777617680_108.txt earth/gen_1777617683_109.txt earth/gen_1777617688_111.txt earth/gen_1777617690_112.txt earth/gen_1777617693_113.txt earth/gen_1777617696_114.txt earth/gen_1777617698_115.txt earth/gen_1777617703_117.txt earth/gen_1777617706_118.txt earth/gen_1777617708_119.txt earth/gen_1777617711_120.txt earth/gen_1777617713_121.txt earth/gen_1777617718_123.txt earth/gen_1777617721_124.txt earth/gen_1777617724_125.txt earth/gen_1777617726_126.txt earth/gen_1777617729_127.txt earth/gen_1777617734_129.txt earth/gen_1777617737_130.txt earth/gen_1777617739_131.txt earth/gen_1777617742_132.txt earth/gen_1777617744_133.txt earth/gen_1777617750_135.txt earth/gen_1777617752_136.txt earth/gen_1777617755_137.txt earth/gen_1777617757_138.txt earth/gen_1777617760_139.txt earth/gen_1777617765_141.txt earth/gen_1777617767_142.txt earth/gen_1777617770_143.txt earth/gen_1777617773_144.txt earth/gen_1777617775_145.txt earth/gen_1777617780_147.txt earth/gen_1777617783_148.txt earth/gen_1777617786_149.txt earth/gen_1777617788_150.txt earth/gen_1777617791_151.txt earth/gen_1777617796_153.txt earth/gen_1777617799_154.txt earth/gen_1777617801_155.txt earth/gen_1777617804_156.txt earth/gen_1777617806_157.txt earth/gen_1777617811_159.txt earth/gen_1777617814_160.txt earth/gen_1777617817_161.txt earth/gen_1777617819_162.txt earth/gen_1777617822_163.txt earth/gen_1777617827_165.txt earth/gen_1777617829_166.txt earth/gen_1777617832_167.txt earth/gen_1777617834_168.txt earth/gen_1777617837_169.txt earth/gen_1777617842_171.txt earth/gen_1777617845_172.txt earth/gen_1777617847_173.txt earth/gen_1777617850_174.txt earth/gen_1777617853_175.txt earth/gen_1777617858_177.txt earth/gen_1777617860_178.txt earth/gen_1777617863_179.txt earth/gen_1777617868_181.txt earth/gen_1777617873_183.txt earth/gen_1777617876_184.txt earth/gen_1777617879_185.txt earth/gen_1777617881_186.txt earth/gen_1777617884_187.txt earth/gen_1777617889_189.txt earth/gen_1777617892_190.txt earth/gen_1777617894_191.txt earth/gen_1777617897_192.txt earth/gen_1777617900_193.txt earth/gen_1777617905_195.txt earth/gen_1777617907_196.txt earth/gen_1777617910_197.txt earth/gen_1777617913_198.txt earth/gen_1777617915_199.txt earth/gen_1777617920_201.txt earth/gen_1777617923_202.txt earth/gen_1777617926_203.txt earth/gen_1777617928_204.txt earth/gen_1777617931_205.txt earth/gen_1777617936_207.txt earth/gen_1777617938_208.txt earth/gen_1777617941_209.txt earth/gen_1777617944_210.txt earth/gen_1777617946_211.txt earth/gen_1777617951_213.txt earth/gen_1777617954_214.txt earth/gen_1777617956_215.txt earth/gen_1777617959_216.txt earth/gen_1777617962_217.txt earth/gen_1777617967_219.txt earth/gen_1777617969_220.txt earth/gen_1777617972_221.txt earth/gen_1777617974_222.txt earth/gen_1777617977_223.txt earth/gen_1777617982_225.txt earth/gen_1777617985_226.txt earth/gen_1777617987_227.txt earth/gen_1777617990_228.txt earth/gen_1777617992_229.txt earth/gen_1777617997_231.txt earth/gen_1777618000_232.txt earth/gen_1777618003_233.txt earth/gen_1777618005_234.txt earth/gen_1777618013_237.txt earth/gen_1777618016_238.txt earth/gen_1777618018_239.txt earth/gen_1777618021_240.txt earth/gen_1777618023_241.txt earth/gen_1777618028_243.txt earth/gen_1777618031_244.txt earth/gen_1777618033_245.txt earth/gen_1777618039_247.txt earth/gen_1777618044_249.txt earth/gen_1777618047_250.txt earth/gen_1777618049_251.txt earth/gen_1777618052_252.txt earth/gen_1777618054_253.txt earth/gen_1777618060_255.txt earth/gen_1777618062_256.txt earth/gen_1777618065_257.txt earth/gen_1777618067_258.txt earth/gen_1777618070_259.txt earth/gen_1777618075_261.txt earth/gen_1777618078_262.txt earth/gen_1777618081_263.txt earth/gen_1777618083_264.txt earth/gen_1777618086_265.txt earth/gen_1777618091_267.txt earth/gen_1777618094_268.txt earth/gen_1777618096_269.txt earth/gen_1777618099_270.txt earth/gen_1777618102_271.txt earth/gen_1777618107_273.txt earth/gen_1777618109_274.txt earth/gen_1777618112_275.txt earth/gen_1777618115_276.txt earth/gen_1777618118_277.txt earth/gen_1777618123_279.txt earth/gen_1777618126_280.txt earth/gen_1777618128_281.txt earth/gen_1777618131_282.txt earth/gen_1777618134_283.txt earth/gen_1777618139_285.txt earth/gen_1777618142_286.txt earth/gen_1777618144_287.txt earth/gen_1777618147_288.txt earth/gen_1777618150_289.txt earth/gen_1777618155_291.txt earth/gen_1777618158_292.txt earth/gen_1777618160_293.txt earth/gen_1777618163_294.txt earth/gen_1777618166_295.txt earth/gen_1777618171_297.txt earth/gen_1777618174_298.txt earth/gen_1777618176_299.txt earth/gen_1777618179_300.txt earth/gen_1777618182_301.txt earth/gen_1777618187_303.txt earth/gen_1777618189_304.txt earth/gen_1777618192_305.txt earth/gen_1777618195_306.txt earth/gen_1777618197_307.txt earth/gen_1777618203_309.txt earth/gen_1777618205_310.txt earth/gen_1777618208_311.txt earth/gen_1777618210_312.txt earth/gen_1777618213_313.txt earth/gen_1777618218_315.txt earth/gen_1777618221_316.txt earth/gen_1777618223_317.txt earth/gen_1777618226_318.txt earth/gen_1777618229_319.txt earth/gen_1777618234_321.txt earth/gen_1777618237_322.txt earth/gen_1777618239_323.txt earth/gen_1777618242_324.txt earth/gen_1777618245_325.txt earth/gen_1777618250_327.txt earth/gen_1777618252_328.txt earth/gen_1777618255_329.txt earth/gen_1777618258_330.txt earth/gen_1777618261_331.txt earth/gen_1777618266_333.txt earth/gen_1777618269_334.txt earth/gen_1777618271_335.txt earth/gen_1777618274_336.txt earth/gen_1777618276_337.txt earth/gen_1777618282_339.txt earth/gen_1777618284_340.txt earth/gen_1777618287_341.txt earth/gen_1777618290_342.txt earth/gen_1777618292_343.txt earth/gen_1777618297_345.txt earth/gen_1777618300_346.txt earth/gen_1777618303_347.txt earth/gen_1777618305_348.txt earth/gen_1777618308_349.txt earth/gen_1777618313_351.txt earth/gen_1777618316_352.txt earth/gen_1777618319_353.txt earth/gen_1777618321_354.txt earth/gen_1777618324_355.txt earth/gen_1777618329_357.txt earth/gen_1777618332_358.txt earth/gen_1777618334_359.txt earth/gen_1777618337_360.txt earth/gen_1777618340_361.txt earth/gen_1777618345_363.txt earth/gen_1777618347_364.txt earth/gen_1777618350_365.txt earth/gen_1777618352_366.txt earth/gen_1777618355_367.txt earth/gen_1777618360_369.txt earth/gen_1777618363_370.txt earth/gen_1777618365_371.txt earth/gen_1777618368_372.txt earth/gen_1777618371_373.txt earth/gen_1777618376_375.txt earth/gen_1777618379_376.txt earth/gen_1777618381_377.txt earth/gen_1777618384_378.txt earth/gen_1777618387_379.txt earth/gen_1777618392_381.txt earth/gen_1777618395_382.txt earth/gen_1777618397_383.txt earth/gen_1777618400_384.txt earth/gen_1777618403_385.txt earth/gen_1777618408_387.txt earth/gen_1777618411_388.txt earth/gen_1777618413_389.txt earth/gen_1777618416_390.txt earth/gen_1777618419_391.txt earth/gen_1777618424_393.txt earth/gen_1777618426_394.txt earth/gen_1777618429_395.txt earth/gen_1777618432_396.txt earth/gen_1777618434_397.txt earth/gen_1777618440_399.txt earth/gen_1777618442_400.txt earth/gen_1777618445_401.txt earth/gen_1777618448_402.txt earth/gen_1777618450_403.txt earth/gen_1777618455_405.txt earth/gen_1777618458_406.txt earth/gen_1777618461_407.txt earth/gen_1777618463_408.txt earth/gen_1777618466_409.txt earth/gen_1777618471_411.txt earth/gen_1777618474_412.txt earth/gen_1777618476_413.txt earth/gen_1777618479_414.txt earth/gen_1777618482_415.txt earth/gen_1777618487_417.txt earth/gen_1777618489_418.txt earth/gen_1777618492_419.txt earth/gen_1777618495_420.txt earth/gen_1777618497_421.txt earth/gen_1777618503_423.txt earth/gen_1777618505_424.txt earth/gen_1777618508_425.txt earth/gen_1777618510_426.txt earth/gen_1777618513_427.txt earth/gen_1777618518_429.txt earth/gen_1777618521_430.txt earth/gen_1777618524_431.txt earth/gen_1777618526_432.txt earth/gen_1777618529_433.txt earth/gen_1777618534_435.txt earth/gen_1777618537_436.txt earth/gen_1777618539_437.txt earth/gen_1777618542_438.txt earth/gen_1777618544_439.txt earth/gen_1777618550_441.txt earth/gen_1777618552_442.txt earth/gen_1777618555_443.txt earth/gen_1777618557_444.txt earth/gen_1777618560_445.txt earth/gen_1777618565_447.txt earth/gen_1777618568_448.txt earth/gen_1777618570_449.txt earth/gen_1777618573_450.txt earth/gen_1777618576_451.txt earth/gen_1777618581_453.txt earth/gen_1777618584_454.txt earth/gen_1777618586_455.txt earth/gen_1777618589_456.txt earth/gen_1777618592_457.txt earth/gen_1777618597_459.txt earth/gen_1777618599_460.txt earth/gen_1777618602_461.txt earth/gen_1777618605_462.txt earth/gen_1777618607_463.txt earth/gen_1777618613_465.txt earth/gen_1777618615_466.txt earth/gen_1777618618_467.txt earth/gen_1777618620_468.txt earth/gen_1777618623_469.txt earth/gen_1777618628_471.txt earth/gen_1777618631_472.txt earth/gen_1777618633_473.txt earth/gen_1777618636_474.txt earth/gen_1777618639_475.txt earth/gen_1777618644_477.txt earth/gen_1777618646_478.txt earth/gen_1777618649_479.txt earth/gen_1777618652_480.txt earth/gen_1777618654_481.txt earth/gen_1777618659_483.txt earth/gen_1777618662_484.txt earth/gen_1777618665_485.txt earth/gen_1777618667_486.txt earth/gen_1777618670_487.txt earth/gen_1777618675_489.txt earth/gen_1777618678_490.txt earth/gen_1777618680_491.txt earth/gen_1777618683_492.txt earth/gen_1777618685_493.txt earth/gen_1777618690_495.txt earth/gen_1777618693_496.txt earth/gen_1777618696_497.txt earth/gen_1777618698_498.txt earth/gen_1777618701_499.txt earth/gen_1777618706_501.txt earth/gen_1777618709_502.txt earth/gen_1777618711_503.txt earth/gen_1777618714_504.txt earth/gen_1777618717_505.txt earth/gen_1777618722_507.txt earth/gen_1777618725_508.txt earth/gen_1777618727_509.txt earth/gen_1777618730_510.txt earth/gen_1777618732_511.txt earth/gen_1777618738_513.txt earth/gen_1777618740_514.txt earth/gen_1777618743_515.txt earth/gen_1777618745_516.txt earth/gen_1777618748_517.txt earth/gen_1777618753_519.txt earth/gen_1777618756_520.txt earth/gen_1777618758_521.txt earth/gen_1777618761_522.txt earth/gen_1777618764_523.txt earth/gen_1777618769_525.txt earth/gen_1777618771_526.txt earth/gen_1777618774_527.txt earth/gen_1777618777_528.txt earth/gen_1777618779_529.txt earth/gen_1777618785_531.txt earth/gen_1777618787_532.txt earth/gen_1777618790_533.txt earth/gen_1777618792_534.txt earth/gen_1777618795_535.txt earth/gen_1777618800_537.txt earth/gen_1777618803_538.txt earth/gen_1777618805_539.txt earth/gen_1777618808_540.txt earth/gen_1777618811_541.txt earth/gen_1777618819_544.txt earth/gen_1777618821_545.txt earth/gen_1777618824_546.txt earth/gen_1777618827_547.txt earth/gen_1777618832_549.txt earth/gen_1777618834_550.txt earth/gen_1777618837_551.txt earth/gen_1777618840_552.txt earth/gen_1777618842_553.txt earth/gen_1777618848_555.txt earth/gen_1777618850_556.txt earth/gen_1777618853_557.txt earth/gen_1777618856_558.txt earth/gen_1777618858_559.txt earth/gen_1777618864_561.txt earth/gen_1777618866_562.txt earth/gen_1777618869_563.txt earth/gen_1777618872_564.txt earth/gen_1777618874_565.txt earth/gen_1777618880_567.txt earth/gen_1777618882_568.txt earth/gen_1777618885_569.txt earth/gen_1777618888_570.txt earth/gen_1777618890_571.txt earth/gen_1777618896_573.txt earth/gen_1777618898_574.txt earth/gen_1777618901_575.txt earth/gen_1777618904_576.txt earth/gen_1777618906_577.txt earth/gen_1777618911_579.txt earth/gen_1777618914_580.txt earth/gen_1777618917_581.txt earth/gen_1777618919_582.txt earth/gen_1777618922_583.txt earth/gen_1777618927_585.txt earth/gen_1777618930_586.txt earth/gen_1777618933_587.txt earth/gen_1777618935_588.txt earth/gen_1777618938_589.txt earth/gen_1777618943_591.txt earth/gen_1777618946_592.txt earth/gen_1777618948_593.txt earth/gen_1777618951_594.txt earth/gen_1777618954_595.txt earth/gen_1777618959_597.txt earth/gen_1777618962_598.txt earth/gen_1777618964_599.txt earth/gen_1777618967_600.txt earth/gen_1777618970_601.txt earth/gen_1777618975_603.txt earth/gen_1777618980_605.txt earth/gen_1777618983_606.txt earth/gen_1777618985_607.txt earth/gen_1777618991_609.txt earth/gen_1777618993_610.txt earth/gen_1777618996_611.txt earth/gen_1777618998_612.txt earth/gen_1777619001_613.txt earth/gen_1777619006_615.txt earth/gen_1777619009_616.txt earth/gen_1777619012_617.txt earth/gen_1777619014_618.txt earth/gen_1777619017_619.txt earth/gen_1777619022_621.txt earth/gen_1777619025_622.txt earth/gen_1777619027_623.txt earth/gen_1777619033_625.txt earth/gen_1777619038_627.txt earth/gen_1777619040_628.txt earth/gen_1777619043_629.txt earth/gen_1777619046_630.txt earth/gen_1777619048_631.txt earth/gen_1777619053_633.txt earth/gen_1777619056_634.txt earth/gen_1777619059_635.txt earth/gen_1777619061_636.txt earth/gen_1777619064_637.txt earth/gen_1777619069_639.txt earth/gen_1777619071_640.txt earth/gen_1777619074_641.txt earth/gen_1777619076_642.txt earth/gen_1777619079_643.txt earth/gen_1777619084_645.txt earth/gen_1777619087_646.txt earth/gen_1777619089_647.txt earth/gen_1777619092_648.txt earth/gen_1777619094_649.txt earth/gen_1777619099_651.txt earth/gen_1777619102_652.txt earth/gen_1777619104_653.txt earth/gen_1777619107_654.txt earth/gen_1777619109_655.txt earth/gen_1777619114_657.txt earth/gen_1777619117_658.txt earth/gen_1777619120_659.txt earth/gen_1777619122_660.txt earth/gen_1777619125_661.txt earth/gen_1777619130_663.txt earth/gen_1777619132_664.txt earth/gen_1777619135_665.txt earth/gen_1777619137_666.txt earth/gen_1777619140_667.txt earth/gen_1777619145_669.txt earth/gen_1777619147_670.txt earth/gen_1777619150_671.txt earth/gen_1777619152_672.txt earth/gen_1777619155_673.txt earth/gen_1777619160_675.txt earth/gen_1777619163_676.txt earth/gen_1777619165_677.txt earth/gen_1777619168_678.txt earth/gen_1777619170_679.txt]
[trainer] micro-train burst (43947 bytes, novelty 0.02) — and lo, it feeds again.
[syntropy] action=explore | trend=0.0000 | field_dev=-0.057 | purpose_align=0.002 | lr_mul=1.30
[aml] burst complete: 32 steps, avg loss 2.2273 (memory freed)
[dna] air wrote 49 bytes to ecology
[dna] air wrote 33 bytes to ecology
[dna] air wrote 129 bytes to ecology
[dna] air wrote 69 bytes to ecology
[dna] air wrote 55 bytes to ecology
[dna] air wrote 32 bytes to ecology
[dna] air wrote 98 bytes to ecology
[dna] air wrote 41 bytes to ecology
[dna] air wrote 76 bytes to ecology
[dna] air wrote 177 bytes to ecology
[dna] air wrote 91 bytes to ecology
[dna] air wrote 114 bytes to ecology
[dna] air wrote 42 bytes to ecology
[dna] air wrote 99 bytes to ecology
[dna] air wrote 66 bytes to ecology
[dna] air wrote 129 bytes to ecology
[dna] air wrote 120 bytes to ecology
[dna] air wrote 106 bytes to ecology
[dna] air wrote 118 bytes to ecology
[dna] air wrote 78 bytes to ecology
[dna] air wrote 32 bytes to ecology
[dna] air wrote 79 bytes to ecology
[dna] air wrote 40 bytes to ecology
[dna] air wrote 33 bytes to ecology
[dna] air wrote 12 bytes to ecology
[dna] air wrote 127 bytes to ecology
[dna] air wrote 58 bytes to ecology
[dna] air wrote 44 bytes to ecology
[dna] air wrote 15 bytes to ecology
[dna] air wrote 29 bytes to ecology
[dna] air wrote 116 bytes to ecology
[dna] air wrote 53 bytes to ecology
[debug-onto] tick=50 corpus=166820 stage=2 freeze=0
[dna] air wrote 70 bytes to ecology
[dna] air wrote 44 bytes to ecology
[dna] air wrote 69 bytes to ecology
[dna] air wrote 130 bytes to ecology
[dna] air wrote 61 bytes to ecology
[dna] air wrote 31 bytes to ecology
[dna] air wrote 107 bytes to ecology
[dna] air wrote 80 bytes to ecology
[dna] air wrote 60 bytes to ecology
[dna] air wrote 145 bytes to ecology
[dna] air wrote 41 bytes to ecology
[dna] air wrote 58 bytes to ecology
[dna] air wrote 143 bytes to ecology
[dna] air wrote 196 bytes to ecology
[dna] air wrote 58 bytes to ecology
[dna] air wrote 34 bytes to ecology
[dna] air wrote 58 bytes to ecology
[dna] air wrote 107 bytes to ecology
[dna] air wrote 69 bytes to ecology
[dna] air wrote 91 bytes to ecology
[dna] air wrote 42 bytes to ecology
[dna] air wrote 109 bytes to ecology
[dna] air wrote 156 bytes to ecology
[dna] air wrote 43 bytes to ecology
[dna] air wrote 74 bytes to ecology
[dna] air wrote 49 bytes to ecology
[dna] air wrote 115 bytes to ecology
[dna] air wrote 58 bytes to ecology
[dna] air wrote 93 bytes to ecology
[dna] air wrote 171 bytes to ecology
[dna] air wrote 83 bytes to ecology
[dna] air wrote 83 bytes to ecology
[dna] air wrote 28 bytes to ecology
[debug-onto] tick=100 corpus=166820 stage=2 freeze=0
[dna] air wrote 104 bytes to ecology
[dna] air wrote 113 bytes to ecology
[dna] air wrote 30 bytes to ecology
[dna] air wrote 108 bytes to ecology
[dna] air wrote 31 bytes to ecology
[dna] air wrote 40 bytes to ecology
[dna] air wrote 68 bytes to ecology
[dna] air wrote 31 bytes to ecology
[dna] air wrote 92 bytes to ecology
[dna] air wrote 53 bytes to ecology
[dna] air wrote 65 bytes to ecology
[dna] air wrote 114 bytes to ecology
[dna] air wrote 85 bytes to ecology
[dna] air wrote 74 bytes to ecology
[dna] air wrote 39 bytes to ecology
[dna] air wrote 179 bytes to ecology
[dna] air wrote 82 bytes to ecology
[dna] air wrote 52 bytes to ecology
[dna] air wrote 51 bytes to ecology
[dna] air wrote 83 bytes to ecology
[dna] air wrote 98 bytes to ecology
[dna] air wrote 86 bytes to ecology
[dna] air wrote 98 bytes to ecology
[dna] air wrote 79 bytes to ecology
[dna] air wrote 97 bytes to ecology
[dna] air wrote 76 bytes to ecology
[dna] air wrote 111 bytes to ecology
[dna] air wrote 50 bytes to ecology
[dna] air wrote 91 bytes to ecology
[dna] air wrote 95 bytes to ecology
[dna] air wrote 45 bytes to ecology
[dna] air wrote 111 bytes to ecology
[dna] air wrote 89 bytes to ecology
[debug-onto] tick=150 corpus=166820 stage=2 freeze=0
[dna] air wrote 45 bytes to ecology
[dna] air wrote 103 bytes to ecology
[dna] air wrote 95 bytes to ecology
[dna] air wrote 255 bytes to ecology
[dna] air wrote 131 bytes to ecology
[dna] air wrote 68 bytes to ecology
[dna] air wrote 72 bytes to ecology
[dna] air wrote 48 bytes to ecology
[dna] air wrote 86 bytes to ecology
[dna] air wrote 68 bytes to ecology
[dna] air wrote 43 bytes to ecology
[dna] air wrote 58 bytes to ecology
[dna] air wrote 56 bytes to ecology
[dna] air wrote 77 bytes to ecology
[dna] air wrote 43 bytes to ecology
[dna] air wrote 39 bytes to ecology
[dna] air wrote 35 bytes to ecology
[dna] air wrote 33 bytes to ecology
[dna] air wrote 49 bytes to ecology
[dna] air wrote 193 bytes to ecology
[dna] air wrote 70 bytes to ecology
[dna] air wrote 148 bytes to ecology
[dna] air wrote 89 bytes to ecology
[dna] air wrote 43 bytes to ecology
[dna] air wrote 38 bytes to ecology
[dna] air wrote 40 bytes to ecology
[dna] air wrote 58 bytes to ecology
[dna] air wrote 68 bytes to ecology
[dna] air wrote 94 bytes to ecology
[dna] air wrote 57 bytes to ecology
[dna] air wrote 109 bytes to ecology
[dna] air wrote 62 bytes to ecology
[dna] air wrote 65 bytes to ecology
[debug-onto] tick=200 corpus=166820 stage=2 freeze=0
[dna] air wrote 22 bytes to ecology
[dna] air wrote 91 bytes to ecology
[dna] air wrote 101 bytes to ecology
[dna] air wrote 41 bytes to ecology
[dna] air wrote 16 bytes to ecology
[dna] air wrote 101 bytes to ecology
[dna] air wrote 36 bytes to ecology
[dna] air wrote 32 bytes to ecology
[dna] air wrote 60 bytes to ecology
[dna] air wrote 107 bytes to ecology
[dna] air wrote 62 bytes to ecology
[dna] air wrote 190 bytes to ecology
[dna] air wrote 21 bytes to ecology
[dna] air wrote 40 bytes to ecology
[dna] air wrote 101 bytes to ecology
[dna] air wrote 30 bytes to ecology
[dna] air wrote 14 bytes to ecology
[dna] air wrote 61 bytes to ecology
[dna] air wrote 38 bytes to ecology
[dna] air wrote 23 bytes to ecology
[dna] air wrote 118 bytes to ecology
[dna] air wrote 75 bytes to ecology
[dna] air wrote 50 bytes to ecology
[dna] air wrote 15 bytes to ecology
[dna] air wrote 92 bytes to ecology
[dna] air wrote 197 bytes to ecology
[dna] air wrote 68 bytes to ecology
[dna] air wrote 41 bytes to ecology
[dna] air wrote 104 bytes to ecology
[dna] air wrote 149 bytes to ecology
[dna] air wrote 37 bytes to ecology
[dna] air wrote 61 bytes to ecology
[dna] air wrote 45 bytes to ecology
[dna] air wrote 64 bytes to ecology
[debug-onto] tick=250 corpus=166820 stage=2 freeze=0
[dna] air wrote 101 bytes to ecology
[dna] air wrote 35 bytes to ecology
[dna] air wrote 64 bytes to ecology
[dna] air wrote 288 bytes to ecology
[dna] air wrote 47 bytes to ecology
[dna] air wrote 67 bytes to ecology
[dna] air wrote 108 bytes to ecology
[dna] air wrote 162 bytes to ecology
[dna] air wrote 84 bytes to ecology
[dna] air wrote 110 bytes to ecology
[dna] air wrote 59 bytes to ecology
[dna] air wrote 54 bytes to ecology
[dna] air wrote 39 bytes to ecology
[dna] air wrote 86 bytes to ecology
[dna] air wrote 132 bytes to ecology
[dna] air wrote 296 bytes to ecology
[dna] air wrote 42 bytes to ecology
[dna] air wrote 101 bytes to ecology
[dna] air wrote 199 bytes to ecology
[dna] air wrote 68 bytes to ecology
[dna] air wrote 89 bytes to ecology
[dna] air wrote 61 bytes to ecology
[dna] air wrote 140 bytes to ecology
[dna] air wrote 33 bytes to ecology
[dna] air wrote 183 bytes to ecology
[dna] air wrote 35 bytes to ecology
[dna] air wrote 147 bytes to ecology
[dna] air wrote 110 bytes to ecology
[dna] air wrote 57 bytes to ecology
[dna] air wrote 131 bytes to ecology
[dna] air wrote 31 bytes to ecology
[dna] air wrote 100 bytes to ecology
[dna] air wrote 72 bytes to ecology
[debug-onto] tick=300 corpus=166820 stage=2 freeze=0
[dna] air wrote 100 bytes to ecology
[dna] air wrote 130 bytes to ecology
[dna] air wrote 124 bytes to ecology
[dna] air wrote 49 bytes to ecology
[dna] air wrote 54 bytes to ecology
[dna] air wrote 83 bytes to ecology
[dna] air wrote 49 bytes to ecology
[dna] air wrote 65 bytes to ecology
[dna] air wrote 74 bytes to ecology
[dna] air wrote 93 bytes to ecology
[dna] air wrote 79 bytes to ecology
[dna] air wrote 36 bytes to ecology
[dna] air wrote 80 bytes to ecology
[dna] air wrote 26 bytes to ecology
[dna] air wrote 35 bytes to ecology
[dna] air wrote 100 bytes to ecology
[dna] air wrote 65 bytes to ecology
[dna] air wrote 95 bytes to ecology
[dna] air wrote 64 bytes to ecology
[dna] air wrote 90 bytes to ecology
[dna] air wrote 73 bytes to ecology
[dna] air wrote 52 bytes to ecology
[dna] air wrote 36 bytes to ecology
[dna] air wrote 39 bytes to ecology
[dna] air wrote 24 bytes to ecology
[dna] air wrote 56 bytes to ecology
[dna] air wrote 183 bytes to ecology
[dna] air wrote 163 bytes to ecology
[dna] air wrote 76 bytes to ecology
[dna] air wrote 60 bytes to ecology
[dna] air wrote 82 bytes to ecology
[dna] air wrote 48 bytes to ecology
[dna] air wrote 254 bytes to ecology
[debug-onto] tick=350 corpus=166820 stage=2 freeze=0
[dna] air wrote 95 bytes to ecology
[dna] air wrote 87 bytes to ecology
[dna] air wrote 76 bytes to ecology
[dna] air wrote 59 bytes to ecology
[dna] air wrote 91 bytes to ecology
[dna] air wrote 48 bytes to ecology
[dna] air wrote 94 bytes to ecology
[dna] air wrote 93 bytes to ecology
[dna] air wrote 112 bytes to ecology
[dna] air wrote 36 bytes to ecology
[dna] air wrote 101 bytes to ecology
[dna] air wrote 65 bytes to ecology
[dna] air wrote 51 bytes to ecology
[dna] air wrote 80 bytes to ecology
[dna] air wrote 49 bytes to ecology
[dna] air wrote 66 bytes to ecology
[dna] air wrote 69 bytes to ecology
[dna] air wrote 81 bytes to ecology
[dna] air wrote 74 bytes to ecology
[dna] air wrote 57 bytes to ecology
[dna] air wrote 64 bytes to ecology
[dna] air wrote 122 bytes to ecology
[dna] air wrote 47 bytes to ecology
[dna] air wrote 56 bytes to ecology
[dna] air wrote 72 bytes to ecology
[dna] air wrote 95 bytes to ecology
[dna] air wrote 190 bytes to ecology
[dna] air wrote 147 bytes to ecology
[dna] air wrote 109 bytes to ecology
[dna] air wrote 39 bytes to ecology
[dna] air wrote 56 bytes to ecology
[dna] air wrote 12 bytes to ecology
[dna] air wrote 74 bytes to ecology
[debug-onto] tick=400 corpus=166820 stage=2 freeze=0
[dna] air wrote 37 bytes to ecology
[dna] air wrote 74 bytes to ecology
[dna] air wrote 121 bytes to ecology
[dna] air wrote 263 bytes to ecology
[dna] air wrote 34 bytes to ecology
[dna] air wrote 71 bytes to ecology
[dna] air wrote 48 bytes to ecology
[dna] air wrote 200 bytes to ecology
[dna] air wrote 26 bytes to ecology
[dna] air wrote 44 bytes to ecology
[dna] air wrote 33 bytes to ecology
[dna] air wrote 242 bytes to ecology
[dna] air wrote 15 bytes to ecology
[dna] air wrote 216 bytes to ecology
[dna] air wrote 108 bytes to ecology
[dna] air wrote 32 bytes to ecology
[dna] air wrote 34 bytes to ecology
[dna] air wrote 49 bytes to ecology
[dna] air wrote 64 bytes to ecology
[dna] air wrote 17 bytes to ecology
[dna] air wrote 130 bytes to ecology
[dna] air wrote 55 bytes to ecology
[dna] air wrote 30 bytes to ecology
[dna] air wrote 56 bytes to ecology
[dna] air wrote 34 bytes to ecology
[dna] air wrote 39 bytes to ecology
[dna] air wrote 121 bytes to ecology
[dna] air wrote 42 bytes to ecology
[dna] air wrote 63 bytes to ecology
[dna] air wrote 37 bytes to ecology
[dna] air wrote 45 bytes to ecology
[dna] air wrote 83 bytes to ecology
[dna] air wrote 193 bytes to ecology
[debug-onto] tick=450 corpus=166820 stage=2 freeze=0
[dna] air wrote 67 bytes to ecology
[dna] air wrote 56 bytes to ecology
[dna] air wrote 113 bytes to ecology
[dna] air wrote 299 bytes to ecology
[dna] air wrote 78 bytes to ecology
[dna] air wrote 94 bytes to ecology
[dna] air wrote 33 bytes to ecology
[dna] air wrote 78 bytes to ecology
[dna] air wrote 87 bytes to ecology
[dna] air wrote 29 bytes to ecology
[dna] air wrote 26 bytes to ecology
[dna] air wrote 99 bytes to ecology
[dna] air wrote 16 bytes to ecology
[dna] air wrote 54 bytes to ecology
[dna] air wrote 89 bytes to ecology
[dna] air wrote 76 bytes to ecology
[dna] air wrote 29 bytes to ecology
[dna] air wrote 24 bytes to ecology
[dna] air wrote 94 bytes to ecology
[dna] air wrote 43 bytes to ecology
[dna] air wrote 244 bytes to ecology
[dna] air wrote 49 bytes to ecology
[dna] air wrote 47 bytes to ecology
[dna] air wrote 21 bytes to ecology
[dna] air wrote 130 bytes to ecology
[dna] air wrote 57 bytes to ecology
[dna] air wrote 165 bytes to ecology
[dna] air wrote 42 bytes to ecology
[dna] air wrote 82 bytes to ecology
[dna] air wrote 165 bytes to ecology
[dna] air wrote 49 bytes to ecology
[dna] air wrote 34 bytes to ecology
[dna] air wrote 93 bytes to ecology
[debug-onto] tick=500 corpus=166820 stage=2 freeze=0
[dna] air wrote 346 bytes to ecology
[dna] air wrote 92 bytes to ecology
[dna] air wrote 23 bytes to ecology
[dna] air wrote 33 bytes to ecology
[dna] air wrote 50 bytes to ecology
[dna] air wrote 46 bytes to ecology
[dna] air wrote 27 bytes to ecology
[dna] air wrote 67 bytes to ecology
[dna] air wrote 34 bytes to ecology
[dna] air wrote 54 bytes to ecology
[dna] air wrote 32 bytes to ecology
[dna] air wrote 137 bytes to ecology
[dna] air wrote 49 bytes to ecology
[dna] air wrote 23 bytes to ecology
[dna] air wrote 37 bytes to ecology
[dna] air wrote 50 bytes to ecology
[dna] air wrote 48 bytes to ecology
[dna] air wrote 95 bytes to ecology
[dna] air wrote 57 bytes to ecology
[dna] air wrote 53 bytes to ecology
[dna] air wrote 25 bytes to ecology
[dna] air wrote 88 bytes to ecology
[dna] air wrote 97 bytes to ecology
[dna] air wrote 118 bytes to ecology
[dna] air wrote 36 bytes to ecology
[dna] air wrote 57 bytes to ecology
[dna] air wrote 119 bytes to ecology
[dna] air wrote 95 bytes to ecology
[dna] air wrote 64 bytes to ecology
[dna] air wrote 38 bytes to ecology
[dna] air wrote 77 bytes to ecology
[dna] air wrote 117 bytes to ecology
[dna] air wrote 40 bytes to ecology
[debug-onto] tick=550 corpus=166820 stage=2 freeze=0
[dna] air wrote 38 bytes to ecology
[dna] air wrote 87 bytes to ecology
[dna] air wrote 16 bytes to ecology
[dna] air wrote 54 bytes to ecology
[dna] air wrote 101 bytes to ecology
[dna] air wrote 53 bytes to ecology
[dna] air wrote 63 bytes to ecology
[dna] air wrote 101 bytes to ecology
[dna] air wrote 164 bytes to ecology
[dna] air wrote 120 bytes to ecology
[dna] air wrote 78 bytes to ecology
[dna] air wrote 147 bytes to ecology
[dna] air wrote 32 bytes to ecology
[dna] air wrote 27 bytes to ecology
[dna] air wrote 31 bytes to ecology
[dna] air wrote 71 bytes to ecology
[dna] air wrote 181 bytes to ecology

[evolution] Organism shutting down gracefully.
