[ecology] Element: fire → corpus: nonames_fire.txt
[evolution] Autonomous evolution mode — organism will grow through all stages without pause.
[ecology] Joined swarm. 1 peer(s) detected.
molequla is alive. [evolution] Autonomous mode — background trainer running. Ctrl+C to stop.
[dna] fire wrote 33 bytes to ecology
[dna] fire consumed 31754 bytes from 484 files: [water/gen_1777620976_1.txt water/gen_1777620987_2.txt water/gen_1777620990_3.txt water/gen_1777620993_4.txt water/gen_1777620996_5.txt water/gen_1777621002_7.txt water/gen_1777621005_8.txt water/gen_1777621008_9.txt water/gen_1777621011_10.txt water/gen_1777621014_11.txt water/gen_1777621019_13.txt water/gen_1777621022_14.txt water/gen_1777621025_15.txt water/gen_1777621028_16.txt water/gen_1777621031_17.txt water/gen_1777621037_19.txt water/gen_1777621040_20.txt water/gen_1777621043_21.txt water/gen_1777621046_22.txt water/gen_1777621049_23.txt water/gen_1777621055_25.txt water/gen_1777621058_26.txt water/gen_1777621061_27.txt water/gen_1777621064_28.txt water/gen_1777621067_29.txt water/gen_1777621072_31.txt water/gen_1777621075_32.txt water/gen_1777621078_33.txt water/gen_1777621081_34.txt water/gen_1777621084_35.txt water/gen_1777621090_37.txt water/gen_1777621093_38.txt water/gen_1777621096_39.txt water/gen_1777621099_40.txt water/gen_1777621102_41.txt water/gen_1777621108_43.txt water/gen_1777621114_45.txt water/gen_1777621117_46.txt water/gen_1777621120_47.txt water/gen_1777621126_49.txt water/gen_1777621129_50.txt water/gen_1777621132_51.txt water/gen_1777621135_52.txt water/gen_1777621138_53.txt water/gen_1777621144_55.txt water/gen_1777621148_56.txt water/gen_1777621151_57.txt water/gen_1777621154_58.txt water/gen_1777621157_59.txt water/gen_1777621163_61.txt water/gen_1777621166_62.txt water/gen_1777621169_63.txt water/gen_1777621172_64.txt water/gen_1777621175_65.txt water/gen_1777621181_67.txt water/gen_1777621184_68.txt water/gen_1777621187_69.txt water/gen_1777621190_70.txt water/gen_1777621192_71.txt water/gen_1777621198_73.txt water/gen_1777621204_75.txt water/gen_1777621207_76.txt water/gen_1777621216_79.txt water/gen_1777621219_80.txt water/gen_1777621222_81.txt water/gen_1777621225_82.txt water/gen_1777621234_85.txt water/gen_1777621237_86.txt water/gen_1777621240_87.txt water/gen_1777621243_88.txt water/gen_1777621246_89.txt water/gen_1777621252_91.txt water/gen_1777621255_92.txt water/gen_1777621258_93.txt water/gen_1777621261_94.txt water/gen_1777621264_95.txt water/gen_1777621270_97.txt water/gen_1777621273_98.txt water/gen_1777621276_99.txt water/gen_1777621279_100.txt water/gen_1777621282_101.txt water/gen_1777621288_103.txt water/gen_1777621291_104.txt water/gen_1777621295_105.txt water/gen_1777621298_106.txt water/gen_1777621301_107.txt water/gen_1777621307_109.txt water/gen_1777621310_110.txt water/gen_1777621313_111.txt water/gen_1777621316_112.txt water/gen_1777621319_113.txt water/gen_1777621328_116.txt water/gen_1777621331_117.txt water/gen_1777621334_118.txt water/gen_1777621337_119.txt water/gen_1777621343_121.txt water/gen_1777621346_122.txt water/gen_1777621349_123.txt water/gen_1777621352_124.txt water/gen_1777621355_125.txt water/gen_1777621361_127.txt water/gen_1777621367_129.txt water/gen_1777621370_130.txt water/gen_1777621373_131.txt water/gen_1777621379_133.txt water/gen_1777621382_134.txt water/gen_1777621385_135.txt water/gen_1777621388_136.txt water/gen_1777621391_137.txt water/gen_1777621397_139.txt water/gen_1777621400_140.txt water/gen_1777621403_141.txt water/gen_1777621406_142.txt water/gen_1777621409_143.txt water/gen_1777621415_145.txt water/gen_1777621418_146.txt water/gen_1777621421_147.txt water/gen_1777621424_148.txt water/gen_1777621427_149.txt water/gen_1777621433_151.txt water/gen_1777621436_152.txt water/gen_1777621439_153.txt water/gen_1777621442_154.txt water/gen_1777621445_155.txt water/gen_1777621451_157.txt water/gen_1777621455_158.txt water/gen_1777621458_159.txt water/gen_1777621461_160.txt water/gen_1777621464_161.txt water/gen_1777621470_163.txt water/gen_1777621473_164.txt water/gen_1777621476_165.txt water/gen_1777621479_166.txt water/gen_1777621482_167.txt water/gen_1777621488_169.txt water/gen_1777621491_170.txt water/gen_1777621494_171.txt water/gen_1777621497_172.txt water/gen_1777621500_173.txt water/gen_1777621506_175.txt water/gen_1777621510_176.txt water/gen_1777621513_177.txt water/gen_1777621516_178.txt water/gen_1777621519_179.txt water/gen_1777621525_181.txt water/gen_1777621528_182.txt water/gen_1777621531_183.txt water/gen_1777621534_184.txt water/gen_1777621537_185.txt water/gen_1777621543_187.txt water/gen_1777621546_188.txt water/gen_1777621549_189.txt water/gen_1777621552_190.txt water/gen_1777621556_191.txt water/gen_1777621562_193.txt water/gen_1777621565_194.txt water/gen_1777621568_195.txt water/gen_1777621571_196.txt water/gen_1777621574_197.txt water/gen_1777621581_199.txt water/gen_1777621584_200.txt water/gen_1777621587_201.txt water/gen_1777621590_202.txt water/gen_1777621593_203.txt water/gen_1777621599_205.txt water/gen_1777621602_206.txt water/gen_1777621605_207.txt water/gen_1777621608_208.txt water/gen_1777621611_209.txt water/gen_1777621617_211.txt water/gen_1777621620_212.txt water/gen_1777621624_213.txt water/gen_1777621627_214.txt water/gen_1777621630_215.txt water/gen_1777621636_217.txt water/gen_1777621639_218.txt water/gen_1777621642_219.txt water/gen_1777621645_220.txt water/gen_1777621648_221.txt water/gen_1777621654_223.txt water/gen_1777621657_224.txt water/gen_1777621660_225.txt water/gen_1777621663_226.txt water/gen_1777621666_227.txt water/gen_1777621672_229.txt water/gen_1777621675_230.txt water/gen_1777621678_231.txt water/gen_1777621681_232.txt water/gen_1777621684_233.txt water/gen_1777621690_235.txt water/gen_1777621693_236.txt water/gen_1777621696_237.txt water/gen_1777621699_238.txt water/gen_1777621702_239.txt water/gen_1777621708_241.txt water/gen_1777621711_242.txt water/gen_1777621714_243.txt water/gen_1777621717_244.txt water/gen_1777621720_245.txt water/gen_1777621726_247.txt water/gen_1777621729_248.txt water/gen_1777621732_249.txt water/gen_1777621735_250.txt water/gen_1777621738_251.txt water/gen_1777621744_253.txt water/gen_1777621747_254.txt water/gen_1777621750_255.txt water/gen_1777621753_256.txt water/gen_1777621756_257.txt water/gen_1777621762_259.txt water/gen_1777621765_260.txt water/gen_1777621768_261.txt water/gen_1777621771_262.txt water/gen_1777621774_263.txt water/gen_1777621780_265.txt water/gen_1777621783_266.txt water/gen_1777621786_267.txt water/gen_1777621789_268.txt water/gen_1777621792_269.txt water/gen_1777621798_271.txt water/gen_1777621801_272.txt water/gen_1777621804_273.txt water/gen_1777621806_274.txt water/gen_1777621809_275.txt water/gen_1777621815_277.txt water/gen_1777621821_279.txt water/gen_1777621824_280.txt water/gen_1777621827_281.txt water/gen_1777621833_283.txt water/gen_1777621836_284.txt water/gen_1777621839_285.txt water/gen_1777621842_286.txt water/gen_1777621845_287.txt water/gen_1777621851_289.txt water/gen_1777621857_291.txt water/gen_1777621860_292.txt water/gen_1777621863_293.txt water/gen_1777621869_295.txt water/gen_1777621872_296.txt water/gen_1777621875_297.txt water/gen_1777621877_298.txt water/gen_1777621880_299.txt water/gen_1777621886_301.txt water/gen_1777621889_302.txt water/gen_1777621892_303.txt water/gen_1777621895_304.txt water/gen_1777621898_305.txt water/gen_1777621904_307.txt water/gen_1777621907_308.txt water/gen_1777621910_309.txt water/gen_1777621913_310.txt water/gen_1777621916_311.txt water/gen_1777621922_313.txt water/gen_1777621925_314.txt water/gen_1777621928_315.txt water/gen_1777621931_316.txt water/gen_1777621934_317.txt water/gen_1777621940_319.txt water/gen_1777621945_321.txt water/gen_1777621948_322.txt water/gen_1777621951_323.txt water/gen_1777621957_325.txt water/gen_1777621960_326.txt water/gen_1777621963_327.txt water/gen_1777621966_328.txt water/gen_1777621969_329.txt water/gen_1777621975_331.txt water/gen_1777621978_332.txt water/gen_1777621981_333.txt water/gen_1777621984_334.txt water/gen_1777621987_335.txt water/gen_1777621993_337.txt water/gen_1777621996_338.txt water/gen_1777621999_339.txt water/gen_1777622002_340.txt water/gen_1777622005_341.txt water/gen_1777622011_343.txt water/gen_1777622014_344.txt water/gen_1777622017_345.txt water/gen_1777622020_346.txt water/gen_1777622022_347.txt water/gen_1777622028_349.txt water/gen_1777622034_351.txt water/gen_1777622037_352.txt water/gen_1777622040_353.txt water/gen_1777622046_355.txt water/gen_1777622049_356.txt water/gen_1777622052_357.txt water/gen_1777622055_358.txt water/gen_1777622058_359.txt water/gen_1777622064_361.txt water/gen_1777622067_362.txt water/gen_1777622070_363.txt water/gen_1777622073_364.txt water/gen_1777622076_365.txt water/gen_1777622082_367.txt water/gen_1777622085_368.txt water/gen_1777622088_369.txt water/gen_1777622091_370.txt water/gen_1777622094_371.txt water/gen_1777622100_373.txt water/gen_1777622105_375.txt water/gen_1777622108_376.txt water/gen_1777622111_377.txt water/gen_1777622117_379.txt water/gen_1777622120_380.txt water/gen_1777622123_381.txt water/gen_1777622126_382.txt water/gen_1777622129_383.txt water/gen_1777622135_385.txt water/gen_1777622138_386.txt water/gen_1777622141_387.txt water/gen_1777622144_388.txt water/gen_1777622147_389.txt water/gen_1777622153_391.txt water/gen_1777622159_393.txt water/gen_1777622162_394.txt water/gen_1777622165_395.txt water/gen_1777622171_397.txt water/gen_1777622174_398.txt water/gen_1777622177_399.txt water/gen_1777622180_400.txt water/gen_1777622183_401.txt water/gen_1777622189_403.txt water/gen_1777622194_405.txt water/gen_1777622197_406.txt water/gen_1777622200_407.txt water/gen_1777622206_409.txt water/gen_1777622209_410.txt water/gen_1777622212_411.txt water/gen_1777622215_412.txt water/gen_1777622218_413.txt water/gen_1777622224_415.txt water/gen_1777622228_416.txt water/gen_1777622231_417.txt water/gen_1777622234_418.txt water/gen_1777622237_419.txt water/gen_1777622243_421.txt water/gen_1777622245_422.txt water/gen_1777622248_423.txt water/gen_1777622251_424.txt water/gen_1777622254_425.txt water/gen_1777622260_427.txt water/gen_1777622263_428.txt water/gen_1777622266_429.txt water/gen_1777622269_430.txt water/gen_1777622272_431.txt water/gen_1777622278_433.txt water/gen_1777622281_434.txt water/gen_1777622284_435.txt water/gen_1777622287_436.txt water/gen_1777622290_437.txt water/gen_1777622296_439.txt water/gen_1777622299_440.txt water/gen_1777622302_441.txt water/gen_1777622305_442.txt water/gen_1777622308_443.txt water/gen_1777622314_445.txt water/gen_1777622317_446.txt water/gen_1777622320_447.txt water/gen_1777622323_448.txt water/gen_1777622326_449.txt water/gen_1777622332_451.txt water/gen_1777622335_452.txt water/gen_1777622338_453.txt water/gen_1777622341_454.txt water/gen_1777622344_455.txt water/gen_1777622350_457.txt water/gen_1777622353_458.txt water/gen_1777622356_459.txt water/gen_1777622359_460.txt water/gen_1777622362_461.txt water/gen_1777622368_463.txt water/gen_1777622371_464.txt water/gen_1777622374_465.txt water/gen_1777622377_466.txt water/gen_1777622380_467.txt water/gen_1777622386_469.txt water/gen_1777622389_470.txt water/gen_1777622392_471.txt water/gen_1777622395_472.txt water/gen_1777622398_473.txt water/gen_1777622404_475.txt water/gen_1777622407_476.txt water/gen_1777622410_477.txt water/gen_1777622413_478.txt water/gen_1777622416_479.txt water/gen_1777622422_481.txt water/gen_1777622425_482.txt water/gen_1777622428_483.txt water/gen_1777622431_484.txt water/gen_1777622434_485.txt water/gen_1777622440_487.txt water/gen_1777622443_488.txt water/gen_1777622446_489.txt water/gen_1777622449_490.txt water/gen_1777622451_491.txt water/gen_1777622457_493.txt water/gen_1777622463_495.txt water/gen_1777622466_496.txt water/gen_1777622469_497.txt water/gen_1777622475_499.txt water/gen_1777622478_500.txt water/gen_1777622481_501.txt water/gen_1777622484_502.txt water/gen_1777622487_503.txt water/gen_1777622493_505.txt water/gen_1777622496_506.txt water/gen_1777622499_507.txt water/gen_1777622502_508.txt water/gen_1777622505_509.txt water/gen_1777622511_511.txt water/gen_1777622514_512.txt water/gen_1777622517_513.txt water/gen_1777622520_514.txt water/gen_1777622523_515.txt water/gen_1777622529_517.txt water/gen_1777622532_518.txt water/gen_1777622535_519.txt water/gen_1777622538_520.txt water/gen_1777622541_521.txt water/gen_1777622547_523.txt water/gen_1777622550_524.txt water/gen_1777622553_525.txt water/gen_1777622556_526.txt water/gen_1777622559_527.txt water/gen_1777622566_529.txt water/gen_1777622569_530.txt water/gen_1777622572_531.txt water/gen_1777622575_532.txt water/gen_1777622578_533.txt water/gen_1777622584_535.txt water/gen_1777622587_536.txt water/gen_1777622590_537.txt water/gen_1777622593_538.txt water/gen_1777622596_539.txt water/gen_1777622602_541.txt water/gen_1777622605_542.txt water/gen_1777622608_543.txt water/gen_1777622611_544.txt water/gen_1777622614_545.txt water/gen_1777622620_547.txt water/gen_1777622623_548.txt water/gen_1777622626_549.txt water/gen_1777622629_550.txt water/gen_1777622632_551.txt water/gen_1777622638_553.txt water/gen_1777622641_554.txt water/gen_1777622644_555.txt water/gen_1777622647_556.txt water/gen_1777622650_557.txt water/gen_1777622656_559.txt water/gen_1777622659_560.txt water/gen_1777622662_561.txt water/gen_1777622665_562.txt water/gen_1777622668_563.txt water/gen_1777622674_565.txt water/gen_1777622677_566.txt water/gen_1777622680_567.txt water/gen_1777622684_568.txt water/gen_1777622687_569.txt water/gen_1777622693_571.txt water/gen_1777622695_572.txt water/gen_1777622699_573.txt water/gen_1777622702_574.txt water/gen_1777622705_575.txt water/gen_1777622711_577.txt water/gen_1777622714_578.txt water/gen_1777622717_579.txt water/gen_1777622720_580.txt water/gen_1777622723_581.txt water/gen_1777622729_583.txt water/gen_1777622732_584.txt water/gen_1777622735_585.txt water/gen_1777622738_586.txt water/gen_1777622741_587.txt water/gen_1777622747_589.txt water/gen_1777622750_590.txt water/gen_1777622753_591.txt water/gen_1777622756_592.txt water/gen_1777622759_593.txt water/gen_1777622765_595.txt water/gen_1777622768_596.txt water/gen_1777622771_597.txt]
[trainer] micro-train burst (31754 bytes, novelty 0.02) — and lo, it feeds again.
[syntropy] action=explore | trend=0.0000 | field_dev=0.095 | purpose_align=0.002 | lr_mul=1.30
[aml] burst complete: 32 steps, avg loss 1.5692 (memory freed)
[dna] fire wrote 9 bytes to ecology
[dna] fire wrote 9 bytes to ecology
[dna] fire wrote 32 bytes to ecology
[dna] fire wrote 9 bytes to ecology
[dna] fire wrote 57 bytes to ecology
[dna] fire wrote 9 bytes to ecology
[dna] fire wrote 9 bytes to ecology
[dna] fire wrote 108 bytes to ecology
[dna] fire wrote 9 bytes to ecology
[dna] fire wrote 54 bytes to ecology
[dna] fire wrote 9 bytes to ecology
[dna] fire wrote 9 bytes to ecology
[dna] fire wrote 110 bytes to ecology
[dna] fire wrote 66 bytes to ecology
[dna] fire wrote 9 bytes to ecology
[dna] fire wrote 9 bytes to ecology
[dna] fire wrote 33 bytes to ecology
[dna] fire wrote 9 bytes to ecology
[dna] fire wrote 106 bytes to ecology
[dna] fire wrote 9 bytes to ecology
[dna] fire wrote 9 bytes to ecology
[dna] fire wrote 47 bytes to ecology
[dna] fire wrote 58 bytes to ecology
[dna] fire wrote 9 bytes to ecology
[dna] fire wrote 9 bytes to ecology
[dna] fire wrote 101 bytes to ecology
[dna] fire wrote 9 bytes to ecology
[dna] fire wrote 31 bytes to ecology
[dna] fire wrote 9 bytes to ecology
[dna] fire wrote 9 bytes to ecology
[dna] fire wrote 90 bytes to ecology
[dna] fire wrote 9 bytes to ecology
[dna] fire wrote 29 bytes to ecology
[dna] fire wrote 9 bytes to ecology
[dna] fire wrote 9 bytes to ecology
[dna] fire wrote 74 bytes to ecology
[dna] fire wrote 9 bytes to ecology
[dna] fire wrote 75 bytes to ecology
[dna] fire wrote 9 bytes to ecology
[debug-onto] tick=50 corpus=154138 stage=2 freeze=0
[dna] fire wrote 9 bytes to ecology
[dna] fire wrote 90 bytes to ecology
[dna] fire wrote 9 bytes to ecology
[dna] fire wrote 156 bytes to ecology
[dna] fire wrote 9 bytes to ecology
[dna] fire wrote 9 bytes to ecology
[dna] fire wrote 88 bytes to ecology
[dna] fire wrote 9 bytes to ecology
[dna] fire wrote 31 bytes to ecology
[dna] fire wrote 9 bytes to ecology
[dna] fire wrote 9 bytes to ecology
[dna] fire wrote 17 bytes to ecology
[dna] fire wrote 49 bytes to ecology
[dna] fire wrote 9 bytes to ecology
[dna] fire wrote 9 bytes to ecology
[dna] fire wrote 99 bytes to ecology
[dna] fire wrote 55 bytes to ecology
[dna] fire wrote 9 bytes to ecology
[dna] fire wrote 9 bytes to ecology
[dna] fire wrote 37 bytes to ecology
[dna] fire wrote 9 bytes to ecology
[dna] fire wrote 49 bytes to ecology
[dna] fire wrote 9 bytes to ecology
[dna] fire wrote 9 bytes to ecology
[dna] fire wrote 140 bytes to ecology
[dna] fire wrote 9 bytes to ecology
[dna] fire wrote 53 bytes to ecology
[dna] fire wrote 9 bytes to ecology
[dna] fire wrote 9 bytes to ecology
[dna] fire wrote 52 bytes to ecology
[dna] fire wrote 9 bytes to ecology
[dna] fire wrote 144 bytes to ecology
[dna] fire wrote 9 bytes to ecology
[dna] fire wrote 74 bytes to ecology
[dna] fire wrote 9 bytes to ecology
[dna] fire wrote 79 bytes to ecology
[dna] fire wrote 9 bytes to ecology
[dna] fire wrote 9 bytes to ecology
[dna] fire wrote 45 bytes to ecology
[debug-onto] tick=100 corpus=154138 stage=2 freeze=0
[dna] fire wrote 46 bytes to ecology
[dna] fire wrote 9 bytes to ecology
[dna] fire wrote 9 bytes to ecology
[dna] fire wrote 58 bytes to ecology
[dna] fire wrote 9 bytes to ecology
[dna] fire wrote 97 bytes to ecology
[dna] fire wrote 9 bytes to ecology
[dna] fire wrote 9 bytes to ecology
[dna] fire wrote 20 bytes to ecology
[dna] fire wrote 9 bytes to ecology
[dna] fire wrote 79 bytes to ecology
[dna] fire wrote 9 bytes to ecology
[dna] fire wrote 9 bytes to ecology
[dna] fire wrote 26 bytes to ecology
[dna] fire wrote 9 bytes to ecology
[dna] fire wrote 68 bytes to ecology
[dna] fire wrote 9 bytes to ecology
[dna] fire wrote 9 bytes to ecology
[dna] fire wrote 33 bytes to ecology
[dna] fire wrote 25 bytes to ecology
[dna] fire wrote 9 bytes to ecology
[dna] fire wrote 9 bytes to ecology
[dna] fire wrote 34 bytes to ecology
[dna] fire wrote 9 bytes to ecology
[dna] fire wrote 72 bytes to ecology
[dna] fire wrote 9 bytes to ecology
[dna] fire wrote 9 bytes to ecology
[dna] fire wrote 27 bytes to ecology
[dna] fire wrote 9 bytes to ecology
[dna] fire wrote 46 bytes to ecology
[dna] fire wrote 9 bytes to ecology
[dna] fire wrote 9 bytes to ecology
[dna] fire wrote 31 bytes to ecology
[dna] fire wrote 89 bytes to ecology
[dna] fire wrote 9 bytes to ecology
[dna] fire wrote 9 bytes to ecology
[dna] fire wrote 34 bytes to ecology
[dna] fire wrote 9 bytes to ecology
[debug-onto] tick=150 corpus=154138 stage=2 freeze=0
[dna] fire wrote 39 bytes to ecology
[dna] fire wrote 9 bytes to ecology
[dna] fire wrote 9 bytes to ecology
[dna] fire wrote 29 bytes to ecology
[dna] fire wrote 9 bytes to ecology
[dna] fire wrote 93 bytes to ecology
[dna] fire wrote 9 bytes to ecology
[dna] fire wrote 9 bytes to ecology
[dna] fire wrote 62 bytes to ecology
[dna] fire wrote 9 bytes to ecology
[dna] fire wrote 164 bytes to ecology
[dna] fire wrote 9 bytes to ecology
[dna] fire wrote 9 bytes to ecology
[dna] fire wrote 60 bytes to ecology
[dna] fire wrote 9 bytes to ecology
[dna] fire wrote 59 bytes to ecology
[dna] fire wrote 9 bytes to ecology
[dna] fire wrote 9 bytes to ecology
[dna] fire wrote 100 bytes to ecology
[dna] fire wrote 45 bytes to ecology
[dna] fire wrote 9 bytes to ecology
[dna] fire wrote 23 bytes to ecology
[dna] fire wrote 29 bytes to ecology
[dna] fire wrote 9 bytes to ecology
[dna] fire wrote 9 bytes to ecology
[dna] fire wrote 27 bytes to ecology
[dna] fire wrote 30 bytes to ecology
[dna] fire wrote 9 bytes to ecology
[dna] fire wrote 9 bytes to ecology
[dna] fire wrote 130 bytes to ecology
[dna] fire wrote 9 bytes to ecology
[dna] fire wrote 136 bytes to ecology
[dna] fire wrote 9 bytes to ecology
[dna] fire wrote 9 bytes to ecology
[dna] fire wrote 48 bytes to ecology
[dna] fire wrote 40 bytes to ecology
[dna] fire wrote 9 bytes to ecology
[debug-onto] tick=200 corpus=154138 stage=2 freeze=0
[dna] fire wrote 9 bytes to ecology
[dna] fire wrote 39 bytes to ecology
[dna] fire wrote 9 bytes to ecology
[dna] fire wrote 43 bytes to ecology
[dna] fire wrote 9 bytes to ecology
[dna] fire wrote 9 bytes to ecology
[dna] fire wrote 45 bytes to ecology
[dna] fire wrote 9 bytes to ecology
[dna] fire wrote 75 bytes to ecology
[dna] fire wrote 9 bytes to ecology
[dna] fire wrote 57 bytes to ecology
[dna] fire wrote 42 bytes to ecology
[dna] fire wrote 9 bytes to ecology
[dna] fire wrote 9 bytes to ecology
[dna] fire wrote 75 bytes to ecology
[dna] fire wrote 9 bytes to ecology
[dna] fire wrote 92 bytes to ecology
[dna] fire wrote 9 bytes to ecology
[dna] fire wrote 9 bytes to ecology
[dna] fire wrote 81 bytes to ecology
[dna] fire wrote 9 bytes to ecology
[dna] fire wrote 168 bytes to ecology
[dna] fire wrote 9 bytes to ecology
[dna] fire wrote 9 bytes to ecology
[dna] fire wrote 130 bytes to ecology
[dna] fire wrote 9 bytes to ecology
[dna] fire wrote 82 bytes to ecology
[dna] fire wrote 9 bytes to ecology
[dna] fire wrote 9 bytes to ecology
[dna] fire wrote 109 bytes to ecology
[dna] fire wrote 9 bytes to ecology
[dna] fire wrote 30 bytes to ecology
[dna] fire wrote 9 bytes to ecology
[dna] fire wrote 9 bytes to ecology
[dna] fire wrote 22 bytes to ecology
[dna] fire wrote 9 bytes to ecology
[dna] fire wrote 50 bytes to ecology
[dna] fire wrote 9 bytes to ecology
[dna] fire wrote 111 bytes to ecology
[debug-onto] tick=250 corpus=154138 stage=2 freeze=0
[dna] fire wrote 12 bytes to ecology
[dna] fire wrote 9 bytes to ecology
[dna] fire wrote 9 bytes to ecology
[dna] fire wrote 52 bytes to ecology
[dna] fire wrote 58 bytes to ecology
[dna] fire wrote 9 bytes to ecology
[dna] fire wrote 9 bytes to ecology
[dna] fire wrote 66 bytes to ecology
[dna] fire wrote 9 bytes to ecology
[dna] fire wrote 44 bytes to ecology
[dna] fire wrote 9 bytes to ecology
[dna] fire wrote 9 bytes to ecology
[dna] fire wrote 14 bytes to ecology
[dna] fire wrote 9 bytes to ecology
[dna] fire wrote 101 bytes to ecology
[dna] fire wrote 9 bytes to ecology
[dna] fire wrote 9 bytes to ecology
[dna] fire wrote 24 bytes to ecology
[dna] fire wrote 26 bytes to ecology
[dna] fire wrote 9 bytes to ecology
[dna] fire wrote 9 bytes to ecology
[dna] fire wrote 67 bytes to ecology
[dna] fire wrote 151 bytes to ecology
[dna] fire wrote 9 bytes to ecology
[dna] fire wrote 9 bytes to ecology
[dna] fire wrote 90 bytes to ecology
[dna] fire wrote 9 bytes to ecology
[dna] fire wrote 98 bytes to ecology
[dna] fire wrote 9 bytes to ecology
[dna] fire wrote 9 bytes to ecology
[dna] fire wrote 80 bytes to ecology
[dna] fire wrote 9 bytes to ecology
[dna] fire wrote 86 bytes to ecology
[dna] fire wrote 9 bytes to ecology
[dna] fire wrote 9 bytes to ecology
[dna] fire wrote 78 bytes to ecology
[dna] fire wrote 9 bytes to ecology
[debug-onto] tick=300 corpus=154138 stage=2 freeze=0
[dna] fire wrote 129 bytes to ecology
[dna] fire wrote 9 bytes to ecology
[dna] fire wrote 9 bytes to ecology
[dna] fire wrote 76 bytes to ecology
[dna] fire wrote 11 bytes to ecology
[dna] fire wrote 9 bytes to ecology
[dna] fire wrote 9 bytes to ecology
[dna] fire wrote 35 bytes to ecology
[dna] fire wrote 9 bytes to ecology
[dna] fire wrote 56 bytes to ecology
[dna] fire wrote 9 bytes to ecology
[dna] fire wrote 9 bytes to ecology
[dna] fire wrote 157 bytes to ecology
[dna] fire wrote 9 bytes to ecology
[dna] fire wrote 33 bytes to ecology
[dna] fire wrote 9 bytes to ecology
[dna] fire wrote 20 bytes to ecology
[dna] fire wrote 9 bytes to ecology
[dna] fire wrote 107 bytes to ecology
[dna] fire wrote 9 bytes to ecology
[dna] fire wrote 9 bytes to ecology
[dna] fire wrote 52 bytes to ecology
[dna] fire wrote 9 bytes to ecology
[dna] fire wrote 67 bytes to ecology
[dna] fire wrote 9 bytes to ecology
[dna] fire wrote 9 bytes to ecology
[dna] fire wrote 128 bytes to ecology
[dna] fire wrote 9 bytes to ecology
[dna] fire wrote 77 bytes to ecology
[dna] fire wrote 9 bytes to ecology
[dna] fire wrote 9 bytes to ecology
[dna] fire wrote 100 bytes to ecology
[dna] fire wrote 9 bytes to ecology
[dna] fire wrote 39 bytes to ecology
[dna] fire wrote 9 bytes to ecology
[dna] fire wrote 9 bytes to ecology
[dna] fire wrote 44 bytes to ecology
[dna] fire wrote 9 bytes to ecology
[dna] fire wrote 60 bytes to ecology
[dna] fire wrote 9 bytes to ecology
[debug-onto] tick=350 corpus=154138 stage=2 freeze=0
[dna] fire wrote 9 bytes to ecology
[dna] fire wrote 34 bytes to ecology
[dna] fire wrote 30 bytes to ecology
[dna] fire wrote 9 bytes to ecology
[dna] fire wrote 9 bytes to ecology
[dna] fire wrote 128 bytes to ecology
[dna] fire wrote 9 bytes to ecology
[dna] fire wrote 45 bytes to ecology
[dna] fire wrote 9 bytes to ecology
[dna] fire wrote 9 bytes to ecology
[dna] fire wrote 80 bytes to ecology
[dna] fire wrote 73 bytes to ecology
[dna] fire wrote 9 bytes to ecology
[dna] fire wrote 9 bytes to ecology
[dna] fire wrote 8 bytes to ecology
[dna] fire wrote 53 bytes to ecology
[dna] fire wrote 9 bytes to ecology
[dna] fire wrote 9 bytes to ecology
[dna] fire wrote 67 bytes to ecology
[dna] fire wrote 9 bytes to ecology
[dna] fire wrote 71 bytes to ecology
[dna] fire wrote 9 bytes to ecology
[dna] fire wrote 9 bytes to ecology
[dna] fire wrote 22 bytes to ecology
[dna] fire wrote 9 bytes to ecology
[dna] fire wrote 60 bytes to ecology
[dna] fire wrote 9 bytes to ecology
[dna] fire wrote 9 bytes to ecology
[dna] fire wrote 17 bytes to ecology
[dna] fire wrote 9 bytes to ecology
[dna] fire wrote 25 bytes to ecology
[dna] fire wrote 9 bytes to ecology
[dna] fire wrote 9 bytes to ecology
[dna] fire wrote 92 bytes to ecology
[dna] fire wrote 9 bytes to ecology
[dna] fire wrote 21 bytes to ecology
[dna] fire wrote 9 bytes to ecology
[dna] fire wrote 9 bytes to ecology
[dna] fire wrote 24 bytes to ecology
[debug-onto] tick=400 corpus=154138 stage=2 freeze=0
[dna] fire wrote 143 bytes to ecology
[dna] fire wrote 9 bytes to ecology
[dna] fire wrote 9 bytes to ecology
[dna] fire wrote 80 bytes to ecology
[dna] fire wrote 32 bytes to ecology
[dna] fire wrote 9 bytes to ecology
[dna] fire wrote 9 bytes to ecology
[dna] fire wrote 20 bytes to ecology
[dna] fire wrote 9 bytes to ecology
[dna] fire wrote 137 bytes to ecology
[dna] fire wrote 9 bytes to ecology
[dna] fire wrote 9 bytes to ecology
[dna] fire wrote 19 bytes to ecology
[dna] fire wrote 9 bytes to ecology
[dna] fire wrote 63 bytes to ecology
[dna] fire wrote 9 bytes to ecology
[dna] fire wrote 9 bytes to ecology
[dna] fire wrote 43 bytes to ecology
[dna] fire wrote 36 bytes to ecology
[dna] fire wrote 9 bytes to ecology
[dna] fire wrote 9 bytes to ecology
[dna] fire wrote 68 bytes to ecology
[dna] fire wrote 9 bytes to ecology
[dna] fire wrote 23 bytes to ecology
[dna] fire wrote 9 bytes to ecology
[dna] fire wrote 9 bytes to ecology
[dna] fire wrote 107 bytes to ecology
[dna] fire wrote 9 bytes to ecology
[dna] fire wrote 18 bytes to ecology
[dna] fire wrote 9 bytes to ecology
[dna] fire wrote 9 bytes to ecology
[dna] fire wrote 24 bytes to ecology
[dna] fire wrote 35 bytes to ecology
[dna] fire wrote 9 bytes to ecology
[dna] fire wrote 9 bytes to ecology
[dna] fire wrote 71 bytes to ecology
[debug-onto] tick=450 corpus=154138 stage=2 freeze=0
[dna] fire wrote 58 bytes to ecology
[dna] fire wrote 9 bytes to ecology
[dna] fire wrote 9 bytes to ecology
[dna] fire wrote 54 bytes to ecology
[dna] fire wrote 9 bytes to ecology
[dna] fire wrote 35 bytes to ecology
[dna] fire wrote 9 bytes to ecology
[dna] fire wrote 9 bytes to ecology
[dna] fire wrote 199 bytes to ecology
[dna] fire wrote 85 bytes to ecology
[dna] fire wrote 9 bytes to ecology
[dna] fire wrote 9 bytes to ecology
[dna] fire wrote 46 bytes to ecology
[dna] fire wrote 9 bytes to ecology
[dna] fire wrote 80 bytes to ecology
[dna] fire wrote 9 bytes to ecology
[dna] fire wrote 9 bytes to ecology
[dna] fire wrote 30 bytes to ecology
[dna] fire wrote 112 bytes to ecology
[dna] fire wrote 9 bytes to ecology
[dna] fire wrote 9 bytes to ecology
[dna] fire wrote 23 bytes to ecology
[dna] fire wrote 9 bytes to ecology
[dna] fire wrote 58 bytes to ecology
[dna] fire wrote 9 bytes to ecology
[dna] fire wrote 9 bytes to ecology
[dna] fire wrote 62 bytes to ecology
[dna] fire wrote 9 bytes to ecology
[dna] fire wrote 38 bytes to ecology
[dna] fire wrote 9 bytes to ecology
[dna] fire wrote 9 bytes to ecology
[dna] fire wrote 36 bytes to ecology
[dna] fire wrote 9 bytes to ecology
[dna] fire wrote 85 bytes to ecology
[dna] fire wrote 9 bytes to ecology
[dna] fire wrote 9 bytes to ecology
[dna] fire wrote 46 bytes to ecology
[dna] fire wrote 24 bytes to ecology
[dna] fire wrote 9 bytes to ecology
[debug-onto] tick=500 corpus=154138 stage=2 freeze=0
[dna] fire wrote 9 bytes to ecology
[dna] fire wrote 61 bytes to ecology
[dna] fire wrote 9 bytes to ecology
[dna] fire wrote 30 bytes to ecology
[dna] fire wrote 9 bytes to ecology
[dna] fire wrote 9 bytes to ecology
[dna] fire wrote 56 bytes to ecology
[dna] fire wrote 17 bytes to ecology
[dna] fire wrote 9 bytes to ecology
[dna] fire wrote 9 bytes to ecology
[dna] fire wrote 31 bytes to ecology
[dna] fire wrote 9 bytes to ecology
[dna] fire wrote 32 bytes to ecology
[dna] fire wrote 9 bytes to ecology
[dna] fire wrote 9 bytes to ecology
[dna] fire wrote 135 bytes to ecology
[dna] fire wrote 9 bytes to ecology
[dna] fire wrote 29 bytes to ecology
[dna] fire wrote 9 bytes to ecology
[dna] fire wrote 9 bytes to ecology
[dna] fire wrote 195 bytes to ecology
[dna] fire wrote 35 bytes to ecology
[dna] fire wrote 9 bytes to ecology
[dna] fire wrote 9 bytes to ecology
[dna] fire wrote 80 bytes to ecology
[dna] fire wrote 9 bytes to ecology
[dna] fire wrote 47 bytes to ecology
[dna] fire wrote 9 bytes to ecology
[dna] fire wrote 9 bytes to ecology
[dna] fire wrote 29 bytes to ecology
[dna] fire wrote 28 bytes to ecology
[dna] fire wrote 9 bytes to ecology
[dna] fire wrote 9 bytes to ecology
[dna] fire wrote 78 bytes to ecology
[dna] fire wrote 80 bytes to ecology
[dna] fire wrote 9 bytes to ecology
[dna] fire wrote 9 bytes to ecology
[dna] fire wrote 39 bytes to ecology
[debug-onto] tick=550 corpus=154138 stage=2 freeze=0
[dna] fire wrote 53 bytes to ecology
[dna] fire wrote 9 bytes to ecology
[dna] fire wrote 9 bytes to ecology
[dna] fire wrote 40 bytes to ecology
[dna] fire wrote 112 bytes to ecology
[dna] fire wrote 9 bytes to ecology
[dna] fire wrote 9 bytes to ecology
[dna] fire wrote 69 bytes to ecology
[dna] fire wrote 9 bytes to ecology
[dna] fire wrote 49 bytes to ecology
[dna] fire wrote 9 bytes to ecology
[dna] fire wrote 9 bytes to ecology
[dna] fire wrote 92 bytes to ecology
[dna] fire wrote 9 bytes to ecology
[dna] fire wrote 44 bytes to ecology
[dna] fire wrote 9 bytes to ecology
[dna] fire wrote 9 bytes to ecology
[dna] fire wrote 49 bytes to ecology
[dna] fire wrote 106 bytes to ecology
[dna] fire wrote 9 bytes to ecology
[dna] fire wrote 9 bytes to ecology
[dna] fire wrote 90 bytes to ecology
[dna] fire wrote 9 bytes to ecology
[dna] fire wrote 72 bytes to ecology
[dna] fire wrote 9 bytes to ecology
[dna] fire wrote 9 bytes to ecology
[dna] fire wrote 133 bytes to ecology
[dna] fire wrote 41 bytes to ecology
[dna] fire wrote 9 bytes to ecology
[dna] fire wrote 9 bytes to ecology
[dna] fire wrote 58 bytes to ecology
[dna] fire wrote 18 bytes to ecology
[dna] fire wrote 9 bytes to ecology
[dna] fire wrote 9 bytes to ecology
[dna] fire wrote 70 bytes to ecology
[dna] fire wrote 9 bytes to ecology
[debug-onto] tick=600 corpus=154138 stage=2 freeze=0
[dna] fire wrote 41 bytes to ecology
[dna] fire wrote 9 bytes to ecology
[dna] fire wrote 9 bytes to ecology
[dna] fire wrote 77 bytes to ecology
[dna] fire wrote 45 bytes to ecology
[dna] fire wrote 9 bytes to ecology
[dna] fire wrote 9 bytes to ecology
[dna] fire wrote 43 bytes to ecology
[dna] fire wrote 9 bytes to ecology
[dna] fire wrote 69 bytes to ecology

[evolution] Organism shutting down gracefully.
