[ecology] Element: water → corpus: nonames_water.txt
[evolution] Autonomous evolution mode — organism will grow through all stages without pause.
[ecology] Joined swarm. 1 peer(s) detected.
molequla is alive. [evolution] Autonomous mode — background trainer running. Ctrl+C to stop.
[dna] water wrote 40 bytes to ecology
[dna] water consumed 30149 bytes from 381 files: [air/gen_1777619175_1.txt air/gen_1777619191_3.txt air/gen_1777619194_4.txt air/gen_1777619197_5.txt air/gen_1777619204_7.txt air/gen_1777619210_9.txt air/gen_1777619213_10.txt air/gen_1777619216_11.txt air/gen_1777619222_13.txt air/gen_1777619228_15.txt air/gen_1777619231_16.txt air/gen_1777619234_17.txt air/gen_1777619240_19.txt air/gen_1777619247_21.txt air/gen_1777619250_22.txt air/gen_1777619253_23.txt air/gen_1777619259_25.txt air/gen_1777619265_27.txt air/gen_1777619268_28.txt air/gen_1777619271_29.txt air/gen_1777619277_31.txt air/gen_1777619283_33.txt air/gen_1777619286_34.txt air/gen_1777619289_35.txt air/gen_1777619296_37.txt air/gen_1777619302_39.txt air/gen_1777619305_40.txt air/gen_1777619308_41.txt air/gen_1777619314_43.txt air/gen_1777619320_45.txt air/gen_1777619323_46.txt air/gen_1777619327_47.txt air/gen_1777619333_49.txt air/gen_1777619339_51.txt air/gen_1777619342_52.txt air/gen_1777619345_53.txt air/gen_1777619351_55.txt air/gen_1777619360_58.txt air/gen_1777619363_59.txt air/gen_1777619370_61.txt air/gen_1777619376_63.txt air/gen_1777619379_64.txt air/gen_1777619382_65.txt air/gen_1777619388_67.txt air/gen_1777619394_69.txt air/gen_1777619397_70.txt air/gen_1777619400_71.txt air/gen_1777619407_73.txt air/gen_1777619413_75.txt air/gen_1777619416_76.txt air/gen_1777619419_77.txt air/gen_1777619426_79.txt air/gen_1777619432_81.txt air/gen_1777619435_82.txt air/gen_1777619438_83.txt air/gen_1777619444_85.txt air/gen_1777619451_87.txt air/gen_1777619454_88.txt air/gen_1777619457_89.txt air/gen_1777619463_91.txt air/gen_1777619469_93.txt air/gen_1777619472_94.txt air/gen_1777619475_95.txt air/gen_1777619482_97.txt air/gen_1777619488_99.txt air/gen_1777619491_100.txt air/gen_1777619494_101.txt air/gen_1777619500_103.txt air/gen_1777619506_105.txt air/gen_1777619509_106.txt air/gen_1777619512_107.txt air/gen_1777619518_109.txt air/gen_1777619525_111.txt air/gen_1777619528_112.txt air/gen_1777619531_113.txt air/gen_1777619537_115.txt air/gen_1777619543_117.txt air/gen_1777619546_118.txt air/gen_1777619549_119.txt air/gen_1777619556_121.txt air/gen_1777619562_123.txt air/gen_1777619565_124.txt air/gen_1777619568_125.txt air/gen_1777619574_127.txt air/gen_1777619581_129.txt air/gen_1777619584_130.txt air/gen_1777619587_131.txt air/gen_1777619593_133.txt air/gen_1777619599_135.txt air/gen_1777619602_136.txt air/gen_1777619605_137.txt air/gen_1777619611_139.txt air/gen_1777619617_141.txt air/gen_1777619620_142.txt air/gen_1777619623_143.txt air/gen_1777619630_145.txt air/gen_1777619636_147.txt air/gen_1777619639_148.txt air/gen_1777619642_149.txt air/gen_1777619648_151.txt air/gen_1777619654_153.txt air/gen_1777619657_154.txt air/gen_1777619660_155.txt air/gen_1777619667_157.txt air/gen_1777619673_159.txt air/gen_1777619676_160.txt air/gen_1777619679_161.txt air/gen_1777619685_163.txt air/gen_1777619691_165.txt air/gen_1777619694_166.txt air/gen_1777619697_167.txt air/gen_1777619704_169.txt air/gen_1777619710_171.txt air/gen_1777619713_172.txt air/gen_1777619716_173.txt air/gen_1777619722_175.txt air/gen_1777619728_177.txt air/gen_1777619731_178.txt air/gen_1777619734_179.txt air/gen_1777619740_181.txt air/gen_1777619747_183.txt air/gen_1777619750_184.txt air/gen_1777619753_185.txt air/gen_1777619759_187.txt air/gen_1777619765_189.txt air/gen_1777619768_190.txt air/gen_1777619771_191.txt air/gen_1777619777_193.txt air/gen_1777619784_195.txt air/gen_1777619787_196.txt air/gen_1777619790_197.txt air/gen_1777619796_199.txt air/gen_1777619802_201.txt air/gen_1777619805_202.txt air/gen_1777619808_203.txt air/gen_1777619815_205.txt air/gen_1777619821_207.txt air/gen_1777619824_208.txt air/gen_1777619827_209.txt air/gen_1777619833_211.txt air/gen_1777619839_213.txt air/gen_1777619842_214.txt air/gen_1777619845_215.txt air/gen_1777619851_217.txt air/gen_1777619857_219.txt air/gen_1777619860_220.txt air/gen_1777619863_221.txt air/gen_1777619869_223.txt air/gen_1777619875_225.txt air/gen_1777619879_226.txt air/gen_1777619882_227.txt air/gen_1777619888_229.txt air/gen_1777619894_231.txt air/gen_1777619897_232.txt air/gen_1777619900_233.txt air/gen_1777619906_235.txt air/gen_1777619912_237.txt air/gen_1777619916_238.txt air/gen_1777619919_239.txt air/gen_1777619925_241.txt air/gen_1777619931_243.txt air/gen_1777619934_244.txt air/gen_1777619937_245.txt air/gen_1777619943_247.txt air/gen_1777619949_249.txt air/gen_1777619953_250.txt air/gen_1777619956_251.txt air/gen_1777619962_253.txt air/gen_1777619968_255.txt air/gen_1777619971_256.txt air/gen_1777619974_257.txt air/gen_1777619980_259.txt air/gen_1777619986_261.txt air/gen_1777619989_262.txt air/gen_1777619992_263.txt air/gen_1777619999_265.txt air/gen_1777620005_267.txt air/gen_1777620008_268.txt air/gen_1777620011_269.txt air/gen_1777620017_271.txt air/gen_1777620023_273.txt air/gen_1777620026_274.txt air/gen_1777620029_275.txt air/gen_1777620036_277.txt air/gen_1777620042_279.txt air/gen_1777620045_280.txt air/gen_1777620048_281.txt air/gen_1777620054_283.txt air/gen_1777620060_285.txt air/gen_1777620063_286.txt air/gen_1777620066_287.txt air/gen_1777620072_289.txt air/gen_1777620078_291.txt air/gen_1777620081_292.txt air/gen_1777620085_293.txt air/gen_1777620091_295.txt air/gen_1777620097_297.txt air/gen_1777620100_298.txt air/gen_1777620103_299.txt air/gen_1777620109_301.txt air/gen_1777620115_303.txt air/gen_1777620118_304.txt air/gen_1777620121_305.txt air/gen_1777620128_307.txt air/gen_1777620134_309.txt air/gen_1777620137_310.txt air/gen_1777620140_311.txt air/gen_1777620146_313.txt air/gen_1777620153_315.txt air/gen_1777620156_316.txt air/gen_1777620159_317.txt air/gen_1777620165_319.txt air/gen_1777620171_321.txt air/gen_1777620175_322.txt air/gen_1777620178_323.txt air/gen_1777620184_325.txt air/gen_1777620190_327.txt air/gen_1777620193_328.txt air/gen_1777620197_329.txt air/gen_1777620203_331.txt air/gen_1777620209_333.txt air/gen_1777620212_334.txt air/gen_1777620215_335.txt air/gen_1777620221_337.txt air/gen_1777620227_339.txt air/gen_1777620230_340.txt air/gen_1777620233_341.txt air/gen_1777620240_343.txt air/gen_1777620246_345.txt air/gen_1777620249_346.txt air/gen_1777620252_347.txt air/gen_1777620258_349.txt air/gen_1777620265_351.txt air/gen_1777620268_352.txt air/gen_1777620271_353.txt air/gen_1777620277_355.txt air/gen_1777620284_357.txt air/gen_1777620287_358.txt air/gen_1777620290_359.txt air/gen_1777620296_361.txt air/gen_1777620303_363.txt air/gen_1777620306_364.txt air/gen_1777620309_365.txt air/gen_1777620315_367.txt air/gen_1777620325_370.txt air/gen_1777620328_371.txt air/gen_1777620334_373.txt air/gen_1777620341_375.txt air/gen_1777620344_376.txt air/gen_1777620347_377.txt air/gen_1777620354_379.txt air/gen_1777620360_381.txt air/gen_1777620363_382.txt air/gen_1777620367_383.txt air/gen_1777620373_385.txt air/gen_1777620379_387.txt air/gen_1777620382_388.txt air/gen_1777620386_389.txt air/gen_1777620392_391.txt air/gen_1777620398_393.txt air/gen_1777620402_394.txt air/gen_1777620405_395.txt air/gen_1777620411_397.txt air/gen_1777620417_399.txt air/gen_1777620421_400.txt air/gen_1777620424_401.txt air/gen_1777620430_403.txt air/gen_1777620437_405.txt air/gen_1777620440_406.txt air/gen_1777620443_407.txt air/gen_1777620449_409.txt air/gen_1777620456_411.txt air/gen_1777620459_412.txt air/gen_1777620462_413.txt air/gen_1777620469_415.txt air/gen_1777620475_417.txt air/gen_1777620478_418.txt air/gen_1777620481_419.txt air/gen_1777620488_421.txt air/gen_1777620494_423.txt air/gen_1777620497_424.txt air/gen_1777620501_425.txt air/gen_1777620507_427.txt air/gen_1777620513_429.txt air/gen_1777620517_430.txt air/gen_1777620520_431.txt air/gen_1777620526_433.txt air/gen_1777620532_435.txt air/gen_1777620536_436.txt air/gen_1777620539_437.txt air/gen_1777620545_439.txt air/gen_1777620551_441.txt air/gen_1777620554_442.txt air/gen_1777620557_443.txt air/gen_1777620563_445.txt air/gen_1777620570_447.txt air/gen_1777620573_448.txt air/gen_1777620576_449.txt air/gen_1777620582_451.txt air/gen_1777620588_453.txt air/gen_1777620591_454.txt air/gen_1777620594_455.txt air/gen_1777620601_457.txt air/gen_1777620607_459.txt air/gen_1777620610_460.txt air/gen_1777620613_461.txt air/gen_1777620619_463.txt air/gen_1777620625_465.txt air/gen_1777620628_466.txt air/gen_1777620632_467.txt air/gen_1777620638_469.txt air/gen_1777620644_471.txt air/gen_1777620647_472.txt air/gen_1777620650_473.txt air/gen_1777620657_475.txt air/gen_1777620663_477.txt air/gen_1777620666_478.txt air/gen_1777620669_479.txt air/gen_1777620676_481.txt air/gen_1777620682_483.txt air/gen_1777620685_484.txt air/gen_1777620688_485.txt air/gen_1777620695_487.txt air/gen_1777620701_489.txt air/gen_1777620704_490.txt air/gen_1777620707_491.txt air/gen_1777620713_493.txt air/gen_1777620720_495.txt air/gen_1777620723_496.txt air/gen_1777620726_497.txt air/gen_1777620732_499.txt air/gen_1777620739_501.txt air/gen_1777620742_502.txt air/gen_1777620745_503.txt air/gen_1777620751_505.txt air/gen_1777620758_507.txt air/gen_1777620761_508.txt air/gen_1777620764_509.txt air/gen_1777620771_511.txt air/gen_1777620777_513.txt air/gen_1777620780_514.txt air/gen_1777620783_515.txt air/gen_1777620790_517.txt air/gen_1777620796_519.txt air/gen_1777620799_520.txt air/gen_1777620803_521.txt air/gen_1777620809_523.txt air/gen_1777620815_525.txt air/gen_1777620818_526.txt air/gen_1777620822_527.txt air/gen_1777620828_529.txt air/gen_1777620834_531.txt air/gen_1777620837_532.txt air/gen_1777620841_533.txt air/gen_1777620847_535.txt air/gen_1777620856_538.txt air/gen_1777620859_539.txt air/gen_1777620866_541.txt air/gen_1777620872_543.txt air/gen_1777620875_544.txt air/gen_1777620878_545.txt air/gen_1777620884_547.txt air/gen_1777620890_549.txt air/gen_1777620893_550.txt air/gen_1777620896_551.txt air/gen_1777620903_553.txt air/gen_1777620909_555.txt air/gen_1777620912_556.txt air/gen_1777620915_557.txt air/gen_1777620921_559.txt air/gen_1777620927_561.txt air/gen_1777620930_562.txt air/gen_1777620933_563.txt air/gen_1777620939_565.txt air/gen_1777620945_567.txt air/gen_1777620949_568.txt air/gen_1777620952_569.txt air/gen_1777620958_571.txt air/gen_1777620964_573.txt air/gen_1777620967_574.txt air/gen_1777620970_575.txt]
[trainer] micro-train burst (30149 bytes, novelty 0.03) — and lo, it feeds again.
[syntropy] action=explore | trend=0.0000 | field_dev=0.073 | purpose_align=0.002 | lr_mul=1.30
[aml] burst complete: 32 steps, avg loss 1.7370 (memory freed)
[dna] water wrote 58 bytes to ecology
[dna] water wrote 59 bytes to ecology
[dna] water wrote 76 bytes to ecology
[dna] water wrote 60 bytes to ecology
[dna] water wrote 63 bytes to ecology
[dna] water wrote 80 bytes to ecology
[dna] water wrote 80 bytes to ecology
[dna] water wrote 81 bytes to ecology
[dna] water wrote 78 bytes to ecology
[dna] water wrote 23 bytes to ecology
[dna] water wrote 84 bytes to ecology
[dna] water wrote 62 bytes to ecology
[dna] water wrote 120 bytes to ecology
[dna] water wrote 36 bytes to ecology
[dna] water wrote 45 bytes to ecology
[dna] water wrote 65 bytes to ecology
[dna] water wrote 76 bytes to ecology
[dna] water wrote 29 bytes to ecology
[dna] water wrote 10 bytes to ecology
[dna] water wrote 91 bytes to ecology
[dna] water wrote 50 bytes to ecology
[dna] water wrote 100 bytes to ecology
[dna] water wrote 30 bytes to ecology
[dna] water wrote 112 bytes to ecology
[dna] water wrote 32 bytes to ecology
[dna] water wrote 135 bytes to ecology
[dna] water wrote 44 bytes to ecology
[dna] water wrote 46 bytes to ecology
[dna] water wrote 101 bytes to ecology
[dna] water wrote 21 bytes to ecology
[dna] water wrote 35 bytes to ecology
[dna] water wrote 170 bytes to ecology
[dna] water wrote 47 bytes to ecology
[dna] water wrote 75 bytes to ecology
[dna] water wrote 46 bytes to ecology
[dna] water wrote 246 bytes to ecology
[dna] water wrote 248 bytes to ecology
[dna] water wrote 60 bytes to ecology
[dna] water wrote 61 bytes to ecology
[dna] water wrote 33 bytes to ecology
[debug-onto] tick=50 corpus=156227 stage=2 freeze=0
[dna] water wrote 70 bytes to ecology
[dna] water wrote 68 bytes to ecology
[dna] water wrote 74 bytes to ecology
[dna] water wrote 55 bytes to ecology
[dna] water wrote 80 bytes to ecology
[dna] water wrote 29 bytes to ecology
[dna] water wrote 65 bytes to ecology
[dna] water wrote 71 bytes to ecology
[dna] water wrote 53 bytes to ecology
[dna] water wrote 57 bytes to ecology
[dna] water wrote 24 bytes to ecology
[dna] water wrote 91 bytes to ecology
[dna] water wrote 70 bytes to ecology
[dna] water wrote 46 bytes to ecology
[dna] water wrote 58 bytes to ecology
[dna] water wrote 26 bytes to ecology
[dna] water wrote 68 bytes to ecology
[dna] water wrote 19 bytes to ecology
[dna] water wrote 44 bytes to ecology
[dna] water wrote 146 bytes to ecology
[dna] water wrote 98 bytes to ecology
[dna] water wrote 104 bytes to ecology
[dna] water wrote 28 bytes to ecology
[dna] water wrote 12 bytes to ecology
[dna] water wrote 139 bytes to ecology
[dna] water wrote 89 bytes to ecology
[dna] water wrote 134 bytes to ecology
[dna] water wrote 173 bytes to ecology
[dna] water wrote 40 bytes to ecology
[dna] water wrote 101 bytes to ecology
[dna] water wrote 45 bytes to ecology
[dna] water wrote 115 bytes to ecology
[dna] water wrote 31 bytes to ecology
[dna] water wrote 40 bytes to ecology
[dna] water wrote 36 bytes to ecology
[dna] water wrote 67 bytes to ecology
[dna] water wrote 48 bytes to ecology
[dna] water wrote 26 bytes to ecology
[dna] water wrote 70 bytes to ecology
[debug-onto] tick=100 corpus=156227 stage=2 freeze=0
[dna] water wrote 61 bytes to ecology
[dna] water wrote 61 bytes to ecology
[dna] water wrote 40 bytes to ecology
[dna] water wrote 58 bytes to ecology
[dna] water wrote 36 bytes to ecology
[dna] water wrote 50 bytes to ecology
[dna] water wrote 43 bytes to ecology
[dna] water wrote 72 bytes to ecology
[dna] water wrote 27 bytes to ecology
[dna] water wrote 24 bytes to ecology
[dna] water wrote 174 bytes to ecology
[dna] water wrote 8 bytes to ecology
[dna] water wrote 80 bytes to ecology
[dna] water wrote 107 bytes to ecology
[dna] water wrote 96 bytes to ecology
[dna] water wrote 67 bytes to ecology
[dna] water wrote 63 bytes to ecology
[dna] water wrote 23 bytes to ecology
[dna] water wrote 108 bytes to ecology
[dna] water wrote 88 bytes to ecology
[dna] water wrote 15 bytes to ecology
[dna] water wrote 27 bytes to ecology
[dna] water wrote 88 bytes to ecology
[dna] water wrote 25 bytes to ecology
[dna] water wrote 46 bytes to ecology
[dna] water wrote 122 bytes to ecology
[dna] water wrote 29 bytes to ecology
[dna] water wrote 51 bytes to ecology
[dna] water wrote 37 bytes to ecology
[dna] water wrote 56 bytes to ecology
[dna] water wrote 116 bytes to ecology
[dna] water wrote 110 bytes to ecology
[dna] water wrote 100 bytes to ecology
[dna] water wrote 153 bytes to ecology
[dna] water wrote 167 bytes to ecology
[dna] water wrote 28 bytes to ecology
[dna] water wrote 36 bytes to ecology
[dna] water wrote 28 bytes to ecology
[dna] water wrote 44 bytes to ecology
[dna] water wrote 24 bytes to ecology
[debug-onto] tick=150 corpus=156227 stage=2 freeze=0
[dna] water wrote 49 bytes to ecology
[dna] water wrote 74 bytes to ecology
[dna] water wrote 42 bytes to ecology
[dna] water wrote 72 bytes to ecology
[dna] water wrote 91 bytes to ecology
[dna] water wrote 38 bytes to ecology
[dna] water wrote 47 bytes to ecology
[dna] water wrote 330 bytes to ecology
[dna] water wrote 30 bytes to ecology
[dna] water wrote 105 bytes to ecology
[dna] water wrote 81 bytes to ecology
[dna] water wrote 25 bytes to ecology
[dna] water wrote 89 bytes to ecology
[dna] water wrote 90 bytes to ecology
[dna] water wrote 126 bytes to ecology
[dna] water wrote 154 bytes to ecology
[dna] water wrote 42 bytes to ecology
[dna] water wrote 13 bytes to ecology
[dna] water wrote 84 bytes to ecology
[dna] water wrote 80 bytes to ecology
[dna] water wrote 22 bytes to ecology
[dna] water wrote 20 bytes to ecology
[dna] water wrote 50 bytes to ecology
[dna] water wrote 91 bytes to ecology
[dna] water wrote 33 bytes to ecology
[dna] water wrote 61 bytes to ecology
[dna] water wrote 28 bytes to ecology
[dna] water wrote 26 bytes to ecology
[dna] water wrote 76 bytes to ecology
[dna] water wrote 27 bytes to ecology
[dna] water wrote 29 bytes to ecology
[dna] water wrote 65 bytes to ecology
[dna] water wrote 43 bytes to ecology
[dna] water wrote 141 bytes to ecology
[dna] water wrote 60 bytes to ecology
[dna] water wrote 34 bytes to ecology
[dna] water wrote 49 bytes to ecology
[dna] water wrote 34 bytes to ecology
[dna] water wrote 47 bytes to ecology
[dna] water wrote 103 bytes to ecology
[dna] water wrote 40 bytes to ecology
[dna] water wrote 15 bytes to ecology
[debug-onto] tick=200 corpus=156227 stage=2 freeze=0
[dna] water wrote 107 bytes to ecology
[dna] water wrote 57 bytes to ecology
[dna] water wrote 24 bytes to ecology
[dna] water wrote 66 bytes to ecology
[dna] water wrote 77 bytes to ecology
[dna] water wrote 44 bytes to ecology
[dna] water wrote 36 bytes to ecology
[dna] water wrote 55 bytes to ecology
[dna] water wrote 82 bytes to ecology
[dna] water wrote 59 bytes to ecology
[dna] water wrote 257 bytes to ecology
[dna] water wrote 86 bytes to ecology
[dna] water wrote 23 bytes to ecology
[dna] water wrote 93 bytes to ecology
[dna] water wrote 56 bytes to ecology
[dna] water wrote 57 bytes to ecology
[dna] water wrote 86 bytes to ecology
[dna] water wrote 57 bytes to ecology
[dna] water wrote 62 bytes to ecology
[dna] water wrote 33 bytes to ecology
[dna] water wrote 40 bytes to ecology
[dna] water wrote 113 bytes to ecology
[dna] water wrote 30 bytes to ecology
[dna] water wrote 55 bytes to ecology
[dna] water wrote 110 bytes to ecology
[dna] water wrote 38 bytes to ecology
[dna] water wrote 35 bytes to ecology
[dna] water wrote 58 bytes to ecology
[dna] water wrote 38 bytes to ecology
[dna] water wrote 100 bytes to ecology
[dna] water wrote 29 bytes to ecology
[dna] water wrote 109 bytes to ecology
[dna] water wrote 27 bytes to ecology
[dna] water wrote 60 bytes to ecology
[dna] water wrote 34 bytes to ecology
[dna] water wrote 66 bytes to ecology
[dna] water wrote 111 bytes to ecology
[dna] water wrote 49 bytes to ecology
[dna] water wrote 73 bytes to ecology
[dna] water wrote 49 bytes to ecology
[dna] water wrote 38 bytes to ecology
[dna] water wrote 130 bytes to ecology
[debug-onto] tick=250 corpus=156227 stage=2 freeze=0
[dna] water wrote 25 bytes to ecology
[dna] water wrote 58 bytes to ecology
[dna] water wrote 60 bytes to ecology
[dna] water wrote 24 bytes to ecology
[dna] water wrote 55 bytes to ecology
[dna] water wrote 84 bytes to ecology
[dna] water wrote 82 bytes to ecology
[dna] water wrote 23 bytes to ecology
[dna] water wrote 107 bytes to ecology
[dna] water wrote 47 bytes to ecology
[dna] water wrote 124 bytes to ecology
[dna] water wrote 85 bytes to ecology
[dna] water wrote 143 bytes to ecology
[dna] water wrote 48 bytes to ecology
[dna] water wrote 45 bytes to ecology
[dna] water wrote 73 bytes to ecology
[dna] water wrote 97 bytes to ecology
[dna] water wrote 14 bytes to ecology
[dna] water wrote 53 bytes to ecology
[dna] water wrote 60 bytes to ecology
[dna] water wrote 91 bytes to ecology
[dna] water wrote 61 bytes to ecology
[dna] water wrote 49 bytes to ecology
[dna] water wrote 232 bytes to ecology
[dna] water wrote 121 bytes to ecology
[dna] water wrote 81 bytes to ecology
[dna] water wrote 50 bytes to ecology
[dna] water wrote 45 bytes to ecology
[dna] water wrote 54 bytes to ecology
[dna] water wrote 145 bytes to ecology
[dna] water wrote 48 bytes to ecology
[dna] water wrote 72 bytes to ecology
[dna] water wrote 54 bytes to ecology
[dna] water wrote 80 bytes to ecology
[dna] water wrote 45 bytes to ecology
[dna] water wrote 73 bytes to ecology
[dna] water wrote 21 bytes to ecology
[dna] water wrote 81 bytes to ecology
[dna] water wrote 44 bytes to ecology
[debug-onto] tick=300 corpus=156227 stage=2 freeze=0
[dna] water wrote 35 bytes to ecology
[dna] water wrote 48 bytes to ecology
[dna] water wrote 60 bytes to ecology
[dna] water wrote 73 bytes to ecology
[dna] water wrote 61 bytes to ecology
[dna] water wrote 152 bytes to ecology
[dna] water wrote 59 bytes to ecology
[dna] water wrote 72 bytes to ecology
[dna] water wrote 43 bytes to ecology
[dna] water wrote 123 bytes to ecology
[dna] water wrote 40 bytes to ecology
[dna] water wrote 66 bytes to ecology
[dna] water wrote 30 bytes to ecology
[dna] water wrote 14 bytes to ecology
[dna] water wrote 15 bytes to ecology
[dna] water wrote 40 bytes to ecology
[dna] water wrote 26 bytes to ecology
[dna] water wrote 39 bytes to ecology
[dna] water wrote 30 bytes to ecology
[dna] water wrote 18 bytes to ecology
[dna] water wrote 57 bytes to ecology
[dna] water wrote 42 bytes to ecology
[dna] water wrote 42 bytes to ecology
[dna] water wrote 112 bytes to ecology
[dna] water wrote 105 bytes to ecology
[dna] water wrote 155 bytes to ecology
[dna] water wrote 98 bytes to ecology
[dna] water wrote 50 bytes to ecology
[dna] water wrote 17 bytes to ecology
[dna] water wrote 79 bytes to ecology
[dna] water wrote 25 bytes to ecology
[dna] water wrote 70 bytes to ecology
[dna] water wrote 41 bytes to ecology
[dna] water wrote 26 bytes to ecology
[dna] water wrote 66 bytes to ecology
[dna] water wrote 51 bytes to ecology
[dna] water wrote 75 bytes to ecology
[dna] water wrote 32 bytes to ecology
[dna] water wrote 28 bytes to ecology
[dna] water wrote 76 bytes to ecology
[debug-onto] tick=350 corpus=156227 stage=2 freeze=0
[dna] water wrote 99 bytes to ecology
[dna] water wrote 41 bytes to ecology
[dna] water wrote 29 bytes to ecology
[dna] water wrote 41 bytes to ecology
[dna] water wrote 53 bytes to ecology
[dna] water wrote 30 bytes to ecology
[dna] water wrote 37 bytes to ecology
[dna] water wrote 53 bytes to ecology
[dna] water wrote 50 bytes to ecology
[dna] water wrote 138 bytes to ecology
[dna] water wrote 27 bytes to ecology
[dna] water wrote 158 bytes to ecology
[dna] water wrote 59 bytes to ecology
[dna] water wrote 44 bytes to ecology
[dna] water wrote 103 bytes to ecology
[dna] water wrote 36 bytes to ecology
[dna] water wrote 135 bytes to ecology
[dna] water wrote 182 bytes to ecology
[dna] water wrote 122 bytes to ecology
[dna] water wrote 83 bytes to ecology
[dna] water wrote 42 bytes to ecology
[dna] water wrote 46 bytes to ecology
[dna] water wrote 63 bytes to ecology
[dna] water wrote 90 bytes to ecology
[dna] water wrote 170 bytes to ecology
[dna] water wrote 146 bytes to ecology
[dna] water wrote 40 bytes to ecology
[dna] water wrote 52 bytes to ecology
[dna] water wrote 66 bytes to ecology
[dna] water wrote 24 bytes to ecology
[dna] water wrote 101 bytes to ecology
[dna] water wrote 79 bytes to ecology
[dna] water wrote 40 bytes to ecology
[dna] water wrote 12 bytes to ecology
[dna] water wrote 29 bytes to ecology
[dna] water wrote 107 bytes to ecology
[dna] water wrote 98 bytes to ecology
[dna] water wrote 95 bytes to ecology
[dna] water wrote 85 bytes to ecology
[dna] water wrote 36 bytes to ecology
[debug-onto] tick=400 corpus=156227 stage=2 freeze=0
[dna] water wrote 32 bytes to ecology
[dna] water wrote 27 bytes to ecology
[dna] water wrote 155 bytes to ecology
[dna] water wrote 67 bytes to ecology
[dna] water wrote 58 bytes to ecology
[dna] water wrote 76 bytes to ecology
[dna] water wrote 35 bytes to ecology
[dna] water wrote 121 bytes to ecology
[dna] water wrote 48 bytes to ecology
[dna] water wrote 35 bytes to ecology
[dna] water wrote 41 bytes to ecology
[dna] water wrote 89 bytes to ecology
[dna] water wrote 48 bytes to ecology
[dna] water wrote 52 bytes to ecology
[dna] water wrote 50 bytes to ecology
[dna] water wrote 20 bytes to ecology
[dna] water wrote 50 bytes to ecology
[dna] water wrote 58 bytes to ecology
[dna] water wrote 67 bytes to ecology
[dna] water wrote 97 bytes to ecology
[dna] water wrote 57 bytes to ecology
[dna] water wrote 52 bytes to ecology
[dna] water wrote 104 bytes to ecology
[dna] water wrote 35 bytes to ecology
[dna] water wrote 24 bytes to ecology
[dna] water wrote 176 bytes to ecology
[dna] water wrote 32 bytes to ecology
[dna] water wrote 68 bytes to ecology
[dna] water wrote 100 bytes to ecology
[dna] water wrote 41 bytes to ecology
[dna] water wrote 95 bytes to ecology
[dna] water wrote 75 bytes to ecology
[dna] water wrote 33 bytes to ecology
[dna] water wrote 31 bytes to ecology
[dna] water wrote 103 bytes to ecology
[dna] water wrote 42 bytes to ecology
[dna] water wrote 39 bytes to ecology
[dna] water wrote 39 bytes to ecology
[dna] water wrote 53 bytes to ecology
[dna] water wrote 60 bytes to ecology
[debug-onto] tick=450 corpus=156227 stage=2 freeze=0
[dna] water wrote 69 bytes to ecology
[dna] water wrote 75 bytes to ecology
[dna] water wrote 77 bytes to ecology
[dna] water wrote 41 bytes to ecology
[dna] water wrote 39 bytes to ecology
[dna] water wrote 85 bytes to ecology
[dna] water wrote 22 bytes to ecology
[dna] water wrote 32 bytes to ecology
[dna] water wrote 21 bytes to ecology
[dna] water wrote 43 bytes to ecology
[dna] water wrote 39 bytes to ecology
[dna] water wrote 101 bytes to ecology
[dna] water wrote 28 bytes to ecology
[dna] water wrote 50 bytes to ecology
[dna] water wrote 45 bytes to ecology
[dna] water wrote 91 bytes to ecology
[dna] water wrote 33 bytes to ecology
[dna] water wrote 50 bytes to ecology
[dna] water wrote 45 bytes to ecology
[dna] water wrote 23 bytes to ecology
[dna] water wrote 36 bytes to ecology
[dna] water wrote 96 bytes to ecology
[dna] water wrote 15 bytes to ecology
[dna] water wrote 135 bytes to ecology
[dna] water wrote 91 bytes to ecology
[dna] water wrote 80 bytes to ecology
[dna] water wrote 29 bytes to ecology
[dna] water wrote 26 bytes to ecology
[dna] water wrote 60 bytes to ecology
[dna] water wrote 15 bytes to ecology
[dna] water wrote 35 bytes to ecology
[dna] water wrote 12 bytes to ecology
[dna] water wrote 24 bytes to ecology
[dna] water wrote 103 bytes to ecology
[dna] water wrote 21 bytes to ecology
[dna] water wrote 134 bytes to ecology
[dna] water wrote 47 bytes to ecology
[dna] water wrote 116 bytes to ecology
[dna] water wrote 73 bytes to ecology
[dna] water wrote 14 bytes to ecology
[dna] water wrote 50 bytes to ecology
[debug-onto] tick=500 corpus=156227 stage=2 freeze=0
[dna] water wrote 40 bytes to ecology
[dna] water wrote 54 bytes to ecology
[dna] water wrote 126 bytes to ecology
[dna] water wrote 122 bytes to ecology
[dna] water wrote 36 bytes to ecology
[dna] water wrote 44 bytes to ecology
[dna] water wrote 75 bytes to ecology
[dna] water wrote 61 bytes to ecology
[dna] water wrote 102 bytes to ecology
[dna] water wrote 52 bytes to ecology
[dna] water wrote 68 bytes to ecology
[dna] water wrote 41 bytes to ecology
[dna] water wrote 43 bytes to ecology
[dna] water wrote 62 bytes to ecology
[dna] water wrote 46 bytes to ecology
[dna] water wrote 44 bytes to ecology
[dna] water wrote 70 bytes to ecology
[dna] water wrote 17 bytes to ecology
[dna] water wrote 39 bytes to ecology
[dna] water wrote 39 bytes to ecology
[dna] water wrote 73 bytes to ecology
[dna] water wrote 40 bytes to ecology
[dna] water wrote 99 bytes to ecology
[dna] water wrote 100 bytes to ecology
[dna] water wrote 58 bytes to ecology
[dna] water wrote 27 bytes to ecology
[dna] water wrote 32 bytes to ecology
[dna] water wrote 195 bytes to ecology
[dna] water wrote 51 bytes to ecology
[dna] water wrote 66 bytes to ecology
[dna] water wrote 62 bytes to ecology
[dna] water wrote 73 bytes to ecology
[dna] water wrote 92 bytes to ecology
[dna] water wrote 97 bytes to ecology
[dna] water wrote 36 bytes to ecology
[dna] water wrote 62 bytes to ecology
[dna] water wrote 80 bytes to ecology
[dna] water wrote 50 bytes to ecology
[dna] water wrote 42 bytes to ecology
[dna] water wrote 20 bytes to ecology
[dna] water wrote 38 bytes to ecology
[dna] water wrote 31 bytes to ecology
[debug-onto] tick=550 corpus=156227 stage=2 freeze=0
[dna] water wrote 68 bytes to ecology
[dna] water wrote 63 bytes to ecology
[dna] water wrote 44 bytes to ecology
[dna] water wrote 90 bytes to ecology
[dna] water wrote 35 bytes to ecology
[dna] water wrote 49 bytes to ecology
[dna] water wrote 34 bytes to ecology
[dna] water wrote 65 bytes to ecology
[dna] water wrote 68 bytes to ecology
[dna] water wrote 57 bytes to ecology
[dna] water wrote 21 bytes to ecology
[dna] water wrote 98 bytes to ecology
[dna] water wrote 141 bytes to ecology
[dna] water wrote 59 bytes to ecology
[dna] water wrote 99 bytes to ecology
[dna] water wrote 86 bytes to ecology
[dna] water wrote 51 bytes to ecology
[dna] water wrote 22 bytes to ecology
[dna] water wrote 141 bytes to ecology
[dna] water wrote 58 bytes to ecology
[dna] water wrote 66 bytes to ecology
[dna] water wrote 176 bytes to ecology
[dna] water wrote 89 bytes to ecology
[dna] water wrote 38 bytes to ecology
[dna] water wrote 41 bytes to ecology
[dna] water wrote 123 bytes to ecology
[dna] water wrote 70 bytes to ecology
[dna] water wrote 122 bytes to ecology
[dna] water wrote 29 bytes to ecology
[dna] water wrote 30 bytes to ecology
[dna] water wrote 79 bytes to ecology
[dna] water wrote 43 bytes to ecology
[dna] water wrote 53 bytes to ecology
[dna] water wrote 68 bytes to ecology
[dna] water wrote 123 bytes to ecology
[dna] water wrote 20 bytes to ecology
[dna] water wrote 77 bytes to ecology
[dna] water wrote 69 bytes to ecology
[dna] water wrote 29 bytes to ecology

[evolution] Organism shutting down gracefully.
