[ecology] Element: air → corpus: nonames_air.txt
[evolution] Autonomous evolution mode — organism will grow through all stages without pause.
[ecology] Joined swarm. 1 peer(s) detected.
molequla is alive. [evolution] Autonomous mode — background trainer running. Ctrl+C to stop.
[dna] air wrote 42 bytes to ecology
[dna] air consumed 17564 bytes from 227 files: [earth/gen_1778485233_1.txt earth/gen_1778485241_4.txt earth/gen_1778485248_7.txt earth/gen_1778485256_10.txt earth/gen_1778485264_13.txt earth/gen_1778485272_16.txt earth/gen_1778485279_19.txt earth/gen_1778485287_22.txt earth/gen_1778485294_25.txt earth/gen_1778485302_28.txt earth/gen_1778485310_31.txt earth/gen_1778485317_34.txt earth/gen_1778485325_37.txt earth/gen_1778485332_40.txt earth/gen_1778485340_43.txt earth/gen_1778485347_46.txt earth/gen_1778485355_49.txt earth/gen_1778485363_52.txt earth/gen_1778485370_55.txt earth/gen_1778485378_58.txt earth/gen_1778485386_61.txt earth/gen_1778485393_64.txt earth/gen_1778485401_67.txt earth/gen_1778485408_70.txt earth/gen_1778485416_73.txt earth/gen_1778485424_76.txt earth/gen_1778485431_79.txt earth/gen_1778485439_82.txt earth/gen_1778485446_85.txt earth/gen_1778485454_88.txt earth/gen_1778485462_91.txt earth/gen_1778485469_94.txt earth/gen_1778485477_97.txt earth/gen_1778485485_100.txt earth/gen_1778485492_103.txt earth/gen_1778485508_109.txt earth/gen_1778485516_112.txt earth/gen_1778485523_115.txt earth/gen_1778485531_118.txt earth/gen_1778485538_121.txt earth/gen_1778485546_124.txt earth/gen_1778485554_127.txt earth/gen_1778485562_130.txt earth/gen_1778485569_133.txt earth/gen_1778485585_139.txt earth/gen_1778485592_142.txt earth/gen_1778485600_145.txt earth/gen_1778485607_148.txt earth/gen_1778485615_151.txt earth/gen_1778485623_154.txt earth/gen_1778485630_157.txt earth/gen_1778485638_160.txt earth/gen_1778485645_163.txt earth/gen_1778485653_166.txt earth/gen_1778485661_169.txt earth/gen_1778485668_172.txt earth/gen_1778485676_175.txt earth/gen_1778485683_178.txt earth/gen_1778485691_181.txt earth/gen_1778485698_184.txt earth/gen_1778485706_187.txt earth/gen_1778485713_190.txt earth/gen_1778485721_193.txt earth/gen_1778485729_196.txt earth/gen_1778485736_199.txt earth/gen_1778485744_202.txt earth/gen_1778485751_205.txt earth/gen_1778485759_208.txt earth/gen_1778485767_211.txt earth/gen_1778485774_214.txt earth/gen_1778485782_217.txt earth/gen_1778485790_220.txt earth/gen_1778485797_223.txt earth/gen_1778485805_226.txt earth/gen_1778485813_229.txt earth/gen_1778485820_232.txt earth/gen_1778485828_235.txt earth/gen_1778485836_238.txt earth/gen_1778485843_241.txt earth/gen_1778485851_244.txt earth/gen_1778485859_247.txt earth/gen_1778485867_250.txt earth/gen_1778485874_253.txt earth/gen_1778485882_256.txt earth/gen_1778485890_259.txt earth/gen_1778485897_262.txt earth/gen_1778485905_265.txt earth/gen_1778485913_268.txt earth/gen_1778485920_271.txt earth/gen_1778485928_274.txt earth/gen_1778485936_277.txt earth/gen_1778485943_280.txt earth/gen_1778485951_283.txt earth/gen_1778485959_286.txt earth/gen_1778485967_289.txt earth/gen_1778485974_292.txt earth/gen_1778485982_295.txt earth/gen_1778485990_298.txt earth/gen_1778485998_301.txt earth/gen_1778486006_304.txt earth/gen_1778486014_307.txt earth/gen_1778486021_310.txt earth/gen_1778486029_313.txt earth/gen_1778486037_316.txt earth/gen_1778486045_319.txt earth/gen_1778486053_322.txt earth/gen_1778486061_325.txt earth/gen_1778486068_328.txt earth/gen_1778486076_331.txt earth/gen_1778486084_334.txt earth/gen_1778486092_337.txt earth/gen_1778486100_340.txt earth/gen_1778486108_343.txt earth/gen_1778486116_346.txt earth/gen_1778486123_349.txt earth/gen_1778486131_352.txt earth/gen_1778486139_355.txt earth/gen_1778486147_358.txt earth/gen_1778486155_361.txt earth/gen_1778486162_364.txt earth/gen_1778486170_367.txt earth/gen_1778486178_370.txt earth/gen_1778486185_373.txt earth/gen_1778486193_376.txt earth/gen_1778486201_379.txt earth/gen_1778486208_382.txt earth/gen_1778486216_385.txt earth/gen_1778486224_388.txt earth/gen_1778486231_391.txt earth/gen_1778486239_394.txt earth/gen_1778486254_400.txt earth/gen_1778486262_403.txt earth/gen_1778486269_406.txt earth/gen_1778486277_409.txt earth/gen_1778486285_412.txt earth/gen_1778486292_415.txt earth/gen_1778486300_418.txt earth/gen_1778486308_421.txt earth/gen_1778486315_424.txt earth/gen_1778486323_427.txt earth/gen_1778486331_430.txt earth/gen_1778486338_433.txt earth/gen_1778486346_436.txt earth/gen_1778486354_439.txt earth/gen_1778486361_442.txt earth/gen_1778486369_445.txt earth/gen_1778486377_448.txt earth/gen_1778486384_451.txt earth/gen_1778486392_454.txt earth/gen_1778486399_457.txt earth/gen_1778486407_460.txt earth/gen_1778486415_463.txt earth/gen_1778486423_466.txt earth/gen_1778486430_469.txt earth/gen_1778486438_472.txt earth/gen_1778486446_475.txt earth/gen_1778486453_478.txt earth/gen_1778486461_481.txt earth/gen_1778486469_484.txt earth/gen_1778486476_487.txt earth/gen_1778486484_490.txt earth/gen_1778486492_493.txt earth/gen_1778486500_496.txt earth/gen_1778486507_499.txt earth/gen_1778486515_502.txt earth/gen_1778486523_505.txt earth/gen_1778486530_508.txt earth/gen_1778486538_511.txt earth/gen_1778486546_514.txt earth/gen_1778486554_517.txt earth/gen_1778486561_520.txt earth/gen_1778486569_523.txt earth/gen_1778486577_526.txt earth/gen_1778486584_529.txt earth/gen_1778486592_532.txt earth/gen_1778486600_535.txt earth/gen_1778486607_538.txt earth/gen_1778486615_541.txt earth/gen_1778486623_544.txt earth/gen_1778486630_547.txt earth/gen_1778486638_550.txt earth/gen_1778486646_553.txt earth/gen_1778486653_556.txt earth/gen_1778486661_559.txt earth/gen_1778486669_562.txt earth/gen_1778486676_565.txt earth/gen_1778486684_568.txt earth/gen_1778486692_571.txt earth/gen_1778486699_574.txt earth/gen_1778486707_577.txt earth/gen_1778486714_580.txt earth/gen_1778486722_583.txt earth/gen_1778486730_586.txt earth/gen_1778486738_589.txt earth/gen_1778486745_592.txt earth/gen_1778486753_595.txt earth/gen_1778486761_598.txt earth/gen_1778486769_601.txt earth/gen_1778486776_604.txt earth/gen_1778486784_607.txt earth/gen_1778486792_610.txt earth/gen_1778486800_613.txt earth/gen_1778486808_616.txt earth/gen_1778486816_619.txt earth/gen_1778486824_622.txt earth/gen_1778486832_625.txt earth/gen_1778486840_628.txt earth/gen_1778486848_631.txt earth/gen_1778486856_634.txt earth/gen_1778486864_637.txt earth/gen_1778486872_640.txt earth/gen_1778486880_643.txt earth/gen_1778486887_646.txt earth/gen_1778486895_649.txt earth/gen_1778486903_652.txt earth/gen_1778486911_655.txt earth/gen_1778486919_658.txt earth/gen_1778486927_661.txt earth/gen_1778486935_664.txt earth/gen_1778486943_667.txt earth/gen_1778486951_670.txt earth/gen_1778486959_673.txt earth/gen_1778486967_676.txt earth/gen_1778486975_679.txt earth/gen_1778486983_682.txt earth/gen_1778486991_685.txt earth/gen_1778486999_688.txt]
[trainer] micro-train burst (17564 bytes, novelty 0.04) — and lo, it feeds again.
[syntropy] action=explore | trend=0.0000 | field_dev=-0.016 | purpose_align=-0.144 | lr_mul=1.30
[aml] burst complete: 32 steps, avg loss 2.3441 (memory freed)
[dna] air wrote 59 bytes to ecology
[dna] air wrote 38 bytes to ecology
[dna] air wrote 93 bytes to ecology
[dna] air wrote 66 bytes to ecology
[dna] air wrote 155 bytes to ecology
[dna] air wrote 85 bytes to ecology
[dna] air wrote 167 bytes to ecology
[dna] air wrote 34 bytes to ecology
[dna] air wrote 68 bytes to ecology
[dna] air wrote 38 bytes to ecology
[dna] air wrote 58 bytes to ecology
[dna] air wrote 134 bytes to ecology
[dna] air wrote 77 bytes to ecology
[dna] air wrote 26 bytes to ecology
[dna] air wrote 59 bytes to ecology
[dna] air wrote 47 bytes to ecology
[debug-onto] tick=50 corpus=140107 stage=2 freeze=0
[dna] air wrote 28 bytes to ecology
[dna] air wrote 69 bytes to ecology
[dna] air wrote 50 bytes to ecology
[dna] air wrote 64 bytes to ecology
[dna] air wrote 86 bytes to ecology
[dna] air wrote 43 bytes to ecology
[dna] air wrote 79 bytes to ecology
[dna] air wrote 69 bytes to ecology
[dna] air wrote 7 bytes to ecology
[dna] air wrote 50 bytes to ecology
[dna] air wrote 112 bytes to ecology
[dna] air wrote 89 bytes to ecology
[dna] air wrote 13 bytes to ecology
[dna] air wrote 59 bytes to ecology
[dna] air wrote 14 bytes to ecology
[dna] air wrote 120 bytes to ecology
[dna] air wrote 128 bytes to ecology
[debug-onto] tick=100 corpus=140107 stage=2 freeze=0
[dna] air wrote 187 bytes to ecology
[dna] air wrote 87 bytes to ecology
[dna] air wrote 97 bytes to ecology
[dna] air wrote 228 bytes to ecology
[dna] air wrote 28 bytes to ecology
[dna] air wrote 44 bytes to ecology
[dna] air wrote 107 bytes to ecology
[dna] air wrote 46 bytes to ecology
[dna] air wrote 43 bytes to ecology
[dna] air wrote 122 bytes to ecology
[dna] air wrote 52 bytes to ecology
[dna] air wrote 108 bytes to ecology
[dna] air wrote 63 bytes to ecology
[dna] air wrote 131 bytes to ecology
[dna] air wrote 44 bytes to ecology
[dna] air wrote 175 bytes to ecology
[debug-onto] tick=150 corpus=140107 stage=2 freeze=0
[dna] air wrote 11 bytes to ecology
[dna] air wrote 51 bytes to ecology
[dna] air wrote 154 bytes to ecology
[dna] air wrote 38 bytes to ecology
[dna] air wrote 83 bytes to ecology
[dna] air wrote 63 bytes to ecology
[dna] air wrote 98 bytes to ecology
[dna] air wrote 89 bytes to ecology
[dna] air wrote 180 bytes to ecology
[dna] air wrote 92 bytes to ecology
[dna] air wrote 124 bytes to ecology
[dna] air wrote 50 bytes to ecology
[dna] air wrote 119 bytes to ecology
[dna] air wrote 53 bytes to ecology
[dna] air wrote 55 bytes to ecology
[dna] air wrote 100 bytes to ecology
[dna] air wrote 47 bytes to ecology
[debug-onto] tick=200 corpus=140107 stage=2 freeze=0
[dna] air wrote 53 bytes to ecology
[dna] air wrote 127 bytes to ecology
[dna] air wrote 39 bytes to ecology
[dna] air wrote 36 bytes to ecology
[dna] air wrote 223 bytes to ecology
[dna] air wrote 167 bytes to ecology
[dna] air wrote 27 bytes to ecology
[dna] air wrote 39 bytes to ecology
[dna] air wrote 79 bytes to ecology
[dna] air wrote 78 bytes to ecology
[dna] air wrote 280 bytes to ecology
[dna] air wrote 65 bytes to ecology
[dna] air wrote 36 bytes to ecology
[dna] air wrote 128 bytes to ecology
[dna] air wrote 117 bytes to ecology
[dna] air wrote 100 bytes to ecology
[dna] air wrote 162 bytes to ecology
[debug-onto] tick=250 corpus=140107 stage=2 freeze=0
[dna] air wrote 24 bytes to ecology
[dna] air wrote 98 bytes to ecology
[dna] air wrote 38 bytes to ecology
[dna] air wrote 166 bytes to ecology
[dna] air wrote 72 bytes to ecology
[dna] air wrote 57 bytes to ecology
[dna] air wrote 30 bytes to ecology
[dna] air wrote 19 bytes to ecology
[dna] air wrote 205 bytes to ecology
[dna] air wrote 30 bytes to ecology
[dna] air wrote 37 bytes to ecology
[dna] air wrote 36 bytes to ecology
[dna] air wrote 45 bytes to ecology
[dna] air wrote 31 bytes to ecology
[dna] air wrote 66 bytes to ecology
[dna] air wrote 66 bytes to ecology
[debug-onto] tick=300 corpus=140107 stage=2 freeze=0
[dna] air wrote 37 bytes to ecology
[dna] air wrote 77 bytes to ecology
[dna] air wrote 70 bytes to ecology
[dna] air wrote 32 bytes to ecology
[dna] air wrote 113 bytes to ecology
[dna] air wrote 25 bytes to ecology
[dna] air wrote 161 bytes to ecology
[dna] air wrote 49 bytes to ecology
[dna] air wrote 131 bytes to ecology
[dna] air wrote 165 bytes to ecology
[dna] air wrote 89 bytes to ecology
[dna] air wrote 31 bytes to ecology
[dna] air wrote 102 bytes to ecology
[dna] air wrote 133 bytes to ecology
[dna] air wrote 34 bytes to ecology
[dna] air wrote 69 bytes to ecology
[dna] air wrote 21 bytes to ecology
[debug-onto] tick=350 corpus=140107 stage=2 freeze=0
[dna] air wrote 12 bytes to ecology
[dna] air wrote 67 bytes to ecology
[dna] air wrote 31 bytes to ecology
[dna] air wrote 172 bytes to ecology
[dna] air wrote 153 bytes to ecology
[dna] air wrote 99 bytes to ecology
[dna] air wrote 109 bytes to ecology
[dna] air wrote 132 bytes to ecology
[dna] air wrote 89 bytes to ecology
[dna] air wrote 44 bytes to ecology
[dna] air wrote 306 bytes to ecology
[dna] air wrote 34 bytes to ecology
[dna] air wrote 49 bytes to ecology
[dna] air wrote 49 bytes to ecology
[dna] air wrote 84 bytes to ecology
[dna] air wrote 13 bytes to ecology
[dna] air wrote 32 bytes to ecology
[debug-onto] tick=400 corpus=140107 stage=2 freeze=0
[dna] air wrote 207 bytes to ecology
[dna] air wrote 85 bytes to ecology
[dna] air wrote 42 bytes to ecology
[dna] air wrote 57 bytes to ecology
[dna] air wrote 81 bytes to ecology
[dna] air wrote 27 bytes to ecology
[dna] air wrote 45 bytes to ecology
[dna] air wrote 140 bytes to ecology
[dna] air wrote 23 bytes to ecology
[dna] air wrote 228 bytes to ecology
[dna] air wrote 72 bytes to ecology
[dna] air wrote 46 bytes to ecology
[dna] air wrote 207 bytes to ecology
[dna] air wrote 50 bytes to ecology
[dna] air wrote 95 bytes to ecology
[dna] air wrote 46 bytes to ecology
[debug-onto] tick=450 corpus=140107 stage=2 freeze=0
[dna] air wrote 156 bytes to ecology
[dna] air wrote 57 bytes to ecology
[dna] air wrote 132 bytes to ecology
[dna] air wrote 146 bytes to ecology
[dna] air wrote 21 bytes to ecology
[dna] air wrote 31 bytes to ecology
[dna] air wrote 85 bytes to ecology
[dna] air wrote 47 bytes to ecology
[dna] air wrote 182 bytes to ecology
[dna] air wrote 157 bytes to ecology
[dna] air wrote 151 bytes to ecology
[dna] air wrote 37 bytes to ecology
[dna] air wrote 94 bytes to ecology
[dna] air wrote 155 bytes to ecology
[dna] air wrote 35 bytes to ecology
[dna] air wrote 60 bytes to ecology
[dna] air wrote 97 bytes to ecology
[debug-onto] tick=500 corpus=140107 stage=2 freeze=0
[dna] air wrote 74 bytes to ecology
[dna] air wrote 108 bytes to ecology
[dna] air wrote 70 bytes to ecology
[dna] air wrote 83 bytes to ecology
[dna] air wrote 79 bytes to ecology
[dna] air wrote 74 bytes to ecology
[dna] air wrote 34 bytes to ecology
[dna] air wrote 40 bytes to ecology
[dna] air wrote 39 bytes to ecology
[dna] air wrote 42 bytes to ecology
[dna] air wrote 131 bytes to ecology
[dna] air wrote 10 bytes to ecology
[dna] air wrote 43 bytes to ecology
[dna] air wrote 296 bytes to ecology
[dna] air wrote 28 bytes to ecology
[dna] air wrote 82 bytes to ecology
[dna] air wrote 59 bytes to ecology
[debug-onto] tick=550 corpus=140107 stage=2 freeze=0
[dna] air wrote 92 bytes to ecology
[dna] air wrote 109 bytes to ecology
[dna] air wrote 44 bytes to ecology
[dna] air wrote 35 bytes to ecology
[dna] air wrote 129 bytes to ecology
[dna] air wrote 67 bytes to ecology
[dna] air wrote 50 bytes to ecology
[dna] air wrote 42 bytes to ecology
[dna] air wrote 89 bytes to ecology
[dna] air wrote 30 bytes to ecology
[dna] air wrote 103 bytes to ecology
[dna] air wrote 81 bytes to ecology
[dna] air wrote 66 bytes to ecology
[dna] air wrote 46 bytes to ecology
[dna] air wrote 81 bytes to ecology
[dna] air wrote 38 bytes to ecology
[debug-onto] tick=600 corpus=140107 stage=2 freeze=0
[dna] air wrote 37 bytes to ecology
[dna] air wrote 62 bytes to ecology
[dna] air wrote 58 bytes to ecology
[dna] air wrote 56 bytes to ecology
[dna] air wrote 32 bytes to ecology
[dna] air wrote 23 bytes to ecology
[dna] air wrote 80 bytes to ecology
[dna] air wrote 81 bytes to ecology
[dna] air wrote 54 bytes to ecology
[dna] air wrote 96 bytes to ecology
[dna] air wrote 65 bytes to ecology
[dna] air wrote 312 bytes to ecology
[dna] air wrote 11 bytes to ecology
[dna] air wrote 61 bytes to ecology
[dna] air wrote 86 bytes to ecology
[dna] air wrote 54 bytes to ecology
[dna] air wrote 21 bytes to ecology
[debug-onto] tick=650 corpus=140107 stage=2 freeze=0
[dna] air wrote 56 bytes to ecology
[dna] air wrote 75 bytes to ecology
[dna] air wrote 46 bytes to ecology
[dna] air wrote 19 bytes to ecology
[dna] air wrote 99 bytes to ecology
[dna] air wrote 107 bytes to ecology
[dna] air wrote 54 bytes to ecology
[dna] air wrote 30 bytes to ecology
[dna] air wrote 113 bytes to ecology
[dna] air wrote 26 bytes to ecology
[dna] air wrote 33 bytes to ecology
[dna] air wrote 86 bytes to ecology
[dna] air wrote 67 bytes to ecology
[dna] air wrote 98 bytes to ecology
[dna] air wrote 90 bytes to ecology
[dna] air wrote 131 bytes to ecology

[evolution] Organism shutting down gracefully.
