[ecology] Element: fire → corpus: nonames_fire.txt
[evolution] Autonomous evolution mode — organism will grow through all stages without pause.
[ecology] Joined swarm. 1 peer(s) detected.
molequla is alive. [evolution] Autonomous mode — background trainer running. Ctrl+C to stop.
[dna] fire wrote 53 bytes to ecology
[dna] fire consumed 13325 bytes from 208 files: [water/gen_1778488806_1.txt water/gen_1778488823_4.txt water/gen_1778488831_7.txt water/gen_1778488840_10.txt water/gen_1778488848_13.txt water/gen_1778488857_16.txt water/gen_1778488865_19.txt water/gen_1778488874_22.txt water/gen_1778488883_25.txt water/gen_1778488891_28.txt water/gen_1778488900_31.txt water/gen_1778488908_34.txt water/gen_1778488917_37.txt water/gen_1778488925_40.txt water/gen_1778488934_43.txt water/gen_1778488942_46.txt water/gen_1778488951_49.txt water/gen_1778488959_52.txt water/gen_1778488968_55.txt water/gen_1778488976_58.txt water/gen_1778488985_61.txt water/gen_1778488994_64.txt water/gen_1778489002_67.txt water/gen_1778489011_70.txt water/gen_1778489019_73.txt water/gen_1778489028_76.txt water/gen_1778489036_79.txt water/gen_1778489045_82.txt water/gen_1778489054_85.txt water/gen_1778489062_88.txt water/gen_1778489071_91.txt water/gen_1778489080_94.txt water/gen_1778489088_97.txt water/gen_1778489096_100.txt water/gen_1778489105_103.txt water/gen_1778489113_106.txt water/gen_1778489122_109.txt water/gen_1778489139_115.txt water/gen_1778489147_118.txt water/gen_1778489155_121.txt water/gen_1778489164_124.txt water/gen_1778489172_127.txt water/gen_1778489181_130.txt water/gen_1778489189_133.txt water/gen_1778489198_136.txt water/gen_1778489206_139.txt water/gen_1778489215_142.txt water/gen_1778489223_145.txt water/gen_1778489231_148.txt water/gen_1778489240_151.txt water/gen_1778489248_154.txt water/gen_1778489257_157.txt water/gen_1778489265_160.txt water/gen_1778489274_163.txt water/gen_1778489282_166.txt water/gen_1778489291_169.txt water/gen_1778489299_172.txt water/gen_1778489308_175.txt water/gen_1778489316_178.txt water/gen_1778489325_181.txt water/gen_1778489333_184.txt water/gen_1778489342_187.txt water/gen_1778489350_190.txt water/gen_1778489359_193.txt water/gen_1778489367_196.txt water/gen_1778489376_199.txt water/gen_1778489384_202.txt water/gen_1778489393_205.txt water/gen_1778489401_208.txt water/gen_1778489410_211.txt water/gen_1778489418_214.txt water/gen_1778489427_217.txt water/gen_1778489435_220.txt water/gen_1778489443_223.txt water/gen_1778489452_226.txt water/gen_1778489460_229.txt water/gen_1778489468_232.txt water/gen_1778489477_235.txt water/gen_1778489485_238.txt water/gen_1778489494_241.txt water/gen_1778489502_244.txt water/gen_1778489510_247.txt water/gen_1778489519_250.txt water/gen_1778489527_253.txt water/gen_1778489536_256.txt water/gen_1778489545_259.txt water/gen_1778489553_262.txt water/gen_1778489561_265.txt water/gen_1778489570_268.txt water/gen_1778489578_271.txt water/gen_1778489587_274.txt water/gen_1778489595_277.txt water/gen_1778489604_280.txt water/gen_1778489612_283.txt water/gen_1778489621_286.txt water/gen_1778489629_289.txt water/gen_1778489637_292.txt water/gen_1778489646_295.txt water/gen_1778489654_298.txt water/gen_1778489663_301.txt water/gen_1778489671_304.txt water/gen_1778489679_307.txt water/gen_1778489688_310.txt water/gen_1778489696_313.txt water/gen_1778489705_316.txt water/gen_1778489713_319.txt water/gen_1778489721_322.txt water/gen_1778489730_325.txt water/gen_1778489738_328.txt water/gen_1778489747_331.txt water/gen_1778489755_334.txt water/gen_1778489764_337.txt water/gen_1778489772_340.txt water/gen_1778489780_343.txt water/gen_1778489789_346.txt water/gen_1778489797_349.txt water/gen_1778489806_352.txt water/gen_1778489814_355.txt water/gen_1778489822_358.txt water/gen_1778489831_361.txt water/gen_1778489839_364.txt water/gen_1778489848_367.txt water/gen_1778489856_370.txt water/gen_1778489865_373.txt water/gen_1778489873_376.txt water/gen_1778489882_379.txt water/gen_1778489890_382.txt water/gen_1778489899_385.txt water/gen_1778489907_388.txt water/gen_1778489916_391.txt water/gen_1778489924_394.txt water/gen_1778489933_397.txt water/gen_1778489941_400.txt water/gen_1778489949_403.txt water/gen_1778489958_406.txt water/gen_1778489967_409.txt water/gen_1778489975_412.txt water/gen_1778489992_418.txt water/gen_1778490001_421.txt water/gen_1778490010_424.txt water/gen_1778490018_427.txt water/gen_1778490027_430.txt water/gen_1778490035_433.txt water/gen_1778490044_436.txt water/gen_1778490053_439.txt water/gen_1778490062_442.txt water/gen_1778490070_445.txt water/gen_1778490079_448.txt water/gen_1778490088_451.txt water/gen_1778490097_454.txt water/gen_1778490106_457.txt water/gen_1778490115_460.txt water/gen_1778490124_463.txt water/gen_1778490133_466.txt water/gen_1778490142_469.txt water/gen_1778490151_472.txt water/gen_1778490159_475.txt water/gen_1778490168_478.txt water/gen_1778490177_481.txt water/gen_1778490186_484.txt water/gen_1778490195_487.txt water/gen_1778490204_490.txt water/gen_1778490213_493.txt water/gen_1778490222_496.txt water/gen_1778490231_499.txt water/gen_1778490239_502.txt water/gen_1778490248_505.txt water/gen_1778490257_508.txt water/gen_1778490265_511.txt water/gen_1778490274_514.txt water/gen_1778490283_517.txt water/gen_1778490291_520.txt water/gen_1778490300_523.txt water/gen_1778490309_526.txt water/gen_1778490318_529.txt water/gen_1778490326_532.txt water/gen_1778490335_535.txt water/gen_1778490344_538.txt water/gen_1778490352_541.txt water/gen_1778490361_544.txt water/gen_1778490369_547.txt water/gen_1778490378_550.txt water/gen_1778490386_553.txt water/gen_1778490395_556.txt water/gen_1778490403_559.txt water/gen_1778490411_562.txt water/gen_1778490420_565.txt water/gen_1778490428_568.txt water/gen_1778490437_571.txt water/gen_1778490445_574.txt water/gen_1778490454_577.txt water/gen_1778490462_580.txt water/gen_1778490470_583.txt water/gen_1778490479_586.txt water/gen_1778490487_589.txt water/gen_1778490496_592.txt water/gen_1778490504_595.txt water/gen_1778490512_598.txt water/gen_1778490521_601.txt water/gen_1778490529_604.txt water/gen_1778490538_607.txt water/gen_1778490546_610.txt water/gen_1778490555_613.txt water/gen_1778490564_616.txt water/gen_1778490572_619.txt water/gen_1778490581_622.txt water/gen_1778490590_625.txt water/gen_1778490599_628.txt]
[trainer] micro-train burst (13325 bytes, novelty 0.05) — and lo, it feeds again.
[syntropy] action=explore | trend=0.0000 | field_dev=-0.062 | purpose_align=-0.118 | lr_mul=1.30
[aml] burst complete: 32 steps, avg loss 1.8366 (memory freed)
[dna] fire wrote 33 bytes to ecology
[dna] fire wrote 46 bytes to ecology
[dna] fire wrote 18 bytes to ecology
[dna] fire wrote 60 bytes to ecology
[dna] fire wrote 51 bytes to ecology
[dna] fire wrote 9 bytes to ecology
[dna] fire wrote 20 bytes to ecology
[dna] fire wrote 66 bytes to ecology
[dna] fire wrote 94 bytes to ecology
[dna] fire wrote 245 bytes to ecology
[dna] fire wrote 15 bytes to ecology
[dna] fire wrote 25 bytes to ecology
[dna] fire wrote 36 bytes to ecology
[dna] fire wrote 12 bytes to ecology
[dna] fire wrote 133 bytes to ecology
[dna] fire wrote 17 bytes to ecology
[debug-onto] tick=50 corpus=135433 stage=2 freeze=0
[dna] fire wrote 46 bytes to ecology
[dna] fire wrote 20 bytes to ecology
[dna] fire wrote 32 bytes to ecology
[dna] fire wrote 111 bytes to ecology
[dna] fire wrote 81 bytes to ecology
[dna] fire wrote 77 bytes to ecology
[dna] fire wrote 59 bytes to ecology
[dna] fire wrote 23 bytes to ecology
[dna] fire wrote 124 bytes to ecology
[dna] fire wrote 29 bytes to ecology
[dna] fire wrote 23 bytes to ecology
[dna] fire wrote 67 bytes to ecology
[dna] fire wrote 101 bytes to ecology
[dna] fire wrote 48 bytes to ecology
[dna] fire wrote 42 bytes to ecology
[dna] fire wrote 15 bytes to ecology
[dna] fire wrote 22 bytes to ecology
[debug-onto] tick=100 corpus=135433 stage=2 freeze=0
[dna] fire wrote 88 bytes to ecology
[dna] fire wrote 42 bytes to ecology
[dna] fire wrote 120 bytes to ecology
[dna] fire wrote 110 bytes to ecology
[dna] fire wrote 77 bytes to ecology
[dna] fire wrote 22 bytes to ecology
[dna] fire wrote 60 bytes to ecology
[dna] fire wrote 49 bytes to ecology
[dna] fire wrote 97 bytes to ecology
[dna] fire wrote 142 bytes to ecology
[dna] fire wrote 79 bytes to ecology
[dna] fire wrote 29 bytes to ecology
[dna] fire wrote 43 bytes to ecology
[dna] fire wrote 36 bytes to ecology
[dna] fire wrote 143 bytes to ecology
[dna] fire wrote 62 bytes to ecology
[debug-onto] tick=150 corpus=135433 stage=2 freeze=0
[dna] fire wrote 31 bytes to ecology
[dna] fire wrote 62 bytes to ecology
[dna] fire wrote 25 bytes to ecology
[dna] fire wrote 39 bytes to ecology
[dna] fire wrote 75 bytes to ecology
[dna] fire wrote 50 bytes to ecology
[dna] fire wrote 56 bytes to ecology
[dna] fire wrote 14 bytes to ecology
[dna] fire wrote 37 bytes to ecology
[dna] fire wrote 69 bytes to ecology
[dna] fire wrote 22 bytes to ecology
[dna] fire wrote 43 bytes to ecology
[dna] fire wrote 48 bytes to ecology
[dna] fire wrote 62 bytes to ecology
[dna] fire wrote 56 bytes to ecology
[dna] fire wrote 36 bytes to ecology
[dna] fire wrote 23 bytes to ecology
[debug-onto] tick=200 corpus=135433 stage=2 freeze=0
[dna] fire wrote 40 bytes to ecology
[dna] fire wrote 183 bytes to ecology
[dna] fire wrote 36 bytes to ecology
[dna] fire wrote 72 bytes to ecology
[dna] fire wrote 39 bytes to ecology
[dna] fire wrote 42 bytes to ecology
[dna] fire wrote 26 bytes to ecology
[dna] fire wrote 32 bytes to ecology
[dna] fire wrote 25 bytes to ecology
[dna] fire wrote 47 bytes to ecology
[dna] fire wrote 28 bytes to ecology
[dna] fire wrote 38 bytes to ecology
[dna] fire wrote 57 bytes to ecology
[dna] fire wrote 88 bytes to ecology
[dna] fire wrote 116 bytes to ecology
[dna] fire wrote 118 bytes to ecology
[dna] fire wrote 144 bytes to ecology
[debug-onto] tick=250 corpus=135433 stage=2 freeze=0
[dna] fire wrote 40 bytes to ecology
[dna] fire wrote 34 bytes to ecology
[dna] fire wrote 31 bytes to ecology
[dna] fire wrote 13 bytes to ecology
[dna] fire wrote 21 bytes to ecology
[dna] fire wrote 39 bytes to ecology
[dna] fire wrote 65 bytes to ecology
[dna] fire wrote 354 bytes to ecology
[dna] fire wrote 7 bytes to ecology
[dna] fire wrote 35 bytes to ecology
[dna] fire wrote 64 bytes to ecology
[dna] fire wrote 8 bytes to ecology
[dna] fire wrote 39 bytes to ecology
[dna] fire wrote 20 bytes to ecology
[dna] fire wrote 25 bytes to ecology
[dna] fire wrote 160 bytes to ecology
[debug-onto] tick=300 corpus=135433 stage=2 freeze=0
[dna] fire wrote 16 bytes to ecology
[dna] fire wrote 61 bytes to ecology
[dna] fire wrote 81 bytes to ecology
[dna] fire wrote 15 bytes to ecology
[dna] fire wrote 60 bytes to ecology
[dna] fire wrote 48 bytes to ecology
[dna] fire wrote 36 bytes to ecology
[dna] fire wrote 135 bytes to ecology
[dna] fire wrote 28 bytes to ecology
[dna] fire wrote 40 bytes to ecology
[dna] fire wrote 12 bytes to ecology
[dna] fire wrote 101 bytes to ecology
[dna] fire wrote 28 bytes to ecology
[dna] fire wrote 89 bytes to ecology
[dna] fire wrote 21 bytes to ecology
[dna] fire wrote 21 bytes to ecology
[dna] fire wrote 61 bytes to ecology
[debug-onto] tick=350 corpus=135433 stage=2 freeze=0
[dna] fire wrote 38 bytes to ecology
[dna] fire wrote 80 bytes to ecology
[dna] fire wrote 21 bytes to ecology
[dna] fire wrote 20 bytes to ecology
[dna] fire wrote 21 bytes to ecology
[dna] fire wrote 115 bytes to ecology
[dna] fire wrote 99 bytes to ecology
[dna] fire wrote 38 bytes to ecology
[dna] fire wrote 55 bytes to ecology
[dna] fire wrote 35 bytes to ecology
[dna] fire wrote 120 bytes to ecology
[dna] fire wrote 157 bytes to ecology
[dna] fire wrote 51 bytes to ecology
[dna] fire wrote 34 bytes to ecology
[dna] fire wrote 15 bytes to ecology
[dna] fire wrote 51 bytes to ecology
[dna] fire wrote 20 bytes to ecology
[debug-onto] tick=400 corpus=135433 stage=2 freeze=0
[dna] fire wrote 41 bytes to ecology
[dna] fire wrote 189 bytes to ecology
[dna] fire wrote 99 bytes to ecology
[dna] fire wrote 41 bytes to ecology
[dna] fire wrote 34 bytes to ecology
[dna] fire wrote 77 bytes to ecology
[dna] fire wrote 44 bytes to ecology
[dna] fire wrote 43 bytes to ecology
[dna] fire wrote 14 bytes to ecology
[dna] fire wrote 53 bytes to ecology
[dna] fire wrote 89 bytes to ecology
[dna] fire wrote 37 bytes to ecology
[dna] fire wrote 26 bytes to ecology
[dna] fire wrote 28 bytes to ecology
[dna] fire wrote 29 bytes to ecology
[dna] fire wrote 157 bytes to ecology
[debug-onto] tick=450 corpus=135433 stage=2 freeze=0
[dna] fire wrote 52 bytes to ecology
[dna] fire wrote 17 bytes to ecology
[dna] fire wrote 73 bytes to ecology
[dna] fire wrote 99 bytes to ecology
[dna] fire wrote 15 bytes to ecology
[dna] fire wrote 120 bytes to ecology
[dna] fire wrote 19 bytes to ecology
[dna] fire wrote 22 bytes to ecology
[dna] fire wrote 55 bytes to ecology
[dna] fire wrote 69 bytes to ecology
[dna] fire wrote 112 bytes to ecology
[dna] fire wrote 24 bytes to ecology
[dna] fire wrote 92 bytes to ecology
[dna] fire wrote 36 bytes to ecology
[dna] fire wrote 63 bytes to ecology
[dna] fire wrote 52 bytes to ecology
[dna] fire wrote 12 bytes to ecology
[debug-onto] tick=500 corpus=135433 stage=2 freeze=0
[dna] fire wrote 53 bytes to ecology
[dna] fire wrote 18 bytes to ecology
[dna] fire wrote 21 bytes to ecology
[dna] fire wrote 25 bytes to ecology
[dna] fire wrote 44 bytes to ecology
[dna] fire wrote 95 bytes to ecology
[dna] fire wrote 35 bytes to ecology
[dna] fire wrote 35 bytes to ecology
[dna] fire wrote 25 bytes to ecology
[dna] fire wrote 71 bytes to ecology
[dna] fire wrote 73 bytes to ecology
[dna] fire wrote 63 bytes to ecology
[dna] fire wrote 19 bytes to ecology
[dna] fire wrote 109 bytes to ecology
[dna] fire wrote 28 bytes to ecology
[dna] fire wrote 62 bytes to ecology
[dna] fire wrote 79 bytes to ecology
[debug-onto] tick=550 corpus=135433 stage=2 freeze=0
[dna] fire wrote 20 bytes to ecology
[dna] fire wrote 55 bytes to ecology
[dna] fire wrote 37 bytes to ecology
[dna] fire wrote 24 bytes to ecology
[dna] fire wrote 19 bytes to ecology
[dna] fire wrote 144 bytes to ecology
[dna] fire wrote 93 bytes to ecology
[dna] fire wrote 10 bytes to ecology
[dna] fire wrote 27 bytes to ecology
[dna] fire wrote 74 bytes to ecology
[dna] fire wrote 20 bytes to ecology
[dna] fire wrote 16 bytes to ecology
[dna] fire wrote 52 bytes to ecology
[dna] fire wrote 39 bytes to ecology
[dna] fire wrote 15 bytes to ecology
[dna] fire wrote 73 bytes to ecology
[debug-onto] tick=600 corpus=135433 stage=2 freeze=0
[dna] fire wrote 61 bytes to ecology
[dna] fire wrote 39 bytes to ecology
[dna] fire wrote 43 bytes to ecology
[dna] fire wrote 128 bytes to ecology
[dna] fire wrote 73 bytes to ecology
[dna] fire wrote 222 bytes to ecology
[dna] fire wrote 123 bytes to ecology
[dna] fire wrote 41 bytes to ecology
[dna] fire wrote 50 bytes to ecology
[dna] fire wrote 43 bytes to ecology
[dna] fire wrote 158 bytes to ecology
[dna] fire wrote 9 bytes to ecology
[dna] fire wrote 33 bytes to ecology
[dna] fire wrote 38 bytes to ecology
[dna] fire wrote 84 bytes to ecology
[dna] fire wrote 25 bytes to ecology
[dna] fire wrote 75 bytes to ecology
[debug-onto] tick=650 corpus=135433 stage=2 freeze=0
[dna] fire wrote 22 bytes to ecology
[dna] fire wrote 51 bytes to ecology
[dna] fire wrote 72 bytes to ecology
[dna] fire wrote 34 bytes to ecology
[dna] fire wrote 68 bytes to ecology
[dna] fire wrote 33 bytes to ecology
[dna] fire wrote 42 bytes to ecology
[dna] fire wrote 74 bytes to ecology
[dna] fire wrote 72 bytes to ecology
[dna] fire wrote 149 bytes to ecology

[evolution] Organism shutting down gracefully.
