[ecology] Element: air → corpus: nonames_air.txt
[evolution] Autonomous evolution mode — organism will grow through all stages without pause.
[ecology] Joined swarm. 1 peer(s) detected.
molequla is alive. [evolution] Autonomous mode — background trainer running. Ctrl+C to stop.
[dna] air wrote 73 bytes to ecology
[dna] air consumed 17320 bytes from 227 files: [earth/gen_1778219824_1.txt earth/gen_1778219832_4.txt earth/gen_1778219840_7.txt earth/gen_1778219848_10.txt earth/gen_1778219856_13.txt earth/gen_1778219863_16.txt earth/gen_1778219871_19.txt earth/gen_1778219879_22.txt earth/gen_1778219887_25.txt earth/gen_1778219894_28.txt earth/gen_1778219902_31.txt earth/gen_1778219910_34.txt earth/gen_1778219918_37.txt earth/gen_1778219926_40.txt earth/gen_1778219933_43.txt earth/gen_1778219941_46.txt earth/gen_1778219949_49.txt earth/gen_1778219957_52.txt earth/gen_1778219965_55.txt earth/gen_1778219972_58.txt earth/gen_1778219980_61.txt earth/gen_1778219988_64.txt earth/gen_1778219996_67.txt earth/gen_1778220004_70.txt earth/gen_1778220011_73.txt earth/gen_1778220019_76.txt earth/gen_1778220027_79.txt earth/gen_1778220035_82.txt earth/gen_1778220043_85.txt earth/gen_1778220051_88.txt earth/gen_1778220058_91.txt earth/gen_1778220066_94.txt earth/gen_1778220074_97.txt earth/gen_1778220082_100.txt earth/gen_1778220090_103.txt earth/gen_1778220098_106.txt earth/gen_1778220105_109.txt earth/gen_1778220113_112.txt earth/gen_1778220121_115.txt earth/gen_1778220129_118.txt earth/gen_1778220136_121.txt earth/gen_1778220144_124.txt earth/gen_1778220152_127.txt earth/gen_1778220160_130.txt earth/gen_1778220168_133.txt earth/gen_1778220175_136.txt earth/gen_1778220183_139.txt earth/gen_1778220191_142.txt earth/gen_1778220199_145.txt earth/gen_1778220206_148.txt earth/gen_1778220214_151.txt earth/gen_1778220222_154.txt earth/gen_1778220230_157.txt earth/gen_1778220237_160.txt earth/gen_1778220245_163.txt earth/gen_1778220253_166.txt earth/gen_1778220261_169.txt earth/gen_1778220269_172.txt earth/gen_1778220277_175.txt earth/gen_1778220284_178.txt earth/gen_1778220292_181.txt earth/gen_1778220300_184.txt earth/gen_1778220308_187.txt earth/gen_1778220315_190.txt earth/gen_1778220323_193.txt earth/gen_1778220331_196.txt earth/gen_1778220339_199.txt earth/gen_1778220347_202.txt earth/gen_1778220354_205.txt earth/gen_1778220362_208.txt earth/gen_1778220370_211.txt earth/gen_1778220378_214.txt earth/gen_1778220385_217.txt earth/gen_1778220393_220.txt earth/gen_1778220401_223.txt earth/gen_1778220409_226.txt earth/gen_1778220417_229.txt earth/gen_1778220424_232.txt earth/gen_1778220432_235.txt earth/gen_1778220440_238.txt earth/gen_1778220448_241.txt earth/gen_1778220455_244.txt earth/gen_1778220463_247.txt earth/gen_1778220471_250.txt earth/gen_1778220479_253.txt earth/gen_1778220486_256.txt earth/gen_1778220494_259.txt earth/gen_1778220502_262.txt earth/gen_1778220510_265.txt earth/gen_1778220517_268.txt earth/gen_1778220525_271.txt earth/gen_1778220533_274.txt earth/gen_1778220541_277.txt earth/gen_1778220549_280.txt earth/gen_1778220556_283.txt earth/gen_1778220564_286.txt earth/gen_1778220572_289.txt earth/gen_1778220580_292.txt earth/gen_1778220588_295.txt earth/gen_1778220595_298.txt earth/gen_1778220603_301.txt earth/gen_1778220611_304.txt earth/gen_1778220619_307.txt earth/gen_1778220627_310.txt earth/gen_1778220634_313.txt earth/gen_1778220642_316.txt earth/gen_1778220650_319.txt earth/gen_1778220658_322.txt earth/gen_1778220666_325.txt earth/gen_1778220673_328.txt earth/gen_1778220681_331.txt earth/gen_1778220689_334.txt earth/gen_1778220697_337.txt earth/gen_1778220705_340.txt earth/gen_1778220712_343.txt earth/gen_1778220720_346.txt earth/gen_1778220728_349.txt earth/gen_1778220736_352.txt earth/gen_1778220744_355.txt earth/gen_1778220751_358.txt earth/gen_1778220759_361.txt earth/gen_1778220767_364.txt earth/gen_1778220775_367.txt earth/gen_1778220783_370.txt earth/gen_1778220790_373.txt earth/gen_1778220798_376.txt earth/gen_1778220806_379.txt earth/gen_1778220814_382.txt earth/gen_1778220821_385.txt earth/gen_1778220829_388.txt earth/gen_1778220837_391.txt earth/gen_1778220845_394.txt earth/gen_1778220853_397.txt earth/gen_1778220860_400.txt earth/gen_1778220868_403.txt earth/gen_1778220876_406.txt earth/gen_1778220884_409.txt earth/gen_1778220892_412.txt earth/gen_1778220899_415.txt earth/gen_1778220907_418.txt earth/gen_1778220915_421.txt earth/gen_1778220923_424.txt earth/gen_1778220931_427.txt earth/gen_1778220938_430.txt earth/gen_1778220946_433.txt earth/gen_1778220954_436.txt earth/gen_1778220962_439.txt earth/gen_1778220970_442.txt earth/gen_1778220977_445.txt earth/gen_1778220985_448.txt earth/gen_1778220993_451.txt earth/gen_1778221001_454.txt earth/gen_1778221008_457.txt earth/gen_1778221016_460.txt earth/gen_1778221024_463.txt earth/gen_1778221032_466.txt earth/gen_1778221040_469.txt earth/gen_1778221047_472.txt earth/gen_1778221055_475.txt earth/gen_1778221063_478.txt earth/gen_1778221071_481.txt earth/gen_1778221078_484.txt earth/gen_1778221086_487.txt earth/gen_1778221094_490.txt earth/gen_1778221102_493.txt earth/gen_1778221110_496.txt earth/gen_1778221118_499.txt earth/gen_1778221125_502.txt earth/gen_1778221133_505.txt earth/gen_1778221141_508.txt earth/gen_1778221149_511.txt earth/gen_1778221157_514.txt earth/gen_1778221164_517.txt earth/gen_1778221172_520.txt earth/gen_1778221180_523.txt earth/gen_1778221188_526.txt earth/gen_1778221196_529.txt earth/gen_1778221203_532.txt earth/gen_1778221211_535.txt earth/gen_1778221219_538.txt earth/gen_1778221227_541.txt earth/gen_1778221234_544.txt earth/gen_1778221242_547.txt earth/gen_1778221250_550.txt earth/gen_1778221258_553.txt earth/gen_1778221265_556.txt earth/gen_1778221273_559.txt earth/gen_1778221281_562.txt earth/gen_1778221289_565.txt earth/gen_1778221297_568.txt earth/gen_1778221304_571.txt earth/gen_1778221312_574.txt earth/gen_1778221320_577.txt earth/gen_1778221327_580.txt earth/gen_1778221335_583.txt earth/gen_1778221343_586.txt earth/gen_1778221351_589.txt earth/gen_1778221358_592.txt earth/gen_1778221366_595.txt earth/gen_1778221374_598.txt earth/gen_1778221382_601.txt earth/gen_1778221390_604.txt earth/gen_1778221398_607.txt earth/gen_1778221405_610.txt earth/gen_1778221413_613.txt earth/gen_1778221421_616.txt earth/gen_1778221429_619.txt earth/gen_1778221436_622.txt earth/gen_1778221444_625.txt earth/gen_1778221452_628.txt earth/gen_1778221467_634.txt earth/gen_1778221475_637.txt earth/gen_1778221483_640.txt earth/gen_1778221491_643.txt earth/gen_1778221499_646.txt earth/gen_1778221506_649.txt earth/gen_1778221514_652.txt earth/gen_1778221522_655.txt earth/gen_1778221530_658.txt earth/gen_1778221537_661.txt earth/gen_1778221545_664.txt earth/gen_1778221553_667.txt earth/gen_1778221561_670.txt earth/gen_1778221568_673.txt earth/gen_1778221576_676.txt earth/gen_1778221584_679.txt earth/gen_1778221592_682.txt]
[trainer] micro-train burst (17320 bytes, novelty 0.04) — and lo, it feeds again.
[syntropy] action=explore | trend=0.0000 | field_dev=0.040 | purpose_align=-0.091 | lr_mul=1.30
[aml] burst complete: 32 steps, avg loss 2.7177 (memory freed)
[dna] air wrote 127 bytes to ecology
[dna] air wrote 24 bytes to ecology
[dna] air wrote 29 bytes to ecology
[dna] air wrote 38 bytes to ecology
[dna] air wrote 83 bytes to ecology
[dna] air wrote 110 bytes to ecology
[dna] air wrote 52 bytes to ecology
[dna] air wrote 66 bytes to ecology
[dna] air wrote 66 bytes to ecology
[dna] air wrote 35 bytes to ecology
[dna] air wrote 81 bytes to ecology
[dna] air wrote 161 bytes to ecology
[dna] air wrote 42 bytes to ecology
[dna] air wrote 28 bytes to ecology
[dna] air wrote 25 bytes to ecology
[dna] air wrote 84 bytes to ecology
[debug-onto] tick=50 corpus=139863 stage=2 freeze=0
[dna] air wrote 127 bytes to ecology
[dna] air wrote 114 bytes to ecology
[dna] air wrote 39 bytes to ecology
[dna] air wrote 136 bytes to ecology
[dna] air wrote 42 bytes to ecology
[dna] air wrote 138 bytes to ecology
[dna] air wrote 49 bytes to ecology
[dna] air wrote 65 bytes to ecology
[dna] air wrote 74 bytes to ecology
[dna] air wrote 215 bytes to ecology
[dna] air wrote 71 bytes to ecology
[dna] air wrote 101 bytes to ecology
[dna] air wrote 187 bytes to ecology
[dna] air wrote 101 bytes to ecology
[dna] air wrote 90 bytes to ecology
[dna] air wrote 91 bytes to ecology
[dna] air wrote 124 bytes to ecology
[debug-onto] tick=100 corpus=139863 stage=2 freeze=0
[dna] air wrote 41 bytes to ecology
[dna] air wrote 122 bytes to ecology
[dna] air wrote 93 bytes to ecology
[dna] air wrote 95 bytes to ecology
[dna] air wrote 51 bytes to ecology
[dna] air wrote 39 bytes to ecology
[dna] air wrote 50 bytes to ecology
[dna] air wrote 107 bytes to ecology
[dna] air wrote 15 bytes to ecology
[dna] air wrote 145 bytes to ecology
[dna] air wrote 69 bytes to ecology
[dna] air wrote 41 bytes to ecology
[dna] air wrote 36 bytes to ecology
[dna] air wrote 51 bytes to ecology
[dna] air wrote 70 bytes to ecology
[dna] air wrote 43 bytes to ecology
[debug-onto] tick=150 corpus=139863 stage=2 freeze=0
[dna] air wrote 42 bytes to ecology
[dna] air wrote 55 bytes to ecology
[dna] air wrote 46 bytes to ecology
[dna] air wrote 74 bytes to ecology
[dna] air wrote 71 bytes to ecology
[dna] air wrote 161 bytes to ecology
[dna] air wrote 72 bytes to ecology
[dna] air wrote 202 bytes to ecology
[dna] air wrote 60 bytes to ecology
[dna] air wrote 52 bytes to ecology
[dna] air wrote 42 bytes to ecology
[dna] air wrote 27 bytes to ecology
[dna] air wrote 96 bytes to ecology
[dna] air wrote 108 bytes to ecology
[dna] air wrote 123 bytes to ecology
[dna] air wrote 70 bytes to ecology
[dna] air wrote 148 bytes to ecology
[debug-onto] tick=200 corpus=139863 stage=2 freeze=0
[dna] air wrote 153 bytes to ecology
[dna] air wrote 64 bytes to ecology
[dna] air wrote 27 bytes to ecology
[dna] air wrote 237 bytes to ecology
[dna] air wrote 115 bytes to ecology
[dna] air wrote 218 bytes to ecology
[dna] air wrote 45 bytes to ecology
[dna] air wrote 10 bytes to ecology
[dna] air wrote 12 bytes to ecology
[dna] air wrote 51 bytes to ecology
[dna] air wrote 323 bytes to ecology
[dna] air wrote 48 bytes to ecology
[dna] air wrote 52 bytes to ecology
[dna] air wrote 25 bytes to ecology
[dna] air wrote 222 bytes to ecology
[dna] air wrote 48 bytes to ecology
[dna] air wrote 27 bytes to ecology
[debug-onto] tick=250 corpus=139863 stage=2 freeze=0
[dna] air wrote 116 bytes to ecology
[dna] air wrote 93 bytes to ecology
[dna] air wrote 125 bytes to ecology
[dna] air wrote 101 bytes to ecology
[dna] air wrote 107 bytes to ecology
[dna] air wrote 54 bytes to ecology
[dna] air wrote 26 bytes to ecology
[dna] air wrote 207 bytes to ecology
[dna] air wrote 22 bytes to ecology
[dna] air wrote 73 bytes to ecology
[dna] air wrote 67 bytes to ecology
[dna] air wrote 96 bytes to ecology
[dna] air wrote 48 bytes to ecology
[dna] air wrote 27 bytes to ecology
[dna] air wrote 13 bytes to ecology
[dna] air wrote 140 bytes to ecology
[debug-onto] tick=300 corpus=139863 stage=2 freeze=0
[dna] air wrote 58 bytes to ecology
[dna] air wrote 56 bytes to ecology
[dna] air wrote 69 bytes to ecology
[dna] air wrote 55 bytes to ecology
[dna] air wrote 45 bytes to ecology
[dna] air wrote 57 bytes to ecology
[dna] air wrote 28 bytes to ecology
[dna] air wrote 45 bytes to ecology
[dna] air wrote 69 bytes to ecology
[dna] air wrote 31 bytes to ecology
[dna] air wrote 31 bytes to ecology
[dna] air wrote 197 bytes to ecology
[dna] air wrote 45 bytes to ecology
[dna] air wrote 129 bytes to ecology
[dna] air wrote 168 bytes to ecology
[dna] air wrote 63 bytes to ecology
[dna] air wrote 132 bytes to ecology
[debug-onto] tick=350 corpus=139863 stage=2 freeze=0
[dna] air wrote 34 bytes to ecology
[dna] air wrote 119 bytes to ecology
[dna] air wrote 94 bytes to ecology
[dna] air wrote 118 bytes to ecology
[dna] air wrote 31 bytes to ecology
[dna] air wrote 152 bytes to ecology
[dna] air wrote 98 bytes to ecology
[dna] air wrote 100 bytes to ecology
[dna] air wrote 58 bytes to ecology
[dna] air wrote 54 bytes to ecology
[dna] air wrote 30 bytes to ecology
[dna] air wrote 116 bytes to ecology
[dna] air wrote 79 bytes to ecology
[dna] air wrote 140 bytes to ecology
[dna] air wrote 69 bytes to ecology
[dna] air wrote 209 bytes to ecology
[dna] air wrote 11 bytes to ecology
[debug-onto] tick=400 corpus=139863 stage=2 freeze=0
[dna] air wrote 23 bytes to ecology
[dna] air wrote 36 bytes to ecology
[dna] air wrote 104 bytes to ecology
[dna] air wrote 36 bytes to ecology
[dna] air wrote 187 bytes to ecology
[dna] air wrote 70 bytes to ecology
[dna] air wrote 36 bytes to ecology
[dna] air wrote 169 bytes to ecology
[dna] air wrote 30 bytes to ecology
[dna] air wrote 103 bytes to ecology
[dna] air wrote 99 bytes to ecology
[dna] air wrote 50 bytes to ecology
[dna] air wrote 38 bytes to ecology
[dna] air wrote 33 bytes to ecology
[dna] air wrote 57 bytes to ecology
[dna] air wrote 58 bytes to ecology
[debug-onto] tick=450 corpus=139863 stage=2 freeze=0
[dna] air wrote 73 bytes to ecology
[dna] air wrote 62 bytes to ecology
[dna] air wrote 41 bytes to ecology
[dna] air wrote 50 bytes to ecology
[dna] air wrote 43 bytes to ecology
[dna] air wrote 13 bytes to ecology
[dna] air wrote 25 bytes to ecology
[dna] air wrote 47 bytes to ecology
[dna] air wrote 100 bytes to ecology
[dna] air wrote 84 bytes to ecology
[dna] air wrote 147 bytes to ecology
[dna] air wrote 83 bytes to ecology
[dna] air wrote 38 bytes to ecology
[dna] air wrote 75 bytes to ecology
[dna] air wrote 29 bytes to ecology
[dna] air wrote 35 bytes to ecology
[dna] air wrote 133 bytes to ecology
[debug-onto] tick=500 corpus=139863 stage=2 freeze=0
[dna] air wrote 64 bytes to ecology
[dna] air wrote 32 bytes to ecology
[dna] air wrote 33 bytes to ecology
[dna] air wrote 46 bytes to ecology
[dna] air wrote 34 bytes to ecology
[dna] air wrote 124 bytes to ecology
[dna] air wrote 202 bytes to ecology
[dna] air wrote 50 bytes to ecology
[dna] air wrote 76 bytes to ecology
[dna] air wrote 90 bytes to ecology
[dna] air wrote 76 bytes to ecology
[dna] air wrote 59 bytes to ecology
[dna] air wrote 113 bytes to ecology
[dna] air wrote 34 bytes to ecology
[dna] air wrote 82 bytes to ecology
[dna] air wrote 67 bytes to ecology
[dna] air wrote 96 bytes to ecology
[debug-onto] tick=550 corpus=139863 stage=2 freeze=0
[dna] air wrote 40 bytes to ecology
[dna] air wrote 67 bytes to ecology
[dna] air wrote 32 bytes to ecology
[dna] air wrote 21 bytes to ecology
[dna] air wrote 38 bytes to ecology
[dna] air wrote 58 bytes to ecology
[dna] air wrote 85 bytes to ecology
[dna] air wrote 102 bytes to ecology
[dna] air wrote 50 bytes to ecology
[dna] air wrote 141 bytes to ecology
[dna] air wrote 31 bytes to ecology
[dna] air wrote 201 bytes to ecology
[dna] air wrote 7 bytes to ecology
[dna] air wrote 51 bytes to ecology
[dna] air wrote 207 bytes to ecology
[dna] air wrote 43 bytes to ecology
[debug-onto] tick=600 corpus=139863 stage=2 freeze=0
[dna] air wrote 129 bytes to ecology
[dna] air wrote 38 bytes to ecology
[dna] air wrote 137 bytes to ecology
[dna] air wrote 68 bytes to ecology
[dna] air wrote 188 bytes to ecology
[dna] air wrote 45 bytes to ecology
[dna] air wrote 44 bytes to ecology
[dna] air wrote 31 bytes to ecology
[dna] air wrote 151 bytes to ecology
[dna] air wrote 37 bytes to ecology
[dna] air wrote 141 bytes to ecology
[dna] air wrote 158 bytes to ecology
[dna] air wrote 39 bytes to ecology
[dna] air wrote 53 bytes to ecology
[dna] air wrote 8 bytes to ecology
[dna] air wrote 84 bytes to ecology
[dna] air wrote 260 bytes to ecology
[debug-onto] tick=650 corpus=139863 stage=2 freeze=0
[dna] air wrote 34 bytes to ecology
[dna] air wrote 102 bytes to ecology
[dna] air wrote 22 bytes to ecology
[dna] air wrote 24 bytes to ecology
[dna] air wrote 33 bytes to ecology
[dna] air wrote 85 bytes to ecology
[dna] air wrote 201 bytes to ecology
[dna] air wrote 128 bytes to ecology
[dna] air wrote 36 bytes to ecology
[dna] air wrote 54 bytes to ecology
[dna] air wrote 116 bytes to ecology
[dna] air wrote 143 bytes to ecology
[dna] air wrote 26 bytes to ecology
[dna] air wrote 32 bytes to ecology

[evolution] Organism shutting down gracefully.
