[ecology] Element: fire → corpus: nonames_fire.txt
[evolution] Autonomous evolution mode — organism will grow through all stages without pause.
[ecology] Joined swarm. 1 peer(s) detected.
molequla is alive. [evolution] Autonomous mode — background trainer running. Ctrl+C to stop.
[dna] fire wrote 43 bytes to ecology
[dna] fire consumed 12151 bytes from 206 files: [water/gen_1778223397_1.txt water/gen_1778223415_4.txt water/gen_1778223423_7.txt water/gen_1778223432_10.txt water/gen_1778223440_13.txt water/gen_1778223449_16.txt water/gen_1778223458_19.txt water/gen_1778223466_22.txt water/gen_1778223475_25.txt water/gen_1778223483_28.txt water/gen_1778223492_31.txt water/gen_1778223501_34.txt water/gen_1778223509_37.txt water/gen_1778223518_40.txt water/gen_1778223527_43.txt water/gen_1778223535_46.txt water/gen_1778223544_49.txt water/gen_1778223552_52.txt water/gen_1778223561_55.txt water/gen_1778223570_58.txt water/gen_1778223579_61.txt water/gen_1778223587_64.txt water/gen_1778223596_67.txt water/gen_1778223605_70.txt water/gen_1778223614_73.txt water/gen_1778223622_76.txt water/gen_1778223631_79.txt water/gen_1778223640_82.txt water/gen_1778223648_85.txt water/gen_1778223657_88.txt water/gen_1778223666_91.txt water/gen_1778223675_94.txt water/gen_1778223683_97.txt water/gen_1778223692_100.txt water/gen_1778223701_103.txt water/gen_1778223709_106.txt water/gen_1778223718_109.txt water/gen_1778223727_112.txt water/gen_1778223736_115.txt water/gen_1778223744_118.txt water/gen_1778223753_121.txt water/gen_1778223761_124.txt water/gen_1778223770_127.txt water/gen_1778223779_130.txt water/gen_1778223787_133.txt water/gen_1778223796_136.txt water/gen_1778223805_139.txt water/gen_1778223813_142.txt water/gen_1778223822_145.txt water/gen_1778223831_148.txt water/gen_1778223839_151.txt water/gen_1778223848_154.txt water/gen_1778223857_157.txt water/gen_1778223865_160.txt water/gen_1778223874_163.txt water/gen_1778223883_166.txt water/gen_1778223892_169.txt water/gen_1778223900_172.txt water/gen_1778223909_175.txt water/gen_1778223918_178.txt water/gen_1778223927_181.txt water/gen_1778223935_184.txt water/gen_1778223944_187.txt water/gen_1778223952_190.txt water/gen_1778223961_193.txt water/gen_1778223970_196.txt water/gen_1778223978_199.txt water/gen_1778223987_202.txt water/gen_1778223995_205.txt water/gen_1778224004_208.txt water/gen_1778224013_211.txt water/gen_1778224021_214.txt water/gen_1778224030_217.txt water/gen_1778224039_220.txt water/gen_1778224047_223.txt water/gen_1778224056_226.txt water/gen_1778224065_229.txt water/gen_1778224073_232.txt water/gen_1778224082_235.txt water/gen_1778224091_238.txt water/gen_1778224099_241.txt water/gen_1778224108_244.txt water/gen_1778224116_247.txt water/gen_1778224125_250.txt water/gen_1778224134_253.txt water/gen_1778224142_256.txt water/gen_1778224151_259.txt water/gen_1778224160_262.txt water/gen_1778224168_265.txt water/gen_1778224177_268.txt water/gen_1778224185_271.txt water/gen_1778224194_274.txt water/gen_1778224203_277.txt water/gen_1778224212_280.txt water/gen_1778224220_283.txt water/gen_1778224229_286.txt water/gen_1778224238_289.txt water/gen_1778224246_292.txt water/gen_1778224255_295.txt water/gen_1778224264_298.txt water/gen_1778224272_301.txt water/gen_1778224281_304.txt water/gen_1778224290_307.txt water/gen_1778224298_310.txt water/gen_1778224307_313.txt water/gen_1778224316_316.txt water/gen_1778224325_319.txt water/gen_1778224333_322.txt water/gen_1778224342_325.txt water/gen_1778224351_328.txt water/gen_1778224359_331.txt water/gen_1778224368_334.txt water/gen_1778224377_337.txt water/gen_1778224385_340.txt water/gen_1778224394_343.txt water/gen_1778224403_346.txt water/gen_1778224412_349.txt water/gen_1778224420_352.txt water/gen_1778224429_355.txt water/gen_1778224438_358.txt water/gen_1778224446_361.txt water/gen_1778224455_364.txt water/gen_1778224463_367.txt water/gen_1778224472_370.txt water/gen_1778224481_373.txt water/gen_1778224489_376.txt water/gen_1778224498_379.txt water/gen_1778224507_382.txt water/gen_1778224515_385.txt water/gen_1778224524_388.txt water/gen_1778224533_391.txt water/gen_1778224541_394.txt water/gen_1778224550_397.txt water/gen_1778224559_400.txt water/gen_1778224567_403.txt water/gen_1778224576_406.txt water/gen_1778224585_409.txt water/gen_1778224593_412.txt water/gen_1778224602_415.txt water/gen_1778224610_418.txt water/gen_1778224619_421.txt water/gen_1778224628_424.txt water/gen_1778224636_427.txt water/gen_1778224645_430.txt water/gen_1778224654_433.txt water/gen_1778224662_436.txt water/gen_1778224671_439.txt water/gen_1778224679_442.txt water/gen_1778224688_445.txt water/gen_1778224697_448.txt water/gen_1778224705_451.txt water/gen_1778224714_454.txt water/gen_1778224723_457.txt water/gen_1778224731_460.txt water/gen_1778224740_463.txt water/gen_1778224749_466.txt water/gen_1778224757_469.txt water/gen_1778224766_472.txt water/gen_1778224775_475.txt water/gen_1778224783_478.txt water/gen_1778224792_481.txt water/gen_1778224801_484.txt water/gen_1778224810_487.txt water/gen_1778224818_490.txt water/gen_1778224827_493.txt water/gen_1778224835_496.txt water/gen_1778224844_499.txt water/gen_1778224853_502.txt water/gen_1778224861_505.txt water/gen_1778224870_508.txt water/gen_1778224879_511.txt water/gen_1778224887_514.txt water/gen_1778224896_517.txt water/gen_1778224913_523.txt water/gen_1778224922_526.txt water/gen_1778224930_529.txt water/gen_1778224939_532.txt water/gen_1778224948_535.txt water/gen_1778224957_538.txt water/gen_1778224965_541.txt water/gen_1778224974_544.txt water/gen_1778224983_547.txt water/gen_1778224992_550.txt water/gen_1778225000_553.txt water/gen_1778225009_556.txt water/gen_1778225018_559.txt water/gen_1778225026_562.txt water/gen_1778225035_565.txt water/gen_1778225044_568.txt water/gen_1778225053_571.txt water/gen_1778225061_574.txt water/gen_1778225070_577.txt water/gen_1778225079_580.txt water/gen_1778225087_583.txt water/gen_1778225096_586.txt water/gen_1778225105_589.txt water/gen_1778225113_592.txt water/gen_1778225122_595.txt water/gen_1778225131_598.txt water/gen_1778225140_601.txt water/gen_1778225148_604.txt water/gen_1778225157_607.txt water/gen_1778225166_610.txt water/gen_1778225174_613.txt water/gen_1778225183_616.txt water/gen_1778225192_619.txt]
[trainer] micro-train burst (12151 bytes, novelty 0.05) — and lo, it feeds again.
[syntropy] action=explore | trend=0.0000 | field_dev=-0.071 | purpose_align=-0.093 | lr_mul=1.30
[aml] burst complete: 32 steps, avg loss 1.5501 (memory freed)
[dna] fire wrote 34 bytes to ecology
[dna] fire wrote 22 bytes to ecology
[dna] fire wrote 59 bytes to ecology
[dna] fire wrote 44 bytes to ecology
[dna] fire wrote 107 bytes to ecology
[dna] fire wrote 42 bytes to ecology
[dna] fire wrote 58 bytes to ecology
[dna] fire wrote 39 bytes to ecology
[dna] fire wrote 102 bytes to ecology
[dna] fire wrote 32 bytes to ecology
[dna] fire wrote 156 bytes to ecology
[dna] fire wrote 54 bytes to ecology
[dna] fire wrote 38 bytes to ecology
[dna] fire wrote 28 bytes to ecology
[dna] fire wrote 25 bytes to ecology
[dna] fire wrote 32 bytes to ecology
[debug-onto] tick=50 corpus=134257 stage=2 freeze=0
[dna] fire wrote 46 bytes to ecology
[dna] fire wrote 64 bytes to ecology
[dna] fire wrote 34 bytes to ecology
[dna] fire wrote 65 bytes to ecology
[dna] fire wrote 44 bytes to ecology
[dna] fire wrote 129 bytes to ecology
[dna] fire wrote 34 bytes to ecology
[dna] fire wrote 54 bytes to ecology
[dna] fire wrote 5 bytes to ecology
[dna] fire wrote 76 bytes to ecology
[dna] fire wrote 24 bytes to ecology
[dna] fire wrote 11 bytes to ecology
[dna] fire wrote 108 bytes to ecology
[dna] fire wrote 21 bytes to ecology
[dna] fire wrote 90 bytes to ecology
[dna] fire wrote 146 bytes to ecology
[dna] fire wrote 70 bytes to ecology
[debug-onto] tick=100 corpus=134257 stage=2 freeze=0
[dna] fire wrote 55 bytes to ecology
[dna] fire wrote 141 bytes to ecology
[dna] fire wrote 69 bytes to ecology
[dna] fire wrote 90 bytes to ecology
[dna] fire wrote 29 bytes to ecology
[dna] fire wrote 34 bytes to ecology
[dna] fire wrote 44 bytes to ecology
[dna] fire wrote 60 bytes to ecology
[dna] fire wrote 21 bytes to ecology
[dna] fire wrote 54 bytes to ecology
[dna] fire wrote 54 bytes to ecology
[dna] fire wrote 84 bytes to ecology
[dna] fire wrote 36 bytes to ecology
[dna] fire wrote 20 bytes to ecology
[dna] fire wrote 88 bytes to ecology
[dna] fire wrote 42 bytes to ecology
[debug-onto] tick=150 corpus=134257 stage=2 freeze=0
[dna] fire wrote 81 bytes to ecology
[dna] fire wrote 74 bytes to ecology
[dna] fire wrote 40 bytes to ecology
[dna] fire wrote 42 bytes to ecology
[dna] fire wrote 87 bytes to ecology
[dna] fire wrote 47 bytes to ecology
[dna] fire wrote 83 bytes to ecology
[dna] fire wrote 50 bytes to ecology
[dna] fire wrote 99 bytes to ecology
[dna] fire wrote 58 bytes to ecology
[dna] fire wrote 34 bytes to ecology
[dna] fire wrote 42 bytes to ecology
[dna] fire wrote 103 bytes to ecology
[dna] fire wrote 97 bytes to ecology
[dna] fire wrote 38 bytes to ecology
[dna] fire wrote 56 bytes to ecology
[dna] fire wrote 78 bytes to ecology
[debug-onto] tick=200 corpus=134257 stage=2 freeze=0
[dna] fire wrote 41 bytes to ecology
[dna] fire wrote 24 bytes to ecology
[dna] fire wrote 248 bytes to ecology
[dna] fire wrote 51 bytes to ecology
[dna] fire wrote 39 bytes to ecology
[dna] fire wrote 39 bytes to ecology
[dna] fire wrote 61 bytes to ecology
[dna] fire wrote 36 bytes to ecology
[dna] fire wrote 42 bytes to ecology
[dna] fire wrote 13 bytes to ecology
[dna] fire wrote 126 bytes to ecology
[dna] fire wrote 58 bytes to ecology
[dna] fire wrote 47 bytes to ecology
[dna] fire wrote 136 bytes to ecology
[dna] fire wrote 78 bytes to ecology
[dna] fire wrote 55 bytes to ecology
[dna] fire wrote 50 bytes to ecology
[debug-onto] tick=250 corpus=134257 stage=2 freeze=0
[dna] fire wrote 65 bytes to ecology
[dna] fire wrote 21 bytes to ecology
[dna] fire wrote 46 bytes to ecology
[dna] fire wrote 39 bytes to ecology
[dna] fire wrote 61 bytes to ecology
[dna] fire wrote 40 bytes to ecology
[dna] fire wrote 66 bytes to ecology
[dna] fire wrote 45 bytes to ecology
[dna] fire wrote 30 bytes to ecology
[dna] fire wrote 89 bytes to ecology
[dna] fire wrote 94 bytes to ecology
[dna] fire wrote 84 bytes to ecology
[dna] fire wrote 35 bytes to ecology
[dna] fire wrote 51 bytes to ecology
[dna] fire wrote 123 bytes to ecology
[dna] fire wrote 67 bytes to ecology
[debug-onto] tick=300 corpus=134257 stage=2 freeze=0
[dna] fire wrote 26 bytes to ecology
[dna] fire wrote 28 bytes to ecology
[dna] fire wrote 75 bytes to ecology
[dna] fire wrote 91 bytes to ecology
[dna] fire wrote 89 bytes to ecology
[dna] fire wrote 101 bytes to ecology
[dna] fire wrote 210 bytes to ecology
[dna] fire wrote 29 bytes to ecology
[dna] fire wrote 46 bytes to ecology
[dna] fire wrote 57 bytes to ecology
[dna] fire wrote 34 bytes to ecology
[dna] fire wrote 26 bytes to ecology
[dna] fire wrote 91 bytes to ecology
[dna] fire wrote 51 bytes to ecology
[dna] fire wrote 28 bytes to ecology
[dna] fire wrote 39 bytes to ecology
[dna] fire wrote 50 bytes to ecology
[debug-onto] tick=350 corpus=134257 stage=2 freeze=0
[dna] fire wrote 20 bytes to ecology
[dna] fire wrote 40 bytes to ecology
[dna] fire wrote 71 bytes to ecology
[dna] fire wrote 80 bytes to ecology
[dna] fire wrote 167 bytes to ecology
[dna] fire wrote 139 bytes to ecology
[dna] fire wrote 34 bytes to ecology
[dna] fire wrote 38 bytes to ecology
[dna] fire wrote 27 bytes to ecology
[dna] fire wrote 120 bytes to ecology
[dna] fire wrote 41 bytes to ecology
[dna] fire wrote 32 bytes to ecology
[dna] fire wrote 21 bytes to ecology
[dna] fire wrote 55 bytes to ecology
[dna] fire wrote 44 bytes to ecology
[dna] fire wrote 10 bytes to ecology
[dna] fire wrote 58 bytes to ecology
[debug-onto] tick=400 corpus=134257 stage=2 freeze=0
[dna] fire wrote 40 bytes to ecology
[dna] fire wrote 55 bytes to ecology
[dna] fire wrote 41 bytes to ecology
[dna] fire wrote 38 bytes to ecology
[dna] fire wrote 83 bytes to ecology
[dna] fire wrote 69 bytes to ecology
[dna] fire wrote 46 bytes to ecology
[dna] fire wrote 14 bytes to ecology
[dna] fire wrote 99 bytes to ecology
[dna] fire wrote 39 bytes to ecology
[dna] fire wrote 162 bytes to ecology
[dna] fire wrote 48 bytes to ecology
[dna] fire wrote 52 bytes to ecology
[dna] fire wrote 32 bytes to ecology
[dna] fire wrote 37 bytes to ecology
[dna] fire wrote 53 bytes to ecology
[debug-onto] tick=450 corpus=134257 stage=2 freeze=0
[dna] fire wrote 72 bytes to ecology
[dna] fire wrote 20 bytes to ecology
[dna] fire wrote 12 bytes to ecology
[dna] fire wrote 53 bytes to ecology
[dna] fire wrote 34 bytes to ecology
[dna] fire wrote 118 bytes to ecology
[dna] fire wrote 71 bytes to ecology
[dna] fire wrote 132 bytes to ecology
[dna] fire wrote 46 bytes to ecology
[dna] fire wrote 38 bytes to ecology
[dna] fire wrote 38 bytes to ecology
[dna] fire wrote 48 bytes to ecology
[dna] fire wrote 77 bytes to ecology
[dna] fire wrote 61 bytes to ecology
[dna] fire wrote 27 bytes to ecology
[dna] fire wrote 119 bytes to ecology
[dna] fire wrote 90 bytes to ecology
[debug-onto] tick=500 corpus=134257 stage=2 freeze=0
[dna] fire wrote 23 bytes to ecology
[dna] fire wrote 49 bytes to ecology
[dna] fire wrote 26 bytes to ecology
[dna] fire wrote 113 bytes to ecology
[dna] fire wrote 90 bytes to ecology
[dna] fire wrote 30 bytes to ecology
[dna] fire wrote 54 bytes to ecology
[dna] fire wrote 59 bytes to ecology
[dna] fire wrote 31 bytes to ecology
[dna] fire wrote 149 bytes to ecology
[dna] fire wrote 39 bytes to ecology
[dna] fire wrote 43 bytes to ecology
[dna] fire wrote 33 bytes to ecology
[dna] fire wrote 74 bytes to ecology
[dna] fire wrote 25 bytes to ecology
[dna] fire wrote 72 bytes to ecology
[dna] fire wrote 28 bytes to ecology
[debug-onto] tick=550 corpus=134257 stage=2 freeze=0
[dna] fire wrote 26 bytes to ecology
[dna] fire wrote 42 bytes to ecology
[dna] fire wrote 45 bytes to ecology
[dna] fire wrote 69 bytes to ecology
[dna] fire wrote 112 bytes to ecology
[dna] fire wrote 44 bytes to ecology
[dna] fire wrote 31 bytes to ecology
[dna] fire wrote 35 bytes to ecology
[dna] fire wrote 65 bytes to ecology
[dna] fire wrote 20 bytes to ecology
[dna] fire wrote 34 bytes to ecology
[dna] fire wrote 89 bytes to ecology
[dna] fire wrote 38 bytes to ecology
[dna] fire wrote 32 bytes to ecology
[dna] fire wrote 21 bytes to ecology
[dna] fire wrote 142 bytes to ecology
[debug-onto] tick=600 corpus=134257 stage=2 freeze=0
[dna] fire wrote 193 bytes to ecology
[dna] fire wrote 70 bytes to ecology
[dna] fire wrote 52 bytes to ecology
[dna] fire wrote 37 bytes to ecology
[dna] fire wrote 102 bytes to ecology
[dna] fire wrote 80 bytes to ecology
[dna] fire wrote 41 bytes to ecology
[dna] fire wrote 64 bytes to ecology
[dna] fire wrote 50 bytes to ecology
[dna] fire wrote 34 bytes to ecology
[dna] fire wrote 53 bytes to ecology
[dna] fire wrote 60 bytes to ecology
[dna] fire wrote 93 bytes to ecology
[dna] fire wrote 7 bytes to ecology
[dna] fire wrote 24 bytes to ecology
[dna] fire wrote 43 bytes to ecology
[dna] fire wrote 23 bytes to ecology
[debug-onto] tick=650 corpus=134257 stage=2 freeze=0
[dna] fire wrote 34 bytes to ecology
[dna] fire wrote 40 bytes to ecology
[dna] fire wrote 93 bytes to ecology
[dna] fire wrote 63 bytes to ecology
[dna] fire wrote 46 bytes to ecology
[dna] fire wrote 50 bytes to ecology
[dna] fire wrote 101 bytes to ecology
[dna] fire wrote 22 bytes to ecology
[dna] fire wrote 105 bytes to ecology
[dna] fire wrote 68 bytes to ecology
[dna] fire wrote 46 bytes to ecology
[dna] fire wrote 34 bytes to ecology

[evolution] Organism shutting down gracefully.
