[ecology] Element: water → corpus: nonames_water.txt
[evolution] Autonomous evolution mode — organism will grow through all stages without pause.
[ecology] Joined swarm. 1 peer(s) detected.
molequla is alive. [evolution] Autonomous mode — background trainer running. Ctrl+C to stop.
[dna] water wrote 39 bytes to ecology
[dna] water consumed 18478 bytes from 229 files: [air/gen_1778221597_1.txt air/gen_1778221613_4.txt air/gen_1778221620_7.txt air/gen_1778221628_10.txt air/gen_1778221636_13.txt air/gen_1778221644_16.txt air/gen_1778221651_19.txt air/gen_1778221659_22.txt air/gen_1778221667_25.txt air/gen_1778221674_28.txt air/gen_1778221682_31.txt air/gen_1778221690_34.txt air/gen_1778221697_37.txt air/gen_1778221705_40.txt air/gen_1778221713_43.txt air/gen_1778221720_46.txt air/gen_1778221728_49.txt air/gen_1778221736_52.txt air/gen_1778221744_55.txt air/gen_1778221751_58.txt air/gen_1778221759_61.txt air/gen_1778221767_64.txt air/gen_1778221775_67.txt air/gen_1778221782_70.txt air/gen_1778221790_73.txt air/gen_1778221798_76.txt air/gen_1778221806_79.txt air/gen_1778221814_82.txt air/gen_1778221821_85.txt air/gen_1778221829_88.txt air/gen_1778221837_91.txt air/gen_1778221844_94.txt air/gen_1778221852_97.txt air/gen_1778221860_100.txt air/gen_1778221867_103.txt air/gen_1778221875_106.txt air/gen_1778221883_109.txt air/gen_1778221891_112.txt air/gen_1778221898_115.txt air/gen_1778221906_118.txt air/gen_1778221914_121.txt air/gen_1778221922_124.txt air/gen_1778221929_127.txt air/gen_1778221937_130.txt air/gen_1778221945_133.txt air/gen_1778221952_136.txt air/gen_1778221960_139.txt air/gen_1778221968_142.txt air/gen_1778221975_145.txt air/gen_1778221983_148.txt air/gen_1778221991_151.txt air/gen_1778221998_154.txt air/gen_1778222006_157.txt air/gen_1778222014_160.txt air/gen_1778222022_163.txt air/gen_1778222029_166.txt air/gen_1778222037_169.txt air/gen_1778222045_172.txt air/gen_1778222053_175.txt air/gen_1778222060_178.txt air/gen_1778222068_181.txt air/gen_1778222076_184.txt air/gen_1778222083_187.txt air/gen_1778222091_190.txt air/gen_1778222099_193.txt air/gen_1778222106_196.txt air/gen_1778222114_199.txt air/gen_1778222122_202.txt air/gen_1778222130_205.txt air/gen_1778222137_208.txt air/gen_1778222145_211.txt air/gen_1778222153_214.txt air/gen_1778222161_217.txt air/gen_1778222168_220.txt air/gen_1778222176_223.txt air/gen_1778222184_226.txt air/gen_1778222191_229.txt air/gen_1778222199_232.txt air/gen_1778222207_235.txt air/gen_1778222215_238.txt air/gen_1778222222_241.txt air/gen_1778222230_244.txt air/gen_1778222238_247.txt air/gen_1778222246_250.txt air/gen_1778222253_253.txt air/gen_1778222261_256.txt air/gen_1778222269_259.txt air/gen_1778222276_262.txt air/gen_1778222284_265.txt air/gen_1778222292_268.txt air/gen_1778222300_271.txt air/gen_1778222308_274.txt air/gen_1778222315_277.txt air/gen_1778222323_280.txt air/gen_1778222331_283.txt air/gen_1778222339_286.txt air/gen_1778222346_289.txt air/gen_1778222354_292.txt air/gen_1778222362_295.txt air/gen_1778222370_298.txt air/gen_1778222377_301.txt air/gen_1778222385_304.txt air/gen_1778222393_307.txt air/gen_1778222401_310.txt air/gen_1778222408_313.txt air/gen_1778222416_316.txt air/gen_1778222424_319.txt air/gen_1778222432_322.txt air/gen_1778222439_325.txt air/gen_1778222447_328.txt air/gen_1778222455_331.txt air/gen_1778222463_334.txt air/gen_1778222470_337.txt air/gen_1778222478_340.txt air/gen_1778222486_343.txt air/gen_1778222494_346.txt air/gen_1778222502_349.txt air/gen_1778222509_352.txt air/gen_1778222517_355.txt air/gen_1778222525_358.txt air/gen_1778222533_361.txt air/gen_1778222541_364.txt air/gen_1778222549_367.txt air/gen_1778222556_370.txt air/gen_1778222564_373.txt air/gen_1778222572_376.txt air/gen_1778222580_379.txt air/gen_1778222587_382.txt air/gen_1778222595_385.txt air/gen_1778222603_388.txt air/gen_1778222611_391.txt air/gen_1778222619_394.txt air/gen_1778222626_397.txt air/gen_1778222634_400.txt air/gen_1778222642_403.txt air/gen_1778222650_406.txt air/gen_1778222658_409.txt air/gen_1778222665_412.txt air/gen_1778222673_415.txt air/gen_1778222681_418.txt air/gen_1778222689_421.txt air/gen_1778222697_424.txt air/gen_1778222704_427.txt air/gen_1778222712_430.txt air/gen_1778222720_433.txt air/gen_1778222728_436.txt air/gen_1778222735_439.txt air/gen_1778222743_442.txt air/gen_1778222751_445.txt air/gen_1778222758_448.txt air/gen_1778222766_451.txt air/gen_1778222774_454.txt air/gen_1778222782_457.txt air/gen_1778222790_460.txt air/gen_1778222797_463.txt air/gen_1778222805_466.txt air/gen_1778222813_469.txt air/gen_1778222821_472.txt air/gen_1778222829_475.txt air/gen_1778222836_478.txt air/gen_1778222844_481.txt air/gen_1778222852_484.txt air/gen_1778222860_487.txt air/gen_1778222867_490.txt air/gen_1778222875_493.txt air/gen_1778222883_496.txt air/gen_1778222891_499.txt air/gen_1778222898_502.txt air/gen_1778222906_505.txt air/gen_1778222914_508.txt air/gen_1778222922_511.txt air/gen_1778222929_514.txt air/gen_1778222937_517.txt air/gen_1778222945_520.txt air/gen_1778222953_523.txt air/gen_1778222961_526.txt air/gen_1778222968_529.txt air/gen_1778222976_532.txt air/gen_1778222984_535.txt air/gen_1778222991_538.txt air/gen_1778222999_541.txt air/gen_1778223007_544.txt air/gen_1778223014_547.txt air/gen_1778223022_550.txt air/gen_1778223030_553.txt air/gen_1778223038_556.txt air/gen_1778223045_559.txt air/gen_1778223053_562.txt air/gen_1778223061_565.txt air/gen_1778223068_568.txt air/gen_1778223076_571.txt air/gen_1778223084_574.txt air/gen_1778223092_577.txt air/gen_1778223099_580.txt air/gen_1778223107_583.txt air/gen_1778223115_586.txt air/gen_1778223130_592.txt air/gen_1778223138_595.txt air/gen_1778223146_598.txt air/gen_1778223154_601.txt air/gen_1778223161_604.txt air/gen_1778223169_607.txt air/gen_1778223177_610.txt air/gen_1778223185_613.txt air/gen_1778223192_616.txt air/gen_1778223200_619.txt air/gen_1778223208_622.txt air/gen_1778223216_625.txt air/gen_1778223224_628.txt air/gen_1778223231_631.txt air/gen_1778223239_634.txt air/gen_1778223247_637.txt air/gen_1778223255_640.txt air/gen_1778223270_646.txt air/gen_1778223278_649.txt air/gen_1778223286_652.txt air/gen_1778223294_655.txt air/gen_1778223301_658.txt air/gen_1778223309_661.txt air/gen_1778223317_664.txt air/gen_1778223324_667.txt air/gen_1778223332_670.txt air/gen_1778223340_673.txt air/gen_1778223348_676.txt air/gen_1778223355_679.txt air/gen_1778223363_682.txt air/gen_1778223371_685.txt air/gen_1778223379_688.txt air/gen_1778223386_691.txt]
[trainer] micro-train burst (18478 bytes, novelty 0.03) — and lo, it feeds again.
[syntropy] action=explore | trend=0.0000 | field_dev=-0.077 | purpose_align=-0.089 | lr_mul=1.30
[aml] burst complete: 32 steps, avg loss 1.9873 (memory freed)
[dna] water wrote 16 bytes to ecology
[dna] water wrote 118 bytes to ecology
[dna] water wrote 36 bytes to ecology
[dna] water wrote 60 bytes to ecology
[dna] water wrote 32 bytes to ecology
[dna] water wrote 59 bytes to ecology
[dna] water wrote 72 bytes to ecology
[dna] water wrote 75 bytes to ecology
[dna] water wrote 65 bytes to ecology
[dna] water wrote 52 bytes to ecology
[dna] water wrote 40 bytes to ecology
[dna] water wrote 10 bytes to ecology
[dna] water wrote 47 bytes to ecology
[dna] water wrote 141 bytes to ecology
[dna] water wrote 114 bytes to ecology
[dna] water wrote 64 bytes to ecology
[debug-onto] tick=50 corpus=144404 stage=2 freeze=0
[dna] water wrote 53 bytes to ecology
[dna] water wrote 129 bytes to ecology
[dna] water wrote 38 bytes to ecology
[dna] water wrote 37 bytes to ecology
[dna] water wrote 26 bytes to ecology
[dna] water wrote 31 bytes to ecology
[dna] water wrote 33 bytes to ecology
[dna] water wrote 122 bytes to ecology
[dna] water wrote 36 bytes to ecology
[dna] water wrote 85 bytes to ecology
[dna] water wrote 105 bytes to ecology
[dna] water wrote 23 bytes to ecology
[dna] water wrote 36 bytes to ecology
[dna] water wrote 122 bytes to ecology
[dna] water wrote 43 bytes to ecology
[dna] water wrote 41 bytes to ecology
[dna] water wrote 204 bytes to ecology
[debug-onto] tick=100 corpus=144404 stage=2 freeze=0
[dna] water wrote 35 bytes to ecology
[dna] water wrote 47 bytes to ecology
[dna] water wrote 143 bytes to ecology
[dna] water wrote 45 bytes to ecology
[dna] water wrote 10 bytes to ecology
[dna] water wrote 27 bytes to ecology
[dna] water wrote 78 bytes to ecology
[dna] water wrote 35 bytes to ecology
[dna] water wrote 28 bytes to ecology
[dna] water wrote 37 bytes to ecology
[dna] water wrote 20 bytes to ecology
[dna] water wrote 30 bytes to ecology
[dna] water wrote 108 bytes to ecology
[dna] water wrote 34 bytes to ecology
[dna] water wrote 36 bytes to ecology
[dna] water wrote 67 bytes to ecology
[debug-onto] tick=150 corpus=144404 stage=2 freeze=0
[dna] water wrote 76 bytes to ecology
[dna] water wrote 227 bytes to ecology
[dna] water wrote 62 bytes to ecology
[dna] water wrote 28 bytes to ecology
[dna] water wrote 53 bytes to ecology
[dna] water wrote 47 bytes to ecology
[dna] water wrote 99 bytes to ecology
[dna] water wrote 22 bytes to ecology
[dna] water wrote 20 bytes to ecology
[dna] water wrote 189 bytes to ecology
[dna] water wrote 218 bytes to ecology
[dna] water wrote 114 bytes to ecology
[dna] water wrote 30 bytes to ecology
[dna] water wrote 23 bytes to ecology
[dna] water wrote 11 bytes to ecology
[dna] water wrote 39 bytes to ecology
[dna] water wrote 112 bytes to ecology
[debug-onto] tick=200 corpus=144404 stage=2 freeze=0
[dna] water wrote 66 bytes to ecology
[dna] water wrote 54 bytes to ecology
[dna] water wrote 82 bytes to ecology
[dna] water wrote 123 bytes to ecology
[dna] water wrote 83 bytes to ecology
[dna] water wrote 29 bytes to ecology
[dna] water wrote 45 bytes to ecology
[dna] water wrote 17 bytes to ecology
[dna] water wrote 26 bytes to ecology
[dna] water wrote 73 bytes to ecology
[dna] water wrote 59 bytes to ecology
[dna] water wrote 34 bytes to ecology
[dna] water wrote 45 bytes to ecology
[dna] water wrote 43 bytes to ecology
[dna] water wrote 29 bytes to ecology
[dna] water wrote 40 bytes to ecology
[dna] water wrote 54 bytes to ecology
[debug-onto] tick=250 corpus=144404 stage=2 freeze=0
[dna] water wrote 137 bytes to ecology
[dna] water wrote 108 bytes to ecology
[dna] water wrote 21 bytes to ecology
[dna] water wrote 94 bytes to ecology
[dna] water wrote 67 bytes to ecology
[dna] water wrote 49 bytes to ecology
[dna] water wrote 57 bytes to ecology
[dna] water wrote 45 bytes to ecology
[dna] water wrote 29 bytes to ecology
[dna] water wrote 46 bytes to ecology
[dna] water wrote 56 bytes to ecology
[dna] water wrote 28 bytes to ecology
[dna] water wrote 24 bytes to ecology
[dna] water wrote 32 bytes to ecology
[dna] water wrote 17 bytes to ecology
[dna] water wrote 36 bytes to ecology
[debug-onto] tick=300 corpus=144404 stage=2 freeze=0
[dna] water wrote 50 bytes to ecology
[dna] water wrote 34 bytes to ecology
[dna] water wrote 42 bytes to ecology
[dna] water wrote 142 bytes to ecology
[dna] water wrote 127 bytes to ecology
[dna] water wrote 34 bytes to ecology
[dna] water wrote 118 bytes to ecology
[dna] water wrote 21 bytes to ecology
[dna] water wrote 65 bytes to ecology
[dna] water wrote 33 bytes to ecology
[dna] water wrote 19 bytes to ecology
[dna] water wrote 32 bytes to ecology
[dna] water wrote 78 bytes to ecology
[dna] water wrote 45 bytes to ecology
[dna] water wrote 34 bytes to ecology
[dna] water wrote 57 bytes to ecology
[dna] water wrote 29 bytes to ecology
[debug-onto] tick=350 corpus=144404 stage=2 freeze=0
[dna] water wrote 26 bytes to ecology
[dna] water wrote 90 bytes to ecology
[dna] water wrote 11 bytes to ecology
[dna] water wrote 53 bytes to ecology
[dna] water wrote 42 bytes to ecology
[dna] water wrote 25 bytes to ecology
[dna] water wrote 92 bytes to ecology
[dna] water wrote 66 bytes to ecology
[dna] water wrote 40 bytes to ecology
[dna] water wrote 35 bytes to ecology
[dna] water wrote 28 bytes to ecology
[dna] water wrote 21 bytes to ecology
[dna] water wrote 60 bytes to ecology
[dna] water wrote 76 bytes to ecology
[dna] water wrote 47 bytes to ecology
[dna] water wrote 96 bytes to ecology
[dna] water wrote 102 bytes to ecology
[debug-onto] tick=400 corpus=144404 stage=2 freeze=0
[dna] water wrote 42 bytes to ecology
[dna] water wrote 46 bytes to ecology
[dna] water wrote 34 bytes to ecology
[dna] water wrote 14 bytes to ecology
[dna] water wrote 60 bytes to ecology
[dna] water wrote 59 bytes to ecology
[dna] water wrote 68 bytes to ecology
[dna] water wrote 63 bytes to ecology
[dna] water wrote 61 bytes to ecology
[dna] water wrote 37 bytes to ecology
[dna] water wrote 61 bytes to ecology
[dna] water wrote 34 bytes to ecology
[dna] water wrote 37 bytes to ecology
[dna] water wrote 65 bytes to ecology
[dna] water wrote 94 bytes to ecology
[dna] water wrote 67 bytes to ecology
[debug-onto] tick=450 corpus=144404 stage=2 freeze=0
[dna] water wrote 65 bytes to ecology
[dna] water wrote 41 bytes to ecology
[dna] water wrote 57 bytes to ecology
[dna] water wrote 116 bytes to ecology
[dna] water wrote 66 bytes to ecology
[dna] water wrote 73 bytes to ecology
[dna] water wrote 34 bytes to ecology
[dna] water wrote 37 bytes to ecology
[dna] water wrote 45 bytes to ecology
[dna] water wrote 125 bytes to ecology
[dna] water wrote 65 bytes to ecology
[dna] water wrote 126 bytes to ecology
[dna] water wrote 37 bytes to ecology
[dna] water wrote 52 bytes to ecology
[dna] water wrote 27 bytes to ecology
[dna] water wrote 99 bytes to ecology
[dna] water wrote 15 bytes to ecology
[debug-onto] tick=500 corpus=144404 stage=2 freeze=0
[dna] water wrote 49 bytes to ecology
[dna] water wrote 29 bytes to ecology
[dna] water wrote 40 bytes to ecology
[dna] water wrote 28 bytes to ecology
[dna] water wrote 86 bytes to ecology
[dna] water wrote 111 bytes to ecology
[dna] water wrote 8 bytes to ecology
[dna] water wrote 35 bytes to ecology
[dna] water wrote 70 bytes to ecology
[dna] water wrote 59 bytes to ecology
[dna] water wrote 88 bytes to ecology
[dna] water wrote 29 bytes to ecology
[dna] water wrote 45 bytes to ecology
[dna] water wrote 72 bytes to ecology
[dna] water wrote 31 bytes to ecology
[dna] water wrote 86 bytes to ecology
[dna] water wrote 93 bytes to ecology
[debug-onto] tick=550 corpus=144404 stage=2 freeze=0
[dna] water wrote 32 bytes to ecology
[dna] water wrote 31 bytes to ecology
[dna] water wrote 25 bytes to ecology
[dna] water wrote 85 bytes to ecology
[dna] water wrote 10 bytes to ecology
[dna] water wrote 44 bytes to ecology
[dna] water wrote 80 bytes to ecology
[dna] water wrote 82 bytes to ecology
[dna] water wrote 56 bytes to ecology
[dna] water wrote 74 bytes to ecology
[dna] water wrote 110 bytes to ecology
[dna] water wrote 90 bytes to ecology
[dna] water wrote 87 bytes to ecology
[dna] water wrote 36 bytes to ecology
[dna] water wrote 57 bytes to ecology
[dna] water wrote 39 bytes to ecology
[debug-onto] tick=600 corpus=144404 stage=2 freeze=0
[dna] water wrote 74 bytes to ecology
[dna] water wrote 51 bytes to ecology
[dna] water wrote 27 bytes to ecology
[dna] water wrote 49 bytes to ecology
[dna] water wrote 26 bytes to ecology
[dna] water wrote 54 bytes to ecology
[dna] water wrote 87 bytes to ecology

[evolution] Organism shutting down gracefully.
