[ecology] Element: air → corpus: nonames_air.txt
[evolution] Autonomous evolution mode — organism will grow through all stages without pause.
[ecology] Joined swarm. 1 peer(s) detected.
molequla is alive. [evolution] Autonomous mode — background trainer running. Ctrl+C to stop.
[dna] air wrote 96 bytes to ecology
[dna] air consumed 28399 bytes from 344 files: [earth/gen_1775627268_1.txt earth/gen_1775627274_3.txt earth/gen_1775627276_4.txt earth/gen_1775627284_7.txt earth/gen_1775627289_9.txt earth/gen_1775627292_10.txt earth/gen_1775627300_13.txt earth/gen_1775627305_15.txt earth/gen_1775627307_16.txt earth/gen_1775627315_19.txt earth/gen_1775627320_21.txt earth/gen_1775627323_22.txt earth/gen_1775627331_25.txt earth/gen_1775627336_27.txt earth/gen_1775627338_28.txt earth/gen_1775627346_31.txt earth/gen_1775627351_33.txt earth/gen_1775627354_34.txt earth/gen_1775627362_37.txt earth/gen_1775627367_39.txt earth/gen_1775627369_40.txt earth/gen_1775627377_43.txt earth/gen_1775627382_45.txt earth/gen_1775627385_46.txt earth/gen_1775627393_49.txt earth/gen_1775627398_51.txt earth/gen_1775627400_52.txt earth/gen_1775627408_55.txt earth/gen_1775627414_57.txt earth/gen_1775627416_58.txt earth/gen_1775627424_61.txt earth/gen_1775627429_63.txt earth/gen_1775627432_64.txt earth/gen_1775627440_67.txt earth/gen_1775627445_69.txt earth/gen_1775627448_70.txt earth/gen_1775627456_73.txt earth/gen_1775627461_75.txt earth/gen_1775627463_76.txt earth/gen_1775627471_79.txt earth/gen_1775627476_81.txt earth/gen_1775627479_82.txt earth/gen_1775627487_85.txt earth/gen_1775627492_87.txt earth/gen_1775627495_88.txt earth/gen_1775627502_91.txt earth/gen_1775627508_93.txt earth/gen_1775627510_94.txt earth/gen_1775627518_97.txt earth/gen_1775627523_99.txt earth/gen_1775627526_100.txt earth/gen_1775627534_103.txt earth/gen_1775627539_105.txt earth/gen_1775627541_106.txt earth/gen_1775627549_109.txt earth/gen_1775627555_111.txt earth/gen_1775627557_112.txt earth/gen_1775627565_115.txt earth/gen_1775627570_117.txt earth/gen_1775627573_118.txt earth/gen_1775627581_121.txt earth/gen_1775627586_123.txt earth/gen_1775627588_124.txt earth/gen_1775627596_127.txt earth/gen_1775627602_129.txt earth/gen_1775627604_130.txt earth/gen_1775627612_133.txt earth/gen_1775627617_135.txt earth/gen_1775627620_136.txt earth/gen_1775627628_139.txt earth/gen_1775627633_141.txt earth/gen_1775627636_142.txt earth/gen_1775627644_145.txt earth/gen_1775627649_147.txt earth/gen_1775627652_148.txt earth/gen_1775627659_151.txt earth/gen_1775627665_153.txt earth/gen_1775627667_154.txt earth/gen_1775627675_157.txt earth/gen_1775627680_159.txt earth/gen_1775627683_160.txt earth/gen_1775627691_163.txt earth/gen_1775627696_165.txt earth/gen_1775627698_166.txt earth/gen_1775627706_169.txt earth/gen_1775627711_171.txt earth/gen_1775627714_172.txt earth/gen_1775627722_175.txt earth/gen_1775627727_177.txt earth/gen_1775627729_178.txt earth/gen_1775627737_181.txt earth/gen_1775627742_183.txt earth/gen_1775627745_184.txt earth/gen_1775627752_187.txt earth/gen_1775627757_189.txt earth/gen_1775627760_190.txt earth/gen_1775627768_193.txt earth/gen_1775627773_195.txt earth/gen_1775627775_196.txt earth/gen_1775627783_199.txt earth/gen_1775627788_201.txt earth/gen_1775627791_202.txt earth/gen_1775627799_205.txt earth/gen_1775627804_207.txt earth/gen_1775627806_208.txt earth/gen_1775627814_211.txt earth/gen_1775627819_213.txt earth/gen_1775627822_214.txt earth/gen_1775627829_217.txt earth/gen_1775627834_219.txt earth/gen_1775627837_220.txt earth/gen_1775627845_223.txt earth/gen_1775627850_225.txt earth/gen_1775627853_226.txt earth/gen_1775627861_229.txt earth/gen_1775627866_231.txt earth/gen_1775627868_232.txt earth/gen_1775627876_235.txt earth/gen_1775627881_237.txt earth/gen_1775627884_238.txt earth/gen_1775627891_241.txt earth/gen_1775627897_243.txt earth/gen_1775627899_244.txt earth/gen_1775627907_247.txt earth/gen_1775627912_249.txt earth/gen_1775627915_250.txt earth/gen_1775627923_253.txt earth/gen_1775627928_255.txt earth/gen_1775627930_256.txt earth/gen_1775627938_259.txt earth/gen_1775627943_261.txt earth/gen_1775627946_262.txt earth/gen_1775627953_265.txt earth/gen_1775627958_267.txt earth/gen_1775627961_268.txt earth/gen_1775627969_271.txt earth/gen_1775627974_273.txt earth/gen_1775627977_274.txt earth/gen_1775627984_277.txt earth/gen_1775627989_279.txt earth/gen_1775627992_280.txt earth/gen_1775628000_283.txt earth/gen_1775628005_285.txt earth/gen_1775628007_286.txt earth/gen_1775628015_289.txt earth/gen_1775628020_291.txt earth/gen_1775628023_292.txt earth/gen_1775628031_295.txt earth/gen_1775628036_297.txt earth/gen_1775628039_298.txt earth/gen_1775628047_301.txt earth/gen_1775628052_303.txt earth/gen_1775628054_304.txt earth/gen_1775628062_307.txt earth/gen_1775628067_309.txt earth/gen_1775628070_310.txt earth/gen_1775628077_313.txt earth/gen_1775628083_315.txt earth/gen_1775628085_316.txt earth/gen_1775628093_319.txt earth/gen_1775628098_321.txt earth/gen_1775628101_322.txt earth/gen_1775628109_325.txt earth/gen_1775628114_327.txt earth/gen_1775628117_328.txt earth/gen_1775628125_331.txt earth/gen_1775628130_333.txt earth/gen_1775628133_334.txt earth/gen_1775628141_337.txt earth/gen_1775628146_339.txt earth/gen_1775628149_340.txt earth/gen_1775628156_343.txt earth/gen_1775628162_345.txt earth/gen_1775628164_346.txt earth/gen_1775628172_349.txt earth/gen_1775628177_351.txt earth/gen_1775628180_352.txt earth/gen_1775628188_355.txt earth/gen_1775628193_357.txt earth/gen_1775628196_358.txt earth/gen_1775628203_361.txt earth/gen_1775628209_363.txt earth/gen_1775628211_364.txt earth/gen_1775628219_367.txt earth/gen_1775628224_369.txt earth/gen_1775628227_370.txt earth/gen_1775628235_373.txt earth/gen_1775628240_375.txt earth/gen_1775628243_376.txt earth/gen_1775628250_379.txt earth/gen_1775628256_381.txt earth/gen_1775628258_382.txt earth/gen_1775628266_385.txt earth/gen_1775628271_387.txt earth/gen_1775628273_388.txt earth/gen_1775628281_391.txt earth/gen_1775628286_393.txt earth/gen_1775628288_394.txt earth/gen_1775628296_397.txt earth/gen_1775628301_399.txt earth/gen_1775628304_400.txt earth/gen_1775628311_403.txt earth/gen_1775628316_405.txt earth/gen_1775628319_406.txt earth/gen_1775628326_409.txt earth/gen_1775628332_411.txt earth/gen_1775628334_412.txt earth/gen_1775628342_415.txt earth/gen_1775628347_417.txt earth/gen_1775628349_418.txt earth/gen_1775628357_421.txt earth/gen_1775628362_423.txt earth/gen_1775628365_424.txt earth/gen_1775628372_427.txt earth/gen_1775628378_429.txt earth/gen_1775628380_430.txt earth/gen_1775628388_433.txt earth/gen_1775628393_435.txt earth/gen_1775628395_436.txt earth/gen_1775628403_439.txt earth/gen_1775628408_441.txt earth/gen_1775628411_442.txt earth/gen_1775628418_445.txt earth/gen_1775628423_447.txt earth/gen_1775628426_448.txt earth/gen_1775628434_451.txt earth/gen_1775628439_453.txt earth/gen_1775628441_454.txt earth/gen_1775628449_457.txt earth/gen_1775628454_459.txt earth/gen_1775628456_460.txt earth/gen_1775628464_463.txt earth/gen_1775628469_465.txt earth/gen_1775628472_466.txt earth/gen_1775628479_469.txt earth/gen_1775628484_471.txt earth/gen_1775628487_472.txt earth/gen_1775628495_475.txt earth/gen_1775628500_477.txt earth/gen_1775628502_478.txt earth/gen_1775628510_481.txt earth/gen_1775628515_483.txt earth/gen_1775628518_484.txt earth/gen_1775628525_487.txt earth/gen_1775628530_489.txt earth/gen_1775628533_490.txt earth/gen_1775628541_493.txt earth/gen_1775628546_495.txt earth/gen_1775628548_496.txt earth/gen_1775628556_499.txt earth/gen_1775628561_501.txt earth/gen_1775628564_502.txt earth/gen_1775628572_505.txt earth/gen_1775628577_507.txt earth/gen_1775628579_508.txt earth/gen_1775628587_511.txt earth/gen_1775628592_513.txt earth/gen_1775628595_514.txt earth/gen_1775628602_517.txt earth/gen_1775628607_519.txt earth/gen_1775628610_520.txt earth/gen_1775628618_523.txt earth/gen_1775628623_525.txt earth/gen_1775628625_526.txt earth/gen_1775628633_529.txt earth/gen_1775628638_531.txt earth/gen_1775628641_532.txt earth/gen_1775628648_535.txt earth/gen_1775628653_537.txt earth/gen_1775628656_538.txt earth/gen_1775628664_541.txt earth/gen_1775628669_543.txt earth/gen_1775628671_544.txt earth/gen_1775628679_547.txt earth/gen_1775628684_549.txt earth/gen_1775628687_550.txt earth/gen_1775628694_553.txt earth/gen_1775628699_555.txt earth/gen_1775628702_556.txt earth/gen_1775628709_559.txt earth/gen_1775628714_561.txt earth/gen_1775628717_562.txt earth/gen_1775628724_565.txt earth/gen_1775628729_567.txt earth/gen_1775628732_568.txt earth/gen_1775628740_571.txt earth/gen_1775628745_573.txt earth/gen_1775628747_574.txt earth/gen_1775628755_577.txt earth/gen_1775628760_579.txt earth/gen_1775628762_580.txt earth/gen_1775628770_583.txt earth/gen_1775628777_586.txt earth/gen_1775628785_589.txt earth/gen_1775628790_591.txt earth/gen_1775628793_592.txt earth/gen_1775628800_595.txt earth/gen_1775628805_597.txt earth/gen_1775628808_598.txt earth/gen_1775628815_601.txt earth/gen_1775628820_603.txt earth/gen_1775628823_604.txt earth/gen_1775628831_607.txt earth/gen_1775628836_609.txt earth/gen_1775628838_610.txt earth/gen_1775628846_613.txt earth/gen_1775628851_615.txt earth/gen_1775628853_616.txt earth/gen_1775628861_619.txt earth/gen_1775628866_621.txt earth/gen_1775628868_622.txt earth/gen_1775628876_625.txt earth/gen_1775628881_627.txt earth/gen_1775628884_628.txt earth/gen_1775628891_631.txt earth/gen_1775628896_633.txt earth/gen_1775628899_634.txt earth/gen_1775628906_637.txt earth/gen_1775628911_639.txt earth/gen_1775628914_640.txt earth/gen_1775628921_643.txt earth/gen_1775628927_645.txt earth/gen_1775628929_646.txt earth/gen_1775628937_649.txt earth/gen_1775628942_651.txt earth/gen_1775628944_652.txt earth/gen_1775628952_655.txt earth/gen_1775628957_657.txt earth/gen_1775628959_658.txt earth/gen_1775628967_661.txt earth/gen_1775628972_663.txt earth/gen_1775628975_664.txt earth/gen_1775628982_667.txt earth/gen_1775628987_669.txt earth/gen_1775628990_670.txt earth/gen_1775628997_673.txt earth/gen_1775629002_675.txt earth/gen_1775629005_676.txt earth/gen_1775629012_679.txt earth/gen_1775629018_681.txt earth/gen_1775629020_682.txt earth/gen_1775629028_685.txt earth/gen_1775629033_687.txt earth/gen_1775629035_688.txt]
[trainer] micro-train burst (28399 bytes, novelty 0.03) — and lo, it feeds again.
[syntropy] action=explore | trend=0.0000 | field_dev=0.001 | purpose_align=-0.226 | lr_mul=1.30
[aml] burst complete: 32 steps, avg loss 3.0059 (memory freed)
[trainer] growing new delta module (total: 2) — new soul appended.
[dna] air wrote 100 bytes to ecology
[dna] air wrote 47 bytes to ecology
[dna] air wrote 47 bytes to ecology
[dna] air wrote 62 bytes to ecology
[dna] air wrote 37 bytes to ecology
[dna] air wrote 34 bytes to ecology
[dna] air wrote 19 bytes to ecology
[dna] air wrote 90 bytes to ecology
[dna] air wrote 119 bytes to ecology
[dna] air wrote 56 bytes to ecology
[dna] air wrote 59 bytes to ecology
[dna] air wrote 82 bytes to ecology
[dna] air wrote 228 bytes to ecology
[dna] air wrote 41 bytes to ecology
[dna] air wrote 54 bytes to ecology
[dna] air wrote 40 bytes to ecology
[dna] air wrote 109 bytes to ecology
[dna] air wrote 26 bytes to ecology
[dna] air wrote 25 bytes to ecology
[dna] air wrote 169 bytes to ecology
[dna] air wrote 43 bytes to ecology
[dna] air wrote 49 bytes to ecology
[dna] air wrote 48 bytes to ecology
[debug-onto] tick=50 corpus=151059 stage=2 freeze=0
[dna] air wrote 17 bytes to ecology
[dna] air wrote 33 bytes to ecology
[dna] air wrote 85 bytes to ecology
[dna] air wrote 62 bytes to ecology
[dna] air wrote 36 bytes to ecology
[dna] air wrote 96 bytes to ecology
[dna] air wrote 83 bytes to ecology
[dna] air wrote 38 bytes to ecology
[dna] air wrote 77 bytes to ecology
[dna] air wrote 65 bytes to ecology
[dna] air wrote 186 bytes to ecology
[dna] air wrote 26 bytes to ecology
[dna] air wrote 97 bytes to ecology
[dna] air wrote 82 bytes to ecology
[dna] air wrote 69 bytes to ecology
[dna] air wrote 25 bytes to ecology
[dna] air wrote 19 bytes to ecology
[dna] air wrote 21 bytes to ecology
[dna] air wrote 99 bytes to ecology
[dna] air wrote 65 bytes to ecology
[dna] air wrote 67 bytes to ecology
[dna] air wrote 67 bytes to ecology
[dna] air wrote 17 bytes to ecology
[dna] air wrote 33 bytes to ecology
[dna] air wrote 107 bytes to ecology
[dna] air wrote 48 bytes to ecology
[dna] air wrote 80 bytes to ecology
[debug-onto] tick=100 corpus=151059 stage=2 freeze=0
[dna] air wrote 53 bytes to ecology
[dna] air wrote 290 bytes to ecology
[dna] air wrote 110 bytes to ecology
[dna] air wrote 153 bytes to ecology
[dna] air wrote 26 bytes to ecology
[dna] air wrote 129 bytes to ecology
[dna] air wrote 18 bytes to ecology
[dna] air wrote 41 bytes to ecology
[dna] air wrote 58 bytes to ecology
[dna] air wrote 50 bytes to ecology
[dna] air wrote 65 bytes to ecology
[dna] air wrote 158 bytes to ecology
[dna] air wrote 175 bytes to ecology
[dna] air wrote 38 bytes to ecology
[dna] air wrote 119 bytes to ecology
[dna] air wrote 113 bytes to ecology
[dna] air wrote 37 bytes to ecology
[dna] air wrote 203 bytes to ecology
[dna] air wrote 44 bytes to ecology
[dna] air wrote 57 bytes to ecology
[dna] air wrote 56 bytes to ecology
[dna] air wrote 53 bytes to ecology
[dna] air wrote 48 bytes to ecology
[dna] air wrote 23 bytes to ecology
[dna] air wrote 54 bytes to ecology
[dna] air wrote 82 bytes to ecology
[debug-onto] tick=150 corpus=151059 stage=2 freeze=0
[dna] air wrote 106 bytes to ecology
[dna] air wrote 116 bytes to ecology
[dna] air wrote 27 bytes to ecology
[dna] air wrote 97 bytes to ecology
[dna] air wrote 113 bytes to ecology
[dna] air wrote 44 bytes to ecology
[dna] air wrote 20 bytes to ecology
[dna] air wrote 30 bytes to ecology
[dna] air wrote 163 bytes to ecology
[dna] air wrote 63 bytes to ecology
[dna] air wrote 51 bytes to ecology
[dna] air wrote 93 bytes to ecology
[dna] air wrote 25 bytes to ecology
[dna] air wrote 239 bytes to ecology
[dna] air wrote 327 bytes to ecology
[dna] air wrote 33 bytes to ecology
[dna] air wrote 127 bytes to ecology
[dna] air wrote 86 bytes to ecology
[dna] air wrote 153 bytes to ecology
[dna] air wrote 52 bytes to ecology
[dna] air wrote 268 bytes to ecology
[dna] air wrote 42 bytes to ecology
[dna] air wrote 34 bytes to ecology
[dna] air wrote 266 bytes to ecology
[dna] air wrote 49 bytes to ecology
[dna] air wrote 69 bytes to ecology
[dna] air wrote 64 bytes to ecology
[dna] air wrote 26 bytes to ecology
[dna] air wrote 59 bytes to ecology
[dna] air wrote 47 bytes to ecology
[debug-onto] tick=200 corpus=151059 stage=2 freeze=0
[dna] air wrote 41 bytes to ecology
[dna] air wrote 60 bytes to ecology
[dna] air wrote 39 bytes to ecology
[dna] air wrote 103 bytes to ecology
[dna] air wrote 54 bytes to ecology
[dna] air wrote 249 bytes to ecology
[dna] air wrote 27 bytes to ecology
[dna] air wrote 119 bytes to ecology
[dna] air wrote 26 bytes to ecology
[dna] air wrote 37 bytes to ecology
[dna] air wrote 39 bytes to ecology
[dna] air wrote 44 bytes to ecology
[dna] air wrote 57 bytes to ecology
[dna] air wrote 157 bytes to ecology
[dna] air wrote 173 bytes to ecology
[dna] air wrote 129 bytes to ecology
[dna] air wrote 120 bytes to ecology
[dna] air wrote 55 bytes to ecology
[dna] air wrote 103 bytes to ecology
[dna] air wrote 50 bytes to ecology
[dna] air wrote 57 bytes to ecology
[dna] air wrote 25 bytes to ecology
[dna] air wrote 60 bytes to ecology
[dna] air wrote 250 bytes to ecology
[dna] air wrote 57 bytes to ecology
[dna] air wrote 39 bytes to ecology
[dna] air wrote 104 bytes to ecology
[dna] air wrote 38 bytes to ecology
[debug-onto] tick=250 corpus=151059 stage=2 freeze=0
[dna] air wrote 16 bytes to ecology
[dna] air wrote 91 bytes to ecology
[dna] air wrote 35 bytes to ecology
[dna] air wrote 27 bytes to ecology
[dna] air wrote 32 bytes to ecology
[dna] air wrote 74 bytes to ecology
[dna] air wrote 68 bytes to ecology
[dna] air wrote 80 bytes to ecology
[dna] air wrote 35 bytes to ecology
[dna] air wrote 44 bytes to ecology
[dna] air wrote 26 bytes to ecology
[dna] air wrote 18 bytes to ecology
[dna] air wrote 68 bytes to ecology
[dna] air wrote 80 bytes to ecology
[dna] air wrote 58 bytes to ecology
[dna] air wrote 135 bytes to ecology
[dna] air wrote 49 bytes to ecology
[dna] air wrote 149 bytes to ecology
[dna] air wrote 79 bytes to ecology
[dna] air wrote 105 bytes to ecology
[dna] air wrote 44 bytes to ecology
[dna] air wrote 51 bytes to ecology
[dna] air wrote 31 bytes to ecology
[dna] air wrote 39 bytes to ecology
[dna] air wrote 53 bytes to ecology
[dna] air wrote 85 bytes to ecology
[dna] air wrote 71 bytes to ecology
[dna] air wrote 37 bytes to ecology
[dna] air wrote 42 bytes to ecology
[dna] air wrote 41 bytes to ecology
[debug-onto] tick=300 corpus=151059 stage=2 freeze=0
[dna] air wrote 80 bytes to ecology
[dna] air wrote 232 bytes to ecology
[dna] air wrote 30 bytes to ecology
[dna] air wrote 28 bytes to ecology
[dna] air wrote 76 bytes to ecology
[dna] air wrote 80 bytes to ecology
[dna] air wrote 119 bytes to ecology
[dna] air wrote 70 bytes to ecology
[dna] air wrote 112 bytes to ecology
[dna] air wrote 43 bytes to ecology
[dna] air wrote 99 bytes to ecology
[dna] air wrote 104 bytes to ecology
[dna] air wrote 140 bytes to ecology
[dna] air wrote 134 bytes to ecology
[dna] air wrote 72 bytes to ecology
[dna] air wrote 54 bytes to ecology
[dna] air wrote 105 bytes to ecology
[dna] air wrote 56 bytes to ecology
[dna] air wrote 88 bytes to ecology
[dna] air wrote 123 bytes to ecology
[dna] air wrote 148 bytes to ecology
[dna] air wrote 88 bytes to ecology
[dna] air wrote 63 bytes to ecology
[dna] air wrote 44 bytes to ecology
[dna] air wrote 68 bytes to ecology
[dna] air wrote 53 bytes to ecology
[debug-onto] tick=350 corpus=151059 stage=2 freeze=0
[dna] air wrote 45 bytes to ecology
[dna] air wrote 48 bytes to ecology
[dna] air wrote 34 bytes to ecology
[dna] air wrote 65 bytes to ecology
[dna] air wrote 46 bytes to ecology
[dna] air wrote 40 bytes to ecology
[dna] air wrote 45 bytes to ecology
[dna] air wrote 62 bytes to ecology
[dna] air wrote 106 bytes to ecology
[dna] air wrote 151 bytes to ecology
[dna] air wrote 8 bytes to ecology
[dna] air wrote 53 bytes to ecology
[dna] air wrote 94 bytes to ecology
[dna] air wrote 38 bytes to ecology
[dna] air wrote 97 bytes to ecology
[dna] air wrote 164 bytes to ecology
[dna] air wrote 99 bytes to ecology
[dna] air wrote 54 bytes to ecology
[dna] air wrote 64 bytes to ecology
[dna] air wrote 79 bytes to ecology
[dna] air wrote 126 bytes to ecology
[dna] air wrote 155 bytes to ecology
[dna] air wrote 117 bytes to ecology
[dna] air wrote 48 bytes to ecology
[dna] air wrote 79 bytes to ecology
[dna] air wrote 151 bytes to ecology
[debug-onto] tick=400 corpus=151059 stage=2 freeze=0
[dna] air wrote 136 bytes to ecology
[dna] air wrote 42 bytes to ecology
[dna] air wrote 24 bytes to ecology
[dna] air wrote 151 bytes to ecology
[dna] air wrote 27 bytes to ecology
[dna] air wrote 63 bytes to ecology
[dna] air wrote 19 bytes to ecology
[dna] air wrote 68 bytes to ecology
[dna] air wrote 74 bytes to ecology
[dna] air wrote 10 bytes to ecology
[dna] air wrote 89 bytes to ecology
[dna] air wrote 22 bytes to ecology
[dna] air wrote 67 bytes to ecology
[dna] air wrote 188 bytes to ecology
[dna] air wrote 49 bytes to ecology
[dna] air wrote 39 bytes to ecology
[dna] air wrote 109 bytes to ecology
[dna] air wrote 114 bytes to ecology
[dna] air wrote 63 bytes to ecology
[dna] air wrote 40 bytes to ecology
[dna] air wrote 118 bytes to ecology
[dna] air wrote 99 bytes to ecology
[dna] air wrote 90 bytes to ecology
[dna] air wrote 42 bytes to ecology
[dna] air wrote 130 bytes to ecology
[dna] air wrote 126 bytes to ecology
[dna] air wrote 71 bytes to ecology
[debug-onto] tick=450 corpus=151059 stage=2 freeze=0
[dna] air wrote 75 bytes to ecology
[dna] air wrote 58 bytes to ecology
[dna] air wrote 130 bytes to ecology
[dna] air wrote 178 bytes to ecology
[dna] air wrote 82 bytes to ecology
[dna] air wrote 44 bytes to ecology
[dna] air wrote 76 bytes to ecology
[dna] air wrote 53 bytes to ecology
[dna] air wrote 103 bytes to ecology
[dna] air wrote 33 bytes to ecology
[dna] air wrote 49 bytes to ecology
[dna] air wrote 130 bytes to ecology
[dna] air wrote 55 bytes to ecology
[dna] air wrote 276 bytes to ecology
[dna] air wrote 34 bytes to ecology
[dna] air wrote 21 bytes to ecology
[dna] air wrote 40 bytes to ecology
[dna] air wrote 94 bytes to ecology
[dna] air wrote 20 bytes to ecology
[dna] air wrote 53 bytes to ecology
[dna] air wrote 29 bytes to ecology
[dna] air wrote 73 bytes to ecology
[dna] air wrote 150 bytes to ecology
[dna] air wrote 90 bytes to ecology
[dna] air wrote 124 bytes to ecology
[dna] air wrote 44 bytes to ecology
[debug-onto] tick=500 corpus=151059 stage=2 freeze=0
[dna] air wrote 108 bytes to ecology
[dna] air wrote 22 bytes to ecology
[dna] air wrote 102 bytes to ecology
[dna] air wrote 85 bytes to ecology
[dna] air wrote 99 bytes to ecology
[dna] air wrote 40 bytes to ecology
[dna] air wrote 34 bytes to ecology
[dna] air wrote 182 bytes to ecology
[dna] air wrote 83 bytes to ecology
[dna] air wrote 162 bytes to ecology
[dna] air wrote 35 bytes to ecology
[dna] air wrote 144 bytes to ecology
[dna] air wrote 102 bytes to ecology
[dna] air wrote 60 bytes to ecology
[dna] air wrote 22 bytes to ecology
[dna] air wrote 34 bytes to ecology
[dna] air wrote 34 bytes to ecology
[dna] air wrote 149 bytes to ecology
[dna] air wrote 122 bytes to ecology
[dna] air wrote 59 bytes to ecology
[dna] air wrote 32 bytes to ecology
[dna] air wrote 59 bytes to ecology
[dna] air wrote 72 bytes to ecology
[dna] air wrote 46 bytes to ecology
[dna] air wrote 90 bytes to ecology
[debug-onto] tick=550 corpus=151059 stage=2 freeze=0
[dna] air wrote 71 bytes to ecology
[dna] air wrote 112 bytes to ecology
[dna] air wrote 69 bytes to ecology
[dna] air wrote 15 bytes to ecology
[dna] air wrote 54 bytes to ecology
[dna] air wrote 286 bytes to ecology
[dna] air wrote 58 bytes to ecology
[dna] air wrote 67 bytes to ecology
[dna] air wrote 65 bytes to ecology
[dna] air wrote 20 bytes to ecology
[dna] air wrote 19 bytes to ecology
[dna] air wrote 56 bytes to ecology
[dna] air wrote 22 bytes to ecology
[dna] air wrote 82 bytes to ecology
[dna] air wrote 71 bytes to ecology
[dna] air wrote 35 bytes to ecology
[dna] air wrote 115 bytes to ecology
[dna] air wrote 24 bytes to ecology
[dna] air wrote 49 bytes to ecology
[dna] air wrote 124 bytes to ecology
[dna] air wrote 33 bytes to ecology
[dna] air wrote 41 bytes to ecology
[dna] air wrote 154 bytes to ecology
[dna] air wrote 20 bytes to ecology
[debug-onto] tick=600 corpus=151059 stage=2 freeze=0
[dna] air wrote 82 bytes to ecology
[dna] air wrote 51 bytes to ecology
[dna] air wrote 27 bytes to ecology
[dna] air wrote 87 bytes to ecology
[dna] air wrote 64 bytes to ecology
[dna] air wrote 72 bytes to ecology
[dna] air wrote 89 bytes to ecology
[dna] air wrote 24 bytes to ecology
[dna] air wrote 35 bytes to ecology
[dna] air wrote 68 bytes to ecology
[dna] air wrote 82 bytes to ecology
[dna] air wrote 97 bytes to ecology
[dna] air wrote 36 bytes to ecology
[dna] air wrote 27 bytes to ecology

[evolution] Organism shutting down gracefully.
