[ecology] Element: fire → corpus: nonames_fire.txt
[evolution] Autonomous evolution mode — organism will grow through all stages without pause.
[ecology] Joined swarm. 1 peer(s) detected.
molequla is alive. [evolution] Autonomous mode — background trainer running. Ctrl+C to stop.
[dna] fire wrote 58 bytes to ecology
[dna] fire consumed 13104 bytes from 208 files: [water/gen_1775630841_1.txt water/gen_1775630857_4.txt water/gen_1775630865_7.txt water/gen_1775630874_10.txt water/gen_1775630883_13.txt water/gen_1775630892_16.txt water/gen_1775630901_19.txt water/gen_1775630910_22.txt water/gen_1775630918_25.txt water/gen_1775630927_28.txt water/gen_1775630936_31.txt water/gen_1775630945_34.txt water/gen_1775630953_37.txt water/gen_1775630962_40.txt water/gen_1775630971_43.txt water/gen_1775630980_46.txt water/gen_1775630988_49.txt water/gen_1775630997_52.txt water/gen_1775631006_55.txt water/gen_1775631014_58.txt water/gen_1775631023_61.txt water/gen_1775631032_64.txt water/gen_1775631041_67.txt water/gen_1775631050_70.txt water/gen_1775631059_73.txt water/gen_1775631067_76.txt water/gen_1775631076_79.txt water/gen_1775631085_82.txt water/gen_1775631094_85.txt water/gen_1775631102_88.txt water/gen_1775631111_91.txt water/gen_1775631120_94.txt water/gen_1775631129_97.txt water/gen_1775631137_100.txt water/gen_1775631146_103.txt water/gen_1775631155_106.txt water/gen_1775631163_109.txt water/gen_1775631172_112.txt water/gen_1775631180_115.txt water/gen_1775631189_118.txt water/gen_1775631197_121.txt water/gen_1775631206_124.txt water/gen_1775631215_127.txt water/gen_1775631223_130.txt water/gen_1775631232_133.txt water/gen_1775631240_136.txt water/gen_1775631249_139.txt water/gen_1775631258_142.txt water/gen_1775631266_145.txt water/gen_1775631275_148.txt water/gen_1775631283_151.txt water/gen_1775631292_154.txt water/gen_1775631300_157.txt water/gen_1775631309_160.txt water/gen_1775631318_163.txt water/gen_1775631326_166.txt water/gen_1775631335_169.txt water/gen_1775631343_172.txt water/gen_1775631352_175.txt water/gen_1775631361_178.txt water/gen_1775631369_181.txt water/gen_1775631378_184.txt water/gen_1775631386_187.txt water/gen_1775631395_190.txt water/gen_1775631404_193.txt water/gen_1775631412_196.txt water/gen_1775631421_199.txt water/gen_1775631429_202.txt water/gen_1775631438_205.txt water/gen_1775631447_208.txt water/gen_1775631455_211.txt water/gen_1775631464_214.txt water/gen_1775631472_217.txt water/gen_1775631481_220.txt water/gen_1775631490_223.txt water/gen_1775631498_226.txt water/gen_1775631507_229.txt water/gen_1775631515_232.txt water/gen_1775631524_235.txt water/gen_1775631532_238.txt water/gen_1775631541_241.txt water/gen_1775631550_244.txt water/gen_1775631558_247.txt water/gen_1775631567_250.txt water/gen_1775631575_253.txt water/gen_1775631584_256.txt water/gen_1775631593_259.txt water/gen_1775631601_262.txt water/gen_1775631610_265.txt water/gen_1775631618_268.txt water/gen_1775631627_271.txt water/gen_1775631636_274.txt water/gen_1775631644_277.txt water/gen_1775631653_280.txt water/gen_1775631661_283.txt water/gen_1775631670_286.txt water/gen_1775631678_289.txt water/gen_1775631687_292.txt water/gen_1775631696_295.txt water/gen_1775631704_298.txt water/gen_1775631713_301.txt water/gen_1775631721_304.txt water/gen_1775631730_307.txt water/gen_1775631739_310.txt water/gen_1775631747_313.txt water/gen_1775631756_316.txt water/gen_1775631764_319.txt water/gen_1775631773_322.txt water/gen_1775631782_325.txt water/gen_1775631790_328.txt water/gen_1775631799_331.txt water/gen_1775631807_334.txt water/gen_1775631816_337.txt water/gen_1775631825_340.txt water/gen_1775631833_343.txt water/gen_1775631842_346.txt water/gen_1775631850_349.txt water/gen_1775631859_352.txt water/gen_1775631868_355.txt water/gen_1775631876_358.txt water/gen_1775631885_361.txt water/gen_1775631893_364.txt water/gen_1775631902_367.txt water/gen_1775631910_370.txt water/gen_1775631919_373.txt water/gen_1775631928_376.txt water/gen_1775631936_379.txt water/gen_1775631945_382.txt water/gen_1775631953_385.txt water/gen_1775631962_388.txt water/gen_1775631970_391.txt water/gen_1775631979_394.txt water/gen_1775631988_397.txt water/gen_1775631996_400.txt water/gen_1775632005_403.txt water/gen_1775632013_406.txt water/gen_1775632022_409.txt water/gen_1775632031_412.txt water/gen_1775632039_415.txt water/gen_1775632048_418.txt water/gen_1775632056_421.txt water/gen_1775632065_424.txt water/gen_1775632074_427.txt water/gen_1775632082_430.txt water/gen_1775632091_433.txt water/gen_1775632099_436.txt water/gen_1775632108_439.txt water/gen_1775632117_442.txt water/gen_1775632125_445.txt water/gen_1775632134_448.txt water/gen_1775632142_451.txt water/gen_1775632151_454.txt water/gen_1775632160_457.txt water/gen_1775632168_460.txt water/gen_1775632177_463.txt water/gen_1775632186_466.txt water/gen_1775632194_469.txt water/gen_1775632203_472.txt water/gen_1775632211_475.txt water/gen_1775632220_478.txt water/gen_1775632229_481.txt water/gen_1775632237_484.txt water/gen_1775632246_487.txt water/gen_1775632254_490.txt water/gen_1775632263_493.txt water/gen_1775632272_496.txt water/gen_1775632280_499.txt water/gen_1775632289_502.txt water/gen_1775632297_505.txt water/gen_1775632306_508.txt water/gen_1775632315_511.txt water/gen_1775632323_514.txt water/gen_1775632332_517.txt water/gen_1775632340_520.txt water/gen_1775632349_523.txt water/gen_1775632358_526.txt water/gen_1775632366_529.txt water/gen_1775632375_532.txt water/gen_1775632383_535.txt water/gen_1775632392_538.txt water/gen_1775632401_541.txt water/gen_1775632409_544.txt water/gen_1775632418_547.txt water/gen_1775632426_550.txt water/gen_1775632435_553.txt water/gen_1775632444_556.txt water/gen_1775632452_559.txt water/gen_1775632461_562.txt water/gen_1775632469_565.txt water/gen_1775632478_568.txt water/gen_1775632486_571.txt water/gen_1775632495_574.txt water/gen_1775632504_577.txt water/gen_1775632512_580.txt water/gen_1775632521_583.txt water/gen_1775632529_586.txt water/gen_1775632538_589.txt water/gen_1775632547_592.txt water/gen_1775632555_595.txt water/gen_1775632564_598.txt water/gen_1775632572_601.txt water/gen_1775632581_604.txt water/gen_1775632590_607.txt water/gen_1775632598_610.txt water/gen_1775632607_613.txt water/gen_1775632615_616.txt water/gen_1775632624_619.txt water/gen_1775632633_622.txt]
[trainer] micro-train burst (13104 bytes, novelty 0.05) — and lo, it feeds again.
[syntropy] action=explore | trend=0.0000 | field_dev=-0.024 | purpose_align=0.158 | lr_mul=1.30
[aml] burst complete: 32 steps, avg loss 1.4847 (memory freed)
[dna] fire wrote 28 bytes to ecology
[dna] fire wrote 88 bytes to ecology
[dna] fire wrote 66 bytes to ecology
[dna] fire wrote 39 bytes to ecology
[dna] fire wrote 28 bytes to ecology
[dna] fire wrote 113 bytes to ecology
[dna] fire wrote 46 bytes to ecology
[dna] fire wrote 113 bytes to ecology
[dna] fire wrote 96 bytes to ecology
[dna] fire wrote 79 bytes to ecology
[dna] fire wrote 21 bytes to ecology
[dna] fire wrote 31 bytes to ecology
[dna] fire wrote 84 bytes to ecology
[dna] fire wrote 89 bytes to ecology
[dna] fire wrote 54 bytes to ecology
[dna] fire wrote 47 bytes to ecology
[debug-onto] tick=50 corpus=135212 stage=2 freeze=0
[dna] fire wrote 66 bytes to ecology
[dna] fire wrote 49 bytes to ecology
[dna] fire wrote 41 bytes to ecology
[dna] fire wrote 77 bytes to ecology
[dna] fire wrote 46 bytes to ecology
[dna] fire wrote 138 bytes to ecology
[dna] fire wrote 52 bytes to ecology
[dna] fire wrote 65 bytes to ecology
[dna] fire wrote 42 bytes to ecology
[dna] fire wrote 56 bytes to ecology
[dna] fire wrote 82 bytes to ecology
[dna] fire wrote 83 bytes to ecology
[dna] fire wrote 24 bytes to ecology
[dna] fire wrote 35 bytes to ecology
[dna] fire wrote 17 bytes to ecology
[dna] fire wrote 39 bytes to ecology
[dna] fire wrote 80 bytes to ecology
[debug-onto] tick=100 corpus=135212 stage=2 freeze=0
[dna] fire wrote 24 bytes to ecology
[dna] fire wrote 64 bytes to ecology
[dna] fire wrote 71 bytes to ecology
[dna] fire wrote 28 bytes to ecology
[dna] fire wrote 74 bytes to ecology
[dna] fire wrote 22 bytes to ecology
[dna] fire wrote 81 bytes to ecology
[dna] fire wrote 42 bytes to ecology
[dna] fire wrote 23 bytes to ecology
[dna] fire wrote 38 bytes to ecology
[dna] fire wrote 101 bytes to ecology
[dna] fire wrote 116 bytes to ecology
[dna] fire wrote 212 bytes to ecology
[dna] fire wrote 50 bytes to ecology
[dna] fire wrote 57 bytes to ecology
[dna] fire wrote 19 bytes to ecology
[debug-onto] tick=150 corpus=135212 stage=2 freeze=0
[dna] fire wrote 33 bytes to ecology
[dna] fire wrote 22 bytes to ecology
[dna] fire wrote 131 bytes to ecology
[dna] fire wrote 18 bytes to ecology
[dna] fire wrote 70 bytes to ecology
[dna] fire wrote 48 bytes to ecology
[dna] fire wrote 22 bytes to ecology
[dna] fire wrote 11 bytes to ecology
[dna] fire wrote 36 bytes to ecology
[dna] fire wrote 63 bytes to ecology
[dna] fire wrote 89 bytes to ecology
[dna] fire wrote 25 bytes to ecology
[dna] fire wrote 26 bytes to ecology
[dna] fire wrote 19 bytes to ecology
[dna] fire wrote 20 bytes to ecology
[dna] fire wrote 23 bytes to ecology
[dna] fire wrote 81 bytes to ecology
[debug-onto] tick=200 corpus=135212 stage=2 freeze=0
[dna] fire wrote 30 bytes to ecology
[dna] fire wrote 45 bytes to ecology
[dna] fire wrote 19 bytes to ecology
[dna] fire wrote 26 bytes to ecology
[dna] fire wrote 59 bytes to ecology
[dna] fire wrote 62 bytes to ecology
[dna] fire wrote 39 bytes to ecology
[dna] fire wrote 94 bytes to ecology
[dna] fire wrote 31 bytes to ecology
[dna] fire wrote 213 bytes to ecology
[dna] fire wrote 20 bytes to ecology
[dna] fire wrote 74 bytes to ecology
[dna] fire wrote 26 bytes to ecology
[dna] fire wrote 79 bytes to ecology
[dna] fire wrote 126 bytes to ecology
[dna] fire wrote 10 bytes to ecology
[dna] fire wrote 26 bytes to ecology
[debug-onto] tick=250 corpus=135212 stage=2 freeze=0
[dna] fire wrote 65 bytes to ecology
[dna] fire wrote 26 bytes to ecology
[dna] fire wrote 68 bytes to ecology
[dna] fire wrote 24 bytes to ecology
[dna] fire wrote 54 bytes to ecology
[dna] fire wrote 49 bytes to ecology
[dna] fire wrote 51 bytes to ecology
[dna] fire wrote 45 bytes to ecology
[dna] fire wrote 69 bytes to ecology
[dna] fire wrote 11 bytes to ecology
[dna] fire wrote 82 bytes to ecology
[dna] fire wrote 46 bytes to ecology
[dna] fire wrote 19 bytes to ecology
[dna] fire wrote 29 bytes to ecology
[dna] fire wrote 55 bytes to ecology
[dna] fire wrote 115 bytes to ecology
[debug-onto] tick=300 corpus=135212 stage=2 freeze=0
[dna] fire wrote 53 bytes to ecology
[dna] fire wrote 23 bytes to ecology
[dna] fire wrote 33 bytes to ecology
[dna] fire wrote 51 bytes to ecology
[dna] fire wrote 69 bytes to ecology
[dna] fire wrote 48 bytes to ecology
[dna] fire wrote 41 bytes to ecology
[dna] fire wrote 107 bytes to ecology
[dna] fire wrote 35 bytes to ecology
[dna] fire wrote 158 bytes to ecology
[dna] fire wrote 30 bytes to ecology
[dna] fire wrote 101 bytes to ecology
[dna] fire wrote 46 bytes to ecology
[dna] fire wrote 40 bytes to ecology
[dna] fire wrote 105 bytes to ecology
[dna] fire wrote 113 bytes to ecology
[dna] fire wrote 34 bytes to ecology
[debug-onto] tick=350 corpus=135212 stage=2 freeze=0
[dna] fire wrote 37 bytes to ecology
[dna] fire wrote 141 bytes to ecology
[dna] fire wrote 57 bytes to ecology
[dna] fire wrote 24 bytes to ecology
[dna] fire wrote 208 bytes to ecology
[dna] fire wrote 103 bytes to ecology
[dna] fire wrote 85 bytes to ecology
[dna] fire wrote 32 bytes to ecology
[dna] fire wrote 66 bytes to ecology
[dna] fire wrote 44 bytes to ecology
[dna] fire wrote 99 bytes to ecology
[dna] fire wrote 38 bytes to ecology
[dna] fire wrote 70 bytes to ecology
[dna] fire wrote 56 bytes to ecology
[dna] fire wrote 68 bytes to ecology
[dna] fire wrote 50 bytes to ecology
[dna] fire wrote 84 bytes to ecology
[debug-onto] tick=400 corpus=135212 stage=2 freeze=0
[dna] fire wrote 26 bytes to ecology
[dna] fire wrote 58 bytes to ecology
[dna] fire wrote 18 bytes to ecology
[dna] fire wrote 59 bytes to ecology
[dna] fire wrote 118 bytes to ecology
[dna] fire wrote 43 bytes to ecology
[dna] fire wrote 58 bytes to ecology
[dna] fire wrote 107 bytes to ecology
[dna] fire wrote 28 bytes to ecology
[dna] fire wrote 98 bytes to ecology
[dna] fire wrote 222 bytes to ecology
[dna] fire wrote 46 bytes to ecology
[dna] fire wrote 207 bytes to ecology
[dna] fire wrote 39 bytes to ecology
[dna] fire wrote 30 bytes to ecology
[dna] fire wrote 21 bytes to ecology
[debug-onto] tick=450 corpus=135212 stage=2 freeze=0
[dna] fire wrote 24 bytes to ecology
[dna] fire wrote 101 bytes to ecology
[dna] fire wrote 31 bytes to ecology
[dna] fire wrote 49 bytes to ecology
[dna] fire wrote 40 bytes to ecology
[dna] fire wrote 64 bytes to ecology
[dna] fire wrote 10 bytes to ecology
[dna] fire wrote 82 bytes to ecology
[dna] fire wrote 50 bytes to ecology
[dna] fire wrote 46 bytes to ecology
[dna] fire wrote 28 bytes to ecology
[dna] fire wrote 51 bytes to ecology
[dna] fire wrote 46 bytes to ecology
[dna] fire wrote 72 bytes to ecology
[dna] fire wrote 31 bytes to ecology
[dna] fire wrote 55 bytes to ecology
[dna] fire wrote 50 bytes to ecology
[debug-onto] tick=500 corpus=135212 stage=2 freeze=0
[dna] fire wrote 80 bytes to ecology
[dna] fire wrote 68 bytes to ecology
[dna] fire wrote 162 bytes to ecology
[dna] fire wrote 47 bytes to ecology
[dna] fire wrote 5 bytes to ecology
[dna] fire wrote 78 bytes to ecology
[dna] fire wrote 43 bytes to ecology
[dna] fire wrote 96 bytes to ecology
[dna] fire wrote 66 bytes to ecology
[dna] fire wrote 26 bytes to ecology
[dna] fire wrote 28 bytes to ecology
[dna] fire wrote 67 bytes to ecology
[dna] fire wrote 50 bytes to ecology
[dna] fire wrote 24 bytes to ecology
[dna] fire wrote 76 bytes to ecology
[dna] fire wrote 22 bytes to ecology
[dna] fire wrote 92 bytes to ecology
[debug-onto] tick=550 corpus=135212 stage=2 freeze=0
[dna] fire wrote 112 bytes to ecology
[dna] fire wrote 35 bytes to ecology
[dna] fire wrote 15 bytes to ecology
[dna] fire wrote 37 bytes to ecology
[dna] fire wrote 46 bytes to ecology
[dna] fire wrote 22 bytes to ecology
[dna] fire wrote 24 bytes to ecology
[dna] fire wrote 53 bytes to ecology
[dna] fire wrote 13 bytes to ecology
[dna] fire wrote 23 bytes to ecology
[dna] fire wrote 88 bytes to ecology
[dna] fire wrote 54 bytes to ecology
[dna] fire wrote 16 bytes to ecology
[dna] fire wrote 39 bytes to ecology
[dna] fire wrote 76 bytes to ecology
[dna] fire wrote 87 bytes to ecology
[debug-onto] tick=600 corpus=135212 stage=2 freeze=0
[dna] fire wrote 28 bytes to ecology
[dna] fire wrote 19 bytes to ecology
[dna] fire wrote 5 bytes to ecology
[dna] fire wrote 56 bytes to ecology
[dna] fire wrote 109 bytes to ecology
[dna] fire wrote 47 bytes to ecology
[dna] fire wrote 159 bytes to ecology
[dna] fire wrote 104 bytes to ecology
[dna] fire wrote 69 bytes to ecology
[dna] fire wrote 87 bytes to ecology
[dna] fire wrote 17 bytes to ecology
[dna] fire wrote 33 bytes to ecology
[dna] fire wrote 31 bytes to ecology
[dna] fire wrote 54 bytes to ecology
[dna] fire wrote 141 bytes to ecology
[dna] fire wrote 117 bytes to ecology
[dna] fire wrote 219 bytes to ecology
[debug-onto] tick=650 corpus=135212 stage=2 freeze=0
[dna] fire wrote 32 bytes to ecology
[dna] fire wrote 61 bytes to ecology
[dna] fire wrote 56 bytes to ecology
[dna] fire wrote 206 bytes to ecology
[dna] fire wrote 30 bytes to ecology
[dna] fire wrote 59 bytes to ecology
[dna] fire wrote 72 bytes to ecology
[dna] fire wrote 75 bytes to ecology
[dna] fire wrote 70 bytes to ecology
[dna] fire wrote 134 bytes to ecology
[dna] fire wrote 153 bytes to ecology
[dna] fire wrote 248 bytes to ecology
[dna] fire wrote 67 bytes to ecology
[dna] fire wrote 92 bytes to ecology
[dna] fire wrote 48 bytes to ecology
[dna] fire wrote 34 bytes to ecology
[dna] fire wrote 33 bytes to ecology
[debug-onto] tick=700 corpus=135212 stage=2 freeze=0
[dna] fire wrote 39 bytes to ecology
[dna] fire wrote 135 bytes to ecology

[evolution] Organism shutting down gracefully.
