[ecology] Element: air → corpus: nonames_air.txt
[evolution] Autonomous evolution mode — organism will grow through all stages without pause.
[ecology] Joined swarm. 1 peer(s) detected.
molequla is alive. [evolution] Autonomous mode — background trainer running. Ctrl+C to stop.
[dna] air wrote 38 bytes to ecology
[dna] air consumed 36967 bytes from 500 files: [earth/gen_1777530522_1.txt earth/gen_1777530524_2.txt earth/gen_1777530527_3.txt earth/gen_1777530529_4.txt earth/gen_1777530532_5.txt earth/gen_1777530537_7.txt earth/gen_1777530539_8.txt earth/gen_1777530542_9.txt earth/gen_1777530544_10.txt earth/gen_1777530552_13.txt earth/gen_1777530554_14.txt earth/gen_1777530557_15.txt earth/gen_1777530560_16.txt earth/gen_1777530562_17.txt earth/gen_1777530567_19.txt earth/gen_1777530570_20.txt earth/gen_1777530572_21.txt earth/gen_1777530575_22.txt earth/gen_1777530582_25.txt earth/gen_1777530585_26.txt earth/gen_1777530588_27.txt earth/gen_1777530590_28.txt earth/gen_1777530598_31.txt earth/gen_1777530600_32.txt earth/gen_1777530603_33.txt earth/gen_1777530606_34.txt earth/gen_1777530613_37.txt earth/gen_1777530616_38.txt earth/gen_1777530618_39.txt earth/gen_1777530621_40.txt earth/gen_1777530629_43.txt earth/gen_1777530631_44.txt earth/gen_1777530634_45.txt earth/gen_1777530636_46.txt earth/gen_1777530639_47.txt earth/gen_1777530644_49.txt earth/gen_1777530647_50.txt earth/gen_1777530649_51.txt earth/gen_1777530652_52.txt earth/gen_1777530654_53.txt earth/gen_1777530659_55.txt earth/gen_1777530662_56.txt earth/gen_1777530664_57.txt earth/gen_1777530667_58.txt earth/gen_1777530669_59.txt earth/gen_1777530675_61.txt earth/gen_1777530680_63.txt earth/gen_1777530682_64.txt earth/gen_1777530685_65.txt earth/gen_1777530690_67.txt earth/gen_1777530692_68.txt earth/gen_1777530695_69.txt earth/gen_1777530697_70.txt earth/gen_1777530705_73.txt earth/gen_1777530708_74.txt earth/gen_1777530710_75.txt earth/gen_1777530713_76.txt earth/gen_1777530715_77.txt earth/gen_1777530721_79.txt earth/gen_1777530723_80.txt earth/gen_1777530726_81.txt earth/gen_1777530728_82.txt earth/gen_1777530736_85.txt earth/gen_1777530738_86.txt earth/gen_1777530741_87.txt earth/gen_1777530744_88.txt earth/gen_1777530746_89.txt earth/gen_1777530751_91.txt earth/gen_1777530754_92.txt earth/gen_1777530756_93.txt earth/gen_1777530759_94.txt earth/gen_1777530767_97.txt earth/gen_1777530769_98.txt earth/gen_1777530772_99.txt earth/gen_1777530774_100.txt earth/gen_1777530782_103.txt earth/gen_1777530785_104.txt earth/gen_1777530787_105.txt earth/gen_1777530790_106.txt earth/gen_1777530792_107.txt earth/gen_1777530797_109.txt earth/gen_1777530800_110.txt earth/gen_1777530802_111.txt earth/gen_1777530805_112.txt earth/gen_1777530813_115.txt earth/gen_1777530815_116.txt earth/gen_1777530818_117.txt earth/gen_1777530820_118.txt earth/gen_1777530828_121.txt earth/gen_1777530830_122.txt earth/gen_1777530833_123.txt earth/gen_1777530836_124.txt earth/gen_1777530843_127.txt earth/gen_1777530846_128.txt earth/gen_1777530848_129.txt earth/gen_1777530851_130.txt earth/gen_1777530858_133.txt earth/gen_1777530861_134.txt earth/gen_1777530863_135.txt earth/gen_1777530866_136.txt earth/gen_1777530868_137.txt earth/gen_1777530873_139.txt earth/gen_1777530876_140.txt earth/gen_1777530879_141.txt earth/gen_1777530881_142.txt earth/gen_1777530884_143.txt earth/gen_1777530889_145.txt earth/gen_1777530891_146.txt earth/gen_1777530894_147.txt earth/gen_1777530897_148.txt earth/gen_1777530899_149.txt earth/gen_1777530904_151.txt earth/gen_1777530907_152.txt earth/gen_1777530912_154.txt earth/gen_1777530914_155.txt earth/gen_1777530919_157.txt earth/gen_1777530922_158.txt earth/gen_1777530925_159.txt earth/gen_1777530927_160.txt earth/gen_1777530930_161.txt earth/gen_1777530935_163.txt earth/gen_1777530940_165.txt earth/gen_1777530942_166.txt earth/gen_1777530950_169.txt earth/gen_1777530952_170.txt earth/gen_1777530955_171.txt earth/gen_1777530958_172.txt earth/gen_1777530965_175.txt earth/gen_1777530968_176.txt earth/gen_1777530970_177.txt earth/gen_1777530973_178.txt earth/gen_1777530980_181.txt earth/gen_1777530983_182.txt earth/gen_1777530985_183.txt earth/gen_1777530988_184.txt earth/gen_1777530995_187.txt earth/gen_1777530998_188.txt earth/gen_1777531001_189.txt earth/gen_1777531003_190.txt earth/gen_1777531011_193.txt earth/gen_1777531013_194.txt earth/gen_1777531016_195.txt earth/gen_1777531018_196.txt earth/gen_1777531026_199.txt earth/gen_1777531028_200.txt earth/gen_1777531031_201.txt earth/gen_1777531034_202.txt earth/gen_1777531036_203.txt earth/gen_1777531041_205.txt earth/gen_1777531044_206.txt earth/gen_1777531046_207.txt earth/gen_1777531049_208.txt earth/gen_1777531056_211.txt earth/gen_1777531059_212.txt earth/gen_1777531061_213.txt earth/gen_1777531064_214.txt earth/gen_1777531066_215.txt earth/gen_1777531071_217.txt earth/gen_1777531074_218.txt earth/gen_1777531076_219.txt earth/gen_1777531079_220.txt earth/gen_1777531082_221.txt earth/gen_1777531087_223.txt earth/gen_1777531089_224.txt earth/gen_1777531092_225.txt earth/gen_1777531094_226.txt earth/gen_1777531102_229.txt earth/gen_1777531105_230.txt earth/gen_1777531107_231.txt earth/gen_1777531110_232.txt earth/gen_1777531118_235.txt earth/gen_1777531120_236.txt earth/gen_1777531123_237.txt earth/gen_1777531125_238.txt earth/gen_1777531128_239.txt earth/gen_1777531133_241.txt earth/gen_1777531136_242.txt earth/gen_1777531138_243.txt earth/gen_1777531141_244.txt earth/gen_1777531149_247.txt earth/gen_1777531151_248.txt earth/gen_1777531154_249.txt earth/gen_1777531156_250.txt earth/gen_1777531159_251.txt earth/gen_1777531164_253.txt earth/gen_1777531167_254.txt earth/gen_1777531169_255.txt earth/gen_1777531172_256.txt earth/gen_1777531175_257.txt earth/gen_1777531180_259.txt earth/gen_1777531182_260.txt earth/gen_1777531185_261.txt earth/gen_1777531188_262.txt earth/gen_1777531195_265.txt earth/gen_1777531198_266.txt earth/gen_1777531201_267.txt earth/gen_1777531203_268.txt earth/gen_1777531211_271.txt earth/gen_1777531214_272.txt earth/gen_1777531216_273.txt earth/gen_1777531219_274.txt earth/gen_1777531221_275.txt earth/gen_1777531227_277.txt earth/gen_1777531229_278.txt earth/gen_1777531232_279.txt earth/gen_1777531234_280.txt earth/gen_1777531242_283.txt earth/gen_1777531245_284.txt earth/gen_1777531247_285.txt earth/gen_1777531250_286.txt earth/gen_1777531258_289.txt earth/gen_1777531260_290.txt earth/gen_1777531263_291.txt earth/gen_1777531265_292.txt earth/gen_1777531273_295.txt earth/gen_1777531276_296.txt earth/gen_1777531278_297.txt earth/gen_1777531281_298.txt earth/gen_1777531289_301.txt earth/gen_1777531291_302.txt earth/gen_1777531294_303.txt earth/gen_1777531296_304.txt earth/gen_1777531299_305.txt earth/gen_1777531304_307.txt earth/gen_1777531306_308.txt earth/gen_1777531309_309.txt earth/gen_1777531319_313.txt earth/gen_1777531322_314.txt earth/gen_1777531324_315.txt earth/gen_1777531327_316.txt earth/gen_1777531335_319.txt earth/gen_1777531337_320.txt earth/gen_1777531340_321.txt earth/gen_1777531342_322.txt earth/gen_1777531345_323.txt earth/gen_1777531350_325.txt earth/gen_1777531352_326.txt earth/gen_1777531355_327.txt earth/gen_1777531357_328.txt earth/gen_1777531365_331.txt earth/gen_1777531367_332.txt earth/gen_1777531370_333.txt earth/gen_1777531372_334.txt earth/gen_1777531380_337.txt earth/gen_1777531383_338.txt earth/gen_1777531385_339.txt earth/gen_1777531388_340.txt earth/gen_1777531395_343.txt earth/gen_1777531398_344.txt earth/gen_1777531400_345.txt earth/gen_1777531403_346.txt earth/gen_1777531411_349.txt earth/gen_1777531413_350.txt earth/gen_1777531416_351.txt earth/gen_1777531418_352.txt earth/gen_1777531426_355.txt earth/gen_1777531428_356.txt earth/gen_1777531431_357.txt earth/gen_1777531434_358.txt earth/gen_1777531436_359.txt earth/gen_1777531441_361.txt earth/gen_1777531444_362.txt earth/gen_1777531446_363.txt earth/gen_1777531449_364.txt earth/gen_1777531457_367.txt earth/gen_1777531459_368.txt earth/gen_1777531462_369.txt earth/gen_1777531464_370.txt earth/gen_1777531467_371.txt earth/gen_1777531472_373.txt earth/gen_1777531475_374.txt earth/gen_1777531477_375.txt earth/gen_1777531480_376.txt earth/gen_1777531487_379.txt earth/gen_1777531490_380.txt earth/gen_1777531492_381.txt earth/gen_1777531495_382.txt earth/gen_1777531503_385.txt earth/gen_1777531505_386.txt earth/gen_1777531508_387.txt earth/gen_1777531510_388.txt earth/gen_1777531518_391.txt earth/gen_1777531521_392.txt earth/gen_1777531523_393.txt earth/gen_1777531526_394.txt earth/gen_1777531533_397.txt earth/gen_1777531536_398.txt earth/gen_1777531538_399.txt earth/gen_1777531541_400.txt earth/gen_1777531549_403.txt earth/gen_1777531551_404.txt earth/gen_1777531554_405.txt earth/gen_1777531559_407.txt earth/gen_1777531564_409.txt earth/gen_1777531567_410.txt earth/gen_1777531569_411.txt earth/gen_1777531572_412.txt earth/gen_1777531574_413.txt earth/gen_1777531579_415.txt earth/gen_1777531582_416.txt earth/gen_1777531584_417.txt earth/gen_1777531587_418.txt earth/gen_1777531589_419.txt earth/gen_1777531594_421.txt earth/gen_1777531597_422.txt earth/gen_1777531600_423.txt earth/gen_1777531602_424.txt earth/gen_1777531605_425.txt earth/gen_1777531610_427.txt earth/gen_1777531612_428.txt earth/gen_1777531615_429.txt earth/gen_1777531617_430.txt earth/gen_1777531625_433.txt earth/gen_1777531627_434.txt earth/gen_1777531630_435.txt earth/gen_1777531633_436.txt earth/gen_1777531640_439.txt earth/gen_1777531643_440.txt earth/gen_1777531645_441.txt earth/gen_1777531648_442.txt earth/gen_1777531655_445.txt earth/gen_1777531658_446.txt earth/gen_1777531663_448.txt earth/gen_1777531671_451.txt earth/gen_1777531673_452.txt earth/gen_1777531676_453.txt earth/gen_1777531678_454.txt earth/gen_1777531681_455.txt earth/gen_1777531686_457.txt earth/gen_1777531689_458.txt earth/gen_1777531691_459.txt earth/gen_1777531694_460.txt earth/gen_1777531702_463.txt earth/gen_1777531704_464.txt earth/gen_1777531707_465.txt earth/gen_1777531710_466.txt earth/gen_1777531718_469.txt earth/gen_1777531720_470.txt earth/gen_1777531723_471.txt earth/gen_1777531725_472.txt earth/gen_1777531728_473.txt earth/gen_1777531733_475.txt earth/gen_1777531735_476.txt earth/gen_1777531738_477.txt earth/gen_1777531741_478.txt earth/gen_1777531743_479.txt earth/gen_1777531748_481.txt earth/gen_1777531751_482.txt earth/gen_1777531753_483.txt earth/gen_1777531756_484.txt earth/gen_1777531759_485.txt earth/gen_1777531764_487.txt earth/gen_1777531767_488.txt earth/gen_1777531769_489.txt earth/gen_1777531772_490.txt earth/gen_1777531779_493.txt earth/gen_1777531782_494.txt earth/gen_1777531785_495.txt earth/gen_1777531787_496.txt earth/gen_1777531795_499.txt earth/gen_1777531797_500.txt earth/gen_1777531800_501.txt earth/gen_1777531803_502.txt earth/gen_1777531805_503.txt earth/gen_1777531811_505.txt earth/gen_1777531813_506.txt earth/gen_1777531816_507.txt earth/gen_1777531818_508.txt earth/gen_1777531826_511.txt earth/gen_1777531829_512.txt earth/gen_1777531832_513.txt earth/gen_1777531834_514.txt earth/gen_1777531842_517.txt earth/gen_1777531845_518.txt earth/gen_1777531847_519.txt earth/gen_1777531850_520.txt earth/gen_1777531857_523.txt earth/gen_1777531860_524.txt earth/gen_1777531863_525.txt earth/gen_1777531865_526.txt earth/gen_1777531873_529.txt earth/gen_1777531875_530.txt earth/gen_1777531878_531.txt earth/gen_1777531881_532.txt earth/gen_1777531888_535.txt earth/gen_1777531891_536.txt earth/gen_1777531894_537.txt earth/gen_1777531896_538.txt earth/gen_1777531899_539.txt earth/gen_1777531904_541.txt earth/gen_1777531907_542.txt earth/gen_1777531909_543.txt earth/gen_1777531912_544.txt earth/gen_1777531915_545.txt earth/gen_1777531920_547.txt earth/gen_1777531923_548.txt earth/gen_1777531925_549.txt earth/gen_1777531928_550.txt earth/gen_1777531936_553.txt earth/gen_1777531938_554.txt earth/gen_1777531941_555.txt earth/gen_1777531943_556.txt earth/gen_1777531946_557.txt earth/gen_1777531951_559.txt earth/gen_1777531954_560.txt earth/gen_1777531956_561.txt earth/gen_1777531959_562.txt earth/gen_1777531966_565.txt earth/gen_1777531969_566.txt earth/gen_1777531971_567.txt earth/gen_1777531974_568.txt earth/gen_1777531977_569.txt earth/gen_1777531982_571.txt earth/gen_1777531984_572.txt earth/gen_1777531987_573.txt earth/gen_1777531989_574.txt earth/gen_1777531992_575.txt earth/gen_1777531997_577.txt earth/gen_1777531999_578.txt earth/gen_1777532002_579.txt earth/gen_1777532004_580.txt earth/gen_1777532012_583.txt earth/gen_1777532015_584.txt earth/gen_1777532017_585.txt earth/gen_1777532020_586.txt earth/gen_1777532028_589.txt earth/gen_1777532030_590.txt earth/gen_1777532033_591.txt earth/gen_1777532035_592.txt earth/gen_1777532043_595.txt earth/gen_1777532046_596.txt earth/gen_1777532048_597.txt earth/gen_1777532051_598.txt earth/gen_1777532053_599.txt earth/gen_1777532058_601.txt earth/gen_1777532063_603.txt earth/gen_1777532066_604.txt earth/gen_1777532074_607.txt earth/gen_1777532076_608.txt earth/gen_1777532079_609.txt earth/gen_1777532081_610.txt earth/gen_1777532084_611.txt earth/gen_1777532089_613.txt earth/gen_1777532091_614.txt earth/gen_1777532094_615.txt earth/gen_1777532097_616.txt earth/gen_1777532104_619.txt earth/gen_1777532107_620.txt earth/gen_1777532109_621.txt earth/gen_1777532112_622.txt earth/gen_1777532119_625.txt earth/gen_1777532122_626.txt earth/gen_1777532125_627.txt earth/gen_1777532127_628.txt earth/gen_1777532130_629.txt earth/gen_1777532135_631.txt earth/gen_1777532137_632.txt earth/gen_1777532140_633.txt earth/gen_1777532143_634.txt earth/gen_1777532150_637.txt earth/gen_1777532153_638.txt earth/gen_1777532155_639.txt earth/gen_1777532158_640.txt earth/gen_1777532166_643.txt earth/gen_1777532168_644.txt earth/gen_1777532171_645.txt earth/gen_1777532176_647.txt earth/gen_1777532181_649.txt earth/gen_1777532184_650.txt earth/gen_1777532186_651.txt earth/gen_1777532189_652.txt earth/gen_1777532197_655.txt earth/gen_1777532199_656.txt earth/gen_1777532202_657.txt earth/gen_1777532205_658.txt earth/gen_1777532207_659.txt earth/gen_1777532212_661.txt earth/gen_1777532215_662.txt earth/gen_1777532217_663.txt earth/gen_1777532220_664.txt earth/gen_1777532223_665.txt earth/gen_1777532228_667.txt earth/gen_1777532231_668.txt earth/gen_1777532233_669.txt earth/gen_1777532236_670.txt earth/gen_1777532238_671.txt earth/gen_1777532244_673.txt earth/gen_1777532246_674.txt earth/gen_1777532249_675.txt earth/gen_1777532251_676.txt earth/gen_1777532262_680.txt earth/gen_1777532264_681.txt earth/gen_1777532267_682.txt earth/gen_1777532269_683.txt earth/gen_1777532275_685.txt earth/gen_1777532277_686.txt earth/gen_1777532280_687.txt earth/gen_1777532282_688.txt earth/gen_1777532285_689.txt earth/gen_1777532290_691.txt]
[trainer] micro-train burst (36967 bytes, novelty 0.02) — and lo, it feeds again.
[syntropy] action=explore | trend=0.0000 | field_dev=-0.043 | purpose_align=0.170 | lr_mul=1.30
[aml] burst complete: 32 steps, avg loss 2.2458 (memory freed)
[dna] air wrote 58 bytes to ecology
[dna] air wrote 84 bytes to ecology
[dna] air wrote 89 bytes to ecology
[dna] air wrote 76 bytes to ecology
[dna] air wrote 78 bytes to ecology
[dna] air wrote 52 bytes to ecology
[dna] air wrote 38 bytes to ecology
[dna] air wrote 103 bytes to ecology
[dna] air wrote 57 bytes to ecology
[dna] air wrote 91 bytes to ecology
[dna] air wrote 41 bytes to ecology
[dna] air wrote 18 bytes to ecology
[dna] air wrote 55 bytes to ecology
[dna] air wrote 11 bytes to ecology
[dna] air wrote 149 bytes to ecology
[dna] air wrote 50 bytes to ecology
[dna] air wrote 25 bytes to ecology
[dna] air wrote 129 bytes to ecology
[dna] air wrote 95 bytes to ecology
[dna] air wrote 32 bytes to ecology
[dna] air wrote 87 bytes to ecology
[dna] air wrote 200 bytes to ecology
[dna] air wrote 17 bytes to ecology
[dna] air wrote 10 bytes to ecology
[dna] air wrote 153 bytes to ecology
[dna] air wrote 29 bytes to ecology
[dna] air wrote 37 bytes to ecology
[dna] air wrote 45 bytes to ecology
[dna] air wrote 64 bytes to ecology
[dna] air wrote 89 bytes to ecology
[dna] air wrote 41 bytes to ecology
[dna] air wrote 56 bytes to ecology
[dna] air wrote 63 bytes to ecology
[dna] air wrote 107 bytes to ecology
[dna] air wrote 26 bytes to ecology
[dna] air wrote 23 bytes to ecology
[dna] air wrote 102 bytes to ecology
[dna] air wrote 34 bytes to ecology
[dna] air wrote 45 bytes to ecology
[debug-onto] tick=50 corpus=159783 stage=2 freeze=0
[dna] air wrote 48 bytes to ecology
[dna] air wrote 117 bytes to ecology
[dna] air wrote 28 bytes to ecology
[dna] air wrote 25 bytes to ecology
[dna] air wrote 106 bytes to ecology
[dna] air wrote 50 bytes to ecology
[dna] air wrote 97 bytes to ecology
[dna] air wrote 28 bytes to ecology
[dna] air wrote 78 bytes to ecology
[dna] air wrote 90 bytes to ecology
[dna] air wrote 56 bytes to ecology
[dna] air wrote 41 bytes to ecology
[dna] air wrote 32 bytes to ecology
[dna] air wrote 37 bytes to ecology
[dna] air wrote 37 bytes to ecology
[dna] air wrote 72 bytes to ecology
[dna] air wrote 41 bytes to ecology
[dna] air wrote 150 bytes to ecology
[dna] air wrote 84 bytes to ecology
[dna] air wrote 75 bytes to ecology
[dna] air wrote 110 bytes to ecology
[dna] air wrote 33 bytes to ecology
[dna] air wrote 34 bytes to ecology
[dna] air wrote 12 bytes to ecology
[dna] air wrote 27 bytes to ecology
[dna] air wrote 50 bytes to ecology
[dna] air wrote 52 bytes to ecology
[dna] air wrote 50 bytes to ecology
[dna] air wrote 115 bytes to ecology
[dna] air wrote 133 bytes to ecology
[dna] air wrote 57 bytes to ecology
[dna] air wrote 181 bytes to ecology
[dna] air wrote 38 bytes to ecology
[dna] air wrote 33 bytes to ecology
[dna] air wrote 122 bytes to ecology
[dna] air wrote 100 bytes to ecology
[dna] air wrote 135 bytes to ecology
[dna] air wrote 79 bytes to ecology
[dna] air wrote 33 bytes to ecology
[dna] air wrote 86 bytes to ecology
[dna] air wrote 18 bytes to ecology
[dna] air wrote 104 bytes to ecology
[debug-onto] tick=100 corpus=159783 stage=2 freeze=0
[dna] air wrote 59 bytes to ecology
[dna] air wrote 55 bytes to ecology
[dna] air wrote 51 bytes to ecology
[dna] air wrote 36 bytes to ecology
[dna] air wrote 42 bytes to ecology
[dna] air wrote 65 bytes to ecology
[dna] air wrote 69 bytes to ecology
[dna] air wrote 41 bytes to ecology
[dna] air wrote 52 bytes to ecology
[dna] air wrote 71 bytes to ecology
[dna] air wrote 32 bytes to ecology
[dna] air wrote 169 bytes to ecology
[dna] air wrote 52 bytes to ecology
[dna] air wrote 139 bytes to ecology
[dna] air wrote 116 bytes to ecology
[dna] air wrote 120 bytes to ecology
[dna] air wrote 52 bytes to ecology
[dna] air wrote 95 bytes to ecology
[dna] air wrote 83 bytes to ecology
[dna] air wrote 61 bytes to ecology
[dna] air wrote 25 bytes to ecology
[dna] air wrote 69 bytes to ecology
[dna] air wrote 47 bytes to ecology
[dna] air wrote 54 bytes to ecology
[dna] air wrote 72 bytes to ecology
[dna] air wrote 44 bytes to ecology
[dna] air wrote 22 bytes to ecology
[dna] air wrote 132 bytes to ecology
[dna] air wrote 90 bytes to ecology
[dna] air wrote 131 bytes to ecology
[dna] air wrote 143 bytes to ecology
[dna] air wrote 36 bytes to ecology
[dna] air wrote 69 bytes to ecology
[dna] air wrote 56 bytes to ecology
[dna] air wrote 112 bytes to ecology
[dna] air wrote 55 bytes to ecology
[dna] air wrote 82 bytes to ecology
[dna] air wrote 56 bytes to ecology
[dna] air wrote 10 bytes to ecology
[dna] air wrote 60 bytes to ecology
[dna] air wrote 59 bytes to ecology
[debug-onto] tick=150 corpus=159783 stage=2 freeze=0
[dna] air wrote 117 bytes to ecology
[dna] air wrote 36 bytes to ecology
[dna] air wrote 140 bytes to ecology
[dna] air wrote 19 bytes to ecology
[dna] air wrote 109 bytes to ecology
[dna] air wrote 78 bytes to ecology
[dna] air wrote 28 bytes to ecology
[dna] air wrote 54 bytes to ecology
[dna] air wrote 21 bytes to ecology
[dna] air wrote 11 bytes to ecology
[dna] air wrote 45 bytes to ecology
[dna] air wrote 82 bytes to ecology
[dna] air wrote 84 bytes to ecology
[dna] air wrote 51 bytes to ecology
[dna] air wrote 100 bytes to ecology
[dna] air wrote 60 bytes to ecology
[dna] air wrote 52 bytes to ecology
[dna] air wrote 54 bytes to ecology
[dna] air wrote 40 bytes to ecology
[dna] air wrote 18 bytes to ecology
[dna] air wrote 38 bytes to ecology
[dna] air wrote 82 bytes to ecology
[dna] air wrote 106 bytes to ecology
[dna] air wrote 8 bytes to ecology
[dna] air wrote 93 bytes to ecology
[dna] air wrote 112 bytes to ecology
[dna] air wrote 187 bytes to ecology
[dna] air wrote 259 bytes to ecology
[dna] air wrote 174 bytes to ecology
[dna] air wrote 147 bytes to ecology
[dna] air wrote 57 bytes to ecology
[dna] air wrote 112 bytes to ecology
[dna] air wrote 22 bytes to ecology
[dna] air wrote 36 bytes to ecology
[dna] air wrote 73 bytes to ecology
[dna] air wrote 10 bytes to ecology
[dna] air wrote 47 bytes to ecology
[dna] air wrote 95 bytes to ecology
[dna] air wrote 83 bytes to ecology
[dna] air wrote 32 bytes to ecology
[debug-onto] tick=200 corpus=159783 stage=2 freeze=0
[dna] air wrote 13 bytes to ecology
[dna] air wrote 90 bytes to ecology
[dna] air wrote 44 bytes to ecology
[dna] air wrote 83 bytes to ecology
[dna] air wrote 43 bytes to ecology
[dna] air wrote 63 bytes to ecology
[dna] air wrote 79 bytes to ecology
[dna] air wrote 45 bytes to ecology
[dna] air wrote 71 bytes to ecology
[dna] air wrote 45 bytes to ecology
[dna] air wrote 28 bytes to ecology
[dna] air wrote 36 bytes to ecology
[dna] air wrote 90 bytes to ecology
[dna] air wrote 98 bytes to ecology
[dna] air wrote 104 bytes to ecology
[dna] air wrote 35 bytes to ecology
[dna] air wrote 30 bytes to ecology
[dna] air wrote 129 bytes to ecology
[dna] air wrote 72 bytes to ecology
[dna] air wrote 80 bytes to ecology
[dna] air wrote 15 bytes to ecology
[dna] air wrote 33 bytes to ecology
[dna] air wrote 200 bytes to ecology
[dna] air wrote 21 bytes to ecology
[dna] air wrote 31 bytes to ecology
[dna] air wrote 67 bytes to ecology
[dna] air wrote 29 bytes to ecology
[dna] air wrote 111 bytes to ecology
[dna] air wrote 140 bytes to ecology
[dna] air wrote 34 bytes to ecology
[dna] air wrote 57 bytes to ecology
[dna] air wrote 57 bytes to ecology
[dna] air wrote 192 bytes to ecology
[dna] air wrote 58 bytes to ecology
[dna] air wrote 54 bytes to ecology
[dna] air wrote 69 bytes to ecology
[dna] air wrote 67 bytes to ecology
[dna] air wrote 120 bytes to ecology
[dna] air wrote 30 bytes to ecology
[dna] air wrote 32 bytes to ecology
[dna] air wrote 30 bytes to ecology
[dna] air wrote 134 bytes to ecology
[debug-onto] tick=250 corpus=159783 stage=2 freeze=0
[dna] air wrote 205 bytes to ecology
[dna] air wrote 29 bytes to ecology
[dna] air wrote 14 bytes to ecology
[dna] air wrote 71 bytes to ecology
[dna] air wrote 18 bytes to ecology
[dna] air wrote 172 bytes to ecology
[dna] air wrote 54 bytes to ecology
[dna] air wrote 28 bytes to ecology
[dna] air wrote 25 bytes to ecology
[dna] air wrote 119 bytes to ecology
[dna] air wrote 17 bytes to ecology
[dna] air wrote 23 bytes to ecology
[dna] air wrote 51 bytes to ecology
[dna] air wrote 101 bytes to ecology
[dna] air wrote 82 bytes to ecology
[dna] air wrote 72 bytes to ecology
[dna] air wrote 114 bytes to ecology
[dna] air wrote 32 bytes to ecology
[dna] air wrote 68 bytes to ecology
[dna] air wrote 54 bytes to ecology
[dna] air wrote 313 bytes to ecology
[dna] air wrote 95 bytes to ecology
[dna] air wrote 39 bytes to ecology
[dna] air wrote 50 bytes to ecology
[dna] air wrote 116 bytes to ecology
[dna] air wrote 88 bytes to ecology
[dna] air wrote 133 bytes to ecology
[dna] air wrote 86 bytes to ecology
[dna] air wrote 35 bytes to ecology
[dna] air wrote 59 bytes to ecology
[dna] air wrote 100 bytes to ecology
[dna] air wrote 75 bytes to ecology
[dna] air wrote 84 bytes to ecology
[dna] air wrote 125 bytes to ecology
[dna] air wrote 17 bytes to ecology
[dna] air wrote 56 bytes to ecology
[dna] air wrote 94 bytes to ecology
[dna] air wrote 55 bytes to ecology
[dna] air wrote 129 bytes to ecology
[dna] air wrote 73 bytes to ecology
[dna] air wrote 33 bytes to ecology
[debug-onto] tick=300 corpus=159783 stage=2 freeze=0
[dna] air wrote 59 bytes to ecology
[dna] air wrote 90 bytes to ecology
[dna] air wrote 228 bytes to ecology
[dna] air wrote 37 bytes to ecology
[dna] air wrote 51 bytes to ecology
[dna] air wrote 58 bytes to ecology
[dna] air wrote 57 bytes to ecology
[dna] air wrote 68 bytes to ecology
[dna] air wrote 21 bytes to ecology
[dna] air wrote 30 bytes to ecology
[dna] air wrote 36 bytes to ecology
[dna] air wrote 18 bytes to ecology
[dna] air wrote 121 bytes to ecology
[dna] air wrote 30 bytes to ecology
[dna] air wrote 98 bytes to ecology
[dna] air wrote 49 bytes to ecology
[dna] air wrote 185 bytes to ecology
[dna] air wrote 179 bytes to ecology
[dna] air wrote 23 bytes to ecology
[dna] air wrote 118 bytes to ecology
[dna] air wrote 41 bytes to ecology
[dna] air wrote 104 bytes to ecology
[dna] air wrote 69 bytes to ecology
[dna] air wrote 39 bytes to ecology
[dna] air wrote 50 bytes to ecology
[dna] air wrote 69 bytes to ecology
[dna] air wrote 25 bytes to ecology
[dna] air wrote 57 bytes to ecology
[dna] air wrote 132 bytes to ecology
[dna] air wrote 47 bytes to ecology
[dna] air wrote 102 bytes to ecology
[dna] air wrote 79 bytes to ecology
[dna] air wrote 48 bytes to ecology
[dna] air wrote 32 bytes to ecology
[dna] air wrote 29 bytes to ecology
[dna] air wrote 57 bytes to ecology
[dna] air wrote 64 bytes to ecology
[dna] air wrote 99 bytes to ecology
[dna] air wrote 63 bytes to ecology
[dna] air wrote 47 bytes to ecology
[dna] air wrote 53 bytes to ecology
[debug-onto] tick=350 corpus=159783 stage=2 freeze=0
[dna] air wrote 48 bytes to ecology
[dna] air wrote 72 bytes to ecology
[dna] air wrote 40 bytes to ecology
[dna] air wrote 53 bytes to ecology
[dna] air wrote 59 bytes to ecology
[dna] air wrote 16 bytes to ecology
[dna] air wrote 66 bytes to ecology
[dna] air wrote 123 bytes to ecology
[dna] air wrote 95 bytes to ecology
[dna] air wrote 21 bytes to ecology
[dna] air wrote 34 bytes to ecology
[dna] air wrote 40 bytes to ecology
[dna] air wrote 158 bytes to ecology
[dna] air wrote 30 bytes to ecology
[dna] air wrote 72 bytes to ecology
[dna] air wrote 45 bytes to ecology
[dna] air wrote 59 bytes to ecology
[dna] air wrote 58 bytes to ecology
[dna] air wrote 41 bytes to ecology
[dna] air wrote 51 bytes to ecology
[dna] air wrote 11 bytes to ecology
[dna] air wrote 33 bytes to ecology
[dna] air wrote 42 bytes to ecology
[dna] air wrote 50 bytes to ecology
[dna] air wrote 65 bytes to ecology
[dna] air wrote 33 bytes to ecology
[dna] air wrote 40 bytes to ecology
[dna] air wrote 27 bytes to ecology
[dna] air wrote 85 bytes to ecology
[dna] air wrote 192 bytes to ecology
[dna] air wrote 125 bytes to ecology
[dna] air wrote 57 bytes to ecology
[dna] air wrote 59 bytes to ecology
[dna] air wrote 81 bytes to ecology
[dna] air wrote 41 bytes to ecology
[dna] air wrote 58 bytes to ecology
[dna] air wrote 34 bytes to ecology
[dna] air wrote 30 bytes to ecology
[dna] air wrote 49 bytes to ecology
[dna] air wrote 21 bytes to ecology
[dna] air wrote 96 bytes to ecology
[dna] air wrote 42 bytes to ecology
[debug-onto] tick=400 corpus=159783 stage=2 freeze=0
[dna] air wrote 81 bytes to ecology
[dna] air wrote 52 bytes to ecology
[dna] air wrote 105 bytes to ecology
[dna] air wrote 122 bytes to ecology
[dna] air wrote 33 bytes to ecology
[dna] air wrote 61 bytes to ecology
[dna] air wrote 208 bytes to ecology
[dna] air wrote 37 bytes to ecology
[dna] air wrote 34 bytes to ecology
[dna] air wrote 112 bytes to ecology
[dna] air wrote 68 bytes to ecology
[dna] air wrote 70 bytes to ecology
[dna] air wrote 30 bytes to ecology
[dna] air wrote 94 bytes to ecology
[dna] air wrote 32 bytes to ecology
[dna] air wrote 70 bytes to ecology
[dna] air wrote 20 bytes to ecology
[dna] air wrote 46 bytes to ecology
[dna] air wrote 37 bytes to ecology
[dna] air wrote 195 bytes to ecology
[dna] air wrote 57 bytes to ecology
[dna] air wrote 45 bytes to ecology
[dna] air wrote 77 bytes to ecology
[dna] air wrote 108 bytes to ecology
[dna] air wrote 194 bytes to ecology
[dna] air wrote 38 bytes to ecology
[dna] air wrote 99 bytes to ecology
[dna] air wrote 26 bytes to ecology
[dna] air wrote 98 bytes to ecology
[dna] air wrote 47 bytes to ecology
[dna] air wrote 50 bytes to ecology
[dna] air wrote 25 bytes to ecology
[dna] air wrote 203 bytes to ecology
[dna] air wrote 39 bytes to ecology
[dna] air wrote 63 bytes to ecology
[dna] air wrote 47 bytes to ecology
[dna] air wrote 32 bytes to ecology
[dna] air wrote 91 bytes to ecology
[dna] air wrote 82 bytes to ecology
[dna] air wrote 48 bytes to ecology
[dna] air wrote 19 bytes to ecology
[dna] air wrote 54 bytes to ecology
[debug-onto] tick=450 corpus=159783 stage=2 freeze=0
[dna] air wrote 82 bytes to ecology
[dna] air wrote 43 bytes to ecology
[dna] air wrote 76 bytes to ecology
[dna] air wrote 34 bytes to ecology
[dna] air wrote 40 bytes to ecology
[dna] air wrote 21 bytes to ecology
[dna] air wrote 40 bytes to ecology
[dna] air wrote 36 bytes to ecology
[dna] air wrote 111 bytes to ecology
[dna] air wrote 66 bytes to ecology
[dna] air wrote 216 bytes to ecology
[dna] air wrote 111 bytes to ecology
[dna] air wrote 48 bytes to ecology
[dna] air wrote 25 bytes to ecology
[dna] air wrote 79 bytes to ecology
[dna] air wrote 55 bytes to ecology
[dna] air wrote 18 bytes to ecology
[dna] air wrote 46 bytes to ecology
[dna] air wrote 75 bytes to ecology
[dna] air wrote 101 bytes to ecology
[dna] air wrote 21 bytes to ecology
[dna] air wrote 88 bytes to ecology
[dna] air wrote 102 bytes to ecology
[dna] air wrote 70 bytes to ecology
[dna] air wrote 45 bytes to ecology
[dna] air wrote 69 bytes to ecology
[dna] air wrote 47 bytes to ecology
[dna] air wrote 69 bytes to ecology
[dna] air wrote 76 bytes to ecology
[dna] air wrote 24 bytes to ecology
[dna] air wrote 137 bytes to ecology
[dna] air wrote 39 bytes to ecology
[dna] air wrote 108 bytes to ecology
[dna] air wrote 128 bytes to ecology
[dna] air wrote 60 bytes to ecology
[dna] air wrote 49 bytes to ecology
[dna] air wrote 33 bytes to ecology
[dna] air wrote 102 bytes to ecology
[dna] air wrote 115 bytes to ecology
[dna] air wrote 146 bytes to ecology
[debug-onto] tick=500 corpus=159783 stage=2 freeze=0
[dna] air wrote 33 bytes to ecology
[dna] air wrote 80 bytes to ecology
[dna] air wrote 40 bytes to ecology
[dna] air wrote 60 bytes to ecology
[dna] air wrote 52 bytes to ecology
[dna] air wrote 41 bytes to ecology
[dna] air wrote 18 bytes to ecology
[dna] air wrote 52 bytes to ecology
[dna] air wrote 28 bytes to ecology
[dna] air wrote 36 bytes to ecology
[dna] air wrote 43 bytes to ecology
[dna] air wrote 31 bytes to ecology
[dna] air wrote 12 bytes to ecology
[dna] air wrote 22 bytes to ecology
[dna] air wrote 187 bytes to ecology
[dna] air wrote 16 bytes to ecology
[dna] air wrote 63 bytes to ecology
[dna] air wrote 154 bytes to ecology
[dna] air wrote 129 bytes to ecology
[dna] air wrote 55 bytes to ecology
[dna] air wrote 49 bytes to ecology
[dna] air wrote 49 bytes to ecology
[dna] air wrote 47 bytes to ecology
[dna] air wrote 67 bytes to ecology
[dna] air wrote 53 bytes to ecology
[dna] air wrote 80 bytes to ecology
[dna] air wrote 176 bytes to ecology
[dna] air wrote 42 bytes to ecology
[dna] air wrote 80 bytes to ecology
[dna] air wrote 82 bytes to ecology
[dna] air wrote 27 bytes to ecology
[dna] air wrote 115 bytes to ecology
[dna] air wrote 67 bytes to ecology
[dna] air wrote 54 bytes to ecology
[dna] air wrote 64 bytes to ecology
[dna] air wrote 97 bytes to ecology
[dna] air wrote 102 bytes to ecology
[dna] air wrote 68 bytes to ecology
[dna] air wrote 75 bytes to ecology
[dna] air wrote 132 bytes to ecology
[dna] air wrote 44 bytes to ecology
[debug-onto] tick=550 corpus=159783 stage=2 freeze=0
[dna] air wrote 44 bytes to ecology
[dna] air wrote 32 bytes to ecology
[dna] air wrote 96 bytes to ecology
[dna] air wrote 56 bytes to ecology
[dna] air wrote 68 bytes to ecology
[dna] air wrote 104 bytes to ecology
[dna] air wrote 87 bytes to ecology
[dna] air wrote 38 bytes to ecology
[dna] air wrote 44 bytes to ecology
[dna] air wrote 39 bytes to ecology
[dna] air wrote 45 bytes to ecology
[dna] air wrote 33 bytes to ecology
[dna] air wrote 141 bytes to ecology
[dna] air wrote 48 bytes to ecology
[dna] air wrote 102 bytes to ecology
[dna] air wrote 134 bytes to ecology
[dna] air wrote 125 bytes to ecology
[dna] air wrote 55 bytes to ecology
[dna] air wrote 30 bytes to ecology
[dna] air wrote 73 bytes to ecology
[dna] air wrote 33 bytes to ecology
[dna] air wrote 43 bytes to ecology
[dna] air wrote 73 bytes to ecology
[dna] air wrote 94 bytes to ecology
[dna] air wrote 79 bytes to ecology
[dna] air wrote 38 bytes to ecology
[dna] air wrote 28 bytes to ecology
[dna] air wrote 114 bytes to ecology
[dna] air wrote 29 bytes to ecology
[dna] air wrote 72 bytes to ecology
[dna] air wrote 76 bytes to ecology
[dna] air wrote 203 bytes to ecology
[dna] air wrote 58 bytes to ecology
[dna] air wrote 40 bytes to ecology
[dna] air wrote 46 bytes to ecology
[dna] air wrote 33 bytes to ecology
[dna] air wrote 87 bytes to ecology
[dna] air wrote 47 bytes to ecology
[dna] air wrote 29 bytes to ecology
[dna] air wrote 76 bytes to ecology

[evolution] Organism shutting down gracefully.
