[ecology] Element: fire → corpus: nonames_fire.txt
[evolution] Autonomous evolution mode — organism will grow through all stages without pause.
[ecology] Joined swarm. 1 peer(s) detected.
molequla is alive. [evolution] Autonomous mode — background trainer running. Ctrl+C to stop.
[dna] fire wrote 18 bytes to ecology
[dna] fire consumed 11736 bytes from 191 files: [water/gen_1777534095_1.txt water/gen_1777534113_4.txt water/gen_1777534122_7.txt water/gen_1777534131_10.txt water/gen_1777534141_13.txt water/gen_1777534150_16.txt water/gen_1777534159_19.txt water/gen_1777534169_22.txt water/gen_1777534178_25.txt water/gen_1777534187_28.txt water/gen_1777534197_31.txt water/gen_1777534206_34.txt water/gen_1777534216_37.txt water/gen_1777534225_40.txt water/gen_1777534234_43.txt water/gen_1777534244_46.txt water/gen_1777534253_49.txt water/gen_1777534263_52.txt water/gen_1777534272_55.txt water/gen_1777534281_58.txt water/gen_1777534291_61.txt water/gen_1777534300_64.txt water/gen_1777534309_67.txt water/gen_1777534319_70.txt water/gen_1777534328_73.txt water/gen_1777534337_76.txt water/gen_1777534347_79.txt water/gen_1777534356_82.txt water/gen_1777534366_85.txt water/gen_1777534375_88.txt water/gen_1777534385_91.txt water/gen_1777534394_94.txt water/gen_1777534403_97.txt water/gen_1777534413_100.txt water/gen_1777534422_103.txt water/gen_1777534432_106.txt water/gen_1777534441_109.txt water/gen_1777534450_112.txt water/gen_1777534460_115.txt water/gen_1777534469_118.txt water/gen_1777534478_121.txt water/gen_1777534488_124.txt water/gen_1777534497_127.txt water/gen_1777534506_130.txt water/gen_1777534515_133.txt water/gen_1777534524_136.txt water/gen_1777534534_139.txt water/gen_1777534543_142.txt water/gen_1777534552_145.txt water/gen_1777534561_148.txt water/gen_1777534570_151.txt water/gen_1777534579_154.txt water/gen_1777534588_157.txt water/gen_1777534597_160.txt water/gen_1777534607_163.txt water/gen_1777534616_166.txt water/gen_1777534625_169.txt water/gen_1777534634_172.txt water/gen_1777534643_175.txt water/gen_1777534652_178.txt water/gen_1777534662_181.txt water/gen_1777534671_184.txt water/gen_1777534680_187.txt water/gen_1777534689_190.txt water/gen_1777534698_193.txt water/gen_1777534708_196.txt water/gen_1777534717_199.txt water/gen_1777534726_202.txt water/gen_1777534735_205.txt water/gen_1777534744_208.txt water/gen_1777534754_211.txt water/gen_1777534763_214.txt water/gen_1777534772_217.txt water/gen_1777534781_220.txt water/gen_1777534791_223.txt water/gen_1777534800_226.txt water/gen_1777534809_229.txt water/gen_1777534819_232.txt water/gen_1777534828_235.txt water/gen_1777534837_238.txt water/gen_1777534846_241.txt water/gen_1777534856_244.txt water/gen_1777534865_247.txt water/gen_1777534874_250.txt water/gen_1777534883_253.txt water/gen_1777534893_256.txt water/gen_1777534912_262.txt water/gen_1777534921_265.txt water/gen_1777534930_268.txt water/gen_1777534939_271.txt water/gen_1777534949_274.txt water/gen_1777534958_277.txt water/gen_1777534967_280.txt water/gen_1777534976_283.txt water/gen_1777534985_286.txt water/gen_1777535004_292.txt water/gen_1777535013_295.txt water/gen_1777535022_298.txt water/gen_1777535031_301.txt water/gen_1777535041_304.txt water/gen_1777535050_307.txt water/gen_1777535060_310.txt water/gen_1777535070_313.txt water/gen_1777535079_316.txt water/gen_1777535088_319.txt water/gen_1777535098_322.txt water/gen_1777535107_325.txt water/gen_1777535116_328.txt water/gen_1777535125_331.txt water/gen_1777535134_334.txt water/gen_1777535143_337.txt water/gen_1777535153_340.txt water/gen_1777535162_343.txt water/gen_1777535171_346.txt water/gen_1777535181_349.txt water/gen_1777535190_352.txt water/gen_1777535200_355.txt water/gen_1777535209_358.txt water/gen_1777535218_361.txt water/gen_1777535227_364.txt water/gen_1777535237_367.txt water/gen_1777535246_370.txt water/gen_1777535255_373.txt water/gen_1777535265_376.txt water/gen_1777535274_379.txt water/gen_1777535283_382.txt water/gen_1777535293_385.txt water/gen_1777535302_388.txt water/gen_1777535311_391.txt water/gen_1777535320_394.txt water/gen_1777535330_397.txt water/gen_1777535339_400.txt water/gen_1777535348_403.txt water/gen_1777535357_406.txt water/gen_1777535367_409.txt water/gen_1777535376_412.txt water/gen_1777535386_415.txt water/gen_1777535395_418.txt water/gen_1777535404_421.txt water/gen_1777535414_424.txt water/gen_1777535423_427.txt water/gen_1777535432_430.txt water/gen_1777535441_433.txt water/gen_1777535450_436.txt water/gen_1777535460_439.txt water/gen_1777535469_442.txt water/gen_1777535478_445.txt water/gen_1777535487_448.txt water/gen_1777535496_451.txt water/gen_1777535505_454.txt water/gen_1777535515_457.txt water/gen_1777535524_460.txt water/gen_1777535533_463.txt water/gen_1777535542_466.txt water/gen_1777535552_469.txt water/gen_1777535561_472.txt water/gen_1777535570_475.txt water/gen_1777535579_478.txt water/gen_1777535589_481.txt water/gen_1777535598_484.txt water/gen_1777535607_487.txt water/gen_1777535617_490.txt water/gen_1777535626_493.txt water/gen_1777535635_496.txt water/gen_1777535645_499.txt water/gen_1777535654_502.txt water/gen_1777535663_505.txt water/gen_1777535673_508.txt water/gen_1777535682_511.txt water/gen_1777535691_514.txt water/gen_1777535700_517.txt water/gen_1777535710_520.txt water/gen_1777535719_523.txt water/gen_1777535728_526.txt water/gen_1777535738_529.txt water/gen_1777535747_532.txt water/gen_1777535757_535.txt water/gen_1777535766_538.txt water/gen_1777535775_541.txt water/gen_1777535784_544.txt water/gen_1777535794_547.txt water/gen_1777535803_550.txt water/gen_1777535813_553.txt water/gen_1777535822_556.txt water/gen_1777535831_559.txt water/gen_1777535841_562.txt water/gen_1777535850_565.txt water/gen_1777535859_568.txt water/gen_1777535869_571.txt water/gen_1777535878_574.txt water/gen_1777535888_577.txt]
[trainer] micro-train burst (11736 bytes, novelty 0.05) — and lo, it feeds again.
[syntropy] action=explore | trend=0.0000 | field_dev=-0.039 | purpose_align=0.165 | lr_mul=1.30
[aml] burst complete: 32 steps, avg loss 1.7988 (memory freed)
[dna] fire wrote 33 bytes to ecology
[dna] fire wrote 12 bytes to ecology
[dna] fire wrote 17 bytes to ecology
[dna] fire wrote 46 bytes to ecology
[dna] fire wrote 75 bytes to ecology
[dna] fire wrote 66 bytes to ecology
[dna] fire wrote 10 bytes to ecology
[dna] fire wrote 57 bytes to ecology
[dna] fire wrote 112 bytes to ecology
[dna] fire wrote 29 bytes to ecology
[dna] fire wrote 30 bytes to ecology
[dna] fire wrote 19 bytes to ecology
[dna] fire wrote 17 bytes to ecology
[dna] fire wrote 9 bytes to ecology
[dna] fire wrote 18 bytes to ecology
[dna] fire wrote 20 bytes to ecology
[dna] fire wrote 87 bytes to ecology
[dna] fire wrote 81 bytes to ecology
[debug-onto] tick=50 corpus=133827 stage=2 freeze=0
[dna] fire wrote 52 bytes to ecology
[dna] fire wrote 32 bytes to ecology
[dna] fire wrote 45 bytes to ecology
[dna] fire wrote 43 bytes to ecology
[dna] fire wrote 41 bytes to ecology
[dna] fire wrote 10 bytes to ecology
[dna] fire wrote 28 bytes to ecology
[dna] fire wrote 17 bytes to ecology
[dna] fire wrote 57 bytes to ecology
[dna] fire wrote 76 bytes to ecology
[dna] fire wrote 103 bytes to ecology
[dna] fire wrote 47 bytes to ecology
[dna] fire wrote 23 bytes to ecology
[dna] fire wrote 38 bytes to ecology
[dna] fire wrote 68 bytes to ecology
[dna] fire wrote 22 bytes to ecology
[dna] fire wrote 51 bytes to ecology
[dna] fire wrote 34 bytes to ecology
[debug-onto] tick=100 corpus=133827 stage=2 freeze=0
[dna] fire wrote 28 bytes to ecology
[dna] fire wrote 64 bytes to ecology
[dna] fire wrote 39 bytes to ecology
[dna] fire wrote 126 bytes to ecology
[dna] fire wrote 21 bytes to ecology
[dna] fire wrote 40 bytes to ecology
[dna] fire wrote 122 bytes to ecology
[dna] fire wrote 37 bytes to ecology
[dna] fire wrote 39 bytes to ecology
[dna] fire wrote 24 bytes to ecology
[dna] fire wrote 55 bytes to ecology
[dna] fire wrote 21 bytes to ecology
[dna] fire wrote 120 bytes to ecology
[dna] fire wrote 27 bytes to ecology
[dna] fire wrote 75 bytes to ecology
[debug-onto] tick=150 corpus=133827 stage=2 freeze=0
[dna] fire wrote 20 bytes to ecology
[dna] fire wrote 6 bytes to ecology
[dna] fire wrote 22 bytes to ecology
[dna] fire wrote 64 bytes to ecology
[dna] fire wrote 40 bytes to ecology
[dna] fire wrote 124 bytes to ecology
[dna] fire wrote 27 bytes to ecology
[dna] fire wrote 110 bytes to ecology
[dna] fire wrote 84 bytes to ecology
[dna] fire wrote 78 bytes to ecology
[dna] fire wrote 65 bytes to ecology
[dna] fire wrote 77 bytes to ecology
[dna] fire wrote 94 bytes to ecology
[dna] fire wrote 33 bytes to ecology
[dna] fire wrote 153 bytes to ecology
[dna] fire wrote 43 bytes to ecology
[dna] fire wrote 44 bytes to ecology
[dna] fire wrote 41 bytes to ecology
[debug-onto] tick=200 corpus=133827 stage=2 freeze=0
[dna] fire wrote 45 bytes to ecology
[dna] fire wrote 6 bytes to ecology
[dna] fire wrote 14 bytes to ecology
[dna] fire wrote 74 bytes to ecology
[dna] fire wrote 90 bytes to ecology
[dna] fire wrote 28 bytes to ecology
[dna] fire wrote 31 bytes to ecology
[dna] fire wrote 64 bytes to ecology
[dna] fire wrote 58 bytes to ecology
[dna] fire wrote 26 bytes to ecology
[dna] fire wrote 52 bytes to ecology
[dna] fire wrote 43 bytes to ecology
[dna] fire wrote 169 bytes to ecology
[dna] fire wrote 48 bytes to ecology
[dna] fire wrote 32 bytes to ecology
[dna] fire wrote 36 bytes to ecology
[dna] fire wrote 43 bytes to ecology
[dna] fire wrote 75 bytes to ecology
[debug-onto] tick=250 corpus=133827 stage=2 freeze=0
[dna] fire wrote 57 bytes to ecology
[dna] fire wrote 70 bytes to ecology
[dna] fire wrote 35 bytes to ecology
[dna] fire wrote 55 bytes to ecology
[dna] fire wrote 106 bytes to ecology
[dna] fire wrote 61 bytes to ecology
[dna] fire wrote 93 bytes to ecology
[dna] fire wrote 22 bytes to ecology
[dna] fire wrote 29 bytes to ecology
[dna] fire wrote 35 bytes to ecology
[dna] fire wrote 7 bytes to ecology
[dna] fire wrote 36 bytes to ecology
[dna] fire wrote 98 bytes to ecology
[dna] fire wrote 71 bytes to ecology
[dna] fire wrote 70 bytes to ecology
[dna] fire wrote 97 bytes to ecology
[dna] fire wrote 82 bytes to ecology
[debug-onto] tick=300 corpus=133827 stage=2 freeze=0
[dna] fire wrote 23 bytes to ecology
[dna] fire wrote 34 bytes to ecology
[dna] fire wrote 170 bytes to ecology
[dna] fire wrote 36 bytes to ecology
[dna] fire wrote 26 bytes to ecology
[dna] fire wrote 64 bytes to ecology
[dna] fire wrote 29 bytes to ecology
[dna] fire wrote 93 bytes to ecology
[dna] fire wrote 35 bytes to ecology
[dna] fire wrote 70 bytes to ecology
[dna] fire wrote 86 bytes to ecology
[dna] fire wrote 54 bytes to ecology
[dna] fire wrote 65 bytes to ecology
[dna] fire wrote 26 bytes to ecology
[dna] fire wrote 44 bytes to ecology
[dna] fire wrote 56 bytes to ecology
[dna] fire wrote 68 bytes to ecology
[dna] fire wrote 20 bytes to ecology
[debug-onto] tick=350 corpus=133827 stage=2 freeze=0
[dna] fire wrote 46 bytes to ecology
[dna] fire wrote 58 bytes to ecology
[dna] fire wrote 63 bytes to ecology
[dna] fire wrote 38 bytes to ecology
[dna] fire wrote 71 bytes to ecology
[dna] fire wrote 139 bytes to ecology
[dna] fire wrote 33 bytes to ecology
[dna] fire wrote 46 bytes to ecology
[dna] fire wrote 37 bytes to ecology
[dna] fire wrote 11 bytes to ecology
[dna] fire wrote 73 bytes to ecology
[dna] fire wrote 24 bytes to ecology
[dna] fire wrote 22 bytes to ecology
[dna] fire wrote 25 bytes to ecology
[dna] fire wrote 21 bytes to ecology
[dna] fire wrote 56 bytes to ecology
[dna] fire wrote 43 bytes to ecology
[debug-onto] tick=400 corpus=133827 stage=2 freeze=0
[dna] fire wrote 79 bytes to ecology
[dna] fire wrote 53 bytes to ecology
[dna] fire wrote 13 bytes to ecology
[dna] fire wrote 12 bytes to ecology
[dna] fire wrote 26 bytes to ecology
[dna] fire wrote 139 bytes to ecology
[dna] fire wrote 23 bytes to ecology
[dna] fire wrote 26 bytes to ecology
[dna] fire wrote 40 bytes to ecology
[dna] fire wrote 46 bytes to ecology
[dna] fire wrote 125 bytes to ecology
[dna] fire wrote 39 bytes to ecology
[dna] fire wrote 29 bytes to ecology
[dna] fire wrote 24 bytes to ecology
[dna] fire wrote 64 bytes to ecology
[dna] fire wrote 22 bytes to ecology
[dna] fire wrote 54 bytes to ecology
[dna] fire wrote 38 bytes to ecology
[debug-onto] tick=450 corpus=133827 stage=2 freeze=0
[dna] fire wrote 49 bytes to ecology
[dna] fire wrote 17 bytes to ecology
[dna] fire wrote 27 bytes to ecology
[dna] fire wrote 62 bytes to ecology
[dna] fire wrote 38 bytes to ecology
[dna] fire wrote 9 bytes to ecology
[dna] fire wrote 61 bytes to ecology
[dna] fire wrote 9 bytes to ecology
[dna] fire wrote 41 bytes to ecology
[dna] fire wrote 120 bytes to ecology
[dna] fire wrote 67 bytes to ecology
[dna] fire wrote 69 bytes to ecology
[dna] fire wrote 75 bytes to ecology
[dna] fire wrote 14 bytes to ecology
[dna] fire wrote 58 bytes to ecology
[dna] fire wrote 28 bytes to ecology
[dna] fire wrote 32 bytes to ecology
[debug-onto] tick=500 corpus=133827 stage=2 freeze=0
[dna] fire wrote 17 bytes to ecology
[dna] fire wrote 63 bytes to ecology
[dna] fire wrote 34 bytes to ecology
[dna] fire wrote 35 bytes to ecology
[dna] fire wrote 117 bytes to ecology
[dna] fire wrote 88 bytes to ecology
[dna] fire wrote 154 bytes to ecology
[dna] fire wrote 118 bytes to ecology
[dna] fire wrote 102 bytes to ecology
[dna] fire wrote 36 bytes to ecology
[dna] fire wrote 14 bytes to ecology
[dna] fire wrote 35 bytes to ecology
[dna] fire wrote 9 bytes to ecology
[dna] fire wrote 163 bytes to ecology
[dna] fire wrote 11 bytes to ecology
[dna] fire wrote 8 bytes to ecology
[dna] fire wrote 32 bytes to ecology
[debug-onto] tick=550 corpus=133827 stage=2 freeze=0
[dna] fire wrote 93 bytes to ecology
[dna] fire wrote 10 bytes to ecology
[dna] fire wrote 26 bytes to ecology
[dna] fire wrote 34 bytes to ecology
[dna] fire wrote 18 bytes to ecology
[dna] fire wrote 44 bytes to ecology
[dna] fire wrote 109 bytes to ecology
[dna] fire wrote 34 bytes to ecology
[dna] fire wrote 101 bytes to ecology
[dna] fire wrote 23 bytes to ecology
[dna] fire wrote 28 bytes to ecology
[dna] fire wrote 32 bytes to ecology
[dna] fire wrote 46 bytes to ecology
[dna] fire wrote 14 bytes to ecology
[dna] fire wrote 47 bytes to ecology
[dna] fire wrote 26 bytes to ecology
[dna] fire wrote 18 bytes to ecology
[debug-onto] tick=600 corpus=133827 stage=2 freeze=0
[dna] fire wrote 49 bytes to ecology
[dna] fire wrote 39 bytes to ecology
[dna] fire wrote 16 bytes to ecology
[dna] fire wrote 92 bytes to ecology
[dna] fire wrote 30 bytes to ecology
[dna] fire wrote 25 bytes to ecology
[dna] fire wrote 186 bytes to ecology
[dna] fire wrote 35 bytes to ecology
[dna] fire wrote 7 bytes to ecology
[dna] fire wrote 33 bytes to ecology
[dna] fire wrote 23 bytes to ecology
[dna] fire wrote 58 bytes to ecology
[dna] fire wrote 74 bytes to ecology
[dna] fire wrote 11 bytes to ecology
[dna] fire wrote 31 bytes to ecology
[dna] fire wrote 23 bytes to ecology
[dna] fire wrote 74 bytes to ecology
[debug-onto] tick=650 corpus=133827 stage=2 freeze=0
[dna] fire wrote 29 bytes to ecology
[dna] fire wrote 33 bytes to ecology
[dna] fire wrote 85 bytes to ecology
[dna] fire wrote 7 bytes to ecology
[dna] fire wrote 48 bytes to ecology
[dna] fire wrote 53 bytes to ecology
[dna] fire wrote 87 bytes to ecology
[dna] fire wrote 24 bytes to ecology
[dna] fire wrote 57 bytes to ecology
[dna] fire wrote 55 bytes to ecology
[dna] fire wrote 29 bytes to ecology
[dna] fire wrote 20 bytes to ecology
[dna] fire wrote 11 bytes to ecology
[dna] fire wrote 37 bytes to ecology

[evolution] Organism shutting down gracefully.
