[ecology] Element: air → corpus: nonames_air.txt
[evolution] Autonomous evolution mode — organism will grow through all stages without pause.
[ecology] Joined swarm. 1 peer(s) detected.
molequla is alive. [evolution] Autonomous mode — background trainer running. Ctrl+C to stop.
[dna] air wrote 66 bytes to ecology
[dna] air consumed 50297 bytes from 692 files: [earth/gen_1775713778_1.txt earth/gen_1775713780_2.txt earth/gen_1775713783_3.txt earth/gen_1775713786_4.txt earth/gen_1775713788_5.txt earth/gen_1775713791_6.txt earth/gen_1775713794_7.txt earth/gen_1775713796_8.txt earth/gen_1775713799_9.txt earth/gen_1775713801_10.txt earth/gen_1775713804_11.txt earth/gen_1775713807_12.txt earth/gen_1775713809_13.txt earth/gen_1775713812_14.txt earth/gen_1775713815_15.txt earth/gen_1775713817_16.txt earth/gen_1775713820_17.txt earth/gen_1775713822_18.txt earth/gen_1775713825_19.txt earth/gen_1775713828_20.txt earth/gen_1775713830_21.txt earth/gen_1775713833_22.txt earth/gen_1775713836_23.txt earth/gen_1775713838_24.txt earth/gen_1775713841_25.txt earth/gen_1775713843_26.txt earth/gen_1775713846_27.txt earth/gen_1775713849_28.txt earth/gen_1775713851_29.txt earth/gen_1775713854_30.txt earth/gen_1775713856_31.txt earth/gen_1775713859_32.txt earth/gen_1775713862_33.txt earth/gen_1775713864_34.txt earth/gen_1775713867_35.txt earth/gen_1775713869_36.txt earth/gen_1775713872_37.txt earth/gen_1775713874_38.txt earth/gen_1775713877_39.txt earth/gen_1775713880_40.txt earth/gen_1775713882_41.txt earth/gen_1775713885_42.txt earth/gen_1775713887_43.txt earth/gen_1775713890_44.txt earth/gen_1775713893_45.txt earth/gen_1775713895_46.txt earth/gen_1775713898_47.txt earth/gen_1775713900_48.txt earth/gen_1775713903_49.txt earth/gen_1775713905_50.txt earth/gen_1775713908_51.txt earth/gen_1775713911_52.txt earth/gen_1775713913_53.txt earth/gen_1775713916_54.txt earth/gen_1775713918_55.txt earth/gen_1775713921_56.txt earth/gen_1775713924_57.txt earth/gen_1775713926_58.txt earth/gen_1775713929_59.txt earth/gen_1775713932_60.txt earth/gen_1775713934_61.txt earth/gen_1775713937_62.txt earth/gen_1775713939_63.txt earth/gen_1775713942_64.txt earth/gen_1775713945_65.txt earth/gen_1775713947_66.txt earth/gen_1775713950_67.txt earth/gen_1775713952_68.txt earth/gen_1775713955_69.txt earth/gen_1775713958_70.txt earth/gen_1775713960_71.txt earth/gen_1775713963_72.txt earth/gen_1775713965_73.txt earth/gen_1775713968_74.txt earth/gen_1775713971_75.txt earth/gen_1775713973_76.txt earth/gen_1775713976_77.txt earth/gen_1775713979_78.txt earth/gen_1775713981_79.txt earth/gen_1775713984_80.txt earth/gen_1775713987_81.txt earth/gen_1775713989_82.txt earth/gen_1775713992_83.txt earth/gen_1775713994_84.txt earth/gen_1775713997_85.txt earth/gen_1775714000_86.txt earth/gen_1775714002_87.txt earth/gen_1775714005_88.txt earth/gen_1775714007_89.txt earth/gen_1775714010_90.txt earth/gen_1775714013_91.txt earth/gen_1775714015_92.txt earth/gen_1775714018_93.txt earth/gen_1775714020_94.txt earth/gen_1775714023_95.txt earth/gen_1775714026_96.txt earth/gen_1775714028_97.txt earth/gen_1775714031_98.txt earth/gen_1775714033_99.txt earth/gen_1775714036_100.txt earth/gen_1775714039_101.txt earth/gen_1775714041_102.txt earth/gen_1775714044_103.txt earth/gen_1775714046_104.txt earth/gen_1775714049_105.txt earth/gen_1775714052_106.txt earth/gen_1775714054_107.txt earth/gen_1775714057_108.txt earth/gen_1775714059_109.txt earth/gen_1775714062_110.txt earth/gen_1775714065_111.txt earth/gen_1775714067_112.txt earth/gen_1775714070_113.txt earth/gen_1775714072_114.txt earth/gen_1775714075_115.txt earth/gen_1775714078_116.txt earth/gen_1775714080_117.txt earth/gen_1775714083_118.txt earth/gen_1775714086_119.txt earth/gen_1775714088_120.txt earth/gen_1775714091_121.txt earth/gen_1775714093_122.txt earth/gen_1775714096_123.txt earth/gen_1775714099_124.txt earth/gen_1775714101_125.txt earth/gen_1775714104_126.txt earth/gen_1775714107_127.txt earth/gen_1775714109_128.txt earth/gen_1775714112_129.txt earth/gen_1775714114_130.txt earth/gen_1775714117_131.txt earth/gen_1775714120_132.txt earth/gen_1775714122_133.txt earth/gen_1775714125_134.txt earth/gen_1775714128_135.txt earth/gen_1775714130_136.txt earth/gen_1775714133_137.txt earth/gen_1775714135_138.txt earth/gen_1775714138_139.txt earth/gen_1775714141_140.txt earth/gen_1775714143_141.txt earth/gen_1775714146_142.txt earth/gen_1775714149_143.txt earth/gen_1775714151_144.txt earth/gen_1775714154_145.txt earth/gen_1775714156_146.txt earth/gen_1775714159_147.txt earth/gen_1775714162_148.txt earth/gen_1775714164_149.txt earth/gen_1775714167_150.txt earth/gen_1775714170_151.txt earth/gen_1775714172_152.txt earth/gen_1775714175_153.txt earth/gen_1775714177_154.txt earth/gen_1775714180_155.txt earth/gen_1775714183_156.txt earth/gen_1775714185_157.txt earth/gen_1775714188_158.txt earth/gen_1775714190_159.txt earth/gen_1775714193_160.txt earth/gen_1775714196_161.txt earth/gen_1775714198_162.txt earth/gen_1775714201_163.txt earth/gen_1775714204_164.txt earth/gen_1775714206_165.txt earth/gen_1775714209_166.txt earth/gen_1775714211_167.txt earth/gen_1775714214_168.txt earth/gen_1775714217_169.txt earth/gen_1775714219_170.txt earth/gen_1775714222_171.txt earth/gen_1775714224_172.txt earth/gen_1775714227_173.txt earth/gen_1775714230_174.txt earth/gen_1775714232_175.txt earth/gen_1775714235_176.txt earth/gen_1775714237_177.txt earth/gen_1775714240_178.txt earth/gen_1775714243_179.txt earth/gen_1775714245_180.txt earth/gen_1775714248_181.txt earth/gen_1775714250_182.txt earth/gen_1775714253_183.txt earth/gen_1775714256_184.txt earth/gen_1775714258_185.txt earth/gen_1775714261_186.txt earth/gen_1775714264_187.txt earth/gen_1775714266_188.txt earth/gen_1775714269_189.txt earth/gen_1775714271_190.txt earth/gen_1775714274_191.txt earth/gen_1775714277_192.txt earth/gen_1775714279_193.txt earth/gen_1775714282_194.txt earth/gen_1775714284_195.txt earth/gen_1775714287_196.txt earth/gen_1775714290_197.txt earth/gen_1775714292_198.txt earth/gen_1775714295_199.txt earth/gen_1775714298_200.txt earth/gen_1775714300_201.txt earth/gen_1775714303_202.txt earth/gen_1775714305_203.txt earth/gen_1775714308_204.txt earth/gen_1775714311_205.txt earth/gen_1775714313_206.txt earth/gen_1775714316_207.txt earth/gen_1775714319_208.txt earth/gen_1775714321_209.txt earth/gen_1775714324_210.txt earth/gen_1775714326_211.txt earth/gen_1775714329_212.txt earth/gen_1775714332_213.txt earth/gen_1775714334_214.txt earth/gen_1775714337_215.txt earth/gen_1775714339_216.txt earth/gen_1775714342_217.txt earth/gen_1775714344_218.txt earth/gen_1775714347_219.txt earth/gen_1775714349_220.txt earth/gen_1775714352_221.txt earth/gen_1775714355_222.txt earth/gen_1775714357_223.txt earth/gen_1775714360_224.txt earth/gen_1775714362_225.txt earth/gen_1775714365_226.txt earth/gen_1775714367_227.txt earth/gen_1775714370_228.txt earth/gen_1775714372_229.txt earth/gen_1775714375_230.txt earth/gen_1775714377_231.txt earth/gen_1775714380_232.txt earth/gen_1775714382_233.txt earth/gen_1775714385_234.txt earth/gen_1775714387_235.txt earth/gen_1775714390_236.txt earth/gen_1775714392_237.txt earth/gen_1775714395_238.txt earth/gen_1775714398_239.txt earth/gen_1775714400_240.txt earth/gen_1775714403_241.txt earth/gen_1775714405_242.txt earth/gen_1775714408_243.txt earth/gen_1775714410_244.txt earth/gen_1775714413_245.txt earth/gen_1775714415_246.txt earth/gen_1775714418_247.txt earth/gen_1775714420_248.txt earth/gen_1775714423_249.txt earth/gen_1775714425_250.txt earth/gen_1775714428_251.txt earth/gen_1775714430_252.txt earth/gen_1775714433_253.txt earth/gen_1775714436_254.txt earth/gen_1775714438_255.txt earth/gen_1775714441_256.txt earth/gen_1775714443_257.txt earth/gen_1775714446_258.txt earth/gen_1775714448_259.txt earth/gen_1775714451_260.txt earth/gen_1775714453_261.txt earth/gen_1775714456_262.txt earth/gen_1775714458_263.txt earth/gen_1775714461_264.txt earth/gen_1775714463_265.txt earth/gen_1775714466_266.txt earth/gen_1775714468_267.txt earth/gen_1775714471_268.txt earth/gen_1775714473_269.txt earth/gen_1775714476_270.txt earth/gen_1775714479_271.txt earth/gen_1775714481_272.txt earth/gen_1775714484_273.txt earth/gen_1775714486_274.txt earth/gen_1775714489_275.txt earth/gen_1775714491_276.txt earth/gen_1775714494_277.txt earth/gen_1775714496_278.txt earth/gen_1775714499_279.txt earth/gen_1775714501_280.txt earth/gen_1775714504_281.txt earth/gen_1775714506_282.txt earth/gen_1775714509_283.txt earth/gen_1775714511_284.txt earth/gen_1775714514_285.txt earth/gen_1775714516_286.txt earth/gen_1775714519_287.txt earth/gen_1775714522_288.txt earth/gen_1775714524_289.txt earth/gen_1775714527_290.txt earth/gen_1775714529_291.txt earth/gen_1775714532_292.txt earth/gen_1775714534_293.txt earth/gen_1775714537_294.txt earth/gen_1775714539_295.txt earth/gen_1775714542_296.txt earth/gen_1775714544_297.txt earth/gen_1775714547_298.txt earth/gen_1775714549_299.txt earth/gen_1775714552_300.txt earth/gen_1775714554_301.txt earth/gen_1775714557_302.txt earth/gen_1775714559_303.txt earth/gen_1775714562_304.txt earth/gen_1775714565_305.txt earth/gen_1775714567_306.txt earth/gen_1775714570_307.txt earth/gen_1775714572_308.txt earth/gen_1775714575_309.txt earth/gen_1775714577_310.txt earth/gen_1775714580_311.txt earth/gen_1775714582_312.txt earth/gen_1775714585_313.txt earth/gen_1775714588_314.txt earth/gen_1775714590_315.txt earth/gen_1775714593_316.txt earth/gen_1775714595_317.txt earth/gen_1775714598_318.txt earth/gen_1775714600_319.txt earth/gen_1775714603_320.txt earth/gen_1775714605_321.txt earth/gen_1775714608_322.txt earth/gen_1775714610_323.txt earth/gen_1775714613_324.txt earth/gen_1775714615_325.txt earth/gen_1775714618_326.txt earth/gen_1775714620_327.txt earth/gen_1775714623_328.txt earth/gen_1775714626_329.txt earth/gen_1775714628_330.txt earth/gen_1775714631_331.txt earth/gen_1775714633_332.txt earth/gen_1775714636_333.txt earth/gen_1775714638_334.txt earth/gen_1775714641_335.txt earth/gen_1775714643_336.txt earth/gen_1775714646_337.txt earth/gen_1775714648_338.txt earth/gen_1775714651_339.txt earth/gen_1775714653_340.txt earth/gen_1775714656_341.txt earth/gen_1775714659_342.txt earth/gen_1775714661_343.txt earth/gen_1775714664_344.txt earth/gen_1775714666_345.txt earth/gen_1775714669_346.txt earth/gen_1775714671_347.txt earth/gen_1775714674_348.txt earth/gen_1775714676_349.txt earth/gen_1775714679_350.txt earth/gen_1775714681_351.txt earth/gen_1775714684_352.txt earth/gen_1775714686_353.txt earth/gen_1775714689_354.txt earth/gen_1775714691_355.txt earth/gen_1775714694_356.txt earth/gen_1775714696_357.txt earth/gen_1775714699_358.txt earth/gen_1775714701_359.txt earth/gen_1775714704_360.txt earth/gen_1775714707_361.txt earth/gen_1775714709_362.txt earth/gen_1775714712_363.txt earth/gen_1775714714_364.txt earth/gen_1775714717_365.txt earth/gen_1775714719_366.txt earth/gen_1775714722_367.txt earth/gen_1775714724_368.txt earth/gen_1775714727_369.txt earth/gen_1775714729_370.txt earth/gen_1775714732_371.txt earth/gen_1775714734_372.txt earth/gen_1775714737_373.txt earth/gen_1775714740_374.txt earth/gen_1775714742_375.txt earth/gen_1775714745_376.txt earth/gen_1775714747_377.txt earth/gen_1775714750_378.txt earth/gen_1775714752_379.txt earth/gen_1775714755_380.txt earth/gen_1775714757_381.txt earth/gen_1775714760_382.txt earth/gen_1775714762_383.txt earth/gen_1775714765_384.txt earth/gen_1775714767_385.txt earth/gen_1775714770_386.txt earth/gen_1775714773_387.txt earth/gen_1775714775_388.txt earth/gen_1775714778_389.txt earth/gen_1775714780_390.txt earth/gen_1775714783_391.txt earth/gen_1775714785_392.txt earth/gen_1775714788_393.txt earth/gen_1775714790_394.txt earth/gen_1775714793_395.txt earth/gen_1775714795_396.txt earth/gen_1775714798_397.txt earth/gen_1775714800_398.txt earth/gen_1775714803_399.txt earth/gen_1775714805_400.txt earth/gen_1775714808_401.txt earth/gen_1775714811_402.txt earth/gen_1775714813_403.txt earth/gen_1775714816_404.txt earth/gen_1775714818_405.txt earth/gen_1775714821_406.txt earth/gen_1775714823_407.txt earth/gen_1775714826_408.txt earth/gen_1775714828_409.txt earth/gen_1775714831_410.txt earth/gen_1775714833_411.txt earth/gen_1775714836_412.txt earth/gen_1775714838_413.txt earth/gen_1775714841_414.txt earth/gen_1775714843_415.txt earth/gen_1775714846_416.txt earth/gen_1775714848_417.txt earth/gen_1775714851_418.txt earth/gen_1775714853_419.txt earth/gen_1775714856_420.txt earth/gen_1775714859_421.txt earth/gen_1775714861_422.txt earth/gen_1775714864_423.txt earth/gen_1775714866_424.txt earth/gen_1775714869_425.txt earth/gen_1775714871_426.txt earth/gen_1775714874_427.txt earth/gen_1775714876_428.txt earth/gen_1775714879_429.txt earth/gen_1775714881_430.txt earth/gen_1775714884_431.txt earth/gen_1775714886_432.txt earth/gen_1775714889_433.txt earth/gen_1775714891_434.txt earth/gen_1775714894_435.txt earth/gen_1775714897_436.txt earth/gen_1775714899_437.txt earth/gen_1775714902_438.txt earth/gen_1775714904_439.txt earth/gen_1775714907_440.txt earth/gen_1775714909_441.txt earth/gen_1775714912_442.txt earth/gen_1775714914_443.txt earth/gen_1775714917_444.txt earth/gen_1775714920_445.txt earth/gen_1775714922_446.txt earth/gen_1775714925_447.txt earth/gen_1775714927_448.txt earth/gen_1775714930_449.txt earth/gen_1775714932_450.txt earth/gen_1775714935_451.txt earth/gen_1775714937_452.txt earth/gen_1775714940_453.txt earth/gen_1775714942_454.txt earth/gen_1775714945_455.txt earth/gen_1775714947_456.txt earth/gen_1775714950_457.txt earth/gen_1775714952_458.txt earth/gen_1775714955_459.txt earth/gen_1775714958_460.txt earth/gen_1775714960_461.txt earth/gen_1775714963_462.txt earth/gen_1775714965_463.txt earth/gen_1775714968_464.txt earth/gen_1775714970_465.txt earth/gen_1775714973_466.txt earth/gen_1775714975_467.txt earth/gen_1775714978_468.txt earth/gen_1775714980_469.txt earth/gen_1775714983_470.txt earth/gen_1775714985_471.txt earth/gen_1775714988_472.txt earth/gen_1775714990_473.txt earth/gen_1775714993_474.txt earth/gen_1775714995_475.txt earth/gen_1775714998_476.txt earth/gen_1775715000_477.txt earth/gen_1775715003_478.txt earth/gen_1775715006_479.txt earth/gen_1775715008_480.txt earth/gen_1775715011_481.txt earth/gen_1775715013_482.txt earth/gen_1775715016_483.txt earth/gen_1775715018_484.txt earth/gen_1775715021_485.txt earth/gen_1775715023_486.txt earth/gen_1775715026_487.txt earth/gen_1775715028_488.txt earth/gen_1775715031_489.txt earth/gen_1775715033_490.txt earth/gen_1775715036_491.txt earth/gen_1775715038_492.txt earth/gen_1775715041_493.txt earth/gen_1775715044_494.txt earth/gen_1775715046_495.txt earth/gen_1775715049_496.txt earth/gen_1775715051_497.txt earth/gen_1775715054_498.txt earth/gen_1775715056_499.txt earth/gen_1775715059_500.txt earth/gen_1775715061_501.txt earth/gen_1775715064_502.txt earth/gen_1775715066_503.txt earth/gen_1775715069_504.txt earth/gen_1775715071_505.txt earth/gen_1775715074_506.txt earth/gen_1775715077_507.txt earth/gen_1775715079_508.txt earth/gen_1775715082_509.txt earth/gen_1775715084_510.txt earth/gen_1775715087_511.txt earth/gen_1775715089_512.txt earth/gen_1775715092_513.txt earth/gen_1775715094_514.txt earth/gen_1775715097_515.txt earth/gen_1775715099_516.txt earth/gen_1775715102_517.txt earth/gen_1775715104_518.txt earth/gen_1775715107_519.txt earth/gen_1775715110_520.txt earth/gen_1775715112_521.txt earth/gen_1775715115_522.txt earth/gen_1775715117_523.txt earth/gen_1775715120_524.txt earth/gen_1775715122_525.txt earth/gen_1775715125_526.txt earth/gen_1775715127_527.txt earth/gen_1775715130_528.txt earth/gen_1775715132_529.txt earth/gen_1775715135_530.txt earth/gen_1775715137_531.txt earth/gen_1775715140_532.txt earth/gen_1775715142_533.txt earth/gen_1775715145_534.txt earth/gen_1775715148_535.txt earth/gen_1775715150_536.txt earth/gen_1775715153_537.txt earth/gen_1775715155_538.txt earth/gen_1775715158_539.txt earth/gen_1775715160_540.txt earth/gen_1775715163_541.txt earth/gen_1775715165_542.txt earth/gen_1775715168_543.txt earth/gen_1775715170_544.txt earth/gen_1775715173_545.txt earth/gen_1775715175_546.txt earth/gen_1775715178_547.txt earth/gen_1775715180_548.txt earth/gen_1775715183_549.txt earth/gen_1775715185_550.txt earth/gen_1775715188_551.txt earth/gen_1775715190_552.txt earth/gen_1775715193_553.txt earth/gen_1775715195_554.txt earth/gen_1775715198_555.txt earth/gen_1775715201_556.txt earth/gen_1775715203_557.txt earth/gen_1775715206_558.txt earth/gen_1775715208_559.txt earth/gen_1775715211_560.txt earth/gen_1775715213_561.txt earth/gen_1775715216_562.txt earth/gen_1775715218_563.txt earth/gen_1775715221_564.txt earth/gen_1775715223_565.txt earth/gen_1775715226_566.txt earth/gen_1775715228_567.txt earth/gen_1775715231_568.txt earth/gen_1775715233_569.txt earth/gen_1775715236_570.txt earth/gen_1775715238_571.txt earth/gen_1775715241_572.txt earth/gen_1775715243_573.txt earth/gen_1775715246_574.txt earth/gen_1775715249_575.txt earth/gen_1775715251_576.txt earth/gen_1775715254_577.txt earth/gen_1775715256_578.txt earth/gen_1775715259_579.txt earth/gen_1775715261_580.txt earth/gen_1775715264_581.txt earth/gen_1775715266_582.txt earth/gen_1775715269_583.txt earth/gen_1775715271_584.txt earth/gen_1775715274_585.txt earth/gen_1775715276_586.txt earth/gen_1775715279_587.txt earth/gen_1775715282_588.txt earth/gen_1775715284_589.txt earth/gen_1775715287_590.txt earth/gen_1775715289_591.txt earth/gen_1775715292_592.txt earth/gen_1775715294_593.txt earth/gen_1775715297_594.txt earth/gen_1775715299_595.txt earth/gen_1775715302_596.txt earth/gen_1775715304_597.txt earth/gen_1775715307_598.txt earth/gen_1775715309_599.txt earth/gen_1775715312_600.txt earth/gen_1775715314_601.txt earth/gen_1775715317_602.txt earth/gen_1775715319_603.txt earth/gen_1775715322_604.txt earth/gen_1775715324_605.txt earth/gen_1775715327_606.txt earth/gen_1775715329_607.txt earth/gen_1775715332_608.txt earth/gen_1775715335_609.txt earth/gen_1775715337_610.txt earth/gen_1775715340_611.txt earth/gen_1775715342_612.txt earth/gen_1775715345_613.txt earth/gen_1775715347_614.txt earth/gen_1775715350_615.txt earth/gen_1775715352_616.txt earth/gen_1775715355_617.txt earth/gen_1775715357_618.txt earth/gen_1775715360_619.txt earth/gen_1775715362_620.txt earth/gen_1775715365_621.txt earth/gen_1775715368_622.txt earth/gen_1775715370_623.txt earth/gen_1775715373_624.txt earth/gen_1775715375_625.txt earth/gen_1775715378_626.txt earth/gen_1775715380_627.txt earth/gen_1775715383_628.txt earth/gen_1775715385_629.txt earth/gen_1775715388_630.txt earth/gen_1775715390_631.txt earth/gen_1775715393_632.txt earth/gen_1775715395_633.txt earth/gen_1775715398_634.txt earth/gen_1775715400_635.txt earth/gen_1775715403_636.txt earth/gen_1775715406_637.txt earth/gen_1775715408_638.txt earth/gen_1775715411_639.txt earth/gen_1775715413_640.txt earth/gen_1775715416_641.txt earth/gen_1775715418_642.txt earth/gen_1775715421_643.txt earth/gen_1775715423_644.txt earth/gen_1775715426_645.txt earth/gen_1775715428_646.txt earth/gen_1775715431_647.txt earth/gen_1775715433_648.txt earth/gen_1775715436_649.txt earth/gen_1775715438_650.txt earth/gen_1775715441_651.txt earth/gen_1775715443_652.txt earth/gen_1775715446_653.txt earth/gen_1775715449_654.txt earth/gen_1775715451_655.txt earth/gen_1775715454_656.txt earth/gen_1775715456_657.txt earth/gen_1775715459_658.txt earth/gen_1775715461_659.txt earth/gen_1775715464_660.txt earth/gen_1775715466_661.txt earth/gen_1775715469_662.txt earth/gen_1775715471_663.txt earth/gen_1775715474_664.txt earth/gen_1775715476_665.txt earth/gen_1775715479_666.txt earth/gen_1775715481_667.txt earth/gen_1775715484_668.txt earth/gen_1775715486_669.txt earth/gen_1775715489_670.txt earth/gen_1775715492_671.txt earth/gen_1775715494_672.txt earth/gen_1775715497_673.txt earth/gen_1775715499_674.txt earth/gen_1775715502_675.txt earth/gen_1775715504_676.txt earth/gen_1775715507_677.txt earth/gen_1775715509_678.txt earth/gen_1775715512_679.txt earth/gen_1775715514_680.txt earth/gen_1775715517_681.txt earth/gen_1775715519_682.txt earth/gen_1775715522_683.txt earth/gen_1775715524_684.txt earth/gen_1775715527_685.txt earth/gen_1775715529_686.txt earth/gen_1775715532_687.txt earth/gen_1775715534_688.txt earth/gen_1775715537_689.txt earth/gen_1775715540_690.txt earth/gen_1775715542_691.txt earth/gen_1775715545_692.txt]
[trainer] micro-train burst (50297 bytes, novelty 0.01) — and lo, it feeds again.
[syntropy] action=explore | trend=0.0000 | field_dev=-0.036 | purpose_align=0.167 | lr_mul=1.30
[aml] burst complete: 32 steps, avg loss 2.5254 (memory freed)
[dna] air wrote 43 bytes to ecology
[dna] air wrote 70 bytes to ecology
[dna] air wrote 19 bytes to ecology
[dna] air wrote 27 bytes to ecology
[dna] air wrote 17 bytes to ecology
[dna] air wrote 43 bytes to ecology
[dna] air wrote 23 bytes to ecology
[dna] air wrote 70 bytes to ecology
[dna] air wrote 51 bytes to ecology
[dna] air wrote 43 bytes to ecology
[dna] air wrote 62 bytes to ecology
[dna] air wrote 47 bytes to ecology
[dna] air wrote 23 bytes to ecology
[dna] air wrote 106 bytes to ecology
[dna] air wrote 39 bytes to ecology
[dna] air wrote 204 bytes to ecology
[dna] air wrote 83 bytes to ecology
[dna] air wrote 24 bytes to ecology
[dna] air wrote 92 bytes to ecology
[dna] air wrote 83 bytes to ecology
[dna] air wrote 170 bytes to ecology
[dna] air wrote 92 bytes to ecology
[dna] air wrote 40 bytes to ecology
[dna] air wrote 63 bytes to ecology
[dna] air wrote 52 bytes to ecology
[dna] air wrote 48 bytes to ecology
[dna] air wrote 86 bytes to ecology
[dna] air wrote 71 bytes to ecology
[dna] air wrote 23 bytes to ecology
[dna] air wrote 99 bytes to ecology
[dna] air wrote 106 bytes to ecology
[dna] air wrote 22 bytes to ecology
[dna] air wrote 18 bytes to ecology
[dna] air wrote 59 bytes to ecology
[dna] air wrote 37 bytes to ecology
[dna] air wrote 78 bytes to ecology
[dna] air wrote 140 bytes to ecology
[dna] air wrote 63 bytes to ecology
[dna] air wrote 27 bytes to ecology
[dna] air wrote 23 bytes to ecology
[dna] air wrote 19 bytes to ecology
[dna] air wrote 29 bytes to ecology
[dna] air wrote 36 bytes to ecology
[dna] air wrote 299 bytes to ecology
[dna] air wrote 84 bytes to ecology
[dna] air wrote 37 bytes to ecology
[dna] air wrote 20 bytes to ecology
[dna] air wrote 118 bytes to ecology
[dna] air wrote 140 bytes to ecology
[debug-onto] tick=50 corpus=173305 stage=2 freeze=0
[dna] air wrote 85 bytes to ecology
[dna] air wrote 32 bytes to ecology
[dna] air wrote 78 bytes to ecology
[dna] air wrote 141 bytes to ecology
[dna] air wrote 29 bytes to ecology
[dna] air wrote 34 bytes to ecology
[dna] air wrote 92 bytes to ecology
[dna] air wrote 30 bytes to ecology
[dna] air wrote 36 bytes to ecology
[dna] air wrote 52 bytes to ecology
[dna] air wrote 25 bytes to ecology
[dna] air wrote 158 bytes to ecology
[dna] air wrote 136 bytes to ecology
[dna] air wrote 99 bytes to ecology
[dna] air wrote 62 bytes to ecology
[dna] air wrote 83 bytes to ecology
[dna] air wrote 50 bytes to ecology
[dna] air wrote 39 bytes to ecology
[dna] air wrote 110 bytes to ecology
[dna] air wrote 136 bytes to ecology
[dna] air wrote 78 bytes to ecology
[dna] air wrote 41 bytes to ecology
[dna] air wrote 51 bytes to ecology
[dna] air wrote 45 bytes to ecology
[dna] air wrote 42 bytes to ecology
[dna] air wrote 30 bytes to ecology
[dna] air wrote 130 bytes to ecology
[dna] air wrote 83 bytes to ecology
[dna] air wrote 66 bytes to ecology
[dna] air wrote 34 bytes to ecology
[dna] air wrote 81 bytes to ecology
[dna] air wrote 33 bytes to ecology
[dna] air wrote 27 bytes to ecology
[dna] air wrote 120 bytes to ecology
[dna] air wrote 121 bytes to ecology
[dna] air wrote 30 bytes to ecology
[dna] air wrote 64 bytes to ecology
[dna] air wrote 23 bytes to ecology
[dna] air wrote 140 bytes to ecology
[dna] air wrote 152 bytes to ecology
[dna] air wrote 65 bytes to ecology
[dna] air wrote 46 bytes to ecology
[dna] air wrote 73 bytes to ecology
[dna] air wrote 155 bytes to ecology
[dna] air wrote 48 bytes to ecology
[dna] air wrote 78 bytes to ecology
[dna] air wrote 39 bytes to ecology
[dna] air wrote 35 bytes to ecology
[dna] air wrote 83 bytes to ecology
[dna] air wrote 23 bytes to ecology
[debug-onto] tick=100 corpus=173305 stage=2 freeze=0
[dna] air wrote 35 bytes to ecology
[dna] air wrote 25 bytes to ecology
[dna] air wrote 105 bytes to ecology
[dna] air wrote 110 bytes to ecology
[dna] air wrote 87 bytes to ecology
[dna] air wrote 225 bytes to ecology
[dna] air wrote 234 bytes to ecology
[dna] air wrote 26 bytes to ecology
[dna] air wrote 28 bytes to ecology
[dna] air wrote 163 bytes to ecology
[dna] air wrote 53 bytes to ecology
[dna] air wrote 94 bytes to ecology
[dna] air wrote 48 bytes to ecology
[dna] air wrote 54 bytes to ecology
[dna] air wrote 177 bytes to ecology
[dna] air wrote 67 bytes to ecology
[dna] air wrote 67 bytes to ecology
[dna] air wrote 36 bytes to ecology
[dna] air wrote 42 bytes to ecology
[dna] air wrote 183 bytes to ecology
[dna] air wrote 33 bytes to ecology
[dna] air wrote 31 bytes to ecology
[dna] air wrote 41 bytes to ecology
[dna] air wrote 43 bytes to ecology
[dna] air wrote 323 bytes to ecology
[dna] air wrote 149 bytes to ecology
[dna] air wrote 44 bytes to ecology
[dna] air wrote 35 bytes to ecology
[dna] air wrote 82 bytes to ecology
[dna] air wrote 33 bytes to ecology
[dna] air wrote 73 bytes to ecology
[dna] air wrote 131 bytes to ecology
[dna] air wrote 77 bytes to ecology
[dna] air wrote 54 bytes to ecology
[dna] air wrote 115 bytes to ecology
[dna] air wrote 71 bytes to ecology
[dna] air wrote 35 bytes to ecology
[dna] air wrote 148 bytes to ecology
[dna] air wrote 23 bytes to ecology
[dna] air wrote 31 bytes to ecology
[dna] air wrote 37 bytes to ecology
[dna] air wrote 151 bytes to ecology
[dna] air wrote 120 bytes to ecology
[dna] air wrote 78 bytes to ecology
[dna] air wrote 146 bytes to ecology
[dna] air wrote 138 bytes to ecology
[dna] air wrote 34 bytes to ecology
[dna] air wrote 30 bytes to ecology
[dna] air wrote 39 bytes to ecology
[dna] air wrote 42 bytes to ecology
[debug-onto] tick=150 corpus=173305 stage=2 freeze=0
[dna] air wrote 228 bytes to ecology
[dna] air wrote 28 bytes to ecology
[dna] air wrote 121 bytes to ecology
[dna] air wrote 67 bytes to ecology
[dna] air wrote 49 bytes to ecology
[dna] air wrote 161 bytes to ecology
[dna] air wrote 150 bytes to ecology
[dna] air wrote 60 bytes to ecology
[dna] air wrote 138 bytes to ecology
[dna] air wrote 81 bytes to ecology
[dna] air wrote 21 bytes to ecology
[dna] air wrote 26 bytes to ecology
[dna] air wrote 145 bytes to ecology
[dna] air wrote 33 bytes to ecology
[dna] air wrote 89 bytes to ecology
[dna] air wrote 59 bytes to ecology
[dna] air wrote 52 bytes to ecology
[dna] air wrote 27 bytes to ecology
[dna] air wrote 94 bytes to ecology
[dna] air wrote 35 bytes to ecology
[dna] air wrote 89 bytes to ecology
[dna] air wrote 50 bytes to ecology
[dna] air wrote 155 bytes to ecology
[dna] air wrote 78 bytes to ecology
[dna] air wrote 36 bytes to ecology
[dna] air wrote 63 bytes to ecology
[dna] air wrote 79 bytes to ecology
[dna] air wrote 41 bytes to ecology
[dna] air wrote 124 bytes to ecology
[dna] air wrote 112 bytes to ecology
[dna] air wrote 123 bytes to ecology
[dna] air wrote 116 bytes to ecology
[dna] air wrote 90 bytes to ecology
[dna] air wrote 97 bytes to ecology
[dna] air wrote 22 bytes to ecology
[dna] air wrote 108 bytes to ecology
[dna] air wrote 87 bytes to ecology
[dna] air wrote 21 bytes to ecology
[dna] air wrote 63 bytes to ecology
[dna] air wrote 29 bytes to ecology
[dna] air wrote 29 bytes to ecology
[dna] air wrote 34 bytes to ecology
[dna] air wrote 121 bytes to ecology
[dna] air wrote 108 bytes to ecology
[dna] air wrote 30 bytes to ecology
[dna] air wrote 57 bytes to ecology
[dna] air wrote 124 bytes to ecology
[dna] air wrote 31 bytes to ecology
[dna] air wrote 198 bytes to ecology
[dna] air wrote 78 bytes to ecology
[debug-onto] tick=200 corpus=173305 stage=2 freeze=0
[dna] air wrote 50 bytes to ecology
[dna] air wrote 70 bytes to ecology
[dna] air wrote 112 bytes to ecology
[dna] air wrote 57 bytes to ecology
[dna] air wrote 162 bytes to ecology
[dna] air wrote 63 bytes to ecology
[dna] air wrote 42 bytes to ecology
[dna] air wrote 79 bytes to ecology
[dna] air wrote 130 bytes to ecology
[dna] air wrote 105 bytes to ecology
[dna] air wrote 52 bytes to ecology
[dna] air wrote 43 bytes to ecology
[dna] air wrote 94 bytes to ecology
[dna] air wrote 45 bytes to ecology
[dna] air wrote 153 bytes to ecology
[dna] air wrote 151 bytes to ecology
[dna] air wrote 73 bytes to ecology
[dna] air wrote 99 bytes to ecology
[dna] air wrote 27 bytes to ecology
[dna] air wrote 106 bytes to ecology
[dna] air wrote 145 bytes to ecology
[dna] air wrote 66 bytes to ecology
[dna] air wrote 38 bytes to ecology
[dna] air wrote 90 bytes to ecology
[dna] air wrote 36 bytes to ecology
[dna] air wrote 67 bytes to ecology
[dna] air wrote 86 bytes to ecology
[dna] air wrote 23 bytes to ecology
[dna] air wrote 59 bytes to ecology
[dna] air wrote 60 bytes to ecology
[dna] air wrote 34 bytes to ecology
[dna] air wrote 29 bytes to ecology
[dna] air wrote 43 bytes to ecology
[dna] air wrote 128 bytes to ecology
[dna] air wrote 55 bytes to ecology
[dna] air wrote 81 bytes to ecology
[dna] air wrote 58 bytes to ecology
[dna] air wrote 34 bytes to ecology
[dna] air wrote 26 bytes to ecology
[dna] air wrote 51 bytes to ecology
[dna] air wrote 32 bytes to ecology
[dna] air wrote 50 bytes to ecology
[dna] air wrote 52 bytes to ecology
[dna] air wrote 183 bytes to ecology
[dna] air wrote 107 bytes to ecology
[dna] air wrote 159 bytes to ecology
[dna] air wrote 139 bytes to ecology
[dna] air wrote 28 bytes to ecology
[dna] air wrote 65 bytes to ecology
[dna] air wrote 59 bytes to ecology
[debug-onto] tick=250 corpus=173305 stage=2 freeze=0
[dna] air wrote 29 bytes to ecology
[dna] air wrote 153 bytes to ecology
[dna] air wrote 96 bytes to ecology
[dna] air wrote 73 bytes to ecology
[dna] air wrote 67 bytes to ecology
[dna] air wrote 129 bytes to ecology
[dna] air wrote 41 bytes to ecology
[dna] air wrote 19 bytes to ecology
[dna] air wrote 53 bytes to ecology
[dna] air wrote 227 bytes to ecology
[dna] air wrote 29 bytes to ecology
[dna] air wrote 51 bytes to ecology
[dna] air wrote 139 bytes to ecology
[dna] air wrote 31 bytes to ecology
[dna] air wrote 54 bytes to ecology
[dna] air wrote 57 bytes to ecology
[dna] air wrote 55 bytes to ecology
[dna] air wrote 102 bytes to ecology
[dna] air wrote 132 bytes to ecology
[dna] air wrote 67 bytes to ecology
[dna] air wrote 74 bytes to ecology
[dna] air wrote 31 bytes to ecology
[dna] air wrote 159 bytes to ecology
[dna] air wrote 176 bytes to ecology
[dna] air wrote 50 bytes to ecology
[dna] air wrote 117 bytes to ecology
[dna] air wrote 27 bytes to ecology
[dna] air wrote 84 bytes to ecology
[dna] air wrote 99 bytes to ecology
[dna] air wrote 63 bytes to ecology
[dna] air wrote 50 bytes to ecology
[dna] air wrote 83 bytes to ecology
[dna] air wrote 42 bytes to ecology
[dna] air wrote 41 bytes to ecology
[dna] air wrote 43 bytes to ecology
[dna] air wrote 52 bytes to ecology
[dna] air wrote 98 bytes to ecology
[dna] air wrote 151 bytes to ecology
[dna] air wrote 46 bytes to ecology
[dna] air wrote 89 bytes to ecology
[dna] air wrote 67 bytes to ecology
[dna] air wrote 89 bytes to ecology
[dna] air wrote 91 bytes to ecology
[dna] air wrote 59 bytes to ecology
[dna] air wrote 31 bytes to ecology
[dna] air wrote 12 bytes to ecology
[dna] air wrote 28 bytes to ecology
[dna] air wrote 163 bytes to ecology
[dna] air wrote 88 bytes to ecology
[dna] air wrote 55 bytes to ecology
[debug-onto] tick=300 corpus=173305 stage=2 freeze=0
[dna] air wrote 26 bytes to ecology
[dna] air wrote 36 bytes to ecology
[dna] air wrote 48 bytes to ecology
[dna] air wrote 167 bytes to ecology
[dna] air wrote 138 bytes to ecology
[dna] air wrote 77 bytes to ecology
[dna] air wrote 36 bytes to ecology
[dna] air wrote 97 bytes to ecology
[dna] air wrote 119 bytes to ecology
[dna] air wrote 102 bytes to ecology
[dna] air wrote 137 bytes to ecology
[dna] air wrote 210 bytes to ecology
[dna] air wrote 54 bytes to ecology
[dna] air wrote 43 bytes to ecology
[dna] air wrote 29 bytes to ecology
[dna] air wrote 164 bytes to ecology
[dna] air wrote 96 bytes to ecology
[dna] air wrote 69 bytes to ecology
[dna] air wrote 35 bytes to ecology
[dna] air wrote 28 bytes to ecology
[dna] air wrote 28 bytes to ecology
[dna] air wrote 41 bytes to ecology
[dna] air wrote 51 bytes to ecology
[dna] air wrote 190 bytes to ecology
[dna] air wrote 47 bytes to ecology
[dna] air wrote 51 bytes to ecology
[dna] air wrote 90 bytes to ecology
[dna] air wrote 38 bytes to ecology
[dna] air wrote 87 bytes to ecology
[dna] air wrote 84 bytes to ecology
[dna] air wrote 62 bytes to ecology
[dna] air wrote 56 bytes to ecology
[dna] air wrote 89 bytes to ecology
[dna] air wrote 194 bytes to ecology
[dna] air wrote 55 bytes to ecology
[dna] air wrote 32 bytes to ecology
[dna] air wrote 32 bytes to ecology
[dna] air wrote 65 bytes to ecology
[dna] air wrote 49 bytes to ecology
[dna] air wrote 27 bytes to ecology
[dna] air wrote 37 bytes to ecology
[dna] air wrote 36 bytes to ecology
[dna] air wrote 39 bytes to ecology
[dna] air wrote 73 bytes to ecology
[dna] air wrote 93 bytes to ecology
[dna] air wrote 55 bytes to ecology
[dna] air wrote 39 bytes to ecology
[dna] air wrote 87 bytes to ecology
[dna] air wrote 32 bytes to ecology
[dna] air wrote 100 bytes to ecology
[debug-onto] tick=350 corpus=173305 stage=2 freeze=0
[dna] air wrote 70 bytes to ecology
[dna] air wrote 31 bytes to ecology
[dna] air wrote 56 bytes to ecology
[dna] air wrote 45 bytes to ecology
[dna] air wrote 41 bytes to ecology
[dna] air wrote 93 bytes to ecology
[dna] air wrote 26 bytes to ecology
[dna] air wrote 26 bytes to ecology
[dna] air wrote 32 bytes to ecology
[dna] air wrote 132 bytes to ecology
[dna] air wrote 44 bytes to ecology
[dna] air wrote 95 bytes to ecology
[dna] air wrote 31 bytes to ecology
[dna] air wrote 36 bytes to ecology
[dna] air wrote 82 bytes to ecology
[dna] air wrote 62 bytes to ecology
[dna] air wrote 35 bytes to ecology
[dna] air wrote 113 bytes to ecology
[dna] air wrote 125 bytes to ecology
[dna] air wrote 97 bytes to ecology
[dna] air wrote 169 bytes to ecology
[dna] air wrote 113 bytes to ecology
[dna] air wrote 43 bytes to ecology
[dna] air wrote 63 bytes to ecology
[dna] air wrote 46 bytes to ecology
[dna] air wrote 149 bytes to ecology
[dna] air wrote 42 bytes to ecology
[dna] air wrote 47 bytes to ecology
[dna] air wrote 106 bytes to ecology
[dna] air wrote 48 bytes to ecology
[dna] air wrote 57 bytes to ecology
[dna] air wrote 97 bytes to ecology
[dna] air wrote 25 bytes to ecology
[dna] air wrote 89 bytes to ecology
[dna] air wrote 78 bytes to ecology
[dna] air wrote 60 bytes to ecology
[dna] air wrote 51 bytes to ecology
[dna] air wrote 63 bytes to ecology
[dna] air wrote 82 bytes to ecology
[dna] air wrote 151 bytes to ecology
[dna] air wrote 30 bytes to ecology
[dna] air wrote 147 bytes to ecology
[dna] air wrote 81 bytes to ecology
[dna] air wrote 80 bytes to ecology
[dna] air wrote 54 bytes to ecology
[dna] air wrote 75 bytes to ecology
[dna] air wrote 39 bytes to ecology
[dna] air wrote 30 bytes to ecology
[dna] air wrote 121 bytes to ecology
[dna] air wrote 46 bytes to ecology
[debug-onto] tick=400 corpus=173305 stage=2 freeze=0
[dna] air wrote 69 bytes to ecology
[dna] air wrote 68 bytes to ecology
[dna] air wrote 53 bytes to ecology
[dna] air wrote 68 bytes to ecology
[dna] air wrote 171 bytes to ecology
[dna] air wrote 54 bytes to ecology
[dna] air wrote 25 bytes to ecology
[dna] air wrote 27 bytes to ecology
[dna] air wrote 70 bytes to ecology
[dna] air wrote 132 bytes to ecology
[dna] air wrote 51 bytes to ecology
[dna] air wrote 34 bytes to ecology
[dna] air wrote 57 bytes to ecology
[dna] air wrote 97 bytes to ecology
[dna] air wrote 43 bytes to ecology
[dna] air wrote 64 bytes to ecology
[dna] air wrote 95 bytes to ecology
[dna] air wrote 72 bytes to ecology
[dna] air wrote 73 bytes to ecology
[dna] air wrote 45 bytes to ecology
[dna] air wrote 91 bytes to ecology
[dna] air wrote 81 bytes to ecology
[dna] air wrote 54 bytes to ecology
[dna] air wrote 156 bytes to ecology
[dna] air wrote 33 bytes to ecology
[dna] air wrote 65 bytes to ecology
[dna] air wrote 66 bytes to ecology
[dna] air wrote 56 bytes to ecology
[dna] air wrote 71 bytes to ecology
[dna] air wrote 171 bytes to ecology
[dna] air wrote 67 bytes to ecology
[dna] air wrote 90 bytes to ecology
[dna] air wrote 37 bytes to ecology
[dna] air wrote 75 bytes to ecology
[dna] air wrote 120 bytes to ecology
[dna] air wrote 100 bytes to ecology
[dna] air wrote 86 bytes to ecology
[dna] air wrote 54 bytes to ecology
[dna] air wrote 31 bytes to ecology
[dna] air wrote 48 bytes to ecology
[dna] air wrote 151 bytes to ecology
[dna] air wrote 62 bytes to ecology
[dna] air wrote 26 bytes to ecology
[dna] air wrote 109 bytes to ecology
[dna] air wrote 29 bytes to ecology
[dna] air wrote 72 bytes to ecology
[dna] air wrote 41 bytes to ecology
[dna] air wrote 98 bytes to ecology
[dna] air wrote 53 bytes to ecology
[dna] air wrote 37 bytes to ecology
[debug-onto] tick=450 corpus=173305 stage=2 freeze=0
[dna] air wrote 134 bytes to ecology
[dna] air wrote 58 bytes to ecology
[dna] air wrote 22 bytes to ecology
[dna] air wrote 113 bytes to ecology
[dna] air wrote 101 bytes to ecology
[dna] air wrote 71 bytes to ecology
[dna] air wrote 47 bytes to ecology
[dna] air wrote 63 bytes to ecology
[dna] air wrote 85 bytes to ecology
[dna] air wrote 34 bytes to ecology
[dna] air wrote 65 bytes to ecology
[dna] air wrote 151 bytes to ecology
[dna] air wrote 39 bytes to ecology
[dna] air wrote 110 bytes to ecology
[dna] air wrote 54 bytes to ecology
[dna] air wrote 50 bytes to ecology
[dna] air wrote 52 bytes to ecology
[dna] air wrote 106 bytes to ecology
[dna] air wrote 102 bytes to ecology
[dna] air wrote 25 bytes to ecology
[dna] air wrote 38 bytes to ecology
[dna] air wrote 47 bytes to ecology
[dna] air wrote 30 bytes to ecology
[dna] air wrote 28 bytes to ecology
[dna] air wrote 169 bytes to ecology
[dna] air wrote 136 bytes to ecology
[dna] air wrote 49 bytes to ecology
[dna] air wrote 51 bytes to ecology
[dna] air wrote 97 bytes to ecology
[dna] air wrote 24 bytes to ecology
[dna] air wrote 32 bytes to ecology
[dna] air wrote 122 bytes to ecology
[dna] air wrote 183 bytes to ecology
[dna] air wrote 52 bytes to ecology
[dna] air wrote 85 bytes to ecology
[dna] air wrote 50 bytes to ecology
[dna] air wrote 37 bytes to ecology
[dna] air wrote 60 bytes to ecology
[dna] air wrote 77 bytes to ecology
[dna] air wrote 72 bytes to ecology
[dna] air wrote 87 bytes to ecology
[dna] air wrote 203 bytes to ecology
[dna] air wrote 66 bytes to ecology
[dna] air wrote 82 bytes to ecology
[dna] air wrote 51 bytes to ecology
[dna] air wrote 70 bytes to ecology
[dna] air wrote 62 bytes to ecology
[dna] air wrote 90 bytes to ecology
[dna] air wrote 41 bytes to ecology
[dna] air wrote 56 bytes to ecology
[debug-onto] tick=500 corpus=173305 stage=2 freeze=0
[dna] air wrote 34 bytes to ecology
[dna] air wrote 159 bytes to ecology
[dna] air wrote 75 bytes to ecology
[dna] air wrote 136 bytes to ecology
[dna] air wrote 135 bytes to ecology
[dna] air wrote 96 bytes to ecology
[dna] air wrote 156 bytes to ecology
[dna] air wrote 52 bytes to ecology
[dna] air wrote 84 bytes to ecology
[dna] air wrote 31 bytes to ecology
[dna] air wrote 38 bytes to ecology
[dna] air wrote 18 bytes to ecology
[dna] air wrote 53 bytes to ecology
[dna] air wrote 101 bytes to ecology
[dna] air wrote 35 bytes to ecology
[dna] air wrote 55 bytes to ecology
[dna] air wrote 34 bytes to ecology
[dna] air wrote 91 bytes to ecology
[dna] air wrote 79 bytes to ecology
[dna] air wrote 58 bytes to ecology
[dna] air wrote 25 bytes to ecology
[dna] air wrote 56 bytes to ecology
[dna] air wrote 113 bytes to ecology
[dna] air wrote 67 bytes to ecology
[dna] air wrote 48 bytes to ecology
[dna] air wrote 71 bytes to ecology
[dna] air wrote 27 bytes to ecology
[dna] air wrote 80 bytes to ecology
[dna] air wrote 158 bytes to ecology
[dna] air wrote 123 bytes to ecology
[dna] air wrote 31 bytes to ecology
[dna] air wrote 41 bytes to ecology
[dna] air wrote 38 bytes to ecology
[dna] air wrote 93 bytes to ecology
[dna] air wrote 42 bytes to ecology
[dna] air wrote 44 bytes to ecology
[dna] air wrote 29 bytes to ecology
[dna] air wrote 77 bytes to ecology
[dna] air wrote 63 bytes to ecology
[dna] air wrote 48 bytes to ecology
[dna] air wrote 85 bytes to ecology
[dna] air wrote 73 bytes to ecology
[dna] air wrote 86 bytes to ecology
[dna] air wrote 46 bytes to ecology
[dna] air wrote 45 bytes to ecology
[dna] air wrote 168 bytes to ecology
[dna] air wrote 54 bytes to ecology
[dna] air wrote 23 bytes to ecology
[dna] air wrote 35 bytes to ecology
[dna] air wrote 51 bytes to ecology
[debug-onto] tick=550 corpus=173305 stage=2 freeze=0
[dna] air wrote 194 bytes to ecology
[dna] air wrote 79 bytes to ecology
[dna] air wrote 40 bytes to ecology
[dna] air wrote 157 bytes to ecology
[dna] air wrote 47 bytes to ecology
[dna] air wrote 101 bytes to ecology
[dna] air wrote 20 bytes to ecology
[dna] air wrote 39 bytes to ecology
[dna] air wrote 38 bytes to ecology
[dna] air wrote 31 bytes to ecology
[dna] air wrote 38 bytes to ecology
[dna] air wrote 16 bytes to ecology
[dna] air wrote 61 bytes to ecology
[dna] air wrote 36 bytes to ecology
[dna] air wrote 50 bytes to ecology
[dna] air wrote 201 bytes to ecology

[evolution] Organism shutting down gracefully.
