[ecology] Element: fire → corpus: nonames_fire.txt
[evolution] Autonomous evolution mode — organism will grow through all stages without pause.
[ecology] Joined swarm. 1 peer(s) detected.
molequla is alive. [evolution] Autonomous mode — background trainer running. Ctrl+C to stop.
[dna] fire wrote 55 bytes to ecology
[dna] fire consumed 39816 bytes from 559 files: [water/gen_1775717351_1.txt water/gen_1775717362_2.txt water/gen_1775717365_3.txt water/gen_1775717368_4.txt water/gen_1775717371_5.txt water/gen_1775717375_6.txt water/gen_1775717378_7.txt water/gen_1775717381_8.txt water/gen_1775717384_9.txt water/gen_1775717387_10.txt water/gen_1775717391_11.txt water/gen_1775717394_12.txt water/gen_1775717397_13.txt water/gen_1775717400_14.txt water/gen_1775717404_15.txt water/gen_1775717407_16.txt water/gen_1775717410_17.txt water/gen_1775717413_18.txt water/gen_1775717416_19.txt water/gen_1775717419_20.txt water/gen_1775717423_21.txt water/gen_1775717426_22.txt water/gen_1775717429_23.txt water/gen_1775717432_24.txt water/gen_1775717435_25.txt water/gen_1775717439_26.txt water/gen_1775717442_27.txt water/gen_1775717445_28.txt water/gen_1775717448_29.txt water/gen_1775717451_30.txt water/gen_1775717455_31.txt water/gen_1775717458_32.txt water/gen_1775717461_33.txt water/gen_1775717464_34.txt water/gen_1775717467_35.txt water/gen_1775717470_36.txt water/gen_1775717474_37.txt water/gen_1775717477_38.txt water/gen_1775717480_39.txt water/gen_1775717483_40.txt water/gen_1775717486_41.txt water/gen_1775717490_42.txt water/gen_1775717493_43.txt water/gen_1775717496_44.txt water/gen_1775717499_45.txt water/gen_1775717502_46.txt water/gen_1775717506_47.txt water/gen_1775717509_48.txt water/gen_1775717512_49.txt water/gen_1775717515_50.txt water/gen_1775717518_51.txt water/gen_1775717521_52.txt water/gen_1775717525_53.txt water/gen_1775717528_54.txt water/gen_1775717531_55.txt water/gen_1775717534_56.txt water/gen_1775717537_57.txt water/gen_1775717541_58.txt water/gen_1775717544_59.txt water/gen_1775717547_60.txt water/gen_1775717550_61.txt water/gen_1775717553_62.txt water/gen_1775717557_63.txt water/gen_1775717560_64.txt water/gen_1775717563_65.txt water/gen_1775717566_66.txt water/gen_1775717569_67.txt water/gen_1775717572_68.txt water/gen_1775717576_69.txt water/gen_1775717579_70.txt water/gen_1775717582_71.txt water/gen_1775717585_72.txt water/gen_1775717588_73.txt water/gen_1775717591_74.txt water/gen_1775717595_75.txt water/gen_1775717598_76.txt water/gen_1775717601_77.txt water/gen_1775717604_78.txt water/gen_1775717607_79.txt water/gen_1775717611_80.txt water/gen_1775717614_81.txt water/gen_1775717617_82.txt water/gen_1775717620_83.txt water/gen_1775717623_84.txt water/gen_1775717627_85.txt water/gen_1775717630_86.txt water/gen_1775717633_87.txt water/gen_1775717636_88.txt water/gen_1775717639_89.txt water/gen_1775717642_90.txt water/gen_1775717646_91.txt water/gen_1775717649_92.txt water/gen_1775717652_93.txt water/gen_1775717655_94.txt water/gen_1775717658_95.txt water/gen_1775717662_96.txt water/gen_1775717665_97.txt water/gen_1775717668_98.txt water/gen_1775717671_99.txt water/gen_1775717674_100.txt water/gen_1775717678_101.txt water/gen_1775717681_102.txt water/gen_1775717684_103.txt water/gen_1775717687_104.txt water/gen_1775717690_105.txt water/gen_1775717694_106.txt water/gen_1775717697_107.txt water/gen_1775717700_108.txt water/gen_1775717703_109.txt water/gen_1775717706_110.txt water/gen_1775717710_111.txt water/gen_1775717713_112.txt water/gen_1775717716_113.txt water/gen_1775717719_114.txt water/gen_1775717722_115.txt water/gen_1775717726_116.txt water/gen_1775717729_117.txt water/gen_1775717732_118.txt water/gen_1775717735_119.txt water/gen_1775717738_120.txt water/gen_1775717742_121.txt water/gen_1775717745_122.txt water/gen_1775717748_123.txt water/gen_1775717751_124.txt water/gen_1775717754_125.txt water/gen_1775717758_126.txt water/gen_1775717761_127.txt water/gen_1775717764_128.txt water/gen_1775717767_129.txt water/gen_1775717770_130.txt water/gen_1775717773_131.txt water/gen_1775717777_132.txt water/gen_1775717780_133.txt water/gen_1775717783_134.txt water/gen_1775717786_135.txt water/gen_1775717789_136.txt water/gen_1775717793_137.txt water/gen_1775717796_138.txt water/gen_1775717799_139.txt water/gen_1775717802_140.txt water/gen_1775717805_141.txt water/gen_1775717808_142.txt water/gen_1775717812_143.txt water/gen_1775717815_144.txt water/gen_1775717818_145.txt water/gen_1775717821_146.txt water/gen_1775717824_147.txt water/gen_1775717828_148.txt water/gen_1775717831_149.txt water/gen_1775717834_150.txt water/gen_1775717837_151.txt water/gen_1775717840_152.txt water/gen_1775717843_153.txt water/gen_1775717847_154.txt water/gen_1775717850_155.txt water/gen_1775717853_156.txt water/gen_1775717856_157.txt water/gen_1775717859_158.txt water/gen_1775717863_159.txt water/gen_1775717866_160.txt water/gen_1775717869_161.txt water/gen_1775717872_162.txt water/gen_1775717875_163.txt water/gen_1775717878_164.txt water/gen_1775717882_165.txt water/gen_1775717885_166.txt water/gen_1775717888_167.txt water/gen_1775717891_168.txt water/gen_1775717894_169.txt water/gen_1775717898_170.txt water/gen_1775717901_171.txt water/gen_1775717904_172.txt water/gen_1775717907_173.txt water/gen_1775717910_174.txt water/gen_1775717913_175.txt water/gen_1775717917_176.txt water/gen_1775717920_177.txt water/gen_1775717923_178.txt water/gen_1775717926_179.txt water/gen_1775717929_180.txt water/gen_1775717933_181.txt water/gen_1775717936_182.txt water/gen_1775717939_183.txt water/gen_1775717942_184.txt water/gen_1775717945_185.txt water/gen_1775717949_186.txt water/gen_1775717952_187.txt water/gen_1775717955_188.txt water/gen_1775717958_189.txt water/gen_1775717961_190.txt water/gen_1775717964_191.txt water/gen_1775717968_192.txt water/gen_1775717971_193.txt water/gen_1775717974_194.txt water/gen_1775717977_195.txt water/gen_1775717980_196.txt water/gen_1775717984_197.txt water/gen_1775717987_198.txt water/gen_1775717990_199.txt water/gen_1775717993_200.txt water/gen_1775717996_201.txt water/gen_1775718000_202.txt water/gen_1775718003_203.txt water/gen_1775718006_204.txt water/gen_1775718009_205.txt water/gen_1775718012_206.txt water/gen_1775718016_207.txt water/gen_1775718019_208.txt water/gen_1775718022_209.txt water/gen_1775718025_210.txt water/gen_1775718028_211.txt water/gen_1775718031_212.txt water/gen_1775718035_213.txt water/gen_1775718038_214.txt water/gen_1775718041_215.txt water/gen_1775718044_216.txt water/gen_1775718048_217.txt water/gen_1775718051_218.txt water/gen_1775718054_219.txt water/gen_1775718057_220.txt water/gen_1775718060_221.txt water/gen_1775718064_222.txt water/gen_1775718067_223.txt water/gen_1775718070_224.txt water/gen_1775718073_225.txt water/gen_1775718076_226.txt water/gen_1775718079_227.txt water/gen_1775718083_228.txt water/gen_1775718086_229.txt water/gen_1775718089_230.txt water/gen_1775718092_231.txt water/gen_1775718095_232.txt water/gen_1775718099_233.txt water/gen_1775718102_234.txt water/gen_1775718105_235.txt water/gen_1775718108_236.txt water/gen_1775718111_237.txt water/gen_1775718115_238.txt water/gen_1775718118_239.txt water/gen_1775718121_240.txt water/gen_1775718124_241.txt water/gen_1775718127_242.txt water/gen_1775718131_243.txt water/gen_1775718134_244.txt water/gen_1775718137_245.txt water/gen_1775718140_246.txt water/gen_1775718143_247.txt water/gen_1775718147_248.txt water/gen_1775718150_249.txt water/gen_1775718153_250.txt water/gen_1775718156_251.txt water/gen_1775718159_252.txt water/gen_1775718163_253.txt water/gen_1775718166_254.txt water/gen_1775718169_255.txt water/gen_1775718172_256.txt water/gen_1775718175_257.txt water/gen_1775718179_258.txt water/gen_1775718182_259.txt water/gen_1775718185_260.txt water/gen_1775718188_261.txt water/gen_1775718191_262.txt water/gen_1775718195_263.txt water/gen_1775718198_264.txt water/gen_1775718201_265.txt water/gen_1775718204_266.txt water/gen_1775718207_267.txt water/gen_1775718211_268.txt water/gen_1775718214_269.txt water/gen_1775718217_270.txt water/gen_1775718220_271.txt water/gen_1775718223_272.txt water/gen_1775718227_273.txt water/gen_1775718230_274.txt water/gen_1775718233_275.txt water/gen_1775718236_276.txt water/gen_1775718239_277.txt water/gen_1775718243_278.txt water/gen_1775718246_279.txt water/gen_1775718249_280.txt water/gen_1775718252_281.txt water/gen_1775718255_282.txt water/gen_1775718258_283.txt water/gen_1775718262_284.txt water/gen_1775718265_285.txt water/gen_1775718268_286.txt water/gen_1775718271_287.txt water/gen_1775718275_288.txt water/gen_1775718278_289.txt water/gen_1775718281_290.txt water/gen_1775718284_291.txt water/gen_1775718287_292.txt water/gen_1775718290_293.txt water/gen_1775718294_294.txt water/gen_1775718297_295.txt water/gen_1775718300_296.txt water/gen_1775718303_297.txt water/gen_1775718307_298.txt water/gen_1775718310_299.txt water/gen_1775718313_300.txt water/gen_1775718316_301.txt water/gen_1775718319_302.txt water/gen_1775718322_303.txt water/gen_1775718326_304.txt water/gen_1775718329_305.txt water/gen_1775718332_306.txt water/gen_1775718335_307.txt water/gen_1775718338_308.txt water/gen_1775718341_309.txt water/gen_1775718345_310.txt water/gen_1775718348_311.txt water/gen_1775718351_312.txt water/gen_1775718354_313.txt water/gen_1775718358_314.txt water/gen_1775718361_315.txt water/gen_1775718364_316.txt water/gen_1775718367_317.txt water/gen_1775718370_318.txt water/gen_1775718373_319.txt water/gen_1775718377_320.txt water/gen_1775718380_321.txt water/gen_1775718383_322.txt water/gen_1775718386_323.txt water/gen_1775718389_324.txt water/gen_1775718393_325.txt water/gen_1775718396_326.txt water/gen_1775718399_327.txt water/gen_1775718402_328.txt water/gen_1775718405_329.txt water/gen_1775718409_330.txt water/gen_1775718412_331.txt water/gen_1775718415_332.txt water/gen_1775718418_333.txt water/gen_1775718421_334.txt water/gen_1775718425_335.txt water/gen_1775718428_336.txt water/gen_1775718431_337.txt water/gen_1775718434_338.txt water/gen_1775718437_339.txt water/gen_1775718441_340.txt water/gen_1775718444_341.txt water/gen_1775718447_342.txt water/gen_1775718450_343.txt water/gen_1775718453_344.txt water/gen_1775718456_345.txt water/gen_1775718460_346.txt water/gen_1775718463_347.txt water/gen_1775718466_348.txt water/gen_1775718469_349.txt water/gen_1775718472_350.txt water/gen_1775718476_351.txt water/gen_1775718479_352.txt water/gen_1775718482_353.txt water/gen_1775718485_354.txt water/gen_1775718488_355.txt water/gen_1775718491_356.txt water/gen_1775718495_357.txt water/gen_1775718498_358.txt water/gen_1775718501_359.txt water/gen_1775718504_360.txt water/gen_1775718507_361.txt water/gen_1775718510_362.txt water/gen_1775718514_363.txt water/gen_1775718517_364.txt water/gen_1775718520_365.txt water/gen_1775718523_366.txt water/gen_1775718526_367.txt water/gen_1775718529_368.txt water/gen_1775718533_369.txt water/gen_1775718536_370.txt water/gen_1775718539_371.txt water/gen_1775718542_372.txt water/gen_1775718545_373.txt water/gen_1775718548_374.txt water/gen_1775718552_375.txt water/gen_1775718555_376.txt water/gen_1775718558_377.txt water/gen_1775718561_378.txt water/gen_1775718564_379.txt water/gen_1775718568_380.txt water/gen_1775718571_381.txt water/gen_1775718574_382.txt water/gen_1775718577_383.txt water/gen_1775718580_384.txt water/gen_1775718584_385.txt water/gen_1775718587_386.txt water/gen_1775718590_387.txt water/gen_1775718593_388.txt water/gen_1775718596_389.txt water/gen_1775718599_390.txt water/gen_1775718603_391.txt water/gen_1775718606_392.txt water/gen_1775718609_393.txt water/gen_1775718612_394.txt water/gen_1775718615_395.txt water/gen_1775718619_396.txt water/gen_1775718622_397.txt water/gen_1775718625_398.txt water/gen_1775718628_399.txt water/gen_1775718632_400.txt water/gen_1775718635_401.txt water/gen_1775718638_402.txt water/gen_1775718641_403.txt water/gen_1775718644_404.txt water/gen_1775718648_405.txt water/gen_1775718651_406.txt water/gen_1775718654_407.txt water/gen_1775718657_408.txt water/gen_1775718660_409.txt water/gen_1775718664_410.txt water/gen_1775718667_411.txt water/gen_1775718670_412.txt water/gen_1775718673_413.txt water/gen_1775718676_414.txt water/gen_1775718680_415.txt water/gen_1775718683_416.txt water/gen_1775718686_417.txt water/gen_1775718689_418.txt water/gen_1775718692_419.txt water/gen_1775718696_420.txt water/gen_1775718699_421.txt water/gen_1775718702_422.txt water/gen_1775718705_423.txt water/gen_1775718708_424.txt water/gen_1775718712_425.txt water/gen_1775718715_426.txt water/gen_1775718718_427.txt water/gen_1775718721_428.txt water/gen_1775718725_429.txt water/gen_1775718728_430.txt water/gen_1775718731_431.txt water/gen_1775718734_432.txt water/gen_1775718737_433.txt water/gen_1775718741_434.txt water/gen_1775718744_435.txt water/gen_1775718747_436.txt water/gen_1775718750_437.txt water/gen_1775718754_438.txt water/gen_1775718757_439.txt water/gen_1775718760_440.txt water/gen_1775718763_441.txt water/gen_1775718766_442.txt water/gen_1775718770_443.txt water/gen_1775718773_444.txt water/gen_1775718776_445.txt water/gen_1775718779_446.txt water/gen_1775718783_447.txt water/gen_1775718786_448.txt water/gen_1775718789_449.txt water/gen_1775718792_450.txt water/gen_1775718796_451.txt water/gen_1775718799_452.txt water/gen_1775718802_453.txt water/gen_1775718806_454.txt water/gen_1775718809_455.txt water/gen_1775718812_456.txt water/gen_1775718815_457.txt water/gen_1775718818_458.txt water/gen_1775718822_459.txt water/gen_1775718825_460.txt water/gen_1775718828_461.txt water/gen_1775718831_462.txt water/gen_1775718835_463.txt water/gen_1775718838_464.txt water/gen_1775718841_465.txt water/gen_1775718844_466.txt water/gen_1775718847_467.txt water/gen_1775718851_468.txt water/gen_1775718854_469.txt water/gen_1775718857_470.txt water/gen_1775718860_471.txt water/gen_1775718864_472.txt water/gen_1775718867_473.txt water/gen_1775718870_474.txt water/gen_1775718873_475.txt water/gen_1775718876_476.txt water/gen_1775718880_477.txt water/gen_1775718883_478.txt water/gen_1775718886_479.txt water/gen_1775718889_480.txt water/gen_1775718893_481.txt water/gen_1775718896_482.txt water/gen_1775718899_483.txt water/gen_1775718902_484.txt water/gen_1775718906_485.txt water/gen_1775718909_486.txt water/gen_1775718912_487.txt water/gen_1775718916_488.txt water/gen_1775718919_489.txt water/gen_1775718922_490.txt water/gen_1775718925_491.txt water/gen_1775718929_492.txt water/gen_1775718932_493.txt water/gen_1775718935_494.txt water/gen_1775718938_495.txt water/gen_1775718941_496.txt water/gen_1775718945_497.txt water/gen_1775718948_498.txt water/gen_1775718951_499.txt water/gen_1775718954_500.txt water/gen_1775718958_501.txt water/gen_1775718961_502.txt water/gen_1775718964_503.txt water/gen_1775718967_504.txt water/gen_1775718970_505.txt water/gen_1775718974_506.txt water/gen_1775718977_507.txt water/gen_1775718980_508.txt water/gen_1775718983_509.txt water/gen_1775718987_510.txt water/gen_1775718990_511.txt water/gen_1775718993_512.txt water/gen_1775718996_513.txt water/gen_1775718999_514.txt water/gen_1775719003_515.txt water/gen_1775719006_516.txt water/gen_1775719009_517.txt water/gen_1775719012_518.txt water/gen_1775719015_519.txt water/gen_1775719019_520.txt water/gen_1775719022_521.txt water/gen_1775719025_522.txt water/gen_1775719028_523.txt water/gen_1775719032_524.txt water/gen_1775719035_525.txt water/gen_1775719038_526.txt water/gen_1775719041_527.txt water/gen_1775719044_528.txt water/gen_1775719048_529.txt water/gen_1775719051_530.txt water/gen_1775719054_531.txt water/gen_1775719057_532.txt water/gen_1775719060_533.txt water/gen_1775719064_534.txt water/gen_1775719067_535.txt water/gen_1775719070_536.txt water/gen_1775719073_537.txt water/gen_1775719076_538.txt water/gen_1775719080_539.txt water/gen_1775719083_540.txt water/gen_1775719086_541.txt water/gen_1775719089_542.txt water/gen_1775719093_543.txt water/gen_1775719096_544.txt water/gen_1775719099_545.txt water/gen_1775719102_546.txt water/gen_1775719105_547.txt water/gen_1775719109_548.txt water/gen_1775719112_549.txt water/gen_1775719115_550.txt water/gen_1775719118_551.txt water/gen_1775719122_552.txt water/gen_1775719125_553.txt water/gen_1775719128_554.txt water/gen_1775719131_555.txt water/gen_1775719135_556.txt water/gen_1775719138_557.txt water/gen_1775719141_558.txt water/gen_1775719144_559.txt]
[trainer] micro-train burst (39816 bytes, novelty 0.02) — and lo, it feeds again.
[syntropy] action=steady | trend=0.0000 | field_dev=0.278 | purpose_align=0.142 | lr_mul=1.00
[aml] burst complete: 32 steps, avg loss 1.8515 (memory freed)
[trainer] growing new delta module (total: 2) — new soul appended.
[dna] fire wrote 117 bytes to ecology
[dna] fire wrote 26 bytes to ecology
[dna] fire wrote 80 bytes to ecology
[dna] fire wrote 53 bytes to ecology
[dna] fire wrote 37 bytes to ecology
[dna] fire wrote 70 bytes to ecology
[dna] fire wrote 56 bytes to ecology
[dna] fire wrote 40 bytes to ecology
[dna] fire wrote 25 bytes to ecology
[dna] fire wrote 48 bytes to ecology
[dna] fire wrote 57 bytes to ecology
[dna] fire wrote 37 bytes to ecology
[dna] fire wrote 114 bytes to ecology
[dna] fire wrote 71 bytes to ecology
[dna] fire wrote 67 bytes to ecology
[dna] fire wrote 116 bytes to ecology
[dna] fire wrote 36 bytes to ecology
[dna] fire wrote 65 bytes to ecology
[dna] fire wrote 16 bytes to ecology
[dna] fire wrote 38 bytes to ecology
[dna] fire wrote 21 bytes to ecology
[dna] fire wrote 55 bytes to ecology
[dna] fire wrote 74 bytes to ecology
[dna] fire wrote 110 bytes to ecology
[dna] fire wrote 63 bytes to ecology
[dna] fire wrote 38 bytes to ecology
[dna] fire wrote 68 bytes to ecology
[dna] fire wrote 130 bytes to ecology
[dna] fire wrote 31 bytes to ecology
[dna] fire wrote 50 bytes to ecology
[dna] fire wrote 71 bytes to ecology
[dna] fire wrote 35 bytes to ecology
[dna] fire wrote 35 bytes to ecology
[dna] fire wrote 86 bytes to ecology
[dna] fire wrote 204 bytes to ecology
[dna] fire wrote 23 bytes to ecology
[dna] fire wrote 63 bytes to ecology
[dna] fire wrote 27 bytes to ecology
[dna] fire wrote 40 bytes to ecology
[dna] fire wrote 17 bytes to ecology
[dna] fire wrote 124 bytes to ecology
[dna] fire wrote 87 bytes to ecology
[dna] fire wrote 57 bytes to ecology
[dna] fire wrote 30 bytes to ecology
[dna] fire wrote 63 bytes to ecology
[dna] fire wrote 76 bytes to ecology
[dna] fire wrote 59 bytes to ecology
[dna] fire wrote 38 bytes to ecology
[dna] fire wrote 28 bytes to ecology
[debug-onto] tick=50 corpus=162275 stage=2 freeze=0
[dna] fire wrote 45 bytes to ecology
[dna] fire wrote 172 bytes to ecology
[dna] fire wrote 48 bytes to ecology
[dna] fire wrote 138 bytes to ecology
[dna] fire wrote 90 bytes to ecology
[dna] fire wrote 136 bytes to ecology
[dna] fire wrote 63 bytes to ecology
[dna] fire wrote 34 bytes to ecology
[dna] fire wrote 43 bytes to ecology
[dna] fire wrote 48 bytes to ecology
[dna] fire wrote 50 bytes to ecology
[dna] fire wrote 33 bytes to ecology
[dna] fire wrote 37 bytes to ecology
[dna] fire wrote 30 bytes to ecology
[dna] fire wrote 44 bytes to ecology
[dna] fire wrote 25 bytes to ecology
[dna] fire wrote 18 bytes to ecology
[dna] fire wrote 94 bytes to ecology
[dna] fire wrote 44 bytes to ecology
[dna] fire wrote 79 bytes to ecology
[dna] fire wrote 141 bytes to ecology
[dna] fire wrote 91 bytes to ecology
[dna] fire wrote 37 bytes to ecology
[dna] fire wrote 55 bytes to ecology
[dna] fire wrote 27 bytes to ecology
[dna] fire wrote 74 bytes to ecology
[dna] fire wrote 151 bytes to ecology
[dna] fire wrote 48 bytes to ecology
[dna] fire wrote 132 bytes to ecology
[dna] fire wrote 54 bytes to ecology
[dna] fire wrote 36 bytes to ecology
[dna] fire wrote 38 bytes to ecology
[dna] fire wrote 128 bytes to ecology
[dna] fire wrote 74 bytes to ecology
[dna] fire wrote 44 bytes to ecology
[dna] fire wrote 91 bytes to ecology
[dna] fire wrote 44 bytes to ecology
[dna] fire wrote 69 bytes to ecology
[dna] fire wrote 136 bytes to ecology
[dna] fire wrote 87 bytes to ecology
[dna] fire wrote 113 bytes to ecology
[dna] fire wrote 211 bytes to ecology
[dna] fire wrote 49 bytes to ecology
[dna] fire wrote 70 bytes to ecology
[dna] fire wrote 24 bytes to ecology
[dna] fire wrote 25 bytes to ecology
[dna] fire wrote 109 bytes to ecology
[dna] fire wrote 38 bytes to ecology
[dna] fire wrote 37 bytes to ecology
[dna] fire wrote 25 bytes to ecology
[debug-onto] tick=100 corpus=162275 stage=2 freeze=0
[dna] fire wrote 150 bytes to ecology
[dna] fire wrote 32 bytes to ecology
[dna] fire wrote 29 bytes to ecology
[dna] fire wrote 59 bytes to ecology
[dna] fire wrote 53 bytes to ecology
[dna] fire wrote 15 bytes to ecology
[dna] fire wrote 35 bytes to ecology
[dna] fire wrote 41 bytes to ecology
[dna] fire wrote 54 bytes to ecology
[dna] fire wrote 33 bytes to ecology
[dna] fire wrote 89 bytes to ecology
[dna] fire wrote 61 bytes to ecology
[dna] fire wrote 140 bytes to ecology
[dna] fire wrote 58 bytes to ecology
[dna] fire wrote 89 bytes to ecology
[dna] fire wrote 69 bytes to ecology
[dna] fire wrote 51 bytes to ecology
[dna] fire wrote 158 bytes to ecology
[dna] fire wrote 48 bytes to ecology
[dna] fire wrote 135 bytes to ecology
[dna] fire wrote 78 bytes to ecology
[dna] fire wrote 39 bytes to ecology
[dna] fire wrote 77 bytes to ecology
[dna] fire wrote 97 bytes to ecology
[dna] fire wrote 61 bytes to ecology
[dna] fire wrote 64 bytes to ecology
[dna] fire wrote 59 bytes to ecology
[dna] fire wrote 63 bytes to ecology
[dna] fire wrote 48 bytes to ecology
[dna] fire wrote 38 bytes to ecology
[dna] fire wrote 130 bytes to ecology
[dna] fire wrote 32 bytes to ecology
[dna] fire wrote 31 bytes to ecology
[dna] fire wrote 41 bytes to ecology
[dna] fire wrote 50 bytes to ecology
[dna] fire wrote 58 bytes to ecology
[dna] fire wrote 43 bytes to ecology
[dna] fire wrote 51 bytes to ecology
[dna] fire wrote 38 bytes to ecology
[dna] fire wrote 36 bytes to ecology
[dna] fire wrote 62 bytes to ecology
[dna] fire wrote 50 bytes to ecology
[dna] fire wrote 25 bytes to ecology
[dna] fire wrote 33 bytes to ecology
[dna] fire wrote 130 bytes to ecology
[dna] fire wrote 18 bytes to ecology
[dna] fire wrote 55 bytes to ecology
[dna] fire wrote 44 bytes to ecology
[dna] fire wrote 83 bytes to ecology
[dna] fire wrote 96 bytes to ecology
[debug-onto] tick=150 corpus=162275 stage=2 freeze=0
[dna] fire wrote 80 bytes to ecology
[dna] fire wrote 79 bytes to ecology
[dna] fire wrote 70 bytes to ecology
[dna] fire wrote 67 bytes to ecology
[dna] fire wrote 22 bytes to ecology
[dna] fire wrote 126 bytes to ecology
[dna] fire wrote 75 bytes to ecology
[dna] fire wrote 81 bytes to ecology
[dna] fire wrote 70 bytes to ecology
[dna] fire wrote 64 bytes to ecology
[dna] fire wrote 126 bytes to ecology
[dna] fire wrote 42 bytes to ecology
[dna] fire wrote 84 bytes to ecology
[dna] fire wrote 70 bytes to ecology
[dna] fire wrote 48 bytes to ecology
[dna] fire wrote 33 bytes to ecology
[dna] fire wrote 105 bytes to ecology
[dna] fire wrote 44 bytes to ecology
[dna] fire wrote 126 bytes to ecology
[dna] fire wrote 35 bytes to ecology
[dna] fire wrote 51 bytes to ecology
[dna] fire wrote 175 bytes to ecology
[dna] fire wrote 26 bytes to ecology
[dna] fire wrote 124 bytes to ecology
[dna] fire wrote 70 bytes to ecology
[dna] fire wrote 141 bytes to ecology
[dna] fire wrote 49 bytes to ecology
[dna] fire wrote 88 bytes to ecology
[dna] fire wrote 80 bytes to ecology
[dna] fire wrote 89 bytes to ecology
[dna] fire wrote 9 bytes to ecology
[dna] fire wrote 24 bytes to ecology
[dna] fire wrote 30 bytes to ecology
[dna] fire wrote 32 bytes to ecology
[dna] fire wrote 29 bytes to ecology
[dna] fire wrote 53 bytes to ecology
[dna] fire wrote 27 bytes to ecology
[dna] fire wrote 99 bytes to ecology
[dna] fire wrote 18 bytes to ecology
[dna] fire wrote 137 bytes to ecology
[dna] fire wrote 88 bytes to ecology
[dna] fire wrote 117 bytes to ecology
[dna] fire wrote 51 bytes to ecology
[dna] fire wrote 66 bytes to ecology
[dna] fire wrote 85 bytes to ecology
[dna] fire wrote 108 bytes to ecology
[dna] fire wrote 69 bytes to ecology
[dna] fire wrote 69 bytes to ecology
[dna] fire wrote 51 bytes to ecology
[dna] fire wrote 114 bytes to ecology
[debug-onto] tick=200 corpus=162275 stage=2 freeze=0
[dna] fire wrote 32 bytes to ecology
[dna] fire wrote 85 bytes to ecology
[dna] fire wrote 29 bytes to ecology
[dna] fire wrote 21 bytes to ecology
[dna] fire wrote 83 bytes to ecology
[dna] fire wrote 54 bytes to ecology
[dna] fire wrote 63 bytes to ecology
[dna] fire wrote 62 bytes to ecology
[dna] fire wrote 60 bytes to ecology
[dna] fire wrote 32 bytes to ecology
[dna] fire wrote 87 bytes to ecology
[dna] fire wrote 123 bytes to ecology
[dna] fire wrote 92 bytes to ecology
[dna] fire wrote 112 bytes to ecology
[dna] fire wrote 59 bytes to ecology
[dna] fire wrote 57 bytes to ecology
[dna] fire wrote 49 bytes to ecology
[dna] fire wrote 64 bytes to ecology
[dna] fire wrote 34 bytes to ecology
[dna] fire wrote 21 bytes to ecology
[dna] fire wrote 29 bytes to ecology
[dna] fire wrote 50 bytes to ecology
[dna] fire wrote 88 bytes to ecology
[dna] fire wrote 84 bytes to ecology
[dna] fire wrote 26 bytes to ecology
[dna] fire wrote 137 bytes to ecology
[dna] fire wrote 40 bytes to ecology
[dna] fire wrote 19 bytes to ecology
[dna] fire wrote 63 bytes to ecology
[dna] fire wrote 49 bytes to ecology
[dna] fire wrote 77 bytes to ecology
[dna] fire wrote 77 bytes to ecology
[dna] fire wrote 53 bytes to ecology
[dna] fire wrote 107 bytes to ecology
[dna] fire wrote 140 bytes to ecology
[dna] fire wrote 36 bytes to ecology
[dna] fire wrote 52 bytes to ecology
[dna] fire wrote 111 bytes to ecology
[dna] fire wrote 61 bytes to ecology
[dna] fire wrote 115 bytes to ecology
[dna] fire wrote 40 bytes to ecology
[dna] fire wrote 30 bytes to ecology
[dna] fire wrote 41 bytes to ecology
[dna] fire wrote 83 bytes to ecology
[dna] fire wrote 69 bytes to ecology
[dna] fire wrote 89 bytes to ecology
[dna] fire wrote 21 bytes to ecology
[dna] fire wrote 83 bytes to ecology
[dna] fire wrote 67 bytes to ecology
[dna] fire wrote 91 bytes to ecology
[debug-onto] tick=250 corpus=162275 stage=2 freeze=0
[dna] fire wrote 41 bytes to ecology
[dna] fire wrote 34 bytes to ecology
[dna] fire wrote 41 bytes to ecology
[dna] fire wrote 42 bytes to ecology
[dna] fire wrote 97 bytes to ecology
[dna] fire wrote 34 bytes to ecology
[dna] fire wrote 24 bytes to ecology
[dna] fire wrote 70 bytes to ecology
[dna] fire wrote 93 bytes to ecology
[dna] fire wrote 145 bytes to ecology
[dna] fire wrote 25 bytes to ecology
[dna] fire wrote 41 bytes to ecology
[dna] fire wrote 163 bytes to ecology
[dna] fire wrote 54 bytes to ecology
[dna] fire wrote 132 bytes to ecology
[dna] fire wrote 47 bytes to ecology
[dna] fire wrote 57 bytes to ecology
[dna] fire wrote 31 bytes to ecology
[dna] fire wrote 137 bytes to ecology
[dna] fire wrote 92 bytes to ecology
[dna] fire wrote 50 bytes to ecology
[dna] fire wrote 48 bytes to ecology
[dna] fire wrote 57 bytes to ecology
[dna] fire wrote 71 bytes to ecology
[dna] fire wrote 49 bytes to ecology
[dna] fire wrote 81 bytes to ecology
[dna] fire wrote 38 bytes to ecology
[dna] fire wrote 42 bytes to ecology
[dna] fire wrote 77 bytes to ecology
[dna] fire wrote 107 bytes to ecology
[dna] fire wrote 52 bytes to ecology
[dna] fire wrote 142 bytes to ecology
[dna] fire wrote 30 bytes to ecology
[dna] fire wrote 15 bytes to ecology
[dna] fire wrote 85 bytes to ecology
[dna] fire wrote 43 bytes to ecology
[dna] fire wrote 151 bytes to ecology
[dna] fire wrote 32 bytes to ecology
[dna] fire wrote 77 bytes to ecology
[dna] fire wrote 182 bytes to ecology
[dna] fire wrote 158 bytes to ecology
[dna] fire wrote 85 bytes to ecology
[dna] fire wrote 25 bytes to ecology
[dna] fire wrote 62 bytes to ecology
[dna] fire wrote 30 bytes to ecology
[dna] fire wrote 23 bytes to ecology
[dna] fire wrote 54 bytes to ecology
[dna] fire wrote 61 bytes to ecology
[dna] fire wrote 71 bytes to ecology
[dna] fire wrote 53 bytes to ecology
[debug-onto] tick=300 corpus=162275 stage=2 freeze=0
[dna] fire wrote 87 bytes to ecology
[dna] fire wrote 34 bytes to ecology
[dna] fire wrote 103 bytes to ecology
[dna] fire wrote 53 bytes to ecology
[dna] fire wrote 22 bytes to ecology
[dna] fire wrote 26 bytes to ecology
[dna] fire wrote 31 bytes to ecology
[dna] fire wrote 137 bytes to ecology
[dna] fire wrote 68 bytes to ecology
[dna] fire wrote 61 bytes to ecology
[dna] fire wrote 74 bytes to ecology
[dna] fire wrote 83 bytes to ecology
[dna] fire wrote 121 bytes to ecology
[dna] fire wrote 57 bytes to ecology
[dna] fire wrote 42 bytes to ecology
[dna] fire wrote 46 bytes to ecology
[dna] fire wrote 17 bytes to ecology
[dna] fire wrote 51 bytes to ecology
[dna] fire wrote 82 bytes to ecology
[dna] fire wrote 68 bytes to ecology
[dna] fire wrote 90 bytes to ecology
[dna] fire wrote 63 bytes to ecology
[dna] fire wrote 26 bytes to ecology
[dna] fire wrote 129 bytes to ecology
[dna] fire wrote 32 bytes to ecology
[dna] fire wrote 54 bytes to ecology
[dna] fire wrote 64 bytes to ecology
[dna] fire wrote 98 bytes to ecology
[dna] fire wrote 37 bytes to ecology
[dna] fire wrote 59 bytes to ecology
[dna] fire wrote 49 bytes to ecology
[dna] fire wrote 33 bytes to ecology
[dna] fire wrote 65 bytes to ecology
[dna] fire wrote 46 bytes to ecology
[dna] fire wrote 54 bytes to ecology
[dna] fire wrote 128 bytes to ecology
[dna] fire wrote 46 bytes to ecology
[dna] fire wrote 46 bytes to ecology
[dna] fire wrote 141 bytes to ecology
[dna] fire wrote 81 bytes to ecology
[dna] fire wrote 61 bytes to ecology
[dna] fire wrote 32 bytes to ecology
[dna] fire wrote 38 bytes to ecology
[dna] fire wrote 30 bytes to ecology
[dna] fire wrote 28 bytes to ecology
[dna] fire wrote 84 bytes to ecology
[dna] fire wrote 86 bytes to ecology
[dna] fire wrote 42 bytes to ecology
[dna] fire wrote 31 bytes to ecology
[dna] fire wrote 152 bytes to ecology
[debug-onto] tick=350 corpus=162275 stage=2 freeze=0
[dna] fire wrote 63 bytes to ecology
[dna] fire wrote 56 bytes to ecology
[dna] fire wrote 52 bytes to ecology
[dna] fire wrote 70 bytes to ecology
[dna] fire wrote 30 bytes to ecology
[dna] fire wrote 91 bytes to ecology
[dna] fire wrote 136 bytes to ecology
[dna] fire wrote 65 bytes to ecology
[dna] fire wrote 77 bytes to ecology
[dna] fire wrote 64 bytes to ecology
[dna] fire wrote 87 bytes to ecology
[dna] fire wrote 25 bytes to ecology
[dna] fire wrote 23 bytes to ecology
[dna] fire wrote 26 bytes to ecology
[dna] fire wrote 104 bytes to ecology
[dna] fire wrote 73 bytes to ecology
[dna] fire wrote 66 bytes to ecology
[dna] fire wrote 88 bytes to ecology
[dna] fire wrote 35 bytes to ecology
[dna] fire wrote 92 bytes to ecology
[dna] fire wrote 30 bytes to ecology
[dna] fire wrote 18 bytes to ecology
[dna] fire wrote 70 bytes to ecology
[dna] fire wrote 22 bytes to ecology
[dna] fire wrote 27 bytes to ecology
[dna] fire wrote 24 bytes to ecology
[dna] fire wrote 55 bytes to ecology
[dna] fire wrote 80 bytes to ecology
[dna] fire wrote 38 bytes to ecology
[dna] fire wrote 134 bytes to ecology
[dna] fire wrote 118 bytes to ecology
[dna] fire wrote 23 bytes to ecology
[dna] fire wrote 50 bytes to ecology
[dna] fire wrote 44 bytes to ecology
[dna] fire wrote 47 bytes to ecology
[dna] fire wrote 46 bytes to ecology
[dna] fire wrote 48 bytes to ecology
[dna] fire wrote 37 bytes to ecology
[dna] fire wrote 26 bytes to ecology
[dna] fire wrote 78 bytes to ecology
[dna] fire wrote 51 bytes to ecology
[dna] fire wrote 97 bytes to ecology
[dna] fire wrote 58 bytes to ecology
[dna] fire wrote 23 bytes to ecology
[dna] fire wrote 44 bytes to ecology
[dna] fire wrote 68 bytes to ecology
[dna] fire wrote 46 bytes to ecology
[dna] fire wrote 123 bytes to ecology
[dna] fire wrote 30 bytes to ecology
[dna] fire wrote 49 bytes to ecology
[debug-onto] tick=400 corpus=162275 stage=2 freeze=0
[dna] fire wrote 25 bytes to ecology
[dna] fire wrote 68 bytes to ecology
[dna] fire wrote 54 bytes to ecology
[dna] fire wrote 71 bytes to ecology
[dna] fire wrote 88 bytes to ecology
[dna] fire wrote 146 bytes to ecology
[dna] fire wrote 50 bytes to ecology
[dna] fire wrote 37 bytes to ecology
[dna] fire wrote 153 bytes to ecology
[dna] fire wrote 50 bytes to ecology
[dna] fire wrote 106 bytes to ecology
[dna] fire wrote 37 bytes to ecology
[dna] fire wrote 22 bytes to ecology
[dna] fire wrote 65 bytes to ecology
[dna] fire wrote 33 bytes to ecology
[dna] fire wrote 67 bytes to ecology
[dna] fire wrote 26 bytes to ecology
[dna] fire wrote 52 bytes to ecology
[dna] fire wrote 81 bytes to ecology
[dna] fire wrote 71 bytes to ecology
[dna] fire wrote 51 bytes to ecology
[dna] fire wrote 33 bytes to ecology
[dna] fire wrote 69 bytes to ecology
[dna] fire wrote 28 bytes to ecology
[dna] fire wrote 72 bytes to ecology
[dna] fire wrote 151 bytes to ecology
[dna] fire wrote 33 bytes to ecology
[dna] fire wrote 67 bytes to ecology
[dna] fire wrote 75 bytes to ecology
[dna] fire wrote 77 bytes to ecology
[dna] fire wrote 73 bytes to ecology
[dna] fire wrote 43 bytes to ecology
[dna] fire wrote 84 bytes to ecology
[dna] fire wrote 34 bytes to ecology
[dna] fire wrote 26 bytes to ecology
[dna] fire wrote 141 bytes to ecology
[dna] fire wrote 28 bytes to ecology
[dna] fire wrote 70 bytes to ecology
[dna] fire wrote 49 bytes to ecology
[dna] fire wrote 68 bytes to ecology
[dna] fire wrote 32 bytes to ecology
[dna] fire wrote 21 bytes to ecology
[dna] fire wrote 131 bytes to ecology
[dna] fire wrote 132 bytes to ecology
[dna] fire wrote 9 bytes to ecology
[dna] fire wrote 111 bytes to ecology
[dna] fire wrote 34 bytes to ecology
[dna] fire wrote 66 bytes to ecology
[dna] fire wrote 8 bytes to ecology
[dna] fire wrote 24 bytes to ecology
[debug-onto] tick=450 corpus=162275 stage=2 freeze=0
[dna] fire wrote 115 bytes to ecology
[dna] fire wrote 163 bytes to ecology
[dna] fire wrote 88 bytes to ecology
[dna] fire wrote 55 bytes to ecology
[dna] fire wrote 22 bytes to ecology
[dna] fire wrote 136 bytes to ecology
[dna] fire wrote 20 bytes to ecology
[dna] fire wrote 50 bytes to ecology
[dna] fire wrote 58 bytes to ecology
[dna] fire wrote 45 bytes to ecology
[dna] fire wrote 75 bytes to ecology
[dna] fire wrote 105 bytes to ecology
[dna] fire wrote 51 bytes to ecology
[dna] fire wrote 130 bytes to ecology
[dna] fire wrote 90 bytes to ecology
[dna] fire wrote 102 bytes to ecology
[dna] fire wrote 23 bytes to ecology
[dna] fire wrote 21 bytes to ecology
[dna] fire wrote 60 bytes to ecology
[dna] fire wrote 50 bytes to ecology
[dna] fire wrote 96 bytes to ecology
[dna] fire wrote 169 bytes to ecology
[dna] fire wrote 67 bytes to ecology
[dna] fire wrote 37 bytes to ecology
[dna] fire wrote 32 bytes to ecology
[dna] fire wrote 98 bytes to ecology
[dna] fire wrote 39 bytes to ecology
[dna] fire wrote 31 bytes to ecology
[dna] fire wrote 38 bytes to ecology
[dna] fire wrote 52 bytes to ecology
[dna] fire wrote 9 bytes to ecology
[dna] fire wrote 65 bytes to ecology
[dna] fire wrote 30 bytes to ecology
[dna] fire wrote 21 bytes to ecology
[dna] fire wrote 42 bytes to ecology
[dna] fire wrote 38 bytes to ecology
[dna] fire wrote 39 bytes to ecology
[dna] fire wrote 47 bytes to ecology
[dna] fire wrote 38 bytes to ecology
[dna] fire wrote 146 bytes to ecology
[dna] fire wrote 30 bytes to ecology
[dna] fire wrote 61 bytes to ecology
[dna] fire wrote 39 bytes to ecology
[dna] fire wrote 26 bytes to ecology
[dna] fire wrote 71 bytes to ecology
[dna] fire wrote 34 bytes to ecology
[dna] fire wrote 149 bytes to ecology
[dna] fire wrote 29 bytes to ecology
[dna] fire wrote 141 bytes to ecology
[dna] fire wrote 118 bytes to ecology
[debug-onto] tick=500 corpus=162275 stage=2 freeze=0
[dna] fire wrote 30 bytes to ecology
[dna] fire wrote 34 bytes to ecology
[dna] fire wrote 72 bytes to ecology
[dna] fire wrote 24 bytes to ecology
[dna] fire wrote 59 bytes to ecology
[dna] fire wrote 23 bytes to ecology
[dna] fire wrote 55 bytes to ecology
[dna] fire wrote 35 bytes to ecology
[dna] fire wrote 20 bytes to ecology
[dna] fire wrote 22 bytes to ecology
[dna] fire wrote 59 bytes to ecology
[dna] fire wrote 50 bytes to ecology
[dna] fire wrote 43 bytes to ecology
[dna] fire wrote 67 bytes to ecology
[dna] fire wrote 47 bytes to ecology
[dna] fire wrote 40 bytes to ecology
[dna] fire wrote 20 bytes to ecology
[dna] fire wrote 179 bytes to ecology
[dna] fire wrote 55 bytes to ecology
[dna] fire wrote 62 bytes to ecology
[dna] fire wrote 70 bytes to ecology
[dna] fire wrote 41 bytes to ecology
[dna] fire wrote 57 bytes to ecology
[dna] fire wrote 50 bytes to ecology
[dna] fire wrote 41 bytes to ecology
[dna] fire wrote 58 bytes to ecology
[dna] fire wrote 68 bytes to ecology
[dna] fire wrote 48 bytes to ecology
[dna] fire wrote 92 bytes to ecology
[dna] fire wrote 33 bytes to ecology
[dna] fire wrote 85 bytes to ecology
[dna] fire wrote 56 bytes to ecology
[dna] fire wrote 26 bytes to ecology
[dna] fire wrote 72 bytes to ecology
[dna] fire wrote 82 bytes to ecology
[dna] fire wrote 94 bytes to ecology
[dna] fire wrote 49 bytes to ecology
[dna] fire wrote 61 bytes to ecology
[dna] fire wrote 60 bytes to ecology
[dna] fire wrote 40 bytes to ecology
[dna] fire wrote 135 bytes to ecology
[dna] fire wrote 123 bytes to ecology
[dna] fire wrote 36 bytes to ecology
[dna] fire wrote 56 bytes to ecology
[dna] fire wrote 89 bytes to ecology
[dna] fire wrote 47 bytes to ecology
[dna] fire wrote 37 bytes to ecology
[dna] fire wrote 22 bytes to ecology
[dna] fire wrote 35 bytes to ecology
[dna] fire wrote 29 bytes to ecology
[debug-onto] tick=550 corpus=162275 stage=2 freeze=0
[dna] fire wrote 39 bytes to ecology
[dna] fire wrote 141 bytes to ecology
[dna] fire wrote 11 bytes to ecology
[dna] fire wrote 69 bytes to ecology
[dna] fire wrote 123 bytes to ecology
[dna] fire wrote 56 bytes to ecology
[dna] fire wrote 55 bytes to ecology
[dna] fire wrote 24 bytes to ecology
[dna] fire wrote 152 bytes to ecology
[dna] fire wrote 38 bytes to ecology
[dna] fire wrote 37 bytes to ecology
[dna] fire wrote 130 bytes to ecology
[dna] fire wrote 23 bytes to ecology
[dna] fire wrote 46 bytes to ecology
[dna] fire wrote 50 bytes to ecology
[dna] fire wrote 77 bytes to ecology
[dna] fire wrote 90 bytes to ecology
[dna] fire wrote 52 bytes to ecology
[dna] fire wrote 63 bytes to ecology
[dna] fire wrote 51 bytes to ecology
[dna] fire wrote 12 bytes to ecology
[dna] fire wrote 90 bytes to ecology
[dna] fire wrote 45 bytes to ecology
[dna] fire wrote 29 bytes to ecology
[dna] fire wrote 124 bytes to ecology
[dna] fire wrote 42 bytes to ecology
[dna] fire wrote 9 bytes to ecology
[dna] fire wrote 48 bytes to ecology
[dna] fire wrote 26 bytes to ecology

[evolution] Organism shutting down gracefully.
