[ecology] Element: water → corpus: nonames_water.txt
[evolution] Autonomous evolution mode — organism will grow through all stages without pause.
[ecology] Joined swarm. 1 peer(s) detected.
molequla is alive. [evolution] Autonomous mode — background trainer running. Ctrl+C to stop.
[dna] water wrote 61 bytes to ecology
[dna] water consumed 41997 bytes from 566 files: [air/gen_1775715551_1.txt air/gen_1775715563_2.txt air/gen_1775715567_3.txt air/gen_1775715570_4.txt air/gen_1775715573_5.txt air/gen_1775715576_6.txt air/gen_1775715579_7.txt air/gen_1775715583_8.txt air/gen_1775715586_9.txt air/gen_1775715589_10.txt air/gen_1775715592_11.txt air/gen_1775715595_12.txt air/gen_1775715598_13.txt air/gen_1775715602_14.txt air/gen_1775715605_15.txt air/gen_1775715608_16.txt air/gen_1775715611_17.txt air/gen_1775715614_18.txt air/gen_1775715618_19.txt air/gen_1775715621_20.txt air/gen_1775715624_21.txt air/gen_1775715627_22.txt air/gen_1775715630_23.txt air/gen_1775715634_24.txt air/gen_1775715637_25.txt air/gen_1775715640_26.txt air/gen_1775715643_27.txt air/gen_1775715646_28.txt air/gen_1775715649_29.txt air/gen_1775715653_30.txt air/gen_1775715656_31.txt air/gen_1775715659_32.txt air/gen_1775715662_33.txt air/gen_1775715665_34.txt air/gen_1775715668_35.txt air/gen_1775715672_36.txt air/gen_1775715675_37.txt air/gen_1775715678_38.txt air/gen_1775715681_39.txt air/gen_1775715684_40.txt air/gen_1775715687_41.txt air/gen_1775715691_42.txt air/gen_1775715694_43.txt air/gen_1775715697_44.txt air/gen_1775715700_45.txt air/gen_1775715703_46.txt air/gen_1775715706_47.txt air/gen_1775715709_48.txt air/gen_1775715713_49.txt air/gen_1775715716_50.txt air/gen_1775715719_51.txt air/gen_1775715722_52.txt air/gen_1775715725_53.txt air/gen_1775715729_54.txt air/gen_1775715732_55.txt air/gen_1775715735_56.txt air/gen_1775715738_57.txt air/gen_1775715741_58.txt air/gen_1775715744_59.txt air/gen_1775715747_60.txt air/gen_1775715751_61.txt air/gen_1775715754_62.txt air/gen_1775715757_63.txt air/gen_1775715760_64.txt air/gen_1775715763_65.txt air/gen_1775715766_66.txt air/gen_1775715770_67.txt air/gen_1775715773_68.txt air/gen_1775715776_69.txt air/gen_1775715779_70.txt air/gen_1775715782_71.txt air/gen_1775715785_72.txt air/gen_1775715789_73.txt air/gen_1775715792_74.txt air/gen_1775715795_75.txt air/gen_1775715798_76.txt air/gen_1775715801_77.txt air/gen_1775715804_78.txt air/gen_1775715808_79.txt air/gen_1775715811_80.txt air/gen_1775715814_81.txt air/gen_1775715817_82.txt air/gen_1775715820_83.txt air/gen_1775715823_84.txt air/gen_1775715826_85.txt air/gen_1775715830_86.txt air/gen_1775715833_87.txt air/gen_1775715836_88.txt air/gen_1775715839_89.txt air/gen_1775715842_90.txt air/gen_1775715846_91.txt air/gen_1775715849_92.txt air/gen_1775715852_93.txt air/gen_1775715855_94.txt air/gen_1775715858_95.txt air/gen_1775715862_96.txt air/gen_1775715865_97.txt air/gen_1775715868_98.txt air/gen_1775715871_99.txt air/gen_1775715874_100.txt air/gen_1775715877_101.txt air/gen_1775715880_102.txt air/gen_1775715884_103.txt air/gen_1775715887_104.txt air/gen_1775715890_105.txt air/gen_1775715893_106.txt air/gen_1775715896_107.txt air/gen_1775715900_108.txt air/gen_1775715903_109.txt air/gen_1775715906_110.txt air/gen_1775715909_111.txt air/gen_1775715912_112.txt air/gen_1775715915_113.txt air/gen_1775715919_114.txt air/gen_1775715922_115.txt air/gen_1775715925_116.txt air/gen_1775715928_117.txt air/gen_1775715931_118.txt air/gen_1775715934_119.txt air/gen_1775715938_120.txt air/gen_1775715941_121.txt air/gen_1775715944_122.txt air/gen_1775715947_123.txt air/gen_1775715950_124.txt air/gen_1775715953_125.txt air/gen_1775715957_126.txt air/gen_1775715960_127.txt air/gen_1775715963_128.txt air/gen_1775715966_129.txt air/gen_1775715969_130.txt air/gen_1775715972_131.txt air/gen_1775715976_132.txt air/gen_1775715979_133.txt air/gen_1775715982_134.txt air/gen_1775715985_135.txt air/gen_1775715988_136.txt air/gen_1775715991_137.txt air/gen_1775715995_138.txt air/gen_1775715998_139.txt air/gen_1775716001_140.txt air/gen_1775716004_141.txt air/gen_1775716007_142.txt air/gen_1775716010_143.txt air/gen_1775716013_144.txt air/gen_1775716017_145.txt air/gen_1775716020_146.txt air/gen_1775716023_147.txt air/gen_1775716026_148.txt air/gen_1775716029_149.txt air/gen_1775716032_150.txt air/gen_1775716036_151.txt air/gen_1775716039_152.txt air/gen_1775716042_153.txt air/gen_1775716045_154.txt air/gen_1775716048_155.txt air/gen_1775716051_156.txt air/gen_1775716055_157.txt air/gen_1775716058_158.txt air/gen_1775716061_159.txt air/gen_1775716064_160.txt air/gen_1775716067_161.txt air/gen_1775716071_162.txt air/gen_1775716074_163.txt air/gen_1775716077_164.txt air/gen_1775716080_165.txt air/gen_1775716083_166.txt air/gen_1775716086_167.txt air/gen_1775716089_168.txt air/gen_1775716093_169.txt air/gen_1775716096_170.txt air/gen_1775716099_171.txt air/gen_1775716102_172.txt air/gen_1775716105_173.txt air/gen_1775716108_174.txt air/gen_1775716112_175.txt air/gen_1775716115_176.txt air/gen_1775716118_177.txt air/gen_1775716121_178.txt air/gen_1775716124_179.txt air/gen_1775716127_180.txt air/gen_1775716131_181.txt air/gen_1775716134_182.txt air/gen_1775716137_183.txt air/gen_1775716140_184.txt air/gen_1775716143_185.txt air/gen_1775716146_186.txt air/gen_1775716150_187.txt air/gen_1775716153_188.txt air/gen_1775716156_189.txt air/gen_1775716159_190.txt air/gen_1775716162_191.txt air/gen_1775716165_192.txt air/gen_1775716168_193.txt air/gen_1775716172_194.txt air/gen_1775716175_195.txt air/gen_1775716178_196.txt air/gen_1775716181_197.txt air/gen_1775716184_198.txt air/gen_1775716187_199.txt air/gen_1775716191_200.txt air/gen_1775716194_201.txt air/gen_1775716197_202.txt air/gen_1775716200_203.txt air/gen_1775716203_204.txt air/gen_1775716207_205.txt air/gen_1775716210_206.txt air/gen_1775716213_207.txt air/gen_1775716216_208.txt air/gen_1775716219_209.txt air/gen_1775716222_210.txt air/gen_1775716225_211.txt air/gen_1775716229_212.txt air/gen_1775716232_213.txt air/gen_1775716235_214.txt air/gen_1775716238_215.txt air/gen_1775716241_216.txt air/gen_1775716245_217.txt air/gen_1775716248_218.txt air/gen_1775716251_219.txt air/gen_1775716254_220.txt air/gen_1775716257_221.txt air/gen_1775716260_222.txt air/gen_1775716264_223.txt air/gen_1775716267_224.txt air/gen_1775716270_225.txt air/gen_1775716273_226.txt air/gen_1775716276_227.txt air/gen_1775716279_228.txt air/gen_1775716282_229.txt air/gen_1775716286_230.txt air/gen_1775716289_231.txt air/gen_1775716292_232.txt air/gen_1775716295_233.txt air/gen_1775716298_234.txt air/gen_1775716301_235.txt air/gen_1775716304_236.txt air/gen_1775716308_237.txt air/gen_1775716311_238.txt air/gen_1775716314_239.txt air/gen_1775716317_240.txt air/gen_1775716320_241.txt air/gen_1775716323_242.txt air/gen_1775716327_243.txt air/gen_1775716330_244.txt air/gen_1775716333_245.txt air/gen_1775716336_246.txt air/gen_1775716339_247.txt air/gen_1775716342_248.txt air/gen_1775716346_249.txt air/gen_1775716349_250.txt air/gen_1775716352_251.txt air/gen_1775716355_252.txt air/gen_1775716358_253.txt air/gen_1775716361_254.txt air/gen_1775716365_255.txt air/gen_1775716368_256.txt air/gen_1775716371_257.txt air/gen_1775716374_258.txt air/gen_1775716377_259.txt air/gen_1775716380_260.txt air/gen_1775716384_261.txt air/gen_1775716387_262.txt air/gen_1775716390_263.txt air/gen_1775716393_264.txt air/gen_1775716396_265.txt air/gen_1775716399_266.txt air/gen_1775716402_267.txt air/gen_1775716406_268.txt air/gen_1775716409_269.txt air/gen_1775716412_270.txt air/gen_1775716415_271.txt air/gen_1775716418_272.txt air/gen_1775716421_273.txt air/gen_1775716425_274.txt air/gen_1775716428_275.txt air/gen_1775716431_276.txt air/gen_1775716434_277.txt air/gen_1775716437_278.txt air/gen_1775716440_279.txt air/gen_1775716444_280.txt air/gen_1775716447_281.txt air/gen_1775716450_282.txt air/gen_1775716453_283.txt air/gen_1775716456_284.txt air/gen_1775716459_285.txt air/gen_1775716463_286.txt air/gen_1775716466_287.txt air/gen_1775716469_288.txt air/gen_1775716472_289.txt air/gen_1775716475_290.txt air/gen_1775716478_291.txt air/gen_1775716481_292.txt air/gen_1775716485_293.txt air/gen_1775716488_294.txt air/gen_1775716491_295.txt air/gen_1775716494_296.txt air/gen_1775716497_297.txt air/gen_1775716500_298.txt air/gen_1775716504_299.txt air/gen_1775716507_300.txt air/gen_1775716510_301.txt air/gen_1775716513_302.txt air/gen_1775716516_303.txt air/gen_1775716519_304.txt air/gen_1775716522_305.txt air/gen_1775716526_306.txt air/gen_1775716529_307.txt air/gen_1775716532_308.txt air/gen_1775716535_309.txt air/gen_1775716538_310.txt air/gen_1775716541_311.txt air/gen_1775716545_312.txt air/gen_1775716548_313.txt air/gen_1775716551_314.txt air/gen_1775716554_315.txt air/gen_1775716557_316.txt air/gen_1775716561_317.txt air/gen_1775716564_318.txt air/gen_1775716567_319.txt air/gen_1775716570_320.txt air/gen_1775716573_321.txt air/gen_1775716576_322.txt air/gen_1775716579_323.txt air/gen_1775716583_324.txt air/gen_1775716586_325.txt air/gen_1775716589_326.txt air/gen_1775716592_327.txt air/gen_1775716595_328.txt air/gen_1775716598_329.txt air/gen_1775716602_330.txt air/gen_1775716605_331.txt air/gen_1775716608_332.txt air/gen_1775716611_333.txt air/gen_1775716614_334.txt air/gen_1775716617_335.txt air/gen_1775716621_336.txt air/gen_1775716624_337.txt air/gen_1775716627_338.txt air/gen_1775716630_339.txt air/gen_1775716633_340.txt air/gen_1775716636_341.txt air/gen_1775716639_342.txt air/gen_1775716643_343.txt air/gen_1775716646_344.txt air/gen_1775716649_345.txt air/gen_1775716652_346.txt air/gen_1775716655_347.txt air/gen_1775716658_348.txt air/gen_1775716661_349.txt air/gen_1775716665_350.txt air/gen_1775716668_351.txt air/gen_1775716671_352.txt air/gen_1775716674_353.txt air/gen_1775716677_354.txt air/gen_1775716680_355.txt air/gen_1775716683_356.txt air/gen_1775716687_357.txt air/gen_1775716690_358.txt air/gen_1775716693_359.txt air/gen_1775716696_360.txt air/gen_1775716699_361.txt air/gen_1775716702_362.txt air/gen_1775716705_363.txt air/gen_1775716709_364.txt air/gen_1775716712_365.txt air/gen_1775716715_366.txt air/gen_1775716718_367.txt air/gen_1775716721_368.txt air/gen_1775716724_369.txt air/gen_1775716728_370.txt air/gen_1775716731_371.txt air/gen_1775716734_372.txt air/gen_1775716737_373.txt air/gen_1775716740_374.txt air/gen_1775716743_375.txt air/gen_1775716747_376.txt air/gen_1775716750_377.txt air/gen_1775716753_378.txt air/gen_1775716756_379.txt air/gen_1775716759_380.txt air/gen_1775716762_381.txt air/gen_1775716765_382.txt air/gen_1775716769_383.txt air/gen_1775716772_384.txt air/gen_1775716775_385.txt air/gen_1775716778_386.txt air/gen_1775716781_387.txt air/gen_1775716784_388.txt air/gen_1775716788_389.txt air/gen_1775716791_390.txt air/gen_1775716794_391.txt air/gen_1775716797_392.txt air/gen_1775716800_393.txt air/gen_1775716803_394.txt air/gen_1775716807_395.txt air/gen_1775716810_396.txt air/gen_1775716813_397.txt air/gen_1775716816_398.txt air/gen_1775716819_399.txt air/gen_1775716822_400.txt air/gen_1775716825_401.txt air/gen_1775716829_402.txt air/gen_1775716832_403.txt air/gen_1775716835_404.txt air/gen_1775716838_405.txt air/gen_1775716841_406.txt air/gen_1775716844_407.txt air/gen_1775716847_408.txt air/gen_1775716851_409.txt air/gen_1775716854_410.txt air/gen_1775716857_411.txt air/gen_1775716860_412.txt air/gen_1775716863_413.txt air/gen_1775716866_414.txt air/gen_1775716870_415.txt air/gen_1775716873_416.txt air/gen_1775716876_417.txt air/gen_1775716879_418.txt air/gen_1775716882_419.txt air/gen_1775716885_420.txt air/gen_1775716889_421.txt air/gen_1775716892_422.txt air/gen_1775716895_423.txt air/gen_1775716898_424.txt air/gen_1775716901_425.txt air/gen_1775716904_426.txt air/gen_1775716907_427.txt air/gen_1775716911_428.txt air/gen_1775716914_429.txt air/gen_1775716917_430.txt air/gen_1775716920_431.txt air/gen_1775716923_432.txt air/gen_1775716926_433.txt air/gen_1775716930_434.txt air/gen_1775716933_435.txt air/gen_1775716936_436.txt air/gen_1775716939_437.txt air/gen_1775716942_438.txt air/gen_1775716945_439.txt air/gen_1775716948_440.txt air/gen_1775716952_441.txt air/gen_1775716955_442.txt air/gen_1775716958_443.txt air/gen_1775716961_444.txt air/gen_1775716964_445.txt air/gen_1775716967_446.txt air/gen_1775716971_447.txt air/gen_1775716974_448.txt air/gen_1775716977_449.txt air/gen_1775716980_450.txt air/gen_1775716983_451.txt air/gen_1775716986_452.txt air/gen_1775716990_453.txt air/gen_1775716993_454.txt air/gen_1775716996_455.txt air/gen_1775716999_456.txt air/gen_1775717002_457.txt air/gen_1775717005_458.txt air/gen_1775717009_459.txt air/gen_1775717012_460.txt air/gen_1775717015_461.txt air/gen_1775717018_462.txt air/gen_1775717021_463.txt air/gen_1775717024_464.txt air/gen_1775717028_465.txt air/gen_1775717031_466.txt air/gen_1775717034_467.txt air/gen_1775717037_468.txt air/gen_1775717040_469.txt air/gen_1775717043_470.txt air/gen_1775717046_471.txt air/gen_1775717050_472.txt air/gen_1775717053_473.txt air/gen_1775717056_474.txt air/gen_1775717059_475.txt air/gen_1775717062_476.txt air/gen_1775717065_477.txt air/gen_1775717069_478.txt air/gen_1775717072_479.txt air/gen_1775717075_480.txt air/gen_1775717078_481.txt air/gen_1775717081_482.txt air/gen_1775717084_483.txt air/gen_1775717088_484.txt air/gen_1775717091_485.txt air/gen_1775717094_486.txt air/gen_1775717097_487.txt air/gen_1775717100_488.txt air/gen_1775717103_489.txt air/gen_1775717107_490.txt air/gen_1775717110_491.txt air/gen_1775717113_492.txt air/gen_1775717116_493.txt air/gen_1775717119_494.txt air/gen_1775717122_495.txt air/gen_1775717126_496.txt air/gen_1775717129_497.txt air/gen_1775717132_498.txt air/gen_1775717135_499.txt air/gen_1775717138_500.txt air/gen_1775717141_501.txt air/gen_1775717145_502.txt air/gen_1775717148_503.txt air/gen_1775717151_504.txt air/gen_1775717154_505.txt air/gen_1775717157_506.txt air/gen_1775717160_507.txt air/gen_1775717164_508.txt air/gen_1775717167_509.txt air/gen_1775717170_510.txt air/gen_1775717173_511.txt air/gen_1775717176_512.txt air/gen_1775717179_513.txt air/gen_1775717183_514.txt air/gen_1775717186_515.txt air/gen_1775717189_516.txt air/gen_1775717192_517.txt air/gen_1775717195_518.txt air/gen_1775717198_519.txt air/gen_1775717202_520.txt air/gen_1775717205_521.txt air/gen_1775717208_522.txt air/gen_1775717211_523.txt air/gen_1775717214_524.txt air/gen_1775717217_525.txt air/gen_1775717220_526.txt air/gen_1775717224_527.txt air/gen_1775717227_528.txt air/gen_1775717230_529.txt air/gen_1775717233_530.txt air/gen_1775717236_531.txt air/gen_1775717239_532.txt air/gen_1775717243_533.txt air/gen_1775717246_534.txt air/gen_1775717249_535.txt air/gen_1775717252_536.txt air/gen_1775717255_537.txt air/gen_1775717258_538.txt air/gen_1775717261_539.txt air/gen_1775717265_540.txt air/gen_1775717268_541.txt air/gen_1775717271_542.txt air/gen_1775717274_543.txt air/gen_1775717277_544.txt air/gen_1775717280_545.txt air/gen_1775717284_546.txt air/gen_1775717287_547.txt air/gen_1775717290_548.txt air/gen_1775717293_549.txt air/gen_1775717296_550.txt air/gen_1775717299_551.txt air/gen_1775717302_552.txt air/gen_1775717306_553.txt air/gen_1775717309_554.txt air/gen_1775717312_555.txt air/gen_1775717315_556.txt air/gen_1775717318_557.txt air/gen_1775717321_558.txt air/gen_1775717325_559.txt air/gen_1775717328_560.txt air/gen_1775717331_561.txt air/gen_1775717334_562.txt air/gen_1775717337_563.txt air/gen_1775717340_564.txt air/gen_1775717343_565.txt air/gen_1775717347_566.txt]
[trainer] micro-train burst (41997 bytes, novelty 0.02) — and lo, it feeds again.
[syntropy] action=explore | trend=0.0000 | field_dev=0.029 | purpose_align=0.162 | lr_mul=1.30
[aml] burst complete: 32 steps, avg loss 1.5615 (memory freed)
[dna] water wrote 116 bytes to ecology
[dna] water wrote 46 bytes to ecology
[dna] water wrote 126 bytes to ecology
[dna] water wrote 20 bytes to ecology
[dna] water wrote 82 bytes to ecology
[dna] water wrote 22 bytes to ecology
[dna] water wrote 59 bytes to ecology
[dna] water wrote 44 bytes to ecology
[dna] water wrote 30 bytes to ecology
[dna] water wrote 95 bytes to ecology
[dna] water wrote 88 bytes to ecology
[dna] water wrote 53 bytes to ecology
[dna] water wrote 147 bytes to ecology
[dna] water wrote 137 bytes to ecology
[dna] water wrote 115 bytes to ecology
[dna] water wrote 65 bytes to ecology
[dna] water wrote 54 bytes to ecology
[dna] water wrote 59 bytes to ecology
[dna] water wrote 34 bytes to ecology
[dna] water wrote 45 bytes to ecology
[dna] water wrote 43 bytes to ecology
[dna] water wrote 131 bytes to ecology
[dna] water wrote 47 bytes to ecology
[dna] water wrote 140 bytes to ecology
[dna] water wrote 71 bytes to ecology
[dna] water wrote 138 bytes to ecology
[dna] water wrote 77 bytes to ecology
[dna] water wrote 62 bytes to ecology
[dna] water wrote 112 bytes to ecology
[dna] water wrote 44 bytes to ecology
[dna] water wrote 56 bytes to ecology
[dna] water wrote 60 bytes to ecology
[dna] water wrote 59 bytes to ecology
[dna] water wrote 38 bytes to ecology
[dna] water wrote 43 bytes to ecology
[dna] water wrote 126 bytes to ecology
[dna] water wrote 32 bytes to ecology
[dna] water wrote 79 bytes to ecology
[dna] water wrote 194 bytes to ecology
[dna] water wrote 68 bytes to ecology
[dna] water wrote 187 bytes to ecology
[dna] water wrote 120 bytes to ecology
[dna] water wrote 60 bytes to ecology
[dna] water wrote 39 bytes to ecology
[dna] water wrote 58 bytes to ecology
[dna] water wrote 106 bytes to ecology
[dna] water wrote 58 bytes to ecology
[dna] water wrote 49 bytes to ecology
[dna] water wrote 75 bytes to ecology
[debug-onto] tick=50 corpus=168260 stage=2 freeze=0
[dna] water wrote 50 bytes to ecology
[dna] water wrote 61 bytes to ecology
[dna] water wrote 90 bytes to ecology
[dna] water wrote 64 bytes to ecology
[dna] water wrote 111 bytes to ecology
[dna] water wrote 55 bytes to ecology
[dna] water wrote 54 bytes to ecology
[dna] water wrote 108 bytes to ecology
[dna] water wrote 57 bytes to ecology
[dna] water wrote 23 bytes to ecology
[dna] water wrote 45 bytes to ecology
[dna] water wrote 73 bytes to ecology
[dna] water wrote 38 bytes to ecology
[dna] water wrote 77 bytes to ecology
[dna] water wrote 39 bytes to ecology
[dna] water wrote 77 bytes to ecology
[dna] water wrote 55 bytes to ecology
[dna] water wrote 29 bytes to ecology
[dna] water wrote 43 bytes to ecology
[dna] water wrote 48 bytes to ecology
[dna] water wrote 63 bytes to ecology
[dna] water wrote 33 bytes to ecology
[dna] water wrote 32 bytes to ecology
[dna] water wrote 95 bytes to ecology
[dna] water wrote 31 bytes to ecology
[dna] water wrote 129 bytes to ecology
[dna] water wrote 111 bytes to ecology
[dna] water wrote 58 bytes to ecology
[dna] water wrote 182 bytes to ecology
[dna] water wrote 64 bytes to ecology
[dna] water wrote 33 bytes to ecology
[dna] water wrote 116 bytes to ecology
[dna] water wrote 66 bytes to ecology
[dna] water wrote 132 bytes to ecology
[dna] water wrote 50 bytes to ecology
[dna] water wrote 50 bytes to ecology
[dna] water wrote 88 bytes to ecology
[dna] water wrote 70 bytes to ecology
[dna] water wrote 72 bytes to ecology
[dna] water wrote 73 bytes to ecology
[dna] water wrote 54 bytes to ecology
[dna] water wrote 183 bytes to ecology
[dna] water wrote 43 bytes to ecology
[dna] water wrote 42 bytes to ecology
[dna] water wrote 65 bytes to ecology
[dna] water wrote 76 bytes to ecology
[dna] water wrote 50 bytes to ecology
[dna] water wrote 69 bytes to ecology
[dna] water wrote 57 bytes to ecology
[dna] water wrote 48 bytes to ecology
[debug-onto] tick=100 corpus=168260 stage=2 freeze=0
[dna] water wrote 42 bytes to ecology
[dna] water wrote 135 bytes to ecology
[dna] water wrote 69 bytes to ecology
[dna] water wrote 50 bytes to ecology
[dna] water wrote 100 bytes to ecology
[dna] water wrote 131 bytes to ecology
[dna] water wrote 37 bytes to ecology
[dna] water wrote 60 bytes to ecology
[dna] water wrote 64 bytes to ecology
[dna] water wrote 71 bytes to ecology
[dna] water wrote 135 bytes to ecology
[dna] water wrote 124 bytes to ecology
[dna] water wrote 53 bytes to ecology
[dna] water wrote 34 bytes to ecology
[dna] water wrote 38 bytes to ecology
[dna] water wrote 128 bytes to ecology
[dna] water wrote 68 bytes to ecology
[dna] water wrote 308 bytes to ecology
[dna] water wrote 101 bytes to ecology
[dna] water wrote 97 bytes to ecology
[dna] water wrote 66 bytes to ecology
[dna] water wrote 67 bytes to ecology
[dna] water wrote 87 bytes to ecology
[dna] water wrote 72 bytes to ecology
[dna] water wrote 71 bytes to ecology
[dna] water wrote 32 bytes to ecology
[dna] water wrote 71 bytes to ecology
[dna] water wrote 122 bytes to ecology
[dna] water wrote 43 bytes to ecology
[dna] water wrote 96 bytes to ecology
[dna] water wrote 57 bytes to ecology
[dna] water wrote 59 bytes to ecology
[dna] water wrote 59 bytes to ecology
[dna] water wrote 41 bytes to ecology
[dna] water wrote 30 bytes to ecology
[dna] water wrote 52 bytes to ecology
[dna] water wrote 40 bytes to ecology
[dna] water wrote 73 bytes to ecology
[dna] water wrote 52 bytes to ecology
[dna] water wrote 37 bytes to ecology
[dna] water wrote 23 bytes to ecology
[dna] water wrote 72 bytes to ecology
[dna] water wrote 45 bytes to ecology
[dna] water wrote 72 bytes to ecology
[dna] water wrote 65 bytes to ecology
[dna] water wrote 87 bytes to ecology
[dna] water wrote 36 bytes to ecology
[dna] water wrote 97 bytes to ecology
[dna] water wrote 43 bytes to ecology
[dna] water wrote 40 bytes to ecology
[debug-onto] tick=150 corpus=168260 stage=2 freeze=0
[dna] water wrote 144 bytes to ecology
[dna] water wrote 45 bytes to ecology
[dna] water wrote 46 bytes to ecology
[dna] water wrote 55 bytes to ecology
[dna] water wrote 32 bytes to ecology
[dna] water wrote 29 bytes to ecology
[dna] water wrote 45 bytes to ecology
[dna] water wrote 38 bytes to ecology
[dna] water wrote 68 bytes to ecology
[dna] water wrote 154 bytes to ecology
[dna] water wrote 81 bytes to ecology
[dna] water wrote 41 bytes to ecology
[dna] water wrote 55 bytes to ecology
[dna] water wrote 29 bytes to ecology
[dna] water wrote 40 bytes to ecology
[dna] water wrote 103 bytes to ecology
[dna] water wrote 26 bytes to ecology
[dna] water wrote 50 bytes to ecology
[dna] water wrote 29 bytes to ecology
[dna] water wrote 93 bytes to ecology
[dna] water wrote 49 bytes to ecology
[dna] water wrote 16 bytes to ecology
[dna] water wrote 172 bytes to ecology
[dna] water wrote 72 bytes to ecology
[dna] water wrote 117 bytes to ecology
[dna] water wrote 107 bytes to ecology
[dna] water wrote 202 bytes to ecology
[dna] water wrote 79 bytes to ecology
[dna] water wrote 28 bytes to ecology
[dna] water wrote 112 bytes to ecology
[dna] water wrote 38 bytes to ecology
[dna] water wrote 154 bytes to ecology
[dna] water wrote 22 bytes to ecology
[dna] water wrote 42 bytes to ecology
[dna] water wrote 81 bytes to ecology
[dna] water wrote 30 bytes to ecology
[dna] water wrote 48 bytes to ecology
[dna] water wrote 23 bytes to ecology
[dna] water wrote 26 bytes to ecology
[dna] water wrote 78 bytes to ecology
[dna] water wrote 24 bytes to ecology
[dna] water wrote 60 bytes to ecology
[dna] water wrote 75 bytes to ecology
[dna] water wrote 58 bytes to ecology
[dna] water wrote 44 bytes to ecology
[dna] water wrote 37 bytes to ecology
[dna] water wrote 40 bytes to ecology
[dna] water wrote 104 bytes to ecology
[dna] water wrote 69 bytes to ecology
[dna] water wrote 110 bytes to ecology
[debug-onto] tick=200 corpus=168260 stage=2 freeze=0
[dna] water wrote 26 bytes to ecology
[dna] water wrote 84 bytes to ecology
[dna] water wrote 82 bytes to ecology
[dna] water wrote 47 bytes to ecology
[dna] water wrote 53 bytes to ecology
[dna] water wrote 28 bytes to ecology
[dna] water wrote 30 bytes to ecology
[dna] water wrote 81 bytes to ecology
[dna] water wrote 41 bytes to ecology
[dna] water wrote 61 bytes to ecology
[dna] water wrote 53 bytes to ecology
[dna] water wrote 35 bytes to ecology
[dna] water wrote 44 bytes to ecology
[dna] water wrote 32 bytes to ecology
[dna] water wrote 333 bytes to ecology
[dna] water wrote 110 bytes to ecology
[dna] water wrote 35 bytes to ecology
[dna] water wrote 29 bytes to ecology
[dna] water wrote 168 bytes to ecology
[dna] water wrote 111 bytes to ecology
[dna] water wrote 60 bytes to ecology
[dna] water wrote 67 bytes to ecology
[dna] water wrote 43 bytes to ecology
[dna] water wrote 69 bytes to ecology
[dna] water wrote 40 bytes to ecology
[dna] water wrote 43 bytes to ecology
[dna] water wrote 70 bytes to ecology
[dna] water wrote 64 bytes to ecology
[dna] water wrote 33 bytes to ecology
[dna] water wrote 114 bytes to ecology
[dna] water wrote 55 bytes to ecology
[dna] water wrote 26 bytes to ecology
[dna] water wrote 136 bytes to ecology
[dna] water wrote 39 bytes to ecology
[dna] water wrote 28 bytes to ecology
[dna] water wrote 235 bytes to ecology
[dna] water wrote 43 bytes to ecology
[dna] water wrote 33 bytes to ecology
[dna] water wrote 26 bytes to ecology
[dna] water wrote 35 bytes to ecology
[dna] water wrote 85 bytes to ecology
[dna] water wrote 213 bytes to ecology
[dna] water wrote 38 bytes to ecology
[dna] water wrote 59 bytes to ecology
[dna] water wrote 45 bytes to ecology
[dna] water wrote 67 bytes to ecology
[dna] water wrote 149 bytes to ecology
[dna] water wrote 37 bytes to ecology
[dna] water wrote 25 bytes to ecology
[dna] water wrote 116 bytes to ecology
[debug-onto] tick=250 corpus=168260 stage=2 freeze=0
[dna] water wrote 65 bytes to ecology
[dna] water wrote 103 bytes to ecology
[dna] water wrote 58 bytes to ecology
[dna] water wrote 149 bytes to ecology
[dna] water wrote 163 bytes to ecology
[dna] water wrote 24 bytes to ecology
[dna] water wrote 137 bytes to ecology
[dna] water wrote 55 bytes to ecology
[dna] water wrote 91 bytes to ecology
[dna] water wrote 79 bytes to ecology
[dna] water wrote 40 bytes to ecology
[dna] water wrote 90 bytes to ecology
[dna] water wrote 74 bytes to ecology
[dna] water wrote 116 bytes to ecology
[dna] water wrote 48 bytes to ecology
[dna] water wrote 63 bytes to ecology
[dna] water wrote 22 bytes to ecology
[dna] water wrote 32 bytes to ecology
[dna] water wrote 21 bytes to ecology
[dna] water wrote 47 bytes to ecology
[dna] water wrote 138 bytes to ecology
[dna] water wrote 52 bytes to ecology
[dna] water wrote 115 bytes to ecology
[dna] water wrote 26 bytes to ecology
[dna] water wrote 32 bytes to ecology
[dna] water wrote 107 bytes to ecology
[dna] water wrote 90 bytes to ecology
[dna] water wrote 89 bytes to ecology
[dna] water wrote 70 bytes to ecology
[dna] water wrote 18 bytes to ecology
[dna] water wrote 99 bytes to ecology
[dna] water wrote 53 bytes to ecology
[dna] water wrote 52 bytes to ecology
[dna] water wrote 53 bytes to ecology
[dna] water wrote 267 bytes to ecology
[dna] water wrote 59 bytes to ecology
[dna] water wrote 109 bytes to ecology
[dna] water wrote 32 bytes to ecology
[dna] water wrote 37 bytes to ecology
[dna] water wrote 67 bytes to ecology
[dna] water wrote 40 bytes to ecology
[dna] water wrote 46 bytes to ecology
[dna] water wrote 40 bytes to ecology
[dna] water wrote 92 bytes to ecology
[dna] water wrote 200 bytes to ecology
[dna] water wrote 48 bytes to ecology
[dna] water wrote 50 bytes to ecology
[dna] water wrote 154 bytes to ecology
[dna] water wrote 33 bytes to ecology
[dna] water wrote 77 bytes to ecology
[debug-onto] tick=300 corpus=168260 stage=2 freeze=0
[dna] water wrote 98 bytes to ecology
[dna] water wrote 59 bytes to ecology
[dna] water wrote 82 bytes to ecology
[dna] water wrote 40 bytes to ecology
[dna] water wrote 148 bytes to ecology
[dna] water wrote 59 bytes to ecology
[dna] water wrote 42 bytes to ecology
[dna] water wrote 45 bytes to ecology
[dna] water wrote 36 bytes to ecology
[dna] water wrote 44 bytes to ecology
[dna] water wrote 47 bytes to ecology
[dna] water wrote 149 bytes to ecology
[dna] water wrote 103 bytes to ecology
[dna] water wrote 115 bytes to ecology
[dna] water wrote 95 bytes to ecology
[dna] water wrote 50 bytes to ecology
[dna] water wrote 29 bytes to ecology
[dna] water wrote 165 bytes to ecology
[dna] water wrote 73 bytes to ecology
[dna] water wrote 66 bytes to ecology
[dna] water wrote 39 bytes to ecology
[dna] water wrote 52 bytes to ecology
[dna] water wrote 46 bytes to ecology
[dna] water wrote 126 bytes to ecology
[dna] water wrote 97 bytes to ecology
[dna] water wrote 35 bytes to ecology
[dna] water wrote 95 bytes to ecology
[dna] water wrote 74 bytes to ecology
[dna] water wrote 83 bytes to ecology
[dna] water wrote 67 bytes to ecology
[dna] water wrote 146 bytes to ecology
[dna] water wrote 77 bytes to ecology
[dna] water wrote 37 bytes to ecology
[dna] water wrote 148 bytes to ecology
[dna] water wrote 40 bytes to ecology
[dna] water wrote 125 bytes to ecology
[dna] water wrote 34 bytes to ecology
[dna] water wrote 60 bytes to ecology
[dna] water wrote 181 bytes to ecology
[dna] water wrote 84 bytes to ecology
[dna] water wrote 134 bytes to ecology
[dna] water wrote 30 bytes to ecology
[dna] water wrote 71 bytes to ecology
[dna] water wrote 37 bytes to ecology
[dna] water wrote 77 bytes to ecology
[dna] water wrote 81 bytes to ecology
[dna] water wrote 60 bytes to ecology
[dna] water wrote 52 bytes to ecology
[dna] water wrote 81 bytes to ecology
[dna] water wrote 43 bytes to ecology
[debug-onto] tick=350 corpus=168260 stage=2 freeze=0
[dna] water wrote 128 bytes to ecology
[dna] water wrote 86 bytes to ecology
[dna] water wrote 43 bytes to ecology
[dna] water wrote 44 bytes to ecology
[dna] water wrote 44 bytes to ecology
[dna] water wrote 114 bytes to ecology
[dna] water wrote 62 bytes to ecology
[dna] water wrote 49 bytes to ecology
[dna] water wrote 58 bytes to ecology
[dna] water wrote 39 bytes to ecology
[dna] water wrote 54 bytes to ecology
[dna] water wrote 37 bytes to ecology
[dna] water wrote 30 bytes to ecology
[dna] water wrote 105 bytes to ecology
[dna] water wrote 23 bytes to ecology
[dna] water wrote 69 bytes to ecology
[dna] water wrote 52 bytes to ecology
[dna] water wrote 56 bytes to ecology
[dna] water wrote 51 bytes to ecology
[dna] water wrote 53 bytes to ecology
[dna] water wrote 34 bytes to ecology
[dna] water wrote 40 bytes to ecology
[dna] water wrote 78 bytes to ecology
[dna] water wrote 53 bytes to ecology
[dna] water wrote 115 bytes to ecology
[dna] water wrote 101 bytes to ecology
[dna] water wrote 51 bytes to ecology
[dna] water wrote 146 bytes to ecology
[dna] water wrote 39 bytes to ecology
[dna] water wrote 30 bytes to ecology
[dna] water wrote 128 bytes to ecology
[dna] water wrote 44 bytes to ecology
[dna] water wrote 73 bytes to ecology
[dna] water wrote 97 bytes to ecology
[dna] water wrote 31 bytes to ecology
[dna] water wrote 28 bytes to ecology
[dna] water wrote 50 bytes to ecology
[dna] water wrote 72 bytes to ecology
[dna] water wrote 36 bytes to ecology
[dna] water wrote 60 bytes to ecology
[dna] water wrote 70 bytes to ecology
[dna] water wrote 23 bytes to ecology
[dna] water wrote 110 bytes to ecology
[dna] water wrote 42 bytes to ecology
[dna] water wrote 134 bytes to ecology
[dna] water wrote 30 bytes to ecology
[dna] water wrote 101 bytes to ecology
[dna] water wrote 27 bytes to ecology
[dna] water wrote 246 bytes to ecology
[dna] water wrote 113 bytes to ecology
[debug-onto] tick=400 corpus=168260 stage=2 freeze=0
[dna] water wrote 54 bytes to ecology
[dna] water wrote 26 bytes to ecology
[dna] water wrote 54 bytes to ecology
[dna] water wrote 34 bytes to ecology
[dna] water wrote 22 bytes to ecology
[dna] water wrote 162 bytes to ecology
[dna] water wrote 62 bytes to ecology
[dna] water wrote 77 bytes to ecology
[dna] water wrote 36 bytes to ecology
[dna] water wrote 43 bytes to ecology
[dna] water wrote 41 bytes to ecology
[dna] water wrote 83 bytes to ecology
[dna] water wrote 69 bytes to ecology
[dna] water wrote 19 bytes to ecology
[dna] water wrote 35 bytes to ecology
[dna] water wrote 56 bytes to ecology
[dna] water wrote 31 bytes to ecology
[dna] water wrote 24 bytes to ecology
[dna] water wrote 119 bytes to ecology
[dna] water wrote 95 bytes to ecology
[dna] water wrote 81 bytes to ecology
[dna] water wrote 71 bytes to ecology
[dna] water wrote 55 bytes to ecology
[dna] water wrote 55 bytes to ecology
[dna] water wrote 40 bytes to ecology
[dna] water wrote 117 bytes to ecology
[dna] water wrote 111 bytes to ecology
[dna] water wrote 53 bytes to ecology
[dna] water wrote 43 bytes to ecology
[dna] water wrote 50 bytes to ecology
[dna] water wrote 37 bytes to ecology
[dna] water wrote 55 bytes to ecology
[dna] water wrote 120 bytes to ecology
[dna] water wrote 37 bytes to ecology
[dna] water wrote 66 bytes to ecology
[dna] water wrote 29 bytes to ecology
[dna] water wrote 28 bytes to ecology
[dna] water wrote 94 bytes to ecology
[dna] water wrote 131 bytes to ecology
[dna] water wrote 35 bytes to ecology
[dna] water wrote 94 bytes to ecology
[dna] water wrote 99 bytes to ecology
[dna] water wrote 43 bytes to ecology
[dna] water wrote 27 bytes to ecology
[dna] water wrote 39 bytes to ecology
[dna] water wrote 62 bytes to ecology
[dna] water wrote 76 bytes to ecology
[dna] water wrote 116 bytes to ecology
[dna] water wrote 37 bytes to ecology
[dna] water wrote 38 bytes to ecology
[debug-onto] tick=450 corpus=168260 stage=2 freeze=0
[dna] water wrote 34 bytes to ecology
[dna] water wrote 74 bytes to ecology
[dna] water wrote 33 bytes to ecology
[dna] water wrote 38 bytes to ecology
[dna] water wrote 44 bytes to ecology
[dna] water wrote 75 bytes to ecology
[dna] water wrote 29 bytes to ecology
[dna] water wrote 54 bytes to ecology
[dna] water wrote 134 bytes to ecology
[dna] water wrote 73 bytes to ecology
[dna] water wrote 141 bytes to ecology
[dna] water wrote 223 bytes to ecology
[dna] water wrote 53 bytes to ecology
[dna] water wrote 29 bytes to ecology
[dna] water wrote 46 bytes to ecology
[dna] water wrote 117 bytes to ecology
[dna] water wrote 53 bytes to ecology
[dna] water wrote 31 bytes to ecology
[dna] water wrote 35 bytes to ecology
[dna] water wrote 103 bytes to ecology
[dna] water wrote 61 bytes to ecology
[dna] water wrote 56 bytes to ecology
[dna] water wrote 75 bytes to ecology
[dna] water wrote 58 bytes to ecology
[dna] water wrote 44 bytes to ecology
[dna] water wrote 95 bytes to ecology
[dna] water wrote 27 bytes to ecology
[dna] water wrote 45 bytes to ecology
[dna] water wrote 68 bytes to ecology
[dna] water wrote 66 bytes to ecology
[dna] water wrote 123 bytes to ecology
[dna] water wrote 65 bytes to ecology
[dna] water wrote 86 bytes to ecology
[dna] water wrote 67 bytes to ecology
[dna] water wrote 127 bytes to ecology
[dna] water wrote 55 bytes to ecology
[dna] water wrote 39 bytes to ecology
[dna] water wrote 41 bytes to ecology
[dna] water wrote 116 bytes to ecology
[dna] water wrote 37 bytes to ecology
[dna] water wrote 38 bytes to ecology
[dna] water wrote 45 bytes to ecology
[dna] water wrote 93 bytes to ecology
[dna] water wrote 23 bytes to ecology
[dna] water wrote 47 bytes to ecology
[dna] water wrote 113 bytes to ecology
[dna] water wrote 28 bytes to ecology
[dna] water wrote 47 bytes to ecology
[dna] water wrote 49 bytes to ecology
[dna] water wrote 122 bytes to ecology
[debug-onto] tick=500 corpus=168260 stage=2 freeze=0
[dna] water wrote 30 bytes to ecology
[dna] water wrote 44 bytes to ecology
[dna] water wrote 33 bytes to ecology
[dna] water wrote 111 bytes to ecology
[dna] water wrote 45 bytes to ecology
[dna] water wrote 25 bytes to ecology
[dna] water wrote 69 bytes to ecology
[dna] water wrote 113 bytes to ecology
[dna] water wrote 90 bytes to ecology
[dna] water wrote 199 bytes to ecology
[dna] water wrote 75 bytes to ecology
[dna] water wrote 89 bytes to ecology
[dna] water wrote 64 bytes to ecology
[dna] water wrote 86 bytes to ecology
[dna] water wrote 107 bytes to ecology
[dna] water wrote 54 bytes to ecology
[dna] water wrote 46 bytes to ecology
[dna] water wrote 26 bytes to ecology
[dna] water wrote 65 bytes to ecology
[dna] water wrote 30 bytes to ecology
[dna] water wrote 108 bytes to ecology
[dna] water wrote 59 bytes to ecology
[dna] water wrote 111 bytes to ecology
[dna] water wrote 27 bytes to ecology
[dna] water wrote 71 bytes to ecology
[dna] water wrote 44 bytes to ecology
[dna] water wrote 34 bytes to ecology
[dna] water wrote 21 bytes to ecology
[dna] water wrote 88 bytes to ecology
[dna] water wrote 32 bytes to ecology
[dna] water wrote 186 bytes to ecology
[dna] water wrote 102 bytes to ecology
[dna] water wrote 59 bytes to ecology
[dna] water wrote 53 bytes to ecology
[dna] water wrote 44 bytes to ecology
[dna] water wrote 105 bytes to ecology
[dna] water wrote 65 bytes to ecology
[dna] water wrote 103 bytes to ecology
[dna] water wrote 141 bytes to ecology
[dna] water wrote 74 bytes to ecology
[dna] water wrote 50 bytes to ecology
[dna] water wrote 81 bytes to ecology
[dna] water wrote 99 bytes to ecology
[dna] water wrote 126 bytes to ecology
[dna] water wrote 33 bytes to ecology
[dna] water wrote 118 bytes to ecology
[dna] water wrote 40 bytes to ecology
[dna] water wrote 65 bytes to ecology
[dna] water wrote 33 bytes to ecology
[dna] water wrote 185 bytes to ecology
[debug-onto] tick=550 corpus=168260 stage=2 freeze=0
[dna] water wrote 69 bytes to ecology
[dna] water wrote 118 bytes to ecology
[dna] water wrote 48 bytes to ecology
[dna] water wrote 71 bytes to ecology
[dna] water wrote 36 bytes to ecology
[dna] water wrote 43 bytes to ecology
[dna] water wrote 100 bytes to ecology
[dna] water wrote 78 bytes to ecology
[dna] water wrote 111 bytes to ecology

[evolution] Organism shutting down gracefully.
