[ecology] Element: air → corpus: nonames_air.txt
[evolution] Autonomous evolution mode — organism will grow through all stages without pause.
[ecology] Joined swarm. 1 peer(s) detected.
molequla is alive. [evolution] Autonomous mode — background trainer running. Ctrl+C to stop.
[dna] air wrote 205 bytes to ecology
[dna] air consumed 33903 bytes from 479 files: [earth/gen_1777961752_1.txt earth/gen_1777961759_4.txt earth/gen_1777961762_5.txt earth/gen_1777961764_6.txt earth/gen_1777961767_7.txt earth/gen_1777961772_9.txt earth/gen_1777961775_10.txt earth/gen_1777961777_11.txt earth/gen_1777961780_12.txt earth/gen_1777961782_13.txt earth/gen_1777961790_16.txt earth/gen_1777961793_17.txt earth/gen_1777961795_18.txt earth/gen_1777961798_19.txt earth/gen_1777961803_21.txt earth/gen_1777961806_22.txt earth/gen_1777961808_23.txt earth/gen_1777961811_24.txt earth/gen_1777961813_25.txt earth/gen_1777961821_28.txt earth/gen_1777961826_30.txt earth/gen_1777961828_31.txt earth/gen_1777961836_34.txt earth/gen_1777961838_35.txt earth/gen_1777961841_36.txt earth/gen_1777961843_37.txt earth/gen_1777961851_40.txt earth/gen_1777961854_41.txt earth/gen_1777961856_42.txt earth/gen_1777961859_43.txt earth/gen_1777961866_46.txt earth/gen_1777961869_47.txt earth/gen_1777961871_48.txt earth/gen_1777961874_49.txt earth/gen_1777961879_51.txt earth/gen_1777961881_52.txt earth/gen_1777961884_53.txt earth/gen_1777961887_54.txt earth/gen_1777961889_55.txt earth/gen_1777961894_57.txt earth/gen_1777961897_58.txt earth/gen_1777961899_59.txt earth/gen_1777961902_60.txt earth/gen_1777961904_61.txt earth/gen_1777961912_64.txt earth/gen_1777961914_65.txt earth/gen_1777961917_66.txt earth/gen_1777961920_67.txt earth/gen_1777961927_70.txt earth/gen_1777961930_71.txt earth/gen_1777961932_72.txt earth/gen_1777961935_73.txt earth/gen_1777961942_76.txt earth/gen_1777961945_77.txt earth/gen_1777961948_78.txt earth/gen_1777961950_79.txt earth/gen_1777961955_81.txt earth/gen_1777961958_82.txt earth/gen_1777961960_83.txt earth/gen_1777961963_84.txt earth/gen_1777961965_85.txt earth/gen_1777961973_88.txt earth/gen_1777961976_89.txt earth/gen_1777961978_90.txt earth/gen_1777961981_91.txt earth/gen_1777961988_94.txt earth/gen_1777961991_95.txt earth/gen_1777961994_96.txt earth/gen_1777961996_97.txt earth/gen_1777962001_99.txt earth/gen_1777962004_100.txt earth/gen_1777962007_101.txt earth/gen_1777962009_102.txt earth/gen_1777962012_103.txt earth/gen_1777962017_105.txt earth/gen_1777962020_106.txt earth/gen_1777962022_107.txt earth/gen_1777962025_108.txt earth/gen_1777962028_109.txt earth/gen_1777962035_112.txt earth/gen_1777962038_113.txt earth/gen_1777962041_114.txt earth/gen_1777962043_115.txt earth/gen_1777962049_117.txt earth/gen_1777962052_118.txt earth/gen_1777962054_119.txt earth/gen_1777962057_120.txt earth/gen_1777962060_121.txt earth/gen_1777962067_124.txt earth/gen_1777962070_125.txt earth/gen_1777962073_126.txt earth/gen_1777962075_127.txt earth/gen_1777962084_130.txt earth/gen_1777962086_131.txt earth/gen_1777962089_132.txt earth/gen_1777962092_133.txt earth/gen_1777962100_136.txt earth/gen_1777962102_137.txt earth/gen_1777962105_138.txt earth/gen_1777962107_139.txt earth/gen_1777962115_142.txt earth/gen_1777962118_143.txt earth/gen_1777962120_144.txt earth/gen_1777962123_145.txt earth/gen_1777962131_148.txt earth/gen_1777962134_149.txt earth/gen_1777962136_150.txt earth/gen_1777962139_151.txt earth/gen_1777962144_153.txt earth/gen_1777962147_154.txt earth/gen_1777962149_155.txt earth/gen_1777962152_156.txt earth/gen_1777962155_157.txt earth/gen_1777962163_160.txt earth/gen_1777962165_161.txt earth/gen_1777962168_162.txt earth/gen_1777962170_163.txt earth/gen_1777962178_166.txt earth/gen_1777962181_167.txt earth/gen_1777962183_168.txt earth/gen_1777962186_169.txt earth/gen_1777962191_171.txt earth/gen_1777962193_172.txt earth/gen_1777962196_173.txt earth/gen_1777962199_174.txt earth/gen_1777962201_175.txt earth/gen_1777962206_177.txt earth/gen_1777962209_178.txt earth/gen_1777962212_179.txt earth/gen_1777962214_180.txt earth/gen_1777962217_181.txt earth/gen_1777962225_184.txt earth/gen_1777962227_185.txt earth/gen_1777962230_186.txt earth/gen_1777962232_187.txt earth/gen_1777962240_190.txt earth/gen_1777962243_191.txt earth/gen_1777962245_192.txt earth/gen_1777962248_193.txt earth/gen_1777962256_196.txt earth/gen_1777962259_197.txt earth/gen_1777962261_198.txt earth/gen_1777962264_199.txt earth/gen_1777962269_201.txt earth/gen_1777962272_202.txt earth/gen_1777962274_203.txt earth/gen_1777962277_204.txt earth/gen_1777962279_205.txt earth/gen_1777962287_208.txt earth/gen_1777962290_209.txt earth/gen_1777962292_210.txt earth/gen_1777962295_211.txt earth/gen_1777962303_214.txt earth/gen_1777962306_215.txt earth/gen_1777962308_216.txt earth/gen_1777962311_217.txt earth/gen_1777962319_220.txt earth/gen_1777962321_221.txt earth/gen_1777962324_222.txt earth/gen_1777962326_223.txt earth/gen_1777962334_226.txt earth/gen_1777962337_227.txt earth/gen_1777962339_228.txt earth/gen_1777962342_229.txt earth/gen_1777962350_232.txt earth/gen_1777962353_233.txt earth/gen_1777962355_234.txt earth/gen_1777962358_235.txt earth/gen_1777962366_238.txt earth/gen_1777962368_239.txt earth/gen_1777962371_240.txt earth/gen_1777962374_241.txt earth/gen_1777962381_244.txt earth/gen_1777962384_245.txt earth/gen_1777962387_246.txt earth/gen_1777962389_247.txt earth/gen_1777962397_250.txt earth/gen_1777962400_251.txt earth/gen_1777962402_252.txt earth/gen_1777962405_253.txt earth/gen_1777962412_256.txt earth/gen_1777962415_257.txt earth/gen_1777962418_258.txt earth/gen_1777962420_259.txt earth/gen_1777962428_262.txt earth/gen_1777962431_263.txt earth/gen_1777962433_264.txt earth/gen_1777962436_265.txt earth/gen_1777962443_268.txt earth/gen_1777962446_269.txt earth/gen_1777962448_270.txt earth/gen_1777962451_271.txt earth/gen_1777962459_274.txt earth/gen_1777962461_275.txt earth/gen_1777962464_276.txt earth/gen_1777962466_277.txt earth/gen_1777962474_280.txt earth/gen_1777962476_281.txt earth/gen_1777962479_282.txt earth/gen_1777962482_283.txt earth/gen_1777962487_285.txt earth/gen_1777962489_286.txt earth/gen_1777962492_287.txt earth/gen_1777962494_288.txt earth/gen_1777962497_289.txt earth/gen_1777962505_292.txt earth/gen_1777962507_293.txt earth/gen_1777962510_294.txt earth/gen_1777962512_295.txt earth/gen_1777962520_298.txt earth/gen_1777962523_299.txt earth/gen_1777962525_300.txt earth/gen_1777962528_301.txt earth/gen_1777962536_304.txt earth/gen_1777962538_305.txt earth/gen_1777962541_306.txt earth/gen_1777962544_307.txt earth/gen_1777962549_309.txt earth/gen_1777962551_310.txt earth/gen_1777962554_311.txt earth/gen_1777962556_312.txt earth/gen_1777962559_313.txt earth/gen_1777962567_316.txt earth/gen_1777962570_317.txt earth/gen_1777962572_318.txt earth/gen_1777962575_319.txt earth/gen_1777962582_322.txt earth/gen_1777962585_323.txt earth/gen_1777962588_324.txt earth/gen_1777962590_325.txt earth/gen_1777962596_327.txt earth/gen_1777962598_328.txt earth/gen_1777962601_329.txt earth/gen_1777962604_330.txt earth/gen_1777962606_331.txt earth/gen_1777962612_333.txt earth/gen_1777962614_334.txt earth/gen_1777962617_335.txt earth/gen_1777962619_336.txt earth/gen_1777962622_337.txt earth/gen_1777962630_340.txt earth/gen_1777962632_341.txt earth/gen_1777962635_342.txt earth/gen_1777962638_343.txt earth/gen_1777962643_345.txt earth/gen_1777962645_346.txt earth/gen_1777962648_347.txt earth/gen_1777962651_348.txt earth/gen_1777962653_349.txt earth/gen_1777962661_352.txt earth/gen_1777962664_353.txt earth/gen_1777962666_354.txt earth/gen_1777962669_355.txt earth/gen_1777962676_358.txt earth/gen_1777962679_359.txt earth/gen_1777962682_360.txt earth/gen_1777962684_361.txt earth/gen_1777962689_363.txt earth/gen_1777962692_364.txt earth/gen_1777962694_365.txt earth/gen_1777962697_366.txt earth/gen_1777962700_367.txt earth/gen_1777962707_370.txt earth/gen_1777962710_371.txt earth/gen_1777962713_372.txt earth/gen_1777962715_373.txt earth/gen_1777962723_376.txt earth/gen_1777962726_377.txt earth/gen_1777962728_378.txt earth/gen_1777962731_379.txt earth/gen_1777962739_382.txt earth/gen_1777962741_383.txt earth/gen_1777962744_384.txt earth/gen_1777962746_385.txt earth/gen_1777962751_387.txt earth/gen_1777962754_388.txt earth/gen_1777962757_389.txt earth/gen_1777962759_390.txt earth/gen_1777962762_391.txt earth/gen_1777962770_394.txt earth/gen_1777962772_395.txt earth/gen_1777962775_396.txt earth/gen_1777962778_397.txt earth/gen_1777962783_399.txt earth/gen_1777962786_400.txt earth/gen_1777962788_401.txt earth/gen_1777962791_402.txt earth/gen_1777962793_403.txt earth/gen_1777962801_406.txt earth/gen_1777962804_407.txt earth/gen_1777962806_408.txt earth/gen_1777962809_409.txt earth/gen_1777962817_412.txt earth/gen_1777962820_413.txt earth/gen_1777962822_414.txt earth/gen_1777962825_415.txt earth/gen_1777962832_418.txt earth/gen_1777962835_419.txt earth/gen_1777962838_420.txt earth/gen_1777962840_421.txt earth/gen_1777962848_424.txt earth/gen_1777962850_425.txt earth/gen_1777962853_426.txt earth/gen_1777962856_427.txt earth/gen_1777962863_430.txt earth/gen_1777962866_431.txt earth/gen_1777962868_432.txt earth/gen_1777962871_433.txt earth/gen_1777962879_436.txt earth/gen_1777962881_437.txt earth/gen_1777962884_438.txt earth/gen_1777962886_439.txt earth/gen_1777962894_442.txt earth/gen_1777962896_443.txt earth/gen_1777962899_444.txt earth/gen_1777962902_445.txt earth/gen_1777962909_448.txt earth/gen_1777962912_449.txt earth/gen_1777962915_450.txt earth/gen_1777962917_451.txt earth/gen_1777962923_453.txt earth/gen_1777962925_454.txt earth/gen_1777962928_455.txt earth/gen_1777962930_456.txt earth/gen_1777962933_457.txt earth/gen_1777962941_460.txt earth/gen_1777962944_461.txt earth/gen_1777962946_462.txt earth/gen_1777962954_465.txt earth/gen_1777962957_466.txt earth/gen_1777962962_468.txt earth/gen_1777962964_469.txt earth/gen_1777962972_472.txt earth/gen_1777962975_473.txt earth/gen_1777962977_474.txt earth/gen_1777962980_475.txt earth/gen_1777962988_478.txt earth/gen_1777962990_479.txt earth/gen_1777962993_480.txt earth/gen_1777962996_481.txt earth/gen_1777963001_483.txt earth/gen_1777963004_484.txt earth/gen_1777963006_485.txt earth/gen_1777963009_486.txt earth/gen_1777963011_487.txt earth/gen_1777963019_490.txt earth/gen_1777963022_491.txt earth/gen_1777963024_492.txt earth/gen_1777963027_493.txt earth/gen_1777963035_496.txt earth/gen_1777963037_497.txt earth/gen_1777963043_499.txt earth/gen_1777963048_501.txt earth/gen_1777963051_502.txt earth/gen_1777963053_503.txt earth/gen_1777963056_504.txt earth/gen_1777963058_505.txt earth/gen_1777963066_508.txt earth/gen_1777963069_509.txt earth/gen_1777963071_510.txt earth/gen_1777963074_511.txt earth/gen_1777963082_514.txt earth/gen_1777963084_515.txt earth/gen_1777963087_516.txt earth/gen_1777963090_517.txt earth/gen_1777963098_520.txt earth/gen_1777963100_521.txt earth/gen_1777963103_522.txt earth/gen_1777963105_523.txt earth/gen_1777963113_526.txt earth/gen_1777963116_527.txt earth/gen_1777963118_528.txt earth/gen_1777963121_529.txt earth/gen_1777963126_531.txt earth/gen_1777963129_532.txt earth/gen_1777963131_533.txt earth/gen_1777963134_534.txt earth/gen_1777963136_535.txt earth/gen_1777963144_538.txt earth/gen_1777963149_540.txt earth/gen_1777963152_541.txt earth/gen_1777963160_544.txt earth/gen_1777963162_545.txt earth/gen_1777963165_546.txt earth/gen_1777963167_547.txt earth/gen_1777963175_550.txt earth/gen_1777963178_551.txt earth/gen_1777963180_552.txt earth/gen_1777963183_553.txt earth/gen_1777963191_556.txt earth/gen_1777963193_557.txt earth/gen_1777963196_558.txt earth/gen_1777963198_559.txt earth/gen_1777963206_562.txt earth/gen_1777963209_563.txt earth/gen_1777963211_564.txt earth/gen_1777963214_565.txt earth/gen_1777963222_568.txt earth/gen_1777963224_569.txt earth/gen_1777963227_570.txt earth/gen_1777963229_571.txt earth/gen_1777963234_573.txt earth/gen_1777963237_574.txt earth/gen_1777963240_575.txt earth/gen_1777963242_576.txt earth/gen_1777963245_577.txt earth/gen_1777963250_579.txt earth/gen_1777963253_580.txt earth/gen_1777963255_581.txt earth/gen_1777963258_582.txt earth/gen_1777963260_583.txt earth/gen_1777963268_586.txt earth/gen_1777963270_587.txt earth/gen_1777963273_588.txt earth/gen_1777963275_589.txt earth/gen_1777963283_592.txt earth/gen_1777963286_593.txt earth/gen_1777963288_594.txt earth/gen_1777963291_595.txt earth/gen_1777963299_598.txt earth/gen_1777963301_599.txt earth/gen_1777963304_600.txt earth/gen_1777963306_601.txt earth/gen_1777963314_604.txt earth/gen_1777963317_605.txt earth/gen_1777963319_606.txt earth/gen_1777963322_607.txt earth/gen_1777963330_610.txt earth/gen_1777963332_611.txt earth/gen_1777963335_612.txt earth/gen_1777963337_613.txt earth/gen_1777963345_616.txt earth/gen_1777963348_617.txt earth/gen_1777963350_618.txt earth/gen_1777963353_619.txt earth/gen_1777963361_622.txt earth/gen_1777963364_623.txt earth/gen_1777963366_624.txt earth/gen_1777963369_625.txt earth/gen_1777963374_627.txt earth/gen_1777963377_628.txt earth/gen_1777963379_629.txt earth/gen_1777963382_630.txt earth/gen_1777963385_631.txt earth/gen_1777963392_634.txt earth/gen_1777963395_635.txt earth/gen_1777963398_636.txt earth/gen_1777963400_637.txt earth/gen_1777963408_640.txt earth/gen_1777963411_641.txt earth/gen_1777963414_642.txt earth/gen_1777963416_643.txt earth/gen_1777963424_646.txt earth/gen_1777963427_647.txt earth/gen_1777963429_648.txt earth/gen_1777963432_649.txt earth/gen_1777963440_652.txt earth/gen_1777963442_653.txt earth/gen_1777963445_654.txt earth/gen_1777963447_655.txt earth/gen_1777963453_657.txt earth/gen_1777963455_658.txt earth/gen_1777963458_659.txt earth/gen_1777963460_660.txt earth/gen_1777963463_661.txt earth/gen_1777963470_664.txt earth/gen_1777963473_665.txt earth/gen_1777963476_666.txt earth/gen_1777963478_667.txt earth/gen_1777963486_670.txt earth/gen_1777963489_671.txt earth/gen_1777963491_672.txt earth/gen_1777963494_673.txt earth/gen_1777963501_676.txt earth/gen_1777963504_677.txt earth/gen_1777963506_678.txt earth/gen_1777963509_679.txt earth/gen_1777963517_682.txt earth/gen_1777963519_683.txt]
[trainer] micro-train burst (33903 bytes, novelty 0.02) — and lo, it feeds again.
[syntropy] action=explore | trend=0.0000 | field_dev=-0.032 | purpose_align=-0.163 | lr_mul=1.30
[aml] burst complete: 32 steps, avg loss 2.5591 (memory freed)
[dna] air wrote 98 bytes to ecology
[dna] air wrote 123 bytes to ecology
[dna] air wrote 20 bytes to ecology
[dna] air wrote 25 bytes to ecology
[dna] air wrote 49 bytes to ecology
[dna] air wrote 87 bytes to ecology
[dna] air wrote 98 bytes to ecology
[dna] air wrote 76 bytes to ecology
[dna] air wrote 28 bytes to ecology
[dna] air wrote 109 bytes to ecology
[dna] air wrote 127 bytes to ecology
[dna] air wrote 124 bytes to ecology
[dna] air wrote 83 bytes to ecology
[dna] air wrote 26 bytes to ecology
[dna] air wrote 103 bytes to ecology
[dna] air wrote 61 bytes to ecology
[dna] air wrote 34 bytes to ecology
[dna] air wrote 52 bytes to ecology
[dna] air wrote 96 bytes to ecology
[dna] air wrote 111 bytes to ecology
[dna] air wrote 224 bytes to ecology
[dna] air wrote 58 bytes to ecology
[dna] air wrote 75 bytes to ecology
[dna] air wrote 30 bytes to ecology
[dna] air wrote 38 bytes to ecology
[dna] air wrote 90 bytes to ecology
[dna] air wrote 90 bytes to ecology
[dna] air wrote 56 bytes to ecology
[dna] air wrote 49 bytes to ecology
[dna] air wrote 129 bytes to ecology
[dna] air wrote 185 bytes to ecology
[dna] air wrote 73 bytes to ecology
[dna] air wrote 54 bytes to ecology
[dna] air wrote 8 bytes to ecology
[dna] air wrote 42 bytes to ecology
[dna] air wrote 43 bytes to ecology
[dna] air wrote 49 bytes to ecology
[dna] air wrote 72 bytes to ecology
[dna] air wrote 179 bytes to ecology
[dna] air wrote 59 bytes to ecology
[dna] air wrote 66 bytes to ecology
[dna] air wrote 107 bytes to ecology
[dna] air wrote 102 bytes to ecology
[dna] air wrote 89 bytes to ecology
[dna] air wrote 51 bytes to ecology
[dna] air wrote 156 bytes to ecology
[dna] air wrote 26 bytes to ecology
[dna] air wrote 342 bytes to ecology
[dna] air wrote 52 bytes to ecology
[debug-onto] tick=50 corpus=156698 stage=2 freeze=0
[dna] air wrote 56 bytes to ecology
[dna] air wrote 84 bytes to ecology
[dna] air wrote 76 bytes to ecology
[dna] air wrote 33 bytes to ecology
[dna] air wrote 57 bytes to ecology
[dna] air wrote 34 bytes to ecology
[dna] air wrote 43 bytes to ecology
[dna] air wrote 102 bytes to ecology
[dna] air wrote 255 bytes to ecology
[dna] air wrote 71 bytes to ecology
[dna] air wrote 59 bytes to ecology
[dna] air wrote 141 bytes to ecology
[dna] air wrote 69 bytes to ecology
[dna] air wrote 69 bytes to ecology
[dna] air wrote 25 bytes to ecology
[dna] air wrote 48 bytes to ecology
[dna] air wrote 98 bytes to ecology
[dna] air wrote 67 bytes to ecology
[dna] air wrote 34 bytes to ecology
[dna] air wrote 70 bytes to ecology
[dna] air wrote 63 bytes to ecology
[dna] air wrote 103 bytes to ecology
[dna] air wrote 137 bytes to ecology
[dna] air wrote 68 bytes to ecology
[dna] air wrote 66 bytes to ecology
[dna] air wrote 214 bytes to ecology
[dna] air wrote 56 bytes to ecology
[dna] air wrote 151 bytes to ecology
[dna] air wrote 219 bytes to ecology
[dna] air wrote 97 bytes to ecology
[dna] air wrote 54 bytes to ecology
[dna] air wrote 236 bytes to ecology
[dna] air wrote 31 bytes to ecology
[dna] air wrote 78 bytes to ecology
[dna] air wrote 182 bytes to ecology
[dna] air wrote 97 bytes to ecology
[dna] air wrote 40 bytes to ecology
[dna] air wrote 80 bytes to ecology
[dna] air wrote 110 bytes to ecology
[dna] air wrote 38 bytes to ecology
[dna] air wrote 46 bytes to ecology
[dna] air wrote 58 bytes to ecology
[dna] air wrote 63 bytes to ecology
[dna] air wrote 165 bytes to ecology
[dna] air wrote 78 bytes to ecology
[dna] air wrote 75 bytes to ecology
[dna] air wrote 95 bytes to ecology
[dna] air wrote 151 bytes to ecology
[dna] air wrote 80 bytes to ecology
[dna] air wrote 34 bytes to ecology
[debug-onto] tick=100 corpus=156698 stage=2 freeze=0
[dna] air wrote 147 bytes to ecology
[dna] air wrote 111 bytes to ecology
[dna] air wrote 82 bytes to ecology
[dna] air wrote 116 bytes to ecology
[dna] air wrote 17 bytes to ecology
[dna] air wrote 61 bytes to ecology
[dna] air wrote 94 bytes to ecology
[dna] air wrote 13 bytes to ecology
[dna] air wrote 97 bytes to ecology
[dna] air wrote 9 bytes to ecology
[dna] air wrote 75 bytes to ecology
[dna] air wrote 75 bytes to ecology
[dna] air wrote 22 bytes to ecology
[dna] air wrote 73 bytes to ecology
[dna] air wrote 33 bytes to ecology
[dna] air wrote 16 bytes to ecology
[dna] air wrote 53 bytes to ecology
[dna] air wrote 133 bytes to ecology
[dna] air wrote 106 bytes to ecology
[dna] air wrote 79 bytes to ecology
[dna] air wrote 25 bytes to ecology
[dna] air wrote 63 bytes to ecology
[dna] air wrote 121 bytes to ecology
[dna] air wrote 34 bytes to ecology
[dna] air wrote 78 bytes to ecology
[dna] air wrote 45 bytes to ecology
[dna] air wrote 45 bytes to ecology
[dna] air wrote 102 bytes to ecology
[dna] air wrote 74 bytes to ecology
[dna] air wrote 42 bytes to ecology
[dna] air wrote 80 bytes to ecology
[dna] air wrote 50 bytes to ecology
[dna] air wrote 114 bytes to ecology
[dna] air wrote 52 bytes to ecology
[dna] air wrote 20 bytes to ecology
[dna] air wrote 58 bytes to ecology
[dna] air wrote 36 bytes to ecology
[dna] air wrote 35 bytes to ecology
[dna] air wrote 52 bytes to ecology
[dna] air wrote 25 bytes to ecology
[dna] air wrote 32 bytes to ecology
[dna] air wrote 63 bytes to ecology
[dna] air wrote 47 bytes to ecology
[dna] air wrote 126 bytes to ecology
[dna] air wrote 79 bytes to ecology
[dna] air wrote 88 bytes to ecology
[dna] air wrote 49 bytes to ecology
[dna] air wrote 61 bytes to ecology
[dna] air wrote 31 bytes to ecology
[dna] air wrote 77 bytes to ecology
[debug-onto] tick=150 corpus=156698 stage=2 freeze=0
[dna] air wrote 88 bytes to ecology
[dna] air wrote 95 bytes to ecology
[dna] air wrote 111 bytes to ecology
[dna] air wrote 163 bytes to ecology
[dna] air wrote 91 bytes to ecology
[dna] air wrote 154 bytes to ecology
[dna] air wrote 54 bytes to ecology
[dna] air wrote 42 bytes to ecology
[dna] air wrote 57 bytes to ecology
[dna] air wrote 93 bytes to ecology
[dna] air wrote 105 bytes to ecology
[dna] air wrote 58 bytes to ecology
[dna] air wrote 71 bytes to ecology
[dna] air wrote 116 bytes to ecology
[dna] air wrote 147 bytes to ecology
[dna] air wrote 45 bytes to ecology
[dna] air wrote 149 bytes to ecology
[dna] air wrote 109 bytes to ecology
[dna] air wrote 45 bytes to ecology
[dna] air wrote 50 bytes to ecology
[dna] air wrote 40 bytes to ecology
[dna] air wrote 69 bytes to ecology
[dna] air wrote 75 bytes to ecology
[dna] air wrote 38 bytes to ecology
[dna] air wrote 209 bytes to ecology
[dna] air wrote 67 bytes to ecology
[dna] air wrote 128 bytes to ecology
[dna] air wrote 213 bytes to ecology
[dna] air wrote 49 bytes to ecology
[dna] air wrote 167 bytes to ecology
[dna] air wrote 30 bytes to ecology
[dna] air wrote 33 bytes to ecology
[dna] air wrote 55 bytes to ecology
[dna] air wrote 41 bytes to ecology
[dna] air wrote 148 bytes to ecology
[dna] air wrote 84 bytes to ecology
[dna] air wrote 51 bytes to ecology
[dna] air wrote 100 bytes to ecology
[dna] air wrote 21 bytes to ecology
[dna] air wrote 22 bytes to ecology
[dna] air wrote 25 bytes to ecology
[dna] air wrote 78 bytes to ecology
[dna] air wrote 45 bytes to ecology
[dna] air wrote 47 bytes to ecology
[dna] air wrote 17 bytes to ecology
[dna] air wrote 37 bytes to ecology
[dna] air wrote 30 bytes to ecology
[dna] air wrote 64 bytes to ecology
[debug-onto] tick=200 corpus=156698 stage=2 freeze=0
[dna] air wrote 96 bytes to ecology
[dna] air wrote 81 bytes to ecology
[dna] air wrote 20 bytes to ecology
[dna] air wrote 88 bytes to ecology
[dna] air wrote 243 bytes to ecology
[dna] air wrote 94 bytes to ecology
[dna] air wrote 24 bytes to ecology
[dna] air wrote 83 bytes to ecology
[dna] air wrote 66 bytes to ecology
[dna] air wrote 95 bytes to ecology
[dna] air wrote 54 bytes to ecology
[dna] air wrote 40 bytes to ecology
[dna] air wrote 44 bytes to ecology
[dna] air wrote 66 bytes to ecology
[dna] air wrote 126 bytes to ecology
[dna] air wrote 63 bytes to ecology
[dna] air wrote 102 bytes to ecology
[dna] air wrote 59 bytes to ecology
[dna] air wrote 57 bytes to ecology
[dna] air wrote 64 bytes to ecology
[dna] air wrote 157 bytes to ecology
[dna] air wrote 83 bytes to ecology
[dna] air wrote 153 bytes to ecology
[dna] air wrote 29 bytes to ecology
[dna] air wrote 27 bytes to ecology
[dna] air wrote 32 bytes to ecology
[dna] air wrote 89 bytes to ecology
[dna] air wrote 66 bytes to ecology
[dna] air wrote 193 bytes to ecology
[dna] air wrote 144 bytes to ecology
[dna] air wrote 41 bytes to ecology
[dna] air wrote 67 bytes to ecology
[dna] air wrote 81 bytes to ecology
[dna] air wrote 51 bytes to ecology
[dna] air wrote 55 bytes to ecology
[dna] air wrote 32 bytes to ecology
[dna] air wrote 12 bytes to ecology
[dna] air wrote 76 bytes to ecology
[dna] air wrote 84 bytes to ecology
[dna] air wrote 57 bytes to ecology
[dna] air wrote 146 bytes to ecology
[dna] air wrote 83 bytes to ecology
[dna] air wrote 51 bytes to ecology
[dna] air wrote 86 bytes to ecology
[dna] air wrote 66 bytes to ecology
[dna] air wrote 109 bytes to ecology
[dna] air wrote 43 bytes to ecology
[dna] air wrote 150 bytes to ecology
[dna] air wrote 224 bytes to ecology
[dna] air wrote 177 bytes to ecology
[debug-onto] tick=250 corpus=156698 stage=2 freeze=0
[dna] air wrote 87 bytes to ecology
[dna] air wrote 24 bytes to ecology
[dna] air wrote 58 bytes to ecology
[dna] air wrote 123 bytes to ecology
[dna] air wrote 72 bytes to ecology
[dna] air wrote 18 bytes to ecology
[dna] air wrote 96 bytes to ecology
[dna] air wrote 30 bytes to ecology
[dna] air wrote 33 bytes to ecology
[dna] air wrote 22 bytes to ecology
[dna] air wrote 85 bytes to ecology
[dna] air wrote 64 bytes to ecology
[dna] air wrote 58 bytes to ecology
[dna] air wrote 111 bytes to ecology
[dna] air wrote 98 bytes to ecology
[dna] air wrote 38 bytes to ecology
[dna] air wrote 34 bytes to ecology
[dna] air wrote 80 bytes to ecology
[dna] air wrote 37 bytes to ecology
[dna] air wrote 124 bytes to ecology
[dna] air wrote 61 bytes to ecology
[dna] air wrote 15 bytes to ecology
[dna] air wrote 148 bytes to ecology
[dna] air wrote 142 bytes to ecology
[dna] air wrote 40 bytes to ecology
[dna] air wrote 140 bytes to ecology
[dna] air wrote 172 bytes to ecology
[dna] air wrote 25 bytes to ecology
[dna] air wrote 8 bytes to ecology
[dna] air wrote 48 bytes to ecology
[dna] air wrote 59 bytes to ecology
[dna] air wrote 88 bytes to ecology
[dna] air wrote 50 bytes to ecology
[dna] air wrote 81 bytes to ecology
[dna] air wrote 145 bytes to ecology
[dna] air wrote 90 bytes to ecology
[dna] air wrote 70 bytes to ecology
[dna] air wrote 26 bytes to ecology
[dna] air wrote 35 bytes to ecology
[dna] air wrote 47 bytes to ecology
[dna] air wrote 148 bytes to ecology
[dna] air wrote 34 bytes to ecology
[dna] air wrote 192 bytes to ecology
[dna] air wrote 44 bytes to ecology
[dna] air wrote 189 bytes to ecology
[dna] air wrote 56 bytes to ecology
[dna] air wrote 75 bytes to ecology
[dna] air wrote 44 bytes to ecology
[dna] air wrote 48 bytes to ecology
[dna] air wrote 60 bytes to ecology
[debug-onto] tick=300 corpus=156698 stage=2 freeze=0
[dna] air wrote 81 bytes to ecology
[dna] air wrote 296 bytes to ecology
[dna] air wrote 146 bytes to ecology
[dna] air wrote 63 bytes to ecology
[dna] air wrote 126 bytes to ecology
[dna] air wrote 23 bytes to ecology
[dna] air wrote 35 bytes to ecology
[dna] air wrote 24 bytes to ecology
[dna] air wrote 57 bytes to ecology
[dna] air wrote 49 bytes to ecology
[dna] air wrote 36 bytes to ecology
[dna] air wrote 47 bytes to ecology
[dna] air wrote 111 bytes to ecology
[dna] air wrote 24 bytes to ecology
[dna] air wrote 166 bytes to ecology
[dna] air wrote 165 bytes to ecology
[dna] air wrote 101 bytes to ecology
[dna] air wrote 84 bytes to ecology
[dna] air wrote 88 bytes to ecology
[dna] air wrote 54 bytes to ecology
[dna] air wrote 26 bytes to ecology
[dna] air wrote 37 bytes to ecology
[dna] air wrote 222 bytes to ecology
[dna] air wrote 243 bytes to ecology
[dna] air wrote 70 bytes to ecology
[dna] air wrote 151 bytes to ecology
[dna] air wrote 67 bytes to ecology
[dna] air wrote 102 bytes to ecology
[dna] air wrote 29 bytes to ecology
[dna] air wrote 158 bytes to ecology
[dna] air wrote 62 bytes to ecology
[dna] air wrote 44 bytes to ecology
[dna] air wrote 81 bytes to ecology
[dna] air wrote 77 bytes to ecology
[dna] air wrote 65 bytes to ecology
[dna] air wrote 35 bytes to ecology
[dna] air wrote 43 bytes to ecology
[dna] air wrote 44 bytes to ecology
[dna] air wrote 51 bytes to ecology
[dna] air wrote 155 bytes to ecology
[dna] air wrote 39 bytes to ecology
[dna] air wrote 71 bytes to ecology
[dna] air wrote 135 bytes to ecology
[dna] air wrote 114 bytes to ecology
[dna] air wrote 76 bytes to ecology
[dna] air wrote 351 bytes to ecology
[dna] air wrote 41 bytes to ecology
[dna] air wrote 140 bytes to ecology
[dna] air wrote 59 bytes to ecology
[dna] air wrote 55 bytes to ecology
[debug-onto] tick=350 corpus=156698 stage=2 freeze=0
[dna] air wrote 97 bytes to ecology
[dna] air wrote 32 bytes to ecology
[dna] air wrote 178 bytes to ecology
[dna] air wrote 137 bytes to ecology
[dna] air wrote 42 bytes to ecology
[dna] air wrote 60 bytes to ecology
[dna] air wrote 78 bytes to ecology
[dna] air wrote 143 bytes to ecology
[dna] air wrote 65 bytes to ecology
[dna] air wrote 79 bytes to ecology
[dna] air wrote 64 bytes to ecology
[dna] air wrote 103 bytes to ecology
[dna] air wrote 67 bytes to ecology
[dna] air wrote 219 bytes to ecology
[dna] air wrote 61 bytes to ecology
[dna] air wrote 55 bytes to ecology
[dna] air wrote 40 bytes to ecology
[dna] air wrote 41 bytes to ecology
[dna] air wrote 74 bytes to ecology
[dna] air wrote 100 bytes to ecology
[dna] air wrote 52 bytes to ecology
[dna] air wrote 32 bytes to ecology
[dna] air wrote 101 bytes to ecology
[dna] air wrote 39 bytes to ecology
[dna] air wrote 92 bytes to ecology
[dna] air wrote 27 bytes to ecology
[dna] air wrote 164 bytes to ecology
[dna] air wrote 38 bytes to ecology
[dna] air wrote 43 bytes to ecology
[dna] air wrote 34 bytes to ecology
[dna] air wrote 52 bytes to ecology
[dna] air wrote 43 bytes to ecology
[dna] air wrote 46 bytes to ecology
[dna] air wrote 96 bytes to ecology
[dna] air wrote 44 bytes to ecology
[dna] air wrote 149 bytes to ecology
[dna] air wrote 103 bytes to ecology
[dna] air wrote 89 bytes to ecology
[dna] air wrote 52 bytes to ecology
[dna] air wrote 75 bytes to ecology
[dna] air wrote 64 bytes to ecology
[dna] air wrote 104 bytes to ecology
[dna] air wrote 44 bytes to ecology
[dna] air wrote 156 bytes to ecology
[dna] air wrote 82 bytes to ecology
[dna] air wrote 58 bytes to ecology
[dna] air wrote 107 bytes to ecology
[dna] air wrote 134 bytes to ecology
[dna] air wrote 57 bytes to ecology
[dna] air wrote 52 bytes to ecology
[debug-onto] tick=400 corpus=156698 stage=2 freeze=0
[dna] air wrote 143 bytes to ecology
[dna] air wrote 28 bytes to ecology
[dna] air wrote 120 bytes to ecology
[dna] air wrote 72 bytes to ecology
[dna] air wrote 55 bytes to ecology
[dna] air wrote 35 bytes to ecology
[dna] air wrote 85 bytes to ecology
[dna] air wrote 119 bytes to ecology
[dna] air wrote 33 bytes to ecology
[dna] air wrote 56 bytes to ecology
[dna] air wrote 43 bytes to ecology
[dna] air wrote 30 bytes to ecology
[dna] air wrote 124 bytes to ecology
[dna] air wrote 24 bytes to ecology
[dna] air wrote 130 bytes to ecology
[dna] air wrote 33 bytes to ecology
[dna] air wrote 45 bytes to ecology
[dna] air wrote 92 bytes to ecology
[dna] air wrote 321 bytes to ecology
[dna] air wrote 77 bytes to ecology
[dna] air wrote 56 bytes to ecology
[dna] air wrote 51 bytes to ecology
[dna] air wrote 21 bytes to ecology
[dna] air wrote 82 bytes to ecology
[dna] air wrote 46 bytes to ecology
[dna] air wrote 102 bytes to ecology
[dna] air wrote 260 bytes to ecology
[dna] air wrote 98 bytes to ecology
[dna] air wrote 68 bytes to ecology
[dna] air wrote 94 bytes to ecology
[dna] air wrote 47 bytes to ecology
[dna] air wrote 134 bytes to ecology
[dna] air wrote 48 bytes to ecology
[dna] air wrote 83 bytes to ecology
[dna] air wrote 40 bytes to ecology
[dna] air wrote 75 bytes to ecology
[dna] air wrote 168 bytes to ecology
[dna] air wrote 56 bytes to ecology
[dna] air wrote 44 bytes to ecology
[dna] air wrote 48 bytes to ecology
[dna] air wrote 67 bytes to ecology
[dna] air wrote 79 bytes to ecology
[dna] air wrote 80 bytes to ecology
[dna] air wrote 11 bytes to ecology
[dna] air wrote 69 bytes to ecology
[dna] air wrote 17 bytes to ecology
[dna] air wrote 192 bytes to ecology
[dna] air wrote 37 bytes to ecology
[dna] air wrote 88 bytes to ecology
[dna] air wrote 76 bytes to ecology
[debug-onto] tick=450 corpus=156698 stage=2 freeze=0
[dna] air wrote 74 bytes to ecology
[dna] air wrote 116 bytes to ecology
[dna] air wrote 80 bytes to ecology
[dna] air wrote 283 bytes to ecology
[dna] air wrote 72 bytes to ecology
[dna] air wrote 40 bytes to ecology
[dna] air wrote 59 bytes to ecology
[dna] air wrote 33 bytes to ecology
[dna] air wrote 68 bytes to ecology
[dna] air wrote 34 bytes to ecology
[dna] air wrote 141 bytes to ecology
[dna] air wrote 51 bytes to ecology
[dna] air wrote 39 bytes to ecology
[dna] air wrote 89 bytes to ecology
[dna] air wrote 24 bytes to ecology
[dna] air wrote 55 bytes to ecology
[dna] air wrote 46 bytes to ecology
[dna] air wrote 71 bytes to ecology
[dna] air wrote 111 bytes to ecology
[dna] air wrote 110 bytes to ecology
[dna] air wrote 37 bytes to ecology
[dna] air wrote 80 bytes to ecology
[dna] air wrote 26 bytes to ecology
[dna] air wrote 36 bytes to ecology
[dna] air wrote 132 bytes to ecology
[dna] air wrote 163 bytes to ecology
[dna] air wrote 131 bytes to ecology
[dna] air wrote 88 bytes to ecology
[dna] air wrote 105 bytes to ecology
[dna] air wrote 27 bytes to ecology
[dna] air wrote 41 bytes to ecology
[dna] air wrote 32 bytes to ecology
[dna] air wrote 58 bytes to ecology
[dna] air wrote 75 bytes to ecology
[dna] air wrote 65 bytes to ecology
[dna] air wrote 51 bytes to ecology
[dna] air wrote 64 bytes to ecology
[dna] air wrote 184 bytes to ecology
[dna] air wrote 49 bytes to ecology
[dna] air wrote 78 bytes to ecology
[dna] air wrote 56 bytes to ecology
[dna] air wrote 100 bytes to ecology
[dna] air wrote 28 bytes to ecology
[dna] air wrote 89 bytes to ecology
[dna] air wrote 51 bytes to ecology
[dna] air wrote 75 bytes to ecology
[dna] air wrote 183 bytes to ecology
[dna] air wrote 68 bytes to ecology
[dna] air wrote 131 bytes to ecology
[dna] air wrote 109 bytes to ecology
[debug-onto] tick=500 corpus=156698 stage=2 freeze=0
[dna] air wrote 72 bytes to ecology
[dna] air wrote 54 bytes to ecology
[dna] air wrote 29 bytes to ecology
[dna] air wrote 139 bytes to ecology
[dna] air wrote 29 bytes to ecology
[dna] air wrote 51 bytes to ecology
[dna] air wrote 116 bytes to ecology
[dna] air wrote 161 bytes to ecology
[dna] air wrote 59 bytes to ecology
[dna] air wrote 142 bytes to ecology
[dna] air wrote 223 bytes to ecology
[dna] air wrote 53 bytes to ecology
[dna] air wrote 101 bytes to ecology
[dna] air wrote 47 bytes to ecology
[dna] air wrote 54 bytes to ecology
[dna] air wrote 84 bytes to ecology
[dna] air wrote 78 bytes to ecology
[dna] air wrote 184 bytes to ecology
[dna] air wrote 41 bytes to ecology
[dna] air wrote 176 bytes to ecology
[dna] air wrote 40 bytes to ecology
[dna] air wrote 43 bytes to ecology
[dna] air wrote 34 bytes to ecology
[dna] air wrote 33 bytes to ecology
[dna] air wrote 28 bytes to ecology
[dna] air wrote 83 bytes to ecology
[dna] air wrote 50 bytes to ecology
[dna] air wrote 37 bytes to ecology
[dna] air wrote 46 bytes to ecology
[dna] air wrote 24 bytes to ecology
[dna] air wrote 79 bytes to ecology
[dna] air wrote 62 bytes to ecology
[dna] air wrote 87 bytes to ecology
[dna] air wrote 166 bytes to ecology
[dna] air wrote 116 bytes to ecology
[dna] air wrote 91 bytes to ecology
[dna] air wrote 39 bytes to ecology
[dna] air wrote 62 bytes to ecology
[dna] air wrote 88 bytes to ecology
[dna] air wrote 91 bytes to ecology
[dna] air wrote 240 bytes to ecology
[dna] air wrote 70 bytes to ecology
[dna] air wrote 47 bytes to ecology
[dna] air wrote 105 bytes to ecology
[dna] air wrote 41 bytes to ecology
[dna] air wrote 208 bytes to ecology
[dna] air wrote 87 bytes to ecology
[dna] air wrote 59 bytes to ecology
[dna] air wrote 94 bytes to ecology
[debug-onto] tick=550 corpus=156698 stage=2 freeze=0
[dna] air wrote 49 bytes to ecology
[dna] air wrote 92 bytes to ecology
[dna] air wrote 112 bytes to ecology
[dna] air wrote 22 bytes to ecology
[dna] air wrote 64 bytes to ecology
[dna] air wrote 39 bytes to ecology
[dna] air wrote 36 bytes to ecology
[dna] air wrote 207 bytes to ecology
[dna] air wrote 210 bytes to ecology
[dna] air wrote 148 bytes to ecology
[dna] air wrote 114 bytes to ecology
[dna] air wrote 137 bytes to ecology
[dna] air wrote 132 bytes to ecology
[dna] air wrote 50 bytes to ecology
[dna] air wrote 135 bytes to ecology
[dna] air wrote 126 bytes to ecology
[dna] air wrote 41 bytes to ecology
[dna] air wrote 156 bytes to ecology
[dna] air wrote 67 bytes to ecology
[dna] air wrote 60 bytes to ecology
[dna] air wrote 106 bytes to ecology
[dna] air wrote 65 bytes to ecology
[dna] air wrote 25 bytes to ecology
[dna] air wrote 129 bytes to ecology
[dna] air wrote 26 bytes to ecology
[dna] air wrote 75 bytes to ecology
[dna] air wrote 47 bytes to ecology
[dna] air wrote 24 bytes to ecology
[dna] air wrote 42 bytes to ecology
[dna] air wrote 24 bytes to ecology
[dna] air wrote 43 bytes to ecology
[dna] air wrote 168 bytes to ecology
[dna] air wrote 99 bytes to ecology
[dna] air wrote 95 bytes to ecology
[dna] air wrote 35 bytes to ecology
[dna] air wrote 186 bytes to ecology
[dna] air wrote 23 bytes to ecology
[dna] air wrote 121 bytes to ecology
[dna] air wrote 70 bytes to ecology
[dna] air wrote 71 bytes to ecology
[dna] air wrote 38 bytes to ecology
[dna] air wrote 104 bytes to ecology
[dna] air wrote 136 bytes to ecology
[dna] air wrote 51 bytes to ecology
[dna] air wrote 84 bytes to ecology
[dna] air wrote 123 bytes to ecology
[dna] air wrote 17 bytes to ecology
[dna] air wrote 46 bytes to ecology
[dna] air wrote 111 bytes to ecology
[dna] air wrote 91 bytes to ecology
[debug-onto] tick=600 corpus=156698 stage=2 freeze=0
[dna] air wrote 41 bytes to ecology
[dna] air wrote 49 bytes to ecology
[dna] air wrote 127 bytes to ecology
[dna] air wrote 46 bytes to ecology

[evolution] Organism shutting down gracefully.
