[ecology] Element: earth → corpus: nonames_earth.txt
[evolution] Autonomous evolution mode — organism will grow through all stages without pause.
[init] Stage 0 (embryo): embd=16, layer=1, head=1 — warmup 400 steps (400 backprop + 0 notorch, sqrt-scaled 1x)
  [aml] step 0/160 | loss 6.7104 (avg 6.7104) | lr 0.001000 | seq 8
  [aml] step 10/160 | loss 6.0883 (avg 6.4746) | lr 0.001450 | seq 8
  [aml] step 20/160 | loss 6.2973 (avg 6.3120) | lr 0.001900 | seq 8
  [aml] step 30/160 | loss 5.7448 (avg 6.2066) | lr 0.002350 | seq 8
  [aml] step 40/160 | loss 5.4112 (avg 6.0914) | lr 0.002800 | seq 8
  [aml] step 50/160 | loss 4.7012 (avg 5.9328) | lr 0.003250 | seq 8
  [aml] step 60/160 | loss 4.9100 (avg 5.7661) | lr 0.003700 | seq 8
  [aml] step 70/160 | loss 5.2754 (avg 5.6567) | lr 0.004150 | seq 8
  [aml] step 80/160 | loss 3.0066 (avg 5.5345) | lr 0.004600 | seq 8
  [aml] step 90/160 | loss 4.3262 (avg 5.3959) | lr 0.005050 | seq 8
  [aml] step 100/160 | loss 4.7915 (avg 5.3072) | lr 0.005500 | seq 8
  [aml] step 110/160 | loss 5.1263 (avg 5.1728) | lr 0.005950 | seq 8
  [aml] step 120/160 | loss 4.3329 (avg 5.0973) | lr 0.006400 | seq 8
  [aml] step 130/160 | loss 4.3088 (avg 5.0472) | lr 0.006850 | seq 8
  [aml] step 140/160 | loss 3.0609 (avg 5.0000) | lr 0.007300 | seq 8
  [aml] step 150/160 | loss 2.7702 (avg 4.9511) | lr 0.007750 | seq 8
[aml] training complete: 160 steps, avg loss 4.9049 (memory freed)
  [aml] step 0/120 | loss 4.8683 (avg 4.8683) | lr 0.008200 | seq 16
  [aml] step 10/120 | loss 4.3557 (avg 4.4380) | lr 0.008650 | seq 16
  [aml] step 20/120 | loss 3.4942 (avg 4.4444) | lr 0.009100 | seq 16
  [aml] step 30/120 | loss 3.5268 (avg 4.2241) | lr 0.009550 | seq 16
  [aml] step 40/120 | loss 3.1951 (avg 4.2749) | lr 0.010000 | seq 16
  [aml] step 50/120 | loss 3.0124 (avg 4.2848) | lr 0.010000 | seq 16
  [aml] step 60/120 | loss 4.1746 (avg 4.2969) | lr 0.010000 | seq 16
  [aml] step 70/120 | loss 4.3160 (avg 4.2321) | lr 0.010000 | seq 16
  [aml] step 80/120 | loss 4.8573 (avg 4.1864) | lr 0.009999 | seq 16
  [aml] step 90/120 | loss 4.6044 (avg 4.0868) | lr 0.009999 | seq 16
  [aml] step 100/120 | loss 4.0831 (avg 4.0374) | lr 0.009999 | seq 16
  [aml] step 110/120 | loss 5.2455 (avg 3.9655) | lr 0.009999 | seq 16
[aml] training complete: 120 steps, avg loss 3.9850 (memory freed)
  [aml] step 0/120 | loss 3.1084 (avg 3.1084) | lr 0.009999 | seq 32
  [aml] step 10/120 | loss 4.9773 (avg 4.1327) | lr 0.009999 | seq 32
  [aml] step 20/120 | loss 4.6253 (avg 4.0082) | lr 0.009999 | seq 32
  [aml] step 30/120 | loss 4.0081 (avg 3.7126) | lr 0.009999 | seq 32
  [aml] step 40/120 | loss 3.9260 (avg 3.6152) | lr 0.009999 | seq 32
  [aml] step 50/120 | loss 4.1107 (avg 3.5611) | lr 0.009999 | seq 32
  [aml] step 60/120 | loss 2.8064 (avg 3.4768) | lr 0.009999 | seq 32
  [aml] step 70/120 | loss 1.3914 (avg 3.4266) | lr 0.009999 | seq 32
  [aml] step 80/120 | loss 4.5009 (avg 3.4144) | lr 0.009999 | seq 32
  [aml] step 90/120 | loss 1.5833 (avg 3.3597) | lr 0.009999 | seq 32
  [aml] step 100/120 | loss 0.8728 (avg 3.3647) | lr 0.009999 | seq 32
  [aml] step 110/120 | loss 0.9009 (avg 3.2357) | lr 0.009999 | seq 32
[aml] training complete: 120 steps, avg loss 3.1341 (memory freed)

[stage 0 — embryo] What it sounds like now:
  Q: Hello.
  A: Calcite dissolve from the precip of the base of sediment lesson of What is a The about precious.
  Q: Who are you?
  A: A stone made into rounding of the to roof, formed under stable larguis a firm to the backbone butte, and means hill — it is a rocks, the mass.
  Q: What do you know?
  A: A flat erosion has shoreline, and stormal subsider than stone?

[growth] ONTOGENESIS: stage 0 -> 1
  embd: 16 -> 32, layer: 1 -> 1, head: 1 -> 2
[growth] Done. Freeze for 500 steps.
[init] Stage 1 (infant): embd=32, layer=1, head=2 — warmup 800 steps (800 backprop + 0 notorch, sqrt-scaled 2x)
  [aml] step 0/320 | loss 4.6893 (avg 4.6893) | lr 0.000500 | seq 8
  [aml] step 10/320 | loss 1.2308 (avg 4.2682) | lr 0.000725 | seq 8
  [aml] step 20/320 | loss 0.5512 (avg 3.9209) | lr 0.000950 | seq 8
  [aml] step 30/320 | loss 3.8891 (avg 3.9898) | lr 0.001175 | seq 8
  [aml] step 40/320 | loss 5.1191 (avg 4.0148) | lr 0.001400 | seq 8
  [aml] step 50/320 | loss 3.3432 (avg 4.0964) | lr 0.001625 | seq 8
  [aml] step 60/320 | loss 4.2074 (avg 4.0282) | lr 0.001850 | seq 8
  [aml] step 70/320 | loss 1.1530 (avg 4.0272) | lr 0.002075 | seq 8
  [aml] step 80/320 | loss 4.3703 (avg 4.0109) | lr 0.002300 | seq 8
  [aml] step 90/320 | loss 4.3247 (avg 3.9063) | lr 0.002525 | seq 8
  [aml] step 100/320 | loss 4.2287 (avg 3.8579) | lr 0.002750 | seq 8
  [aml] step 110/320 | loss 2.8043 (avg 3.8532) | lr 0.002975 | seq 8
  [aml] step 120/320 | loss 3.7559 (avg 3.8532) | lr 0.003200 | seq 8
  [aml] step 130/320 | loss 3.9402 (avg 3.8168) | lr 0.003425 | seq 8
  [aml] step 140/320 | loss 5.0120 (avg 3.8302) | lr 0.003650 | seq 8
  [aml] step 150/320 | loss 1.3400 (avg 3.7777) | lr 0.003875 | seq 8
  [aml] step 160/320 | loss 2.6985 (avg 3.8069) | lr 0.004100 | seq 8
  [aml] step 170/320 | loss 0.8695 (avg 3.7196) | lr 0.004325 | seq 8
  [aml] step 180/320 | loss 4.0284 (avg 3.7113) | lr 0.004550 | seq 8
  [aml] step 190/320 | loss 0.3284 (avg 3.6870) | lr 0.004775 | seq 8
  [aml] step 200/320 | loss 5.2781 (avg 3.6777) | lr 0.004998 | seq 8
  [aml] step 210/320 | loss 1.3756 (avg 3.6814) | lr 0.004998 | seq 8
  [aml] step 220/320 | loss 5.2364 (avg 3.6987) | lr 0.004998 | seq 8
  [aml] step 230/320 | loss 4.1904 (avg 3.6807) | lr 0.004998 | seq 8
  [aml] step 240/320 | loss 4.4835 (avg 3.6962) | lr 0.004998 | seq 8
  [aml] step 250/320 | loss 3.7330 (avg 3.7057) | lr 0.004998 | seq 8
  [aml] step 260/320 | loss 0.8784 (avg 3.6747) | lr 0.004998 | seq 8
  [aml] step 270/320 | loss 5.9428 (avg 3.6949) | lr 0.004998 | seq 8
  [aml] step 280/320 | loss 3.0066 (avg 3.6852) | lr 0.004998 | seq 8
  [aml] step 290/320 | loss 2.0444 (avg 3.6715) | lr 0.004998 | seq 8
  [aml] step 300/320 | loss 3.2345 (avg 3.6674) | lr 0.004998 | seq 8
  [aml] step 310/320 | loss 3.8334 (avg 3.6361) | lr 0.004998 | seq 8
[aml] training complete: 320 steps, avg loss 3.6342 (memory freed)
  [aml] step 0/240 | loss 3.7283 (avg 3.7283) | lr 0.004998 | seq 16
  [aml] step 10/240 | loss 3.7343 (avg 3.3600) | lr 0.004998 | seq 16
  [aml] step 20/240 | loss 4.7513 (avg 3.4212) | lr 0.004998 | seq 16
  [aml] step 30/240 | loss 1.2775 (avg 3.0323) | lr 0.004998 | seq 16
  [aml] step 40/240 | loss 1.7892 (avg 3.3675) | lr 0.004997 | seq 16
  [aml] step 50/240 | loss 5.0989 (avg 3.2833) | lr 0.004997 | seq 16
  [aml] step 60/240 | loss 1.9964 (avg 3.2763) | lr 0.004997 | seq 16
  [aml] step 70/240 | loss 4.7435 (avg 3.2709) | lr 0.004997 | seq 16
  [aml] step 80/240 | loss 4.9304 (avg 3.3126) | lr 0.004997 | seq 16
  [aml] step 90/240 | loss 0.9017 (avg 3.3155) | lr 0.004997 | seq 16
  [aml] step 100/240 | loss 2.1788 (avg 3.3789) | lr 0.004997 | seq 16
  [aml] step 110/240 | loss 3.7416 (avg 3.3711) | lr 0.004997 | seq 16
  [aml] step 120/240 | loss 1.3808 (avg 3.3795) | lr 0.004997 | seq 16
  [aml] step 130/240 | loss 4.4910 (avg 3.4102) | lr 0.004997 | seq 16
  [aml] step 140/240 | loss 4.7096 (avg 3.3682) | lr 0.004997 | seq 16
  [aml] step 150/240 | loss 3.1100 (avg 3.3218) | lr 0.004997 | seq 16
  [aml] step 160/240 | loss 4.5691 (avg 3.3533) | lr 0.004997 | seq 16
  [aml] step 170/240 | loss 2.9018 (avg 3.3652) | lr 0.004996 | seq 16
  [aml] step 180/240 | loss 2.5518 (avg 3.3627) | lr 0.004996 | seq 16
  [aml] step 190/240 | loss 1.4122 (avg 3.3642) | lr 0.004996 | seq 16
  [aml] step 200/240 | loss 4.2435 (avg 3.3436) | lr 0.004996 | seq 16
  [aml] step 210/240 | loss 4.4729 (avg 3.3651) | lr 0.004996 | seq 16
  [aml] step 220/240 | loss 3.5922 (avg 3.3676) | lr 0.004996 | seq 16
  [aml] step 230/240 | loss 1.9600 (avg 3.3453) | lr 0.004996 | seq 16
[aml] training complete: 240 steps, avg loss 3.3334 (memory freed)
  [aml] step 0/240 | loss 1.8589 (avg 1.8589) | lr 0.004996 | seq 32
  [aml] step 10/240 | loss 1.6962 (avg 2.6144) | lr 0.004996 | seq 32
  [aml] step 20/240 | loss 4.0432 (avg 2.8773) | lr 0.004996 | seq 32
  [aml] step 30/240 | loss 1.2140 (avg 2.7746) | lr 0.004996 | seq 32
  [aml] step 40/240 | loss 4.1098 (avg 2.8052) | lr 0.004996 | seq 32
  [aml] step 50/240 | loss 1.7620 (avg 2.7383) | lr 0.004995 | seq 32
  [aml] step 60/240 | loss 0.9914 (avg 2.8011) | lr 0.004995 | seq 32
  [aml] step 70/240 | loss 0.9016 (avg 2.7071) | lr 0.004995 | seq 32
  [aml] step 80/240 | loss 4.6690 (avg 2.7015) | lr 0.004995 | seq 32
  [aml] step 90/240 | loss 4.1187 (avg 2.6824) | lr 0.004995 | seq 32
  [aml] step 100/240 | loss 3.6246 (avg 2.7448) | lr 0.004995 | seq 32
  [aml] step 110/240 | loss 1.4671 (avg 2.6507) | lr 0.004995 | seq 32
  [aml] step 120/240 | loss 3.7830 (avg 2.6503) | lr 0.004995 | seq 32
  [aml] step 130/240 | loss 0.9254 (avg 2.5734) | lr 0.004995 | seq 32
  [aml] step 140/240 | loss 4.1379 (avg 2.6481) | lr 0.004995 | seq 32
  [aml] step 150/240 | loss 1.3145 (avg 2.6237) | lr 0.004995 | seq 32
  [aml] step 160/240 | loss 3.9928 (avg 2.6019) | lr 0.004994 | seq 32
  [aml] step 170/240 | loss 1.2663 (avg 2.6080) | lr 0.004994 | seq 32
  [aml] step 180/240 | loss 1.1429 (avg 2.6275) | lr 0.004994 | seq 32
  [aml] step 190/240 | loss 2.2767 (avg 2.6173) | lr 0.004994 | seq 32
  [aml] step 200/240 | loss 1.0010 (avg 2.6066) | lr 0.004994 | seq 32
  [aml] step 210/240 | loss 0.7371 (avg 2.6057) | lr 0.004994 | seq 32
  [aml] step 220/240 | loss 1.3153 (avg 2.6018) | lr 0.004994 | seq 32
  [aml] step 230/240 | loss 3.6610 (avg 2.6128) | lr 0.004994 | seq 32
[aml] training complete: 240 steps, avg loss 2.5767 (memory freed)

[stage 1 — infant] What it sounds like now:
  Q: Hello.
  A: They are the surface rests, and melt?
  Q: Who are you?
  A: ...
  Q: What do you know?
  A: ...

[growth] ONTOGENESIS: stage 1 -> 2
  embd: 32 -> 64, layer: 1 -> 2, head: 2 -> 4
[growth] Done. Freeze for 500 steps.
[init] Stage 2 (child): embd=64, layer=2, head=4 — warmup 800 steps (800 backprop + 0 notorch, sqrt-scaled 2x)
  [aml] step 0/320 | loss 1.3792 (avg 1.3792) | lr 0.000250 | seq 8
  [aml] step 10/320 | loss 1.2416 (avg 4.2849) | lr 0.000363 | seq 8
  [aml] step 20/320 | loss 5.7668 (avg 4.4226) | lr 0.000475 | seq 8
  [aml] step 30/320 | loss 4.3692 (avg 4.0418) | lr 0.000588 | seq 8
  [aml] step 40/320 | loss 4.4312 (avg 3.6907) | lr 0.000700 | seq 8
  [aml] step 50/320 | loss 4.5590 (avg 3.7343) | lr 0.000813 | seq 8
  [aml] step 60/320 | loss 3.7193 (avg 3.6865) | lr 0.000925 | seq 8
  [aml] step 70/320 | loss 1.9464 (avg 3.6540) | lr 0.001038 | seq 8
  [aml] step 80/320 | loss 0.4069 (avg 3.5919) | lr 0.001150 | seq 8
  [aml] step 90/320 | loss 3.7492 (avg 3.5386) | lr 0.001263 | seq 8
  [aml] step 100/320 | loss 4.2646 (avg 3.4696) | lr 0.001375 | seq 8
  [aml] step 110/320 | loss 4.8691 (avg 3.4895) | lr 0.001488 | seq 8
  [aml] step 120/320 | loss 1.6026 (avg 3.5056) | lr 0.001600 | seq 8
  [aml] step 130/320 | loss 3.0383 (avg 3.5409) | lr 0.001713 | seq 8
  [aml] step 140/320 | loss 3.2020 (avg 3.4753) | lr 0.001825 | seq 8
  [aml] step 150/320 | loss 1.1233 (avg 3.4481) | lr 0.001938 | seq 8
  [aml] step 160/320 | loss 4.6917 (avg 3.4600) | lr 0.002050 | seq 8
  [aml] step 170/320 | loss 4.8880 (avg 3.4555) | lr 0.002163 | seq 8
  [aml] step 180/320 | loss 1.5101 (avg 3.4216) | lr 0.002275 | seq 8
  [aml] step 190/320 | loss 0.2625 (avg 3.4329) | lr 0.002387 | seq 8
  [aml] step 200/320 | loss 4.4573 (avg 3.4210) | lr 0.002496 | seq 8
  [aml] step 210/320 | loss 0.2015 (avg 3.3787) | lr 0.002496 | seq 8
  [aml] step 220/320 | loss 4.2115 (avg 3.3686) | lr 0.002496 | seq 8
  [aml] step 230/320 | loss 4.9862 (avg 3.3670) | lr 0.002495 | seq 8
  [aml] step 240/320 | loss 2.2055 (avg 3.3854) | lr 0.002495 | seq 8
  [aml] step 250/320 | loss 1.7949 (avg 3.3718) | lr 0.002495 | seq 8
  [aml] step 260/320 | loss 3.2509 (avg 3.3908) | lr 0.002495 | seq 8
  [aml] step 270/320 | loss 2.3244 (avg 3.3877) | lr 0.002495 | seq 8
  [aml] step 280/320 | loss 3.7929 (avg 3.3965) | lr 0.002495 | seq 8
  [aml] step 290/320 | loss 4.9892 (avg 3.4068) | lr 0.002495 | seq 8
  [aml] step 300/320 | loss 0.4466 (avg 3.4087) | lr 0.002495 | seq 8
  [aml] step 310/320 | loss 2.1494 (avg 3.3770) | lr 0.002495 | seq 8
[aml] training complete: 320 steps, avg loss 3.3604 (memory freed)
  [aml] step 0/240 | loss 1.7247 (avg 1.7247) | lr 0.002495 | seq 16
  [aml] step 10/240 | loss 4.2228 (avg 2.7580) | lr 0.002495 | seq 16
  [aml] step 20/240 | loss 4.5430 (avg 3.3608) | lr 0.002495 | seq 16
  [aml] step 30/240 | loss 2.7049 (avg 3.4207) | lr 0.002495 | seq 16
  [aml] step 40/240 | loss 1.2605 (avg 3.2422) | lr 0.002495 | seq 16
  [aml] step 50/240 | loss 1.1470 (avg 3.2900) | lr 0.002495 | seq 16
  [aml] step 60/240 | loss 2.3137 (avg 3.2352) | lr 0.002494 | seq 16
  [aml] step 70/240 | loss 4.3045 (avg 3.2496) | lr 0.002494 | seq 16
  [aml] step 80/240 | loss 4.5771 (avg 3.3006) | lr 0.002494 | seq 16
  [aml] step 90/240 | loss 1.7432 (avg 3.3403) | lr 0.002494 | seq 16
  [aml] step 100/240 | loss 4.6239 (avg 3.3741) | lr 0.002494 | seq 16
  [aml] step 110/240 | loss 4.5914 (avg 3.3188) | lr 0.002494 | seq 16
  [aml] step 120/240 | loss 3.2529 (avg 3.2482) | lr 0.002494 | seq 16
  [aml] step 130/240 | loss 2.8494 (avg 3.2640) | lr 0.002494 | seq 16
  [aml] step 140/240 | loss 2.1832 (avg 3.2119) | lr 0.002494 | seq 16
  [aml] step 150/240 | loss 4.5143 (avg 3.1611) | lr 0.002494 | seq 16
  [aml] step 160/240 | loss 2.7452 (avg 3.1604) | lr 0.002494 | seq 16
  [aml] step 170/240 | loss 4.0484 (avg 3.1793) | lr 0.002494 | seq 16
  [aml] step 180/240 | loss 4.1511 (avg 3.1801) | lr 0.002494 | seq 16
  [aml] step 190/240 | loss 0.8529 (avg 3.1491) | lr 0.002494 | seq 16
  [aml] step 200/240 | loss 1.2398 (avg 3.1438) | lr 0.002493 | seq 16
  [aml] step 210/240 | loss 1.7930 (avg 3.1050) | lr 0.002493 | seq 16
  [aml] step 220/240 | loss 5.0531 (avg 3.1252) | lr 0.002493 | seq 16
  [aml] step 230/240 | loss 1.6191 (avg 3.0973) | lr 0.002493 | seq 16
[aml] training complete: 240 steps, avg loss 3.0713 (memory freed)
  [aml] step 0/240 | loss 2.3936 (avg 2.3936) | lr 0.002493 | seq 32
  [aml] step 10/240 | loss 4.0770 (avg 2.6698) | lr 0.002493 | seq 32
  [aml] step 20/240 | loss 4.1404 (avg 2.7260) | lr 0.002493 | seq 32
  [aml] step 30/240 | loss 4.6012 (avg 2.5529) | lr 0.002493 | seq 32
  [aml] step 40/240 | loss 4.1469 (avg 2.6435) | lr 0.002493 | seq 32
  [aml] step 50/240 | loss 4.0758 (avg 2.6447) | lr 0.002493 | seq 32
  [aml] step 60/240 | loss 4.8880 (avg 2.7336) | lr 0.002493 | seq 32
  [aml] step 70/240 | loss 4.6407 (avg 2.7793) | lr 0.002493 | seq 32
  [aml] step 80/240 | loss 4.5848 (avg 2.7126) | lr 0.002492 | seq 32
  [aml] step 90/240 | loss 2.4601 (avg 2.7218) | lr 0.002492 | seq 32
  [aml] step 100/240 | loss 4.0261 (avg 2.7297) | lr 0.002492 | seq 32
  [aml] step 110/240 | loss 4.6607 (avg 2.7620) | lr 0.002492 | seq 32
  [aml] step 120/240 | loss 0.9842 (avg 2.7580) | lr 0.002492 | seq 32
  [aml] step 130/240 | loss 1.3683 (avg 2.7400) | lr 0.002492 | seq 32
  [aml] step 140/240 | loss 1.6011 (avg 2.7023) | lr 0.002492 | seq 32
  [aml] step 150/240 | loss 0.4219 (avg 2.7405) | lr 0.002492 | seq 32
  [aml] step 160/240 | loss 1.5454 (avg 2.7318) | lr 0.002492 | seq 32
  [aml] step 170/240 | loss 4.1514 (avg 2.7223) | lr 0.002492 | seq 32
  [aml] step 180/240 | loss 0.9062 (avg 2.7005) | lr 0.002492 | seq 32
  [aml] step 190/240 | loss 0.8267 (avg 2.6987) | lr 0.002492 | seq 32
  [aml] step 200/240 | loss 4.0105 (avg 2.6765) | lr 0.002491 | seq 32
  [aml] step 210/240 | loss 1.2853 (avg 2.6353) | lr 0.002491 | seq 32
  [aml] step 220/240 | loss 1.6414 (avg 2.5925) | lr 0.002491 | seq 32
  [aml] step 230/240 | loss 3.8108 (avg 2.5873) | lr 0.002491 | seq 32
[aml] training complete: 240 steps, avg loss 2.5920 (memory freed)

[stage 2 — child] What it sounds like now:
  Q: Hello.
  A: States, species, disting blarge, the lesson of gravity?
  Q: Who are you?
  A: ...
  Q: What do you know?
  A: or wedges. The river' What is the connection the san from the smooth.

[init] Warmup complete at stage 2. Organism ready.
[ecology] First organism in the swarm.
molequla is alive. [evolution] Autonomous mode — background trainer running. Ctrl+C to stop.
[dna] earth wrote 89 bytes to ecology
[dna] earth wrote 31 bytes to ecology
[dna] earth wrote 104 bytes to ecology
[dna] earth wrote 48 bytes to ecology
[dna] earth wrote 26 bytes to ecology
[dna] earth wrote 84 bytes to ecology
[dna] earth wrote 50 bytes to ecology
[dna] earth wrote 72 bytes to ecology
[dna] earth wrote 127 bytes to ecology
[dna] earth wrote 58 bytes to ecology
[dna] earth wrote 114 bytes to ecology
[dna] earth wrote 31 bytes to ecology
[dna] earth wrote 57 bytes to ecology
[dna] earth wrote 66 bytes to ecology
[dna] earth wrote 12 bytes to ecology
[dna] earth wrote 30 bytes to ecology
[dna] earth wrote 13 bytes to ecology
[dna] earth wrote 21 bytes to ecology
[dna] earth wrote 57 bytes to ecology
[dna] earth wrote 27 bytes to ecology
[dna] earth wrote 51 bytes to ecology
[dna] earth wrote 68 bytes to ecology
[dna] earth wrote 108 bytes to ecology
[dna] earth wrote 17 bytes to ecology
[dna] earth wrote 46 bytes to ecology
[dna] earth wrote 76 bytes to ecology
[dna] earth wrote 128 bytes to ecology
[dna] earth wrote 42 bytes to ecology
[dna] earth wrote 20 bytes to ecology
[dna] earth wrote 252 bytes to ecology
[dna] earth wrote 126 bytes to ecology
[dna] earth wrote 74 bytes to ecology
[dna] earth wrote 23 bytes to ecology
[dna] earth wrote 35 bytes to ecology
[debug-onto] tick=50 corpus=173643 stage=2 freeze=0
[dna] earth wrote 52 bytes to ecology
[dna] earth wrote 27 bytes to ecology
[dna] earth wrote 61 bytes to ecology
[dna] earth wrote 59 bytes to ecology
[dna] earth wrote 59 bytes to ecology
[dna] earth wrote 52 bytes to ecology
[dna] earth wrote 47 bytes to ecology
[dna] earth wrote 161 bytes to ecology
[dna] earth wrote 44 bytes to ecology
[dna] earth wrote 69 bytes to ecology
[dna] earth wrote 34 bytes to ecology
[dna] earth wrote 45 bytes to ecology
[dna] earth wrote 135 bytes to ecology
[dna] earth wrote 43 bytes to ecology
[dna] earth wrote 86 bytes to ecology
[dna] earth wrote 19 bytes to ecology
[dna] earth wrote 172 bytes to ecology
[dna] earth wrote 78 bytes to ecology
[dna] earth wrote 20 bytes to ecology
[dna] earth wrote 50 bytes to ecology
[dna] earth wrote 84 bytes to ecology
[dna] earth wrote 43 bytes to ecology
[dna] earth wrote 199 bytes to ecology
[dna] earth wrote 43 bytes to ecology
[dna] earth wrote 13 bytes to ecology
[dna] earth wrote 76 bytes to ecology
[dna] earth wrote 91 bytes to ecology
[dna] earth wrote 65 bytes to ecology
[dna] earth wrote 120 bytes to ecology
[dna] earth wrote 166 bytes to ecology
[dna] earth wrote 149 bytes to ecology
[dna] earth wrote 31 bytes to ecology
[dna] earth wrote 73 bytes to ecology
[dna] earth wrote 243 bytes to ecology
[dna] earth wrote 45 bytes to ecology
[dna] earth wrote 26 bytes to ecology
[dna] earth wrote 68 bytes to ecology
[debug-onto] tick=100 corpus=173643 stage=2 freeze=0
[dna] earth wrote 184 bytes to ecology
[dna] earth wrote 163 bytes to ecology
[dna] earth wrote 89 bytes to ecology
[dna] earth wrote 56 bytes to ecology
[dna] earth wrote 152 bytes to ecology
[dna] earth wrote 40 bytes to ecology
[dna] earth wrote 155 bytes to ecology
[dna] earth wrote 112 bytes to ecology
[dna] earth wrote 25 bytes to ecology
[dna] earth wrote 154 bytes to ecology
[dna] earth wrote 95 bytes to ecology
[dna] earth wrote 20 bytes to ecology
[dna] earth wrote 217 bytes to ecology
[dna] earth wrote 40 bytes to ecology
[dna] earth wrote 90 bytes to ecology
[dna] earth wrote 122 bytes to ecology
[dna] earth wrote 28 bytes to ecology
[dna] earth wrote 25 bytes to ecology
[dna] earth wrote 278 bytes to ecology
[dna] earth wrote 51 bytes to ecology
[dna] earth wrote 79 bytes to ecology
[dna] earth wrote 109 bytes to ecology
[dna] earth wrote 58 bytes to ecology
[dna] earth wrote 135 bytes to ecology
[dna] earth wrote 32 bytes to ecology
[dna] earth wrote 145 bytes to ecology
[dna] earth wrote 59 bytes to ecology
[dna] earth wrote 32 bytes to ecology
[dna] earth wrote 29 bytes to ecology
[dna] earth wrote 25 bytes to ecology
[dna] earth wrote 15 bytes to ecology
[dna] earth wrote 49 bytes to ecology
[dna] earth wrote 33 bytes to ecology
[dna] earth wrote 36 bytes to ecology
[dna] earth wrote 54 bytes to ecology
[dna] earth wrote 48 bytes to ecology
[debug-onto] tick=150 corpus=173643 stage=2 freeze=0
[dna] earth wrote 227 bytes to ecology
[dna] earth wrote 32 bytes to ecology
[dna] earth wrote 43 bytes to ecology
[dna] earth wrote 57 bytes to ecology
[dna] earth wrote 37 bytes to ecology
[dna] earth wrote 36 bytes to ecology
[dna] earth wrote 112 bytes to ecology
[dna] earth wrote 18 bytes to ecology
[dna] earth wrote 175 bytes to ecology
[dna] earth wrote 38 bytes to ecology
[dna] earth wrote 65 bytes to ecology
[dna] earth wrote 20 bytes to ecology
[dna] earth wrote 54 bytes to ecology
[dna] earth wrote 131 bytes to ecology
[dna] earth wrote 55 bytes to ecology
[dna] earth wrote 66 bytes to ecology
[dna] earth wrote 32 bytes to ecology
[dna] earth wrote 43 bytes to ecology
[dna] earth wrote 147 bytes to ecology
[dna] earth wrote 24 bytes to ecology
[dna] earth wrote 56 bytes to ecology
[dna] earth wrote 97 bytes to ecology
[dna] earth wrote 62 bytes to ecology
[dna] earth wrote 34 bytes to ecology
[dna] earth wrote 45 bytes to ecology
[dna] earth wrote 33 bytes to ecology
[dna] earth wrote 16 bytes to ecology
[dna] earth wrote 107 bytes to ecology
[dna] earth wrote 210 bytes to ecology
[dna] earth wrote 144 bytes to ecology
[dna] earth wrote 33 bytes to ecology
[dna] earth wrote 49 bytes to ecology
[dna] earth wrote 44 bytes to ecology
[dna] earth wrote 156 bytes to ecology
[dna] earth wrote 147 bytes to ecology
[dna] earth wrote 56 bytes to ecology
[debug-onto] tick=200 corpus=173643 stage=2 freeze=0
[dna] earth wrote 36 bytes to ecology
[dna] earth wrote 34 bytes to ecology
[dna] earth wrote 19 bytes to ecology
[dna] earth wrote 95 bytes to ecology
[dna] earth wrote 74 bytes to ecology
[dna] earth wrote 54 bytes to ecology
[dna] earth wrote 13 bytes to ecology
[dna] earth wrote 84 bytes to ecology
[dna] earth wrote 149 bytes to ecology
[dna] earth wrote 80 bytes to ecology
[dna] earth wrote 292 bytes to ecology
[dna] earth wrote 105 bytes to ecology
[dna] earth wrote 35 bytes to ecology
[dna] earth wrote 101 bytes to ecology
[dna] earth wrote 81 bytes to ecology
[dna] earth wrote 21 bytes to ecology
[dna] earth wrote 37 bytes to ecology
[dna] earth wrote 80 bytes to ecology
[dna] earth wrote 10 bytes to ecology
[dna] earth wrote 150 bytes to ecology
[dna] earth wrote 52 bytes to ecology
[dna] earth wrote 116 bytes to ecology
[dna] earth wrote 128 bytes to ecology
[dna] earth wrote 24 bytes to ecology
[dna] earth wrote 126 bytes to ecology
[dna] earth wrote 25 bytes to ecology
[dna] earth wrote 47 bytes to ecology
[dna] earth wrote 41 bytes to ecology
[dna] earth wrote 50 bytes to ecology
[dna] earth wrote 63 bytes to ecology
[dna] earth wrote 51 bytes to ecology
[dna] earth wrote 32 bytes to ecology
[dna] earth wrote 92 bytes to ecology
[dna] earth wrote 30 bytes to ecology
[debug-onto] tick=250 corpus=173643 stage=2 freeze=0
[dna] earth wrote 62 bytes to ecology
[dna] earth wrote 73 bytes to ecology
[dna] earth wrote 20 bytes to ecology
[dna] earth wrote 29 bytes to ecology
[dna] earth wrote 115 bytes to ecology
[dna] earth wrote 38 bytes to ecology
[dna] earth wrote 114 bytes to ecology
[dna] earth wrote 109 bytes to ecology
[dna] earth wrote 140 bytes to ecology
[dna] earth wrote 90 bytes to ecology
[dna] earth wrote 39 bytes to ecology
[dna] earth wrote 63 bytes to ecology
[dna] earth wrote 52 bytes to ecology
[dna] earth wrote 40 bytes to ecology
[dna] earth wrote 32 bytes to ecology
[dna] earth wrote 34 bytes to ecology
[dna] earth wrote 64 bytes to ecology
[dna] earth wrote 97 bytes to ecology
[dna] earth wrote 51 bytes to ecology
[dna] earth wrote 38 bytes to ecology
[dna] earth wrote 23 bytes to ecology
[dna] earth wrote 198 bytes to ecology
[dna] earth wrote 126 bytes to ecology
[dna] earth wrote 88 bytes to ecology
[dna] earth wrote 52 bytes to ecology
[dna] earth wrote 26 bytes to ecology
[dna] earth wrote 127 bytes to ecology
[dna] earth wrote 107 bytes to ecology
[dna] earth wrote 99 bytes to ecology
[dna] earth wrote 103 bytes to ecology
[dna] earth wrote 97 bytes to ecology
[dna] earth wrote 83 bytes to ecology
[dna] earth wrote 29 bytes to ecology
[dna] earth wrote 60 bytes to ecology
[dna] earth wrote 46 bytes to ecology
[debug-onto] tick=300 corpus=173643 stage=2 freeze=0
[dna] earth wrote 135 bytes to ecology
[dna] earth wrote 25 bytes to ecology
[dna] earth wrote 81 bytes to ecology
[dna] earth wrote 27 bytes to ecology
[dna] earth wrote 27 bytes to ecology
[dna] earth wrote 32 bytes to ecology
[dna] earth wrote 26 bytes to ecology
[dna] earth wrote 41 bytes to ecology
[dna] earth wrote 68 bytes to ecology
[dna] earth wrote 55 bytes to ecology
[dna] earth wrote 118 bytes to ecology
[dna] earth wrote 33 bytes to ecology
[dna] earth wrote 70 bytes to ecology
[dna] earth wrote 53 bytes to ecology
[dna] earth wrote 25 bytes to ecology
[dna] earth wrote 30 bytes to ecology
[dna] earth wrote 151 bytes to ecology
[dna] earth wrote 37 bytes to ecology
[dna] earth wrote 80 bytes to ecology
[dna] earth wrote 339 bytes to ecology
[dna] earth wrote 113 bytes to ecology
[dna] earth wrote 45 bytes to ecology
[dna] earth wrote 12 bytes to ecology
[dna] earth wrote 60 bytes to ecology
[dna] earth wrote 30 bytes to ecology
[dna] earth wrote 27 bytes to ecology
[dna] earth wrote 95 bytes to ecology
[dna] earth wrote 10 bytes to ecology
[dna] earth wrote 64 bytes to ecology
[dna] earth wrote 23 bytes to ecology
[dna] earth wrote 106 bytes to ecology
[dna] earth wrote 128 bytes to ecology
[dna] earth wrote 68 bytes to ecology
[dna] earth wrote 123 bytes to ecology
[dna] earth wrote 19 bytes to ecology
[dna] earth wrote 31 bytes to ecology
[dna] earth wrote 48 bytes to ecology
[debug-onto] tick=350 corpus=173643 stage=2 freeze=0
[dna] earth wrote 28 bytes to ecology
[dna] earth wrote 151 bytes to ecology
[dna] earth wrote 66 bytes to ecology
[dna] earth wrote 138 bytes to ecology
[dna] earth wrote 86 bytes to ecology
[dna] earth wrote 140 bytes to ecology
[dna] earth wrote 24 bytes to ecology
[dna] earth wrote 44 bytes to ecology
[dna] earth wrote 18 bytes to ecology
[dna] earth wrote 49 bytes to ecology
[dna] earth wrote 25 bytes to ecology
[dna] earth wrote 31 bytes to ecology
[dna] earth wrote 81 bytes to ecology
[dna] earth wrote 106 bytes to ecology
[dna] earth wrote 45 bytes to ecology
[dna] earth wrote 23 bytes to ecology
[dna] earth wrote 38 bytes to ecology
[dna] earth wrote 51 bytes to ecology
[dna] earth wrote 24 bytes to ecology
[dna] earth wrote 37 bytes to ecology
[dna] earth wrote 33 bytes to ecology
[dna] earth wrote 51 bytes to ecology
[dna] earth wrote 53 bytes to ecology
[dna] earth wrote 29 bytes to ecology
[dna] earth wrote 60 bytes to ecology
[dna] earth wrote 35 bytes to ecology
[dna] earth wrote 116 bytes to ecology
[dna] earth wrote 27 bytes to ecology
[dna] earth wrote 134 bytes to ecology
[dna] earth wrote 69 bytes to ecology
[dna] earth wrote 16 bytes to ecology
[dna] earth wrote 41 bytes to ecology
[dna] earth wrote 54 bytes to ecology
[dna] earth wrote 83 bytes to ecology
[dna] earth wrote 69 bytes to ecology
[dna] earth wrote 123 bytes to ecology
[debug-onto] tick=400 corpus=173643 stage=2 freeze=0
[dna] earth wrote 149 bytes to ecology
[dna] earth wrote 33 bytes to ecology
[dna] earth wrote 51 bytes to ecology
[dna] earth wrote 22 bytes to ecology
[dna] earth wrote 19 bytes to ecology
[dna] earth wrote 161 bytes to ecology
[dna] earth wrote 60 bytes to ecology
[dna] earth wrote 137 bytes to ecology
[dna] earth wrote 61 bytes to ecology
[dna] earth wrote 60 bytes to ecology
[dna] earth wrote 59 bytes to ecology
[dna] earth wrote 37 bytes to ecology
[dna] earth wrote 45 bytes to ecology
[dna] earth wrote 190 bytes to ecology
[dna] earth wrote 90 bytes to ecology
[dna] earth wrote 46 bytes to ecology
[dna] earth wrote 10 bytes to ecology
[dna] earth wrote 50 bytes to ecology
[dna] earth wrote 45 bytes to ecology
[dna] earth wrote 46 bytes to ecology
[dna] earth wrote 17 bytes to ecology
[dna] earth wrote 102 bytes to ecology
[dna] earth wrote 35 bytes to ecology
[dna] earth wrote 136 bytes to ecology
[dna] earth wrote 71 bytes to ecology
[dna] earth wrote 51 bytes to ecology
[dna] earth wrote 29 bytes to ecology
[dna] earth wrote 120 bytes to ecology
[dna] earth wrote 53 bytes to ecology
[dna] earth wrote 39 bytes to ecology
[dna] earth wrote 125 bytes to ecology
[dna] earth wrote 68 bytes to ecology
[dna] earth wrote 59 bytes to ecology
[dna] earth wrote 123 bytes to ecology
[debug-onto] tick=450 corpus=173643 stage=2 freeze=0
[dna] earth wrote 41 bytes to ecology
[dna] earth wrote 24 bytes to ecology
[dna] earth wrote 59 bytes to ecology
[dna] earth wrote 12 bytes to ecology
[dna] earth wrote 77 bytes to ecology
[dna] earth wrote 52 bytes to ecology
[dna] earth wrote 203 bytes to ecology
[dna] earth wrote 42 bytes to ecology
[dna] earth wrote 37 bytes to ecology
[dna] earth wrote 7 bytes to ecology
[dna] earth wrote 18 bytes to ecology
[dna] earth wrote 34 bytes to ecology
[dna] earth wrote 9 bytes to ecology
[dna] earth wrote 26 bytes to ecology
[dna] earth wrote 95 bytes to ecology
[dna] earth wrote 5 bytes to ecology
[dna] earth wrote 87 bytes to ecology
[dna] earth wrote 54 bytes to ecology
[dna] earth wrote 10 bytes to ecology
[dna] earth wrote 43 bytes to ecology
[dna] earth wrote 62 bytes to ecology
[dna] earth wrote 71 bytes to ecology
[dna] earth wrote 80 bytes to ecology
[dna] earth wrote 88 bytes to ecology
[dna] earth wrote 14 bytes to ecology
[dna] earth wrote 155 bytes to ecology
[dna] earth wrote 49 bytes to ecology
[dna] earth wrote 68 bytes to ecology
[dna] earth wrote 63 bytes to ecology
[dna] earth wrote 114 bytes to ecology
[dna] earth wrote 48 bytes to ecology
[dna] earth wrote 134 bytes to ecology
[dna] earth wrote 131 bytes to ecology
[dna] earth wrote 72 bytes to ecology
[dna] earth wrote 24 bytes to ecology
[dna] earth wrote 5 bytes to ecology
[dna] earth wrote 30 bytes to ecology
[debug-onto] tick=500 corpus=173643 stage=2 freeze=0
[dna] earth wrote 206 bytes to ecology
[dna] earth wrote 95 bytes to ecology
[dna] earth wrote 101 bytes to ecology
[dna] earth wrote 37 bytes to ecology
[dna] earth wrote 102 bytes to ecology
[dna] earth wrote 51 bytes to ecology
[dna] earth wrote 26 bytes to ecology
[dna] earth wrote 98 bytes to ecology
[dna] earth wrote 83 bytes to ecology
[dna] earth wrote 106 bytes to ecology
[dna] earth wrote 34 bytes to ecology
[dna] earth wrote 30 bytes to ecology
[dna] earth wrote 91 bytes to ecology
[dna] earth wrote 106 bytes to ecology
[dna] earth wrote 11 bytes to ecology
[dna] earth wrote 30 bytes to ecology
[dna] earth wrote 106 bytes to ecology
[dna] earth wrote 40 bytes to ecology
[dna] earth wrote 15 bytes to ecology
[dna] earth wrote 99 bytes to ecology
[dna] earth wrote 51 bytes to ecology
[dna] earth wrote 34 bytes to ecology
[dna] earth wrote 26 bytes to ecology
[dna] earth wrote 92 bytes to ecology
[dna] earth wrote 62 bytes to ecology
[dna] earth wrote 60 bytes to ecology
[dna] earth wrote 44 bytes to ecology
[dna] earth wrote 9 bytes to ecology
[dna] earth wrote 33 bytes to ecology
[dna] earth wrote 91 bytes to ecology
[dna] earth wrote 99 bytes to ecology
[dna] earth wrote 93 bytes to ecology
[dna] earth wrote 56 bytes to ecology
[dna] earth wrote 73 bytes to ecology
[dna] earth wrote 33 bytes to ecology
[debug-onto] tick=550 corpus=173643 stage=2 freeze=0
[dna] earth wrote 102 bytes to ecology
[dna] earth wrote 126 bytes to ecology
[dna] earth wrote 43 bytes to ecology
[dna] earth wrote 137 bytes to ecology
[dna] earth wrote 30 bytes to ecology
[dna] earth wrote 72 bytes to ecology
[dna] earth wrote 44 bytes to ecology
[dna] earth wrote 82 bytes to ecology
[dna] earth wrote 85 bytes to ecology
[dna] earth wrote 74 bytes to ecology
[dna] earth wrote 28 bytes to ecology
[dna] earth wrote 19 bytes to ecology
[dna] earth wrote 100 bytes to ecology
[dna] earth wrote 56 bytes to ecology
[dna] earth wrote 52 bytes to ecology
[dna] earth wrote 20 bytes to ecology
[dna] earth wrote 121 bytes to ecology
[dna] earth wrote 58 bytes to ecology
[dna] earth wrote 68 bytes to ecology
[dna] earth wrote 95 bytes to ecology
[dna] earth wrote 57 bytes to ecology
[dna] earth wrote 213 bytes to ecology
[dna] earth wrote 34 bytes to ecology
[dna] earth wrote 107 bytes to ecology
[dna] earth wrote 70 bytes to ecology
[dna] earth wrote 54 bytes to ecology
[dna] earth wrote 76 bytes to ecology
[dna] earth wrote 65 bytes to ecology
[dna] earth wrote 18 bytes to ecology
[dna] earth wrote 95 bytes to ecology
[dna] earth wrote 14 bytes to ecology
[dna] earth wrote 54 bytes to ecology
[dna] earth wrote 22 bytes to ecology
[dna] earth wrote 58 bytes to ecology
[dna] earth wrote 41 bytes to ecology
[dna] earth wrote 41 bytes to ecology
[debug-onto] tick=600 corpus=173643 stage=2 freeze=0
[dna] earth wrote 60 bytes to ecology
[dna] earth wrote 53 bytes to ecology
[dna] earth wrote 40 bytes to ecology
[dna] earth wrote 147 bytes to ecology
[dna] earth wrote 75 bytes to ecology
[dna] earth wrote 35 bytes to ecology
[dna] earth wrote 23 bytes to ecology
[dna] earth wrote 71 bytes to ecology
[dna] earth wrote 19 bytes to ecology
[dna] earth wrote 42 bytes to ecology
[dna] earth wrote 57 bytes to ecology
[dna] earth wrote 37 bytes to ecology
[dna] earth wrote 50 bytes to ecology
[dna] earth wrote 180 bytes to ecology
[dna] earth wrote 72 bytes to ecology
[dna] earth wrote 73 bytes to ecology
[dna] earth wrote 73 bytes to ecology
[dna] earth wrote 23 bytes to ecology
[dna] earth wrote 113 bytes to ecology
[dna] earth wrote 82 bytes to ecology
[dna] earth wrote 42 bytes to ecology
[dna] earth wrote 147 bytes to ecology
[dna] earth wrote 41 bytes to ecology
[dna] earth wrote 54 bytes to ecology
[dna] earth wrote 207 bytes to ecology
[dna] earth wrote 50 bytes to ecology
[dna] earth wrote 68 bytes to ecology
[dna] earth wrote 35 bytes to ecology
[dna] earth wrote 37 bytes to ecology
[dna] earth wrote 79 bytes to ecology
[dna] earth wrote 84 bytes to ecology
[dna] earth wrote 19 bytes to ecology
[dna] earth wrote 130 bytes to ecology
[dna] earth wrote 49 bytes to ecology
[debug-onto] tick=650 corpus=173643 stage=2 freeze=0
[dna] earth wrote 107 bytes to ecology
[dna] earth wrote 97 bytes to ecology
[dna] earth wrote 58 bytes to ecology
[dna] earth wrote 167 bytes to ecology
[dna] earth wrote 23 bytes to ecology
[dna] earth wrote 150 bytes to ecology
[dna] earth wrote 98 bytes to ecology
[dna] earth wrote 101 bytes to ecology
[dna] earth wrote 10 bytes to ecology
[dna] earth wrote 36 bytes to ecology
[dna] earth wrote 76 bytes to ecology
[dna] earth wrote 151 bytes to ecology
[dna] earth wrote 224 bytes to ecology
[dna] earth wrote 100 bytes to ecology
[dna] earth wrote 49 bytes to ecology
[dna] earth wrote 12 bytes to ecology
[dna] earth wrote 64 bytes to ecology
[dna] earth wrote 29 bytes to ecology
[dna] earth wrote 31 bytes to ecology
[dna] earth wrote 41 bytes to ecology
[dna] earth wrote 43 bytes to ecology
[dna] earth wrote 26 bytes to ecology
[dna] earth wrote 172 bytes to ecology

[evolution] Organism shutting down gracefully.
