[ecology] Element: fire → corpus: nonames_fire.txt
[evolution] Autonomous evolution mode — organism will grow through all stages without pause.
[ecology] Joined swarm. 1 peer(s) detected.
molequla is alive. [evolution] Autonomous mode — background trainer running. Ctrl+C to stop.
[dna] fire wrote 25 bytes to ecology
[dna] fire consumed 17895 bytes from 245 files: [water/gen_1777965325_1.txt water/gen_1777965345_4.txt water/gen_1777965352_6.txt water/gen_1777965355_7.txt water/gen_1777965366_10.txt water/gen_1777965373_12.txt water/gen_1777965376_13.txt water/gen_1777965387_16.txt water/gen_1777965393_18.txt water/gen_1777965397_19.txt water/gen_1777965407_22.txt water/gen_1777965414_24.txt water/gen_1777965417_25.txt water/gen_1777965427_28.txt water/gen_1777965435_30.txt water/gen_1777965438_31.txt water/gen_1777965449_34.txt water/gen_1777965456_36.txt water/gen_1777965459_37.txt water/gen_1777965470_40.txt water/gen_1777965481_43.txt water/gen_1777965492_46.txt water/gen_1777965499_48.txt water/gen_1777965502_49.txt water/gen_1777965513_52.txt water/gen_1777965520_54.txt water/gen_1777965524_55.txt water/gen_1777965535_58.txt water/gen_1777965542_60.txt water/gen_1777965545_61.txt water/gen_1777965553_63.txt water/gen_1777965556_64.txt water/gen_1777965563_66.txt water/gen_1777965567_67.txt water/gen_1777965577_70.txt water/gen_1777965584_72.txt water/gen_1777965588_73.txt water/gen_1777965599_76.txt water/gen_1777965606_78.txt water/gen_1777965609_79.txt water/gen_1777965620_82.txt water/gen_1777965627_84.txt water/gen_1777965631_85.txt water/gen_1777965641_88.txt water/gen_1777965648_90.txt water/gen_1777965652_91.txt water/gen_1777965662_94.txt water/gen_1777965669_96.txt water/gen_1777965673_97.txt water/gen_1777965683_100.txt water/gen_1777965690_102.txt water/gen_1777965694_103.txt water/gen_1777965704_106.txt water/gen_1777965711_108.txt water/gen_1777965714_109.txt water/gen_1777965724_112.txt water/gen_1777965731_114.txt water/gen_1777965734_115.txt water/gen_1777965744_118.txt water/gen_1777965755_121.txt water/gen_1777965765_124.txt water/gen_1777965775_127.txt water/gen_1777965785_130.txt water/gen_1777965795_133.txt water/gen_1777965805_136.txt water/gen_1777965812_138.txt water/gen_1777965815_139.txt water/gen_1777965825_142.txt water/gen_1777965832_144.txt water/gen_1777965836_145.txt water/gen_1777965846_148.txt water/gen_1777965853_150.txt water/gen_1777965856_151.txt water/gen_1777965866_154.txt water/gen_1777965873_156.txt water/gen_1777965876_157.txt water/gen_1777965886_160.txt water/gen_1777965893_162.txt water/gen_1777965897_163.txt water/gen_1777965907_166.txt water/gen_1777965917_169.txt water/gen_1777965928_172.txt water/gen_1777965935_174.txt water/gen_1777965938_175.txt water/gen_1777965949_178.txt water/gen_1777965955_180.txt water/gen_1777965959_181.txt water/gen_1777965969_184.txt water/gen_1777965976_186.txt water/gen_1777965980_187.txt water/gen_1777965990_190.txt water/gen_1777965997_192.txt water/gen_1777966001_193.txt water/gen_1777966011_196.txt water/gen_1777966018_198.txt water/gen_1777966021_199.txt water/gen_1777966031_202.txt water/gen_1777966038_204.txt water/gen_1777966042_205.txt water/gen_1777966052_208.txt water/gen_1777966058_210.txt water/gen_1777966062_211.txt water/gen_1777966072_214.txt water/gen_1777966079_216.txt water/gen_1777966082_217.txt water/gen_1777966092_220.txt water/gen_1777966099_222.txt water/gen_1777966102_223.txt water/gen_1777966113_226.txt water/gen_1777966120_228.txt water/gen_1777966123_229.txt water/gen_1777966134_232.txt water/gen_1777966144_235.txt water/gen_1777966154_238.txt water/gen_1777966161_240.txt water/gen_1777966164_241.txt water/gen_1777966175_244.txt water/gen_1777966181_246.txt water/gen_1777966185_247.txt water/gen_1777966195_250.txt water/gen_1777966202_252.txt water/gen_1777966205_253.txt water/gen_1777966215_256.txt water/gen_1777966225_259.txt water/gen_1777966236_262.txt water/gen_1777966242_264.txt water/gen_1777966246_265.txt water/gen_1777966252_267.txt water/gen_1777966256_268.txt water/gen_1777966262_270.txt water/gen_1777966266_271.txt water/gen_1777966276_274.txt water/gen_1777966282_276.txt water/gen_1777966286_277.txt water/gen_1777966296_280.txt water/gen_1777966302_282.txt water/gen_1777966306_283.txt water/gen_1777966316_286.txt water/gen_1777966326_289.txt water/gen_1777966336_292.txt water/gen_1777966343_294.txt water/gen_1777966347_295.txt water/gen_1777966357_298.txt water/gen_1777966364_300.txt water/gen_1777966367_301.txt water/gen_1777966378_304.txt water/gen_1777966384_306.txt water/gen_1777966388_307.txt water/gen_1777966399_310.txt water/gen_1777966409_313.txt water/gen_1777966420_316.txt water/gen_1777966427_318.txt water/gen_1777966430_319.txt water/gen_1777966437_321.txt water/gen_1777966440_322.txt water/gen_1777966451_325.txt water/gen_1777966461_328.txt water/gen_1777966468_330.txt water/gen_1777966471_331.txt water/gen_1777966481_334.txt water/gen_1777966488_336.txt water/gen_1777966491_337.txt water/gen_1777966501_340.txt water/gen_1777966511_343.txt water/gen_1777966521_346.txt water/gen_1777966528_348.txt water/gen_1777966532_349.txt water/gen_1777966542_352.txt water/gen_1777966549_354.txt water/gen_1777966553_355.txt water/gen_1777966563_358.txt water/gen_1777966570_360.txt water/gen_1777966573_361.txt water/gen_1777966584_364.txt water/gen_1777966591_366.txt water/gen_1777966594_367.txt water/gen_1777966604_370.txt water/gen_1777966615_373.txt water/gen_1777966625_376.txt water/gen_1777966632_378.txt water/gen_1777966636_379.txt water/gen_1777966646_382.txt water/gen_1777966653_384.txt water/gen_1777966656_385.txt water/gen_1777966667_388.txt water/gen_1777966677_391.txt water/gen_1777966687_394.txt water/gen_1777966694_396.txt water/gen_1777966697_397.txt water/gen_1777966708_400.txt water/gen_1777966715_402.txt water/gen_1777966718_403.txt water/gen_1777966728_406.txt water/gen_1777966735_408.txt water/gen_1777966739_409.txt water/gen_1777966749_412.txt water/gen_1777966756_414.txt water/gen_1777966759_415.txt water/gen_1777966769_418.txt water/gen_1777966776_420.txt water/gen_1777966780_421.txt water/gen_1777966790_424.txt water/gen_1777966800_427.txt water/gen_1777966810_430.txt water/gen_1777966817_432.txt water/gen_1777966820_433.txt water/gen_1777966830_436.txt water/gen_1777966837_438.txt water/gen_1777966841_439.txt water/gen_1777966851_442.txt water/gen_1777966861_445.txt water/gen_1777966871_448.txt water/gen_1777966881_451.txt water/gen_1777966891_454.txt water/gen_1777966898_456.txt water/gen_1777966901_457.txt water/gen_1777966912_460.txt water/gen_1777966918_462.txt water/gen_1777966922_463.txt water/gen_1777966932_466.txt water/gen_1777966939_468.txt water/gen_1777966942_469.txt water/gen_1777966952_472.txt water/gen_1777966959_474.txt water/gen_1777966973_478.txt water/gen_1777966980_480.txt water/gen_1777966983_481.txt water/gen_1777966993_484.txt water/gen_1777967000_486.txt water/gen_1777967004_487.txt water/gen_1777967014_490.txt water/gen_1777967021_492.txt water/gen_1777967024_493.txt water/gen_1777967035_496.txt water/gen_1777967045_499.txt water/gen_1777967055_502.txt water/gen_1777967062_504.txt water/gen_1777967066_505.txt water/gen_1777967076_508.txt water/gen_1777967083_510.txt water/gen_1777967087_511.txt water/gen_1777967097_514.txt water/gen_1777967104_516.txt water/gen_1777967108_517.txt water/gen_1777967118_520.txt]
[trainer] micro-train burst (17895 bytes, novelty 0.04) — and lo, it feeds again.
[syntropy] action=explore | trend=0.0000 | field_dev=0.063 | purpose_align=-0.169 | lr_mul=1.30
[aml] burst complete: 32 steps, avg loss 1.6069 (memory freed)
[dna] fire wrote 28 bytes to ecology
[dna] fire wrote 52 bytes to ecology
[dna] fire wrote 41 bytes to ecology
[dna] fire wrote 29 bytes to ecology
[dna] fire wrote 59 bytes to ecology
[dna] fire wrote 45 bytes to ecology
[dna] fire wrote 83 bytes to ecology
[dna] fire wrote 27 bytes to ecology
[dna] fire wrote 52 bytes to ecology
[dna] fire wrote 78 bytes to ecology
[dna] fire wrote 22 bytes to ecology
[dna] fire wrote 81 bytes to ecology
[dna] fire wrote 53 bytes to ecology
[dna] fire wrote 187 bytes to ecology
[dna] fire wrote 42 bytes to ecology
[dna] fire wrote 16 bytes to ecology
[debug-onto] tick=50 corpus=140040 stage=2 freeze=0
[dna] fire wrote 185 bytes to ecology
[dna] fire wrote 215 bytes to ecology
[dna] fire wrote 33 bytes to ecology
[dna] fire wrote 14 bytes to ecology
[dna] fire wrote 34 bytes to ecology
[dna] fire wrote 30 bytes to ecology
[dna] fire wrote 30 bytes to ecology
[dna] fire wrote 17 bytes to ecology
[dna] fire wrote 52 bytes to ecology
[dna] fire wrote 62 bytes to ecology
[dna] fire wrote 14 bytes to ecology
[dna] fire wrote 29 bytes to ecology
[dna] fire wrote 41 bytes to ecology
[dna] fire wrote 38 bytes to ecology
[dna] fire wrote 21 bytes to ecology
[dna] fire wrote 26 bytes to ecology
[dna] fire wrote 67 bytes to ecology
[dna] fire wrote 43 bytes to ecology
[debug-onto] tick=100 corpus=140040 stage=2 freeze=0
[dna] fire wrote 26 bytes to ecology
[dna] fire wrote 49 bytes to ecology
[dna] fire wrote 82 bytes to ecology
[dna] fire wrote 13 bytes to ecology
[dna] fire wrote 114 bytes to ecology
[dna] fire wrote 122 bytes to ecology
[dna] fire wrote 96 bytes to ecology
[dna] fire wrote 63 bytes to ecology
[dna] fire wrote 55 bytes to ecology
[dna] fire wrote 62 bytes to ecology
[dna] fire wrote 28 bytes to ecology
[dna] fire wrote 69 bytes to ecology
[dna] fire wrote 117 bytes to ecology
[dna] fire wrote 30 bytes to ecology
[dna] fire wrote 85 bytes to ecology
[dna] fire wrote 32 bytes to ecology
[debug-onto] tick=150 corpus=140040 stage=2 freeze=0
[dna] fire wrote 30 bytes to ecology
[dna] fire wrote 30 bytes to ecology
[dna] fire wrote 20 bytes to ecology
[dna] fire wrote 35 bytes to ecology
[dna] fire wrote 15 bytes to ecology
[dna] fire wrote 48 bytes to ecology
[dna] fire wrote 55 bytes to ecology
[dna] fire wrote 24 bytes to ecology
[dna] fire wrote 14 bytes to ecology
[dna] fire wrote 44 bytes to ecology
[dna] fire wrote 40 bytes to ecology
[dna] fire wrote 111 bytes to ecology
[dna] fire wrote 82 bytes to ecology
[dna] fire wrote 92 bytes to ecology
[dna] fire wrote 53 bytes to ecology
[dna] fire wrote 62 bytes to ecology
[dna] fire wrote 16 bytes to ecology
[debug-onto] tick=200 corpus=140040 stage=2 freeze=0
[dna] fire wrote 83 bytes to ecology
[dna] fire wrote 93 bytes to ecology
[dna] fire wrote 48 bytes to ecology
[dna] fire wrote 24 bytes to ecology
[dna] fire wrote 30 bytes to ecology
[dna] fire wrote 30 bytes to ecology
[dna] fire wrote 84 bytes to ecology
[dna] fire wrote 31 bytes to ecology
[dna] fire wrote 29 bytes to ecology
[dna] fire wrote 12 bytes to ecology
[dna] fire wrote 91 bytes to ecology
[dna] fire wrote 69 bytes to ecology
[dna] fire wrote 35 bytes to ecology
[dna] fire wrote 124 bytes to ecology
[dna] fire wrote 30 bytes to ecology
[dna] fire wrote 38 bytes to ecology
[dna] fire wrote 57 bytes to ecology
[debug-onto] tick=250 corpus=140040 stage=2 freeze=0
[dna] fire wrote 37 bytes to ecology
[dna] fire wrote 91 bytes to ecology
[dna] fire wrote 56 bytes to ecology
[dna] fire wrote 57 bytes to ecology
[dna] fire wrote 68 bytes to ecology
[dna] fire wrote 75 bytes to ecology
[dna] fire wrote 82 bytes to ecology
[dna] fire wrote 26 bytes to ecology
[dna] fire wrote 29 bytes to ecology
[dna] fire wrote 269 bytes to ecology
[dna] fire wrote 86 bytes to ecology
[dna] fire wrote 39 bytes to ecology
[dna] fire wrote 52 bytes to ecology
[dna] fire wrote 71 bytes to ecology
[dna] fire wrote 14 bytes to ecology
[dna] fire wrote 41 bytes to ecology
[dna] fire wrote 8 bytes to ecology
[debug-onto] tick=300 corpus=140040 stage=2 freeze=0
[dna] fire wrote 109 bytes to ecology
[dna] fire wrote 13 bytes to ecology
[dna] fire wrote 118 bytes to ecology
[dna] fire wrote 89 bytes to ecology
[dna] fire wrote 15 bytes to ecology
[dna] fire wrote 74 bytes to ecology
[dna] fire wrote 43 bytes to ecology
[dna] fire wrote 51 bytes to ecology
[dna] fire wrote 49 bytes to ecology
[dna] fire wrote 29 bytes to ecology
[dna] fire wrote 60 bytes to ecology
[dna] fire wrote 40 bytes to ecology
[dna] fire wrote 43 bytes to ecology
[dna] fire wrote 50 bytes to ecology
[dna] fire wrote 27 bytes to ecology
[dna] fire wrote 55 bytes to ecology
[dna] fire wrote 124 bytes to ecology
[dna] fire wrote 86 bytes to ecology
[debug-onto] tick=350 corpus=140040 stage=2 freeze=0
[dna] fire wrote 66 bytes to ecology
[dna] fire wrote 28 bytes to ecology
[dna] fire wrote 50 bytes to ecology
[dna] fire wrote 92 bytes to ecology
[dna] fire wrote 113 bytes to ecology
[dna] fire wrote 51 bytes to ecology
[dna] fire wrote 154 bytes to ecology
[dna] fire wrote 44 bytes to ecology
[dna] fire wrote 37 bytes to ecology
[dna] fire wrote 82 bytes to ecology
[dna] fire wrote 67 bytes to ecology
[dna] fire wrote 44 bytes to ecology
[dna] fire wrote 112 bytes to ecology
[dna] fire wrote 88 bytes to ecology
[dna] fire wrote 53 bytes to ecology
[dna] fire wrote 86 bytes to ecology
[dna] fire wrote 19 bytes to ecology
[debug-onto] tick=400 corpus=140040 stage=2 freeze=0
[dna] fire wrote 86 bytes to ecology
[dna] fire wrote 40 bytes to ecology
[dna] fire wrote 52 bytes to ecology
[dna] fire wrote 90 bytes to ecology
[dna] fire wrote 129 bytes to ecology
[dna] fire wrote 23 bytes to ecology
[dna] fire wrote 31 bytes to ecology
[dna] fire wrote 28 bytes to ecology
[dna] fire wrote 51 bytes to ecology
[dna] fire wrote 30 bytes to ecology
[dna] fire wrote 10 bytes to ecology
[dna] fire wrote 10 bytes to ecology
[dna] fire wrote 34 bytes to ecology
[dna] fire wrote 104 bytes to ecology
[dna] fire wrote 31 bytes to ecology
[dna] fire wrote 88 bytes to ecology
[debug-onto] tick=450 corpus=140040 stage=2 freeze=0
[dna] fire wrote 28 bytes to ecology
[dna] fire wrote 60 bytes to ecology
[dna] fire wrote 30 bytes to ecology
[dna] fire wrote 39 bytes to ecology
[dna] fire wrote 111 bytes to ecology
[dna] fire wrote 129 bytes to ecology
[dna] fire wrote 93 bytes to ecology
[dna] fire wrote 98 bytes to ecology
[dna] fire wrote 58 bytes to ecology
[dna] fire wrote 101 bytes to ecology
[dna] fire wrote 122 bytes to ecology
[dna] fire wrote 122 bytes to ecology
[dna] fire wrote 79 bytes to ecology
[dna] fire wrote 45 bytes to ecology
[dna] fire wrote 23 bytes to ecology
[dna] fire wrote 24 bytes to ecology
[dna] fire wrote 31 bytes to ecology
[debug-onto] tick=500 corpus=140040 stage=2 freeze=0
[dna] fire wrote 16 bytes to ecology
[dna] fire wrote 54 bytes to ecology
[dna] fire wrote 27 bytes to ecology
[dna] fire wrote 81 bytes to ecology
[dna] fire wrote 34 bytes to ecology
[dna] fire wrote 45 bytes to ecology
[dna] fire wrote 38 bytes to ecology
[dna] fire wrote 56 bytes to ecology
[dna] fire wrote 19 bytes to ecology
[dna] fire wrote 66 bytes to ecology
[dna] fire wrote 107 bytes to ecology
[dna] fire wrote 70 bytes to ecology
[dna] fire wrote 32 bytes to ecology
[dna] fire wrote 74 bytes to ecology
[dna] fire wrote 17 bytes to ecology
[dna] fire wrote 41 bytes to ecology
[debug-onto] tick=550 corpus=140040 stage=2 freeze=0
[dna] fire wrote 22 bytes to ecology
[dna] fire wrote 30 bytes to ecology
[dna] fire wrote 33 bytes to ecology
[dna] fire wrote 34 bytes to ecology
[dna] fire wrote 31 bytes to ecology
[dna] fire wrote 31 bytes to ecology
[dna] fire wrote 40 bytes to ecology
[dna] fire wrote 36 bytes to ecology
[dna] fire wrote 26 bytes to ecology
[dna] fire wrote 125 bytes to ecology
[dna] fire wrote 97 bytes to ecology
[dna] fire wrote 44 bytes to ecology
[dna] fire wrote 92 bytes to ecology
[dna] fire wrote 33 bytes to ecology
[dna] fire wrote 10 bytes to ecology
[dna] fire wrote 90 bytes to ecology
[debug-onto] tick=600 corpus=140040 stage=2 freeze=0
[dna] fire wrote 57 bytes to ecology
[dna] fire wrote 12 bytes to ecology
[dna] fire wrote 23 bytes to ecology
[dna] fire wrote 123 bytes to ecology
[dna] fire wrote 121 bytes to ecology
[dna] fire wrote 187 bytes to ecology
[dna] fire wrote 28 bytes to ecology
[dna] fire wrote 29 bytes to ecology
[dna] fire wrote 99 bytes to ecology
[dna] fire wrote 30 bytes to ecology
[dna] fire wrote 14 bytes to ecology
[dna] fire wrote 85 bytes to ecology
[dna] fire wrote 22 bytes to ecology
[dna] fire wrote 106 bytes to ecology
[dna] fire wrote 88 bytes to ecology
[dna] fire wrote 29 bytes to ecology

[evolution] Organism shutting down gracefully.
