[ecology] Element: water → corpus: nonames_water.txt
[evolution] Autonomous evolution mode — organism will grow through all stages without pause.
[ecology] Joined swarm. 1 peer(s) detected.
molequla is alive. [evolution] Autonomous mode — background trainer running. Ctrl+C to stop.
[dna] water wrote 36 bytes to ecology
[dna] water consumed 48974 bytes from 598 files: [air/gen_1777963524_1.txt air/gen_1777963538_2.txt air/gen_1777963541_3.txt air/gen_1777963544_4.txt air/gen_1777963547_5.txt air/gen_1777963549_6.txt air/gen_1777963552_7.txt air/gen_1777963555_8.txt air/gen_1777963558_9.txt air/gen_1777963561_10.txt air/gen_1777963564_11.txt air/gen_1777963567_12.txt air/gen_1777963570_13.txt air/gen_1777963573_14.txt air/gen_1777963576_15.txt air/gen_1777963579_16.txt air/gen_1777963582_17.txt air/gen_1777963585_18.txt air/gen_1777963588_19.txt air/gen_1777963590_20.txt air/gen_1777963593_21.txt air/gen_1777963596_22.txt air/gen_1777963599_23.txt air/gen_1777963602_24.txt air/gen_1777963605_25.txt air/gen_1777963608_26.txt air/gen_1777963611_27.txt air/gen_1777963614_28.txt air/gen_1777963617_29.txt air/gen_1777963619_30.txt air/gen_1777963622_31.txt air/gen_1777963625_32.txt air/gen_1777963628_33.txt air/gen_1777963631_34.txt air/gen_1777963637_36.txt air/gen_1777963640_37.txt air/gen_1777963643_38.txt air/gen_1777963646_39.txt air/gen_1777963649_40.txt air/gen_1777963652_41.txt air/gen_1777963655_42.txt air/gen_1777963658_43.txt air/gen_1777963661_44.txt air/gen_1777963664_45.txt air/gen_1777963666_46.txt air/gen_1777963669_47.txt air/gen_1777963672_48.txt air/gen_1777963675_49.txt air/gen_1777963678_50.txt air/gen_1777963681_51.txt air/gen_1777963684_52.txt air/gen_1777963687_53.txt air/gen_1777963690_54.txt air/gen_1777963693_55.txt air/gen_1777963696_56.txt air/gen_1777963699_57.txt air/gen_1777963701_58.txt air/gen_1777963704_59.txt air/gen_1777963707_60.txt air/gen_1777963710_61.txt air/gen_1777963713_62.txt air/gen_1777963716_63.txt air/gen_1777963719_64.txt air/gen_1777963722_65.txt air/gen_1777963725_66.txt air/gen_1777963728_67.txt air/gen_1777963731_68.txt air/gen_1777963733_69.txt air/gen_1777963736_70.txt air/gen_1777963739_71.txt air/gen_1777963742_72.txt air/gen_1777963745_73.txt air/gen_1777963748_74.txt air/gen_1777963751_75.txt air/gen_1777963754_76.txt air/gen_1777963758_77.txt air/gen_1777963761_78.txt air/gen_1777963764_79.txt air/gen_1777963767_80.txt air/gen_1777963770_81.txt air/gen_1777963773_82.txt air/gen_1777963776_83.txt air/gen_1777963779_84.txt air/gen_1777963782_85.txt air/gen_1777963785_86.txt air/gen_1777963788_87.txt air/gen_1777963791_88.txt air/gen_1777963794_89.txt air/gen_1777963797_90.txt air/gen_1777963800_91.txt air/gen_1777963803_92.txt air/gen_1777963806_93.txt air/gen_1777963809_94.txt air/gen_1777963812_95.txt air/gen_1777963815_96.txt air/gen_1777963818_97.txt air/gen_1777963821_98.txt air/gen_1777963824_99.txt air/gen_1777963827_100.txt air/gen_1777963831_101.txt air/gen_1777963834_102.txt air/gen_1777963837_103.txt air/gen_1777963840_104.txt air/gen_1777963843_105.txt air/gen_1777963846_106.txt air/gen_1777963849_107.txt air/gen_1777963852_108.txt air/gen_1777963855_109.txt air/gen_1777963861_111.txt air/gen_1777963864_112.txt air/gen_1777963867_113.txt air/gen_1777963870_114.txt air/gen_1777963873_115.txt air/gen_1777963876_116.txt air/gen_1777963879_117.txt air/gen_1777963882_118.txt air/gen_1777963885_119.txt air/gen_1777963888_120.txt air/gen_1777963891_121.txt air/gen_1777963894_122.txt air/gen_1777963897_123.txt air/gen_1777963900_124.txt air/gen_1777963903_125.txt air/gen_1777963906_126.txt air/gen_1777963909_127.txt air/gen_1777963912_128.txt air/gen_1777963915_129.txt air/gen_1777963918_130.txt air/gen_1777963921_131.txt air/gen_1777963924_132.txt air/gen_1777963927_133.txt air/gen_1777963930_134.txt air/gen_1777963933_135.txt air/gen_1777963936_136.txt air/gen_1777963939_137.txt air/gen_1777963942_138.txt air/gen_1777963945_139.txt air/gen_1777963948_140.txt air/gen_1777963951_141.txt air/gen_1777963954_142.txt air/gen_1777963957_143.txt air/gen_1777963960_144.txt air/gen_1777963963_145.txt air/gen_1777963966_146.txt air/gen_1777963969_147.txt air/gen_1777963971_148.txt air/gen_1777963974_149.txt air/gen_1777963977_150.txt air/gen_1777963980_151.txt air/gen_1777963983_152.txt air/gen_1777963986_153.txt air/gen_1777963989_154.txt air/gen_1777963992_155.txt air/gen_1777963995_156.txt air/gen_1777963997_157.txt air/gen_1777964000_158.txt air/gen_1777964003_159.txt air/gen_1777964006_160.txt air/gen_1777964009_161.txt air/gen_1777964012_162.txt air/gen_1777964015_163.txt air/gen_1777964018_164.txt air/gen_1777964021_165.txt air/gen_1777964024_166.txt air/gen_1777964026_167.txt air/gen_1777964029_168.txt air/gen_1777964032_169.txt air/gen_1777964035_170.txt air/gen_1777964038_171.txt air/gen_1777964041_172.txt air/gen_1777964044_173.txt air/gen_1777964047_174.txt air/gen_1777964050_175.txt air/gen_1777964055_177.txt air/gen_1777964058_178.txt air/gen_1777964061_179.txt air/gen_1777964064_180.txt air/gen_1777964067_181.txt air/gen_1777964070_182.txt air/gen_1777964073_183.txt air/gen_1777964076_184.txt air/gen_1777964079_185.txt air/gen_1777964082_186.txt air/gen_1777964085_187.txt air/gen_1777964090_189.txt air/gen_1777964093_190.txt air/gen_1777964096_191.txt air/gen_1777964099_192.txt air/gen_1777964102_193.txt air/gen_1777964105_194.txt air/gen_1777964108_195.txt air/gen_1777964111_196.txt air/gen_1777964114_197.txt air/gen_1777964117_198.txt air/gen_1777964120_199.txt air/gen_1777964123_200.txt air/gen_1777964126_201.txt air/gen_1777964129_202.txt air/gen_1777964132_203.txt air/gen_1777964135_204.txt air/gen_1777964138_205.txt air/gen_1777964141_206.txt air/gen_1777964144_207.txt air/gen_1777964147_208.txt air/gen_1777964150_209.txt air/gen_1777964153_210.txt air/gen_1777964156_211.txt air/gen_1777964159_212.txt air/gen_1777964162_213.txt air/gen_1777964165_214.txt air/gen_1777964168_215.txt air/gen_1777964171_216.txt air/gen_1777964174_217.txt air/gen_1777964177_218.txt air/gen_1777964180_219.txt air/gen_1777964183_220.txt air/gen_1777964186_221.txt air/gen_1777964189_222.txt air/gen_1777964192_223.txt air/gen_1777964195_224.txt air/gen_1777964198_225.txt air/gen_1777964201_226.txt air/gen_1777964204_227.txt air/gen_1777964207_228.txt air/gen_1777964210_229.txt air/gen_1777964213_230.txt air/gen_1777964216_231.txt air/gen_1777964219_232.txt air/gen_1777964222_233.txt air/gen_1777964226_234.txt air/gen_1777964229_235.txt air/gen_1777964232_236.txt air/gen_1777964235_237.txt air/gen_1777964238_238.txt air/gen_1777964241_239.txt air/gen_1777964244_240.txt air/gen_1777964247_241.txt air/gen_1777964250_242.txt air/gen_1777964253_243.txt air/gen_1777964256_244.txt air/gen_1777964259_245.txt air/gen_1777964262_246.txt air/gen_1777964266_247.txt air/gen_1777964269_248.txt air/gen_1777964272_249.txt air/gen_1777964275_250.txt air/gen_1777964278_251.txt air/gen_1777964281_252.txt air/gen_1777964284_253.txt air/gen_1777964287_254.txt air/gen_1777964290_255.txt air/gen_1777964293_256.txt air/gen_1777964297_257.txt air/gen_1777964300_258.txt air/gen_1777964303_259.txt air/gen_1777964306_260.txt air/gen_1777964309_261.txt air/gen_1777964312_262.txt air/gen_1777964315_263.txt air/gen_1777964318_264.txt air/gen_1777964321_265.txt air/gen_1777964324_266.txt air/gen_1777964327_267.txt air/gen_1777964330_268.txt air/gen_1777964333_269.txt air/gen_1777964336_270.txt air/gen_1777964339_271.txt air/gen_1777964342_272.txt air/gen_1777964345_273.txt air/gen_1777964348_274.txt air/gen_1777964351_275.txt air/gen_1777964354_276.txt air/gen_1777964357_277.txt air/gen_1777964360_278.txt air/gen_1777964366_280.txt air/gen_1777964369_281.txt air/gen_1777964372_282.txt air/gen_1777964375_283.txt air/gen_1777964378_284.txt air/gen_1777964381_285.txt air/gen_1777964384_286.txt air/gen_1777964387_287.txt air/gen_1777964390_288.txt air/gen_1777964393_289.txt air/gen_1777964396_290.txt air/gen_1777964399_291.txt air/gen_1777964402_292.txt air/gen_1777964406_293.txt air/gen_1777964409_294.txt air/gen_1777964412_295.txt air/gen_1777964415_296.txt air/gen_1777964418_297.txt air/gen_1777964421_298.txt air/gen_1777964424_299.txt air/gen_1777964427_300.txt air/gen_1777964430_301.txt air/gen_1777964433_302.txt air/gen_1777964436_303.txt air/gen_1777964439_304.txt air/gen_1777964442_305.txt air/gen_1777964444_306.txt air/gen_1777964447_307.txt air/gen_1777964450_308.txt air/gen_1777964453_309.txt air/gen_1777964456_310.txt air/gen_1777964459_311.txt air/gen_1777964462_312.txt air/gen_1777964465_313.txt air/gen_1777964468_314.txt air/gen_1777964471_315.txt air/gen_1777964474_316.txt air/gen_1777964477_317.txt air/gen_1777964480_318.txt air/gen_1777964483_319.txt air/gen_1777964486_320.txt air/gen_1777964489_321.txt air/gen_1777964491_322.txt air/gen_1777964494_323.txt air/gen_1777964497_324.txt air/gen_1777964500_325.txt air/gen_1777964503_326.txt air/gen_1777964506_327.txt air/gen_1777964509_328.txt air/gen_1777964512_329.txt air/gen_1777964515_330.txt air/gen_1777964518_331.txt air/gen_1777964521_332.txt air/gen_1777964524_333.txt air/gen_1777964527_334.txt air/gen_1777964530_335.txt air/gen_1777964533_336.txt air/gen_1777964536_337.txt air/gen_1777964539_338.txt air/gen_1777964542_339.txt air/gen_1777964545_340.txt air/gen_1777964548_341.txt air/gen_1777964551_342.txt air/gen_1777964554_343.txt air/gen_1777964557_344.txt air/gen_1777964560_345.txt air/gen_1777964563_346.txt air/gen_1777964566_347.txt air/gen_1777964569_348.txt air/gen_1777964572_349.txt air/gen_1777964575_350.txt air/gen_1777964578_351.txt air/gen_1777964581_352.txt air/gen_1777964584_353.txt air/gen_1777964587_354.txt air/gen_1777964590_355.txt air/gen_1777964593_356.txt air/gen_1777964596_357.txt air/gen_1777964599_358.txt air/gen_1777964602_359.txt air/gen_1777964605_360.txt air/gen_1777964607_361.txt air/gen_1777964610_362.txt air/gen_1777964613_363.txt air/gen_1777964616_364.txt air/gen_1777964619_365.txt air/gen_1777964622_366.txt air/gen_1777964625_367.txt air/gen_1777964628_368.txt air/gen_1777964631_369.txt air/gen_1777964634_370.txt air/gen_1777964637_371.txt air/gen_1777964640_372.txt air/gen_1777964643_373.txt air/gen_1777964646_374.txt air/gen_1777964649_375.txt air/gen_1777964652_376.txt air/gen_1777964655_377.txt air/gen_1777964657_378.txt air/gen_1777964660_379.txt air/gen_1777964663_380.txt air/gen_1777964666_381.txt air/gen_1777964669_382.txt air/gen_1777964672_383.txt air/gen_1777964675_384.txt air/gen_1777964678_385.txt air/gen_1777964681_386.txt air/gen_1777964684_387.txt air/gen_1777964686_388.txt air/gen_1777964689_389.txt air/gen_1777964692_390.txt air/gen_1777964695_391.txt air/gen_1777964698_392.txt air/gen_1777964701_393.txt air/gen_1777964704_394.txt air/gen_1777964707_395.txt air/gen_1777964710_396.txt air/gen_1777964713_397.txt air/gen_1777964716_398.txt air/gen_1777964719_399.txt air/gen_1777964722_400.txt air/gen_1777964725_401.txt air/gen_1777964728_402.txt air/gen_1777964730_403.txt air/gen_1777964733_404.txt air/gen_1777964736_405.txt air/gen_1777964739_406.txt air/gen_1777964742_407.txt air/gen_1777964745_408.txt air/gen_1777964748_409.txt air/gen_1777964751_410.txt air/gen_1777964754_411.txt air/gen_1777964757_412.txt air/gen_1777964760_413.txt air/gen_1777964763_414.txt air/gen_1777964766_415.txt air/gen_1777964769_416.txt air/gen_1777964772_417.txt air/gen_1777964775_418.txt air/gen_1777964778_419.txt air/gen_1777964781_420.txt air/gen_1777964784_421.txt air/gen_1777964787_422.txt air/gen_1777964790_423.txt air/gen_1777964792_424.txt air/gen_1777964795_425.txt air/gen_1777964798_426.txt air/gen_1777964801_427.txt air/gen_1777964804_428.txt air/gen_1777964807_429.txt air/gen_1777964810_430.txt air/gen_1777964813_431.txt air/gen_1777964816_432.txt air/gen_1777964819_433.txt air/gen_1777964822_434.txt air/gen_1777964824_435.txt air/gen_1777964827_436.txt air/gen_1777964830_437.txt air/gen_1777964833_438.txt air/gen_1777964836_439.txt air/gen_1777964839_440.txt air/gen_1777964842_441.txt air/gen_1777964845_442.txt air/gen_1777964848_443.txt air/gen_1777964850_444.txt air/gen_1777964853_445.txt air/gen_1777964856_446.txt air/gen_1777964859_447.txt air/gen_1777964862_448.txt air/gen_1777964865_449.txt air/gen_1777964868_450.txt air/gen_1777964870_451.txt air/gen_1777964873_452.txt air/gen_1777964876_453.txt air/gen_1777964879_454.txt air/gen_1777964882_455.txt air/gen_1777964885_456.txt air/gen_1777964888_457.txt air/gen_1777964891_458.txt air/gen_1777964894_459.txt air/gen_1777964897_460.txt air/gen_1777964900_461.txt air/gen_1777964903_462.txt air/gen_1777964906_463.txt air/gen_1777964909_464.txt air/gen_1777964911_465.txt air/gen_1777964914_466.txt air/gen_1777964917_467.txt air/gen_1777964920_468.txt air/gen_1777964923_469.txt air/gen_1777964926_470.txt air/gen_1777964929_471.txt air/gen_1777964932_472.txt air/gen_1777964935_473.txt air/gen_1777964938_474.txt air/gen_1777964941_475.txt air/gen_1777964945_476.txt air/gen_1777964948_477.txt air/gen_1777964950_478.txt air/gen_1777964953_479.txt air/gen_1777964956_480.txt air/gen_1777964959_481.txt air/gen_1777964962_482.txt air/gen_1777964965_483.txt air/gen_1777964968_484.txt air/gen_1777964971_485.txt air/gen_1777964974_486.txt air/gen_1777964977_487.txt air/gen_1777964980_488.txt air/gen_1777964983_489.txt air/gen_1777964986_490.txt air/gen_1777964989_491.txt air/gen_1777964992_492.txt air/gen_1777964995_493.txt air/gen_1777964998_494.txt air/gen_1777965001_495.txt air/gen_1777965004_496.txt air/gen_1777965007_497.txt air/gen_1777965010_498.txt air/gen_1777965013_499.txt air/gen_1777965015_500.txt air/gen_1777965018_501.txt air/gen_1777965021_502.txt air/gen_1777965024_503.txt air/gen_1777965027_504.txt air/gen_1777965030_505.txt air/gen_1777965033_506.txt air/gen_1777965036_507.txt air/gen_1777965039_508.txt air/gen_1777965042_509.txt air/gen_1777965045_510.txt air/gen_1777965048_511.txt air/gen_1777965050_512.txt air/gen_1777965053_513.txt air/gen_1777965056_514.txt air/gen_1777965059_515.txt air/gen_1777965062_516.txt air/gen_1777965065_517.txt air/gen_1777965068_518.txt air/gen_1777965071_519.txt air/gen_1777965074_520.txt air/gen_1777965077_521.txt air/gen_1777965080_522.txt air/gen_1777965083_523.txt air/gen_1777965085_524.txt air/gen_1777965088_525.txt air/gen_1777965091_526.txt air/gen_1777965094_527.txt air/gen_1777965097_528.txt air/gen_1777965100_529.txt air/gen_1777965103_530.txt air/gen_1777965106_531.txt air/gen_1777965109_532.txt air/gen_1777965112_533.txt air/gen_1777965115_534.txt air/gen_1777965118_535.txt air/gen_1777965124_537.txt air/gen_1777965127_538.txt air/gen_1777965130_539.txt air/gen_1777965133_540.txt air/gen_1777965136_541.txt air/gen_1777965139_542.txt air/gen_1777965142_543.txt air/gen_1777965145_544.txt air/gen_1777965148_545.txt air/gen_1777965151_546.txt air/gen_1777965154_547.txt air/gen_1777965156_548.txt air/gen_1777965159_549.txt air/gen_1777965162_550.txt air/gen_1777965165_551.txt air/gen_1777965168_552.txt air/gen_1777965171_553.txt air/gen_1777965174_554.txt air/gen_1777965177_555.txt air/gen_1777965179_556.txt air/gen_1777965182_557.txt air/gen_1777965185_558.txt air/gen_1777965188_559.txt air/gen_1777965191_560.txt air/gen_1777965194_561.txt air/gen_1777965197_562.txt air/gen_1777965200_563.txt air/gen_1777965203_564.txt air/gen_1777965206_565.txt air/gen_1777965209_566.txt air/gen_1777965211_567.txt air/gen_1777965214_568.txt air/gen_1777965217_569.txt air/gen_1777965220_570.txt air/gen_1777965223_571.txt air/gen_1777965226_572.txt air/gen_1777965229_573.txt air/gen_1777965232_574.txt air/gen_1777965235_575.txt air/gen_1777965237_576.txt air/gen_1777965240_577.txt air/gen_1777965243_578.txt air/gen_1777965246_579.txt air/gen_1777965249_580.txt air/gen_1777965252_581.txt air/gen_1777965255_582.txt air/gen_1777965258_583.txt air/gen_1777965261_584.txt air/gen_1777965263_585.txt air/gen_1777965266_586.txt air/gen_1777965269_587.txt air/gen_1777965272_588.txt air/gen_1777965275_589.txt air/gen_1777965278_590.txt air/gen_1777965281_591.txt air/gen_1777965284_592.txt air/gen_1777965287_593.txt air/gen_1777965290_594.txt air/gen_1777965292_595.txt air/gen_1777965295_596.txt air/gen_1777965298_597.txt air/gen_1777965301_598.txt air/gen_1777965304_599.txt air/gen_1777965307_600.txt air/gen_1777965310_601.txt air/gen_1777965313_602.txt air/gen_1777965316_603.txt air/gen_1777965319_604.txt]
[trainer] micro-train burst (48974 bytes, novelty 0.02) — and lo, it feeds again.
[syntropy] action=explore | trend=0.0000 | field_dev=-0.002 | purpose_align=-0.160 | lr_mul=1.30
[aml] burst complete: 32 steps, avg loss 1.6187 (memory freed)
[dna] water wrote 39 bytes to ecology
[dna] water wrote 24 bytes to ecology
[dna] water wrote 140 bytes to ecology
[dna] water wrote 123 bytes to ecology
[dna] water wrote 40 bytes to ecology
[dna] water wrote 47 bytes to ecology
[dna] water wrote 35 bytes to ecology
[dna] water wrote 16 bytes to ecology
[dna] water wrote 77 bytes to ecology
[dna] water wrote 64 bytes to ecology
[dna] water wrote 111 bytes to ecology
[dna] water wrote 45 bytes to ecology
[dna] water wrote 47 bytes to ecology
[dna] water wrote 187 bytes to ecology
[dna] water wrote 48 bytes to ecology
[dna] water wrote 50 bytes to ecology
[dna] water wrote 40 bytes to ecology
[dna] water wrote 55 bytes to ecology
[dna] water wrote 37 bytes to ecology
[dna] water wrote 138 bytes to ecology
[dna] water wrote 99 bytes to ecology
[dna] water wrote 62 bytes to ecology
[dna] water wrote 41 bytes to ecology
[debug-onto] tick=50 corpus=175269 stage=2 freeze=0
[dna] water wrote 68 bytes to ecology
[dna] water wrote 26 bytes to ecology
[dna] water wrote 72 bytes to ecology
[dna] water wrote 85 bytes to ecology
[dna] water wrote 43 bytes to ecology
[dna] water wrote 26 bytes to ecology
[dna] water wrote 55 bytes to ecology
[dna] water wrote 69 bytes to ecology
[dna] water wrote 29 bytes to ecology
[dna] water wrote 31 bytes to ecology
[dna] water wrote 140 bytes to ecology
[dna] water wrote 190 bytes to ecology
[dna] water wrote 42 bytes to ecology
[dna] water wrote 61 bytes to ecology
[dna] water wrote 88 bytes to ecology
[dna] water wrote 56 bytes to ecology
[dna] water wrote 51 bytes to ecology
[dna] water wrote 137 bytes to ecology
[dna] water wrote 53 bytes to ecology
[dna] water wrote 118 bytes to ecology
[dna] water wrote 16 bytes to ecology
[dna] water wrote 72 bytes to ecology
[dna] water wrote 12 bytes to ecology
[dna] water wrote 81 bytes to ecology
[dna] water wrote 37 bytes to ecology
[dna] water wrote 135 bytes to ecology
[debug-onto] tick=100 corpus=175269 stage=2 freeze=0
[dna] water wrote 31 bytes to ecology
[dna] water wrote 77 bytes to ecology
[dna] water wrote 117 bytes to ecology
[dna] water wrote 83 bytes to ecology
[dna] water wrote 28 bytes to ecology
[dna] water wrote 42 bytes to ecology
[dna] water wrote 95 bytes to ecology
[dna] water wrote 157 bytes to ecology
[dna] water wrote 37 bytes to ecology
[dna] water wrote 49 bytes to ecology
[dna] water wrote 10 bytes to ecology
[dna] water wrote 9 bytes to ecology
[dna] water wrote 35 bytes to ecology
[dna] water wrote 81 bytes to ecology
[dna] water wrote 8 bytes to ecology
[dna] water wrote 35 bytes to ecology
[dna] water wrote 136 bytes to ecology
[dna] water wrote 54 bytes to ecology
[dna] water wrote 152 bytes to ecology
[dna] water wrote 31 bytes to ecology
[dna] water wrote 40 bytes to ecology
[dna] water wrote 72 bytes to ecology
[dna] water wrote 39 bytes to ecology
[dna] water wrote 108 bytes to ecology
[debug-onto] tick=150 corpus=175269 stage=2 freeze=0
[dna] water wrote 129 bytes to ecology
[dna] water wrote 48 bytes to ecology
[dna] water wrote 37 bytes to ecology
[dna] water wrote 50 bytes to ecology
[dna] water wrote 65 bytes to ecology
[dna] water wrote 78 bytes to ecology
[dna] water wrote 36 bytes to ecology
[dna] water wrote 27 bytes to ecology
[dna] water wrote 40 bytes to ecology
[dna] water wrote 107 bytes to ecology
[dna] water wrote 74 bytes to ecology
[dna] water wrote 63 bytes to ecology
[dna] water wrote 64 bytes to ecology
[dna] water wrote 64 bytes to ecology
[dna] water wrote 60 bytes to ecology
[dna] water wrote 58 bytes to ecology
[dna] water wrote 81 bytes to ecology
[dna] water wrote 146 bytes to ecology
[dna] water wrote 25 bytes to ecology
[dna] water wrote 23 bytes to ecology
[dna] water wrote 44 bytes to ecology
[dna] water wrote 63 bytes to ecology
[dna] water wrote 27 bytes to ecology
[dna] water wrote 129 bytes to ecology
[debug-onto] tick=200 corpus=175269 stage=2 freeze=0
[dna] water wrote 95 bytes to ecology
[dna] water wrote 24 bytes to ecology
[dna] water wrote 32 bytes to ecology
[dna] water wrote 86 bytes to ecology
[dna] water wrote 67 bytes to ecology
[dna] water wrote 60 bytes to ecology
[dna] water wrote 63 bytes to ecology
[dna] water wrote 54 bytes to ecology
[dna] water wrote 32 bytes to ecology
[dna] water wrote 140 bytes to ecology
[dna] water wrote 46 bytes to ecology
[dna] water wrote 60 bytes to ecology
[dna] water wrote 77 bytes to ecology
[dna] water wrote 117 bytes to ecology
[dna] water wrote 37 bytes to ecology
[dna] water wrote 47 bytes to ecology
[dna] water wrote 37 bytes to ecology
[dna] water wrote 56 bytes to ecology
[dna] water wrote 13 bytes to ecology
[dna] water wrote 117 bytes to ecology
[dna] water wrote 129 bytes to ecology
[dna] water wrote 41 bytes to ecology
[dna] water wrote 111 bytes to ecology
[dna] water wrote 105 bytes to ecology
[debug-onto] tick=250 corpus=175269 stage=2 freeze=0
[dna] water wrote 94 bytes to ecology
[dna] water wrote 100 bytes to ecology
[dna] water wrote 279 bytes to ecology
[dna] water wrote 33 bytes to ecology
[dna] water wrote 74 bytes to ecology
[dna] water wrote 24 bytes to ecology
[dna] water wrote 45 bytes to ecology
[dna] water wrote 183 bytes to ecology
[dna] water wrote 48 bytes to ecology
[dna] water wrote 64 bytes to ecology
[dna] water wrote 38 bytes to ecology
[dna] water wrote 15 bytes to ecology
[dna] water wrote 70 bytes to ecology
[dna] water wrote 50 bytes to ecology
[dna] water wrote 80 bytes to ecology
[dna] water wrote 115 bytes to ecology
[dna] water wrote 71 bytes to ecology
[dna] water wrote 42 bytes to ecology
[dna] water wrote 29 bytes to ecology
[dna] water wrote 66 bytes to ecology
[dna] water wrote 59 bytes to ecology
[dna] water wrote 103 bytes to ecology
[dna] water wrote 48 bytes to ecology
[dna] water wrote 16 bytes to ecology
[debug-onto] tick=300 corpus=175269 stage=2 freeze=0
[dna] water wrote 129 bytes to ecology
[dna] water wrote 45 bytes to ecology
[dna] water wrote 21 bytes to ecology
[dna] water wrote 105 bytes to ecology
[dna] water wrote 91 bytes to ecology
[dna] water wrote 67 bytes to ecology
[dna] water wrote 57 bytes to ecology
[dna] water wrote 38 bytes to ecology
[dna] water wrote 45 bytes to ecology
[dna] water wrote 55 bytes to ecology
[dna] water wrote 218 bytes to ecology
[dna] water wrote 22 bytes to ecology
[dna] water wrote 110 bytes to ecology
[dna] water wrote 15 bytes to ecology
[dna] water wrote 119 bytes to ecology
[dna] water wrote 88 bytes to ecology
[dna] water wrote 106 bytes to ecology
[dna] water wrote 65 bytes to ecology
[dna] water wrote 96 bytes to ecology
[dna] water wrote 106 bytes to ecology
[dna] water wrote 274 bytes to ecology
[dna] water wrote 60 bytes to ecology
[dna] water wrote 44 bytes to ecology
[debug-onto] tick=350 corpus=175269 stage=2 freeze=0
[dna] water wrote 27 bytes to ecology
[dna] water wrote 52 bytes to ecology
[dna] water wrote 150 bytes to ecology
[dna] water wrote 72 bytes to ecology
[dna] water wrote 56 bytes to ecology
[dna] water wrote 101 bytes to ecology
[dna] water wrote 58 bytes to ecology
[dna] water wrote 29 bytes to ecology
[dna] water wrote 22 bytes to ecology
[dna] water wrote 56 bytes to ecology
[dna] water wrote 69 bytes to ecology
[dna] water wrote 52 bytes to ecology
[dna] water wrote 82 bytes to ecology
[dna] water wrote 179 bytes to ecology
[dna] water wrote 115 bytes to ecology
[dna] water wrote 48 bytes to ecology
[dna] water wrote 34 bytes to ecology
[dna] water wrote 33 bytes to ecology
[dna] water wrote 103 bytes to ecology
[dna] water wrote 80 bytes to ecology
[dna] water wrote 99 bytes to ecology
[dna] water wrote 77 bytes to ecology
[dna] water wrote 39 bytes to ecology
[debug-onto] tick=400 corpus=175269 stage=2 freeze=0
[dna] water wrote 73 bytes to ecology
[dna] water wrote 119 bytes to ecology
[dna] water wrote 92 bytes to ecology
[dna] water wrote 54 bytes to ecology
[dna] water wrote 142 bytes to ecology
[dna] water wrote 87 bytes to ecology
[dna] water wrote 10 bytes to ecology
[dna] water wrote 61 bytes to ecology
[dna] water wrote 33 bytes to ecology
[dna] water wrote 128 bytes to ecology
[dna] water wrote 179 bytes to ecology
[dna] water wrote 135 bytes to ecology
[dna] water wrote 53 bytes to ecology
[dna] water wrote 189 bytes to ecology
[dna] water wrote 50 bytes to ecology
[dna] water wrote 175 bytes to ecology
[dna] water wrote 36 bytes to ecology
[dna] water wrote 33 bytes to ecology
[dna] water wrote 39 bytes to ecology
[dna] water wrote 14 bytes to ecology
[dna] water wrote 84 bytes to ecology
[dna] water wrote 30 bytes to ecology
[debug-onto] tick=450 corpus=175269 stage=2 freeze=0
[dna] water wrote 57 bytes to ecology
[dna] water wrote 43 bytes to ecology
[dna] water wrote 72 bytes to ecology
[dna] water wrote 73 bytes to ecology
[dna] water wrote 87 bytes to ecology
[dna] water wrote 37 bytes to ecology
[dna] water wrote 64 bytes to ecology
[dna] water wrote 48 bytes to ecology
[dna] water wrote 39 bytes to ecology
[dna] water wrote 218 bytes to ecology
[dna] water wrote 140 bytes to ecology
[dna] water wrote 75 bytes to ecology
[dna] water wrote 7 bytes to ecology
[dna] water wrote 26 bytes to ecology
[dna] water wrote 122 bytes to ecology
[dna] water wrote 49 bytes to ecology
[dna] water wrote 195 bytes to ecology
[dna] water wrote 45 bytes to ecology
[dna] water wrote 99 bytes to ecology
[dna] water wrote 98 bytes to ecology
[dna] water wrote 64 bytes to ecology
[dna] water wrote 38 bytes to ecology
[dna] water wrote 141 bytes to ecology
[dna] water wrote 16 bytes to ecology
[debug-onto] tick=500 corpus=175269 stage=2 freeze=0
[dna] water wrote 32 bytes to ecology
[dna] water wrote 167 bytes to ecology
[dna] water wrote 55 bytes to ecology
[dna] water wrote 49 bytes to ecology
[dna] water wrote 111 bytes to ecology
[dna] water wrote 77 bytes to ecology
[dna] water wrote 48 bytes to ecology
[dna] water wrote 71 bytes to ecology
[dna] water wrote 33 bytes to ecology
[dna] water wrote 148 bytes to ecology

[evolution] Organism shutting down gracefully.
