[ecology] Element: air → corpus: nonames_air.txt
[evolution] Autonomous evolution mode — organism will grow through all stages without pause.
[ecology] Joined swarm. 1 peer(s) detected.
molequla is alive. [evolution] Autonomous mode — background trainer running. Ctrl+C to stop.
[dna] air wrote 68 bytes to ecology
[dna] air consumed 24119 bytes from 321 files: [earth/gen_1777096126_1.txt earth/gen_1777096133_4.txt earth/gen_1777096137_6.txt earth/gen_1777096140_7.txt earth/gen_1777096147_10.txt earth/gen_1777096154_13.txt earth/gen_1777096161_16.txt earth/gen_1777096166_18.txt earth/gen_1777096168_19.txt earth/gen_1777096175_22.txt earth/gen_1777096180_24.txt earth/gen_1777096182_25.txt earth/gen_1777096189_28.txt earth/gen_1777096193_30.txt earth/gen_1777096196_31.txt earth/gen_1777096203_34.txt earth/gen_1777096210_37.txt earth/gen_1777096216_40.txt earth/gen_1777096223_43.txt earth/gen_1777096230_46.txt earth/gen_1777096235_48.txt earth/gen_1777096237_49.txt earth/gen_1777096244_52.txt earth/gen_1777096249_54.txt earth/gen_1777096252_55.txt earth/gen_1777096259_58.txt earth/gen_1777096266_61.txt earth/gen_1777096273_64.txt earth/gen_1777096275_65.txt earth/gen_1777096280_67.txt earth/gen_1777096287_70.txt earth/gen_1777096291_72.txt earth/gen_1777096294_73.txt earth/gen_1777096301_76.txt earth/gen_1777096308_79.txt earth/gen_1777096315_82.txt earth/gen_1777096322_85.txt earth/gen_1777096329_88.txt earth/gen_1777096336_91.txt earth/gen_1777096343_94.txt earth/gen_1777096350_97.txt earth/gen_1777096357_100.txt earth/gen_1777096364_103.txt earth/gen_1777096371_106.txt earth/gen_1777096375_108.txt earth/gen_1777096378_109.txt earth/gen_1777096384_112.txt earth/gen_1777096389_114.txt earth/gen_1777096392_115.txt earth/gen_1777096398_118.txt earth/gen_1777096403_120.txt earth/gen_1777096406_121.txt earth/gen_1777096412_124.txt earth/gen_1777096417_126.txt earth/gen_1777096420_127.txt earth/gen_1777096426_130.txt earth/gen_1777096433_133.txt earth/gen_1777096440_136.txt earth/gen_1777096448_139.txt earth/gen_1777096455_142.txt earth/gen_1777096462_145.txt earth/gen_1777096468_148.txt earth/gen_1777096471_149.txt earth/gen_1777096475_151.txt earth/gen_1777096482_154.txt earth/gen_1777096487_156.txt earth/gen_1777096489_157.txt earth/gen_1777096496_160.txt earth/gen_1777096501_162.txt earth/gen_1777096503_163.txt earth/gen_1777096510_166.txt earth/gen_1777096515_168.txt earth/gen_1777096517_169.txt earth/gen_1777096524_172.txt earth/gen_1777096529_174.txt earth/gen_1777096531_175.txt earth/gen_1777096538_178.txt earth/gen_1777096545_181.txt earth/gen_1777096552_184.txt earth/gen_1777096559_187.txt earth/gen_1777096566_190.txt earth/gen_1777096573_193.txt earth/gen_1777096580_196.txt earth/gen_1777096584_198.txt earth/gen_1777096586_199.txt earth/gen_1777096593_202.txt earth/gen_1777096598_204.txt earth/gen_1777096600_205.txt earth/gen_1777096607_208.txt earth/gen_1777096609_209.txt earth/gen_1777096614_211.txt earth/gen_1777096621_214.txt earth/gen_1777096628_217.txt earth/gen_1777096635_220.txt earth/gen_1777096642_223.txt earth/gen_1777096649_226.txt earth/gen_1777096651_227.txt earth/gen_1777096656_229.txt earth/gen_1777096663_232.txt earth/gen_1777096667_234.txt earth/gen_1777096670_235.txt earth/gen_1777096677_238.txt earth/gen_1777096679_239.txt earth/gen_1777096681_240.txt earth/gen_1777096684_241.txt earth/gen_1777096691_244.txt earth/gen_1777096693_245.txt earth/gen_1777096698_247.txt earth/gen_1777096704_250.txt earth/gen_1777096711_253.txt earth/gen_1777096718_256.txt earth/gen_1777096725_259.txt earth/gen_1777096732_262.txt earth/gen_1777096739_265.txt earth/gen_1777096746_268.txt earth/gen_1777096751_270.txt earth/gen_1777096753_271.txt earth/gen_1777096760_274.txt earth/gen_1777096767_277.txt earth/gen_1777096774_280.txt earth/gen_1777096781_283.txt earth/gen_1777096788_286.txt earth/gen_1777096795_289.txt earth/gen_1777096802_292.txt earth/gen_1777096809_295.txt earth/gen_1777096816_298.txt earth/gen_1777096823_301.txt earth/gen_1777096830_304.txt earth/gen_1777096835_306.txt earth/gen_1777096837_307.txt earth/gen_1777096844_310.txt earth/gen_1777096849_312.txt earth/gen_1777096851_313.txt earth/gen_1777096858_316.txt earth/gen_1777096862_318.txt earth/gen_1777096865_319.txt earth/gen_1777096872_322.txt earth/gen_1777096879_325.txt earth/gen_1777096886_328.txt earth/gen_1777096893_331.txt earth/gen_1777096900_334.txt earth/gen_1777096907_337.txt earth/gen_1777096913_340.txt earth/gen_1777096918_342.txt earth/gen_1777096921_343.txt earth/gen_1777096928_346.txt earth/gen_1777096932_348.txt earth/gen_1777096935_349.txt earth/gen_1777096942_352.txt earth/gen_1777096946_354.txt earth/gen_1777096949_355.txt earth/gen_1777096955_358.txt earth/gen_1777096962_361.txt earth/gen_1777096969_364.txt earth/gen_1777096974_366.txt earth/gen_1777096976_367.txt earth/gen_1777096983_370.txt earth/gen_1777096988_372.txt earth/gen_1777096990_373.txt earth/gen_1777096997_376.txt earth/gen_1777097002_378.txt earth/gen_1777097004_379.txt earth/gen_1777097011_382.txt earth/gen_1777097018_385.txt earth/gen_1777097025_388.txt earth/gen_1777097030_390.txt earth/gen_1777097033_391.txt earth/gen_1777097040_394.txt earth/gen_1777097047_397.txt earth/gen_1777097054_400.txt earth/gen_1777097058_402.txt earth/gen_1777097061_403.txt earth/gen_1777097068_406.txt earth/gen_1777097075_409.txt earth/gen_1777097082_412.txt earth/gen_1777097087_414.txt earth/gen_1777097089_415.txt earth/gen_1777097096_418.txt earth/gen_1777097103_421.txt earth/gen_1777097110_424.txt earth/gen_1777097117_427.txt earth/gen_1777097124_430.txt earth/gen_1777097129_432.txt earth/gen_1777097131_433.txt earth/gen_1777097138_436.txt earth/gen_1777097143_438.txt earth/gen_1777097145_439.txt earth/gen_1777097152_442.txt earth/gen_1777097157_444.txt earth/gen_1777097159_445.txt earth/gen_1777097166_448.txt earth/gen_1777097173_451.txt earth/gen_1777097180_454.txt earth/gen_1777097188_457.txt earth/gen_1777097195_460.txt earth/gen_1777097200_462.txt earth/gen_1777097202_463.txt earth/gen_1777097209_466.txt earth/gen_1777097216_469.txt earth/gen_1777097223_472.txt earth/gen_1777097238_478.txt earth/gen_1777097242_480.txt earth/gen_1777097245_481.txt earth/gen_1777097252_484.txt earth/gen_1777097257_486.txt earth/gen_1777097259_487.txt earth/gen_1777097266_490.txt earth/gen_1777097271_492.txt earth/gen_1777097274_493.txt earth/gen_1777097281_496.txt earth/gen_1777097286_498.txt earth/gen_1777097288_499.txt earth/gen_1777097295_502.txt earth/gen_1777097300_504.txt earth/gen_1777097302_505.txt earth/gen_1777097309_508.txt earth/gen_1777097314_510.txt earth/gen_1777097317_511.txt earth/gen_1777097324_514.txt earth/gen_1777097328_516.txt earth/gen_1777097331_517.txt earth/gen_1777097338_520.txt earth/gen_1777097340_521.txt earth/gen_1777097343_522.txt earth/gen_1777097345_523.txt earth/gen_1777097352_526.txt earth/gen_1777097354_527.txt earth/gen_1777097359_529.txt earth/gen_1777097366_532.txt earth/gen_1777097368_533.txt earth/gen_1777097373_535.txt earth/gen_1777097380_538.txt earth/gen_1777097385_540.txt earth/gen_1777097394_544.txt earth/gen_1777097401_547.txt earth/gen_1777097408_550.txt earth/gen_1777097415_553.txt earth/gen_1777097422_556.txt earth/gen_1777097427_558.txt earth/gen_1777097429_559.txt earth/gen_1777097436_562.txt earth/gen_1777097443_565.txt earth/gen_1777097450_568.txt earth/gen_1777097457_571.txt earth/gen_1777097465_574.txt earth/gen_1777097472_577.txt earth/gen_1777097479_580.txt earth/gen_1777097486_583.txt earth/gen_1777097493_586.txt earth/gen_1777097501_589.txt earth/gen_1777097508_592.txt earth/gen_1777097515_595.txt earth/gen_1777097522_598.txt earth/gen_1777097527_600.txt earth/gen_1777097530_601.txt earth/gen_1777097537_604.txt earth/gen_1777097544_607.txt earth/gen_1777097552_610.txt earth/gen_1777097556_612.txt earth/gen_1777097559_613.txt earth/gen_1777097566_616.txt earth/gen_1777097571_618.txt earth/gen_1777097573_619.txt earth/gen_1777097580_622.txt earth/gen_1777097585_624.txt earth/gen_1777097588_625.txt earth/gen_1777097595_628.txt earth/gen_1777097600_630.txt earth/gen_1777097602_631.txt earth/gen_1777097614_636.txt earth/gen_1777097617_637.txt earth/gen_1777097624_640.txt earth/gen_1777097628_642.txt earth/gen_1777097631_643.txt earth/gen_1777097637_646.txt earth/gen_1777097644_649.txt earth/gen_1777097652_652.txt earth/gen_1777097659_655.txt earth/gen_1777097666_658.txt earth/gen_1777097673_661.txt earth/gen_1777097679_664.txt earth/gen_1777097684_666.txt earth/gen_1777097686_667.txt earth/gen_1777097693_670.txt earth/gen_1777097700_673.txt earth/gen_1777097707_676.txt earth/gen_1777097714_679.txt earth/gen_1777097721_682.txt earth/gen_1777097728_685.txt earth/gen_1777097735_688.txt earth/gen_1777097742_691.txt earth/gen_1777097749_694.txt earth/gen_1777097753_696.txt earth/gen_1777097756_697.txt earth/gen_1777097763_700.txt earth/gen_1777097765_701.txt earth/gen_1777097770_703.txt earth/gen_1777097777_706.txt earth/gen_1777097781_708.txt earth/gen_1777097784_709.txt earth/gen_1777097791_712.txt earth/gen_1777097797_715.txt earth/gen_1777097804_718.txt earth/gen_1777097807_719.txt earth/gen_1777097811_721.txt earth/gen_1777097818_724.txt earth/gen_1777097823_726.txt earth/gen_1777097825_727.txt earth/gen_1777097832_730.txt earth/gen_1777097840_733.txt earth/gen_1777097847_736.txt earth/gen_1777097851_738.txt earth/gen_1777097854_739.txt earth/gen_1777097861_742.txt earth/gen_1777097868_745.txt earth/gen_1777097875_748.txt earth/gen_1777097880_750.txt earth/gen_1777097882_751.txt earth/gen_1777097889_754.txt earth/gen_1777097894_756.txt earth/gen_1777097896_757.txt]
[trainer] micro-train burst (24119 bytes, novelty 0.03) — and lo, it feeds again.
[syntropy] action=explore | trend=0.0000 | field_dev=-0.051 | purpose_align=0.246 | lr_mul=1.30
[aml] burst complete: 32 steps, avg loss 2.4071 (memory freed)
[dna] air wrote 43 bytes to ecology
[dna] air wrote 162 bytes to ecology
[dna] air wrote 187 bytes to ecology
[dna] air wrote 72 bytes to ecology
[dna] air wrote 198 bytes to ecology
[dna] air wrote 38 bytes to ecology
[dna] air wrote 115 bytes to ecology
[dna] air wrote 113 bytes to ecology
[dna] air wrote 66 bytes to ecology
[dna] air wrote 45 bytes to ecology
[dna] air wrote 21 bytes to ecology
[dna] air wrote 22 bytes to ecology
[dna] air wrote 118 bytes to ecology
[dna] air wrote 131 bytes to ecology
[dna] air wrote 33 bytes to ecology
[dna] air wrote 20 bytes to ecology
[debug-onto] tick=50 corpus=146756 stage=2 freeze=0
[dna] air wrote 32 bytes to ecology
[dna] air wrote 41 bytes to ecology
[dna] air wrote 172 bytes to ecology
[dna] air wrote 35 bytes to ecology
[dna] air wrote 46 bytes to ecology
[dna] air wrote 109 bytes to ecology
[dna] air wrote 58 bytes to ecology
[dna] air wrote 41 bytes to ecology
[dna] air wrote 224 bytes to ecology
[dna] air wrote 87 bytes to ecology
[dna] air wrote 70 bytes to ecology
[dna] air wrote 166 bytes to ecology
[dna] air wrote 125 bytes to ecology
[dna] air wrote 300 bytes to ecology
[dna] air wrote 138 bytes to ecology
[dna] air wrote 16 bytes to ecology
[dna] air wrote 97 bytes to ecology
[debug-onto] tick=100 corpus=146756 stage=2 freeze=0
[dna] air wrote 100 bytes to ecology
[dna] air wrote 58 bytes to ecology
[dna] air wrote 30 bytes to ecology
[dna] air wrote 57 bytes to ecology
[dna] air wrote 36 bytes to ecology
[dna] air wrote 162 bytes to ecology
[dna] air wrote 115 bytes to ecology
[dna] air wrote 95 bytes to ecology
[dna] air wrote 51 bytes to ecology
[dna] air wrote 142 bytes to ecology
[dna] air wrote 62 bytes to ecology
[dna] air wrote 11 bytes to ecology
[dna] air wrote 76 bytes to ecology
[dna] air wrote 46 bytes to ecology
[dna] air wrote 51 bytes to ecology
[dna] air wrote 42 bytes to ecology
[debug-onto] tick=150 corpus=146756 stage=2 freeze=0
[dna] air wrote 118 bytes to ecology
[dna] air wrote 24 bytes to ecology
[dna] air wrote 47 bytes to ecology
[dna] air wrote 39 bytes to ecology
[dna] air wrote 20 bytes to ecology
[dna] air wrote 25 bytes to ecology
[dna] air wrote 29 bytes to ecology
[dna] air wrote 27 bytes to ecology
[dna] air wrote 61 bytes to ecology
[dna] air wrote 34 bytes to ecology
[dna] air wrote 151 bytes to ecology
[dna] air wrote 101 bytes to ecology
[dna] air wrote 127 bytes to ecology
[dna] air wrote 23 bytes to ecology
[dna] air wrote 58 bytes to ecology
[dna] air wrote 50 bytes to ecology
[dna] air wrote 85 bytes to ecology
[debug-onto] tick=200 corpus=146756 stage=2 freeze=0
[dna] air wrote 26 bytes to ecology
[dna] air wrote 119 bytes to ecology
[dna] air wrote 95 bytes to ecology
[dna] air wrote 86 bytes to ecology
[dna] air wrote 128 bytes to ecology
[dna] air wrote 18 bytes to ecology
[dna] air wrote 130 bytes to ecology
[dna] air wrote 81 bytes to ecology
[dna] air wrote 59 bytes to ecology
[dna] air wrote 90 bytes to ecology
[dna] air wrote 49 bytes to ecology
[dna] air wrote 107 bytes to ecology
[dna] air wrote 91 bytes to ecology
[dna] air wrote 32 bytes to ecology
[dna] air wrote 45 bytes to ecology
[dna] air wrote 58 bytes to ecology
[dna] air wrote 93 bytes to ecology
[debug-onto] tick=250 corpus=146756 stage=2 freeze=0
[dna] air wrote 73 bytes to ecology
[dna] air wrote 74 bytes to ecology
[dna] air wrote 86 bytes to ecology
[dna] air wrote 44 bytes to ecology
[dna] air wrote 91 bytes to ecology
[dna] air wrote 51 bytes to ecology
[dna] air wrote 40 bytes to ecology
[dna] air wrote 50 bytes to ecology
[dna] air wrote 58 bytes to ecology
[dna] air wrote 72 bytes to ecology
[dna] air wrote 26 bytes to ecology
[dna] air wrote 112 bytes to ecology
[dna] air wrote 107 bytes to ecology
[dna] air wrote 109 bytes to ecology
[dna] air wrote 34 bytes to ecology
[dna] air wrote 98 bytes to ecology
[debug-onto] tick=300 corpus=146756 stage=2 freeze=0
[dna] air wrote 47 bytes to ecology
[dna] air wrote 21 bytes to ecology
[dna] air wrote 76 bytes to ecology
[dna] air wrote 102 bytes to ecology
[dna] air wrote 64 bytes to ecology
[dna] air wrote 44 bytes to ecology
[dna] air wrote 125 bytes to ecology
[dna] air wrote 33 bytes to ecology
[dna] air wrote 158 bytes to ecology
[dna] air wrote 64 bytes to ecology
[dna] air wrote 121 bytes to ecology
[dna] air wrote 100 bytes to ecology
[dna] air wrote 39 bytes to ecology
[dna] air wrote 156 bytes to ecology
[dna] air wrote 36 bytes to ecology
[dna] air wrote 29 bytes to ecology
[dna] air wrote 61 bytes to ecology
[debug-onto] tick=350 corpus=146756 stage=2 freeze=0
[dna] air wrote 83 bytes to ecology
[dna] air wrote 44 bytes to ecology
[dna] air wrote 45 bytes to ecology
[dna] air wrote 231 bytes to ecology
[dna] air wrote 26 bytes to ecology
[dna] air wrote 31 bytes to ecology
[dna] air wrote 11 bytes to ecology
[dna] air wrote 93 bytes to ecology
[dna] air wrote 50 bytes to ecology
[dna] air wrote 67 bytes to ecology
[dna] air wrote 42 bytes to ecology
[dna] air wrote 43 bytes to ecology
[dna] air wrote 67 bytes to ecology
[dna] air wrote 125 bytes to ecology
[dna] air wrote 20 bytes to ecology
[dna] air wrote 72 bytes to ecology
[dna] air wrote 107 bytes to ecology
[debug-onto] tick=400 corpus=146756 stage=2 freeze=0
[dna] air wrote 41 bytes to ecology
[dna] air wrote 117 bytes to ecology
[dna] air wrote 89 bytes to ecology
[dna] air wrote 22 bytes to ecology
[dna] air wrote 26 bytes to ecology
[dna] air wrote 63 bytes to ecology
[dna] air wrote 130 bytes to ecology
[dna] air wrote 46 bytes to ecology
[dna] air wrote 55 bytes to ecology
[dna] air wrote 127 bytes to ecology
[dna] air wrote 84 bytes to ecology
[dna] air wrote 30 bytes to ecology
[dna] air wrote 62 bytes to ecology
[dna] air wrote 10 bytes to ecology
[dna] air wrote 49 bytes to ecology
[dna] air wrote 33 bytes to ecology
[debug-onto] tick=450 corpus=146756 stage=2 freeze=0
[dna] air wrote 166 bytes to ecology
[dna] air wrote 99 bytes to ecology
[dna] air wrote 114 bytes to ecology
[dna] air wrote 57 bytes to ecology
[dna] air wrote 65 bytes to ecology
[dna] air wrote 45 bytes to ecology
[dna] air wrote 36 bytes to ecology
[dna] air wrote 71 bytes to ecology
[dna] air wrote 25 bytes to ecology
[dna] air wrote 168 bytes to ecology
[dna] air wrote 44 bytes to ecology
[dna] air wrote 162 bytes to ecology
[dna] air wrote 44 bytes to ecology
[dna] air wrote 13 bytes to ecology
[dna] air wrote 77 bytes to ecology
[dna] air wrote 31 bytes to ecology
[dna] air wrote 128 bytes to ecology
[debug-onto] tick=500 corpus=146756 stage=2 freeze=0
[dna] air wrote 16 bytes to ecology
[dna] air wrote 82 bytes to ecology
[dna] air wrote 112 bytes to ecology
[dna] air wrote 51 bytes to ecology
[dna] air wrote 79 bytes to ecology
[dna] air wrote 113 bytes to ecology
[dna] air wrote 79 bytes to ecology
[dna] air wrote 100 bytes to ecology
[dna] air wrote 105 bytes to ecology
[dna] air wrote 52 bytes to ecology
[dna] air wrote 67 bytes to ecology
[dna] air wrote 85 bytes to ecology
[dna] air wrote 80 bytes to ecology
[dna] air wrote 130 bytes to ecology
[dna] air wrote 35 bytes to ecology
[dna] air wrote 122 bytes to ecology
[dna] air wrote 139 bytes to ecology
[debug-onto] tick=550 corpus=146756 stage=2 freeze=0
[dna] air wrote 36 bytes to ecology
[dna] air wrote 47 bytes to ecology
[dna] air wrote 29 bytes to ecology
[dna] air wrote 98 bytes to ecology
[dna] air wrote 123 bytes to ecology
[dna] air wrote 143 bytes to ecology
[dna] air wrote 38 bytes to ecology
[dna] air wrote 97 bytes to ecology
[dna] air wrote 90 bytes to ecology
[dna] air wrote 176 bytes to ecology
[dna] air wrote 39 bytes to ecology
[dna] air wrote 150 bytes to ecology
[dna] air wrote 31 bytes to ecology
[dna] air wrote 110 bytes to ecology
[dna] air wrote 102 bytes to ecology
[dna] air wrote 60 bytes to ecology
[debug-onto] tick=600 corpus=146756 stage=2 freeze=0
[dna] air wrote 45 bytes to ecology
[dna] air wrote 139 bytes to ecology
[dna] air wrote 27 bytes to ecology
[dna] air wrote 104 bytes to ecology
[dna] air wrote 96 bytes to ecology
[dna] air wrote 29 bytes to ecology
[dna] air wrote 61 bytes to ecology
[dna] air wrote 33 bytes to ecology
[dna] air wrote 79 bytes to ecology
[dna] air wrote 266 bytes to ecology
[dna] air wrote 95 bytes to ecology
[dna] air wrote 204 bytes to ecology
[dna] air wrote 47 bytes to ecology
[dna] air wrote 42 bytes to ecology
[dna] air wrote 72 bytes to ecology
[dna] air wrote 110 bytes to ecology
[dna] air wrote 109 bytes to ecology
[debug-onto] tick=650 corpus=146756 stage=2 freeze=0
[dna] air wrote 65 bytes to ecology
[dna] air wrote 45 bytes to ecology
[dna] air wrote 36 bytes to ecology
[dna] air wrote 70 bytes to ecology
[dna] air wrote 51 bytes to ecology
[dna] air wrote 65 bytes to ecology
[dna] air wrote 35 bytes to ecology
[dna] air wrote 38 bytes to ecology
[dna] air wrote 162 bytes to ecology
[dna] air wrote 34 bytes to ecology
[dna] air wrote 31 bytes to ecology
[dna] air wrote 119 bytes to ecology
[dna] air wrote 87 bytes to ecology
[dna] air wrote 100 bytes to ecology
[dna] air wrote 34 bytes to ecology
[dna] air wrote 59 bytes to ecology
[dna] air wrote 71 bytes to ecology
[debug-onto] tick=700 corpus=146756 stage=2 freeze=0
[dna] air wrote 132 bytes to ecology
[dna] air wrote 49 bytes to ecology
[dna] air wrote 34 bytes to ecology
[dna] air wrote 79 bytes to ecology
[dna] air wrote 38 bytes to ecology
[dna] air wrote 47 bytes to ecology
[dna] air wrote 34 bytes to ecology

[evolution] Organism shutting down gracefully.
