[ecology] Element: fire → corpus: nonames_fire.txt
[evolution] Autonomous evolution mode — organism will grow through all stages without pause.
[ecology] Joined swarm. 1 peer(s) detected.
molequla is alive. [evolution] Autonomous mode — background trainer running. Ctrl+C to stop.
[dna] fire wrote 56 bytes to ecology
[dna] fire consumed 26746 bytes from 427 files: [water/gen_1777099700_1.txt water/gen_1777099716_4.txt water/gen_1777099718_5.txt water/gen_1777099721_6.txt water/gen_1777099723_7.txt water/gen_1777099731_10.txt water/gen_1777099733_11.txt water/gen_1777099736_12.txt water/gen_1777099738_13.txt water/gen_1777099746_16.txt water/gen_1777099748_17.txt water/gen_1777099751_18.txt water/gen_1777099754_19.txt water/gen_1777099761_22.txt water/gen_1777099764_23.txt water/gen_1777099766_24.txt water/gen_1777099769_25.txt water/gen_1777099776_28.txt water/gen_1777099781_30.txt water/gen_1777099784_31.txt water/gen_1777099792_34.txt water/gen_1777099797_36.txt water/gen_1777099800_37.txt water/gen_1777099808_40.txt water/gen_1777099810_41.txt water/gen_1777099813_42.txt water/gen_1777099815_43.txt water/gen_1777099823_46.txt water/gen_1777099826_47.txt water/gen_1777099828_48.txt water/gen_1777099831_49.txt water/gen_1777099839_52.txt water/gen_1777099844_54.txt water/gen_1777099847_55.txt water/gen_1777099854_58.txt water/gen_1777099860_60.txt water/gen_1777099862_61.txt water/gen_1777099870_64.txt water/gen_1777099875_66.txt water/gen_1777099878_67.txt water/gen_1777099886_70.txt water/gen_1777099891_72.txt water/gen_1777099893_73.txt water/gen_1777099901_76.txt water/gen_1777099904_77.txt water/gen_1777099907_78.txt water/gen_1777099909_79.txt water/gen_1777099917_82.txt water/gen_1777099920_83.txt water/gen_1777099922_84.txt water/gen_1777099925_85.txt water/gen_1777099928_86.txt water/gen_1777099933_88.txt water/gen_1777099935_89.txt water/gen_1777099938_90.txt water/gen_1777099941_91.txt water/gen_1777099948_94.txt water/gen_1777099951_95.txt water/gen_1777099954_96.txt water/gen_1777099956_97.txt water/gen_1777099964_100.txt water/gen_1777099969_102.txt water/gen_1777099972_103.txt water/gen_1777099980_106.txt water/gen_1777099982_107.txt water/gen_1777099985_108.txt water/gen_1777099987_109.txt water/gen_1777099995_112.txt water/gen_1777099998_113.txt water/gen_1777100001_114.txt water/gen_1777100003_115.txt water/gen_1777100011_118.txt water/gen_1777100014_119.txt water/gen_1777100016_120.txt water/gen_1777100019_121.txt water/gen_1777100026_124.txt water/gen_1777100032_126.txt water/gen_1777100034_127.txt water/gen_1777100037_128.txt water/gen_1777100042_130.txt water/gen_1777100047_132.txt water/gen_1777100050_133.txt water/gen_1777100058_136.txt water/gen_1777100060_137.txt water/gen_1777100063_138.txt water/gen_1777100065_139.txt water/gen_1777100073_142.txt water/gen_1777100076_143.txt water/gen_1777100079_144.txt water/gen_1777100081_145.txt water/gen_1777100089_148.txt water/gen_1777100091_149.txt water/gen_1777100094_150.txt water/gen_1777100097_151.txt water/gen_1777100104_154.txt water/gen_1777100107_155.txt water/gen_1777100109_156.txt water/gen_1777100112_157.txt water/gen_1777100119_160.txt water/gen_1777100122_161.txt water/gen_1777100125_162.txt water/gen_1777100127_163.txt water/gen_1777100135_166.txt water/gen_1777100140_168.txt water/gen_1777100142_169.txt water/gen_1777100150_172.txt water/gen_1777100155_174.txt water/gen_1777100157_175.txt water/gen_1777100165_178.txt water/gen_1777100167_179.txt water/gen_1777100170_180.txt water/gen_1777100172_181.txt water/gen_1777100180_184.txt water/gen_1777100185_186.txt water/gen_1777100187_187.txt water/gen_1777100195_190.txt water/gen_1777100200_192.txt water/gen_1777100202_193.txt water/gen_1777100210_196.txt water/gen_1777100212_197.txt water/gen_1777100215_198.txt water/gen_1777100217_199.txt water/gen_1777100225_202.txt water/gen_1777100227_203.txt water/gen_1777100230_204.txt water/gen_1777100232_205.txt water/gen_1777100240_208.txt water/gen_1777100245_210.txt water/gen_1777100247_211.txt water/gen_1777100255_214.txt water/gen_1777100260_216.txt water/gen_1777100263_217.txt water/gen_1777100270_220.txt water/gen_1777100273_221.txt water/gen_1777100275_222.txt water/gen_1777100278_223.txt water/gen_1777100285_226.txt water/gen_1777100288_227.txt water/gen_1777100290_228.txt water/gen_1777100293_229.txt water/gen_1777100295_230.txt water/gen_1777100300_232.txt water/gen_1777100303_233.txt water/gen_1777100306_234.txt water/gen_1777100308_235.txt water/gen_1777100316_238.txt water/gen_1777100321_240.txt water/gen_1777100323_241.txt water/gen_1777100331_244.txt water/gen_1777100333_245.txt water/gen_1777100336_246.txt water/gen_1777100338_247.txt water/gen_1777100346_250.txt water/gen_1777100348_251.txt water/gen_1777100351_252.txt water/gen_1777100361_256.txt water/gen_1777100366_258.txt water/gen_1777100369_259.txt water/gen_1777100376_262.txt water/gen_1777100379_263.txt water/gen_1777100384_265.txt water/gen_1777100392_268.txt water/gen_1777100394_269.txt water/gen_1777100397_270.txt water/gen_1777100399_271.txt water/gen_1777100402_272.txt water/gen_1777100407_274.txt water/gen_1777100409_275.txt water/gen_1777100412_276.txt water/gen_1777100414_277.txt water/gen_1777100422_280.txt water/gen_1777100427_282.txt water/gen_1777100429_283.txt water/gen_1777100437_286.txt water/gen_1777100442_288.txt water/gen_1777100444_289.txt water/gen_1777100452_292.txt water/gen_1777100454_293.txt water/gen_1777100457_294.txt water/gen_1777100459_295.txt water/gen_1777100467_298.txt water/gen_1777100469_299.txt water/gen_1777100472_300.txt water/gen_1777100474_301.txt water/gen_1777100482_304.txt water/gen_1777100487_306.txt water/gen_1777100489_307.txt water/gen_1777100497_310.txt water/gen_1777100502_312.txt water/gen_1777100504_313.txt water/gen_1777100512_316.txt water/gen_1777100514_317.txt water/gen_1777100517_318.txt water/gen_1777100519_319.txt water/gen_1777100527_322.txt water/gen_1777100532_324.txt water/gen_1777100534_325.txt water/gen_1777100542_328.txt water/gen_1777100544_329.txt water/gen_1777100547_330.txt water/gen_1777100549_331.txt water/gen_1777100557_334.txt water/gen_1777100562_336.txt water/gen_1777100564_337.txt water/gen_1777100572_340.txt water/gen_1777100577_342.txt water/gen_1777100579_343.txt water/gen_1777100587_346.txt water/gen_1777100592_348.txt water/gen_1777100594_349.txt water/gen_1777100602_352.txt water/gen_1777100607_354.txt water/gen_1777100609_355.txt water/gen_1777100612_356.txt water/gen_1777100617_358.txt water/gen_1777100619_359.txt water/gen_1777100622_360.txt water/gen_1777100624_361.txt water/gen_1777100632_364.txt water/gen_1777100637_366.txt water/gen_1777100639_367.txt water/gen_1777100647_370.txt water/gen_1777100649_371.txt water/gen_1777100652_372.txt water/gen_1777100654_373.txt water/gen_1777100662_376.txt water/gen_1777100664_377.txt water/gen_1777100667_378.txt water/gen_1777100669_379.txt water/gen_1777100677_382.txt water/gen_1777100679_383.txt water/gen_1777100682_384.txt water/gen_1777100684_385.txt water/gen_1777100687_386.txt water/gen_1777100692_388.txt water/gen_1777100697_390.txt water/gen_1777100699_391.txt water/gen_1777100707_394.txt water/gen_1777100710_395.txt water/gen_1777100713_396.txt water/gen_1777100715_397.txt water/gen_1777100723_400.txt water/gen_1777100726_401.txt water/gen_1777100728_402.txt water/gen_1777100731_403.txt water/gen_1777100738_406.txt water/gen_1777100744_408.txt water/gen_1777100746_409.txt water/gen_1777100754_412.txt water/gen_1777100756_413.txt water/gen_1777100759_414.txt water/gen_1777100761_415.txt water/gen_1777100769_418.txt water/gen_1777100774_420.txt water/gen_1777100777_421.txt water/gen_1777100784_424.txt water/gen_1777100789_426.txt water/gen_1777100792_427.txt water/gen_1777100799_430.txt water/gen_1777100804_432.txt water/gen_1777100807_433.txt water/gen_1777100809_434.txt water/gen_1777100814_436.txt water/gen_1777100817_437.txt water/gen_1777100819_438.txt water/gen_1777100822_439.txt water/gen_1777100829_442.txt water/gen_1777100832_443.txt water/gen_1777100835_444.txt water/gen_1777100837_445.txt water/gen_1777100845_448.txt water/gen_1777100847_449.txt water/gen_1777100850_450.txt water/gen_1777100852_451.txt water/gen_1777100860_454.txt water/gen_1777100865_456.txt water/gen_1777100867_457.txt water/gen_1777100875_460.txt water/gen_1777100880_462.txt water/gen_1777100882_463.txt water/gen_1777100890_466.txt water/gen_1777100892_467.txt water/gen_1777100895_468.txt water/gen_1777100897_469.txt water/gen_1777100905_472.txt water/gen_1777100908_473.txt water/gen_1777100910_474.txt water/gen_1777100913_475.txt water/gen_1777100920_478.txt water/gen_1777100923_479.txt water/gen_1777100925_480.txt water/gen_1777100928_481.txt water/gen_1777100935_484.txt water/gen_1777100938_485.txt water/gen_1777100940_486.txt water/gen_1777100943_487.txt water/gen_1777100950_490.txt water/gen_1777100953_491.txt water/gen_1777100956_492.txt water/gen_1777100958_493.txt water/gen_1777100966_496.txt water/gen_1777100968_497.txt water/gen_1777100971_498.txt water/gen_1777100973_499.txt water/gen_1777100981_502.txt water/gen_1777100983_503.txt water/gen_1777100986_504.txt water/gen_1777100989_505.txt water/gen_1777100996_508.txt water/gen_1777101001_510.txt water/gen_1777101004_511.txt water/gen_1777101011_514.txt water/gen_1777101016_516.txt water/gen_1777101019_517.txt water/gen_1777101022_518.txt water/gen_1777101027_520.txt water/gen_1777101032_522.txt water/gen_1777101034_523.txt water/gen_1777101042_526.txt water/gen_1777101047_528.txt water/gen_1777101050_529.txt water/gen_1777101057_532.txt water/gen_1777101060_533.txt water/gen_1777101062_534.txt water/gen_1777101065_535.txt water/gen_1777101072_538.txt water/gen_1777101075_539.txt water/gen_1777101078_540.txt water/gen_1777101080_541.txt water/gen_1777101088_544.txt water/gen_1777101093_546.txt water/gen_1777101095_547.txt water/gen_1777101103_550.txt water/gen_1777101108_552.txt water/gen_1777101110_553.txt water/gen_1777101118_556.txt water/gen_1777101121_557.txt water/gen_1777101123_558.txt water/gen_1777101126_559.txt water/gen_1777101133_562.txt water/gen_1777101138_564.txt water/gen_1777101141_565.txt water/gen_1777101148_568.txt water/gen_1777101151_569.txt water/gen_1777101153_570.txt water/gen_1777101156_571.txt water/gen_1777101164_574.txt water/gen_1777101166_575.txt water/gen_1777101169_576.txt water/gen_1777101171_577.txt water/gen_1777101179_580.txt water/gen_1777101184_582.txt water/gen_1777101186_583.txt water/gen_1777101194_586.txt water/gen_1777101199_588.txt water/gen_1777101201_589.txt water/gen_1777101204_590.txt water/gen_1777101209_592.txt water/gen_1777101212_593.txt water/gen_1777101214_594.txt water/gen_1777101217_595.txt water/gen_1777101224_598.txt water/gen_1777101229_600.txt water/gen_1777101232_601.txt water/gen_1777101239_604.txt water/gen_1777101242_605.txt water/gen_1777101244_606.txt water/gen_1777101247_607.txt water/gen_1777101254_610.txt water/gen_1777101257_611.txt water/gen_1777101259_612.txt water/gen_1777101262_613.txt water/gen_1777101269_616.txt water/gen_1777101274_618.txt water/gen_1777101277_619.txt water/gen_1777101285_622.txt water/gen_1777101287_623.txt water/gen_1777101290_624.txt water/gen_1777101292_625.txt water/gen_1777101300_628.txt water/gen_1777101302_629.txt water/gen_1777101305_630.txt water/gen_1777101307_631.txt water/gen_1777101315_634.txt water/gen_1777101317_635.txt water/gen_1777101320_636.txt water/gen_1777101322_637.txt water/gen_1777101330_640.txt water/gen_1777101335_642.txt water/gen_1777101337_643.txt water/gen_1777101345_646.txt water/gen_1777101350_648.txt water/gen_1777101352_649.txt water/gen_1777101360_652.txt water/gen_1777101362_653.txt water/gen_1777101365_654.txt water/gen_1777101367_655.txt water/gen_1777101375_658.txt water/gen_1777101380_660.txt water/gen_1777101382_661.txt water/gen_1777101390_664.txt water/gen_1777101395_666.txt water/gen_1777101397_667.txt water/gen_1777101405_670.txt water/gen_1777101410_672.txt water/gen_1777101412_673.txt water/gen_1777101420_676.txt water/gen_1777101422_677.txt water/gen_1777101425_678.txt water/gen_1777101427_679.txt water/gen_1777101435_682.txt water/gen_1777101437_683.txt water/gen_1777101440_684.txt water/gen_1777101442_685.txt water/gen_1777101450_688.txt water/gen_1777101452_689.txt water/gen_1777101455_690.txt water/gen_1777101457_691.txt water/gen_1777101465_694.txt water/gen_1777101467_695.txt water/gen_1777101470_696.txt water/gen_1777101472_697.txt water/gen_1777101480_700.txt water/gen_1777101485_702.txt water/gen_1777101487_703.txt water/gen_1777101490_704.txt water/gen_1777101495_706.txt]
[trainer] micro-train burst (26746 bytes, novelty 0.02) — and lo, it feeds again.
[syntropy] action=explore | trend=0.0000 | field_dev=0.012 | purpose_align=0.260 | lr_mul=1.30
[aml] burst complete: 32 steps, avg loss 1.7081 (memory freed)
[dna] fire wrote 31 bytes to ecology
[dna] fire wrote 27 bytes to ecology
[dna] fire wrote 130 bytes to ecology
[dna] fire wrote 26 bytes to ecology
[dna] fire wrote 44 bytes to ecology
[dna] fire wrote 87 bytes to ecology
[dna] fire wrote 70 bytes to ecology
[dna] fire wrote 55 bytes to ecology
[dna] fire wrote 29 bytes to ecology
[dna] fire wrote 80 bytes to ecology
[dna] fire wrote 34 bytes to ecology
[dna] fire wrote 64 bytes to ecology
[dna] fire wrote 172 bytes to ecology
[dna] fire wrote 84 bytes to ecology
[dna] fire wrote 27 bytes to ecology
[dna] fire wrote 105 bytes to ecology
[dna] fire wrote 105 bytes to ecology
[dna] fire wrote 49 bytes to ecology
[dna] fire wrote 234 bytes to ecology
[dna] fire wrote 55 bytes to ecology
[dna] fire wrote 73 bytes to ecology
[dna] fire wrote 19 bytes to ecology
[dna] fire wrote 88 bytes to ecology
[dna] fire wrote 49 bytes to ecology
[dna] fire wrote 153 bytes to ecology
[debug-onto] tick=50 corpus=149073 stage=2 freeze=0
[dna] fire wrote 9 bytes to ecology
[dna] fire wrote 18 bytes to ecology
[dna] fire wrote 76 bytes to ecology
[dna] fire wrote 30 bytes to ecology
[dna] fire wrote 26 bytes to ecology
[dna] fire wrote 90 bytes to ecology
[dna] fire wrote 86 bytes to ecology
[dna] fire wrote 127 bytes to ecology
[dna] fire wrote 23 bytes to ecology
[dna] fire wrote 86 bytes to ecology
[dna] fire wrote 18 bytes to ecology
[dna] fire wrote 126 bytes to ecology
[dna] fire wrote 28 bytes to ecology
[dna] fire wrote 74 bytes to ecology
[dna] fire wrote 38 bytes to ecology
[dna] fire wrote 130 bytes to ecology
[dna] fire wrote 64 bytes to ecology
[dna] fire wrote 59 bytes to ecology
[dna] fire wrote 62 bytes to ecology
[dna] fire wrote 72 bytes to ecology
[dna] fire wrote 43 bytes to ecology
[dna] fire wrote 116 bytes to ecology
[dna] fire wrote 62 bytes to ecology
[dna] fire wrote 30 bytes to ecology
[dna] fire wrote 54 bytes to ecology
[dna] fire wrote 87 bytes to ecology
[dna] fire wrote 167 bytes to ecology
[debug-onto] tick=100 corpus=149073 stage=2 freeze=0
[dna] fire wrote 30 bytes to ecology
[dna] fire wrote 126 bytes to ecology
[dna] fire wrote 121 bytes to ecology
[dna] fire wrote 77 bytes to ecology
[dna] fire wrote 161 bytes to ecology
[dna] fire wrote 40 bytes to ecology
[dna] fire wrote 23 bytes to ecology
[dna] fire wrote 68 bytes to ecology
[dna] fire wrote 80 bytes to ecology
[dna] fire wrote 11 bytes to ecology
[dna] fire wrote 50 bytes to ecology
[dna] fire wrote 70 bytes to ecology
[dna] fire wrote 50 bytes to ecology
[dna] fire wrote 33 bytes to ecology
[dna] fire wrote 25 bytes to ecology
[dna] fire wrote 32 bytes to ecology
[dna] fire wrote 80 bytes to ecology
[dna] fire wrote 96 bytes to ecology
[dna] fire wrote 41 bytes to ecology
[dna] fire wrote 96 bytes to ecology
[dna] fire wrote 63 bytes to ecology
[dna] fire wrote 156 bytes to ecology
[dna] fire wrote 17 bytes to ecology
[dna] fire wrote 91 bytes to ecology
[dna] fire wrote 24 bytes to ecology
[dna] fire wrote 42 bytes to ecology
[debug-onto] tick=150 corpus=149073 stage=2 freeze=0
[dna] fire wrote 34 bytes to ecology
[dna] fire wrote 136 bytes to ecology
[dna] fire wrote 29 bytes to ecology
[dna] fire wrote 69 bytes to ecology
[dna] fire wrote 77 bytes to ecology
[dna] fire wrote 131 bytes to ecology
[dna] fire wrote 94 bytes to ecology
[dna] fire wrote 95 bytes to ecology
[dna] fire wrote 72 bytes to ecology
[dna] fire wrote 35 bytes to ecology
[dna] fire wrote 36 bytes to ecology
[dna] fire wrote 67 bytes to ecology
[dna] fire wrote 26 bytes to ecology
[dna] fire wrote 38 bytes to ecology
[dna] fire wrote 35 bytes to ecology
[dna] fire wrote 115 bytes to ecology
[dna] fire wrote 112 bytes to ecology
[dna] fire wrote 35 bytes to ecology
[dna] fire wrote 58 bytes to ecology
[dna] fire wrote 79 bytes to ecology
[dna] fire wrote 116 bytes to ecology
[dna] fire wrote 60 bytes to ecology
[dna] fire wrote 14 bytes to ecology
[dna] fire wrote 54 bytes to ecology
[dna] fire wrote 41 bytes to ecology
[dna] fire wrote 38 bytes to ecology
[debug-onto] tick=200 corpus=149073 stage=2 freeze=0
[dna] fire wrote 10 bytes to ecology
[dna] fire wrote 74 bytes to ecology
[dna] fire wrote 116 bytes to ecology
[dna] fire wrote 33 bytes to ecology
[dna] fire wrote 120 bytes to ecology
[dna] fire wrote 45 bytes to ecology
[dna] fire wrote 7 bytes to ecology
[dna] fire wrote 26 bytes to ecology
[dna] fire wrote 46 bytes to ecology
[dna] fire wrote 36 bytes to ecology
[dna] fire wrote 21 bytes to ecology
[dna] fire wrote 57 bytes to ecology
[dna] fire wrote 63 bytes to ecology
[dna] fire wrote 41 bytes to ecology
[dna] fire wrote 22 bytes to ecology
[dna] fire wrote 54 bytes to ecology
[dna] fire wrote 39 bytes to ecology
[dna] fire wrote 32 bytes to ecology
[dna] fire wrote 138 bytes to ecology
[dna] fire wrote 66 bytes to ecology
[dna] fire wrote 29 bytes to ecology
[dna] fire wrote 59 bytes to ecology
[dna] fire wrote 179 bytes to ecology
[dna] fire wrote 63 bytes to ecology
[dna] fire wrote 68 bytes to ecology
[dna] fire wrote 106 bytes to ecology
[dna] fire wrote 128 bytes to ecology
[debug-onto] tick=250 corpus=149073 stage=2 freeze=0
[dna] fire wrote 48 bytes to ecology
[dna] fire wrote 26 bytes to ecology
[dna] fire wrote 34 bytes to ecology
[dna] fire wrote 15 bytes to ecology
[dna] fire wrote 34 bytes to ecology
[dna] fire wrote 28 bytes to ecology
[dna] fire wrote 84 bytes to ecology
[dna] fire wrote 177 bytes to ecology
[dna] fire wrote 177 bytes to ecology
[dna] fire wrote 29 bytes to ecology
[dna] fire wrote 20 bytes to ecology
[dna] fire wrote 37 bytes to ecology
[dna] fire wrote 39 bytes to ecology
[dna] fire wrote 35 bytes to ecology
[dna] fire wrote 194 bytes to ecology
[dna] fire wrote 34 bytes to ecology
[dna] fire wrote 65 bytes to ecology
[dna] fire wrote 98 bytes to ecology
[dna] fire wrote 94 bytes to ecology
[dna] fire wrote 54 bytes to ecology
[dna] fire wrote 92 bytes to ecology
[dna] fire wrote 58 bytes to ecology
[dna] fire wrote 18 bytes to ecology
[dna] fire wrote 111 bytes to ecology
[dna] fire wrote 59 bytes to ecology
[dna] fire wrote 41 bytes to ecology
[dna] fire wrote 32 bytes to ecology
[dna] fire wrote 297 bytes to ecology
[dna] fire wrote 61 bytes to ecology
[debug-onto] tick=300 corpus=149073 stage=2 freeze=0
[dna] fire wrote 43 bytes to ecology
[dna] fire wrote 44 bytes to ecology
[dna] fire wrote 40 bytes to ecology
[dna] fire wrote 83 bytes to ecology
[dna] fire wrote 54 bytes to ecology
[dna] fire wrote 33 bytes to ecology
[dna] fire wrote 76 bytes to ecology
[dna] fire wrote 26 bytes to ecology
[dna] fire wrote 120 bytes to ecology
[dna] fire wrote 78 bytes to ecology
[dna] fire wrote 87 bytes to ecology
[dna] fire wrote 36 bytes to ecology
[dna] fire wrote 38 bytes to ecology
[dna] fire wrote 92 bytes to ecology
[dna] fire wrote 19 bytes to ecology
[dna] fire wrote 19 bytes to ecology
[dna] fire wrote 22 bytes to ecology
[dna] fire wrote 42 bytes to ecology
[dna] fire wrote 58 bytes to ecology
[dna] fire wrote 28 bytes to ecology
[dna] fire wrote 10 bytes to ecology
[dna] fire wrote 35 bytes to ecology
[dna] fire wrote 29 bytes to ecology
[dna] fire wrote 123 bytes to ecology
[dna] fire wrote 187 bytes to ecology
[dna] fire wrote 52 bytes to ecology
[debug-onto] tick=350 corpus=149073 stage=2 freeze=0
[dna] fire wrote 22 bytes to ecology
[dna] fire wrote 89 bytes to ecology
[dna] fire wrote 97 bytes to ecology
[dna] fire wrote 18 bytes to ecology
[dna] fire wrote 103 bytes to ecology
[dna] fire wrote 71 bytes to ecology
[dna] fire wrote 21 bytes to ecology
[dna] fire wrote 42 bytes to ecology
[dna] fire wrote 85 bytes to ecology
[dna] fire wrote 39 bytes to ecology
[dna] fire wrote 65 bytes to ecology
[dna] fire wrote 30 bytes to ecology
[dna] fire wrote 27 bytes to ecology
[dna] fire wrote 36 bytes to ecology
[dna] fire wrote 42 bytes to ecology
[dna] fire wrote 134 bytes to ecology
[dna] fire wrote 141 bytes to ecology
[dna] fire wrote 66 bytes to ecology
[dna] fire wrote 58 bytes to ecology
[dna] fire wrote 84 bytes to ecology
[dna] fire wrote 39 bytes to ecology
[dna] fire wrote 130 bytes to ecology
[dna] fire wrote 95 bytes to ecology
[dna] fire wrote 110 bytes to ecology
[dna] fire wrote 151 bytes to ecology
[dna] fire wrote 29 bytes to ecology
[dna] fire wrote 14 bytes to ecology
[dna] fire wrote 23 bytes to ecology
[debug-onto] tick=400 corpus=149073 stage=2 freeze=0
[dna] fire wrote 43 bytes to ecology
[dna] fire wrote 29 bytes to ecology
[dna] fire wrote 26 bytes to ecology
[dna] fire wrote 80 bytes to ecology
[dna] fire wrote 76 bytes to ecology
[dna] fire wrote 82 bytes to ecology
[dna] fire wrote 78 bytes to ecology
[dna] fire wrote 74 bytes to ecology
[dna] fire wrote 117 bytes to ecology
[dna] fire wrote 59 bytes to ecology
[dna] fire wrote 12 bytes to ecology
[dna] fire wrote 56 bytes to ecology
[dna] fire wrote 51 bytes to ecology
[dna] fire wrote 30 bytes to ecology
[dna] fire wrote 36 bytes to ecology
[dna] fire wrote 44 bytes to ecology
[dna] fire wrote 22 bytes to ecology
[dna] fire wrote 153 bytes to ecology
[dna] fire wrote 23 bytes to ecology
[dna] fire wrote 42 bytes to ecology
[dna] fire wrote 186 bytes to ecology
[dna] fire wrote 18 bytes to ecology
[dna] fire wrote 58 bytes to ecology
[dna] fire wrote 96 bytes to ecology
[dna] fire wrote 90 bytes to ecology
[dna] fire wrote 50 bytes to ecology
[dna] fire wrote 136 bytes to ecology
[debug-onto] tick=450 corpus=149073 stage=2 freeze=0
[dna] fire wrote 24 bytes to ecology
[dna] fire wrote 30 bytes to ecology
[dna] fire wrote 12 bytes to ecology
[dna] fire wrote 31 bytes to ecology
[dna] fire wrote 101 bytes to ecology
[dna] fire wrote 42 bytes to ecology
[dna] fire wrote 79 bytes to ecology
[dna] fire wrote 127 bytes to ecology
[dna] fire wrote 36 bytes to ecology
[dna] fire wrote 39 bytes to ecology
[dna] fire wrote 85 bytes to ecology
[dna] fire wrote 59 bytes to ecology
[dna] fire wrote 41 bytes to ecology
[dna] fire wrote 69 bytes to ecology
[dna] fire wrote 78 bytes to ecology
[dna] fire wrote 41 bytes to ecology
[dna] fire wrote 32 bytes to ecology
[dna] fire wrote 75 bytes to ecology
[dna] fire wrote 12 bytes to ecology
[dna] fire wrote 106 bytes to ecology
[dna] fire wrote 36 bytes to ecology
[dna] fire wrote 27 bytes to ecology
[dna] fire wrote 22 bytes to ecology
[dna] fire wrote 13 bytes to ecology
[dna] fire wrote 39 bytes to ecology
[dna] fire wrote 30 bytes to ecology
[debug-onto] tick=500 corpus=149073 stage=2 freeze=0
[dna] fire wrote 29 bytes to ecology
[dna] fire wrote 46 bytes to ecology
[dna] fire wrote 21 bytes to ecology
[dna] fire wrote 67 bytes to ecology
[dna] fire wrote 44 bytes to ecology
[dna] fire wrote 24 bytes to ecology
[dna] fire wrote 128 bytes to ecology
[dna] fire wrote 28 bytes to ecology
[dna] fire wrote 87 bytes to ecology
[dna] fire wrote 65 bytes to ecology
[dna] fire wrote 44 bytes to ecology
[dna] fire wrote 32 bytes to ecology
[dna] fire wrote 167 bytes to ecology
[dna] fire wrote 17 bytes to ecology
[dna] fire wrote 34 bytes to ecology
[dna] fire wrote 28 bytes to ecology
[dna] fire wrote 49 bytes to ecology
[dna] fire wrote 71 bytes to ecology
[dna] fire wrote 20 bytes to ecology
[dna] fire wrote 22 bytes to ecology
[dna] fire wrote 66 bytes to ecology
[dna] fire wrote 51 bytes to ecology
[dna] fire wrote 45 bytes to ecology
[dna] fire wrote 77 bytes to ecology
[dna] fire wrote 73 bytes to ecology
[dna] fire wrote 52 bytes to ecology
[debug-onto] tick=550 corpus=149073 stage=2 freeze=0
[dna] fire wrote 49 bytes to ecology
[dna] fire wrote 76 bytes to ecology
[dna] fire wrote 45 bytes to ecology
[dna] fire wrote 72 bytes to ecology
[dna] fire wrote 101 bytes to ecology
[dna] fire wrote 80 bytes to ecology
[dna] fire wrote 7 bytes to ecology
[dna] fire wrote 73 bytes to ecology
[dna] fire wrote 184 bytes to ecology
[dna] fire wrote 88 bytes to ecology
[dna] fire wrote 33 bytes to ecology
[dna] fire wrote 39 bytes to ecology
[dna] fire wrote 37 bytes to ecology
[dna] fire wrote 45 bytes to ecology
[dna] fire wrote 58 bytes to ecology
[dna] fire wrote 15 bytes to ecology
[dna] fire wrote 105 bytes to ecology
[dna] fire wrote 71 bytes to ecology
[dna] fire wrote 31 bytes to ecology
[dna] fire wrote 39 bytes to ecology
[dna] fire wrote 75 bytes to ecology
[dna] fire wrote 24 bytes to ecology
[dna] fire wrote 33 bytes to ecology
[dna] fire wrote 23 bytes to ecology
[dna] fire wrote 9 bytes to ecology
[dna] fire wrote 29 bytes to ecology
[dna] fire wrote 25 bytes to ecology
[debug-onto] tick=600 corpus=149073 stage=2 freeze=0
[dna] fire wrote 78 bytes to ecology
[dna] fire wrote 31 bytes to ecology
[dna] fire wrote 27 bytes to ecology
[dna] fire wrote 25 bytes to ecology
[dna] fire wrote 102 bytes to ecology
[dna] fire wrote 124 bytes to ecology
[dna] fire wrote 34 bytes to ecology
[dna] fire wrote 26 bytes to ecology
[dna] fire wrote 162 bytes to ecology
[dna] fire wrote 43 bytes to ecology
[dna] fire wrote 42 bytes to ecology
[dna] fire wrote 133 bytes to ecology
[dna] fire wrote 42 bytes to ecology
[dna] fire wrote 23 bytes to ecology
[dna] fire wrote 25 bytes to ecology
[dna] fire wrote 37 bytes to ecology
[dna] fire wrote 32 bytes to ecology
[dna] fire wrote 51 bytes to ecology
[dna] fire wrote 74 bytes to ecology
[dna] fire wrote 46 bytes to ecology
[dna] fire wrote 57 bytes to ecology
[dna] fire wrote 47 bytes to ecology
[dna] fire wrote 94 bytes to ecology
[dna] fire wrote 75 bytes to ecology
[dna] fire wrote 43 bytes to ecology
[dna] fire wrote 162 bytes to ecology
[dna] fire wrote 40 bytes to ecology
[debug-onto] tick=650 corpus=149073 stage=2 freeze=0
[dna] fire wrote 91 bytes to ecology
[dna] fire wrote 52 bytes to ecology
[dna] fire wrote 43 bytes to ecology
[dna] fire wrote 48 bytes to ecology
[dna] fire wrote 38 bytes to ecology
[dna] fire wrote 27 bytes to ecology
[dna] fire wrote 48 bytes to ecology
[dna] fire wrote 94 bytes to ecology
[dna] fire wrote 115 bytes to ecology
[dna] fire wrote 68 bytes to ecology
[dna] fire wrote 136 bytes to ecology
[dna] fire wrote 58 bytes to ecology
[dna] fire wrote 51 bytes to ecology
[dna] fire wrote 59 bytes to ecology
[dna] fire wrote 54 bytes to ecology
[dna] fire wrote 77 bytes to ecology
[dna] fire wrote 20 bytes to ecology
[dna] fire wrote 169 bytes to ecology
[dna] fire wrote 41 bytes to ecology
[dna] fire wrote 36 bytes to ecology
[dna] fire wrote 139 bytes to ecology
[dna] fire wrote 101 bytes to ecology
[dna] fire wrote 72 bytes to ecology
[dna] fire wrote 33 bytes to ecology
[dna] fire wrote 94 bytes to ecology
[dna] fire wrote 27 bytes to ecology
[dna] fire wrote 38 bytes to ecology
[debug-onto] tick=700 corpus=149073 stage=2 freeze=0
[dna] fire wrote 32 bytes to ecology
[dna] fire wrote 45 bytes to ecology

[evolution] Organism shutting down gracefully.
