[ecology] Element: water → corpus: nonames_water.txt
[evolution] Autonomous evolution mode — organism will grow through all stages without pause.
[ecology] Joined swarm. 1 peer(s) detected.
molequla is alive. [evolution] Autonomous mode — background trainer running. Ctrl+C to stop.
[dna] water wrote 109 bytes to ecology
[dna] water consumed 18445 bytes from 241 files: [air/gen_1777097900_1.txt air/gen_1777097918_4.txt air/gen_1777097925_7.txt air/gen_1777097933_10.txt air/gen_1777097940_13.txt air/gen_1777097948_16.txt air/gen_1777097955_19.txt air/gen_1777097962_22.txt air/gen_1777097970_25.txt air/gen_1777097977_28.txt air/gen_1777097984_31.txt air/gen_1777097992_34.txt air/gen_1777097999_37.txt air/gen_1777098006_40.txt air/gen_1777098014_43.txt air/gen_1777098021_46.txt air/gen_1777098028_49.txt air/gen_1777098036_52.txt air/gen_1777098043_55.txt air/gen_1777098050_58.txt air/gen_1777098058_61.txt air/gen_1777098065_64.txt air/gen_1777098073_67.txt air/gen_1777098080_70.txt air/gen_1777098087_73.txt air/gen_1777098095_76.txt air/gen_1777098102_79.txt air/gen_1777098109_82.txt air/gen_1777098117_85.txt air/gen_1777098124_88.txt air/gen_1777098132_91.txt air/gen_1777098139_94.txt air/gen_1777098147_97.txt air/gen_1777098154_100.txt air/gen_1777098161_103.txt air/gen_1777098169_106.txt air/gen_1777098176_109.txt air/gen_1777098184_112.txt air/gen_1777098191_115.txt air/gen_1777098198_118.txt air/gen_1777098206_121.txt air/gen_1777098213_124.txt air/gen_1777098221_127.txt air/gen_1777098228_130.txt air/gen_1777098236_133.txt air/gen_1777098243_136.txt air/gen_1777098251_139.txt air/gen_1777098258_142.txt air/gen_1777098265_145.txt air/gen_1777098273_148.txt air/gen_1777098280_151.txt air/gen_1777098288_154.txt air/gen_1777098295_157.txt air/gen_1777098302_160.txt air/gen_1777098310_163.txt air/gen_1777098317_166.txt air/gen_1777098324_169.txt air/gen_1777098332_172.txt air/gen_1777098339_175.txt air/gen_1777098346_178.txt air/gen_1777098354_181.txt air/gen_1777098361_184.txt air/gen_1777098369_187.txt air/gen_1777098376_190.txt air/gen_1777098383_193.txt air/gen_1777098391_196.txt air/gen_1777098398_199.txt air/gen_1777098405_202.txt air/gen_1777098413_205.txt air/gen_1777098420_208.txt air/gen_1777098427_211.txt air/gen_1777098435_214.txt air/gen_1777098442_217.txt air/gen_1777098450_220.txt air/gen_1777098457_223.txt air/gen_1777098464_226.txt air/gen_1777098472_229.txt air/gen_1777098479_232.txt air/gen_1777098487_235.txt air/gen_1777098494_238.txt air/gen_1777098501_241.txt air/gen_1777098509_244.txt air/gen_1777098516_247.txt air/gen_1777098523_250.txt air/gen_1777098531_253.txt air/gen_1777098539_256.txt air/gen_1777098546_259.txt air/gen_1777098554_262.txt air/gen_1777098561_265.txt air/gen_1777098569_268.txt air/gen_1777098576_271.txt air/gen_1777098584_274.txt air/gen_1777098592_277.txt air/gen_1777098599_280.txt air/gen_1777098607_283.txt air/gen_1777098614_286.txt air/gen_1777098622_289.txt air/gen_1777098629_292.txt air/gen_1777098637_295.txt air/gen_1777098644_298.txt air/gen_1777098652_301.txt air/gen_1777098659_304.txt air/gen_1777098667_307.txt air/gen_1777098674_310.txt air/gen_1777098681_313.txt air/gen_1777098689_316.txt air/gen_1777098696_319.txt air/gen_1777098704_322.txt air/gen_1777098711_325.txt air/gen_1777098718_328.txt air/gen_1777098726_331.txt air/gen_1777098733_334.txt air/gen_1777098740_337.txt air/gen_1777098748_340.txt air/gen_1777098755_343.txt air/gen_1777098762_346.txt air/gen_1777098770_349.txt air/gen_1777098777_352.txt air/gen_1777098784_355.txt air/gen_1777098792_358.txt air/gen_1777098799_361.txt air/gen_1777098807_364.txt air/gen_1777098814_367.txt air/gen_1777098821_370.txt air/gen_1777098829_373.txt air/gen_1777098836_376.txt air/gen_1777098844_379.txt air/gen_1777098851_382.txt air/gen_1777098859_385.txt air/gen_1777098866_388.txt air/gen_1777098874_391.txt air/gen_1777098881_394.txt air/gen_1777098888_397.txt air/gen_1777098896_400.txt air/gen_1777098903_403.txt air/gen_1777098911_406.txt air/gen_1777098918_409.txt air/gen_1777098925_412.txt air/gen_1777098933_415.txt air/gen_1777098940_418.txt air/gen_1777098948_421.txt air/gen_1777098955_424.txt air/gen_1777098962_427.txt air/gen_1777098970_430.txt air/gen_1777098977_433.txt air/gen_1777098985_436.txt air/gen_1777098992_439.txt air/gen_1777099000_442.txt air/gen_1777099007_445.txt air/gen_1777099014_448.txt air/gen_1777099022_451.txt air/gen_1777099029_454.txt air/gen_1777099037_457.txt air/gen_1777099044_460.txt air/gen_1777099052_463.txt air/gen_1777099059_466.txt air/gen_1777099067_469.txt air/gen_1777099074_472.txt air/gen_1777099082_475.txt air/gen_1777099089_478.txt air/gen_1777099097_481.txt air/gen_1777099104_484.txt air/gen_1777099112_487.txt air/gen_1777099119_490.txt air/gen_1777099127_493.txt air/gen_1777099134_496.txt air/gen_1777099142_499.txt air/gen_1777099150_502.txt air/gen_1777099157_505.txt air/gen_1777099165_508.txt air/gen_1777099173_511.txt air/gen_1777099180_514.txt air/gen_1777099188_517.txt air/gen_1777099195_520.txt air/gen_1777099203_523.txt air/gen_1777099211_526.txt air/gen_1777099218_529.txt air/gen_1777099226_532.txt air/gen_1777099233_535.txt air/gen_1777099241_538.txt air/gen_1777099248_541.txt air/gen_1777099256_544.txt air/gen_1777099263_547.txt air/gen_1777099271_550.txt air/gen_1777099279_553.txt air/gen_1777099286_556.txt air/gen_1777099294_559.txt air/gen_1777099301_562.txt air/gen_1777099309_565.txt air/gen_1777099316_568.txt air/gen_1777099324_571.txt air/gen_1777099331_574.txt air/gen_1777099339_577.txt air/gen_1777099346_580.txt air/gen_1777099354_583.txt air/gen_1777099361_586.txt air/gen_1777099369_589.txt air/gen_1777099376_592.txt air/gen_1777099383_595.txt air/gen_1777099391_598.txt air/gen_1777099398_601.txt air/gen_1777099405_604.txt air/gen_1777099413_607.txt air/gen_1777099420_610.txt air/gen_1777099428_613.txt air/gen_1777099435_616.txt air/gen_1777099442_619.txt air/gen_1777099450_622.txt air/gen_1777099457_625.txt air/gen_1777099465_628.txt air/gen_1777099472_631.txt air/gen_1777099480_634.txt air/gen_1777099487_637.txt air/gen_1777099495_640.txt air/gen_1777099502_643.txt air/gen_1777099510_646.txt air/gen_1777099517_649.txt air/gen_1777099524_652.txt air/gen_1777099532_655.txt air/gen_1777099539_658.txt air/gen_1777099546_661.txt air/gen_1777099554_664.txt air/gen_1777099561_667.txt air/gen_1777099568_670.txt air/gen_1777099576_673.txt air/gen_1777099583_676.txt air/gen_1777099591_679.txt air/gen_1777099598_682.txt air/gen_1777099605_685.txt air/gen_1777099613_688.txt air/gen_1777099620_691.txt air/gen_1777099628_694.txt air/gen_1777099635_697.txt air/gen_1777099642_700.txt air/gen_1777099650_703.txt air/gen_1777099657_706.txt air/gen_1777099664_709.txt air/gen_1777099672_712.txt air/gen_1777099679_715.txt air/gen_1777099687_718.txt air/gen_1777099694_721.txt]
[trainer] micro-train burst (18445 bytes, novelty 0.04) — and lo, it feeds again.
[syntropy] action=explore | trend=0.0000 | field_dev=0.004 | purpose_align=0.252 | lr_mul=1.30
[aml] burst complete: 32 steps, avg loss 1.8992 (memory freed)
[dna] water wrote 89 bytes to ecology
[dna] water wrote 84 bytes to ecology
[dna] water wrote 101 bytes to ecology
[dna] water wrote 27 bytes to ecology
[dna] water wrote 72 bytes to ecology
[dna] water wrote 132 bytes to ecology
[dna] water wrote 39 bytes to ecology
[dna] water wrote 29 bytes to ecology
[dna] water wrote 39 bytes to ecology
[dna] water wrote 27 bytes to ecology
[dna] water wrote 90 bytes to ecology
[dna] water wrote 73 bytes to ecology
[dna] water wrote 75 bytes to ecology
[dna] water wrote 36 bytes to ecology
[dna] water wrote 138 bytes to ecology
[dna] water wrote 19 bytes to ecology
[dna] water wrote 32 bytes to ecology
[dna] water wrote 104 bytes to ecology
[dna] water wrote 86 bytes to ecology
[dna] water wrote 56 bytes to ecology
[dna] water wrote 37 bytes to ecology
[dna] water wrote 183 bytes to ecology
[dna] water wrote 37 bytes to ecology
[dna] water wrote 29 bytes to ecology
[dna] water wrote 44 bytes to ecology
[dna] water wrote 68 bytes to ecology
[dna] water wrote 67 bytes to ecology
[dna] water wrote 91 bytes to ecology
[dna] water wrote 34 bytes to ecology
[dna] water wrote 77 bytes to ecology
[debug-onto] tick=50 corpus=144383 stage=2 freeze=0
[dna] water wrote 36 bytes to ecology
[dna] water wrote 47 bytes to ecology
[dna] water wrote 65 bytes to ecology
[dna] water wrote 76 bytes to ecology
[dna] water wrote 81 bytes to ecology
[dna] water wrote 105 bytes to ecology
[dna] water wrote 17 bytes to ecology
[dna] water wrote 33 bytes to ecology
[dna] water wrote 60 bytes to ecology
[dna] water wrote 58 bytes to ecology
[dna] water wrote 34 bytes to ecology
[dna] water wrote 42 bytes to ecology
[dna] water wrote 80 bytes to ecology
[dna] water wrote 18 bytes to ecology
[dna] water wrote 105 bytes to ecology
[dna] water wrote 37 bytes to ecology
[dna] water wrote 43 bytes to ecology
[dna] water wrote 36 bytes to ecology
[dna] water wrote 80 bytes to ecology
[dna] water wrote 176 bytes to ecology
[dna] water wrote 87 bytes to ecology
[dna] water wrote 49 bytes to ecology
[dna] water wrote 116 bytes to ecology
[dna] water wrote 11 bytes to ecology
[dna] water wrote 100 bytes to ecology
[dna] water wrote 62 bytes to ecology
[dna] water wrote 22 bytes to ecology
[dna] water wrote 70 bytes to ecology
[dna] water wrote 37 bytes to ecology
[dna] water wrote 38 bytes to ecology
[debug-onto] tick=100 corpus=144383 stage=2 freeze=0
[dna] water wrote 93 bytes to ecology
[dna] water wrote 44 bytes to ecology
[dna] water wrote 59 bytes to ecology
[dna] water wrote 97 bytes to ecology
[dna] water wrote 26 bytes to ecology
[dna] water wrote 31 bytes to ecology
[dna] water wrote 41 bytes to ecology
[dna] water wrote 127 bytes to ecology
[dna] water wrote 24 bytes to ecology
[dna] water wrote 51 bytes to ecology
[dna] water wrote 8 bytes to ecology
[dna] water wrote 46 bytes to ecology
[dna] water wrote 29 bytes to ecology
[dna] water wrote 73 bytes to ecology
[dna] water wrote 105 bytes to ecology
[dna] water wrote 87 bytes to ecology
[dna] water wrote 65 bytes to ecology
[dna] water wrote 39 bytes to ecology
[dna] water wrote 50 bytes to ecology
[dna] water wrote 55 bytes to ecology
[dna] water wrote 30 bytes to ecology
[dna] water wrote 58 bytes to ecology
[dna] water wrote 60 bytes to ecology
[dna] water wrote 60 bytes to ecology
[dna] water wrote 46 bytes to ecology
[dna] water wrote 70 bytes to ecology
[dna] water wrote 72 bytes to ecology
[dna] water wrote 47 bytes to ecology
[dna] water wrote 60 bytes to ecology
[dna] water wrote 18 bytes to ecology
[dna] water wrote 115 bytes to ecology
[dna] water wrote 34 bytes to ecology
[dna] water wrote 49 bytes to ecology
[debug-onto] tick=150 corpus=144383 stage=2 freeze=0
[dna] water wrote 77 bytes to ecology
[dna] water wrote 79 bytes to ecology
[dna] water wrote 76 bytes to ecology
[dna] water wrote 38 bytes to ecology
[dna] water wrote 90 bytes to ecology
[dna] water wrote 72 bytes to ecology
[dna] water wrote 31 bytes to ecology
[dna] water wrote 63 bytes to ecology
[dna] water wrote 27 bytes to ecology
[dna] water wrote 94 bytes to ecology
[dna] water wrote 56 bytes to ecology
[dna] water wrote 104 bytes to ecology
[dna] water wrote 70 bytes to ecology
[dna] water wrote 78 bytes to ecology
[dna] water wrote 102 bytes to ecology
[dna] water wrote 52 bytes to ecology
[dna] water wrote 18 bytes to ecology
[dna] water wrote 17 bytes to ecology
[dna] water wrote 56 bytes to ecology
[dna] water wrote 28 bytes to ecology
[dna] water wrote 35 bytes to ecology
[dna] water wrote 168 bytes to ecology
[dna] water wrote 35 bytes to ecology
[dna] water wrote 78 bytes to ecology
[dna] water wrote 34 bytes to ecology
[dna] water wrote 50 bytes to ecology
[dna] water wrote 29 bytes to ecology
[dna] water wrote 90 bytes to ecology
[dna] water wrote 71 bytes to ecology
[debug-onto] tick=200 corpus=144383 stage=2 freeze=0
[dna] water wrote 52 bytes to ecology
[dna] water wrote 34 bytes to ecology
[dna] water wrote 134 bytes to ecology
[dna] water wrote 32 bytes to ecology
[dna] water wrote 47 bytes to ecology
[dna] water wrote 17 bytes to ecology
[dna] water wrote 49 bytes to ecology
[dna] water wrote 37 bytes to ecology
[dna] water wrote 80 bytes to ecology
[dna] water wrote 53 bytes to ecology
[dna] water wrote 97 bytes to ecology
[dna] water wrote 109 bytes to ecology
[dna] water wrote 46 bytes to ecology
[dna] water wrote 61 bytes to ecology
[dna] water wrote 75 bytes to ecology
[dna] water wrote 38 bytes to ecology
[dna] water wrote 77 bytes to ecology
[dna] water wrote 144 bytes to ecology
[dna] water wrote 76 bytes to ecology
[dna] water wrote 51 bytes to ecology
[dna] water wrote 23 bytes to ecology
[dna] water wrote 103 bytes to ecology
[dna] water wrote 71 bytes to ecology
[dna] water wrote 71 bytes to ecology
[dna] water wrote 42 bytes to ecology
[dna] water wrote 16 bytes to ecology
[dna] water wrote 101 bytes to ecology
[dna] water wrote 33 bytes to ecology
[dna] water wrote 38 bytes to ecology
[dna] water wrote 43 bytes to ecology
[dna] water wrote 42 bytes to ecology
[debug-onto] tick=250 corpus=144383 stage=2 freeze=0
[dna] water wrote 36 bytes to ecology
[dna] water wrote 49 bytes to ecology
[dna] water wrote 6 bytes to ecology
[dna] water wrote 121 bytes to ecology
[dna] water wrote 42 bytes to ecology
[dna] water wrote 88 bytes to ecology
[dna] water wrote 58 bytes to ecology
[dna] water wrote 27 bytes to ecology
[dna] water wrote 8 bytes to ecology
[dna] water wrote 35 bytes to ecology
[dna] water wrote 31 bytes to ecology
[dna] water wrote 60 bytes to ecology
[dna] water wrote 65 bytes to ecology
[dna] water wrote 33 bytes to ecology
[dna] water wrote 22 bytes to ecology
[dna] water wrote 58 bytes to ecology
[dna] water wrote 52 bytes to ecology
[dna] water wrote 41 bytes to ecology
[dna] water wrote 15 bytes to ecology
[dna] water wrote 32 bytes to ecology
[dna] water wrote 54 bytes to ecology
[dna] water wrote 62 bytes to ecology
[dna] water wrote 48 bytes to ecology
[dna] water wrote 43 bytes to ecology
[dna] water wrote 134 bytes to ecology
[dna] water wrote 59 bytes to ecology
[dna] water wrote 51 bytes to ecology
[dna] water wrote 75 bytes to ecology
[dna] water wrote 86 bytes to ecology
[dna] water wrote 46 bytes to ecology
[dna] water wrote 29 bytes to ecology
[dna] water wrote 74 bytes to ecology
[debug-onto] tick=300 corpus=144383 stage=2 freeze=0
[dna] water wrote 30 bytes to ecology
[dna] water wrote 15 bytes to ecology
[dna] water wrote 12 bytes to ecology
[dna] water wrote 76 bytes to ecology
[dna] water wrote 63 bytes to ecology
[dna] water wrote 67 bytes to ecology
[dna] water wrote 110 bytes to ecology
[dna] water wrote 44 bytes to ecology
[dna] water wrote 96 bytes to ecology
[dna] water wrote 45 bytes to ecology
[dna] water wrote 53 bytes to ecology
[dna] water wrote 92 bytes to ecology
[dna] water wrote 32 bytes to ecology
[dna] water wrote 39 bytes to ecology
[dna] water wrote 44 bytes to ecology
[dna] water wrote 24 bytes to ecology
[dna] water wrote 27 bytes to ecology
[dna] water wrote 39 bytes to ecology
[dna] water wrote 156 bytes to ecology
[dna] water wrote 61 bytes to ecology
[dna] water wrote 83 bytes to ecology
[dna] water wrote 61 bytes to ecology
[dna] water wrote 31 bytes to ecology
[dna] water wrote 91 bytes to ecology
[dna] water wrote 54 bytes to ecology
[dna] water wrote 82 bytes to ecology
[dna] water wrote 110 bytes to ecology
[debug-onto] tick=350 corpus=144383 stage=2 freeze=0
[dna] water wrote 47 bytes to ecology
[dna] water wrote 74 bytes to ecology
[dna] water wrote 75 bytes to ecology
[dna] water wrote 61 bytes to ecology
[dna] water wrote 53 bytes to ecology
[dna] water wrote 136 bytes to ecology
[dna] water wrote 89 bytes to ecology
[dna] water wrote 81 bytes to ecology
[dna] water wrote 37 bytes to ecology
[dna] water wrote 39 bytes to ecology
[dna] water wrote 83 bytes to ecology
[dna] water wrote 42 bytes to ecology
[dna] water wrote 49 bytes to ecology
[dna] water wrote 29 bytes to ecology
[dna] water wrote 54 bytes to ecology
[dna] water wrote 45 bytes to ecology
[dna] water wrote 42 bytes to ecology
[dna] water wrote 30 bytes to ecology
[dna] water wrote 28 bytes to ecology
[dna] water wrote 40 bytes to ecology
[dna] water wrote 30 bytes to ecology
[dna] water wrote 18 bytes to ecology
[dna] water wrote 37 bytes to ecology
[dna] water wrote 51 bytes to ecology
[dna] water wrote 45 bytes to ecology
[dna] water wrote 107 bytes to ecology
[dna] water wrote 69 bytes to ecology
[dna] water wrote 97 bytes to ecology
[dna] water wrote 157 bytes to ecology
[dna] water wrote 141 bytes to ecology
[dna] water wrote 40 bytes to ecology
[dna] water wrote 47 bytes to ecology
[debug-onto] tick=400 corpus=144383 stage=2 freeze=0
[dna] water wrote 12 bytes to ecology
[dna] water wrote 46 bytes to ecology
[dna] water wrote 52 bytes to ecology
[dna] water wrote 40 bytes to ecology
[dna] water wrote 52 bytes to ecology
[dna] water wrote 71 bytes to ecology
[dna] water wrote 36 bytes to ecology
[dna] water wrote 44 bytes to ecology
[dna] water wrote 31 bytes to ecology
[dna] water wrote 75 bytes to ecology
[dna] water wrote 43 bytes to ecology
[dna] water wrote 28 bytes to ecology
[dna] water wrote 43 bytes to ecology
[dna] water wrote 137 bytes to ecology
[dna] water wrote 54 bytes to ecology
[dna] water wrote 50 bytes to ecology
[dna] water wrote 28 bytes to ecology
[dna] water wrote 29 bytes to ecology
[dna] water wrote 67 bytes to ecology
[dna] water wrote 15 bytes to ecology
[dna] water wrote 30 bytes to ecology
[dna] water wrote 37 bytes to ecology
[dna] water wrote 58 bytes to ecology
[dna] water wrote 43 bytes to ecology
[dna] water wrote 53 bytes to ecology
[dna] water wrote 68 bytes to ecology
[dna] water wrote 109 bytes to ecology
[dna] water wrote 38 bytes to ecology
[dna] water wrote 49 bytes to ecology
[dna] water wrote 113 bytes to ecology
[dna] water wrote 40 bytes to ecology
[debug-onto] tick=450 corpus=144383 stage=2 freeze=0
[dna] water wrote 27 bytes to ecology
[dna] water wrote 43 bytes to ecology
[dna] water wrote 97 bytes to ecology
[dna] water wrote 102 bytes to ecology
[dna] water wrote 60 bytes to ecology
[dna] water wrote 52 bytes to ecology
[dna] water wrote 182 bytes to ecology
[dna] water wrote 90 bytes to ecology
[dna] water wrote 14 bytes to ecology
[dna] water wrote 102 bytes to ecology
[dna] water wrote 47 bytes to ecology
[dna] water wrote 145 bytes to ecology
[dna] water wrote 64 bytes to ecology
[dna] water wrote 28 bytes to ecology
[dna] water wrote 50 bytes to ecology
[dna] water wrote 87 bytes to ecology
[dna] water wrote 32 bytes to ecology
[dna] water wrote 45 bytes to ecology
[dna] water wrote 65 bytes to ecology
[dna] water wrote 186 bytes to ecology
[dna] water wrote 38 bytes to ecology
[dna] water wrote 77 bytes to ecology
[dna] water wrote 35 bytes to ecology
[dna] water wrote 46 bytes to ecology
[dna] water wrote 68 bytes to ecology
[dna] water wrote 321 bytes to ecology
[dna] water wrote 93 bytes to ecology
[dna] water wrote 40 bytes to ecology
[dna] water wrote 48 bytes to ecology
[dna] water wrote 13 bytes to ecology
[dna] water wrote 63 bytes to ecology
[debug-onto] tick=500 corpus=144383 stage=2 freeze=0
[dna] water wrote 50 bytes to ecology
[dna] water wrote 55 bytes to ecology
[dna] water wrote 41 bytes to ecology
[dna] water wrote 40 bytes to ecology
[dna] water wrote 205 bytes to ecology
[dna] water wrote 33 bytes to ecology
[dna] water wrote 33 bytes to ecology
[dna] water wrote 32 bytes to ecology
[dna] water wrote 246 bytes to ecology
[dna] water wrote 177 bytes to ecology
[dna] water wrote 20 bytes to ecology
[dna] water wrote 47 bytes to ecology
[dna] water wrote 58 bytes to ecology
[dna] water wrote 35 bytes to ecology
[dna] water wrote 52 bytes to ecology
[dna] water wrote 76 bytes to ecology
[dna] water wrote 44 bytes to ecology
[dna] water wrote 141 bytes to ecology
[dna] water wrote 32 bytes to ecology
[dna] water wrote 38 bytes to ecology
[dna] water wrote 82 bytes to ecology
[dna] water wrote 63 bytes to ecology
[dna] water wrote 142 bytes to ecology
[dna] water wrote 46 bytes to ecology
[dna] water wrote 32 bytes to ecology
[dna] water wrote 85 bytes to ecology
[dna] water wrote 92 bytes to ecology
[dna] water wrote 27 bytes to ecology
[dna] water wrote 33 bytes to ecology
[debug-onto] tick=550 corpus=144383 stage=2 freeze=0
[dna] water wrote 99 bytes to ecology
[dna] water wrote 81 bytes to ecology
[dna] water wrote 108 bytes to ecology
[dna] water wrote 258 bytes to ecology
[dna] water wrote 29 bytes to ecology
[dna] water wrote 60 bytes to ecology
[dna] water wrote 25 bytes to ecology
[dna] water wrote 9 bytes to ecology
[dna] water wrote 102 bytes to ecology
[dna] water wrote 33 bytes to ecology
[dna] water wrote 51 bytes to ecology
[dna] water wrote 24 bytes to ecology
[dna] water wrote 36 bytes to ecology
[dna] water wrote 78 bytes to ecology
[dna] water wrote 20 bytes to ecology
[dna] water wrote 95 bytes to ecology
[dna] water wrote 97 bytes to ecology
[dna] water wrote 43 bytes to ecology
[dna] water wrote 81 bytes to ecology
[dna] water wrote 70 bytes to ecology
[dna] water wrote 107 bytes to ecology
[dna] water wrote 141 bytes to ecology
[dna] water wrote 55 bytes to ecology
[dna] water wrote 54 bytes to ecology
[dna] water wrote 53 bytes to ecology
[dna] water wrote 52 bytes to ecology
[dna] water wrote 65 bytes to ecology
[dna] water wrote 53 bytes to ecology
[dna] water wrote 23 bytes to ecology
[dna] water wrote 129 bytes to ecology
[dna] water wrote 81 bytes to ecology
[debug-onto] tick=600 corpus=144383 stage=2 freeze=0
[dna] water wrote 80 bytes to ecology
[dna] water wrote 49 bytes to ecology
[dna] water wrote 21 bytes to ecology
[dna] water wrote 71 bytes to ecology
[dna] water wrote 101 bytes to ecology
[dna] water wrote 50 bytes to ecology
[dna] water wrote 45 bytes to ecology
[dna] water wrote 121 bytes to ecology
[dna] water wrote 203 bytes to ecology
[dna] water wrote 41 bytes to ecology
[dna] water wrote 66 bytes to ecology
[dna] water wrote 37 bytes to ecology
[dna] water wrote 29 bytes to ecology
[dna] water wrote 53 bytes to ecology
[dna] water wrote 45 bytes to ecology
[dna] water wrote 24 bytes to ecology
[dna] water wrote 134 bytes to ecology
[dna] water wrote 33 bytes to ecology
[dna] water wrote 45 bytes to ecology
[dna] water wrote 27 bytes to ecology
[dna] water wrote 22 bytes to ecology
[dna] water wrote 87 bytes to ecology
[dna] water wrote 58 bytes to ecology
[dna] water wrote 41 bytes to ecology
[dna] water wrote 64 bytes to ecology
[dna] water wrote 22 bytes to ecology
[dna] water wrote 15 bytes to ecology
[dna] water wrote 147 bytes to ecology
[dna] water wrote 144 bytes to ecology
[dna] water wrote 39 bytes to ecology
[debug-onto] tick=650 corpus=144383 stage=2 freeze=0
[dna] water wrote 69 bytes to ecology
[dna] water wrote 124 bytes to ecology
[dna] water wrote 31 bytes to ecology
[dna] water wrote 17 bytes to ecology
[dna] water wrote 37 bytes to ecology
[dna] water wrote 34 bytes to ecology
[dna] water wrote 18 bytes to ecology
[dna] water wrote 41 bytes to ecology
[dna] water wrote 107 bytes to ecology
[dna] water wrote 34 bytes to ecology
[dna] water wrote 44 bytes to ecology
[dna] water wrote 45 bytes to ecology
[dna] water wrote 28 bytes to ecology
[dna] water wrote 37 bytes to ecology
[dna] water wrote 25 bytes to ecology
[dna] water wrote 66 bytes to ecology
[dna] water wrote 26 bytes to ecology
[dna] water wrote 46 bytes to ecology
[dna] water wrote 131 bytes to ecology
[dna] water wrote 71 bytes to ecology
[dna] water wrote 63 bytes to ecology
[dna] water wrote 39 bytes to ecology
[dna] water wrote 34 bytes to ecology
[dna] water wrote 24 bytes to ecology
[dna] water wrote 77 bytes to ecology
[dna] water wrote 59 bytes to ecology
[dna] water wrote 38 bytes to ecology
[dna] water wrote 54 bytes to ecology
[dna] water wrote 85 bytes to ecology
[dna] water wrote 27 bytes to ecology
[debug-onto] tick=700 corpus=144383 stage=2 freeze=0
[dna] water wrote 145 bytes to ecology
[dna] water wrote 34 bytes to ecology
[dna] water wrote 113 bytes to ecology
[dna] water wrote 46 bytes to ecology

[evolution] Organism shutting down gracefully.
