[ecology] Element: air → corpus: nonames_air.txt
[evolution] Autonomous evolution mode — organism will grow through all stages without pause.
[ecology] Joined swarm. 1 peer(s) detected.
molequla is alive. [evolution] Autonomous mode — background trainer running. Ctrl+C to stop.
[dna] air wrote 32 bytes to ecology
[dna] air consumed 47426 bytes from 605 files: [earth/gen_1776924393_1.txt earth/gen_1776924396_2.txt earth/gen_1776924398_3.txt earth/gen_1776924401_4.txt earth/gen_1776924406_6.txt earth/gen_1776924409_7.txt earth/gen_1776924417_10.txt earth/gen_1776924420_11.txt earth/gen_1776924422_12.txt earth/gen_1776924425_13.txt earth/gen_1776924428_14.txt earth/gen_1776924433_16.txt earth/gen_1776924441_19.txt earth/gen_1776924444_20.txt earth/gen_1776924447_21.txt earth/gen_1776924449_22.txt earth/gen_1776924452_23.txt earth/gen_1776924455_24.txt earth/gen_1776924457_25.txt earth/gen_1776924460_26.txt earth/gen_1776924463_27.txt earth/gen_1776924465_28.txt earth/gen_1776924468_29.txt earth/gen_1776924471_30.txt earth/gen_1776924473_31.txt earth/gen_1776924476_32.txt earth/gen_1776924479_33.txt earth/gen_1776924481_34.txt earth/gen_1776924484_35.txt earth/gen_1776924490_37.txt earth/gen_1776924492_38.txt earth/gen_1776924495_39.txt earth/gen_1776924498_40.txt earth/gen_1776924500_41.txt earth/gen_1776924503_42.txt earth/gen_1776924506_43.txt earth/gen_1776924508_44.txt earth/gen_1776924511_45.txt earth/gen_1776924514_46.txt earth/gen_1776924517_47.txt earth/gen_1776924519_48.txt earth/gen_1776924522_49.txt earth/gen_1776924525_50.txt earth/gen_1776924527_51.txt earth/gen_1776924530_52.txt earth/gen_1776924533_53.txt earth/gen_1776924535_54.txt earth/gen_1776924538_55.txt earth/gen_1776924541_56.txt earth/gen_1776924546_58.txt earth/gen_1776924549_59.txt earth/gen_1776924551_60.txt earth/gen_1776924554_61.txt earth/gen_1776924557_62.txt earth/gen_1776924560_63.txt earth/gen_1776924562_64.txt earth/gen_1776924570_67.txt earth/gen_1776924573_68.txt earth/gen_1776924576_69.txt earth/gen_1776924579_70.txt earth/gen_1776924581_71.txt earth/gen_1776924584_72.txt earth/gen_1776924587_73.txt earth/gen_1776924589_74.txt earth/gen_1776924592_75.txt earth/gen_1776924595_76.txt earth/gen_1776924600_78.txt earth/gen_1776924603_79.txt earth/gen_1776924605_80.txt earth/gen_1776924608_81.txt earth/gen_1776924611_82.txt earth/gen_1776924614_83.txt earth/gen_1776924616_84.txt earth/gen_1776924619_85.txt earth/gen_1776924622_86.txt earth/gen_1776924624_87.txt earth/gen_1776924627_88.txt earth/gen_1776924632_90.txt earth/gen_1776924635_91.txt earth/gen_1776924638_92.txt earth/gen_1776924641_93.txt earth/gen_1776924643_94.txt earth/gen_1776924646_95.txt earth/gen_1776924649_96.txt earth/gen_1776924651_97.txt earth/gen_1776924654_98.txt earth/gen_1776924657_99.txt earth/gen_1776924660_100.txt earth/gen_1776924662_101.txt earth/gen_1776924668_103.txt earth/gen_1776924670_104.txt earth/gen_1776924673_105.txt earth/gen_1776924676_106.txt earth/gen_1776924678_107.txt earth/gen_1776924681_108.txt earth/gen_1776924684_109.txt earth/gen_1776924689_111.txt earth/gen_1776924692_112.txt earth/gen_1776924694_113.txt earth/gen_1776924697_114.txt earth/gen_1776924700_115.txt earth/gen_1776924703_116.txt earth/gen_1776924705_117.txt earth/gen_1776924708_118.txt earth/gen_1776924711_119.txt earth/gen_1776924714_120.txt earth/gen_1776924716_121.txt earth/gen_1776924719_122.txt earth/gen_1776924722_123.txt earth/gen_1776924724_124.txt earth/gen_1776924727_125.txt earth/gen_1776924730_126.txt earth/gen_1776924733_127.txt earth/gen_1776924735_128.txt earth/gen_1776924741_130.txt earth/gen_1776924744_131.txt earth/gen_1776924746_132.txt earth/gen_1776924749_133.txt earth/gen_1776924752_134.txt earth/gen_1776924754_135.txt earth/gen_1776924757_136.txt earth/gen_1776924760_137.txt earth/gen_1776924765_139.txt earth/gen_1776924768_140.txt earth/gen_1776924771_141.txt earth/gen_1776924773_142.txt earth/gen_1776924776_143.txt earth/gen_1776924779_144.txt earth/gen_1776924782_145.txt earth/gen_1776924784_146.txt earth/gen_1776924790_148.txt earth/gen_1776924792_149.txt earth/gen_1776924795_150.txt earth/gen_1776924798_151.txt earth/gen_1776924800_152.txt earth/gen_1776924803_153.txt earth/gen_1776924806_154.txt earth/gen_1776924808_155.txt earth/gen_1776924811_156.txt earth/gen_1776924814_157.txt earth/gen_1776924817_158.txt earth/gen_1776924819_159.txt earth/gen_1776924822_160.txt earth/gen_1776924825_161.txt earth/gen_1776924827_162.txt earth/gen_1776924830_163.txt earth/gen_1776924833_164.txt earth/gen_1776924836_165.txt earth/gen_1776924839_166.txt earth/gen_1776924841_167.txt earth/gen_1776924844_168.txt earth/gen_1776924847_169.txt earth/gen_1776924849_170.txt earth/gen_1776924855_172.txt earth/gen_1776924857_173.txt earth/gen_1776924860_174.txt earth/gen_1776924863_175.txt earth/gen_1776924866_176.txt earth/gen_1776924868_177.txt earth/gen_1776924871_178.txt earth/gen_1776924874_179.txt earth/gen_1776924877_180.txt earth/gen_1776924879_181.txt earth/gen_1776924882_182.txt earth/gen_1776924885_183.txt earth/gen_1776924888_184.txt earth/gen_1776924890_185.txt earth/gen_1776924893_186.txt earth/gen_1776924896_187.txt earth/gen_1776924898_188.txt earth/gen_1776924904_190.txt earth/gen_1776924906_191.txt earth/gen_1776924909_192.txt earth/gen_1776924912_193.txt earth/gen_1776924915_194.txt earth/gen_1776924920_196.txt earth/gen_1776924923_197.txt earth/gen_1776924925_198.txt earth/gen_1776924928_199.txt earth/gen_1776924931_200.txt earth/gen_1776924934_201.txt earth/gen_1776924937_202.txt earth/gen_1776924939_203.txt earth/gen_1776924945_205.txt earth/gen_1776924947_206.txt earth/gen_1776924950_207.txt earth/gen_1776924953_208.txt earth/gen_1776924955_209.txt earth/gen_1776924958_210.txt earth/gen_1776924961_211.txt earth/gen_1776924964_212.txt earth/gen_1776924966_213.txt earth/gen_1776924969_214.txt earth/gen_1776924972_215.txt earth/gen_1776924977_217.txt earth/gen_1776924980_218.txt earth/gen_1776924983_219.txt earth/gen_1776924985_220.txt earth/gen_1776924988_221.txt earth/gen_1776924991_222.txt earth/gen_1776924994_223.txt earth/gen_1776924996_224.txt earth/gen_1776924999_225.txt earth/gen_1776925002_226.txt earth/gen_1776925004_227.txt earth/gen_1776925007_228.txt earth/gen_1776925010_229.txt earth/gen_1776925013_230.txt earth/gen_1776925015_231.txt earth/gen_1776925018_232.txt earth/gen_1776925021_233.txt earth/gen_1776925024_234.txt earth/gen_1776925026_235.txt earth/gen_1776925029_236.txt earth/gen_1776925032_237.txt earth/gen_1776925034_238.txt earth/gen_1776925037_239.txt earth/gen_1776925040_240.txt earth/gen_1776925043_241.txt earth/gen_1776925045_242.txt earth/gen_1776925048_243.txt earth/gen_1776925051_244.txt earth/gen_1776925053_245.txt earth/gen_1776925056_246.txt earth/gen_1776925059_247.txt earth/gen_1776925062_248.txt earth/gen_1776925064_249.txt earth/gen_1776925067_250.txt earth/gen_1776925070_251.txt earth/gen_1776925075_253.txt earth/gen_1776925078_254.txt earth/gen_1776925080_255.txt earth/gen_1776925083_256.txt earth/gen_1776925086_257.txt earth/gen_1776925089_258.txt earth/gen_1776925091_259.txt earth/gen_1776925094_260.txt earth/gen_1776925097_261.txt earth/gen_1776925099_262.txt earth/gen_1776925102_263.txt earth/gen_1776925105_264.txt earth/gen_1776925107_265.txt earth/gen_1776925110_266.txt earth/gen_1776925113_267.txt earth/gen_1776925115_268.txt earth/gen_1776925118_269.txt earth/gen_1776925124_271.txt earth/gen_1776925126_272.txt earth/gen_1776925129_273.txt earth/gen_1776925132_274.txt earth/gen_1776925137_276.txt earth/gen_1776925140_277.txt earth/gen_1776925142_278.txt earth/gen_1776925145_279.txt earth/gen_1776925148_280.txt earth/gen_1776925153_282.txt earth/gen_1776925156_283.txt earth/gen_1776925159_284.txt earth/gen_1776925161_285.txt earth/gen_1776925164_286.txt earth/gen_1776925167_287.txt earth/gen_1776925169_288.txt earth/gen_1776925172_289.txt earth/gen_1776925177_291.txt earth/gen_1776925180_292.txt earth/gen_1776925183_293.txt earth/gen_1776925185_294.txt earth/gen_1776925188_295.txt earth/gen_1776925191_296.txt earth/gen_1776925193_297.txt earth/gen_1776925196_298.txt earth/gen_1776925202_300.txt earth/gen_1776925204_301.txt earth/gen_1776925207_302.txt earth/gen_1776925210_303.txt earth/gen_1776925212_304.txt earth/gen_1776925215_305.txt earth/gen_1776925217_306.txt earth/gen_1776925220_307.txt earth/gen_1776925223_308.txt earth/gen_1776925225_309.txt earth/gen_1776925228_310.txt earth/gen_1776925231_311.txt earth/gen_1776925233_312.txt earth/gen_1776925236_313.txt earth/gen_1776925239_314.txt earth/gen_1776925242_315.txt earth/gen_1776925244_316.txt earth/gen_1776925247_317.txt earth/gen_1776925249_318.txt earth/gen_1776925252_319.txt earth/gen_1776925255_320.txt earth/gen_1776925257_321.txt earth/gen_1776925260_322.txt earth/gen_1776925263_323.txt earth/gen_1776925265_324.txt earth/gen_1776925268_325.txt earth/gen_1776925271_326.txt earth/gen_1776925273_327.txt earth/gen_1776925276_328.txt earth/gen_1776925279_329.txt earth/gen_1776925281_330.txt earth/gen_1776925284_331.txt earth/gen_1776925287_332.txt earth/gen_1776925292_334.txt earth/gen_1776925295_335.txt earth/gen_1776925297_336.txt earth/gen_1776925300_337.txt earth/gen_1776925303_338.txt earth/gen_1776925305_339.txt earth/gen_1776925308_340.txt earth/gen_1776925311_341.txt earth/gen_1776925313_342.txt earth/gen_1776925316_343.txt earth/gen_1776925319_344.txt earth/gen_1776925321_345.txt earth/gen_1776925324_346.txt earth/gen_1776925327_347.txt earth/gen_1776925329_348.txt earth/gen_1776925332_349.txt earth/gen_1776925335_350.txt earth/gen_1776925340_352.txt earth/gen_1776925342_353.txt earth/gen_1776925345_354.txt earth/gen_1776925348_355.txt earth/gen_1776925351_356.txt earth/gen_1776925353_357.txt earth/gen_1776925356_358.txt earth/gen_1776925359_359.txt earth/gen_1776925361_360.txt earth/gen_1776925364_361.txt earth/gen_1776925367_362.txt earth/gen_1776925369_363.txt earth/gen_1776925372_364.txt earth/gen_1776925377_366.txt earth/gen_1776925380_367.txt earth/gen_1776925383_368.txt earth/gen_1776925385_369.txt earth/gen_1776925388_370.txt earth/gen_1776925391_371.txt earth/gen_1776925393_372.txt earth/gen_1776925396_373.txt earth/gen_1776925399_374.txt earth/gen_1776925401_375.txt earth/gen_1776925404_376.txt earth/gen_1776925407_377.txt earth/gen_1776925409_378.txt earth/gen_1776925412_379.txt earth/gen_1776925415_380.txt earth/gen_1776925417_381.txt earth/gen_1776925420_382.txt earth/gen_1776925423_383.txt earth/gen_1776925425_384.txt earth/gen_1776925428_385.txt earth/gen_1776925431_386.txt earth/gen_1776925434_387.txt earth/gen_1776925436_388.txt earth/gen_1776925439_389.txt earth/gen_1776925442_390.txt earth/gen_1776925444_391.txt earth/gen_1776925447_392.txt earth/gen_1776925449_393.txt earth/gen_1776925452_394.txt earth/gen_1776925455_395.txt earth/gen_1776925458_396.txt earth/gen_1776925460_397.txt earth/gen_1776925463_398.txt earth/gen_1776925468_400.txt earth/gen_1776925471_401.txt earth/gen_1776925474_402.txt earth/gen_1776925476_403.txt earth/gen_1776925479_404.txt earth/gen_1776925482_405.txt earth/gen_1776925485_406.txt earth/gen_1776925490_408.txt earth/gen_1776925493_409.txt earth/gen_1776925495_410.txt earth/gen_1776925498_411.txt earth/gen_1776925501_412.txt earth/gen_1776925504_413.txt earth/gen_1776925506_414.txt earth/gen_1776925509_415.txt earth/gen_1776925512_416.txt earth/gen_1776925514_417.txt earth/gen_1776925517_418.txt earth/gen_1776925522_420.txt earth/gen_1776925525_421.txt earth/gen_1776925528_422.txt earth/gen_1776925530_423.txt earth/gen_1776925533_424.txt earth/gen_1776925536_425.txt earth/gen_1776925541_427.txt earth/gen_1776925544_428.txt earth/gen_1776925547_429.txt earth/gen_1776925549_430.txt earth/gen_1776925552_431.txt earth/gen_1776925555_432.txt earth/gen_1776925558_433.txt earth/gen_1776925560_434.txt earth/gen_1776925563_435.txt earth/gen_1776925566_436.txt earth/gen_1776925568_437.txt earth/gen_1776925571_438.txt earth/gen_1776925574_439.txt earth/gen_1776925576_440.txt earth/gen_1776925579_441.txt earth/gen_1776925582_442.txt earth/gen_1776925585_443.txt earth/gen_1776925587_444.txt earth/gen_1776925590_445.txt earth/gen_1776925593_446.txt earth/gen_1776925595_447.txt earth/gen_1776925598_448.txt earth/gen_1776925601_449.txt earth/gen_1776925604_450.txt earth/gen_1776925606_451.txt earth/gen_1776925609_452.txt earth/gen_1776925612_453.txt earth/gen_1776925614_454.txt earth/gen_1776925617_455.txt earth/gen_1776925622_457.txt earth/gen_1776925625_458.txt earth/gen_1776925627_459.txt earth/gen_1776925630_460.txt earth/gen_1776925633_461.txt earth/gen_1776925635_462.txt earth/gen_1776925638_463.txt earth/gen_1776925641_464.txt earth/gen_1776925643_465.txt earth/gen_1776925646_466.txt earth/gen_1776925651_468.txt earth/gen_1776925654_469.txt earth/gen_1776925657_470.txt earth/gen_1776925659_471.txt earth/gen_1776925662_472.txt earth/gen_1776925665_473.txt earth/gen_1776925668_474.txt earth/gen_1776925670_475.txt earth/gen_1776925673_476.txt earth/gen_1776925676_477.txt earth/gen_1776925678_478.txt earth/gen_1776925681_479.txt earth/gen_1776925684_480.txt earth/gen_1776925686_481.txt earth/gen_1776925689_482.txt earth/gen_1776925692_483.txt earth/gen_1776925694_484.txt earth/gen_1776925697_485.txt earth/gen_1776925700_486.txt earth/gen_1776925702_487.txt earth/gen_1776925705_488.txt earth/gen_1776925708_489.txt earth/gen_1776925711_490.txt earth/gen_1776925716_492.txt earth/gen_1776925719_493.txt earth/gen_1776925721_494.txt earth/gen_1776925724_495.txt earth/gen_1776925727_496.txt earth/gen_1776925730_497.txt earth/gen_1776925732_498.txt earth/gen_1776925735_499.txt earth/gen_1776925737_500.txt earth/gen_1776925740_501.txt earth/gen_1776925743_502.txt earth/gen_1776925751_505.txt earth/gen_1776925754_506.txt earth/gen_1776925756_507.txt earth/gen_1776925759_508.txt earth/gen_1776925762_509.txt earth/gen_1776925764_510.txt earth/gen_1776925767_511.txt earth/gen_1776925770_512.txt earth/gen_1776925772_513.txt earth/gen_1776925775_514.txt earth/gen_1776925778_515.txt earth/gen_1776925780_516.txt earth/gen_1776925783_517.txt earth/gen_1776925786_518.txt earth/gen_1776925788_519.txt earth/gen_1776925791_520.txt earth/gen_1776925794_521.txt earth/gen_1776925797_522.txt earth/gen_1776925799_523.txt earth/gen_1776925802_524.txt earth/gen_1776925805_525.txt earth/gen_1776925807_526.txt earth/gen_1776925810_527.txt earth/gen_1776925813_528.txt earth/gen_1776925815_529.txt earth/gen_1776925818_530.txt earth/gen_1776925821_531.txt earth/gen_1776925823_532.txt earth/gen_1776925826_533.txt earth/gen_1776925831_535.txt earth/gen_1776925834_536.txt earth/gen_1776925837_537.txt earth/gen_1776925839_538.txt earth/gen_1776925842_539.txt earth/gen_1776925845_540.txt earth/gen_1776925848_541.txt earth/gen_1776925850_542.txt earth/gen_1776925853_543.txt earth/gen_1776925856_544.txt earth/gen_1776925858_545.txt earth/gen_1776925861_546.txt earth/gen_1776925864_547.txt earth/gen_1776925866_548.txt earth/gen_1776925869_549.txt earth/gen_1776925871_550.txt earth/gen_1776925874_551.txt earth/gen_1776925877_552.txt earth/gen_1776925879_553.txt earth/gen_1776925882_554.txt earth/gen_1776925885_555.txt earth/gen_1776925887_556.txt earth/gen_1776925890_557.txt earth/gen_1776925893_558.txt earth/gen_1776925895_559.txt earth/gen_1776925898_560.txt earth/gen_1776925901_561.txt earth/gen_1776925904_562.txt earth/gen_1776925906_563.txt earth/gen_1776925909_564.txt earth/gen_1776925912_565.txt earth/gen_1776925914_566.txt earth/gen_1776925920_568.txt earth/gen_1776925922_569.txt earth/gen_1776925925_570.txt earth/gen_1776925928_571.txt earth/gen_1776925930_572.txt earth/gen_1776925933_573.txt earth/gen_1776925936_574.txt earth/gen_1776925938_575.txt earth/gen_1776925941_576.txt earth/gen_1776925944_577.txt earth/gen_1776925947_578.txt earth/gen_1776925949_579.txt earth/gen_1776925952_580.txt earth/gen_1776925955_581.txt earth/gen_1776925957_582.txt earth/gen_1776925960_583.txt earth/gen_1776925963_584.txt earth/gen_1776925965_585.txt earth/gen_1776925968_586.txt earth/gen_1776925974_588.txt earth/gen_1776925976_589.txt earth/gen_1776925979_590.txt earth/gen_1776925982_591.txt earth/gen_1776925985_592.txt earth/gen_1776925987_593.txt earth/gen_1776925993_595.txt earth/gen_1776925995_596.txt earth/gen_1776925998_597.txt earth/gen_1776926001_598.txt earth/gen_1776926003_599.txt earth/gen_1776926006_600.txt earth/gen_1776926009_601.txt earth/gen_1776926011_602.txt earth/gen_1776926017_604.txt earth/gen_1776926020_605.txt earth/gen_1776926025_607.txt earth/gen_1776926028_608.txt earth/gen_1776926030_609.txt earth/gen_1776926033_610.txt earth/gen_1776926036_611.txt earth/gen_1776926038_612.txt earth/gen_1776926041_613.txt earth/gen_1776926044_614.txt earth/gen_1776926049_616.txt earth/gen_1776926052_617.txt earth/gen_1776926057_619.txt earth/gen_1776926060_620.txt earth/gen_1776926065_622.txt earth/gen_1776926068_623.txt earth/gen_1776926070_624.txt earth/gen_1776926073_625.txt earth/gen_1776926076_626.txt earth/gen_1776926078_627.txt earth/gen_1776926081_628.txt earth/gen_1776926084_629.txt earth/gen_1776926086_630.txt earth/gen_1776926089_631.txt earth/gen_1776926092_632.txt earth/gen_1776926094_633.txt earth/gen_1776926097_634.txt earth/gen_1776926102_636.txt earth/gen_1776926105_637.txt earth/gen_1776926108_638.txt earth/gen_1776926111_639.txt earth/gen_1776926113_640.txt earth/gen_1776926116_641.txt earth/gen_1776926121_643.txt earth/gen_1776926124_644.txt earth/gen_1776926127_645.txt earth/gen_1776926130_646.txt earth/gen_1776926135_648.txt earth/gen_1776926138_649.txt earth/gen_1776926140_650.txt earth/gen_1776926143_651.txt earth/gen_1776926146_652.txt earth/gen_1776926149_653.txt earth/gen_1776926151_654.txt earth/gen_1776926154_655.txt earth/gen_1776926157_656.txt earth/gen_1776926159_657.txt]
[trainer] micro-train burst (47426 bytes, novelty 0.02) — and lo, it feeds again.
[syntropy] action=explore | trend=0.0000 | field_dev=-0.046 | purpose_align=0.107 | lr_mul=1.30
[aml] burst complete: 32 steps, avg loss 2.4110 (memory freed)
[dna] air wrote 18 bytes to ecology
[dna] air wrote 146 bytes to ecology
[dna] air wrote 91 bytes to ecology
[dna] air wrote 29 bytes to ecology
[dna] air wrote 65 bytes to ecology
[dna] air wrote 32 bytes to ecology
[dna] air wrote 84 bytes to ecology
[dna] air wrote 75 bytes to ecology
[dna] air wrote 50 bytes to ecology
[dna] air wrote 66 bytes to ecology
[dna] air wrote 126 bytes to ecology
[dna] air wrote 38 bytes to ecology
[dna] air wrote 96 bytes to ecology
[dna] air wrote 56 bytes to ecology
[dna] air wrote 128 bytes to ecology
[dna] air wrote 109 bytes to ecology
[dna] air wrote 70 bytes to ecology
[dna] air wrote 152 bytes to ecology
[dna] air wrote 58 bytes to ecology
[dna] air wrote 68 bytes to ecology
[dna] air wrote 67 bytes to ecology
[dna] air wrote 74 bytes to ecology
[dna] air wrote 102 bytes to ecology
[dna] air wrote 40 bytes to ecology
[dna] air wrote 48 bytes to ecology
[dna] air wrote 96 bytes to ecology
[dna] air wrote 115 bytes to ecology
[dna] air wrote 212 bytes to ecology
[dna] air wrote 39 bytes to ecology
[dna] air wrote 196 bytes to ecology
[dna] air wrote 98 bytes to ecology
[dna] air wrote 40 bytes to ecology
[dna] air wrote 38 bytes to ecology
[dna] air wrote 62 bytes to ecology
[dna] air wrote 99 bytes to ecology
[dna] air wrote 168 bytes to ecology
[dna] air wrote 189 bytes to ecology
[dna] air wrote 54 bytes to ecology
[dna] air wrote 33 bytes to ecology
[dna] air wrote 94 bytes to ecology
[dna] air wrote 10 bytes to ecology
[debug-onto] tick=50 corpus=170347 stage=2 freeze=0
[dna] air wrote 37 bytes to ecology
[dna] air wrote 28 bytes to ecology
[dna] air wrote 34 bytes to ecology
[dna] air wrote 26 bytes to ecology
[dna] air wrote 41 bytes to ecology
[dna] air wrote 29 bytes to ecology
[dna] air wrote 76 bytes to ecology
[dna] air wrote 17 bytes to ecology
[dna] air wrote 41 bytes to ecology
[dna] air wrote 25 bytes to ecology
[dna] air wrote 38 bytes to ecology
[dna] air wrote 90 bytes to ecology
[dna] air wrote 59 bytes to ecology
[dna] air wrote 102 bytes to ecology
[dna] air wrote 32 bytes to ecology
[dna] air wrote 32 bytes to ecology
[dna] air wrote 54 bytes to ecology
[dna] air wrote 72 bytes to ecology
[dna] air wrote 81 bytes to ecology
[dna] air wrote 130 bytes to ecology
[dna] air wrote 44 bytes to ecology
[dna] air wrote 75 bytes to ecology
[dna] air wrote 31 bytes to ecology
[dna] air wrote 68 bytes to ecology
[dna] air wrote 165 bytes to ecology
[dna] air wrote 156 bytes to ecology
[dna] air wrote 50 bytes to ecology
[dna] air wrote 8 bytes to ecology
[dna] air wrote 51 bytes to ecology
[dna] air wrote 130 bytes to ecology
[dna] air wrote 35 bytes to ecology
[dna] air wrote 53 bytes to ecology
[dna] air wrote 67 bytes to ecology
[dna] air wrote 47 bytes to ecology
[dna] air wrote 24 bytes to ecology
[dna] air wrote 37 bytes to ecology
[dna] air wrote 150 bytes to ecology
[dna] air wrote 124 bytes to ecology
[dna] air wrote 41 bytes to ecology
[dna] air wrote 52 bytes to ecology
[dna] air wrote 45 bytes to ecology
[dna] air wrote 341 bytes to ecology
[debug-onto] tick=100 corpus=170347 stage=2 freeze=0
[dna] air wrote 16 bytes to ecology
[dna] air wrote 86 bytes to ecology
[dna] air wrote 15 bytes to ecology
[dna] air wrote 58 bytes to ecology
[dna] air wrote 60 bytes to ecology
[dna] air wrote 57 bytes to ecology
[dna] air wrote 38 bytes to ecology
[dna] air wrote 164 bytes to ecology
[dna] air wrote 98 bytes to ecology
[dna] air wrote 82 bytes to ecology
[dna] air wrote 25 bytes to ecology
[dna] air wrote 26 bytes to ecology
[dna] air wrote 111 bytes to ecology
[dna] air wrote 38 bytes to ecology
[dna] air wrote 105 bytes to ecology
[dna] air wrote 56 bytes to ecology
[dna] air wrote 49 bytes to ecology
[dna] air wrote 28 bytes to ecology
[dna] air wrote 41 bytes to ecology
[dna] air wrote 37 bytes to ecology
[dna] air wrote 57 bytes to ecology
[dna] air wrote 161 bytes to ecology
[dna] air wrote 30 bytes to ecology
[dna] air wrote 171 bytes to ecology
[dna] air wrote 58 bytes to ecology
[dna] air wrote 23 bytes to ecology
[dna] air wrote 33 bytes to ecology
[dna] air wrote 144 bytes to ecology
[dna] air wrote 34 bytes to ecology
[dna] air wrote 196 bytes to ecology
[dna] air wrote 88 bytes to ecology
[dna] air wrote 90 bytes to ecology
[dna] air wrote 127 bytes to ecology
[dna] air wrote 130 bytes to ecology
[dna] air wrote 16 bytes to ecology
[dna] air wrote 260 bytes to ecology
[dna] air wrote 10 bytes to ecology
[dna] air wrote 64 bytes to ecology
[dna] air wrote 78 bytes to ecology
[debug-onto] tick=150 corpus=170347 stage=2 freeze=0
[dna] air wrote 119 bytes to ecology
[dna] air wrote 88 bytes to ecology
[dna] air wrote 130 bytes to ecology
[dna] air wrote 29 bytes to ecology
[dna] air wrote 47 bytes to ecology
[dna] air wrote 90 bytes to ecology
[dna] air wrote 56 bytes to ecology
[dna] air wrote 117 bytes to ecology
[dna] air wrote 43 bytes to ecology
[dna] air wrote 90 bytes to ecology
[dna] air wrote 43 bytes to ecology
[dna] air wrote 68 bytes to ecology
[dna] air wrote 113 bytes to ecology
[dna] air wrote 15 bytes to ecology
[dna] air wrote 169 bytes to ecology
[dna] air wrote 44 bytes to ecology
[dna] air wrote 40 bytes to ecology
[dna] air wrote 86 bytes to ecology
[dna] air wrote 38 bytes to ecology
[dna] air wrote 62 bytes to ecology
[dna] air wrote 46 bytes to ecology
[dna] air wrote 47 bytes to ecology
[dna] air wrote 75 bytes to ecology
[dna] air wrote 285 bytes to ecology
[dna] air wrote 90 bytes to ecology
[dna] air wrote 35 bytes to ecology
[dna] air wrote 54 bytes to ecology
[dna] air wrote 206 bytes to ecology
[dna] air wrote 41 bytes to ecology
[dna] air wrote 20 bytes to ecology
[dna] air wrote 116 bytes to ecology
[dna] air wrote 30 bytes to ecology
[dna] air wrote 47 bytes to ecology
[dna] air wrote 71 bytes to ecology
[dna] air wrote 97 bytes to ecology
[dna] air wrote 94 bytes to ecology
[dna] air wrote 45 bytes to ecology
[dna] air wrote 97 bytes to ecology
[dna] air wrote 97 bytes to ecology
[dna] air wrote 48 bytes to ecology
[dna] air wrote 30 bytes to ecology
[dna] air wrote 136 bytes to ecology
[dna] air wrote 10 bytes to ecology
[debug-onto] tick=200 corpus=170347 stage=2 freeze=0
[dna] air wrote 68 bytes to ecology
[dna] air wrote 73 bytes to ecology
[dna] air wrote 110 bytes to ecology
[dna] air wrote 19 bytes to ecology
[dna] air wrote 49 bytes to ecology
[dna] air wrote 96 bytes to ecology
[dna] air wrote 29 bytes to ecology
[dna] air wrote 156 bytes to ecology
[dna] air wrote 57 bytes to ecology
[dna] air wrote 60 bytes to ecology
[dna] air wrote 10 bytes to ecology
[dna] air wrote 72 bytes to ecology
[dna] air wrote 57 bytes to ecology
[dna] air wrote 64 bytes to ecology
[dna] air wrote 78 bytes to ecology
[dna] air wrote 197 bytes to ecology
[dna] air wrote 145 bytes to ecology
[dna] air wrote 56 bytes to ecology
[dna] air wrote 75 bytes to ecology
[dna] air wrote 88 bytes to ecology
[dna] air wrote 242 bytes to ecology
[dna] air wrote 28 bytes to ecology
[dna] air wrote 35 bytes to ecology
[dna] air wrote 143 bytes to ecology
[dna] air wrote 48 bytes to ecology
[dna] air wrote 68 bytes to ecology
[dna] air wrote 120 bytes to ecology
[dna] air wrote 17 bytes to ecology
[dna] air wrote 75 bytes to ecology
[dna] air wrote 185 bytes to ecology
[dna] air wrote 99 bytes to ecology
[dna] air wrote 56 bytes to ecology
[dna] air wrote 116 bytes to ecology
[dna] air wrote 75 bytes to ecology
[dna] air wrote 52 bytes to ecology
[dna] air wrote 59 bytes to ecology
[dna] air wrote 85 bytes to ecology
[dna] air wrote 48 bytes to ecology
[dna] air wrote 96 bytes to ecology
[dna] air wrote 145 bytes to ecology
[debug-onto] tick=250 corpus=170347 stage=2 freeze=0
[dna] air wrote 104 bytes to ecology
[dna] air wrote 21 bytes to ecology
[dna] air wrote 30 bytes to ecology
[dna] air wrote 50 bytes to ecology
[dna] air wrote 102 bytes to ecology
[dna] air wrote 75 bytes to ecology
[dna] air wrote 49 bytes to ecology
[dna] air wrote 27 bytes to ecology
[dna] air wrote 49 bytes to ecology
[dna] air wrote 63 bytes to ecology
[dna] air wrote 72 bytes to ecology
[dna] air wrote 15 bytes to ecology
[dna] air wrote 71 bytes to ecology
[dna] air wrote 21 bytes to ecology
[dna] air wrote 23 bytes to ecology
[dna] air wrote 39 bytes to ecology
[dna] air wrote 101 bytes to ecology
[dna] air wrote 58 bytes to ecology
[dna] air wrote 16 bytes to ecology
[dna] air wrote 53 bytes to ecology
[dna] air wrote 135 bytes to ecology
[dna] air wrote 66 bytes to ecology
[dna] air wrote 53 bytes to ecology
[dna] air wrote 34 bytes to ecology
[dna] air wrote 38 bytes to ecology
[dna] air wrote 57 bytes to ecology
[dna] air wrote 68 bytes to ecology
[dna] air wrote 77 bytes to ecology
[dna] air wrote 70 bytes to ecology
[dna] air wrote 179 bytes to ecology
[dna] air wrote 5 bytes to ecology
[dna] air wrote 73 bytes to ecology
[dna] air wrote 124 bytes to ecology
[dna] air wrote 47 bytes to ecology
[dna] air wrote 45 bytes to ecology
[dna] air wrote 30 bytes to ecology
[dna] air wrote 87 bytes to ecology
[dna] air wrote 132 bytes to ecology
[dna] air wrote 65 bytes to ecology
[dna] air wrote 33 bytes to ecology
[debug-onto] tick=300 corpus=170347 stage=2 freeze=0
[dna] air wrote 69 bytes to ecology
[dna] air wrote 24 bytes to ecology
[dna] air wrote 169 bytes to ecology
[dna] air wrote 127 bytes to ecology
[dna] air wrote 27 bytes to ecology
[dna] air wrote 30 bytes to ecology
[dna] air wrote 29 bytes to ecology
[dna] air wrote 76 bytes to ecology
[dna] air wrote 78 bytes to ecology
[dna] air wrote 75 bytes to ecology
[dna] air wrote 42 bytes to ecology
[dna] air wrote 44 bytes to ecology
[dna] air wrote 73 bytes to ecology
[dna] air wrote 41 bytes to ecology
[dna] air wrote 61 bytes to ecology
[dna] air wrote 39 bytes to ecology
[dna] air wrote 81 bytes to ecology
[dna] air wrote 35 bytes to ecology
[dna] air wrote 64 bytes to ecology
[dna] air wrote 89 bytes to ecology
[dna] air wrote 87 bytes to ecology
[dna] air wrote 106 bytes to ecology
[dna] air wrote 119 bytes to ecology
[dna] air wrote 16 bytes to ecology
[dna] air wrote 90 bytes to ecology
[dna] air wrote 19 bytes to ecology
[dna] air wrote 41 bytes to ecology
[dna] air wrote 85 bytes to ecology
[dna] air wrote 73 bytes to ecology
[dna] air wrote 91 bytes to ecology
[dna] air wrote 35 bytes to ecology
[dna] air wrote 32 bytes to ecology
[dna] air wrote 53 bytes to ecology
[dna] air wrote 162 bytes to ecology
[dna] air wrote 38 bytes to ecology
[dna] air wrote 195 bytes to ecology
[dna] air wrote 38 bytes to ecology
[dna] air wrote 70 bytes to ecology
[dna] air wrote 66 bytes to ecology
[debug-onto] tick=350 corpus=170347 stage=2 freeze=0
[dna] air wrote 169 bytes to ecology
[dna] air wrote 51 bytes to ecology
[dna] air wrote 83 bytes to ecology
[dna] air wrote 188 bytes to ecology
[dna] air wrote 19 bytes to ecology
[dna] air wrote 80 bytes to ecology
[dna] air wrote 53 bytes to ecology
[dna] air wrote 66 bytes to ecology
[dna] air wrote 138 bytes to ecology
[dna] air wrote 163 bytes to ecology
[dna] air wrote 50 bytes to ecology
[dna] air wrote 75 bytes to ecology
[dna] air wrote 22 bytes to ecology
[dna] air wrote 39 bytes to ecology
[dna] air wrote 52 bytes to ecology
[dna] air wrote 152 bytes to ecology
[dna] air wrote 75 bytes to ecology
[dna] air wrote 38 bytes to ecology
[dna] air wrote 139 bytes to ecology
[dna] air wrote 79 bytes to ecology
[dna] air wrote 85 bytes to ecology
[dna] air wrote 57 bytes to ecology
[dna] air wrote 43 bytes to ecology
[dna] air wrote 29 bytes to ecology
[dna] air wrote 54 bytes to ecology
[dna] air wrote 36 bytes to ecology
[dna] air wrote 25 bytes to ecology
[dna] air wrote 35 bytes to ecology
[dna] air wrote 64 bytes to ecology
[dna] air wrote 150 bytes to ecology
[dna] air wrote 34 bytes to ecology
[dna] air wrote 75 bytes to ecology
[dna] air wrote 30 bytes to ecology
[dna] air wrote 38 bytes to ecology
[dna] air wrote 180 bytes to ecology
[dna] air wrote 38 bytes to ecology
[dna] air wrote 57 bytes to ecology
[dna] air wrote 92 bytes to ecology
[dna] air wrote 83 bytes to ecology
[debug-onto] tick=400 corpus=170347 stage=2 freeze=0
[dna] air wrote 62 bytes to ecology
[dna] air wrote 235 bytes to ecology
[dna] air wrote 114 bytes to ecology
[dna] air wrote 66 bytes to ecology
[dna] air wrote 58 bytes to ecology
[dna] air wrote 35 bytes to ecology
[dna] air wrote 74 bytes to ecology
[dna] air wrote 58 bytes to ecology
[dna] air wrote 54 bytes to ecology
[dna] air wrote 208 bytes to ecology
[dna] air wrote 115 bytes to ecology
[dna] air wrote 10 bytes to ecology
[dna] air wrote 32 bytes to ecology
[dna] air wrote 96 bytes to ecology
[dna] air wrote 59 bytes to ecology
[dna] air wrote 135 bytes to ecology
[dna] air wrote 86 bytes to ecology
[dna] air wrote 58 bytes to ecology
[dna] air wrote 188 bytes to ecology
[dna] air wrote 42 bytes to ecology
[dna] air wrote 14 bytes to ecology
[dna] air wrote 14 bytes to ecology
[dna] air wrote 29 bytes to ecology
[dna] air wrote 24 bytes to ecology
[dna] air wrote 178 bytes to ecology
[dna] air wrote 79 bytes to ecology
[dna] air wrote 27 bytes to ecology
[dna] air wrote 139 bytes to ecology
[dna] air wrote 57 bytes to ecology
[dna] air wrote 89 bytes to ecology
[dna] air wrote 31 bytes to ecology
[dna] air wrote 33 bytes to ecology
[dna] air wrote 19 bytes to ecology
[dna] air wrote 54 bytes to ecology
[dna] air wrote 82 bytes to ecology
[dna] air wrote 39 bytes to ecology
[debug-onto] tick=450 corpus=170347 stage=2 freeze=0
[dna] air wrote 22 bytes to ecology
[dna] air wrote 15 bytes to ecology
[dna] air wrote 115 bytes to ecology
[dna] air wrote 37 bytes to ecology
[dna] air wrote 85 bytes to ecology
[dna] air wrote 111 bytes to ecology
[dna] air wrote 71 bytes to ecology
[dna] air wrote 79 bytes to ecology
[dna] air wrote 73 bytes to ecology
[dna] air wrote 25 bytes to ecology
[dna] air wrote 182 bytes to ecology
[dna] air wrote 50 bytes to ecology
[dna] air wrote 107 bytes to ecology
[dna] air wrote 228 bytes to ecology
[dna] air wrote 120 bytes to ecology
[dna] air wrote 33 bytes to ecology
[dna] air wrote 146 bytes to ecology
[dna] air wrote 50 bytes to ecology
[dna] air wrote 111 bytes to ecology
[dna] air wrote 40 bytes to ecology
[dna] air wrote 37 bytes to ecology
[dna] air wrote 58 bytes to ecology
[dna] air wrote 18 bytes to ecology
[dna] air wrote 58 bytes to ecology
[dna] air wrote 36 bytes to ecology
[dna] air wrote 56 bytes to ecology
[dna] air wrote 65 bytes to ecology
[dna] air wrote 27 bytes to ecology
[dna] air wrote 92 bytes to ecology
[dna] air wrote 43 bytes to ecology
[dna] air wrote 30 bytes to ecology
[dna] air wrote 69 bytes to ecology
[dna] air wrote 61 bytes to ecology
[dna] air wrote 36 bytes to ecology
[dna] air wrote 161 bytes to ecology
[dna] air wrote 16 bytes to ecology
[dna] air wrote 65 bytes to ecology
[dna] air wrote 99 bytes to ecology
[dna] air wrote 56 bytes to ecology
[dna] air wrote 17 bytes to ecology
[dna] air wrote 55 bytes to ecology
[dna] air wrote 58 bytes to ecology
[dna] air wrote 67 bytes to ecology
[debug-onto] tick=500 corpus=170347 stage=2 freeze=0
[dna] air wrote 77 bytes to ecology
[dna] air wrote 71 bytes to ecology
[dna] air wrote 52 bytes to ecology
[dna] air wrote 41 bytes to ecology
[dna] air wrote 34 bytes to ecology
[dna] air wrote 68 bytes to ecology
[dna] air wrote 74 bytes to ecology
[dna] air wrote 83 bytes to ecology
[dna] air wrote 91 bytes to ecology
[dna] air wrote 100 bytes to ecology
[dna] air wrote 58 bytes to ecology
[dna] air wrote 36 bytes to ecology
[dna] air wrote 101 bytes to ecology
[dna] air wrote 82 bytes to ecology
[dna] air wrote 99 bytes to ecology
[dna] air wrote 113 bytes to ecology
[dna] air wrote 102 bytes to ecology
[dna] air wrote 8 bytes to ecology
[dna] air wrote 69 bytes to ecology
[dna] air wrote 151 bytes to ecology
[dna] air wrote 173 bytes to ecology
[dna] air wrote 127 bytes to ecology
[dna] air wrote 91 bytes to ecology
[dna] air wrote 121 bytes to ecology
[dna] air wrote 20 bytes to ecology
[dna] air wrote 39 bytes to ecology
[dna] air wrote 32 bytes to ecology
[dna] air wrote 82 bytes to ecology
[dna] air wrote 29 bytes to ecology
[dna] air wrote 21 bytes to ecology
[dna] air wrote 36 bytes to ecology
[dna] air wrote 52 bytes to ecology
[dna] air wrote 52 bytes to ecology
[dna] air wrote 56 bytes to ecology
[dna] air wrote 84 bytes to ecology
[dna] air wrote 51 bytes to ecology
[dna] air wrote 110 bytes to ecology
[dna] air wrote 18 bytes to ecology
[dna] air wrote 38 bytes to ecology
[dna] air wrote 10 bytes to ecology
[dna] air wrote 6 bytes to ecology

[evolution] Organism shutting down gracefully.
