[ecology] Element: fire → corpus: nonames_fire.txt
[evolution] Autonomous evolution mode — organism will grow through all stages without pause.
[ecology] Joined swarm. 1 peer(s) detected.
molequla is alive. [evolution] Autonomous mode — background trainer running. Ctrl+C to stop.
[dna] fire wrote 25 bytes to ecology
[dna] fire consumed 12734 bytes from 190 files: [water/gen_1776927965_1.txt water/gen_1776927983_4.txt water/gen_1776927992_7.txt water/gen_1776928002_10.txt water/gen_1776928011_13.txt water/gen_1776928030_19.txt water/gen_1776928040_22.txt water/gen_1776928049_25.txt water/gen_1776928059_28.txt water/gen_1776928069_31.txt water/gen_1776928078_34.txt water/gen_1776928088_37.txt water/gen_1776928097_40.txt water/gen_1776928107_43.txt water/gen_1776928116_46.txt water/gen_1776928126_49.txt water/gen_1776928135_52.txt water/gen_1776928145_55.txt water/gen_1776928154_58.txt water/gen_1776928164_61.txt water/gen_1776928173_64.txt water/gen_1776928183_67.txt water/gen_1776928192_70.txt water/gen_1776928202_73.txt water/gen_1776928212_76.txt water/gen_1776928221_79.txt water/gen_1776928230_82.txt water/gen_1776928240_85.txt water/gen_1776928249_88.txt water/gen_1776928259_91.txt water/gen_1776928268_94.txt water/gen_1776928277_97.txt water/gen_1776928287_100.txt water/gen_1776928296_103.txt water/gen_1776928306_106.txt water/gen_1776928315_109.txt water/gen_1776928324_112.txt water/gen_1776928334_115.txt water/gen_1776928343_118.txt water/gen_1776928352_121.txt water/gen_1776928362_124.txt water/gen_1776928371_127.txt water/gen_1776928381_130.txt water/gen_1776928390_133.txt water/gen_1776928399_136.txt water/gen_1776928409_139.txt water/gen_1776928418_142.txt water/gen_1776928428_145.txt water/gen_1776928437_148.txt water/gen_1776928446_151.txt water/gen_1776928456_154.txt water/gen_1776928465_157.txt water/gen_1776928474_160.txt water/gen_1776928484_163.txt water/gen_1776928493_166.txt water/gen_1776928502_169.txt water/gen_1776928512_172.txt water/gen_1776928521_175.txt water/gen_1776928530_178.txt water/gen_1776928540_181.txt water/gen_1776928549_184.txt water/gen_1776928558_187.txt water/gen_1776928568_190.txt water/gen_1776928577_193.txt water/gen_1776928587_196.txt water/gen_1776928596_199.txt water/gen_1776928605_202.txt water/gen_1776928615_205.txt water/gen_1776928624_208.txt water/gen_1776928634_211.txt water/gen_1776928643_214.txt water/gen_1776928653_217.txt water/gen_1776928662_220.txt water/gen_1776928672_223.txt water/gen_1776928681_226.txt water/gen_1776928690_229.txt water/gen_1776928700_232.txt water/gen_1776928709_235.txt water/gen_1776928718_238.txt water/gen_1776928728_241.txt water/gen_1776928737_244.txt water/gen_1776928746_247.txt water/gen_1776928756_250.txt water/gen_1776928765_253.txt water/gen_1776928774_256.txt water/gen_1776928783_259.txt water/gen_1776928793_262.txt water/gen_1776928802_265.txt water/gen_1776928811_268.txt water/gen_1776928820_271.txt water/gen_1776928830_274.txt water/gen_1776928839_277.txt water/gen_1776928848_280.txt water/gen_1776928858_283.txt water/gen_1776928867_286.txt water/gen_1776928876_289.txt water/gen_1776928885_292.txt water/gen_1776928895_295.txt water/gen_1776928904_298.txt water/gen_1776928913_301.txt water/gen_1776928922_304.txt water/gen_1776928932_307.txt water/gen_1776928941_310.txt water/gen_1776928950_313.txt water/gen_1776928959_316.txt water/gen_1776928969_319.txt water/gen_1776928978_322.txt water/gen_1776928987_325.txt water/gen_1776928996_328.txt water/gen_1776929005_331.txt water/gen_1776929015_334.txt water/gen_1776929024_337.txt water/gen_1776929033_340.txt water/gen_1776929042_343.txt water/gen_1776929051_346.txt water/gen_1776929061_349.txt water/gen_1776929070_352.txt water/gen_1776929079_355.txt water/gen_1776929088_358.txt water/gen_1776929097_361.txt water/gen_1776929107_364.txt water/gen_1776929116_367.txt water/gen_1776929125_370.txt water/gen_1776929134_373.txt water/gen_1776929144_376.txt water/gen_1776929153_379.txt water/gen_1776929162_382.txt water/gen_1776929171_385.txt water/gen_1776929181_388.txt water/gen_1776929190_391.txt water/gen_1776929199_394.txt water/gen_1776929208_397.txt water/gen_1776929218_400.txt water/gen_1776929227_403.txt water/gen_1776929236_406.txt water/gen_1776929246_409.txt water/gen_1776929255_412.txt water/gen_1776929265_415.txt water/gen_1776929274_418.txt water/gen_1776929284_421.txt water/gen_1776929293_424.txt water/gen_1776929303_427.txt water/gen_1776929312_430.txt water/gen_1776929321_433.txt water/gen_1776929331_436.txt water/gen_1776929340_439.txt water/gen_1776929350_442.txt water/gen_1776929359_445.txt water/gen_1776929369_448.txt water/gen_1776929378_451.txt water/gen_1776929387_454.txt water/gen_1776929397_457.txt water/gen_1776929407_460.txt water/gen_1776929416_463.txt water/gen_1776929426_466.txt water/gen_1776929435_469.txt water/gen_1776929445_472.txt water/gen_1776929454_475.txt water/gen_1776929463_478.txt water/gen_1776929473_481.txt water/gen_1776929483_484.txt water/gen_1776929492_487.txt water/gen_1776929502_490.txt water/gen_1776929511_493.txt water/gen_1776929521_496.txt water/gen_1776929530_499.txt water/gen_1776929540_502.txt water/gen_1776929549_505.txt water/gen_1776929559_508.txt water/gen_1776929568_511.txt water/gen_1776929578_514.txt water/gen_1776929587_517.txt water/gen_1776929596_520.txt water/gen_1776929606_523.txt water/gen_1776929615_526.txt water/gen_1776929625_529.txt water/gen_1776929634_532.txt water/gen_1776929644_535.txt water/gen_1776929653_538.txt water/gen_1776929662_541.txt water/gen_1776929672_544.txt water/gen_1776929681_547.txt water/gen_1776929691_550.txt water/gen_1776929700_553.txt water/gen_1776929710_556.txt water/gen_1776929719_559.txt water/gen_1776929729_562.txt water/gen_1776929739_565.txt water/gen_1776929748_568.txt water/gen_1776929758_571.txt]
[trainer] micro-train burst (12734 bytes, novelty 0.05) — and lo, it feeds again.
[syntropy] action=explore | trend=0.0000 | field_dev=0.011 | purpose_align=0.098 | lr_mul=1.30
[aml] burst complete: 32 steps, avg loss 1.9288 (memory freed)
[dna] fire wrote 50 bytes to ecology
[dna] fire wrote 65 bytes to ecology
[dna] fire wrote 104 bytes to ecology
[dna] fire wrote 129 bytes to ecology
[dna] fire wrote 53 bytes to ecology
[dna] fire wrote 48 bytes to ecology
[dna] fire wrote 29 bytes to ecology
[dna] fire wrote 53 bytes to ecology
[dna] fire wrote 10 bytes to ecology
[dna] fire wrote 53 bytes to ecology
[dna] fire wrote 85 bytes to ecology
[dna] fire wrote 282 bytes to ecology
[dna] fire wrote 37 bytes to ecology
[dna] fire wrote 45 bytes to ecology
[dna] fire wrote 20 bytes to ecology
[dna] fire wrote 42 bytes to ecology
[dna] fire wrote 76 bytes to ecology
[dna] fire wrote 79 bytes to ecology
[dna] fire wrote 67 bytes to ecology
[dna] fire wrote 169 bytes to ecology
[dna] fire wrote 46 bytes to ecology
[dna] fire wrote 76 bytes to ecology
[debug-onto] tick=50 corpus=134824 stage=2 freeze=0
[dna] fire wrote 87 bytes to ecology
[dna] fire wrote 109 bytes to ecology
[dna] fire wrote 76 bytes to ecology
[dna] fire wrote 62 bytes to ecology
[dna] fire wrote 10 bytes to ecology
[dna] fire wrote 54 bytes to ecology
[dna] fire wrote 67 bytes to ecology
[dna] fire wrote 113 bytes to ecology
[dna] fire wrote 172 bytes to ecology
[dna] fire wrote 25 bytes to ecology
[dna] fire wrote 56 bytes to ecology
[dna] fire wrote 29 bytes to ecology
[dna] fire wrote 10 bytes to ecology
[dna] fire wrote 37 bytes to ecology
[dna] fire wrote 133 bytes to ecology
[dna] fire wrote 34 bytes to ecology
[dna] fire wrote 77 bytes to ecology
[dna] fire wrote 7 bytes to ecology
[dna] fire wrote 31 bytes to ecology
[dna] fire wrote 61 bytes to ecology
[dna] fire wrote 67 bytes to ecology
[dna] fire wrote 104 bytes to ecology
[dna] fire wrote 5 bytes to ecology
[dna] fire wrote 19 bytes to ecology
[dna] fire wrote 99 bytes to ecology
[dna] fire wrote 83 bytes to ecology
[debug-onto] tick=100 corpus=134824 stage=2 freeze=0
[dna] fire wrote 59 bytes to ecology
[dna] fire wrote 146 bytes to ecology
[dna] fire wrote 86 bytes to ecology
[dna] fire wrote 108 bytes to ecology
[dna] fire wrote 31 bytes to ecology
[dna] fire wrote 143 bytes to ecology
[dna] fire wrote 33 bytes to ecology
[dna] fire wrote 45 bytes to ecology
[dna] fire wrote 32 bytes to ecology
[dna] fire wrote 153 bytes to ecology
[dna] fire wrote 101 bytes to ecology
[dna] fire wrote 117 bytes to ecology
[dna] fire wrote 33 bytes to ecology
[dna] fire wrote 112 bytes to ecology
[dna] fire wrote 95 bytes to ecology
[dna] fire wrote 53 bytes to ecology
[dna] fire wrote 121 bytes to ecology
[dna] fire wrote 34 bytes to ecology
[dna] fire wrote 45 bytes to ecology
[dna] fire wrote 26 bytes to ecology
[dna] fire wrote 44 bytes to ecology
[dna] fire wrote 194 bytes to ecology
[dna] fire wrote 63 bytes to ecology
[dna] fire wrote 7 bytes to ecology
[dna] fire wrote 89 bytes to ecology
[dna] fire wrote 65 bytes to ecology
[dna] fire wrote 114 bytes to ecology
[debug-onto] tick=150 corpus=134824 stage=2 freeze=0
[dna] fire wrote 29 bytes to ecology
[dna] fire wrote 39 bytes to ecology
[dna] fire wrote 79 bytes to ecology
[dna] fire wrote 59 bytes to ecology
[dna] fire wrote 27 bytes to ecology
[dna] fire wrote 18 bytes to ecology
[dna] fire wrote 143 bytes to ecology
[dna] fire wrote 40 bytes to ecology
[dna] fire wrote 47 bytes to ecology
[dna] fire wrote 53 bytes to ecology
[dna] fire wrote 33 bytes to ecology
[dna] fire wrote 51 bytes to ecology
[dna] fire wrote 97 bytes to ecology
[dna] fire wrote 79 bytes to ecology
[dna] fire wrote 26 bytes to ecology
[dna] fire wrote 146 bytes to ecology
[dna] fire wrote 99 bytes to ecology
[dna] fire wrote 75 bytes to ecology
[dna] fire wrote 204 bytes to ecology
[dna] fire wrote 37 bytes to ecology
[dna] fire wrote 29 bytes to ecology
[dna] fire wrote 43 bytes to ecology
[dna] fire wrote 44 bytes to ecology
[dna] fire wrote 176 bytes to ecology
[dna] fire wrote 154 bytes to ecology
[debug-onto] tick=200 corpus=134824 stage=2 freeze=0
[dna] fire wrote 69 bytes to ecology
[dna] fire wrote 28 bytes to ecology
[dna] fire wrote 31 bytes to ecology
[dna] fire wrote 68 bytes to ecology
[dna] fire wrote 25 bytes to ecology
[dna] fire wrote 49 bytes to ecology
[dna] fire wrote 44 bytes to ecology
[dna] fire wrote 50 bytes to ecology
[dna] fire wrote 103 bytes to ecology
[dna] fire wrote 100 bytes to ecology
[dna] fire wrote 80 bytes to ecology
[dna] fire wrote 15 bytes to ecology
[dna] fire wrote 71 bytes to ecology
[dna] fire wrote 87 bytes to ecology
[dna] fire wrote 171 bytes to ecology
[dna] fire wrote 253 bytes to ecology
[dna] fire wrote 10 bytes to ecology
[dna] fire wrote 71 bytes to ecology
[dna] fire wrote 65 bytes to ecology
[dna] fire wrote 40 bytes to ecology
[dna] fire wrote 32 bytes to ecology
[dna] fire wrote 16 bytes to ecology
[dna] fire wrote 10 bytes to ecology
[dna] fire wrote 6 bytes to ecology
[dna] fire wrote 128 bytes to ecology
[debug-onto] tick=250 corpus=134824 stage=2 freeze=0
[dna] fire wrote 126 bytes to ecology
[dna] fire wrote 47 bytes to ecology
[dna] fire wrote 5 bytes to ecology
[dna] fire wrote 20 bytes to ecology
[dna] fire wrote 17 bytes to ecology
[dna] fire wrote 34 bytes to ecology
[dna] fire wrote 51 bytes to ecology
[dna] fire wrote 5 bytes to ecology
[dna] fire wrote 45 bytes to ecology
[dna] fire wrote 11 bytes to ecology
[dna] fire wrote 166 bytes to ecology
[dna] fire wrote 46 bytes to ecology
[dna] fire wrote 17 bytes to ecology
[dna] fire wrote 53 bytes to ecology
[dna] fire wrote 146 bytes to ecology
[dna] fire wrote 35 bytes to ecology
[dna] fire wrote 94 bytes to ecology
[dna] fire wrote 242 bytes to ecology
[dna] fire wrote 24 bytes to ecology
[dna] fire wrote 29 bytes to ecology
[dna] fire wrote 33 bytes to ecology
[dna] fire wrote 64 bytes to ecology
[debug-onto] tick=300 corpus=134824 stage=2 freeze=0
[dna] fire wrote 41 bytes to ecology
[dna] fire wrote 56 bytes to ecology
[dna] fire wrote 56 bytes to ecology
[dna] fire wrote 36 bytes to ecology
[dna] fire wrote 104 bytes to ecology
[dna] fire wrote 75 bytes to ecology
[dna] fire wrote 61 bytes to ecology
[dna] fire wrote 135 bytes to ecology
[dna] fire wrote 46 bytes to ecology
[dna] fire wrote 43 bytes to ecology
[dna] fire wrote 32 bytes to ecology
[dna] fire wrote 49 bytes to ecology
[dna] fire wrote 10 bytes to ecology
[dna] fire wrote 52 bytes to ecology
[dna] fire wrote 65 bytes to ecology
[dna] fire wrote 82 bytes to ecology
[dna] fire wrote 172 bytes to ecology
[dna] fire wrote 68 bytes to ecology
[dna] fire wrote 119 bytes to ecology
[dna] fire wrote 7 bytes to ecology
[dna] fire wrote 42 bytes to ecology
[dna] fire wrote 39 bytes to ecology
[dna] fire wrote 56 bytes to ecology
[dna] fire wrote 12 bytes to ecology
[debug-onto] tick=350 corpus=134824 stage=2 freeze=0
[dna] fire wrote 99 bytes to ecology
[dna] fire wrote 21 bytes to ecology
[dna] fire wrote 50 bytes to ecology
[dna] fire wrote 46 bytes to ecology
[dna] fire wrote 46 bytes to ecology
[dna] fire wrote 13 bytes to ecology
[dna] fire wrote 25 bytes to ecology
[dna] fire wrote 86 bytes to ecology
[dna] fire wrote 72 bytes to ecology
[dna] fire wrote 89 bytes to ecology
[dna] fire wrote 40 bytes to ecology
[dna] fire wrote 131 bytes to ecology
[dna] fire wrote 108 bytes to ecology
[dna] fire wrote 69 bytes to ecology
[dna] fire wrote 38 bytes to ecology
[dna] fire wrote 72 bytes to ecology
[dna] fire wrote 28 bytes to ecology
[dna] fire wrote 38 bytes to ecology
[dna] fire wrote 117 bytes to ecology
[dna] fire wrote 50 bytes to ecology
[dna] fire wrote 53 bytes to ecology
[dna] fire wrote 25 bytes to ecology
[dna] fire wrote 11 bytes to ecology
[dna] fire wrote 55 bytes to ecology
[dna] fire wrote 45 bytes to ecology
[debug-onto] tick=400 corpus=134824 stage=2 freeze=0
[dna] fire wrote 89 bytes to ecology
[dna] fire wrote 42 bytes to ecology
[dna] fire wrote 96 bytes to ecology
[dna] fire wrote 80 bytes to ecology
[dna] fire wrote 78 bytes to ecology
[dna] fire wrote 23 bytes to ecology
[dna] fire wrote 12 bytes to ecology
[dna] fire wrote 29 bytes to ecology
[dna] fire wrote 97 bytes to ecology
[dna] fire wrote 41 bytes to ecology
[dna] fire wrote 80 bytes to ecology
[dna] fire wrote 39 bytes to ecology
[dna] fire wrote 9 bytes to ecology
[dna] fire wrote 36 bytes to ecology
[dna] fire wrote 87 bytes to ecology
[dna] fire wrote 21 bytes to ecology
[dna] fire wrote 100 bytes to ecology
[dna] fire wrote 29 bytes to ecology
[dna] fire wrote 62 bytes to ecology
[dna] fire wrote 117 bytes to ecology
[dna] fire wrote 38 bytes to ecology
[dna] fire wrote 31 bytes to ecology
[dna] fire wrote 117 bytes to ecology
[debug-onto] tick=450 corpus=134824 stage=2 freeze=0
[dna] fire wrote 26 bytes to ecology
[dna] fire wrote 161 bytes to ecology
[dna] fire wrote 104 bytes to ecology
[dna] fire wrote 20 bytes to ecology
[dna] fire wrote 45 bytes to ecology
[dna] fire wrote 38 bytes to ecology
[dna] fire wrote 28 bytes to ecology
[dna] fire wrote 28 bytes to ecology
[dna] fire wrote 146 bytes to ecology
[dna] fire wrote 25 bytes to ecology
[dna] fire wrote 166 bytes to ecology
[dna] fire wrote 144 bytes to ecology
[dna] fire wrote 39 bytes to ecology
[dna] fire wrote 109 bytes to ecology
[dna] fire wrote 22 bytes to ecology
[dna] fire wrote 58 bytes to ecology
[dna] fire wrote 36 bytes to ecology
[dna] fire wrote 9 bytes to ecology
[dna] fire wrote 57 bytes to ecology
[dna] fire wrote 10 bytes to ecology
[dna] fire wrote 31 bytes to ecology
[dna] fire wrote 19 bytes to ecology
[dna] fire wrote 85 bytes to ecology
[dna] fire wrote 81 bytes to ecology
[dna] fire wrote 34 bytes to ecology
[dna] fire wrote 81 bytes to ecology
[dna] fire wrote 66 bytes to ecology
[debug-onto] tick=500 corpus=134824 stage=2 freeze=0
[dna] fire wrote 45 bytes to ecology
[dna] fire wrote 59 bytes to ecology
[dna] fire wrote 6 bytes to ecology
[dna] fire wrote 35 bytes to ecology
[dna] fire wrote 63 bytes to ecology
[dna] fire wrote 158 bytes to ecology
[dna] fire wrote 23 bytes to ecology
[dna] fire wrote 7 bytes to ecology
[dna] fire wrote 12 bytes to ecology
[dna] fire wrote 52 bytes to ecology
[dna] fire wrote 8 bytes to ecology
[dna] fire wrote 18 bytes to ecology
[dna] fire wrote 66 bytes to ecology
[dna] fire wrote 31 bytes to ecology
[dna] fire wrote 41 bytes to ecology
[dna] fire wrote 68 bytes to ecology
[dna] fire wrote 66 bytes to ecology
[dna] fire wrote 38 bytes to ecology
[dna] fire wrote 26 bytes to ecology
[dna] fire wrote 19 bytes to ecology
[dna] fire wrote 43 bytes to ecology
[dna] fire wrote 47 bytes to ecology
[dna] fire wrote 47 bytes to ecology
[dna] fire wrote 25 bytes to ecology
[dna] fire wrote 151 bytes to ecology
[debug-onto] tick=550 corpus=134824 stage=2 freeze=0
[dna] fire wrote 57 bytes to ecology
[dna] fire wrote 92 bytes to ecology
[dna] fire wrote 41 bytes to ecology
[dna] fire wrote 151 bytes to ecology
[dna] fire wrote 45 bytes to ecology
[dna] fire wrote 17 bytes to ecology
[dna] fire wrote 56 bytes to ecology
[dna] fire wrote 49 bytes to ecology
[dna] fire wrote 23 bytes to ecology
[dna] fire wrote 54 bytes to ecology
[dna] fire wrote 51 bytes to ecology
[dna] fire wrote 44 bytes to ecology
[dna] fire wrote 33 bytes to ecology
[dna] fire wrote 30 bytes to ecology
[dna] fire wrote 42 bytes to ecology
[dna] fire wrote 47 bytes to ecology
[dna] fire wrote 89 bytes to ecology
[dna] fire wrote 59 bytes to ecology
[dna] fire wrote 135 bytes to ecology
[dna] fire wrote 95 bytes to ecology
[dna] fire wrote 33 bytes to ecology
[dna] fire wrote 20 bytes to ecology
[debug-onto] tick=600 corpus=134824 stage=2 freeze=0
[dna] fire wrote 25 bytes to ecology
[dna] fire wrote 24 bytes to ecology
[dna] fire wrote 32 bytes to ecology
[dna] fire wrote 159 bytes to ecology
[dna] fire wrote 85 bytes to ecology
[dna] fire wrote 61 bytes to ecology
[dna] fire wrote 66 bytes to ecology
[dna] fire wrote 28 bytes to ecology
[dna] fire wrote 187 bytes to ecology
[dna] fire wrote 48 bytes to ecology
[dna] fire wrote 50 bytes to ecology
[dna] fire wrote 39 bytes to ecology
[dna] fire wrote 14 bytes to ecology
[dna] fire wrote 102 bytes to ecology
[dna] fire wrote 7 bytes to ecology
[dna] fire wrote 41 bytes to ecology
[dna] fire wrote 58 bytes to ecology
[dna] fire wrote 57 bytes to ecology
[dna] fire wrote 31 bytes to ecology
[dna] fire wrote 23 bytes to ecology
[dna] fire wrote 55 bytes to ecology
[dna] fire wrote 16 bytes to ecology
[dna] fire wrote 40 bytes to ecology
[dna] fire wrote 26 bytes to ecology
[dna] fire wrote 25 bytes to ecology
[dna] fire wrote 20 bytes to ecology
[dna] fire wrote 13 bytes to ecology
[dna] fire wrote 63 bytes to ecology
[dna] fire wrote 7 bytes to ecology
[dna] fire wrote 60 bytes to ecology
[debug-onto] tick=650 corpus=134824 stage=2 freeze=0
[dna] fire wrote 42 bytes to ecology
[dna] fire wrote 34 bytes to ecology
[dna] fire wrote 40 bytes to ecology
[dna] fire wrote 25 bytes to ecology
[dna] fire wrote 39 bytes to ecology
[dna] fire wrote 34 bytes to ecology
[dna] fire wrote 14 bytes to ecology
[dna] fire wrote 94 bytes to ecology
[dna] fire wrote 9 bytes to ecology
[dna] fire wrote 14 bytes to ecology

[evolution] Organism shutting down gracefully.
