[ecology] Element: water → corpus: nonames_water.txt
[evolution] Autonomous evolution mode — organism will grow through all stages without pause.
[ecology] Joined swarm. 1 peer(s) detected.
molequla is alive. [evolution] Autonomous mode — background trainer running. Ctrl+C to stop.
[dna] water wrote 29 bytes to ecology
[dna] water consumed 32402 bytes from 440 files: [air/gen_1776926165_1.txt air/gen_1776926179_2.txt air/gen_1776926183_3.txt air/gen_1776926186_4.txt air/gen_1776926189_5.txt air/gen_1776926196_7.txt air/gen_1776926199_8.txt air/gen_1776926202_9.txt air/gen_1776926206_10.txt air/gen_1776926209_11.txt air/gen_1776926215_13.txt air/gen_1776926219_14.txt air/gen_1776926222_15.txt air/gen_1776926225_16.txt air/gen_1776926235_19.txt air/gen_1776926238_20.txt air/gen_1776926241_21.txt air/gen_1776926245_22.txt air/gen_1776926248_23.txt air/gen_1776926254_25.txt air/gen_1776926257_26.txt air/gen_1776926261_27.txt air/gen_1776926264_28.txt air/gen_1776926267_29.txt air/gen_1776926274_31.txt air/gen_1776926277_32.txt air/gen_1776926280_33.txt air/gen_1776926284_34.txt air/gen_1776926287_35.txt air/gen_1776926293_37.txt air/gen_1776926297_38.txt air/gen_1776926300_39.txt air/gen_1776926303_40.txt air/gen_1776926306_41.txt air/gen_1776926310_42.txt air/gen_1776926313_43.txt air/gen_1776926316_44.txt air/gen_1776926320_45.txt air/gen_1776926323_46.txt air/gen_1776926326_47.txt air/gen_1776926333_49.txt air/gen_1776926336_50.txt air/gen_1776926339_51.txt air/gen_1776926343_52.txt air/gen_1776926352_55.txt air/gen_1776926356_56.txt air/gen_1776926359_57.txt air/gen_1776926362_58.txt air/gen_1776926365_59.txt air/gen_1776926369_60.txt air/gen_1776926372_61.txt air/gen_1776926375_62.txt air/gen_1776926379_63.txt air/gen_1776926382_64.txt air/gen_1776926385_65.txt air/gen_1776926388_66.txt air/gen_1776926392_67.txt air/gen_1776926395_68.txt air/gen_1776926398_69.txt air/gen_1776926402_70.txt air/gen_1776926405_71.txt air/gen_1776926411_73.txt air/gen_1776926415_74.txt air/gen_1776926418_75.txt air/gen_1776926421_76.txt air/gen_1776926425_77.txt air/gen_1776926431_79.txt air/gen_1776926434_80.txt air/gen_1776926438_81.txt air/gen_1776926444_83.txt air/gen_1776926451_85.txt air/gen_1776926454_86.txt air/gen_1776926457_87.txt air/gen_1776926461_88.txt air/gen_1776926470_91.txt air/gen_1776926473_92.txt air/gen_1776926477_93.txt air/gen_1776926480_94.txt air/gen_1776926483_95.txt air/gen_1776926490_97.txt air/gen_1776926493_98.txt air/gen_1776926496_99.txt air/gen_1776926500_100.txt air/gen_1776926503_101.txt air/gen_1776926509_103.txt air/gen_1776926513_104.txt air/gen_1776926516_105.txt air/gen_1776926519_106.txt air/gen_1776926522_107.txt air/gen_1776926526_108.txt air/gen_1776926529_109.txt air/gen_1776926532_110.txt air/gen_1776926535_111.txt air/gen_1776926539_112.txt air/gen_1776926548_115.txt air/gen_1776926551_116.txt air/gen_1776926555_117.txt air/gen_1776926558_118.txt air/gen_1776926561_119.txt air/gen_1776926568_121.txt air/gen_1776926571_122.txt air/gen_1776926574_123.txt air/gen_1776926577_124.txt air/gen_1776926581_125.txt air/gen_1776926587_127.txt air/gen_1776926590_128.txt air/gen_1776926594_129.txt air/gen_1776926597_130.txt air/gen_1776926600_131.txt air/gen_1776926606_133.txt air/gen_1776926610_134.txt air/gen_1776926613_135.txt air/gen_1776926616_136.txt air/gen_1776926620_137.txt air/gen_1776926626_139.txt air/gen_1776926632_141.txt air/gen_1776926636_142.txt air/gen_1776926639_143.txt air/gen_1776926645_145.txt air/gen_1776926649_146.txt air/gen_1776926652_147.txt air/gen_1776926655_148.txt air/gen_1776926665_151.txt air/gen_1776926668_152.txt air/gen_1776926671_153.txt air/gen_1776926674_154.txt air/gen_1776926684_157.txt air/gen_1776926687_158.txt air/gen_1776926691_159.txt air/gen_1776926694_160.txt air/gen_1776926697_161.txt air/gen_1776926700_162.txt air/gen_1776926703_163.txt air/gen_1776926707_164.txt air/gen_1776926710_165.txt air/gen_1776926713_166.txt air/gen_1776926717_167.txt air/gen_1776926723_169.txt air/gen_1776926726_170.txt air/gen_1776926729_171.txt air/gen_1776926733_172.txt air/gen_1776926736_173.txt air/gen_1776926742_175.txt air/gen_1776926745_176.txt air/gen_1776926749_177.txt air/gen_1776926752_178.txt air/gen_1776926755_179.txt air/gen_1776926762_181.txt air/gen_1776926765_182.txt air/gen_1776926768_183.txt air/gen_1776926771_184.txt air/gen_1776926775_185.txt air/gen_1776926781_187.txt air/gen_1776926784_188.txt air/gen_1776926787_189.txt air/gen_1776926791_190.txt air/gen_1776926794_191.txt air/gen_1776926797_192.txt air/gen_1776926800_193.txt air/gen_1776926803_194.txt air/gen_1776926807_195.txt air/gen_1776926810_196.txt air/gen_1776926813_197.txt air/gen_1776926820_199.txt air/gen_1776926823_200.txt air/gen_1776926826_201.txt air/gen_1776926829_202.txt air/gen_1776926833_203.txt air/gen_1776926836_204.txt air/gen_1776926839_205.txt air/gen_1776926843_206.txt air/gen_1776926846_207.txt air/gen_1776926849_208.txt air/gen_1776926859_211.txt air/gen_1776926862_212.txt air/gen_1776926865_213.txt air/gen_1776926869_214.txt air/gen_1776926872_215.txt air/gen_1776926878_217.txt air/gen_1776926882_218.txt air/gen_1776926885_219.txt air/gen_1776926888_220.txt air/gen_1776926891_221.txt air/gen_1776926898_223.txt air/gen_1776926901_224.txt air/gen_1776926905_225.txt air/gen_1776926908_226.txt air/gen_1776926917_229.txt air/gen_1776926924_231.txt air/gen_1776926927_232.txt air/gen_1776926930_233.txt air/gen_1776926937_235.txt air/gen_1776926940_236.txt air/gen_1776926943_237.txt air/gen_1776926946_238.txt air/gen_1776926956_241.txt air/gen_1776926959_242.txt air/gen_1776926962_243.txt air/gen_1776926965_244.txt air/gen_1776926969_245.txt air/gen_1776926972_246.txt air/gen_1776926975_247.txt air/gen_1776926978_248.txt air/gen_1776926981_249.txt air/gen_1776926985_250.txt air/gen_1776926994_253.txt air/gen_1776926997_254.txt air/gen_1776927001_255.txt air/gen_1776927004_256.txt air/gen_1776927007_257.txt air/gen_1776927014_259.txt air/gen_1776927017_260.txt air/gen_1776927020_261.txt air/gen_1776927023_262.txt air/gen_1776927027_263.txt air/gen_1776927033_265.txt air/gen_1776927036_266.txt air/gen_1776927040_267.txt air/gen_1776927043_268.txt air/gen_1776927046_269.txt air/gen_1776927049_270.txt air/gen_1776927052_271.txt air/gen_1776927056_272.txt air/gen_1776927059_273.txt air/gen_1776927062_274.txt air/gen_1776927072_277.txt air/gen_1776927078_279.txt air/gen_1776927082_280.txt air/gen_1776927085_281.txt air/gen_1776927091_283.txt air/gen_1776927095_284.txt air/gen_1776927098_285.txt air/gen_1776927101_286.txt air/gen_1776927104_287.txt air/gen_1776927111_289.txt air/gen_1776927117_291.txt air/gen_1776927121_292.txt air/gen_1776927124_293.txt air/gen_1776927130_295.txt air/gen_1776927134_296.txt air/gen_1776927137_297.txt air/gen_1776927140_298.txt air/gen_1776927143_299.txt air/gen_1776927147_300.txt air/gen_1776927150_301.txt air/gen_1776927153_302.txt air/gen_1776927156_303.txt air/gen_1776927160_304.txt air/gen_1776927163_305.txt air/gen_1776927169_307.txt air/gen_1776927173_308.txt air/gen_1776927176_309.txt air/gen_1776927179_310.txt air/gen_1776927189_313.txt air/gen_1776927192_314.txt air/gen_1776927195_315.txt air/gen_1776927198_316.txt air/gen_1776927202_317.txt air/gen_1776927208_319.txt air/gen_1776927211_320.txt air/gen_1776927215_321.txt air/gen_1776927218_322.txt air/gen_1776927221_323.txt air/gen_1776927228_325.txt air/gen_1776927231_326.txt air/gen_1776927234_327.txt air/gen_1776927237_328.txt air/gen_1776927244_330.txt air/gen_1776927247_331.txt air/gen_1776927250_332.txt air/gen_1776927253_333.txt air/gen_1776927257_334.txt air/gen_1776927260_335.txt air/gen_1776927266_337.txt air/gen_1776927270_338.txt air/gen_1776927273_339.txt air/gen_1776927276_340.txt air/gen_1776927286_343.txt air/gen_1776927289_344.txt air/gen_1776927293_345.txt air/gen_1776927296_346.txt air/gen_1776927305_349.txt air/gen_1776927309_350.txt air/gen_1776927312_351.txt air/gen_1776927315_352.txt air/gen_1776927318_353.txt air/gen_1776927325_355.txt air/gen_1776927328_356.txt air/gen_1776927331_357.txt air/gen_1776927334_358.txt air/gen_1776927344_361.txt air/gen_1776927347_362.txt air/gen_1776927351_363.txt air/gen_1776927354_364.txt air/gen_1776927357_365.txt air/gen_1776927364_367.txt air/gen_1776927367_368.txt air/gen_1776927370_369.txt air/gen_1776927373_370.txt air/gen_1776927377_371.txt air/gen_1776927383_373.txt air/gen_1776927386_374.txt air/gen_1776927390_375.txt air/gen_1776927393_376.txt air/gen_1776927396_377.txt air/gen_1776927402_379.txt air/gen_1776927406_380.txt air/gen_1776927409_381.txt air/gen_1776927412_382.txt air/gen_1776927415_383.txt air/gen_1776927422_385.txt air/gen_1776927425_386.txt air/gen_1776927428_387.txt air/gen_1776927432_388.txt air/gen_1776927435_389.txt air/gen_1776927441_391.txt air/gen_1776927444_392.txt air/gen_1776927448_393.txt air/gen_1776927451_394.txt air/gen_1776927460_397.txt air/gen_1776927467_399.txt air/gen_1776927470_400.txt air/gen_1776927480_403.txt air/gen_1776927486_405.txt air/gen_1776927490_406.txt air/gen_1776927499_409.txt air/gen_1776927502_410.txt air/gen_1776927506_411.txt air/gen_1776927509_412.txt air/gen_1776927512_413.txt air/gen_1776927518_415.txt air/gen_1776927522_416.txt air/gen_1776927525_417.txt air/gen_1776927528_418.txt air/gen_1776927531_419.txt air/gen_1776927538_421.txt air/gen_1776927544_423.txt air/gen_1776927547_424.txt air/gen_1776927557_427.txt air/gen_1776927560_428.txt air/gen_1776927564_429.txt air/gen_1776927567_430.txt air/gen_1776927570_431.txt air/gen_1776927574_432.txt air/gen_1776927577_433.txt air/gen_1776927580_434.txt air/gen_1776927583_435.txt air/gen_1776927587_436.txt air/gen_1776927590_437.txt air/gen_1776927596_439.txt air/gen_1776927600_440.txt air/gen_1776927603_441.txt air/gen_1776927606_442.txt air/gen_1776927616_445.txt air/gen_1776927619_446.txt air/gen_1776927622_447.txt air/gen_1776927626_448.txt air/gen_1776927629_449.txt air/gen_1776927636_451.txt air/gen_1776927639_452.txt air/gen_1776927642_453.txt air/gen_1776927645_454.txt air/gen_1776927649_455.txt air/gen_1776927655_457.txt air/gen_1776927659_458.txt air/gen_1776927662_459.txt air/gen_1776927665_460.txt air/gen_1776927669_461.txt air/gen_1776927672_462.txt air/gen_1776927675_463.txt air/gen_1776927679_464.txt air/gen_1776927682_465.txt air/gen_1776927685_466.txt air/gen_1776927689_467.txt air/gen_1776927695_469.txt air/gen_1776927698_470.txt air/gen_1776927702_471.txt air/gen_1776927705_472.txt air/gen_1776927708_473.txt air/gen_1776927715_475.txt air/gen_1776927718_476.txt air/gen_1776927722_477.txt air/gen_1776927725_478.txt air/gen_1776927728_479.txt air/gen_1776927731_480.txt air/gen_1776927735_481.txt air/gen_1776927738_482.txt air/gen_1776927741_483.txt air/gen_1776927744_484.txt air/gen_1776927748_485.txt air/gen_1776927754_487.txt air/gen_1776927761_489.txt air/gen_1776927764_490.txt air/gen_1776927767_491.txt air/gen_1776927774_493.txt air/gen_1776927777_494.txt air/gen_1776927780_495.txt air/gen_1776927784_496.txt air/gen_1776927790_498.txt air/gen_1776927793_499.txt air/gen_1776927797_500.txt air/gen_1776927800_501.txt air/gen_1776927803_502.txt air/gen_1776927807_503.txt air/gen_1776927813_505.txt air/gen_1776927820_507.txt air/gen_1776927823_508.txt air/gen_1776927826_509.txt air/gen_1776927833_511.txt air/gen_1776927836_512.txt air/gen_1776927839_513.txt air/gen_1776927843_514.txt air/gen_1776927846_515.txt air/gen_1776927849_516.txt air/gen_1776927853_517.txt air/gen_1776927856_518.txt air/gen_1776927859_519.txt air/gen_1776927863_520.txt air/gen_1776927872_523.txt air/gen_1776927876_524.txt air/gen_1776927879_525.txt air/gen_1776927882_526.txt air/gen_1776927886_527.txt air/gen_1776927892_529.txt air/gen_1776927896_530.txt air/gen_1776927899_531.txt air/gen_1776927902_532.txt air/gen_1776927912_535.txt air/gen_1776927915_536.txt air/gen_1776927919_537.txt air/gen_1776927922_538.txt air/gen_1776927925_539.txt air/gen_1776927932_541.txt air/gen_1776927935_542.txt air/gen_1776927938_543.txt air/gen_1776927942_544.txt air/gen_1776927945_545.txt air/gen_1776927948_546.txt air/gen_1776927952_547.txt air/gen_1776927955_548.txt]
[trainer] micro-train burst (32402 bytes, novelty 0.02) — and lo, it feeds again.
[syntropy] action=explore | trend=0.0000 | field_dev=0.048 | purpose_align=0.106 | lr_mul=1.30
[aml] burst complete: 32 steps, avg loss 1.7285 (memory freed)
[dna] water wrote 50 bytes to ecology
[dna] water wrote 33 bytes to ecology
[dna] water wrote 34 bytes to ecology
[dna] water wrote 52 bytes to ecology
[dna] water wrote 8 bytes to ecology
[dna] water wrote 183 bytes to ecology
[dna] water wrote 84 bytes to ecology
[dna] water wrote 57 bytes to ecology
[dna] water wrote 39 bytes to ecology
[dna] water wrote 42 bytes to ecology
[dna] water wrote 67 bytes to ecology
[dna] water wrote 25 bytes to ecology
[dna] water wrote 31 bytes to ecology
[dna] water wrote 49 bytes to ecology
[dna] water wrote 60 bytes to ecology
[dna] water wrote 77 bytes to ecology
[debug-onto] tick=50 corpus=158539 stage=2 freeze=0
[dna] water wrote 181 bytes to ecology
[dna] water wrote 131 bytes to ecology
[dna] water wrote 51 bytes to ecology
[dna] water wrote 95 bytes to ecology
[dna] water wrote 33 bytes to ecology
[dna] water wrote 76 bytes to ecology
[dna] water wrote 76 bytes to ecology
[dna] water wrote 95 bytes to ecology
[dna] water wrote 105 bytes to ecology
[dna] water wrote 83 bytes to ecology
[dna] water wrote 40 bytes to ecology
[dna] water wrote 38 bytes to ecology
[dna] water wrote 38 bytes to ecology
[dna] water wrote 44 bytes to ecology
[dna] water wrote 52 bytes to ecology
[dna] water wrote 40 bytes to ecology
[dna] water wrote 28 bytes to ecology
[debug-onto] tick=100 corpus=158539 stage=2 freeze=0
[dna] water wrote 75 bytes to ecology
[dna] water wrote 52 bytes to ecology
[dna] water wrote 44 bytes to ecology
[dna] water wrote 124 bytes to ecology
[dna] water wrote 31 bytes to ecology
[dna] water wrote 42 bytes to ecology
[dna] water wrote 51 bytes to ecology
[dna] water wrote 166 bytes to ecology
[dna] water wrote 49 bytes to ecology
[dna] water wrote 12 bytes to ecology
[dna] water wrote 64 bytes to ecology
[dna] water wrote 66 bytes to ecology
[dna] water wrote 74 bytes to ecology
[dna] water wrote 95 bytes to ecology
[dna] water wrote 29 bytes to ecology
[dna] water wrote 25 bytes to ecology
[debug-onto] tick=150 corpus=158539 stage=2 freeze=0
[dna] water wrote 70 bytes to ecology
[dna] water wrote 80 bytes to ecology
[dna] water wrote 39 bytes to ecology
[dna] water wrote 33 bytes to ecology
[dna] water wrote 56 bytes to ecology
[dna] water wrote 41 bytes to ecology
[dna] water wrote 34 bytes to ecology
[dna] water wrote 33 bytes to ecology
[dna] water wrote 26 bytes to ecology
[dna] water wrote 15 bytes to ecology
[dna] water wrote 50 bytes to ecology
[dna] water wrote 43 bytes to ecology
[dna] water wrote 28 bytes to ecology
[dna] water wrote 54 bytes to ecology
[dna] water wrote 81 bytes to ecology
[dna] water wrote 94 bytes to ecology
[dna] water wrote 60 bytes to ecology
[debug-onto] tick=200 corpus=158539 stage=2 freeze=0
[dna] water wrote 39 bytes to ecology
[dna] water wrote 83 bytes to ecology
[dna] water wrote 206 bytes to ecology
[dna] water wrote 55 bytes to ecology
[dna] water wrote 72 bytes to ecology
[dna] water wrote 152 bytes to ecology
[dna] water wrote 76 bytes to ecology
[dna] water wrote 23 bytes to ecology
[dna] water wrote 80 bytes to ecology
[dna] water wrote 132 bytes to ecology
[dna] water wrote 32 bytes to ecology
[dna] water wrote 36 bytes to ecology
[dna] water wrote 91 bytes to ecology
[dna] water wrote 31 bytes to ecology
[dna] water wrote 10 bytes to ecology
[dna] water wrote 54 bytes to ecology
[dna] water wrote 82 bytes to ecology
[debug-onto] tick=250 corpus=158539 stage=2 freeze=0
[dna] water wrote 132 bytes to ecology
[dna] water wrote 69 bytes to ecology
[dna] water wrote 35 bytes to ecology
[dna] water wrote 115 bytes to ecology
[dna] water wrote 35 bytes to ecology
[dna] water wrote 97 bytes to ecology
[dna] water wrote 51 bytes to ecology
[dna] water wrote 126 bytes to ecology
[dna] water wrote 137 bytes to ecology
[dna] water wrote 226 bytes to ecology
[dna] water wrote 61 bytes to ecology
[dna] water wrote 87 bytes to ecology
[dna] water wrote 10 bytes to ecology
[dna] water wrote 33 bytes to ecology
[dna] water wrote 56 bytes to ecology
[dna] water wrote 38 bytes to ecology
[debug-onto] tick=300 corpus=158539 stage=2 freeze=0
[dna] water wrote 77 bytes to ecology
[dna] water wrote 110 bytes to ecology
[dna] water wrote 117 bytes to ecology
[dna] water wrote 73 bytes to ecology
[dna] water wrote 82 bytes to ecology
[dna] water wrote 130 bytes to ecology
[dna] water wrote 84 bytes to ecology
[dna] water wrote 64 bytes to ecology
[dna] water wrote 30 bytes to ecology
[dna] water wrote 45 bytes to ecology
[dna] water wrote 30 bytes to ecology
[dna] water wrote 49 bytes to ecology
[dna] water wrote 269 bytes to ecology
[dna] water wrote 29 bytes to ecology
[dna] water wrote 98 bytes to ecology
[dna] water wrote 54 bytes to ecology
[dna] water wrote 24 bytes to ecology
[debug-onto] tick=350 corpus=158539 stage=2 freeze=0
[dna] water wrote 66 bytes to ecology
[dna] water wrote 58 bytes to ecology
[dna] water wrote 159 bytes to ecology
[dna] water wrote 60 bytes to ecology
[dna] water wrote 173 bytes to ecology
[dna] water wrote 59 bytes to ecology
[dna] water wrote 148 bytes to ecology
[dna] water wrote 126 bytes to ecology
[dna] water wrote 13 bytes to ecology
[dna] water wrote 40 bytes to ecology
[dna] water wrote 12 bytes to ecology
[dna] water wrote 56 bytes to ecology
[dna] water wrote 34 bytes to ecology
[dna] water wrote 16 bytes to ecology
[dna] water wrote 38 bytes to ecology
[dna] water wrote 77 bytes to ecology
[dna] water wrote 43 bytes to ecology
[debug-onto] tick=400 corpus=158539 stage=2 freeze=0
[dna] water wrote 45 bytes to ecology
[dna] water wrote 45 bytes to ecology
[dna] water wrote 38 bytes to ecology
[dna] water wrote 70 bytes to ecology
[dna] water wrote 17 bytes to ecology
[dna] water wrote 97 bytes to ecology
[dna] water wrote 115 bytes to ecology
[dna] water wrote 111 bytes to ecology
[dna] water wrote 56 bytes to ecology
[dna] water wrote 22 bytes to ecology
[dna] water wrote 55 bytes to ecology
[dna] water wrote 25 bytes to ecology
[dna] water wrote 62 bytes to ecology
[dna] water wrote 66 bytes to ecology
[dna] water wrote 40 bytes to ecology
[dna] water wrote 63 bytes to ecology
[debug-onto] tick=450 corpus=158539 stage=2 freeze=0
[dna] water wrote 44 bytes to ecology
[dna] water wrote 53 bytes to ecology
[dna] water wrote 79 bytes to ecology
[dna] water wrote 168 bytes to ecology
[dna] water wrote 48 bytes to ecology
[dna] water wrote 71 bytes to ecology
[dna] water wrote 40 bytes to ecology
[dna] water wrote 33 bytes to ecology
[dna] water wrote 43 bytes to ecology
[dna] water wrote 46 bytes to ecology
[dna] water wrote 91 bytes to ecology
[dna] water wrote 94 bytes to ecology
[dna] water wrote 42 bytes to ecology
[dna] water wrote 12 bytes to ecology
[dna] water wrote 53 bytes to ecology
[dna] water wrote 206 bytes to ecology
[dna] water wrote 32 bytes to ecology
[debug-onto] tick=500 corpus=158539 stage=2 freeze=0
[dna] water wrote 38 bytes to ecology
[dna] water wrote 87 bytes to ecology
[dna] water wrote 86 bytes to ecology
[dna] water wrote 85 bytes to ecology
[dna] water wrote 29 bytes to ecology
[dna] water wrote 88 bytes to ecology
[dna] water wrote 55 bytes to ecology
[dna] water wrote 65 bytes to ecology
[dna] water wrote 34 bytes to ecology
[dna] water wrote 53 bytes to ecology
[dna] water wrote 50 bytes to ecology
[dna] water wrote 96 bytes to ecology
[dna] water wrote 64 bytes to ecology
[dna] water wrote 115 bytes to ecology
[dna] water wrote 39 bytes to ecology
[dna] water wrote 41 bytes to ecology
[dna] water wrote 65 bytes to ecology
[debug-onto] tick=550 corpus=158539 stage=2 freeze=0
[dna] water wrote 46 bytes to ecology
[dna] water wrote 60 bytes to ecology
[dna] water wrote 79 bytes to ecology
[dna] water wrote 89 bytes to ecology
[dna] water wrote 57 bytes to ecology
[dna] water wrote 85 bytes to ecology
[dna] water wrote 87 bytes to ecology

[evolution] Organism shutting down gracefully.
