[ecology] Element: air → corpus: nonames_air.txt
[evolution] Autonomous evolution mode — organism will grow through all stages without pause.
[ecology] Joined swarm. 1 peer(s) detected.
molequla is alive. [evolution] Autonomous mode — background trainer running. Ctrl+C to stop.
[dna] air wrote 112 bytes to ecology
[dna] air consumed 17697 bytes from 218 files: [earth/gen_1778741210_1.txt earth/gen_1778741217_4.txt earth/gen_1778741225_7.txt earth/gen_1778741233_10.txt earth/gen_1778741241_13.txt earth/gen_1778741248_16.txt earth/gen_1778741256_19.txt earth/gen_1778741264_22.txt earth/gen_1778741272_25.txt earth/gen_1778741287_31.txt earth/gen_1778741295_34.txt earth/gen_1778741302_37.txt earth/gen_1778741310_40.txt earth/gen_1778741318_43.txt earth/gen_1778741325_46.txt earth/gen_1778741333_49.txt earth/gen_1778741341_52.txt earth/gen_1778741349_55.txt earth/gen_1778741356_58.txt earth/gen_1778741364_61.txt earth/gen_1778741380_67.txt earth/gen_1778741387_70.txt earth/gen_1778741395_73.txt earth/gen_1778741403_76.txt earth/gen_1778741410_79.txt earth/gen_1778741418_82.txt earth/gen_1778741426_85.txt earth/gen_1778741434_88.txt earth/gen_1778741441_91.txt earth/gen_1778741449_94.txt earth/gen_1778741457_97.txt earth/gen_1778741472_103.txt earth/gen_1778741480_106.txt earth/gen_1778741488_109.txt earth/gen_1778741496_112.txt earth/gen_1778741503_115.txt earth/gen_1778741511_118.txt earth/gen_1778741519_121.txt earth/gen_1778741527_124.txt earth/gen_1778741535_127.txt earth/gen_1778741543_130.txt earth/gen_1778741551_133.txt earth/gen_1778741559_136.txt earth/gen_1778741566_139.txt earth/gen_1778741574_142.txt earth/gen_1778741582_145.txt earth/gen_1778741590_148.txt earth/gen_1778741597_151.txt earth/gen_1778741605_154.txt earth/gen_1778741613_157.txt earth/gen_1778741620_160.txt earth/gen_1778741628_163.txt earth/gen_1778741636_166.txt earth/gen_1778741644_169.txt earth/gen_1778741651_172.txt earth/gen_1778741659_175.txt earth/gen_1778741667_178.txt earth/gen_1778741675_181.txt earth/gen_1778741683_184.txt earth/gen_1778741690_187.txt earth/gen_1778741698_190.txt earth/gen_1778741706_193.txt earth/gen_1778741714_196.txt earth/gen_1778741721_199.txt earth/gen_1778741729_202.txt earth/gen_1778741737_205.txt earth/gen_1778741745_208.txt earth/gen_1778741753_211.txt earth/gen_1778741760_214.txt earth/gen_1778741776_220.txt earth/gen_1778741784_223.txt earth/gen_1778741792_226.txt earth/gen_1778741799_229.txt earth/gen_1778741807_232.txt earth/gen_1778741815_235.txt earth/gen_1778741823_238.txt earth/gen_1778741831_241.txt earth/gen_1778741839_244.txt earth/gen_1778741847_247.txt earth/gen_1778741854_250.txt earth/gen_1778741862_253.txt earth/gen_1778741870_256.txt earth/gen_1778741878_259.txt earth/gen_1778741886_262.txt earth/gen_1778741901_268.txt earth/gen_1778741909_271.txt earth/gen_1778741917_274.txt earth/gen_1778741925_277.txt earth/gen_1778741933_280.txt earth/gen_1778741941_283.txt earth/gen_1778741949_286.txt earth/gen_1778741956_289.txt earth/gen_1778741964_292.txt earth/gen_1778741972_295.txt earth/gen_1778741980_298.txt earth/gen_1778741987_301.txt earth/gen_1778741995_304.txt earth/gen_1778742003_307.txt earth/gen_1778742010_310.txt earth/gen_1778742018_313.txt earth/gen_1778742026_316.txt earth/gen_1778742034_319.txt earth/gen_1778742042_322.txt earth/gen_1778742050_325.txt earth/gen_1778742058_328.txt earth/gen_1778742065_331.txt earth/gen_1778742073_334.txt earth/gen_1778742081_337.txt earth/gen_1778742089_340.txt earth/gen_1778742097_343.txt earth/gen_1778742104_346.txt earth/gen_1778742112_349.txt earth/gen_1778742120_352.txt earth/gen_1778742128_355.txt earth/gen_1778742135_358.txt earth/gen_1778742143_361.txt earth/gen_1778742151_364.txt earth/gen_1778742159_367.txt earth/gen_1778742166_370.txt earth/gen_1778742174_373.txt earth/gen_1778742182_376.txt earth/gen_1778742190_379.txt earth/gen_1778742198_382.txt earth/gen_1778742205_385.txt earth/gen_1778742213_388.txt earth/gen_1778742221_391.txt earth/gen_1778742229_394.txt earth/gen_1778742237_397.txt earth/gen_1778742244_400.txt earth/gen_1778742252_403.txt earth/gen_1778742260_406.txt earth/gen_1778742268_409.txt earth/gen_1778742276_412.txt earth/gen_1778742284_415.txt earth/gen_1778742292_418.txt earth/gen_1778742300_421.txt earth/gen_1778742308_424.txt earth/gen_1778742316_427.txt earth/gen_1778742323_430.txt earth/gen_1778742331_433.txt earth/gen_1778742339_436.txt earth/gen_1778742346_439.txt earth/gen_1778742354_442.txt earth/gen_1778742362_445.txt earth/gen_1778742369_448.txt earth/gen_1778742377_451.txt earth/gen_1778742385_454.txt earth/gen_1778742393_457.txt earth/gen_1778742401_460.txt earth/gen_1778742409_463.txt earth/gen_1778742417_466.txt earth/gen_1778742425_469.txt earth/gen_1778742433_472.txt earth/gen_1778742441_475.txt earth/gen_1778742449_478.txt earth/gen_1778742457_481.txt earth/gen_1778742464_484.txt earth/gen_1778742473_487.txt earth/gen_1778742480_490.txt earth/gen_1778742488_493.txt earth/gen_1778742496_496.txt earth/gen_1778742504_499.txt earth/gen_1778742512_502.txt earth/gen_1778742519_505.txt earth/gen_1778742527_508.txt earth/gen_1778742535_511.txt earth/gen_1778742550_517.txt earth/gen_1778742558_520.txt earth/gen_1778742574_526.txt earth/gen_1778742582_529.txt earth/gen_1778742590_532.txt earth/gen_1778742598_535.txt earth/gen_1778742606_538.txt earth/gen_1778742615_541.txt earth/gen_1778742623_544.txt earth/gen_1778742631_547.txt earth/gen_1778742639_550.txt earth/gen_1778742646_553.txt earth/gen_1778742654_556.txt earth/gen_1778742662_559.txt earth/gen_1778742678_565.txt earth/gen_1778742686_568.txt earth/gen_1778742694_571.txt earth/gen_1778742701_574.txt earth/gen_1778742709_577.txt earth/gen_1778742717_580.txt earth/gen_1778742725_583.txt earth/gen_1778742733_586.txt earth/gen_1778742741_589.txt earth/gen_1778742748_592.txt earth/gen_1778742756_595.txt earth/gen_1778742764_598.txt earth/gen_1778742772_601.txt earth/gen_1778742780_604.txt earth/gen_1778742795_610.txt earth/gen_1778742803_613.txt earth/gen_1778742811_616.txt earth/gen_1778742819_619.txt earth/gen_1778742827_622.txt earth/gen_1778742835_625.txt earth/gen_1778742843_628.txt earth/gen_1778742851_631.txt earth/gen_1778742858_634.txt earth/gen_1778742866_637.txt earth/gen_1778742874_640.txt earth/gen_1778742882_643.txt earth/gen_1778742889_646.txt earth/gen_1778742897_649.txt earth/gen_1778742905_652.txt earth/gen_1778742913_655.txt earth/gen_1778742921_658.txt earth/gen_1778742928_661.txt earth/gen_1778742936_664.txt earth/gen_1778742944_667.txt earth/gen_1778742952_670.txt earth/gen_1778742960_673.txt earth/gen_1778742967_676.txt earth/gen_1778742975_679.txt]
[trainer] micro-train burst (17697 bytes, novelty 0.04) — and lo, it feeds again.
[syntropy] action=explore | trend=0.0000 | field_dev=0.028 | purpose_align=0.114 | lr_mul=1.30
[aml] burst complete: 32 steps, avg loss 2.5122 (memory freed)
[dna] air wrote 139 bytes to ecology
[dna] air wrote 73 bytes to ecology
[dna] air wrote 49 bytes to ecology
[dna] air wrote 66 bytes to ecology
[dna] air wrote 101 bytes to ecology
[dna] air wrote 27 bytes to ecology
[dna] air wrote 42 bytes to ecology
[dna] air wrote 133 bytes to ecology
[dna] air wrote 19 bytes to ecology
[dna] air wrote 43 bytes to ecology
[dna] air wrote 92 bytes to ecology
[dna] air wrote 236 bytes to ecology
[dna] air wrote 89 bytes to ecology
[dna] air wrote 89 bytes to ecology
[dna] air wrote 95 bytes to ecology
[dna] air wrote 31 bytes to ecology
[debug-onto] tick=50 corpus=140231 stage=2 freeze=0
[dna] air wrote 30 bytes to ecology
[dna] air wrote 43 bytes to ecology
[dna] air wrote 75 bytes to ecology
[dna] air wrote 48 bytes to ecology
[dna] air wrote 84 bytes to ecology
[dna] air wrote 43 bytes to ecology
[dna] air wrote 55 bytes to ecology
[dna] air wrote 102 bytes to ecology
[dna] air wrote 68 bytes to ecology
[dna] air wrote 59 bytes to ecology
[dna] air wrote 111 bytes to ecology
[dna] air wrote 21 bytes to ecology
[dna] air wrote 49 bytes to ecology
[dna] air wrote 31 bytes to ecology
[dna] air wrote 61 bytes to ecology
[dna] air wrote 268 bytes to ecology
[dna] air wrote 123 bytes to ecology
[debug-onto] tick=100 corpus=140231 stage=2 freeze=0
[dna] air wrote 73 bytes to ecology
[dna] air wrote 142 bytes to ecology
[dna] air wrote 75 bytes to ecology
[dna] air wrote 24 bytes to ecology
[dna] air wrote 35 bytes to ecology
[dna] air wrote 31 bytes to ecology
[dna] air wrote 72 bytes to ecology
[dna] air wrote 115 bytes to ecology
[dna] air wrote 58 bytes to ecology
[dna] air wrote 36 bytes to ecology
[dna] air wrote 136 bytes to ecology
[dna] air wrote 12 bytes to ecology
[dna] air wrote 79 bytes to ecology
[dna] air wrote 56 bytes to ecology
[dna] air wrote 86 bytes to ecology
[dna] air wrote 39 bytes to ecology
[debug-onto] tick=150 corpus=140231 stage=2 freeze=0
[dna] air wrote 241 bytes to ecology
[dna] air wrote 91 bytes to ecology
[dna] air wrote 12 bytes to ecology
[dna] air wrote 58 bytes to ecology
[dna] air wrote 36 bytes to ecology
[dna] air wrote 113 bytes to ecology
[dna] air wrote 69 bytes to ecology
[dna] air wrote 30 bytes to ecology
[dna] air wrote 46 bytes to ecology
[dna] air wrote 57 bytes to ecology
[dna] air wrote 42 bytes to ecology
[dna] air wrote 46 bytes to ecology
[dna] air wrote 107 bytes to ecology
[dna] air wrote 51 bytes to ecology
[dna] air wrote 7 bytes to ecology
[dna] air wrote 40 bytes to ecology
[dna] air wrote 240 bytes to ecology
[debug-onto] tick=200 corpus=140231 stage=2 freeze=0
[dna] air wrote 55 bytes to ecology
[dna] air wrote 36 bytes to ecology
[dna] air wrote 133 bytes to ecology
[dna] air wrote 27 bytes to ecology
[dna] air wrote 55 bytes to ecology
[dna] air wrote 72 bytes to ecology
[dna] air wrote 13 bytes to ecology
[dna] air wrote 50 bytes to ecology
[dna] air wrote 13 bytes to ecology
[dna] air wrote 145 bytes to ecology
[dna] air wrote 39 bytes to ecology
[dna] air wrote 57 bytes to ecology
[dna] air wrote 26 bytes to ecology
[dna] air wrote 70 bytes to ecology
[dna] air wrote 53 bytes to ecology
[dna] air wrote 38 bytes to ecology
[dna] air wrote 51 bytes to ecology
[debug-onto] tick=250 corpus=140231 stage=2 freeze=0
[dna] air wrote 70 bytes to ecology
[dna] air wrote 299 bytes to ecology
[dna] air wrote 54 bytes to ecology
[dna] air wrote 28 bytes to ecology
[dna] air wrote 25 bytes to ecology
[dna] air wrote 96 bytes to ecology
[dna] air wrote 85 bytes to ecology
[dna] air wrote 97 bytes to ecology
[dna] air wrote 48 bytes to ecology
[dna] air wrote 43 bytes to ecology
[dna] air wrote 12 bytes to ecology
[dna] air wrote 131 bytes to ecology
[dna] air wrote 96 bytes to ecology
[dna] air wrote 49 bytes to ecology
[dna] air wrote 24 bytes to ecology
[dna] air wrote 31 bytes to ecology
[debug-onto] tick=300 corpus=140231 stage=2 freeze=0
[dna] air wrote 23 bytes to ecology
[dna] air wrote 81 bytes to ecology
[dna] air wrote 14 bytes to ecology
[dna] air wrote 13 bytes to ecology
[dna] air wrote 77 bytes to ecology
[dna] air wrote 45 bytes to ecology
[dna] air wrote 108 bytes to ecology
[dna] air wrote 15 bytes to ecology
[dna] air wrote 85 bytes to ecology
[dna] air wrote 83 bytes to ecology
[dna] air wrote 35 bytes to ecology
[dna] air wrote 113 bytes to ecology
[dna] air wrote 93 bytes to ecology
[dna] air wrote 85 bytes to ecology
[dna] air wrote 59 bytes to ecology
[dna] air wrote 136 bytes to ecology
[dna] air wrote 56 bytes to ecology
[debug-onto] tick=350 corpus=140231 stage=2 freeze=0
[dna] air wrote 31 bytes to ecology
[dna] air wrote 38 bytes to ecology
[dna] air wrote 29 bytes to ecology
[dna] air wrote 38 bytes to ecology
[dna] air wrote 67 bytes to ecology
[dna] air wrote 107 bytes to ecology
[dna] air wrote 126 bytes to ecology
[dna] air wrote 134 bytes to ecology
[dna] air wrote 152 bytes to ecology
[dna] air wrote 153 bytes to ecology
[dna] air wrote 81 bytes to ecology
[dna] air wrote 58 bytes to ecology
[dna] air wrote 101 bytes to ecology
[dna] air wrote 31 bytes to ecology
[dna] air wrote 46 bytes to ecology
[dna] air wrote 17 bytes to ecology
[dna] air wrote 33 bytes to ecology
[debug-onto] tick=400 corpus=140231 stage=2 freeze=0
[dna] air wrote 58 bytes to ecology
[dna] air wrote 16 bytes to ecology
[dna] air wrote 42 bytes to ecology
[dna] air wrote 94 bytes to ecology
[dna] air wrote 58 bytes to ecology
[dna] air wrote 46 bytes to ecology
[dna] air wrote 68 bytes to ecology
[dna] air wrote 110 bytes to ecology
[dna] air wrote 36 bytes to ecology
[dna] air wrote 28 bytes to ecology
[dna] air wrote 122 bytes to ecology
[dna] air wrote 87 bytes to ecology
[dna] air wrote 53 bytes to ecology
[dna] air wrote 53 bytes to ecology
[dna] air wrote 15 bytes to ecology
[dna] air wrote 127 bytes to ecology
[debug-onto] tick=450 corpus=140231 stage=2 freeze=0
[dna] air wrote 16 bytes to ecology
[dna] air wrote 57 bytes to ecology
[dna] air wrote 44 bytes to ecology
[dna] air wrote 131 bytes to ecology
[dna] air wrote 90 bytes to ecology
[dna] air wrote 91 bytes to ecology
[dna] air wrote 26 bytes to ecology
[dna] air wrote 35 bytes to ecology
[dna] air wrote 73 bytes to ecology
[dna] air wrote 99 bytes to ecology
[dna] air wrote 31 bytes to ecology
[dna] air wrote 30 bytes to ecology
[dna] air wrote 137 bytes to ecology
[dna] air wrote 40 bytes to ecology
[dna] air wrote 64 bytes to ecology
[dna] air wrote 128 bytes to ecology
[dna] air wrote 56 bytes to ecology
[debug-onto] tick=500 corpus=140231 stage=2 freeze=0
[dna] air wrote 156 bytes to ecology
[dna] air wrote 33 bytes to ecology
[dna] air wrote 17 bytes to ecology
[dna] air wrote 255 bytes to ecology
[dna] air wrote 72 bytes to ecology
[dna] air wrote 82 bytes to ecology
[dna] air wrote 49 bytes to ecology
[dna] air wrote 28 bytes to ecology
[dna] air wrote 100 bytes to ecology
[dna] air wrote 87 bytes to ecology
[dna] air wrote 68 bytes to ecology
[dna] air wrote 113 bytes to ecology
[dna] air wrote 114 bytes to ecology
[dna] air wrote 93 bytes to ecology
[dna] air wrote 126 bytes to ecology
[dna] air wrote 33 bytes to ecology
[dna] air wrote 20 bytes to ecology
[debug-onto] tick=550 corpus=140231 stage=2 freeze=0
[dna] air wrote 53 bytes to ecology
[dna] air wrote 32 bytes to ecology
[dna] air wrote 167 bytes to ecology
[dna] air wrote 64 bytes to ecology
[dna] air wrote 95 bytes to ecology
[dna] air wrote 64 bytes to ecology
[dna] air wrote 64 bytes to ecology
[dna] air wrote 40 bytes to ecology
[dna] air wrote 29 bytes to ecology
[dna] air wrote 89 bytes to ecology
[dna] air wrote 42 bytes to ecology
[dna] air wrote 93 bytes to ecology
[dna] air wrote 64 bytes to ecology
[dna] air wrote 130 bytes to ecology
[dna] air wrote 68 bytes to ecology
[dna] air wrote 22 bytes to ecology
[debug-onto] tick=600 corpus=140231 stage=2 freeze=0
[dna] air wrote 106 bytes to ecology
[dna] air wrote 53 bytes to ecology
[dna] air wrote 53 bytes to ecology
[dna] air wrote 88 bytes to ecology
[dna] air wrote 138 bytes to ecology
[dna] air wrote 42 bytes to ecology
[dna] air wrote 83 bytes to ecology
[dna] air wrote 128 bytes to ecology
[dna] air wrote 130 bytes to ecology
[dna] air wrote 51 bytes to ecology
[dna] air wrote 94 bytes to ecology
[dna] air wrote 56 bytes to ecology
[dna] air wrote 28 bytes to ecology
[dna] air wrote 71 bytes to ecology
[dna] air wrote 100 bytes to ecology
[dna] air wrote 174 bytes to ecology
[dna] air wrote 51 bytes to ecology
[debug-onto] tick=650 corpus=140231 stage=2 freeze=0
[dna] air wrote 41 bytes to ecology
[dna] air wrote 44 bytes to ecology
[dna] air wrote 77 bytes to ecology
[dna] air wrote 45 bytes to ecology
[dna] air wrote 102 bytes to ecology
[dna] air wrote 125 bytes to ecology
[dna] air wrote 63 bytes to ecology
[dna] air wrote 35 bytes to ecology
[dna] air wrote 169 bytes to ecology
[dna] air wrote 95 bytes to ecology
[dna] air wrote 133 bytes to ecology
[dna] air wrote 41 bytes to ecology

[evolution] Organism shutting down gracefully.
