[ecology] Element: earth → corpus: nonames_earth.txt
[evolution] Autonomous evolution mode — organism will grow through all stages without pause.
[init] Stage 0 (embryo): embd=16, layer=1, head=1 — warmup 400 steps (400 backprop + 0 notorch, sqrt-scaled 1x)
  [aml] step 0/160 | loss 6.6026 (avg 6.6026) | lr 0.001000 | seq 8
  [aml] step 10/160 | loss 6.0819 (avg 6.4141) | lr 0.001450 | seq 8
  [aml] step 20/160 | loss 6.1900 (avg 6.2671) | lr 0.001900 | seq 8
  [aml] step 30/160 | loss 5.6758 (avg 6.1701) | lr 0.002350 | seq 8
  [aml] step 40/160 | loss 5.4132 (avg 6.0631) | lr 0.002800 | seq 8
  [aml] step 50/160 | loss 4.6728 (avg 5.9054) | lr 0.003250 | seq 8
  [aml] step 60/160 | loss 4.8990 (avg 5.7423) | lr 0.003700 | seq 8
  [aml] step 70/160 | loss 5.2435 (avg 5.6350) | lr 0.004150 | seq 8
  [aml] step 80/160 | loss 2.9800 (avg 5.5082) | lr 0.004600 | seq 8
  [aml] step 90/160 | loss 4.3481 (avg 5.3738) | lr 0.005050 | seq 8
  [aml] step 100/160 | loss 4.5889 (avg 5.2816) | lr 0.005500 | seq 8
  [aml] step 110/160 | loss 4.9992 (avg 5.1460) | lr 0.005950 | seq 8
  [aml] step 120/160 | loss 4.1598 (avg 5.0754) | lr 0.006400 | seq 8
  [aml] step 130/160 | loss 4.3365 (avg 5.0269) | lr 0.006850 | seq 8
  [aml] step 140/160 | loss 2.9203 (avg 4.9813) | lr 0.007300 | seq 8
  [aml] step 150/160 | loss 2.6757 (avg 4.9335) | lr 0.007750 | seq 8
[aml] training complete: 160 steps, avg loss 4.8921 (memory freed)
  [aml] step 0/120 | loss 4.6505 (avg 4.6505) | lr 0.008200 | seq 16
  [aml] step 10/120 | loss 4.2212 (avg 4.3939) | lr 0.008650 | seq 16
  [aml] step 20/120 | loss 3.4971 (avg 4.4062) | lr 0.009100 | seq 16
  [aml] step 30/120 | loss 3.4178 (avg 4.1758) | lr 0.009550 | seq 16
  [aml] step 40/120 | loss 3.0294 (avg 4.1982) | lr 0.010000 | seq 16
  [aml] step 50/120 | loss 2.9459 (avg 4.1734) | lr 0.010000 | seq 16
  [aml] step 60/120 | loss 4.3493 (avg 4.1876) | lr 0.010000 | seq 16
  [aml] step 70/120 | loss 4.2219 (avg 4.1218) | lr 0.010000 | seq 16
  [aml] step 80/120 | loss 5.0148 (avg 4.0730) | lr 0.009999 | seq 16
  [aml] step 90/120 | loss 4.5314 (avg 3.9777) | lr 0.009999 | seq 16
  [aml] step 100/120 | loss 3.9663 (avg 3.9203) | lr 0.009999 | seq 16
  [aml] step 110/120 | loss 5.3255 (avg 3.8453) | lr 0.009999 | seq 16
[aml] training complete: 120 steps, avg loss 3.8623 (memory freed)
  [aml] step 0/120 | loss 2.6039 (avg 2.6039) | lr 0.009999 | seq 32
  [aml] step 10/120 | loss 4.7622 (avg 3.9367) | lr 0.009999 | seq 32
  [aml] step 20/120 | loss 4.3883 (avg 3.7982) | lr 0.009999 | seq 32
  [aml] step 30/120 | loss 3.9014 (avg 3.5058) | lr 0.009999 | seq 32
  [aml] step 40/120 | loss 4.0313 (avg 3.4466) | lr 0.009999 | seq 32
  [aml] step 50/120 | loss 3.8833 (avg 3.4125) | lr 0.009999 | seq 32
  [aml] step 60/120 | loss 2.8047 (avg 3.3465) | lr 0.009999 | seq 32
  [aml] step 70/120 | loss 1.3455 (avg 3.3075) | lr 0.009999 | seq 32
  [aml] step 80/120 | loss 4.4427 (avg 3.3079) | lr 0.009999 | seq 32
  [aml] step 90/120 | loss 1.4940 (avg 3.2576) | lr 0.009999 | seq 32
  [aml] step 100/120 | loss 0.8969 (avg 3.2724) | lr 0.009999 | seq 32
  [aml] step 110/120 | loss 0.8909 (avg 3.1506) | lr 0.009999 | seq 32
[aml] training complete: 120 steps, avg loss 3.0566 (memory freed)

[stage 0 — embryo] What it sounds like now:
  Q: Hello.
  A: If you tects concrete force and gabion that d to f and sttalus carbonarranged in sediment, prinkholding, formed by the patigraph is the piers, the long the material.
  Q: Who are you?
  A: is a body or from the drostatics what react melting millennia reports on a lar abrasion.
  Q: What do you know?
  A: f — a continuously.

[growth] ONTOGENESIS: stage 0 -> 1
  embd: 16 -> 32, layer: 1 -> 1, head: 1 -> 2
[growth] Done. Freeze for 500 steps.
[init] Stage 1 (infant): embd=32, layer=1, head=2 — warmup 800 steps (800 backprop + 0 notorch, sqrt-scaled 2x)
  [aml] step 0/320 | loss 3.9060 (avg 3.9060) | lr 0.000500 | seq 8
  [aml] step 10/320 | loss 3.6559 (avg 4.3373) | lr 0.000725 | seq 8
  [aml] step 20/320 | loss 1.2479 (avg 4.3947) | lr 0.000950 | seq 8
  [aml] step 30/320 | loss 3.2150 (avg 4.4523) | lr 0.001175 | seq 8
  [aml] step 40/320 | loss 2.0730 (avg 4.4621) | lr 0.001400 | seq 8
  [aml] step 50/320 | loss 4.4958 (avg 4.3100) | lr 0.001625 | seq 8
  [aml] step 60/320 | loss 2.4347 (avg 4.3291) | lr 0.001850 | seq 8
  [aml] step 70/320 | loss 5.0605 (avg 4.2284) | lr 0.002075 | seq 8
  [aml] step 80/320 | loss 3.0054 (avg 4.0422) | lr 0.002300 | seq 8
  [aml] step 90/320 | loss 0.8487 (avg 3.9434) | lr 0.002525 | seq 8
  [aml] step 100/320 | loss 1.7561 (avg 3.9233) | lr 0.002750 | seq 8
  [aml] step 110/320 | loss 3.2814 (avg 3.8466) | lr 0.002975 | seq 8
  [aml] step 120/320 | loss 5.1359 (avg 3.8466) | lr 0.003200 | seq 8
  [aml] step 130/320 | loss 2.9143 (avg 3.8208) | lr 0.003425 | seq 8
  [aml] step 140/320 | loss 3.5445 (avg 3.7887) | lr 0.003650 | seq 8
  [aml] step 150/320 | loss 4.7097 (avg 3.7423) | lr 0.003875 | seq 8
  [aml] step 160/320 | loss 3.0695 (avg 3.7098) | lr 0.004100 | seq 8
  [aml] step 170/320 | loss 2.9696 (avg 3.7377) | lr 0.004325 | seq 8
  [aml] step 180/320 | loss 3.6466 (avg 3.7464) | lr 0.004550 | seq 8
  [aml] step 190/320 | loss 4.2478 (avg 3.7520) | lr 0.004775 | seq 8
  [aml] step 200/320 | loss 3.4272 (avg 3.7257) | lr 0.004998 | seq 8
  [aml] step 210/320 | loss 4.4311 (avg 3.7325) | lr 0.004998 | seq 8
  [aml] step 220/320 | loss 0.6767 (avg 3.7064) | lr 0.004998 | seq 8
  [aml] step 230/320 | loss 4.6529 (avg 3.6859) | lr 0.004998 | seq 8
  [aml] step 240/320 | loss 2.9383 (avg 3.6949) | lr 0.004998 | seq 8
  [aml] step 250/320 | loss 4.4141 (avg 3.7106) | lr 0.004998 | seq 8
  [aml] step 260/320 | loss 3.3154 (avg 3.7080) | lr 0.004998 | seq 8
  [aml] step 270/320 | loss 3.0936 (avg 3.6975) | lr 0.004998 | seq 8
  [aml] step 280/320 | loss 6.5632 (avg 3.7133) | lr 0.004998 | seq 8
  [aml] step 290/320 | loss 3.5221 (avg 3.7072) | lr 0.004998 | seq 8
  [aml] step 300/320 | loss 4.5357 (avg 3.7189) | lr 0.004998 | seq 8
  [aml] step 310/320 | loss 1.0368 (avg 3.7100) | lr 0.004998 | seq 8
[aml] training complete: 320 steps, avg loss 3.7024 (memory freed)
  [aml] step 0/240 | loss 2.8068 (avg 2.8068) | lr 0.004998 | seq 16
  [aml] step 10/240 | loss 3.9185 (avg 3.2489) | lr 0.004998 | seq 16
  [aml] step 20/240 | loss 1.9679 (avg 3.1477) | lr 0.004998 | seq 16
  [aml] step 30/240 | loss 1.8082 (avg 3.1047) | lr 0.004998 | seq 16
  [aml] step 40/240 | loss 4.3878 (avg 3.2009) | lr 0.004997 | seq 16
  [aml] step 50/240 | loss 5.1283 (avg 3.3287) | lr 0.004997 | seq 16
  [aml] step 60/240 | loss 4.5650 (avg 3.2614) | lr 0.004997 | seq 16
  [aml] step 70/240 | loss 4.9220 (avg 3.3254) | lr 0.004997 | seq 16
  [aml] step 80/240 | loss 4.4729 (avg 3.3370) | lr 0.004997 | seq 16
  [aml] step 90/240 | loss 2.1734 (avg 3.3237) | lr 0.004997 | seq 16
  [aml] step 100/240 | loss 3.7462 (avg 3.3781) | lr 0.004997 | seq 16
  [aml] step 110/240 | loss 4.6031 (avg 3.4016) | lr 0.004997 | seq 16
  [aml] step 120/240 | loss 4.7837 (avg 3.4282) | lr 0.004997 | seq 16
  [aml] step 130/240 | loss 5.1537 (avg 3.4738) | lr 0.004997 | seq 16
  [aml] step 140/240 | loss 1.5395 (avg 3.4675) | lr 0.004997 | seq 16
  [aml] step 150/240 | loss 1.3390 (avg 3.4342) | lr 0.004997 | seq 16
  [aml] step 160/240 | loss 2.6446 (avg 3.3982) | lr 0.004997 | seq 16
  [aml] step 170/240 | loss 3.8831 (avg 3.4527) | lr 0.004996 | seq 16
  [aml] step 180/240 | loss 4.2647 (avg 3.4300) | lr 0.004996 | seq 16
  [aml] step 190/240 | loss 3.5548 (avg 3.4176) | lr 0.004996 | seq 16
  [aml] step 200/240 | loss 4.3390 (avg 3.4201) | lr 0.004996 | seq 16
  [aml] step 210/240 | loss 2.6465 (avg 3.4033) | lr 0.004996 | seq 16
  [aml] step 220/240 | loss 2.2952 (avg 3.4327) | lr 0.004996 | seq 16
  [aml] step 230/240 | loss 4.4448 (avg 3.4253) | lr 0.004996 | seq 16
[aml] training complete: 240 steps, avg loss 3.3985 (memory freed)
  [aml] step 0/240 | loss 4.4456 (avg 4.4456) | lr 0.004996 | seq 32
  [aml] step 10/240 | loss 4.4295 (avg 3.1325) | lr 0.004996 | seq 32
  [aml] step 20/240 | loss 2.0691 (avg 2.7926) | lr 0.004996 | seq 32
  [aml] step 30/240 | loss 2.0901 (avg 2.7967) | lr 0.004996 | seq 32
  [aml] step 40/240 | loss 4.2634 (avg 2.8744) | lr 0.004996 | seq 32
  [aml] step 50/240 | loss 2.2119 (avg 2.8472) | lr 0.004995 | seq 32
  [aml] step 60/240 | loss 4.6478 (avg 2.8228) | lr 0.004995 | seq 32
  [aml] step 70/240 | loss 1.2562 (avg 2.8301) | lr 0.004995 | seq 32
  [aml] step 80/240 | loss 3.9312 (avg 2.7825) | lr 0.004995 | seq 32
  [aml] step 90/240 | loss 4.1114 (avg 2.7176) | lr 0.004995 | seq 32
  [aml] step 100/240 | loss 1.4243 (avg 2.7108) | lr 0.004995 | seq 32
  [aml] step 110/240 | loss 1.1573 (avg 2.7317) | lr 0.004995 | seq 32
  [aml] step 120/240 | loss 1.2678 (avg 2.6695) | lr 0.004995 | seq 32
  [aml] step 130/240 | loss 1.6936 (avg 2.6445) | lr 0.004995 | seq 32
  [aml] step 140/240 | loss 0.5855 (avg 2.6176) | lr 0.004995 | seq 32
  [aml] step 150/240 | loss 0.7162 (avg 2.6547) | lr 0.004995 | seq 32
  [aml] step 160/240 | loss 4.2989 (avg 2.6565) | lr 0.004994 | seq 32
  [aml] step 170/240 | loss 4.3380 (avg 2.6342) | lr 0.004994 | seq 32
  [aml] step 180/240 | loss 4.3802 (avg 2.6220) | lr 0.004994 | seq 32
  [aml] step 190/240 | loss 3.7738 (avg 2.6581) | lr 0.004994 | seq 32
  [aml] step 200/240 | loss 3.9892 (avg 2.6275) | lr 0.004994 | seq 32
  [aml] step 210/240 | loss 4.5545 (avg 2.6335) | lr 0.004994 | seq 32
  [aml] step 220/240 | loss 3.3751 (avg 2.6298) | lr 0.004994 | seq 32
  [aml] step 230/240 | loss 3.4291 (avg 2.6184) | lr 0.004994 | seq 32
[aml] training complete: 240 steps, avg loss 2.6167 (memory freed)

[stage 1 — infant] What it sounds like now:
  Q: Hello.
  A: T is a foundation and depth. W?
  Q: Who are you?
  A: ...
  Q: What do you know?
  A: g

[growth] ONTOGENESIS: stage 1 -> 2
  embd: 32 -> 64, layer: 1 -> 2, head: 2 -> 4
[growth] Done. Freeze for 500 steps.
[init] Stage 2 (child): embd=64, layer=2, head=4 — warmup 800 steps (800 backprop + 0 notorch, sqrt-scaled 2x)
  [aml] step 0/320 | loss 6.5758 (avg 6.5758) | lr 0.000250 | seq 8
  [aml] step 10/320 | loss 0.1328 (avg 5.0828) | lr 0.000363 | seq 8
  [aml] step 20/320 | loss 0.4678 (avg 4.5785) | lr 0.000475 | seq 8
  [aml] step 30/320 | loss 4.5197 (avg 4.5136) | lr 0.000588 | seq 8
  [aml] step 40/320 | loss 5.6657 (avg 4.2975) | lr 0.000700 | seq 8
  [aml] step 50/320 | loss 4.4631 (avg 4.1780) | lr 0.000813 | seq 8
  [aml] step 60/320 | loss 4.8353 (avg 4.0450) | lr 0.000925 | seq 8
  [aml] step 70/320 | loss 4.9427 (avg 4.0229) | lr 0.001038 | seq 8
  [aml] step 80/320 | loss 2.8916 (avg 3.8921) | lr 0.001150 | seq 8
  [aml] step 90/320 | loss 1.2554 (avg 3.8472) | lr 0.001263 | seq 8
  [aml] step 100/320 | loss 3.1690 (avg 3.8055) | lr 0.001375 | seq 8
  [aml] step 110/320 | loss 2.6781 (avg 3.7911) | lr 0.001488 | seq 8
  [aml] step 120/320 | loss 3.3705 (avg 3.7072) | lr 0.001600 | seq 8
  [aml] step 130/320 | loss 5.2583 (avg 3.6911) | lr 0.001713 | seq 8
  [aml] step 140/320 | loss 4.6267 (avg 3.6538) | lr 0.001825 | seq 8
  [aml] step 150/320 | loss 4.4819 (avg 3.6559) | lr 0.001938 | seq 8
  [aml] step 160/320 | loss 3.7964 (avg 3.6628) | lr 0.002050 | seq 8
  [aml] step 170/320 | loss 3.9713 (avg 3.6298) | lr 0.002163 | seq 8
  [aml] step 180/320 | loss 0.1408 (avg 3.5836) | lr 0.002275 | seq 8
  [aml] step 190/320 | loss 2.5179 (avg 3.5837) | lr 0.002387 | seq 8
  [aml] step 200/320 | loss 5.1692 (avg 3.5635) | lr 0.002496 | seq 8
  [aml] step 210/320 | loss 4.4528 (avg 3.5542) | lr 0.002496 | seq 8
  [aml] step 220/320 | loss 3.1911 (avg 3.5225) | lr 0.002496 | seq 8
  [aml] step 230/320 | loss 4.9878 (avg 3.5334) | lr 0.002495 | seq 8
  [aml] step 240/320 | loss 0.8758 (avg 3.5093) | lr 0.002495 | seq 8
  [aml] step 250/320 | loss 0.2505 (avg 3.4787) | lr 0.002495 | seq 8
  [aml] step 260/320 | loss 2.7654 (avg 3.4577) | lr 0.002495 | seq 8
  [aml] step 270/320 | loss 5.8987 (avg 3.4762) | lr 0.002495 | seq 8
  [aml] step 280/320 | loss 3.6824 (avg 3.5039) | lr 0.002495 | seq 8
  [aml] step 290/320 | loss 4.3145 (avg 3.4901) | lr 0.002495 | seq 8
  [aml] step 300/320 | loss 6.2920 (avg 3.4857) | lr 0.002495 | seq 8
  [aml] step 310/320 | loss 5.0901 (avg 3.4974) | lr 0.002495 | seq 8
[aml] training complete: 320 steps, avg loss 3.4718 (memory freed)
  [aml] step 0/240 | loss 1.8728 (avg 1.8728) | lr 0.002495 | seq 16
  [aml] step 10/240 | loss 1.6103 (avg 1.4981) | lr 0.002495 | seq 16
  [aml] step 20/240 | loss 4.3024 (avg 2.1796) | lr 0.002495 | seq 16
  [aml] step 30/240 | loss 3.1818 (avg 2.7650) | lr 0.002495 | seq 16
  [aml] step 40/240 | loss 1.8541 (avg 2.9061) | lr 0.002495 | seq 16
  [aml] step 50/240 | loss 3.8924 (avg 2.8819) | lr 0.002495 | seq 16
  [aml] step 60/240 | loss 4.8420 (avg 2.9989) | lr 0.002494 | seq 16
  [aml] step 70/240 | loss 3.4746 (avg 2.9647) | lr 0.002494 | seq 16
  [aml] step 80/240 | loss 4.5099 (avg 3.0111) | lr 0.002494 | seq 16
  [aml] step 90/240 | loss 4.3443 (avg 3.0803) | lr 0.002494 | seq 16
  [aml] step 100/240 | loss 4.1540 (avg 3.1379) | lr 0.002494 | seq 16
  [aml] step 110/240 | loss 4.4066 (avg 3.1921) | lr 0.002494 | seq 16
  [aml] step 120/240 | loss 1.8008 (avg 3.1284) | lr 0.002494 | seq 16
  [aml] step 130/240 | loss 4.1886 (avg 3.0941) | lr 0.002494 | seq 16
  [aml] step 140/240 | loss 3.8129 (avg 3.1198) | lr 0.002494 | seq 16
  [aml] step 150/240 | loss 3.4203 (avg 3.0758) | lr 0.002494 | seq 16
  [aml] step 160/240 | loss 3.6766 (avg 3.0378) | lr 0.002494 | seq 16
  [aml] step 170/240 | loss 1.0607 (avg 3.0343) | lr 0.002494 | seq 16
  [aml] step 180/240 | loss 0.8472 (avg 3.0561) | lr 0.002494 | seq 16
  [aml] step 190/240 | loss 2.0918 (avg 3.0679) | lr 0.002494 | seq 16
  [aml] step 200/240 | loss 4.2014 (avg 3.0554) | lr 0.002493 | seq 16
  [aml] step 210/240 | loss 2.2125 (avg 3.0441) | lr 0.002493 | seq 16
  [aml] step 220/240 | loss 2.3483 (avg 3.0185) | lr 0.002493 | seq 16
  [aml] step 230/240 | loss 3.9553 (avg 3.0497) | lr 0.002493 | seq 16
[aml] training complete: 240 steps, avg loss 3.0241 (memory freed)
  [aml] step 0/240 | loss 3.4997 (avg 3.4997) | lr 0.002493 | seq 32
  [aml] step 10/240 | loss 1.0162 (avg 2.0306) | lr 0.002493 | seq 32
  [aml] step 20/240 | loss 4.2642 (avg 2.2628) | lr 0.002493 | seq 32
  [aml] step 30/240 | loss 4.3507 (avg 2.4199) | lr 0.002493 | seq 32
  [aml] step 40/240 | loss 0.9539 (avg 2.3643) | lr 0.002493 | seq 32
  [aml] step 50/240 | loss 4.3574 (avg 2.4857) | lr 0.002493 | seq 32
  [aml] step 60/240 | loss 1.5860 (avg 2.5162) | lr 0.002493 | seq 32
  [aml] step 70/240 | loss 0.7662 (avg 2.5976) | lr 0.002493 | seq 32
  [aml] step 80/240 | loss 1.0144 (avg 2.6553) | lr 0.002492 | seq 32
  [aml] step 90/240 | loss 0.6779 (avg 2.6106) | lr 0.002492 | seq 32
  [aml] step 100/240 | loss 4.0884 (avg 2.6483) | lr 0.002492 | seq 32
  [aml] step 110/240 | loss 3.9373 (avg 2.6438) | lr 0.002492 | seq 32
  [aml] step 120/240 | loss 4.0672 (avg 2.6740) | lr 0.002492 | seq 32
  [aml] step 130/240 | loss 4.3028 (avg 2.7029) | lr 0.002492 | seq 32
  [aml] step 140/240 | loss 2.1315 (avg 2.6874) | lr 0.002492 | seq 32
  [aml] step 150/240 | loss 4.5142 (avg 2.6568) | lr 0.002492 | seq 32
  [aml] step 160/240 | loss 2.0710 (avg 2.6983) | lr 0.002492 | seq 32
  [aml] step 170/240 | loss 4.1973 (avg 2.6884) | lr 0.002492 | seq 32
  [aml] step 180/240 | loss 0.9381 (avg 2.6672) | lr 0.002492 | seq 32
  [aml] step 190/240 | loss 1.8347 (avg 2.6711) | lr 0.002492 | seq 32
  [aml] step 200/240 | loss 0.5094 (avg 2.6733) | lr 0.002491 | seq 32
  [aml] step 210/240 | loss 0.5818 (avg 2.6396) | lr 0.002491 | seq 32
  [aml] step 220/240 | loss 4.1931 (avg 2.6166) | lr 0.002491 | seq 32
  [aml] step 230/240 | loss 0.5519 (avg 2.5766) | lr 0.002491 | seq 32
[aml] training complete: 240 steps, avg loss 2.5716 (memory freed)

[stage 2 — child] What it sounds like now:
  Q: Hello.
  A: The counterfort?
  Q: Who are you?
  A: ...
  Q: What do you know?
  A: ...

[init] Warmup complete at stage 2. Organism ready.
[ecology] First organism in the swarm.
molequla is alive. [evolution] Autonomous mode — background trainer running. Ctrl+C to stop.
[dna] earth wrote 67 bytes to ecology
[dna] earth wrote 26 bytes to ecology
[dna] earth wrote 49 bytes to ecology
[dna] earth wrote 203 bytes to ecology
[dna] earth wrote 63 bytes to ecology
[dna] earth wrote 121 bytes to ecology
[dna] earth wrote 189 bytes to ecology
[dna] earth wrote 64 bytes to ecology
[dna] earth wrote 109 bytes to ecology
[dna] earth wrote 8 bytes to ecology
[dna] earth wrote 87 bytes to ecology
[dna] earth wrote 20 bytes to ecology
[dna] earth wrote 100 bytes to ecology
[dna] earth wrote 47 bytes to ecology
[dna] earth wrote 48 bytes to ecology
[dna] earth wrote 118 bytes to ecology
[dna] earth wrote 135 bytes to ecology
[debug-onto] tick=50 corpus=173643 stage=2 freeze=0
[dna] earth wrote 46 bytes to ecology
[dna] earth wrote 147 bytes to ecology
[dna] earth wrote 11 bytes to ecology
[dna] earth wrote 35 bytes to ecology
[dna] earth wrote 9 bytes to ecology
[dna] earth wrote 77 bytes to ecology
[dna] earth wrote 60 bytes to ecology
[dna] earth wrote 36 bytes to ecology
[dna] earth wrote 128 bytes to ecology
[dna] earth wrote 30 bytes to ecology
[dna] earth wrote 54 bytes to ecology
[dna] earth wrote 29 bytes to ecology
[dna] earth wrote 129 bytes to ecology
[dna] earth wrote 153 bytes to ecology
[dna] earth wrote 56 bytes to ecology
[dna] earth wrote 237 bytes to ecology
[dna] earth wrote 7 bytes to ecology
[debug-onto] tick=100 corpus=173643 stage=2 freeze=0
[dna] earth wrote 79 bytes to ecology
[dna] earth wrote 36 bytes to ecology
[dna] earth wrote 27 bytes to ecology
[dna] earth wrote 29 bytes to ecology
[dna] earth wrote 108 bytes to ecology
[dna] earth wrote 80 bytes to ecology
[dna] earth wrote 118 bytes to ecology
[dna] earth wrote 56 bytes to ecology
[dna] earth wrote 28 bytes to ecology
[dna] earth wrote 30 bytes to ecology
[dna] earth wrote 108 bytes to ecology
[dna] earth wrote 145 bytes to ecology
[dna] earth wrote 101 bytes to ecology
[dna] earth wrote 114 bytes to ecology
[dna] earth wrote 48 bytes to ecology
[dna] earth wrote 92 bytes to ecology
[debug-onto] tick=150 corpus=173643 stage=2 freeze=0
[dna] earth wrote 92 bytes to ecology
[dna] earth wrote 81 bytes to ecology
[dna] earth wrote 356 bytes to ecology
[dna] earth wrote 92 bytes to ecology
[dna] earth wrote 113 bytes to ecology
[dna] earth wrote 131 bytes to ecology
[dna] earth wrote 80 bytes to ecology
[dna] earth wrote 196 bytes to ecology
[dna] earth wrote 58 bytes to ecology
[dna] earth wrote 150 bytes to ecology
[dna] earth wrote 51 bytes to ecology
[dna] earth wrote 168 bytes to ecology
[dna] earth wrote 54 bytes to ecology
[dna] earth wrote 57 bytes to ecology
[dna] earth wrote 21 bytes to ecology
[dna] earth wrote 30 bytes to ecology
[dna] earth wrote 84 bytes to ecology
[debug-onto] tick=200 corpus=173643 stage=2 freeze=0
[dna] earth wrote 46 bytes to ecology
[dna] earth wrote 125 bytes to ecology
[dna] earth wrote 107 bytes to ecology
[dna] earth wrote 135 bytes to ecology
[dna] earth wrote 53 bytes to ecology
[dna] earth wrote 9 bytes to ecology
[dna] earth wrote 76 bytes to ecology
[dna] earth wrote 43 bytes to ecology
[dna] earth wrote 172 bytes to ecology
[dna] earth wrote 72 bytes to ecology
[dna] earth wrote 35 bytes to ecology
[dna] earth wrote 84 bytes to ecology
[dna] earth wrote 76 bytes to ecology
[dna] earth wrote 28 bytes to ecology
[dna] earth wrote 60 bytes to ecology
[dna] earth wrote 30 bytes to ecology
[dna] earth wrote 65 bytes to ecology
[debug-onto] tick=250 corpus=173643 stage=2 freeze=0
[dna] earth wrote 62 bytes to ecology
[dna] earth wrote 75 bytes to ecology
[dna] earth wrote 158 bytes to ecology
[dna] earth wrote 93 bytes to ecology
[dna] earth wrote 55 bytes to ecology
[dna] earth wrote 29 bytes to ecology
[dna] earth wrote 133 bytes to ecology
[dna] earth wrote 68 bytes to ecology
[dna] earth wrote 79 bytes to ecology
[dna] earth wrote 72 bytes to ecology
[dna] earth wrote 30 bytes to ecology
[dna] earth wrote 67 bytes to ecology
[dna] earth wrote 83 bytes to ecology
[dna] earth wrote 65 bytes to ecology
[dna] earth wrote 173 bytes to ecology
[debug-onto] tick=300 corpus=173643 stage=2 freeze=0
[dna] earth wrote 76 bytes to ecology
[dna] earth wrote 73 bytes to ecology
[dna] earth wrote 67 bytes to ecology
[dna] earth wrote 104 bytes to ecology
[dna] earth wrote 106 bytes to ecology
[dna] earth wrote 98 bytes to ecology
[dna] earth wrote 130 bytes to ecology
[dna] earth wrote 38 bytes to ecology
[dna] earth wrote 50 bytes to ecology
[dna] earth wrote 25 bytes to ecology
[dna] earth wrote 56 bytes to ecology
[dna] earth wrote 76 bytes to ecology
[dna] earth wrote 66 bytes to ecology
[dna] earth wrote 53 bytes to ecology
[dna] earth wrote 49 bytes to ecology
[dna] earth wrote 79 bytes to ecology
[dna] earth wrote 85 bytes to ecology
[debug-onto] tick=350 corpus=173643 stage=2 freeze=0
[dna] earth wrote 64 bytes to ecology
[dna] earth wrote 108 bytes to ecology
[dna] earth wrote 43 bytes to ecology
[dna] earth wrote 173 bytes to ecology
[dna] earth wrote 64 bytes to ecology
[dna] earth wrote 33 bytes to ecology
[dna] earth wrote 28 bytes to ecology
[dna] earth wrote 39 bytes to ecology
[dna] earth wrote 72 bytes to ecology
[dna] earth wrote 23 bytes to ecology
[dna] earth wrote 61 bytes to ecology
[dna] earth wrote 32 bytes to ecology
[dna] earth wrote 41 bytes to ecology
[dna] earth wrote 105 bytes to ecology
[dna] earth wrote 39 bytes to ecology
[dna] earth wrote 91 bytes to ecology
[dna] earth wrote 164 bytes to ecology
[debug-onto] tick=400 corpus=173643 stage=2 freeze=0
[dna] earth wrote 83 bytes to ecology
[dna] earth wrote 316 bytes to ecology
[dna] earth wrote 27 bytes to ecology
[dna] earth wrote 66 bytes to ecology
[dna] earth wrote 133 bytes to ecology
[dna] earth wrote 102 bytes to ecology
[dna] earth wrote 73 bytes to ecology
[dna] earth wrote 138 bytes to ecology
[dna] earth wrote 26 bytes to ecology
[dna] earth wrote 39 bytes to ecology
[dna] earth wrote 97 bytes to ecology
[dna] earth wrote 157 bytes to ecology
[dna] earth wrote 59 bytes to ecology
[dna] earth wrote 105 bytes to ecology
[dna] earth wrote 26 bytes to ecology
[dna] earth wrote 211 bytes to ecology
[debug-onto] tick=450 corpus=173643 stage=2 freeze=0
[dna] earth wrote 92 bytes to ecology
[dna] earth wrote 65 bytes to ecology
[dna] earth wrote 169 bytes to ecology
[dna] earth wrote 217 bytes to ecology
[dna] earth wrote 55 bytes to ecology
[dna] earth wrote 76 bytes to ecology
[dna] earth wrote 31 bytes to ecology
[dna] earth wrote 96 bytes to ecology
[dna] earth wrote 42 bytes to ecology
[dna] earth wrote 57 bytes to ecology
[dna] earth wrote 47 bytes to ecology
[dna] earth wrote 128 bytes to ecology
[dna] earth wrote 231 bytes to ecology
[dna] earth wrote 39 bytes to ecology
[dna] earth wrote 54 bytes to ecology
[dna] earth wrote 28 bytes to ecology
[dna] earth wrote 107 bytes to ecology
[debug-onto] tick=500 corpus=173643 stage=2 freeze=0
[dna] earth wrote 49 bytes to ecology
[dna] earth wrote 122 bytes to ecology
[dna] earth wrote 57 bytes to ecology
[dna] earth wrote 121 bytes to ecology
[dna] earth wrote 9 bytes to ecology
[dna] earth wrote 233 bytes to ecology
[dna] earth wrote 76 bytes to ecology
[dna] earth wrote 5 bytes to ecology
[dna] earth wrote 35 bytes to ecology
[dna] earth wrote 29 bytes to ecology
[dna] earth wrote 48 bytes to ecology
[dna] earth wrote 50 bytes to ecology
[dna] earth wrote 28 bytes to ecology
[dna] earth wrote 16 bytes to ecology
[dna] earth wrote 53 bytes to ecology
[dna] earth wrote 83 bytes to ecology
[dna] earth wrote 12 bytes to ecology
[debug-onto] tick=550 corpus=173643 stage=2 freeze=0
[dna] earth wrote 44 bytes to ecology
[dna] earth wrote 37 bytes to ecology
[dna] earth wrote 73 bytes to ecology
[dna] earth wrote 9 bytes to ecology
[dna] earth wrote 11 bytes to ecology
[dna] earth wrote 75 bytes to ecology
[dna] earth wrote 87 bytes to ecology
[dna] earth wrote 44 bytes to ecology
[dna] earth wrote 49 bytes to ecology
[dna] earth wrote 130 bytes to ecology
[dna] earth wrote 110 bytes to ecology
[dna] earth wrote 61 bytes to ecology
[dna] earth wrote 105 bytes to ecology
[dna] earth wrote 92 bytes to ecology
[dna] earth wrote 57 bytes to ecology
[dna] earth wrote 25 bytes to ecology
[debug-onto] tick=600 corpus=173643 stage=2 freeze=0
[dna] earth wrote 25 bytes to ecology
[dna] earth wrote 28 bytes to ecology
[dna] earth wrote 16 bytes to ecology
[dna] earth wrote 256 bytes to ecology
[dna] earth wrote 13 bytes to ecology
[dna] earth wrote 163 bytes to ecology
[dna] earth wrote 35 bytes to ecology
[dna] earth wrote 47 bytes to ecology
[dna] earth wrote 37 bytes to ecology
[dna] earth wrote 137 bytes to ecology
[dna] earth wrote 35 bytes to ecology
[dna] earth wrote 69 bytes to ecology
[dna] earth wrote 83 bytes to ecology
[dna] earth wrote 25 bytes to ecology
[dna] earth wrote 126 bytes to ecology
[dna] earth wrote 66 bytes to ecology
[debug-onto] tick=650 corpus=173643 stage=2 freeze=0
[dna] earth wrote 81 bytes to ecology
[dna] earth wrote 27 bytes to ecology
[dna] earth wrote 41 bytes to ecology
[dna] earth wrote 64 bytes to ecology
[dna] earth wrote 104 bytes to ecology
[dna] earth wrote 49 bytes to ecology
[dna] earth wrote 167 bytes to ecology
[dna] earth wrote 98 bytes to ecology
[dna] earth wrote 92 bytes to ecology
[dna] earth wrote 62 bytes to ecology

[evolution] Organism shutting down gracefully.
