[ecology] Element: water → corpus: nonames_water.txt
[evolution] Autonomous evolution mode — organism will grow through all stages without pause.
[ecology] Joined swarm. 1 peer(s) detected.
molequla is alive. [evolution] Autonomous mode — background trainer running. Ctrl+C to stop.
[dna] water wrote 93 bytes to ecology
[dna] water consumed 16678 bytes from 228 files: [air/gen_1778742983_1.txt air/gen_1778742999_4.txt air/gen_1778743007_7.txt air/gen_1778743015_10.txt air/gen_1778743023_13.txt air/gen_1778743031_16.txt air/gen_1778743039_19.txt air/gen_1778743047_22.txt air/gen_1778743054_25.txt air/gen_1778743062_28.txt air/gen_1778743070_31.txt air/gen_1778743078_34.txt air/gen_1778743086_37.txt air/gen_1778743094_40.txt air/gen_1778743102_43.txt air/gen_1778743110_46.txt air/gen_1778743117_49.txt air/gen_1778743125_52.txt air/gen_1778743133_55.txt air/gen_1778743141_58.txt air/gen_1778743149_61.txt air/gen_1778743156_64.txt air/gen_1778743164_67.txt air/gen_1778743172_70.txt air/gen_1778743180_73.txt air/gen_1778743188_76.txt air/gen_1778743196_79.txt air/gen_1778743204_82.txt air/gen_1778743211_85.txt air/gen_1778743219_88.txt air/gen_1778743227_91.txt air/gen_1778743234_94.txt air/gen_1778743242_97.txt air/gen_1778743250_100.txt air/gen_1778743258_103.txt air/gen_1778743266_106.txt air/gen_1778743274_109.txt air/gen_1778743282_112.txt air/gen_1778743289_115.txt air/gen_1778743297_118.txt air/gen_1778743305_121.txt air/gen_1778743313_124.txt air/gen_1778743321_127.txt air/gen_1778743329_130.txt air/gen_1778743337_133.txt air/gen_1778743345_136.txt air/gen_1778743353_139.txt air/gen_1778743360_142.txt air/gen_1778743368_145.txt air/gen_1778743376_148.txt air/gen_1778743384_151.txt air/gen_1778743392_154.txt air/gen_1778743399_157.txt air/gen_1778743407_160.txt air/gen_1778743415_163.txt air/gen_1778743422_166.txt air/gen_1778743430_169.txt air/gen_1778743438_172.txt air/gen_1778743446_175.txt air/gen_1778743453_178.txt air/gen_1778743461_181.txt air/gen_1778743469_184.txt air/gen_1778743477_187.txt air/gen_1778743485_190.txt air/gen_1778743501_196.txt air/gen_1778743509_199.txt air/gen_1778743516_202.txt air/gen_1778743524_205.txt air/gen_1778743532_208.txt air/gen_1778743540_211.txt air/gen_1778743548_214.txt air/gen_1778743556_217.txt air/gen_1778743564_220.txt air/gen_1778743572_223.txt air/gen_1778743580_226.txt air/gen_1778743588_229.txt air/gen_1778743596_232.txt air/gen_1778743603_235.txt air/gen_1778743611_238.txt air/gen_1778743619_241.txt air/gen_1778743627_244.txt air/gen_1778743635_247.txt air/gen_1778743642_250.txt air/gen_1778743650_253.txt air/gen_1778743658_256.txt air/gen_1778743666_259.txt air/gen_1778743674_262.txt air/gen_1778743682_265.txt air/gen_1778743690_268.txt air/gen_1778743698_271.txt air/gen_1778743706_274.txt air/gen_1778743714_277.txt air/gen_1778743721_280.txt air/gen_1778743729_283.txt air/gen_1778743737_286.txt air/gen_1778743745_289.txt air/gen_1778743753_292.txt air/gen_1778743761_295.txt air/gen_1778743769_298.txt air/gen_1778743777_301.txt air/gen_1778743785_304.txt air/gen_1778743792_307.txt air/gen_1778743800_310.txt air/gen_1778743808_313.txt air/gen_1778743816_316.txt air/gen_1778743824_319.txt air/gen_1778743831_322.txt air/gen_1778743839_325.txt air/gen_1778743847_328.txt air/gen_1778743855_331.txt air/gen_1778743863_334.txt air/gen_1778743870_337.txt air/gen_1778743878_340.txt air/gen_1778743886_343.txt air/gen_1778743894_346.txt air/gen_1778743901_349.txt air/gen_1778743909_352.txt air/gen_1778743917_355.txt air/gen_1778743925_358.txt air/gen_1778743932_361.txt air/gen_1778743940_364.txt air/gen_1778743948_367.txt air/gen_1778743956_370.txt air/gen_1778743963_373.txt air/gen_1778743971_376.txt air/gen_1778743979_379.txt air/gen_1778743986_382.txt air/gen_1778743994_385.txt air/gen_1778744002_388.txt air/gen_1778744009_391.txt air/gen_1778744017_394.txt air/gen_1778744025_397.txt air/gen_1778744032_400.txt air/gen_1778744040_403.txt air/gen_1778744048_406.txt air/gen_1778744056_409.txt air/gen_1778744063_412.txt air/gen_1778744071_415.txt air/gen_1778744079_418.txt air/gen_1778744087_421.txt air/gen_1778744094_424.txt air/gen_1778744102_427.txt air/gen_1778744110_430.txt air/gen_1778744118_433.txt air/gen_1778744126_436.txt air/gen_1778744134_439.txt air/gen_1778744141_442.txt air/gen_1778744149_445.txt air/gen_1778744157_448.txt air/gen_1778744165_451.txt air/gen_1778744172_454.txt air/gen_1778744180_457.txt air/gen_1778744188_460.txt air/gen_1778744196_463.txt air/gen_1778744204_466.txt air/gen_1778744212_469.txt air/gen_1778744220_472.txt air/gen_1778744228_475.txt air/gen_1778744236_478.txt air/gen_1778744243_481.txt air/gen_1778744251_484.txt air/gen_1778744259_487.txt air/gen_1778744267_490.txt air/gen_1778744275_493.txt air/gen_1778744283_496.txt air/gen_1778744290_499.txt air/gen_1778744298_502.txt air/gen_1778744306_505.txt air/gen_1778744314_508.txt air/gen_1778744322_511.txt air/gen_1778744330_514.txt air/gen_1778744337_517.txt air/gen_1778744345_520.txt air/gen_1778744353_523.txt air/gen_1778744361_526.txt air/gen_1778744368_529.txt air/gen_1778744376_532.txt air/gen_1778744384_535.txt air/gen_1778744392_538.txt air/gen_1778744400_541.txt air/gen_1778744407_544.txt air/gen_1778744415_547.txt air/gen_1778744423_550.txt air/gen_1778744431_553.txt air/gen_1778744438_556.txt air/gen_1778744446_559.txt air/gen_1778744454_562.txt air/gen_1778744462_565.txt air/gen_1778744470_568.txt air/gen_1778744477_571.txt air/gen_1778744485_574.txt air/gen_1778744493_577.txt air/gen_1778744501_580.txt air/gen_1778744509_583.txt air/gen_1778744516_586.txt air/gen_1778744524_589.txt air/gen_1778744532_592.txt air/gen_1778744540_595.txt air/gen_1778744548_598.txt air/gen_1778744556_601.txt air/gen_1778744564_604.txt air/gen_1778744571_607.txt air/gen_1778744579_610.txt air/gen_1778744587_613.txt air/gen_1778744594_616.txt air/gen_1778744602_619.txt air/gen_1778744610_622.txt air/gen_1778744617_625.txt air/gen_1778744625_628.txt air/gen_1778744633_631.txt air/gen_1778744641_634.txt air/gen_1778744648_637.txt air/gen_1778744656_640.txt air/gen_1778744664_643.txt air/gen_1778744672_646.txt air/gen_1778744679_649.txt air/gen_1778744687_652.txt air/gen_1778744695_655.txt air/gen_1778744702_658.txt air/gen_1778744710_661.txt air/gen_1778744717_664.txt air/gen_1778744725_667.txt air/gen_1778744733_670.txt air/gen_1778744741_673.txt air/gen_1778744748_676.txt air/gen_1778744756_679.txt air/gen_1778744764_682.txt air/gen_1778744772_685.txt]
[trainer] micro-train burst (16678 bytes, novelty 0.03) — and lo, it feeds again.
[syntropy] action=explore | trend=0.0000 | field_dev=-0.029 | purpose_align=0.110 | lr_mul=1.30
[aml] burst complete: 32 steps, avg loss 1.7893 (memory freed)
[dna] water wrote 36 bytes to ecology
[dna] water wrote 32 bytes to ecology
[dna] water wrote 33 bytes to ecology
[dna] water wrote 18 bytes to ecology
[dna] water wrote 67 bytes to ecology
[dna] water wrote 44 bytes to ecology
[dna] water wrote 80 bytes to ecology
[dna] water wrote 37 bytes to ecology
[dna] water wrote 71 bytes to ecology
[dna] water wrote 11 bytes to ecology
[dna] water wrote 41 bytes to ecology
[dna] water wrote 32 bytes to ecology
[dna] water wrote 112 bytes to ecology
[dna] water wrote 23 bytes to ecology
[dna] water wrote 92 bytes to ecology
[dna] water wrote 25 bytes to ecology
[debug-onto] tick=50 corpus=142603 stage=2 freeze=0
[dna] water wrote 57 bytes to ecology
[dna] water wrote 73 bytes to ecology
[dna] water wrote 31 bytes to ecology
[dna] water wrote 70 bytes to ecology
[dna] water wrote 105 bytes to ecology
[dna] water wrote 47 bytes to ecology
[dna] water wrote 77 bytes to ecology
[dna] water wrote 57 bytes to ecology
[dna] water wrote 45 bytes to ecology
[dna] water wrote 50 bytes to ecology
[dna] water wrote 74 bytes to ecology
[dna] water wrote 30 bytes to ecology
[dna] water wrote 17 bytes to ecology
[dna] water wrote 115 bytes to ecology
[dna] water wrote 29 bytes to ecology
[dna] water wrote 25 bytes to ecology
[dna] water wrote 112 bytes to ecology
[debug-onto] tick=100 corpus=142603 stage=2 freeze=0
[dna] water wrote 8 bytes to ecology
[dna] water wrote 31 bytes to ecology
[dna] water wrote 135 bytes to ecology
[dna] water wrote 204 bytes to ecology
[dna] water wrote 54 bytes to ecology
[dna] water wrote 106 bytes to ecology
[dna] water wrote 56 bytes to ecology
[dna] water wrote 45 bytes to ecology
[dna] water wrote 46 bytes to ecology
[dna] water wrote 38 bytes to ecology
[dna] water wrote 21 bytes to ecology
[dna] water wrote 81 bytes to ecology
[dna] water wrote 17 bytes to ecology
[dna] water wrote 34 bytes to ecology
[dna] water wrote 26 bytes to ecology
[dna] water wrote 46 bytes to ecology
[debug-onto] tick=150 corpus=142603 stage=2 freeze=0
[dna] water wrote 164 bytes to ecology
[dna] water wrote 206 bytes to ecology
[dna] water wrote 33 bytes to ecology
[dna] water wrote 86 bytes to ecology
[dna] water wrote 29 bytes to ecology
[dna] water wrote 56 bytes to ecology
[dna] water wrote 69 bytes to ecology
[dna] water wrote 85 bytes to ecology
[dna] water wrote 32 bytes to ecology
[dna] water wrote 43 bytes to ecology
[dna] water wrote 151 bytes to ecology
[dna] water wrote 102 bytes to ecology
[dna] water wrote 93 bytes to ecology
[dna] water wrote 64 bytes to ecology
[dna] water wrote 44 bytes to ecology
[dna] water wrote 7 bytes to ecology
[dna] water wrote 70 bytes to ecology
[debug-onto] tick=200 corpus=142603 stage=2 freeze=0
[dna] water wrote 44 bytes to ecology
[dna] water wrote 43 bytes to ecology
[dna] water wrote 47 bytes to ecology
[dna] water wrote 42 bytes to ecology
[dna] water wrote 28 bytes to ecology
[dna] water wrote 67 bytes to ecology
[dna] water wrote 17 bytes to ecology
[dna] water wrote 130 bytes to ecology
[dna] water wrote 32 bytes to ecology
[dna] water wrote 48 bytes to ecology
[dna] water wrote 25 bytes to ecology
[dna] water wrote 58 bytes to ecology
[dna] water wrote 29 bytes to ecology
[dna] water wrote 97 bytes to ecology
[dna] water wrote 10 bytes to ecology
[dna] water wrote 34 bytes to ecology
[dna] water wrote 41 bytes to ecology
[debug-onto] tick=250 corpus=142603 stage=2 freeze=0
[dna] water wrote 30 bytes to ecology
[dna] water wrote 96 bytes to ecology
[dna] water wrote 34 bytes to ecology
[dna] water wrote 86 bytes to ecology
[dna] water wrote 186 bytes to ecology
[dna] water wrote 118 bytes to ecology
[dna] water wrote 93 bytes to ecology
[dna] water wrote 22 bytes to ecology
[dna] water wrote 50 bytes to ecology
[dna] water wrote 48 bytes to ecology
[dna] water wrote 46 bytes to ecology
[dna] water wrote 30 bytes to ecology
[dna] water wrote 68 bytes to ecology
[dna] water wrote 17 bytes to ecology
[dna] water wrote 23 bytes to ecology
[dna] water wrote 18 bytes to ecology
[debug-onto] tick=300 corpus=142603 stage=2 freeze=0
[dna] water wrote 44 bytes to ecology
[dna] water wrote 43 bytes to ecology
[dna] water wrote 25 bytes to ecology
[dna] water wrote 90 bytes to ecology
[dna] water wrote 23 bytes to ecology
[dna] water wrote 27 bytes to ecology
[dna] water wrote 10 bytes to ecology
[dna] water wrote 120 bytes to ecology
[dna] water wrote 86 bytes to ecology
[dna] water wrote 26 bytes to ecology
[dna] water wrote 35 bytes to ecology
[dna] water wrote 52 bytes to ecology
[dna] water wrote 11 bytes to ecology
[dna] water wrote 23 bytes to ecology
[dna] water wrote 43 bytes to ecology
[dna] water wrote 49 bytes to ecology
[dna] water wrote 28 bytes to ecology
[debug-onto] tick=350 corpus=142603 stage=2 freeze=0
[dna] water wrote 16 bytes to ecology
[dna] water wrote 10 bytes to ecology
[dna] water wrote 34 bytes to ecology
[dna] water wrote 16 bytes to ecology
[dna] water wrote 31 bytes to ecology
[dna] water wrote 30 bytes to ecology
[dna] water wrote 21 bytes to ecology
[dna] water wrote 50 bytes to ecology
[dna] water wrote 64 bytes to ecology
[dna] water wrote 79 bytes to ecology
[dna] water wrote 34 bytes to ecology
[dna] water wrote 44 bytes to ecology
[dna] water wrote 42 bytes to ecology
[dna] water wrote 42 bytes to ecology
[dna] water wrote 46 bytes to ecology
[dna] water wrote 32 bytes to ecology
[dna] water wrote 45 bytes to ecology
[debug-onto] tick=400 corpus=142603 stage=2 freeze=0
[dna] water wrote 109 bytes to ecology
[dna] water wrote 95 bytes to ecology
[dna] water wrote 78 bytes to ecology
[dna] water wrote 18 bytes to ecology
[dna] water wrote 99 bytes to ecology
[dna] water wrote 76 bytes to ecology
[dna] water wrote 87 bytes to ecology
[dna] water wrote 39 bytes to ecology
[dna] water wrote 41 bytes to ecology
[dna] water wrote 32 bytes to ecology
[dna] water wrote 76 bytes to ecology
[dna] water wrote 54 bytes to ecology
[dna] water wrote 86 bytes to ecology
[dna] water wrote 23 bytes to ecology
[dna] water wrote 54 bytes to ecology
[dna] water wrote 75 bytes to ecology
[debug-onto] tick=450 corpus=142603 stage=2 freeze=0
[dna] water wrote 68 bytes to ecology
[dna] water wrote 49 bytes to ecology
[dna] water wrote 62 bytes to ecology
[dna] water wrote 48 bytes to ecology
[dna] water wrote 32 bytes to ecology
[dna] water wrote 161 bytes to ecology
[dna] water wrote 45 bytes to ecology
[dna] water wrote 157 bytes to ecology
[dna] water wrote 128 bytes to ecology
[dna] water wrote 61 bytes to ecology
[dna] water wrote 29 bytes to ecology
[dna] water wrote 41 bytes to ecology
[dna] water wrote 27 bytes to ecology
[dna] water wrote 98 bytes to ecology
[dna] water wrote 27 bytes to ecology
[dna] water wrote 44 bytes to ecology
[dna] water wrote 33 bytes to ecology
[debug-onto] tick=500 corpus=142603 stage=2 freeze=0
[dna] water wrote 41 bytes to ecology
[dna] water wrote 54 bytes to ecology
[dna] water wrote 24 bytes to ecology
[dna] water wrote 41 bytes to ecology
[dna] water wrote 37 bytes to ecology
[dna] water wrote 36 bytes to ecology
[dna] water wrote 38 bytes to ecology
[dna] water wrote 35 bytes to ecology
[dna] water wrote 47 bytes to ecology
[dna] water wrote 77 bytes to ecology
[dna] water wrote 22 bytes to ecology
[dna] water wrote 106 bytes to ecology
[dna] water wrote 72 bytes to ecology
[dna] water wrote 28 bytes to ecology
[dna] water wrote 170 bytes to ecology
[dna] water wrote 21 bytes to ecology
[dna] water wrote 23 bytes to ecology
[debug-onto] tick=550 corpus=142603 stage=2 freeze=0
[dna] water wrote 81 bytes to ecology
[dna] water wrote 125 bytes to ecology
[dna] water wrote 25 bytes to ecology
[dna] water wrote 81 bytes to ecology
[dna] water wrote 47 bytes to ecology
[dna] water wrote 28 bytes to ecology
[dna] water wrote 36 bytes to ecology
[dna] water wrote 71 bytes to ecology
[dna] water wrote 24 bytes to ecology
[dna] water wrote 33 bytes to ecology
[dna] water wrote 34 bytes to ecology
[dna] water wrote 63 bytes to ecology
[dna] water wrote 70 bytes to ecology
[dna] water wrote 16 bytes to ecology
[dna] water wrote 82 bytes to ecology
[dna] water wrote 64 bytes to ecology
[debug-onto] tick=600 corpus=142603 stage=2 freeze=0
[dna] water wrote 24 bytes to ecology
[dna] water wrote 53 bytes to ecology
[dna] water wrote 83 bytes to ecology
[dna] water wrote 39 bytes to ecology
[dna] water wrote 57 bytes to ecology
[dna] water wrote 30 bytes to ecology
[dna] water wrote 40 bytes to ecology
[dna] water wrote 130 bytes to ecology

[evolution] Organism shutting down gracefully.
