[ecology] Element: air → corpus: nonames_air.txt
[evolution] Autonomous evolution mode — organism will grow through all stages without pause.
[ecology] Joined swarm. 1 peer(s) detected.
molequla is alive. [evolution] Autonomous mode — background trainer running. Ctrl+C to stop.
[dna] air wrote 80 bytes to ecology
[dna] air consumed 15313 bytes from 212 files: [earth/gen_1777876722_1.txt earth/gen_1777876730_4.txt earth/gen_1777876738_7.txt earth/gen_1777876746_10.txt earth/gen_1777876754_13.txt earth/gen_1777876762_16.txt earth/gen_1777876770_19.txt earth/gen_1777876779_22.txt earth/gen_1777876787_25.txt earth/gen_1777876795_28.txt earth/gen_1777876803_31.txt earth/gen_1777876811_34.txt earth/gen_1777876819_37.txt earth/gen_1777876827_40.txt earth/gen_1777876835_43.txt earth/gen_1777876843_46.txt earth/gen_1777876852_49.txt earth/gen_1777876860_52.txt earth/gen_1777876868_55.txt earth/gen_1777876876_58.txt earth/gen_1777876884_61.txt earth/gen_1777876892_64.txt earth/gen_1777876900_67.txt earth/gen_1777876909_70.txt earth/gen_1777876917_73.txt earth/gen_1777876925_76.txt earth/gen_1777876933_79.txt earth/gen_1777876941_82.txt earth/gen_1777876949_85.txt earth/gen_1777876957_88.txt earth/gen_1777876965_91.txt earth/gen_1777876973_94.txt earth/gen_1777876981_97.txt earth/gen_1777876989_100.txt earth/gen_1777876997_103.txt earth/gen_1777877005_106.txt earth/gen_1777877013_109.txt earth/gen_1777877021_112.txt earth/gen_1777877029_115.txt earth/gen_1777877037_118.txt earth/gen_1777877045_121.txt earth/gen_1777877061_127.txt earth/gen_1777877070_130.txt earth/gen_1777877078_133.txt earth/gen_1777877086_136.txt earth/gen_1777877094_139.txt earth/gen_1777877102_142.txt earth/gen_1777877109_145.txt earth/gen_1777877117_148.txt earth/gen_1777877125_151.txt earth/gen_1777877133_154.txt earth/gen_1777877141_157.txt earth/gen_1777877157_163.txt earth/gen_1777877165_166.txt earth/gen_1777877173_169.txt earth/gen_1777877180_172.txt earth/gen_1777877196_178.txt earth/gen_1777877204_181.txt earth/gen_1777877212_184.txt earth/gen_1777877220_187.txt earth/gen_1777877228_190.txt earth/gen_1777877235_193.txt earth/gen_1777877243_196.txt earth/gen_1777877251_199.txt earth/gen_1777877259_202.txt earth/gen_1777877267_205.txt earth/gen_1777877282_211.txt earth/gen_1777877290_214.txt earth/gen_1777877298_217.txt earth/gen_1777877306_220.txt earth/gen_1777877321_226.txt earth/gen_1777877329_229.txt earth/gen_1777877337_232.txt earth/gen_1777877345_235.txt earth/gen_1777877353_238.txt earth/gen_1777877361_241.txt earth/gen_1777877369_244.txt earth/gen_1777877377_247.txt earth/gen_1777877385_250.txt earth/gen_1777877392_253.txt earth/gen_1777877400_256.txt earth/gen_1777877408_259.txt earth/gen_1777877416_262.txt earth/gen_1777877424_265.txt earth/gen_1777877432_268.txt earth/gen_1777877440_271.txt earth/gen_1777877448_274.txt earth/gen_1777877456_277.txt earth/gen_1777877464_280.txt earth/gen_1777877480_286.txt earth/gen_1777877488_289.txt earth/gen_1777877496_292.txt earth/gen_1777877511_298.txt earth/gen_1777877519_301.txt earth/gen_1777877527_304.txt earth/gen_1777877535_307.txt earth/gen_1777877543_310.txt earth/gen_1777877551_313.txt earth/gen_1777877558_316.txt earth/gen_1777877566_319.txt earth/gen_1777877574_322.txt earth/gen_1777877582_325.txt earth/gen_1777877590_328.txt earth/gen_1777877598_331.txt earth/gen_1777877605_334.txt earth/gen_1777877613_337.txt earth/gen_1777877621_340.txt earth/gen_1777877629_343.txt earth/gen_1777877637_346.txt earth/gen_1777877644_349.txt earth/gen_1777877652_352.txt earth/gen_1777877660_355.txt earth/gen_1777877668_358.txt earth/gen_1777877676_361.txt earth/gen_1777877684_364.txt earth/gen_1777877691_367.txt earth/gen_1777877699_370.txt earth/gen_1777877707_373.txt earth/gen_1777877715_376.txt earth/gen_1777877723_379.txt earth/gen_1777877731_382.txt earth/gen_1777877739_385.txt earth/gen_1777877747_388.txt earth/gen_1777877755_391.txt earth/gen_1777877762_394.txt earth/gen_1777877770_397.txt earth/gen_1777877778_400.txt earth/gen_1777877786_403.txt earth/gen_1777877794_406.txt earth/gen_1777877802_409.txt earth/gen_1777877810_412.txt earth/gen_1777877818_415.txt earth/gen_1777877826_418.txt earth/gen_1777877834_421.txt earth/gen_1777877842_424.txt earth/gen_1777877850_427.txt earth/gen_1777877858_430.txt earth/gen_1777877866_433.txt earth/gen_1777877874_436.txt earth/gen_1777877882_439.txt earth/gen_1777877898_445.txt earth/gen_1777877906_448.txt earth/gen_1777877914_451.txt earth/gen_1777877922_454.txt earth/gen_1777877930_457.txt earth/gen_1777877938_460.txt earth/gen_1777877946_463.txt earth/gen_1777877954_466.txt earth/gen_1777877961_469.txt earth/gen_1777877969_472.txt earth/gen_1777877977_475.txt earth/gen_1777877985_478.txt earth/gen_1777877993_481.txt earth/gen_1777878001_484.txt earth/gen_1777878009_487.txt earth/gen_1777878017_490.txt earth/gen_1777878025_493.txt earth/gen_1777878033_496.txt earth/gen_1777878041_499.txt earth/gen_1777878049_502.txt earth/gen_1777878057_505.txt earth/gen_1777878066_508.txt earth/gen_1777878074_511.txt earth/gen_1777878082_514.txt earth/gen_1777878090_517.txt earth/gen_1777878098_520.txt earth/gen_1777878106_523.txt earth/gen_1777878114_526.txt earth/gen_1777878122_529.txt earth/gen_1777878130_532.txt earth/gen_1777878138_535.txt earth/gen_1777878146_538.txt earth/gen_1777878154_541.txt earth/gen_1777878162_544.txt earth/gen_1777878170_547.txt earth/gen_1777878178_550.txt earth/gen_1777878186_553.txt earth/gen_1777878195_556.txt earth/gen_1777878203_559.txt earth/gen_1777878219_565.txt earth/gen_1777878227_568.txt earth/gen_1777878235_571.txt earth/gen_1777878243_574.txt earth/gen_1777878251_577.txt earth/gen_1777878259_580.txt earth/gen_1777878267_583.txt earth/gen_1777878275_586.txt earth/gen_1777878283_589.txt earth/gen_1777878291_592.txt earth/gen_1777878307_598.txt earth/gen_1777878315_601.txt earth/gen_1777878323_604.txt earth/gen_1777878331_607.txt earth/gen_1777878339_610.txt earth/gen_1777878347_613.txt earth/gen_1777878355_616.txt earth/gen_1777878363_619.txt earth/gen_1777878371_622.txt earth/gen_1777878379_625.txt earth/gen_1777878387_628.txt earth/gen_1777878395_631.txt earth/gen_1777878403_634.txt earth/gen_1777878411_637.txt earth/gen_1777878419_640.txt earth/gen_1777878427_643.txt earth/gen_1777878435_646.txt earth/gen_1777878442_649.txt earth/gen_1777878450_652.txt earth/gen_1777878458_655.txt earth/gen_1777878474_661.txt earth/gen_1777878482_664.txt earth/gen_1777878490_667.txt]
[trainer] micro-train burst (15313 bytes, novelty 0.05) — and lo, it feeds again.
[syntropy] action=explore | trend=0.0000 | field_dev=0.045 | purpose_align=-0.107 | lr_mul=1.30
[aml] burst complete: 32 steps, avg loss 2.3226 (memory freed)
[dna] air wrote 41 bytes to ecology
[dna] air wrote 84 bytes to ecology
[dna] air wrote 60 bytes to ecology
[dna] air wrote 65 bytes to ecology
[dna] air wrote 135 bytes to ecology
[dna] air wrote 104 bytes to ecology
[dna] air wrote 13 bytes to ecology
[dna] air wrote 84 bytes to ecology
[dna] air wrote 151 bytes to ecology
[dna] air wrote 200 bytes to ecology
[dna] air wrote 160 bytes to ecology
[dna] air wrote 195 bytes to ecology
[dna] air wrote 97 bytes to ecology
[dna] air wrote 127 bytes to ecology
[dna] air wrote 29 bytes to ecology
[dna] air wrote 118 bytes to ecology
[debug-onto] tick=50 corpus=137841 stage=2 freeze=0
[dna] air wrote 81 bytes to ecology
[dna] air wrote 47 bytes to ecology
[dna] air wrote 182 bytes to ecology
[dna] air wrote 62 bytes to ecology
[dna] air wrote 54 bytes to ecology
[dna] air wrote 49 bytes to ecology
[dna] air wrote 148 bytes to ecology
[dna] air wrote 76 bytes to ecology
[dna] air wrote 213 bytes to ecology
[dna] air wrote 56 bytes to ecology
[dna] air wrote 87 bytes to ecology
[dna] air wrote 102 bytes to ecology
[dna] air wrote 43 bytes to ecology
[dna] air wrote 140 bytes to ecology
[dna] air wrote 158 bytes to ecology
[dna] air wrote 29 bytes to ecology
[dna] air wrote 54 bytes to ecology
[debug-onto] tick=100 corpus=137841 stage=2 freeze=0
[dna] air wrote 59 bytes to ecology
[dna] air wrote 53 bytes to ecology
[dna] air wrote 45 bytes to ecology
[dna] air wrote 9 bytes to ecology
[dna] air wrote 15 bytes to ecology
[dna] air wrote 64 bytes to ecology
[dna] air wrote 34 bytes to ecology
[dna] air wrote 71 bytes to ecology
[dna] air wrote 50 bytes to ecology
[dna] air wrote 23 bytes to ecology
[dna] air wrote 219 bytes to ecology
[dna] air wrote 86 bytes to ecology
[dna] air wrote 103 bytes to ecology
[dna] air wrote 48 bytes to ecology
[dna] air wrote 61 bytes to ecology
[dna] air wrote 109 bytes to ecology
[debug-onto] tick=150 corpus=137841 stage=2 freeze=0
[dna] air wrote 7 bytes to ecology
[dna] air wrote 54 bytes to ecology
[dna] air wrote 72 bytes to ecology
[dna] air wrote 86 bytes to ecology
[dna] air wrote 61 bytes to ecology
[dna] air wrote 31 bytes to ecology
[dna] air wrote 79 bytes to ecology
[dna] air wrote 28 bytes to ecology
[dna] air wrote 57 bytes to ecology
[dna] air wrote 61 bytes to ecology
[dna] air wrote 50 bytes to ecology
[dna] air wrote 33 bytes to ecology
[dna] air wrote 42 bytes to ecology
[dna] air wrote 89 bytes to ecology
[dna] air wrote 160 bytes to ecology
[dna] air wrote 42 bytes to ecology
[dna] air wrote 33 bytes to ecology
[debug-onto] tick=200 corpus=137841 stage=2 freeze=0
[dna] air wrote 62 bytes to ecology
[dna] air wrote 30 bytes to ecology
[dna] air wrote 71 bytes to ecology
[dna] air wrote 46 bytes to ecology
[dna] air wrote 90 bytes to ecology
[dna] air wrote 97 bytes to ecology
[dna] air wrote 75 bytes to ecology
[dna] air wrote 100 bytes to ecology
[dna] air wrote 79 bytes to ecology
[dna] air wrote 160 bytes to ecology
[dna] air wrote 238 bytes to ecology
[dna] air wrote 150 bytes to ecology
[dna] air wrote 109 bytes to ecology
[dna] air wrote 84 bytes to ecology
[dna] air wrote 35 bytes to ecology
[dna] air wrote 72 bytes to ecology
[dna] air wrote 93 bytes to ecology
[debug-onto] tick=250 corpus=137841 stage=2 freeze=0
[dna] air wrote 109 bytes to ecology
[dna] air wrote 67 bytes to ecology
[dna] air wrote 100 bytes to ecology
[dna] air wrote 108 bytes to ecology
[dna] air wrote 45 bytes to ecology
[dna] air wrote 34 bytes to ecology
[dna] air wrote 9 bytes to ecology
[dna] air wrote 85 bytes to ecology
[dna] air wrote 86 bytes to ecology
[dna] air wrote 62 bytes to ecology
[dna] air wrote 137 bytes to ecology
[dna] air wrote 69 bytes to ecology
[dna] air wrote 133 bytes to ecology
[dna] air wrote 90 bytes to ecology
[dna] air wrote 85 bytes to ecology
[dna] air wrote 148 bytes to ecology
[debug-onto] tick=300 corpus=137841 stage=2 freeze=0
[dna] air wrote 46 bytes to ecology
[dna] air wrote 66 bytes to ecology
[dna] air wrote 32 bytes to ecology
[dna] air wrote 46 bytes to ecology
[dna] air wrote 93 bytes to ecology
[dna] air wrote 47 bytes to ecology
[dna] air wrote 47 bytes to ecology
[dna] air wrote 171 bytes to ecology
[dna] air wrote 18 bytes to ecology
[dna] air wrote 36 bytes to ecology
[dna] air wrote 69 bytes to ecology
[dna] air wrote 170 bytes to ecology
[dna] air wrote 148 bytes to ecology
[dna] air wrote 11 bytes to ecology
[dna] air wrote 126 bytes to ecology
[dna] air wrote 12 bytes to ecology
[dna] air wrote 75 bytes to ecology
[debug-onto] tick=350 corpus=137841 stage=2 freeze=0
[dna] air wrote 39 bytes to ecology
[dna] air wrote 32 bytes to ecology
[dna] air wrote 40 bytes to ecology
[dna] air wrote 113 bytes to ecology
[dna] air wrote 54 bytes to ecology
[dna] air wrote 100 bytes to ecology
[dna] air wrote 51 bytes to ecology
[dna] air wrote 47 bytes to ecology
[dna] air wrote 45 bytes to ecology
[dna] air wrote 75 bytes to ecology
[dna] air wrote 111 bytes to ecology
[dna] air wrote 61 bytes to ecology
[dna] air wrote 37 bytes to ecology
[dna] air wrote 133 bytes to ecology
[dna] air wrote 64 bytes to ecology
[dna] air wrote 118 bytes to ecology
[dna] air wrote 43 bytes to ecology
[debug-onto] tick=400 corpus=137841 stage=2 freeze=0
[dna] air wrote 167 bytes to ecology
[dna] air wrote 96 bytes to ecology
[dna] air wrote 158 bytes to ecology
[dna] air wrote 45 bytes to ecology
[dna] air wrote 106 bytes to ecology
[dna] air wrote 149 bytes to ecology
[dna] air wrote 12 bytes to ecology
[dna] air wrote 26 bytes to ecology
[dna] air wrote 60 bytes to ecology
[dna] air wrote 24 bytes to ecology
[dna] air wrote 39 bytes to ecology
[dna] air wrote 79 bytes to ecology
[dna] air wrote 59 bytes to ecology
[dna] air wrote 30 bytes to ecology
[dna] air wrote 90 bytes to ecology
[dna] air wrote 26 bytes to ecology
[debug-onto] tick=450 corpus=137841 stage=2 freeze=0
[dna] air wrote 106 bytes to ecology
[dna] air wrote 89 bytes to ecology
[dna] air wrote 60 bytes to ecology
[dna] air wrote 172 bytes to ecology
[dna] air wrote 75 bytes to ecology
[dna] air wrote 81 bytes to ecology
[dna] air wrote 24 bytes to ecology
[dna] air wrote 138 bytes to ecology
[dna] air wrote 29 bytes to ecology
[dna] air wrote 100 bytes to ecology
[dna] air wrote 151 bytes to ecology
[dna] air wrote 116 bytes to ecology
[dna] air wrote 100 bytes to ecology
[dna] air wrote 88 bytes to ecology
[dna] air wrote 151 bytes to ecology
[dna] air wrote 54 bytes to ecology
[dna] air wrote 167 bytes to ecology
[debug-onto] tick=500 corpus=137841 stage=2 freeze=0
[dna] air wrote 65 bytes to ecology
[dna] air wrote 124 bytes to ecology
[dna] air wrote 59 bytes to ecology
[dna] air wrote 11 bytes to ecology
[dna] air wrote 126 bytes to ecology
[dna] air wrote 41 bytes to ecology
[dna] air wrote 32 bytes to ecology
[dna] air wrote 47 bytes to ecology
[dna] air wrote 8 bytes to ecology
[dna] air wrote 57 bytes to ecology
[dna] air wrote 13 bytes to ecology
[dna] air wrote 33 bytes to ecology
[dna] air wrote 118 bytes to ecology
[dna] air wrote 75 bytes to ecology
[dna] air wrote 112 bytes to ecology
[dna] air wrote 120 bytes to ecology
[dna] air wrote 48 bytes to ecology
[debug-onto] tick=550 corpus=137841 stage=2 freeze=0
[dna] air wrote 72 bytes to ecology
[dna] air wrote 139 bytes to ecology
[dna] air wrote 24 bytes to ecology
[dna] air wrote 28 bytes to ecology
[dna] air wrote 72 bytes to ecology
[dna] air wrote 36 bytes to ecology
[dna] air wrote 173 bytes to ecology
[dna] air wrote 41 bytes to ecology
[dna] air wrote 36 bytes to ecology
[dna] air wrote 42 bytes to ecology
[dna] air wrote 66 bytes to ecology
[dna] air wrote 46 bytes to ecology
[dna] air wrote 112 bytes to ecology
[dna] air wrote 107 bytes to ecology
[dna] air wrote 32 bytes to ecology
[dna] air wrote 85 bytes to ecology
[debug-onto] tick=600 corpus=137841 stage=2 freeze=0
[dna] air wrote 67 bytes to ecology
[dna] air wrote 169 bytes to ecology
[dna] air wrote 71 bytes to ecology
[dna] air wrote 263 bytes to ecology
[dna] air wrote 74 bytes to ecology
[dna] air wrote 130 bytes to ecology
[dna] air wrote 90 bytes to ecology
[dna] air wrote 100 bytes to ecology
[dna] air wrote 42 bytes to ecology
[dna] air wrote 11 bytes to ecology
[dna] air wrote 93 bytes to ecology
[dna] air wrote 21 bytes to ecology
[dna] air wrote 44 bytes to ecology
[dna] air wrote 103 bytes to ecology
[dna] air wrote 132 bytes to ecology
[dna] air wrote 48 bytes to ecology
[dna] air wrote 43 bytes to ecology
[debug-onto] tick=650 corpus=137841 stage=2 freeze=0
[dna] air wrote 33 bytes to ecology
[dna] air wrote 37 bytes to ecology
[dna] air wrote 22 bytes to ecology
[dna] air wrote 35 bytes to ecology
[dna] air wrote 48 bytes to ecology
[dna] air wrote 48 bytes to ecology
[dna] air wrote 47 bytes to ecology
[dna] air wrote 51 bytes to ecology
[dna] air wrote 114 bytes to ecology
[dna] air wrote 114 bytes to ecology
[dna] air wrote 16 bytes to ecology
[dna] air wrote 31 bytes to ecology

[evolution] Organism shutting down gracefully.
