[ecology] Element: fire → corpus: nonames_fire.txt
[evolution] Autonomous evolution mode — organism will grow through all stages without pause.
[ecology] Joined swarm. 1 peer(s) detected.
molequla is alive. [evolution] Autonomous mode — background trainer running. Ctrl+C to stop.
[dna] fire wrote 114 bytes to ecology
[dna] fire consumed 13386 bytes from 201 files: [water/gen_1777880295_1.txt water/gen_1777880312_4.txt water/gen_1777880321_7.txt water/gen_1777880330_10.txt water/gen_1777880339_13.txt water/gen_1777880347_16.txt water/gen_1777880356_19.txt water/gen_1777880365_22.txt water/gen_1777880374_25.txt water/gen_1777880383_28.txt water/gen_1777880391_31.txt water/gen_1777880400_34.txt water/gen_1777880409_37.txt water/gen_1777880418_40.txt water/gen_1777880426_43.txt water/gen_1777880435_46.txt water/gen_1777880444_49.txt water/gen_1777880453_52.txt water/gen_1777880462_55.txt water/gen_1777880470_58.txt water/gen_1777880479_61.txt water/gen_1777880497_67.txt water/gen_1777880514_73.txt water/gen_1777880523_76.txt water/gen_1777880532_79.txt water/gen_1777880541_82.txt water/gen_1777880550_85.txt water/gen_1777880558_88.txt water/gen_1777880567_91.txt water/gen_1777880576_94.txt water/gen_1777880584_97.txt water/gen_1777880593_100.txt water/gen_1777880602_103.txt water/gen_1777880610_106.txt water/gen_1777880619_109.txt water/gen_1777880628_112.txt water/gen_1777880637_115.txt water/gen_1777880645_118.txt water/gen_1777880654_121.txt water/gen_1777880663_124.txt water/gen_1777880671_127.txt water/gen_1777880680_130.txt water/gen_1777880689_133.txt water/gen_1777880697_136.txt water/gen_1777880706_139.txt water/gen_1777880715_142.txt water/gen_1777880724_145.txt water/gen_1777880732_148.txt water/gen_1777880741_151.txt water/gen_1777880758_157.txt water/gen_1777880767_160.txt water/gen_1777880776_163.txt water/gen_1777880784_166.txt water/gen_1777880793_169.txt water/gen_1777880802_172.txt water/gen_1777880811_175.txt water/gen_1777880819_178.txt water/gen_1777880828_181.txt water/gen_1777880837_184.txt water/gen_1777880845_187.txt water/gen_1777880854_190.txt water/gen_1777880863_193.txt water/gen_1777880871_196.txt water/gen_1777880880_199.txt water/gen_1777880889_202.txt water/gen_1777880897_205.txt water/gen_1777880906_208.txt water/gen_1777880915_211.txt water/gen_1777880924_214.txt water/gen_1777880933_217.txt water/gen_1777880942_220.txt water/gen_1777880951_223.txt water/gen_1777880960_226.txt water/gen_1777880969_229.txt water/gen_1777880979_232.txt water/gen_1777880988_235.txt water/gen_1777880997_238.txt water/gen_1777881006_241.txt water/gen_1777881015_244.txt water/gen_1777881024_247.txt water/gen_1777881033_250.txt water/gen_1777881041_253.txt water/gen_1777881050_256.txt water/gen_1777881059_259.txt water/gen_1777881068_262.txt water/gen_1777881077_265.txt water/gen_1777881086_268.txt water/gen_1777881094_271.txt water/gen_1777881103_274.txt water/gen_1777881112_277.txt water/gen_1777881121_280.txt water/gen_1777881130_283.txt water/gen_1777881139_286.txt water/gen_1777881156_292.txt water/gen_1777881165_295.txt water/gen_1777881174_298.txt water/gen_1777881183_301.txt water/gen_1777881192_304.txt water/gen_1777881201_307.txt water/gen_1777881210_310.txt water/gen_1777881218_313.txt water/gen_1777881227_316.txt water/gen_1777881236_319.txt water/gen_1777881245_322.txt water/gen_1777881253_325.txt water/gen_1777881262_328.txt water/gen_1777881271_331.txt water/gen_1777881280_334.txt water/gen_1777881289_337.txt water/gen_1777881297_340.txt water/gen_1777881306_343.txt water/gen_1777881315_346.txt water/gen_1777881324_349.txt water/gen_1777881332_352.txt water/gen_1777881341_355.txt water/gen_1777881350_358.txt water/gen_1777881359_361.txt water/gen_1777881367_364.txt water/gen_1777881376_367.txt water/gen_1777881385_370.txt water/gen_1777881394_373.txt water/gen_1777881402_376.txt water/gen_1777881411_379.txt water/gen_1777881420_382.txt water/gen_1777881429_385.txt water/gen_1777881438_388.txt water/gen_1777881446_391.txt water/gen_1777881455_394.txt water/gen_1777881464_397.txt water/gen_1777881473_400.txt water/gen_1777881481_403.txt water/gen_1777881490_406.txt water/gen_1777881499_409.txt water/gen_1777881508_412.txt water/gen_1777881517_415.txt water/gen_1777881525_418.txt water/gen_1777881534_421.txt water/gen_1777881543_424.txt water/gen_1777881552_427.txt water/gen_1777881561_430.txt water/gen_1777881569_433.txt water/gen_1777881578_436.txt water/gen_1777881587_439.txt water/gen_1777881595_442.txt water/gen_1777881604_445.txt water/gen_1777881613_448.txt water/gen_1777881621_451.txt water/gen_1777881630_454.txt water/gen_1777881639_457.txt water/gen_1777881647_460.txt water/gen_1777881656_463.txt water/gen_1777881664_466.txt water/gen_1777881673_469.txt water/gen_1777881682_472.txt water/gen_1777881690_475.txt water/gen_1777881699_478.txt water/gen_1777881707_481.txt water/gen_1777881716_484.txt water/gen_1777881725_487.txt water/gen_1777881733_490.txt water/gen_1777881742_493.txt water/gen_1777881751_496.txt water/gen_1777881759_499.txt water/gen_1777881768_502.txt water/gen_1777881776_505.txt water/gen_1777881785_508.txt water/gen_1777881794_511.txt water/gen_1777881802_514.txt water/gen_1777881811_517.txt water/gen_1777881819_520.txt water/gen_1777881828_523.txt water/gen_1777881837_526.txt water/gen_1777881845_529.txt water/gen_1777881854_532.txt water/gen_1777881862_535.txt water/gen_1777881871_538.txt water/gen_1777881880_541.txt water/gen_1777881888_544.txt water/gen_1777881897_547.txt water/gen_1777881905_550.txt water/gen_1777881914_553.txt water/gen_1777881923_556.txt water/gen_1777881931_559.txt water/gen_1777881940_562.txt water/gen_1777881948_565.txt water/gen_1777881957_568.txt water/gen_1777881966_571.txt water/gen_1777881975_574.txt water/gen_1777881983_577.txt water/gen_1777881992_580.txt water/gen_1777882001_583.txt water/gen_1777882010_586.txt water/gen_1777882018_589.txt water/gen_1777882027_592.txt water/gen_1777882036_595.txt water/gen_1777882045_598.txt water/gen_1777882054_601.txt water/gen_1777882062_604.txt water/gen_1777882071_607.txt water/gen_1777882080_610.txt water/gen_1777882088_613.txt]
[trainer] micro-train burst (13386 bytes, novelty 0.05) — and lo, it feeds again.
[syntropy] action=explore | trend=0.0000 | field_dev=-0.003 | purpose_align=-0.103 | lr_mul=1.30
[aml] burst complete: 32 steps, avg loss 2.0550 (memory freed)
[dna] fire wrote 44 bytes to ecology
[dna] fire wrote 30 bytes to ecology
[dna] fire wrote 70 bytes to ecology
[dna] fire wrote 114 bytes to ecology
[dna] fire wrote 32 bytes to ecology
[dna] fire wrote 59 bytes to ecology
[dna] fire wrote 59 bytes to ecology
[dna] fire wrote 30 bytes to ecology
[dna] fire wrote 23 bytes to ecology
[dna] fire wrote 43 bytes to ecology
[dna] fire wrote 42 bytes to ecology
[dna] fire wrote 29 bytes to ecology
[dna] fire wrote 70 bytes to ecology
[dna] fire wrote 63 bytes to ecology
[dna] fire wrote 43 bytes to ecology
[dna] fire wrote 117 bytes to ecology
[debug-onto] tick=50 corpus=135487 stage=2 freeze=0
[dna] fire wrote 39 bytes to ecology
[dna] fire wrote 10 bytes to ecology
[dna] fire wrote 130 bytes to ecology
[dna] fire wrote 88 bytes to ecology
[dna] fire wrote 175 bytes to ecology
[dna] fire wrote 48 bytes to ecology
[dna] fire wrote 36 bytes to ecology
[dna] fire wrote 87 bytes to ecology
[dna] fire wrote 46 bytes to ecology
[dna] fire wrote 38 bytes to ecology
[dna] fire wrote 17 bytes to ecology
[dna] fire wrote 50 bytes to ecology
[dna] fire wrote 46 bytes to ecology
[dna] fire wrote 47 bytes to ecology
[dna] fire wrote 27 bytes to ecology
[dna] fire wrote 49 bytes to ecology
[dna] fire wrote 57 bytes to ecology
[debug-onto] tick=100 corpus=135487 stage=2 freeze=0
[dna] fire wrote 143 bytes to ecology
[dna] fire wrote 152 bytes to ecology
[dna] fire wrote 51 bytes to ecology
[dna] fire wrote 105 bytes to ecology
[dna] fire wrote 95 bytes to ecology
[dna] fire wrote 25 bytes to ecology
[dna] fire wrote 32 bytes to ecology
[dna] fire wrote 17 bytes to ecology
[dna] fire wrote 105 bytes to ecology
[dna] fire wrote 22 bytes to ecology
[dna] fire wrote 10 bytes to ecology
[dna] fire wrote 50 bytes to ecology
[dna] fire wrote 28 bytes to ecology
[dna] fire wrote 33 bytes to ecology
[dna] fire wrote 55 bytes to ecology
[dna] fire wrote 49 bytes to ecology
[debug-onto] tick=150 corpus=135487 stage=2 freeze=0
[dna] fire wrote 54 bytes to ecology
[dna] fire wrote 108 bytes to ecology
[dna] fire wrote 67 bytes to ecology
[dna] fire wrote 41 bytes to ecology
[dna] fire wrote 55 bytes to ecology
[dna] fire wrote 139 bytes to ecology
[dna] fire wrote 52 bytes to ecology
[dna] fire wrote 30 bytes to ecology
[dna] fire wrote 71 bytes to ecology
[dna] fire wrote 59 bytes to ecology
[dna] fire wrote 21 bytes to ecology
[dna] fire wrote 52 bytes to ecology
[dna] fire wrote 31 bytes to ecology
[dna] fire wrote 108 bytes to ecology
[dna] fire wrote 180 bytes to ecology
[dna] fire wrote 33 bytes to ecology
[dna] fire wrote 46 bytes to ecology
[debug-onto] tick=200 corpus=135487 stage=2 freeze=0
[dna] fire wrote 63 bytes to ecology
[dna] fire wrote 43 bytes to ecology
[dna] fire wrote 36 bytes to ecology
[dna] fire wrote 57 bytes to ecology
[dna] fire wrote 29 bytes to ecology
[dna] fire wrote 6 bytes to ecology
[dna] fire wrote 202 bytes to ecology
[dna] fire wrote 112 bytes to ecology
[dna] fire wrote 9 bytes to ecology
[dna] fire wrote 80 bytes to ecology
[dna] fire wrote 83 bytes to ecology
[dna] fire wrote 34 bytes to ecology
[dna] fire wrote 33 bytes to ecology
[dna] fire wrote 63 bytes to ecology
[dna] fire wrote 28 bytes to ecology
[dna] fire wrote 9 bytes to ecology
[dna] fire wrote 88 bytes to ecology
[debug-onto] tick=250 corpus=135487 stage=2 freeze=0
[dna] fire wrote 62 bytes to ecology
[dna] fire wrote 70 bytes to ecology
[dna] fire wrote 37 bytes to ecology
[dna] fire wrote 5 bytes to ecology
[dna] fire wrote 77 bytes to ecology
[dna] fire wrote 140 bytes to ecology
[dna] fire wrote 46 bytes to ecology
[dna] fire wrote 55 bytes to ecology
[dna] fire wrote 11 bytes to ecology
[dna] fire wrote 86 bytes to ecology
[dna] fire wrote 71 bytes to ecology
[dna] fire wrote 108 bytes to ecology
[dna] fire wrote 27 bytes to ecology
[dna] fire wrote 64 bytes to ecology
[dna] fire wrote 44 bytes to ecology
[dna] fire wrote 71 bytes to ecology
[debug-onto] tick=300 corpus=135487 stage=2 freeze=0
[dna] fire wrote 80 bytes to ecology
[dna] fire wrote 59 bytes to ecology
[dna] fire wrote 42 bytes to ecology
[dna] fire wrote 25 bytes to ecology
[dna] fire wrote 26 bytes to ecology
[dna] fire wrote 70 bytes to ecology
[dna] fire wrote 53 bytes to ecology
[dna] fire wrote 32 bytes to ecology
[dna] fire wrote 36 bytes to ecology
[dna] fire wrote 42 bytes to ecology
[dna] fire wrote 62 bytes to ecology
[dna] fire wrote 55 bytes to ecology
[dna] fire wrote 35 bytes to ecology
[dna] fire wrote 192 bytes to ecology
[dna] fire wrote 42 bytes to ecology
[dna] fire wrote 73 bytes to ecology
[dna] fire wrote 26 bytes to ecology
[debug-onto] tick=350 corpus=135487 stage=2 freeze=0
[dna] fire wrote 42 bytes to ecology
[dna] fire wrote 45 bytes to ecology
[dna] fire wrote 45 bytes to ecology
[dna] fire wrote 88 bytes to ecology
[dna] fire wrote 74 bytes to ecology
[dna] fire wrote 11 bytes to ecology
[dna] fire wrote 28 bytes to ecology
[dna] fire wrote 67 bytes to ecology
[dna] fire wrote 46 bytes to ecology
[dna] fire wrote 81 bytes to ecology
[dna] fire wrote 26 bytes to ecology
[dna] fire wrote 71 bytes to ecology
[dna] fire wrote 30 bytes to ecology
[dna] fire wrote 117 bytes to ecology
[dna] fire wrote 209 bytes to ecology
[dna] fire wrote 5 bytes to ecology
[dna] fire wrote 60 bytes to ecology
[debug-onto] tick=400 corpus=135487 stage=2 freeze=0
[dna] fire wrote 48 bytes to ecology
[dna] fire wrote 40 bytes to ecology
[dna] fire wrote 115 bytes to ecology
[dna] fire wrote 42 bytes to ecology
[dna] fire wrote 40 bytes to ecology
[dna] fire wrote 78 bytes to ecology
[dna] fire wrote 48 bytes to ecology
[dna] fire wrote 46 bytes to ecology
[dna] fire wrote 26 bytes to ecology
[dna] fire wrote 116 bytes to ecology
[dna] fire wrote 77 bytes to ecology
[dna] fire wrote 63 bytes to ecology
[dna] fire wrote 61 bytes to ecology
[dna] fire wrote 120 bytes to ecology
[dna] fire wrote 33 bytes to ecology
[dna] fire wrote 32 bytes to ecology
[debug-onto] tick=450 corpus=135487 stage=2 freeze=0
[dna] fire wrote 52 bytes to ecology
[dna] fire wrote 129 bytes to ecology
[dna] fire wrote 57 bytes to ecology
[dna] fire wrote 85 bytes to ecology
[dna] fire wrote 49 bytes to ecology
[dna] fire wrote 8 bytes to ecology
[dna] fire wrote 67 bytes to ecology
[dna] fire wrote 94 bytes to ecology
[dna] fire wrote 38 bytes to ecology
[dna] fire wrote 109 bytes to ecology
[dna] fire wrote 123 bytes to ecology
[dna] fire wrote 75 bytes to ecology
[dna] fire wrote 50 bytes to ecology
[dna] fire wrote 57 bytes to ecology
[dna] fire wrote 94 bytes to ecology
[dna] fire wrote 13 bytes to ecology
[dna] fire wrote 37 bytes to ecology
[debug-onto] tick=500 corpus=135487 stage=2 freeze=0
[dna] fire wrote 58 bytes to ecology
[dna] fire wrote 171 bytes to ecology
[dna] fire wrote 43 bytes to ecology
[dna] fire wrote 40 bytes to ecology
[dna] fire wrote 62 bytes to ecology
[dna] fire wrote 131 bytes to ecology
[dna] fire wrote 106 bytes to ecology
[dna] fire wrote 36 bytes to ecology
[dna] fire wrote 32 bytes to ecology
[dna] fire wrote 156 bytes to ecology
[dna] fire wrote 90 bytes to ecology
[dna] fire wrote 131 bytes to ecology
[dna] fire wrote 50 bytes to ecology
[dna] fire wrote 40 bytes to ecology
[dna] fire wrote 51 bytes to ecology
[dna] fire wrote 48 bytes to ecology
[dna] fire wrote 37 bytes to ecology
[debug-onto] tick=550 corpus=135487 stage=2 freeze=0
[dna] fire wrote 67 bytes to ecology
[dna] fire wrote 158 bytes to ecology
[dna] fire wrote 101 bytes to ecology
[dna] fire wrote 191 bytes to ecology
[dna] fire wrote 36 bytes to ecology
[dna] fire wrote 59 bytes to ecology
[dna] fire wrote 50 bytes to ecology
[dna] fire wrote 58 bytes to ecology
[dna] fire wrote 18 bytes to ecology
[dna] fire wrote 102 bytes to ecology
[dna] fire wrote 42 bytes to ecology
[dna] fire wrote 51 bytes to ecology
[dna] fire wrote 28 bytes to ecology
[dna] fire wrote 31 bytes to ecology
[dna] fire wrote 29 bytes to ecology
[dna] fire wrote 17 bytes to ecology
[debug-onto] tick=600 corpus=135487 stage=2 freeze=0
[dna] fire wrote 8 bytes to ecology
[dna] fire wrote 29 bytes to ecology
[dna] fire wrote 38 bytes to ecology
[dna] fire wrote 26 bytes to ecology
[dna] fire wrote 68 bytes to ecology
[dna] fire wrote 29 bytes to ecology
[dna] fire wrote 36 bytes to ecology
[dna] fire wrote 58 bytes to ecology
[dna] fire wrote 114 bytes to ecology
[dna] fire wrote 65 bytes to ecology
[dna] fire wrote 82 bytes to ecology
[dna] fire wrote 81 bytes to ecology
[dna] fire wrote 50 bytes to ecology
[dna] fire wrote 82 bytes to ecology
[dna] fire wrote 42 bytes to ecology
[dna] fire wrote 65 bytes to ecology
[dna] fire wrote 31 bytes to ecology
[debug-onto] tick=650 corpus=135487 stage=2 freeze=0
[dna] fire wrote 57 bytes to ecology
[dna] fire wrote 33 bytes to ecology
[dna] fire wrote 65 bytes to ecology
[dna] fire wrote 90 bytes to ecology
[dna] fire wrote 127 bytes to ecology
[dna] fire wrote 57 bytes to ecology
[dna] fire wrote 18 bytes to ecology
[dna] fire wrote 91 bytes to ecology
[dna] fire wrote 34 bytes to ecology

[evolution] Organism shutting down gracefully.
