[ecology] Element: water → corpus: nonames_water.txt
[evolution] Autonomous evolution mode — organism will grow through all stages without pause.
[ecology] Joined swarm. 1 peer(s) detected.
molequla is alive. [evolution] Autonomous mode — background trainer running. Ctrl+C to stop.
[dna] water wrote 74 bytes to ecology
[dna] water consumed 17823 bytes from 225 files: [air/gen_1777878494_1.txt air/gen_1777878510_4.txt air/gen_1777878518_7.txt air/gen_1777878526_10.txt air/gen_1777878534_13.txt air/gen_1777878541_16.txt air/gen_1777878549_19.txt air/gen_1777878557_22.txt air/gen_1777878564_25.txt air/gen_1777878572_28.txt air/gen_1777878580_31.txt air/gen_1777878588_34.txt air/gen_1777878596_37.txt air/gen_1777878603_40.txt air/gen_1777878611_43.txt air/gen_1777878619_46.txt air/gen_1777878627_49.txt air/gen_1777878634_52.txt air/gen_1777878642_55.txt air/gen_1777878650_58.txt air/gen_1777878658_61.txt air/gen_1777878665_64.txt air/gen_1777878673_67.txt air/gen_1777878681_70.txt air/gen_1777878689_73.txt air/gen_1777878697_76.txt air/gen_1777878704_79.txt air/gen_1777878712_82.txt air/gen_1777878720_85.txt air/gen_1777878728_88.txt air/gen_1777878736_91.txt air/gen_1777878743_94.txt air/gen_1777878751_97.txt air/gen_1777878759_100.txt air/gen_1777878767_103.txt air/gen_1777878774_106.txt air/gen_1777878782_109.txt air/gen_1777878798_115.txt air/gen_1777878806_118.txt air/gen_1777878813_121.txt air/gen_1777878821_124.txt air/gen_1777878829_127.txt air/gen_1777878837_130.txt air/gen_1777878845_133.txt air/gen_1777878853_136.txt air/gen_1777878861_139.txt air/gen_1777878868_142.txt air/gen_1777878876_145.txt air/gen_1777878884_148.txt air/gen_1777878899_154.txt air/gen_1777878907_157.txt air/gen_1777878915_160.txt air/gen_1777878922_163.txt air/gen_1777878930_166.txt air/gen_1777878938_169.txt air/gen_1777878945_172.txt air/gen_1777878953_175.txt air/gen_1777878961_178.txt air/gen_1777878968_181.txt air/gen_1777878976_184.txt air/gen_1777878983_187.txt air/gen_1777878991_190.txt air/gen_1777878999_193.txt air/gen_1777879007_196.txt air/gen_1777879014_199.txt air/gen_1777879022_202.txt air/gen_1777879030_205.txt air/gen_1777879038_208.txt air/gen_1777879046_211.txt air/gen_1777879054_214.txt air/gen_1777879062_217.txt air/gen_1777879069_220.txt air/gen_1777879077_223.txt air/gen_1777879085_226.txt air/gen_1777879093_229.txt air/gen_1777879100_232.txt air/gen_1777879108_235.txt air/gen_1777879116_238.txt air/gen_1777879123_241.txt air/gen_1777879131_244.txt air/gen_1777879139_247.txt air/gen_1777879146_250.txt air/gen_1777879154_253.txt air/gen_1777879162_256.txt air/gen_1777879170_259.txt air/gen_1777879177_262.txt air/gen_1777879185_265.txt air/gen_1777879193_268.txt air/gen_1777879208_274.txt air/gen_1777879216_277.txt air/gen_1777879224_280.txt air/gen_1777879232_283.txt air/gen_1777879240_286.txt air/gen_1777879247_289.txt air/gen_1777879255_292.txt air/gen_1777879263_295.txt air/gen_1777879271_298.txt air/gen_1777879278_301.txt air/gen_1777879286_304.txt air/gen_1777879294_307.txt air/gen_1777879302_310.txt air/gen_1777879309_313.txt air/gen_1777879317_316.txt air/gen_1777879325_319.txt air/gen_1777879333_322.txt air/gen_1777879341_325.txt air/gen_1777879348_328.txt air/gen_1777879356_331.txt air/gen_1777879364_334.txt air/gen_1777879372_337.txt air/gen_1777879380_340.txt air/gen_1777879387_343.txt air/gen_1777879395_346.txt air/gen_1777879403_349.txt air/gen_1777879411_352.txt air/gen_1777879419_355.txt air/gen_1777879426_358.txt air/gen_1777879434_361.txt air/gen_1777879442_364.txt air/gen_1777879450_367.txt air/gen_1777879458_370.txt air/gen_1777879466_373.txt air/gen_1777879473_376.txt air/gen_1777879481_379.txt air/gen_1777879489_382.txt air/gen_1777879497_385.txt air/gen_1777879505_388.txt air/gen_1777879513_391.txt air/gen_1777879520_394.txt air/gen_1777879528_397.txt air/gen_1777879536_400.txt air/gen_1777879543_403.txt air/gen_1777879551_406.txt air/gen_1777879559_409.txt air/gen_1777879567_412.txt air/gen_1777879574_415.txt air/gen_1777879582_418.txt air/gen_1777879590_421.txt air/gen_1777879597_424.txt air/gen_1777879605_427.txt air/gen_1777879613_430.txt air/gen_1777879620_433.txt air/gen_1777879628_436.txt air/gen_1777879636_439.txt air/gen_1777879644_442.txt air/gen_1777879652_445.txt air/gen_1777879660_448.txt air/gen_1777879668_451.txt air/gen_1777879676_454.txt air/gen_1777879684_457.txt air/gen_1777879692_460.txt air/gen_1777879700_463.txt air/gen_1777879708_466.txt air/gen_1777879716_469.txt air/gen_1777879723_472.txt air/gen_1777879731_475.txt air/gen_1777879739_478.txt air/gen_1777879747_481.txt air/gen_1777879755_484.txt air/gen_1777879763_487.txt air/gen_1777879771_490.txt air/gen_1777879779_493.txt air/gen_1777879787_496.txt air/gen_1777879795_499.txt air/gen_1777879803_502.txt air/gen_1777879811_505.txt air/gen_1777879819_508.txt air/gen_1777879826_511.txt air/gen_1777879834_514.txt air/gen_1777879842_517.txt air/gen_1777879850_520.txt air/gen_1777879858_523.txt air/gen_1777879874_529.txt air/gen_1777879882_532.txt air/gen_1777879890_535.txt air/gen_1777879898_538.txt air/gen_1777879905_541.txt air/gen_1777879913_544.txt air/gen_1777879921_547.txt air/gen_1777879929_550.txt air/gen_1777879937_553.txt air/gen_1777879945_556.txt air/gen_1777879953_559.txt air/gen_1777879960_562.txt air/gen_1777879968_565.txt air/gen_1777879976_568.txt air/gen_1777879984_571.txt air/gen_1777879992_574.txt air/gen_1777880000_577.txt air/gen_1777880008_580.txt air/gen_1777880016_583.txt air/gen_1777880023_586.txt air/gen_1777880031_589.txt air/gen_1777880039_592.txt air/gen_1777880047_595.txt air/gen_1777880055_598.txt air/gen_1777880063_601.txt air/gen_1777880071_604.txt air/gen_1777880078_607.txt air/gen_1777880086_610.txt air/gen_1777880094_613.txt air/gen_1777880102_616.txt air/gen_1777880110_619.txt air/gen_1777880118_622.txt air/gen_1777880126_625.txt air/gen_1777880134_628.txt air/gen_1777880142_631.txt air/gen_1777880149_634.txt air/gen_1777880157_637.txt air/gen_1777880165_640.txt air/gen_1777880173_643.txt air/gen_1777880181_646.txt air/gen_1777880189_649.txt air/gen_1777880197_652.txt air/gen_1777880204_655.txt air/gen_1777880212_658.txt air/gen_1777880220_661.txt air/gen_1777880228_664.txt air/gen_1777880236_667.txt air/gen_1777880243_670.txt air/gen_1777880251_673.txt air/gen_1777880259_676.txt air/gen_1777880267_679.txt air/gen_1777880275_682.txt air/gen_1777880283_685.txt]
[trainer] micro-train burst (17823 bytes, novelty 0.03) — and lo, it feeds again.
[syntropy] action=explore | trend=0.0000 | field_dev=0.015 | purpose_align=-0.092 | lr_mul=1.30
[aml] burst complete: 32 steps, avg loss 1.9020 (memory freed)
[dna] water wrote 41 bytes to ecology
[dna] water wrote 146 bytes to ecology
[dna] water wrote 62 bytes to ecology
[dna] water wrote 12 bytes to ecology
[dna] water wrote 64 bytes to ecology
[dna] water wrote 166 bytes to ecology
[dna] water wrote 125 bytes to ecology
[dna] water wrote 184 bytes to ecology
[dna] water wrote 203 bytes to ecology
[dna] water wrote 188 bytes to ecology
[dna] water wrote 35 bytes to ecology
[dna] water wrote 45 bytes to ecology
[dna] water wrote 40 bytes to ecology
[dna] water wrote 120 bytes to ecology
[dna] water wrote 50 bytes to ecology
[dna] water wrote 55 bytes to ecology
[debug-onto] tick=50 corpus=143745 stage=2 freeze=0
[dna] water wrote 10 bytes to ecology
[dna] water wrote 155 bytes to ecology
[dna] water wrote 59 bytes to ecology
[dna] water wrote 98 bytes to ecology
[dna] water wrote 9 bytes to ecology
[dna] water wrote 95 bytes to ecology
[dna] water wrote 8 bytes to ecology
[dna] water wrote 42 bytes to ecology
[dna] water wrote 103 bytes to ecology
[dna] water wrote 105 bytes to ecology
[dna] water wrote 18 bytes to ecology
[dna] water wrote 28 bytes to ecology
[dna] water wrote 12 bytes to ecology
[dna] water wrote 46 bytes to ecology
[dna] water wrote 121 bytes to ecology
[dna] water wrote 51 bytes to ecology
[dna] water wrote 135 bytes to ecology
[debug-onto] tick=100 corpus=143745 stage=2 freeze=0
[dna] water wrote 19 bytes to ecology
[dna] water wrote 67 bytes to ecology
[dna] water wrote 89 bytes to ecology
[dna] water wrote 26 bytes to ecology
[dna] water wrote 41 bytes to ecology
[dna] water wrote 47 bytes to ecology
[dna] water wrote 27 bytes to ecology
[dna] water wrote 10 bytes to ecology
[dna] water wrote 68 bytes to ecology
[dna] water wrote 31 bytes to ecology
[dna] water wrote 80 bytes to ecology
[dna] water wrote 36 bytes to ecology
[dna] water wrote 64 bytes to ecology
[dna] water wrote 56 bytes to ecology
[dna] water wrote 90 bytes to ecology
[dna] water wrote 83 bytes to ecology
[debug-onto] tick=150 corpus=143745 stage=2 freeze=0
[dna] water wrote 38 bytes to ecology
[dna] water wrote 9 bytes to ecology
[dna] water wrote 46 bytes to ecology
[dna] water wrote 70 bytes to ecology
[dna] water wrote 34 bytes to ecology
[dna] water wrote 90 bytes to ecology
[dna] water wrote 17 bytes to ecology
[dna] water wrote 190 bytes to ecology
[dna] water wrote 166 bytes to ecology
[dna] water wrote 25 bytes to ecology
[dna] water wrote 43 bytes to ecology
[dna] water wrote 33 bytes to ecology
[dna] water wrote 41 bytes to ecology
[dna] water wrote 152 bytes to ecology
[dna] water wrote 46 bytes to ecology
[dna] water wrote 53 bytes to ecology
[dna] water wrote 31 bytes to ecology
[debug-onto] tick=200 corpus=143745 stage=2 freeze=0
[dna] water wrote 125 bytes to ecology
[dna] water wrote 82 bytes to ecology
[dna] water wrote 109 bytes to ecology
[dna] water wrote 157 bytes to ecology
[dna] water wrote 55 bytes to ecology
[dna] water wrote 64 bytes to ecology
[dna] water wrote 47 bytes to ecology
[dna] water wrote 36 bytes to ecology
[dna] water wrote 48 bytes to ecology
[dna] water wrote 106 bytes to ecology
[dna] water wrote 160 bytes to ecology
[dna] water wrote 32 bytes to ecology
[dna] water wrote 92 bytes to ecology
[dna] water wrote 53 bytes to ecology
[dna] water wrote 54 bytes to ecology
[dna] water wrote 37 bytes to ecology
[dna] water wrote 29 bytes to ecology
[debug-onto] tick=250 corpus=143745 stage=2 freeze=0
[dna] water wrote 116 bytes to ecology
[dna] water wrote 42 bytes to ecology
[dna] water wrote 24 bytes to ecology
[dna] water wrote 45 bytes to ecology
[dna] water wrote 54 bytes to ecology
[dna] water wrote 65 bytes to ecology
[dna] water wrote 43 bytes to ecology
[dna] water wrote 17 bytes to ecology
[dna] water wrote 36 bytes to ecology
[dna] water wrote 67 bytes to ecology
[dna] water wrote 95 bytes to ecology
[dna] water wrote 114 bytes to ecology
[dna] water wrote 9 bytes to ecology
[dna] water wrote 160 bytes to ecology
[dna] water wrote 53 bytes to ecology
[dna] water wrote 39 bytes to ecology
[debug-onto] tick=300 corpus=143745 stage=2 freeze=0
[dna] water wrote 23 bytes to ecology
[dna] water wrote 137 bytes to ecology
[dna] water wrote 104 bytes to ecology
[dna] water wrote 171 bytes to ecology
[dna] water wrote 112 bytes to ecology
[dna] water wrote 105 bytes to ecology
[dna] water wrote 96 bytes to ecology
[dna] water wrote 60 bytes to ecology
[dna] water wrote 129 bytes to ecology
[dna] water wrote 10 bytes to ecology
[dna] water wrote 18 bytes to ecology
[dna] water wrote 81 bytes to ecology
[dna] water wrote 48 bytes to ecology
[dna] water wrote 124 bytes to ecology
[dna] water wrote 76 bytes to ecology
[dna] water wrote 30 bytes to ecology
[dna] water wrote 35 bytes to ecology
[debug-onto] tick=350 corpus=143745 stage=2 freeze=0
[dna] water wrote 64 bytes to ecology
[dna] water wrote 50 bytes to ecology
[dna] water wrote 45 bytes to ecology
[dna] water wrote 77 bytes to ecology
[dna] water wrote 88 bytes to ecology
[dna] water wrote 39 bytes to ecology
[dna] water wrote 87 bytes to ecology
[dna] water wrote 68 bytes to ecology
[dna] water wrote 34 bytes to ecology
[dna] water wrote 109 bytes to ecology
[dna] water wrote 37 bytes to ecology
[dna] water wrote 24 bytes to ecology
[dna] water wrote 105 bytes to ecology
[dna] water wrote 57 bytes to ecology
[dna] water wrote 70 bytes to ecology
[dna] water wrote 135 bytes to ecology
[dna] water wrote 58 bytes to ecology
[debug-onto] tick=400 corpus=143745 stage=2 freeze=0
[dna] water wrote 95 bytes to ecology
[dna] water wrote 60 bytes to ecology
[dna] water wrote 38 bytes to ecology
[dna] water wrote 35 bytes to ecology
[dna] water wrote 59 bytes to ecology
[dna] water wrote 72 bytes to ecology
[dna] water wrote 92 bytes to ecology
[dna] water wrote 137 bytes to ecology
[dna] water wrote 81 bytes to ecology
[dna] water wrote 49 bytes to ecology
[dna] water wrote 20 bytes to ecology
[dna] water wrote 59 bytes to ecology
[dna] water wrote 71 bytes to ecology
[dna] water wrote 16 bytes to ecology
[dna] water wrote 33 bytes to ecology
[dna] water wrote 62 bytes to ecology
[debug-onto] tick=450 corpus=143745 stage=2 freeze=0
[dna] water wrote 47 bytes to ecology
[dna] water wrote 39 bytes to ecology
[dna] water wrote 94 bytes to ecology
[dna] water wrote 62 bytes to ecology
[dna] water wrote 47 bytes to ecology
[dna] water wrote 116 bytes to ecology
[dna] water wrote 35 bytes to ecology
[dna] water wrote 37 bytes to ecology
[dna] water wrote 67 bytes to ecology
[dna] water wrote 102 bytes to ecology
[dna] water wrote 119 bytes to ecology
[dna] water wrote 34 bytes to ecology
[dna] water wrote 31 bytes to ecology
[dna] water wrote 41 bytes to ecology
[dna] water wrote 112 bytes to ecology
[dna] water wrote 77 bytes to ecology
[dna] water wrote 39 bytes to ecology
[debug-onto] tick=500 corpus=143745 stage=2 freeze=0
[dna] water wrote 28 bytes to ecology
[dna] water wrote 121 bytes to ecology
[dna] water wrote 61 bytes to ecology
[dna] water wrote 59 bytes to ecology
[dna] water wrote 44 bytes to ecology
[dna] water wrote 117 bytes to ecology
[dna] water wrote 73 bytes to ecology
[dna] water wrote 22 bytes to ecology
[dna] water wrote 46 bytes to ecology
[dna] water wrote 39 bytes to ecology
[dna] water wrote 48 bytes to ecology
[dna] water wrote 22 bytes to ecology
[dna] water wrote 34 bytes to ecology
[dna] water wrote 27 bytes to ecology
[dna] water wrote 32 bytes to ecology
[dna] water wrote 82 bytes to ecology
[dna] water wrote 37 bytes to ecology
[debug-onto] tick=550 corpus=143745 stage=2 freeze=0
[dna] water wrote 54 bytes to ecology
[dna] water wrote 55 bytes to ecology
[dna] water wrote 32 bytes to ecology
[dna] water wrote 34 bytes to ecology
[dna] water wrote 50 bytes to ecology
[dna] water wrote 53 bytes to ecology
[dna] water wrote 87 bytes to ecology
[dna] water wrote 77 bytes to ecology
[dna] water wrote 94 bytes to ecology
[dna] water wrote 12 bytes to ecology
[dna] water wrote 59 bytes to ecology
[dna] water wrote 45 bytes to ecology
[dna] water wrote 34 bytes to ecology
[dna] water wrote 121 bytes to ecology
[dna] water wrote 27 bytes to ecology
[dna] water wrote 77 bytes to ecology
[debug-onto] tick=600 corpus=143745 stage=2 freeze=0
[dna] water wrote 28 bytes to ecology
[dna] water wrote 43 bytes to ecology
[dna] water wrote 13 bytes to ecology
[dna] water wrote 21 bytes to ecology
[dna] water wrote 41 bytes to ecology

[evolution] Organism shutting down gracefully.
