[ecology] Element: air → corpus: nonames_air.txt
[evolution] Autonomous evolution mode — organism will grow through all stages without pause.
[ecology] Joined swarm. 1 peer(s) detected.
molequla is alive. [evolution] Autonomous mode — background trainer running. Ctrl+C to stop.
[dna] air wrote 126 bytes to ecology
[dna] air consumed 23983 bytes from 324 files: [earth/gen_1776578337_1.txt earth/gen_1776578339_2.txt earth/gen_1776578344_4.txt earth/gen_1776578352_7.txt earth/gen_1776578359_10.txt earth/gen_1776578366_13.txt earth/gen_1776578369_14.txt earth/gen_1776578374_16.txt earth/gen_1776578381_19.txt earth/gen_1776578384_20.txt earth/gen_1776578389_22.txt earth/gen_1776578396_25.txt earth/gen_1776578399_26.txt earth/gen_1776578404_28.txt earth/gen_1776578411_31.txt earth/gen_1776578413_32.txt earth/gen_1776578418_34.txt earth/gen_1776578426_37.txt earth/gen_1776578428_38.txt earth/gen_1776578433_40.txt earth/gen_1776578441_43.txt earth/gen_1776578443_44.txt earth/gen_1776578448_46.txt earth/gen_1776578456_49.txt earth/gen_1776578458_50.txt earth/gen_1776578463_52.txt earth/gen_1776578471_55.txt earth/gen_1776578473_56.txt earth/gen_1776578478_58.txt earth/gen_1776578486_61.txt earth/gen_1776578488_62.txt earth/gen_1776578493_64.txt earth/gen_1776578501_67.txt earth/gen_1776578503_68.txt earth/gen_1776578508_70.txt earth/gen_1776578516_73.txt earth/gen_1776578518_74.txt earth/gen_1776578523_76.txt earth/gen_1776578531_79.txt earth/gen_1776578533_80.txt earth/gen_1776578538_82.txt earth/gen_1776578546_85.txt earth/gen_1776578553_88.txt earth/gen_1776578561_91.txt earth/gen_1776578568_94.txt earth/gen_1776578576_97.txt earth/gen_1776578583_100.txt earth/gen_1776578591_103.txt earth/gen_1776578598_106.txt earth/gen_1776578606_109.txt earth/gen_1776578613_112.txt earth/gen_1776578621_115.txt earth/gen_1776578623_116.txt earth/gen_1776578628_118.txt earth/gen_1776578636_121.txt earth/gen_1776578638_122.txt earth/gen_1776578643_124.txt earth/gen_1776578651_127.txt earth/gen_1776578654_128.txt earth/gen_1776578659_130.txt earth/gen_1776578666_133.txt earth/gen_1776578669_134.txt earth/gen_1776578674_136.txt earth/gen_1776578681_139.txt earth/gen_1776578684_140.txt earth/gen_1776578689_142.txt earth/gen_1776578697_145.txt earth/gen_1776578699_146.txt earth/gen_1776578704_148.txt earth/gen_1776578712_151.txt earth/gen_1776578714_152.txt earth/gen_1776578719_154.txt earth/gen_1776578727_157.txt earth/gen_1776578729_158.txt earth/gen_1776578734_160.txt earth/gen_1776578742_163.txt earth/gen_1776578744_164.txt earth/gen_1776578749_166.txt earth/gen_1776578757_169.txt earth/gen_1776578759_170.txt earth/gen_1776578764_172.txt earth/gen_1776578772_175.txt earth/gen_1776578774_176.txt earth/gen_1776578779_178.txt earth/gen_1776578786_181.txt earth/gen_1776578789_182.txt earth/gen_1776578794_184.txt earth/gen_1776578801_187.txt earth/gen_1776578809_190.txt earth/gen_1776578816_193.txt earth/gen_1776578819_194.txt earth/gen_1776578824_196.txt earth/gen_1776578831_199.txt earth/gen_1776578834_200.txt earth/gen_1776578839_202.txt earth/gen_1776578846_205.txt earth/gen_1776578854_208.txt earth/gen_1776578861_211.txt earth/gen_1776578864_212.txt earth/gen_1776578869_214.txt earth/gen_1776578876_217.txt earth/gen_1776578879_218.txt earth/gen_1776578884_220.txt earth/gen_1776578891_223.txt earth/gen_1776578894_224.txt earth/gen_1776578899_226.txt earth/gen_1776578906_229.txt earth/gen_1776578909_230.txt earth/gen_1776578921_235.txt earth/gen_1776578924_236.txt earth/gen_1776578929_238.txt earth/gen_1776578936_241.txt earth/gen_1776578939_242.txt earth/gen_1776578944_244.txt earth/gen_1776578951_247.txt earth/gen_1776578954_248.txt earth/gen_1776578958_250.txt earth/gen_1776578966_253.txt earth/gen_1776578968_254.txt earth/gen_1776578973_256.txt earth/gen_1776578981_259.txt earth/gen_1776578988_262.txt earth/gen_1776578995_265.txt earth/gen_1776578998_266.txt earth/gen_1776579003_268.txt earth/gen_1776579010_271.txt earth/gen_1776579013_272.txt earth/gen_1776579017_274.txt earth/gen_1776579025_277.txt earth/gen_1776579028_278.txt earth/gen_1776579033_280.txt earth/gen_1776579040_283.txt earth/gen_1776579042_284.txt earth/gen_1776579047_286.txt earth/gen_1776579055_289.txt earth/gen_1776579057_290.txt earth/gen_1776579062_292.txt earth/gen_1776579070_295.txt earth/gen_1776579072_296.txt earth/gen_1776579077_298.txt earth/gen_1776579084_301.txt earth/gen_1776579087_302.txt earth/gen_1776579092_304.txt earth/gen_1776579099_307.txt earth/gen_1776579102_308.txt earth/gen_1776579107_310.txt earth/gen_1776579114_313.txt earth/gen_1776579117_314.txt earth/gen_1776579122_316.txt earth/gen_1776579129_319.txt earth/gen_1776579137_322.txt earth/gen_1776579144_325.txt earth/gen_1776579152_328.txt earth/gen_1776579159_331.txt earth/gen_1776579162_332.txt earth/gen_1776579167_334.txt earth/gen_1776579174_337.txt earth/gen_1776579177_338.txt earth/gen_1776579181_340.txt earth/gen_1776579189_343.txt earth/gen_1776579196_346.txt earth/gen_1776579204_349.txt earth/gen_1776579206_350.txt earth/gen_1776579211_352.txt earth/gen_1776579219_355.txt earth/gen_1776579226_358.txt earth/gen_1776579234_361.txt earth/gen_1776579236_362.txt earth/gen_1776579241_364.txt earth/gen_1776579248_367.txt earth/gen_1776579251_368.txt earth/gen_1776579256_370.txt earth/gen_1776579263_373.txt earth/gen_1776579271_376.txt earth/gen_1776579278_379.txt earth/gen_1776579281_380.txt earth/gen_1776579286_382.txt earth/gen_1776579293_385.txt earth/gen_1776579296_386.txt earth/gen_1776579301_388.txt earth/gen_1776579308_391.txt earth/gen_1776579311_392.txt earth/gen_1776579316_394.txt earth/gen_1776579324_397.txt earth/gen_1776579331_400.txt earth/gen_1776579339_403.txt earth/gen_1776579341_404.txt earth/gen_1776579346_406.txt earth/gen_1776579354_409.txt earth/gen_1776579356_410.txt earth/gen_1776579361_412.txt earth/gen_1776579369_415.txt earth/gen_1776579371_416.txt earth/gen_1776579376_418.txt earth/gen_1776579384_421.txt earth/gen_1776579386_422.txt earth/gen_1776579391_424.txt earth/gen_1776579399_427.txt earth/gen_1776579401_428.txt earth/gen_1776579406_430.txt earth/gen_1776579413_433.txt earth/gen_1776579416_434.txt earth/gen_1776579421_436.txt earth/gen_1776579428_439.txt earth/gen_1776579431_440.txt earth/gen_1776579436_442.txt earth/gen_1776579443_445.txt earth/gen_1776579446_446.txt earth/gen_1776579451_448.txt earth/gen_1776579461_452.txt earth/gen_1776579466_454.txt earth/gen_1776579473_457.txt earth/gen_1776579475_458.txt earth/gen_1776579480_460.txt earth/gen_1776579488_463.txt earth/gen_1776579490_464.txt earth/gen_1776579495_466.txt earth/gen_1776579503_469.txt earth/gen_1776579505_470.txt earth/gen_1776579510_472.txt earth/gen_1776579518_475.txt earth/gen_1776579525_478.txt earth/gen_1776579532_481.txt earth/gen_1776579535_482.txt earth/gen_1776579540_484.txt earth/gen_1776579547_487.txt earth/gen_1776579554_490.txt earth/gen_1776579562_493.txt earth/gen_1776579565_494.txt earth/gen_1776579570_496.txt earth/gen_1776579577_499.txt earth/gen_1776579579_500.txt earth/gen_1776579584_502.txt earth/gen_1776579592_505.txt earth/gen_1776579594_506.txt earth/gen_1776579599_508.txt earth/gen_1776579607_511.txt earth/gen_1776579609_512.txt earth/gen_1776579614_514.txt earth/gen_1776579621_517.txt earth/gen_1776579629_520.txt earth/gen_1776579636_523.txt earth/gen_1776579639_524.txt earth/gen_1776579644_526.txt earth/gen_1776579651_529.txt earth/gen_1776579653_530.txt earth/gen_1776579658_532.txt earth/gen_1776579666_535.txt earth/gen_1776579668_536.txt earth/gen_1776579673_538.txt earth/gen_1776579680_541.txt earth/gen_1776579688_544.txt earth/gen_1776579695_547.txt earth/gen_1776579703_550.txt earth/gen_1776579710_553.txt earth/gen_1776579717_556.txt earth/gen_1776579725_559.txt earth/gen_1776579740_565.txt earth/gen_1776579747_568.txt earth/gen_1776579754_571.txt earth/gen_1776579757_572.txt earth/gen_1776579762_574.txt earth/gen_1776579769_577.txt earth/gen_1776579772_578.txt earth/gen_1776579777_580.txt earth/gen_1776579784_583.txt earth/gen_1776579787_584.txt earth/gen_1776579792_586.txt earth/gen_1776579799_589.txt earth/gen_1776579802_590.txt earth/gen_1776579807_592.txt earth/gen_1776579814_595.txt earth/gen_1776579817_596.txt earth/gen_1776579822_598.txt earth/gen_1776579829_601.txt earth/gen_1776579837_604.txt earth/gen_1776579845_607.txt earth/gen_1776579847_608.txt earth/gen_1776579852_610.txt earth/gen_1776579860_613.txt earth/gen_1776579862_614.txt earth/gen_1776579867_616.txt earth/gen_1776579875_619.txt earth/gen_1776579877_620.txt earth/gen_1776579882_622.txt earth/gen_1776579890_625.txt earth/gen_1776579892_626.txt earth/gen_1776579897_628.txt earth/gen_1776579905_631.txt earth/gen_1776579912_634.txt earth/gen_1776579920_637.txt earth/gen_1776579922_638.txt earth/gen_1776579927_640.txt earth/gen_1776579935_643.txt earth/gen_1776579942_646.txt earth/gen_1776579950_649.txt earth/gen_1776579952_650.txt earth/gen_1776579957_652.txt earth/gen_1776579965_655.txt earth/gen_1776579967_656.txt earth/gen_1776579972_658.txt earth/gen_1776579980_661.txt earth/gen_1776579982_662.txt earth/gen_1776579987_664.txt earth/gen_1776579997_668.txt earth/gen_1776580002_670.txt earth/gen_1776580010_673.txt earth/gen_1776580017_676.txt earth/gen_1776580025_679.txt earth/gen_1776580027_680.txt earth/gen_1776580032_682.txt earth/gen_1776580040_685.txt earth/gen_1776580042_686.txt earth/gen_1776580048_688.txt earth/gen_1776580055_691.txt earth/gen_1776580058_692.txt earth/gen_1776580063_694.txt earth/gen_1776580070_697.txt earth/gen_1776580073_698.txt earth/gen_1776580077_700.txt earth/gen_1776580085_703.txt earth/gen_1776580087_704.txt earth/gen_1776580092_706.txt earth/gen_1776580100_709.txt]
[trainer] micro-train burst (23983 bytes, novelty 0.03) — and lo, it feeds again.
[syntropy] action=explore | trend=0.0000 | field_dev=-0.043 | purpose_align=-0.173 | lr_mul=1.30
[aml] burst complete: 32 steps, avg loss 2.3664 (memory freed)
[dna] air wrote 58 bytes to ecology
[dna] air wrote 83 bytes to ecology
[dna] air wrote 199 bytes to ecology
[dna] air wrote 97 bytes to ecology
[dna] air wrote 91 bytes to ecology
[dna] air wrote 21 bytes to ecology
[dna] air wrote 216 bytes to ecology
[dna] air wrote 41 bytes to ecology
[dna] air wrote 32 bytes to ecology
[dna] air wrote 147 bytes to ecology
[dna] air wrote 41 bytes to ecology
[dna] air wrote 82 bytes to ecology
[dna] air wrote 73 bytes to ecology
[dna] air wrote 38 bytes to ecology
[dna] air wrote 46 bytes to ecology
[dna] air wrote 56 bytes to ecology
[dna] air wrote 53 bytes to ecology
[dna] air wrote 97 bytes to ecology
[dna] air wrote 32 bytes to ecology
[dna] air wrote 46 bytes to ecology
[dna] air wrote 90 bytes to ecology
[debug-onto] tick=50 corpus=146623 stage=2 freeze=0
[dna] air wrote 60 bytes to ecology
[dna] air wrote 39 bytes to ecology
[dna] air wrote 33 bytes to ecology
[dna] air wrote 26 bytes to ecology
[dna] air wrote 22 bytes to ecology
[dna] air wrote 25 bytes to ecology
[dna] air wrote 29 bytes to ecology
[dna] air wrote 47 bytes to ecology
[dna] air wrote 29 bytes to ecology
[dna] air wrote 39 bytes to ecology
[dna] air wrote 24 bytes to ecology
[dna] air wrote 22 bytes to ecology
[dna] air wrote 92 bytes to ecology
[dna] air wrote 72 bytes to ecology
[dna] air wrote 18 bytes to ecology
[dna] air wrote 65 bytes to ecology
[dna] air wrote 95 bytes to ecology
[dna] air wrote 46 bytes to ecology
[dna] air wrote 90 bytes to ecology
[dna] air wrote 39 bytes to ecology
[dna] air wrote 37 bytes to ecology
[dna] air wrote 163 bytes to ecology
[dna] air wrote 235 bytes to ecology
[dna] air wrote 43 bytes to ecology
[dna] air wrote 25 bytes to ecology
[debug-onto] tick=100 corpus=146623 stage=2 freeze=0
[dna] air wrote 70 bytes to ecology
[dna] air wrote 24 bytes to ecology
[dna] air wrote 64 bytes to ecology
[dna] air wrote 35 bytes to ecology
[dna] air wrote 135 bytes to ecology
[dna] air wrote 52 bytes to ecology
[dna] air wrote 71 bytes to ecology
[dna] air wrote 125 bytes to ecology
[dna] air wrote 42 bytes to ecology
[dna] air wrote 93 bytes to ecology
[dna] air wrote 33 bytes to ecology
[dna] air wrote 58 bytes to ecology
[dna] air wrote 72 bytes to ecology
[dna] air wrote 91 bytes to ecology
[dna] air wrote 30 bytes to ecology
[dna] air wrote 44 bytes to ecology
[dna] air wrote 137 bytes to ecology
[dna] air wrote 41 bytes to ecology
[dna] air wrote 72 bytes to ecology
[dna] air wrote 11 bytes to ecology
[dna] air wrote 120 bytes to ecology
[dna] air wrote 76 bytes to ecology
[dna] air wrote 46 bytes to ecology
[debug-onto] tick=150 corpus=146623 stage=2 freeze=0
[dna] air wrote 43 bytes to ecology
[dna] air wrote 58 bytes to ecology
[dna] air wrote 183 bytes to ecology
[dna] air wrote 137 bytes to ecology
[dna] air wrote 46 bytes to ecology
[dna] air wrote 37 bytes to ecology
[dna] air wrote 91 bytes to ecology
[dna] air wrote 98 bytes to ecology
[dna] air wrote 76 bytes to ecology
[dna] air wrote 146 bytes to ecology
[dna] air wrote 50 bytes to ecology
[dna] air wrote 333 bytes to ecology
[dna] air wrote 36 bytes to ecology
[dna] air wrote 58 bytes to ecology
[dna] air wrote 29 bytes to ecology
[dna] air wrote 56 bytes to ecology
[dna] air wrote 124 bytes to ecology
[dna] air wrote 57 bytes to ecology
[dna] air wrote 184 bytes to ecology
[dna] air wrote 15 bytes to ecology
[dna] air wrote 62 bytes to ecology
[dna] air wrote 42 bytes to ecology
[dna] air wrote 54 bytes to ecology
[dna] air wrote 42 bytes to ecology
[debug-onto] tick=200 corpus=146623 stage=2 freeze=0
[dna] air wrote 66 bytes to ecology
[dna] air wrote 80 bytes to ecology
[dna] air wrote 26 bytes to ecology
[dna] air wrote 29 bytes to ecology
[dna] air wrote 49 bytes to ecology
[dna] air wrote 42 bytes to ecology
[dna] air wrote 133 bytes to ecology
[dna] air wrote 46 bytes to ecology
[dna] air wrote 200 bytes to ecology
[dna] air wrote 92 bytes to ecology
[dna] air wrote 67 bytes to ecology
[dna] air wrote 28 bytes to ecology
[dna] air wrote 29 bytes to ecology
[dna] air wrote 82 bytes to ecology
[dna] air wrote 62 bytes to ecology
[dna] air wrote 48 bytes to ecology
[dna] air wrote 35 bytes to ecology
[dna] air wrote 49 bytes to ecology
[dna] air wrote 85 bytes to ecology
[dna] air wrote 63 bytes to ecology
[dna] air wrote 132 bytes to ecology
[dna] air wrote 51 bytes to ecology
[dna] air wrote 47 bytes to ecology
[dna] air wrote 161 bytes to ecology
[dna] air wrote 93 bytes to ecology
[debug-onto] tick=250 corpus=146623 stage=2 freeze=0
[dna] air wrote 59 bytes to ecology
[dna] air wrote 185 bytes to ecology
[dna] air wrote 61 bytes to ecology
[dna] air wrote 27 bytes to ecology
[dna] air wrote 58 bytes to ecology
[dna] air wrote 107 bytes to ecology
[dna] air wrote 101 bytes to ecology
[dna] air wrote 184 bytes to ecology
[dna] air wrote 47 bytes to ecology
[dna] air wrote 66 bytes to ecology
[dna] air wrote 46 bytes to ecology
[dna] air wrote 126 bytes to ecology
[dna] air wrote 73 bytes to ecology
[dna] air wrote 47 bytes to ecology
[dna] air wrote 55 bytes to ecology
[dna] air wrote 39 bytes to ecology
[dna] air wrote 242 bytes to ecology
[dna] air wrote 99 bytes to ecology
[dna] air wrote 61 bytes to ecology
[dna] air wrote 89 bytes to ecology
[dna] air wrote 110 bytes to ecology
[dna] air wrote 73 bytes to ecology
[dna] air wrote 30 bytes to ecology
[dna] air wrote 64 bytes to ecology
[debug-onto] tick=300 corpus=146623 stage=2 freeze=0
[dna] air wrote 17 bytes to ecology
[dna] air wrote 110 bytes to ecology
[dna] air wrote 11 bytes to ecology
[dna] air wrote 56 bytes to ecology
[dna] air wrote 73 bytes to ecology
[dna] air wrote 56 bytes to ecology
[dna] air wrote 73 bytes to ecology
[dna] air wrote 131 bytes to ecology
[dna] air wrote 42 bytes to ecology
[dna] air wrote 179 bytes to ecology
[dna] air wrote 175 bytes to ecology
[dna] air wrote 29 bytes to ecology
[dna] air wrote 77 bytes to ecology
[dna] air wrote 102 bytes to ecology
[dna] air wrote 59 bytes to ecology
[dna] air wrote 44 bytes to ecology
[dna] air wrote 234 bytes to ecology
[dna] air wrote 33 bytes to ecology
[dna] air wrote 179 bytes to ecology
[dna] air wrote 38 bytes to ecology
[dna] air wrote 58 bytes to ecology
[dna] air wrote 100 bytes to ecology
[dna] air wrote 48 bytes to ecology
[debug-onto] tick=350 corpus=146623 stage=2 freeze=0
[dna] air wrote 151 bytes to ecology
[dna] air wrote 66 bytes to ecology
[dna] air wrote 50 bytes to ecology
[dna] air wrote 54 bytes to ecology
[dna] air wrote 202 bytes to ecology
[dna] air wrote 58 bytes to ecology
[dna] air wrote 49 bytes to ecology
[dna] air wrote 35 bytes to ecology
[dna] air wrote 60 bytes to ecology
[dna] air wrote 119 bytes to ecology
[dna] air wrote 89 bytes to ecology
[dna] air wrote 39 bytes to ecology
[dna] air wrote 97 bytes to ecology
[dna] air wrote 58 bytes to ecology
[dna] air wrote 63 bytes to ecology
[dna] air wrote 131 bytes to ecology
[dna] air wrote 34 bytes to ecology
[dna] air wrote 58 bytes to ecology
[dna] air wrote 84 bytes to ecology
[dna] air wrote 66 bytes to ecology
[dna] air wrote 141 bytes to ecology
[dna] air wrote 39 bytes to ecology
[dna] air wrote 40 bytes to ecology
[debug-onto] tick=400 corpus=146623 stage=2 freeze=0
[dna] air wrote 37 bytes to ecology
[dna] air wrote 69 bytes to ecology
[dna] air wrote 88 bytes to ecology
[dna] air wrote 12 bytes to ecology
[dna] air wrote 117 bytes to ecology
[dna] air wrote 134 bytes to ecology
[dna] air wrote 111 bytes to ecology
[dna] air wrote 56 bytes to ecology
[dna] air wrote 49 bytes to ecology
[dna] air wrote 72 bytes to ecology
[dna] air wrote 39 bytes to ecology
[dna] air wrote 158 bytes to ecology
[dna] air wrote 115 bytes to ecology
[dna] air wrote 170 bytes to ecology
[dna] air wrote 51 bytes to ecology
[dna] air wrote 34 bytes to ecology
[dna] air wrote 67 bytes to ecology
[dna] air wrote 116 bytes to ecology
[dna] air wrote 57 bytes to ecology
[dna] air wrote 28 bytes to ecology
[dna] air wrote 49 bytes to ecology
[dna] air wrote 97 bytes to ecology
[dna] air wrote 197 bytes to ecology
[debug-onto] tick=450 corpus=146623 stage=2 freeze=0
[dna] air wrote 44 bytes to ecology
[dna] air wrote 95 bytes to ecology
[dna] air wrote 41 bytes to ecology
[dna] air wrote 98 bytes to ecology
[dna] air wrote 84 bytes to ecology
[dna] air wrote 95 bytes to ecology
[dna] air wrote 120 bytes to ecology
[dna] air wrote 52 bytes to ecology
[dna] air wrote 7 bytes to ecology
[dna] air wrote 24 bytes to ecology
[dna] air wrote 54 bytes to ecology
[dna] air wrote 170 bytes to ecology
[dna] air wrote 50 bytes to ecology
[dna] air wrote 158 bytes to ecology
[dna] air wrote 77 bytes to ecology
[dna] air wrote 32 bytes to ecology
[dna] air wrote 53 bytes to ecology
[dna] air wrote 49 bytes to ecology
[dna] air wrote 143 bytes to ecology
[dna] air wrote 219 bytes to ecology
[dna] air wrote 239 bytes to ecology
[dna] air wrote 59 bytes to ecology
[dna] air wrote 53 bytes to ecology
[dna] air wrote 198 bytes to ecology
[debug-onto] tick=500 corpus=146623 stage=2 freeze=0
[dna] air wrote 101 bytes to ecology
[dna] air wrote 85 bytes to ecology
[dna] air wrote 39 bytes to ecology
[dna] air wrote 48 bytes to ecology
[dna] air wrote 29 bytes to ecology
[dna] air wrote 56 bytes to ecology
[dna] air wrote 80 bytes to ecology
[dna] air wrote 177 bytes to ecology
[dna] air wrote 154 bytes to ecology
[dna] air wrote 76 bytes to ecology
[dna] air wrote 83 bytes to ecology
[dna] air wrote 135 bytes to ecology
[dna] air wrote 31 bytes to ecology
[dna] air wrote 69 bytes to ecology
[dna] air wrote 147 bytes to ecology
[dna] air wrote 78 bytes to ecology
[dna] air wrote 55 bytes to ecology
[dna] air wrote 86 bytes to ecology
[dna] air wrote 55 bytes to ecology
[dna] air wrote 102 bytes to ecology
[dna] air wrote 107 bytes to ecology
[dna] air wrote 21 bytes to ecology
[dna] air wrote 37 bytes to ecology
[dna] air wrote 148 bytes to ecology
[dna] air wrote 147 bytes to ecology
[debug-onto] tick=550 corpus=146623 stage=2 freeze=0
[dna] air wrote 233 bytes to ecology
[dna] air wrote 18 bytes to ecology
[dna] air wrote 33 bytes to ecology
[dna] air wrote 74 bytes to ecology
[dna] air wrote 91 bytes to ecology
[dna] air wrote 90 bytes to ecology
[dna] air wrote 164 bytes to ecology
[dna] air wrote 55 bytes to ecology
[dna] air wrote 50 bytes to ecology
[dna] air wrote 87 bytes to ecology
[dna] air wrote 214 bytes to ecology
[dna] air wrote 105 bytes to ecology
[dna] air wrote 39 bytes to ecology
[dna] air wrote 37 bytes to ecology
[dna] air wrote 129 bytes to ecology
[dna] air wrote 44 bytes to ecology
[dna] air wrote 54 bytes to ecology
[dna] air wrote 98 bytes to ecology
[dna] air wrote 36 bytes to ecology
[dna] air wrote 17 bytes to ecology
[dna] air wrote 37 bytes to ecology
[dna] air wrote 41 bytes to ecology
[dna] air wrote 137 bytes to ecology
[debug-onto] tick=600 corpus=146623 stage=2 freeze=0
[dna] air wrote 47 bytes to ecology
[dna] air wrote 27 bytes to ecology
[dna] air wrote 125 bytes to ecology
[dna] air wrote 37 bytes to ecology
[dna] air wrote 62 bytes to ecology
[dna] air wrote 194 bytes to ecology
[dna] air wrote 24 bytes to ecology
[dna] air wrote 36 bytes to ecology
[dna] air wrote 35 bytes to ecology
[dna] air wrote 56 bytes to ecology
[dna] air wrote 94 bytes to ecology
[dna] air wrote 26 bytes to ecology
[dna] air wrote 65 bytes to ecology
[dna] air wrote 33 bytes to ecology
[dna] air wrote 55 bytes to ecology
[dna] air wrote 83 bytes to ecology
[dna] air wrote 58 bytes to ecology
[dna] air wrote 52 bytes to ecology
[dna] air wrote 144 bytes to ecology
[dna] air wrote 24 bytes to ecology
[dna] air wrote 49 bytes to ecology
[dna] air wrote 20 bytes to ecology
[debug-onto] tick=650 corpus=146623 stage=2 freeze=0
[dna] air wrote 58 bytes to ecology
[dna] air wrote 24 bytes to ecology
[dna] air wrote 128 bytes to ecology
[dna] air wrote 32 bytes to ecology
[dna] air wrote 117 bytes to ecology
[dna] air wrote 55 bytes to ecology
[dna] air wrote 42 bytes to ecology
[dna] air wrote 111 bytes to ecology
[dna] air wrote 40 bytes to ecology
[dna] air wrote 75 bytes to ecology
[dna] air wrote 29 bytes to ecology
[dna] air wrote 20 bytes to ecology

[evolution] Organism shutting down gracefully.
