[ecology] Element: earth → corpus: nonames_earth.txt
[evolution] Autonomous evolution mode — organism will grow through all stages without pause.
[init] Stage 0 (embryo): embd=16, layer=1, head=1 — warmup 400 steps (400 backprop + 0 notorch, sqrt-scaled 1x)
  [aml] step 0/160 | loss 6.7029 (avg 6.7029) | lr 0.001000 | seq 8
  [aml] step 10/160 | loss 6.1429 (avg 6.4393) | lr 0.001450 | seq 8
  [aml] step 20/160 | loss 6.2182 (avg 6.3032) | lr 0.001900 | seq 8
  [aml] step 30/160 | loss 5.7639 (avg 6.2056) | lr 0.002350 | seq 8
  [aml] step 40/160 | loss 5.4173 (avg 6.0984) | lr 0.002800 | seq 8
  [aml] step 50/160 | loss 4.6818 (avg 5.9470) | lr 0.003250 | seq 8
  [aml] step 60/160 | loss 4.9083 (avg 5.7886) | lr 0.003700 | seq 8
  [aml] step 70/160 | loss 5.3659 (avg 5.6693) | lr 0.004150 | seq 8
  [aml] step 80/160 | loss 3.0075 (avg 5.5453) | lr 0.004600 | seq 8
  [aml] step 90/160 | loss 4.2127 (avg 5.3976) | lr 0.005050 | seq 8
  [aml] step 100/160 | loss 4.9430 (avg 5.3075) | lr 0.005500 | seq 8
  [aml] step 110/160 | loss 5.3095 (avg 5.1773) | lr 0.005950 | seq 8
  [aml] step 120/160 | loss 3.9284 (avg 5.1028) | lr 0.006400 | seq 8
  [aml] step 130/160 | loss 4.3702 (avg 5.0531) | lr 0.006850 | seq 8
  [aml] step 140/160 | loss 3.0033 (avg 5.0170) | lr 0.007300 | seq 8
  [aml] step 150/160 | loss 2.8279 (avg 4.9720) | lr 0.007750 | seq 8
[aml] training complete: 160 steps, avg loss 4.9267 (memory freed)
  [aml] step 0/120 | loss 4.6412 (avg 4.6412) | lr 0.008200 | seq 16
  [aml] step 10/120 | loss 4.3178 (avg 4.5310) | lr 0.008650 | seq 16
  [aml] step 20/120 | loss 3.4025 (avg 4.4738) | lr 0.009100 | seq 16
  [aml] step 30/120 | loss 3.3797 (avg 4.2351) | lr 0.009550 | seq 16
  [aml] step 40/120 | loss 3.1468 (avg 4.2375) | lr 0.010000 | seq 16
  [aml] step 50/120 | loss 3.0406 (avg 4.1853) | lr 0.010000 | seq 16
  [aml] step 60/120 | loss 4.3463 (avg 4.1763) | lr 0.010000 | seq 16
  [aml] step 70/120 | loss 4.4964 (avg 4.1043) | lr 0.010000 | seq 16
  [aml] step 80/120 | loss 4.9253 (avg 4.0628) | lr 0.009999 | seq 16
  [aml] step 90/120 | loss 4.3462 (avg 3.9665) | lr 0.009999 | seq 16
  [aml] step 100/120 | loss 3.7877 (avg 3.9116) | lr 0.009999 | seq 16
  [aml] step 110/120 | loss 5.2382 (avg 3.8380) | lr 0.009999 | seq 16
[aml] training complete: 120 steps, avg loss 3.8644 (memory freed)
  [aml] step 0/120 | loss 3.0341 (avg 3.0341) | lr 0.009999 | seq 32
  [aml] step 10/120 | loss 4.9729 (avg 4.0621) | lr 0.009999 | seq 32
  [aml] step 20/120 | loss 4.4863 (avg 3.8859) | lr 0.009999 | seq 32
  [aml] step 30/120 | loss 3.7902 (avg 3.5772) | lr 0.009999 | seq 32
  [aml] step 40/120 | loss 3.9294 (avg 3.4981) | lr 0.009999 | seq 32
  [aml] step 50/120 | loss 3.8759 (avg 3.4478) | lr 0.009999 | seq 32
  [aml] step 60/120 | loss 2.7776 (avg 3.3810) | lr 0.009999 | seq 32
  [aml] step 70/120 | loss 1.4900 (avg 3.3525) | lr 0.009999 | seq 32
  [aml] step 80/120 | loss 4.5319 (avg 3.3471) | lr 0.009999 | seq 32
  [aml] step 90/120 | loss 1.5624 (avg 3.2986) | lr 0.009999 | seq 32
  [aml] step 100/120 | loss 0.8428 (avg 3.3024) | lr 0.009999 | seq 32
  [aml] step 110/120 | loss 0.9285 (avg 3.1791) | lr 0.009999 | seq 32
[aml] training complete: 120 steps, avg loss 3.0924 (memory freed)

[stage 0 — embryo] What it sounds like now:
  Q: Hello.
  A: HH::::::::
  Q: Who are you?
  A: ...
  Q: What do you know?
  A: — rock is a stress built value of dri

[growth] ONTOGENESIS: stage 0 -> 1
  embd: 16 -> 32, layer: 1 -> 1, head: 1 -> 2
[growth] Done. Freeze for 500 steps.
[init] Stage 1 (infant): embd=32, layer=1, head=2 — warmup 800 steps (800 backprop + 0 notorch, sqrt-scaled 2x)
  [aml] step 0/320 | loss 4.8553 (avg 4.8553) | lr 0.000500 | seq 8
  [aml] step 10/320 | loss 2.6388 (avg 4.5570) | lr 0.000725 | seq 8
  [aml] step 20/320 | loss 4.8047 (avg 4.3207) | lr 0.000950 | seq 8
  [aml] step 30/320 | loss 4.7410 (avg 4.3036) | lr 0.001175 | seq 8
  [aml] step 40/320 | loss 0.5926 (avg 4.0320) | lr 0.001400 | seq 8
  [aml] step 50/320 | loss 2.1806 (avg 3.7857) | lr 0.001625 | seq 8
  [aml] step 60/320 | loss 3.4744 (avg 3.8655) | lr 0.001850 | seq 8
  [aml] step 70/320 | loss 3.0394 (avg 3.8331) | lr 0.002075 | seq 8
  [aml] step 80/320 | loss 2.9113 (avg 3.8662) | lr 0.002300 | seq 8
  [aml] step 90/320 | loss 4.3579 (avg 3.9471) | lr 0.002525 | seq 8
  [aml] step 100/320 | loss 3.2426 (avg 3.9535) | lr 0.002750 | seq 8
  [aml] step 110/320 | loss 4.5999 (avg 3.9854) | lr 0.002975 | seq 8
  [aml] step 120/320 | loss 0.6950 (avg 3.9634) | lr 0.003200 | seq 8
  [aml] step 130/320 | loss 3.9516 (avg 3.9532) | lr 0.003425 | seq 8
  [aml] step 140/320 | loss 3.3952 (avg 3.9401) | lr 0.003650 | seq 8
  [aml] step 150/320 | loss 2.4384 (avg 3.9267) | lr 0.003875 | seq 8
  [aml] step 160/320 | loss 3.0759 (avg 3.9411) | lr 0.004100 | seq 8
  [aml] step 170/320 | loss 5.3145 (avg 3.9511) | lr 0.004325 | seq 8
  [aml] step 180/320 | loss 4.0677 (avg 3.9311) | lr 0.004550 | seq 8
  [aml] step 190/320 | loss 4.2341 (avg 3.9285) | lr 0.004775 | seq 8
  [aml] step 200/320 | loss 2.6761 (avg 3.9078) | lr 0.004998 | seq 8
  [aml] step 210/320 | loss 3.9862 (avg 3.8732) | lr 0.004998 | seq 8
  [aml] step 220/320 | loss 2.3781 (avg 3.8383) | lr 0.004998 | seq 8
  [aml] step 230/320 | loss 5.7421 (avg 3.8719) | lr 0.004998 | seq 8
  [aml] step 240/320 | loss 5.1789 (avg 3.8671) | lr 0.004998 | seq 8
  [aml] step 250/320 | loss 3.5483 (avg 3.8379) | lr 0.004998 | seq 8
  [aml] step 260/320 | loss 5.3424 (avg 3.8519) | lr 0.004998 | seq 8
  [aml] step 270/320 | loss 4.9620 (avg 3.8319) | lr 0.004998 | seq 8
  [aml] step 280/320 | loss 5.9107 (avg 3.8040) | lr 0.004998 | seq 8
  [aml] step 290/320 | loss 2.5934 (avg 3.7542) | lr 0.004998 | seq 8
  [aml] step 300/320 | loss 3.9448 (avg 3.7552) | lr 0.004998 | seq 8
  [aml] step 310/320 | loss 3.0536 (avg 3.7506) | lr 0.004998 | seq 8
[aml] training complete: 320 steps, avg loss 3.7432 (memory freed)
  [aml] step 0/240 | loss 4.4338 (avg 4.4338) | lr 0.004998 | seq 16
  [aml] step 10/240 | loss 3.4013 (avg 3.8476) | lr 0.004998 | seq 16
  [aml] step 20/240 | loss 2.5214 (avg 3.8137) | lr 0.004998 | seq 16
  [aml] step 30/240 | loss 4.8329 (avg 3.7035) | lr 0.004998 | seq 16
  [aml] step 40/240 | loss 1.3832 (avg 3.5731) | lr 0.004997 | seq 16
  [aml] step 50/240 | loss 3.5139 (avg 3.6134) | lr 0.004997 | seq 16
  [aml] step 60/240 | loss 3.2105 (avg 3.5504) | lr 0.004997 | seq 16
  [aml] step 70/240 | loss 4.3131 (avg 3.5083) | lr 0.004997 | seq 16
  [aml] step 80/240 | loss 4.0702 (avg 3.4198) | lr 0.004997 | seq 16
  [aml] step 90/240 | loss 5.3129 (avg 3.3824) | lr 0.004997 | seq 16
  [aml] step 100/240 | loss 3.3994 (avg 3.3406) | lr 0.004997 | seq 16
  [aml] step 110/240 | loss 4.2438 (avg 3.3377) | lr 0.004997 | seq 16
  [aml] step 120/240 | loss 4.0753 (avg 3.3158) | lr 0.004997 | seq 16
  [aml] step 130/240 | loss 2.2225 (avg 3.2724) | lr 0.004997 | seq 16
  [aml] step 140/240 | loss 2.0847 (avg 3.2292) | lr 0.004997 | seq 16
  [aml] step 150/240 | loss 2.1908 (avg 3.2289) | lr 0.004997 | seq 16
  [aml] step 160/240 | loss 2.7984 (avg 3.1781) | lr 0.004997 | seq 16
  [aml] step 170/240 | loss 4.6884 (avg 3.2192) | lr 0.004996 | seq 16
  [aml] step 180/240 | loss 1.8758 (avg 3.2052) | lr 0.004996 | seq 16
  [aml] step 190/240 | loss 4.1162 (avg 3.2066) | lr 0.004996 | seq 16
  [aml] step 200/240 | loss 1.6535 (avg 3.2015) | lr 0.004996 | seq 16
  [aml] step 210/240 | loss 4.2891 (avg 3.2163) | lr 0.004996 | seq 16
  [aml] step 220/240 | loss 3.1239 (avg 3.2273) | lr 0.004996 | seq 16
  [aml] step 230/240 | loss 4.7838 (avg 3.2455) | lr 0.004996 | seq 16
[aml] training complete: 240 steps, avg loss 3.2525 (memory freed)
  [aml] step 0/240 | loss 1.4076 (avg 1.4076) | lr 0.004996 | seq 32
  [aml] step 10/240 | loss 2.0846 (avg 3.0321) | lr 0.004996 | seq 32
  [aml] step 20/240 | loss 4.7219 (avg 3.2160) | lr 0.004996 | seq 32
  [aml] step 30/240 | loss 4.0376 (avg 3.2538) | lr 0.004996 | seq 32
  [aml] step 40/240 | loss 4.3590 (avg 3.0495) | lr 0.004996 | seq 32
  [aml] step 50/240 | loss 1.1558 (avg 2.8616) | lr 0.004995 | seq 32
  [aml] step 60/240 | loss 1.1235 (avg 2.9806) | lr 0.004995 | seq 32
  [aml] step 70/240 | loss 1.4453 (avg 3.0413) | lr 0.004995 | seq 32
  [aml] step 80/240 | loss 1.2307 (avg 3.0728) | lr 0.004995 | seq 32
  [aml] step 90/240 | loss 4.2932 (avg 3.0661) | lr 0.004995 | seq 32
  [aml] step 100/240 | loss 4.5861 (avg 2.9975) | lr 0.004995 | seq 32
  [aml] step 110/240 | loss 1.6648 (avg 3.0198) | lr 0.004995 | seq 32
  [aml] step 120/240 | loss 3.4489 (avg 3.0039) | lr 0.004995 | seq 32
  [aml] step 130/240 | loss 4.5251 (avg 3.0548) | lr 0.004995 | seq 32
  [aml] step 140/240 | loss 3.8315 (avg 3.0188) | lr 0.004995 | seq 32
  [aml] step 150/240 | loss 0.5608 (avg 2.9756) | lr 0.004995 | seq 32
  [aml] step 160/240 | loss 4.3739 (avg 2.9581) | lr 0.004994 | seq 32
  [aml] step 170/240 | loss 0.3820 (avg 2.9375) | lr 0.004994 | seq 32
  [aml] step 180/240 | loss 4.2126 (avg 2.9240) | lr 0.004994 | seq 32
  [aml] step 190/240 | loss 1.3558 (avg 2.9179) | lr 0.004994 | seq 32
  [aml] step 200/240 | loss 3.4608 (avg 2.8912) | lr 0.004994 | seq 32
  [aml] step 210/240 | loss 4.4469 (avg 2.8910) | lr 0.004994 | seq 32
  [aml] step 220/240 | loss 0.6552 (avg 2.8699) | lr 0.004994 | seq 32
  [aml] step 230/240 | loss 0.6229 (avg 2.8493) | lr 0.004994 | seq 32
[aml] training complete: 240 steps, avg loss 2.8286 (memory freed)

[stage 1 — infant] What it sounds like now:
  Q: Hello.
  A: is a care not because it joules reproduces remains of the lesson of the importance of rock.
  Q: Who are you?
  A: ...
  Q: What do you know?
  A: ...

[growth] ONTOGENESIS: stage 1 -> 2
  embd: 32 -> 64, layer: 1 -> 2, head: 2 -> 4
[growth] Done. Freeze for 500 steps.
[init] Stage 2 (child): embd=64, layer=2, head=4 — warmup 800 steps (800 backprop + 0 notorch, sqrt-scaled 2x)
  [aml] step 0/320 | loss 4.6714 (avg 4.6714) | lr 0.000250 | seq 8
  [aml] step 10/320 | loss 4.8268 (avg 4.3156) | lr 0.000363 | seq 8
  [aml] step 20/320 | loss 3.9083 (avg 4.0617) | lr 0.000475 | seq 8
  [aml] step 30/320 | loss 5.1712 (avg 3.9984) | lr 0.000588 | seq 8
  [aml] step 40/320 | loss 0.5622 (avg 3.8381) | lr 0.000700 | seq 8
  [aml] step 50/320 | loss 4.7023 (avg 3.8867) | lr 0.000813 | seq 8
  [aml] step 60/320 | loss 2.8528 (avg 3.7498) | lr 0.000925 | seq 8
  [aml] step 70/320 | loss 2.4328 (avg 3.6374) | lr 0.001038 | seq 8
  [aml] step 80/320 | loss 3.5139 (avg 3.5963) | lr 0.001150 | seq 8
  [aml] step 90/320 | loss 5.1052 (avg 3.6621) | lr 0.001263 | seq 8
  [aml] step 100/320 | loss 3.5837 (avg 3.6405) | lr 0.001375 | seq 8
  [aml] step 110/320 | loss 4.6689 (avg 3.6168) | lr 0.001488 | seq 8
  [aml] step 120/320 | loss 3.1663 (avg 3.5638) | lr 0.001600 | seq 8
  [aml] step 130/320 | loss 0.2904 (avg 3.4938) | lr 0.001713 | seq 8
  [aml] step 140/320 | loss 4.5140 (avg 3.5015) | lr 0.001825 | seq 8
  [aml] step 150/320 | loss 1.3246 (avg 3.4896) | lr 0.001938 | seq 8
  [aml] step 160/320 | loss 4.3485 (avg 3.4624) | lr 0.002050 | seq 8
  [aml] step 170/320 | loss 4.3286 (avg 3.4569) | lr 0.002163 | seq 8
  [aml] step 180/320 | loss 5.1523 (avg 3.4096) | lr 0.002275 | seq 8
  [aml] step 190/320 | loss 3.4080 (avg 3.3713) | lr 0.002387 | seq 8
  [aml] step 200/320 | loss 3.1278 (avg 3.3695) | lr 0.002496 | seq 8
  [aml] step 210/320 | loss 4.2339 (avg 3.4187) | lr 0.002496 | seq 8
  [aml] step 220/320 | loss 3.3567 (avg 3.4191) | lr 0.002496 | seq 8
  [aml] step 230/320 | loss 4.2807 (avg 3.3891) | lr 0.002495 | seq 8
  [aml] step 240/320 | loss 3.7215 (avg 3.3905) | lr 0.002495 | seq 8
  [aml] step 250/320 | loss 2.4710 (avg 3.3850) | lr 0.002495 | seq 8
  [aml] step 260/320 | loss 1.8541 (avg 3.3957) | lr 0.002495 | seq 8
  [aml] step 270/320 | loss 1.4622 (avg 3.3794) | lr 0.002495 | seq 8
  [aml] step 280/320 | loss 3.7887 (avg 3.3940) | lr 0.002495 | seq 8
  [aml] step 290/320 | loss 4.8409 (avg 3.3818) | lr 0.002495 | seq 8
  [aml] step 300/320 | loss 3.9706 (avg 3.3612) | lr 0.002495 | seq 8
  [aml] step 310/320 | loss 1.8321 (avg 3.3394) | lr 0.002495 | seq 8
[aml] training complete: 320 steps, avg loss 3.3411 (memory freed)
  [aml] step 0/240 | loss 1.8843 (avg 1.8843) | lr 0.002495 | seq 16
  [aml] step 10/240 | loss 3.8629 (avg 2.8699) | lr 0.002495 | seq 16
  [aml] step 20/240 | loss 4.1782 (avg 3.3496) | lr 0.002495 | seq 16
  [aml] step 30/240 | loss 1.3155 (avg 3.2734) | lr 0.002495 | seq 16
  [aml] step 40/240 | loss 3.0209 (avg 3.2886) | lr 0.002495 | seq 16
  [aml] step 50/240 | loss 1.5078 (avg 3.4126) | lr 0.002495 | seq 16
  [aml] step 60/240 | loss 2.4535 (avg 3.4340) | lr 0.002494 | seq 16
  [aml] step 70/240 | loss 4.1854 (avg 3.4775) | lr 0.002494 | seq 16
  [aml] step 80/240 | loss 1.2480 (avg 3.3838) | lr 0.002494 | seq 16
  [aml] step 90/240 | loss 4.9505 (avg 3.4370) | lr 0.002494 | seq 16
  [aml] step 100/240 | loss 1.3576 (avg 3.3847) | lr 0.002494 | seq 16
  [aml] step 110/240 | loss 1.3727 (avg 3.2334) | lr 0.002494 | seq 16
  [aml] step 120/240 | loss 3.5871 (avg 3.2573) | lr 0.002494 | seq 16
  [aml] step 130/240 | loss 4.2347 (avg 3.2982) | lr 0.002494 | seq 16
  [aml] step 140/240 | loss 1.1484 (avg 3.2516) | lr 0.002494 | seq 16
  [aml] step 150/240 | loss 3.6936 (avg 3.2213) | lr 0.002494 | seq 16
  [aml] step 160/240 | loss 4.0271 (avg 3.2240) | lr 0.002494 | seq 16
  [aml] step 170/240 | loss 3.6047 (avg 3.2052) | lr 0.002494 | seq 16
  [aml] step 180/240 | loss 2.4822 (avg 3.2162) | lr 0.002494 | seq 16
  [aml] step 190/240 | loss 2.3469 (avg 3.2597) | lr 0.002494 | seq 16
  [aml] step 200/240 | loss 4.2282 (avg 3.2790) | lr 0.002493 | seq 16
  [aml] step 210/240 | loss 1.1292 (avg 3.2530) | lr 0.002493 | seq 16
  [aml] step 220/240 | loss 1.1159 (avg 3.2136) | lr 0.002493 | seq 16
  [aml] step 230/240 | loss 1.3601 (avg 3.2066) | lr 0.002493 | seq 16
[aml] training complete: 240 steps, avg loss 3.2025 (memory freed)
  [aml] step 0/240 | loss 2.0587 (avg 2.0587) | lr 0.002493 | seq 32
  [aml] step 10/240 | loss 0.7002 (avg 1.6581) | lr 0.002493 | seq 32
  [aml] step 20/240 | loss 4.0549 (avg 2.2202) | lr 0.002493 | seq 32
  [aml] step 30/240 | loss 4.2782 (avg 2.3908) | lr 0.002493 | seq 32
  [aml] step 40/240 | loss 1.0995 (avg 2.5567) | lr 0.002493 | seq 32
  [aml] step 50/240 | loss 4.2196 (avg 2.6498) | lr 0.002493 | seq 32
  [aml] step 60/240 | loss 3.9746 (avg 2.6078) | lr 0.002493 | seq 32
  [aml] step 70/240 | loss 1.1870 (avg 2.5485) | lr 0.002493 | seq 32
  [aml] step 80/240 | loss 1.9864 (avg 2.5448) | lr 0.002492 | seq 32
  [aml] step 90/240 | loss 0.6585 (avg 2.4663) | lr 0.002492 | seq 32
  [aml] step 100/240 | loss 3.8531 (avg 2.4690) | lr 0.002492 | seq 32
  [aml] step 110/240 | loss 0.7207 (avg 2.4773) | lr 0.002492 | seq 32
  [aml] step 120/240 | loss 3.7008 (avg 2.4476) | lr 0.002492 | seq 32
  [aml] step 130/240 | loss 1.0532 (avg 2.3939) | lr 0.002492 | seq 32
  [aml] step 140/240 | loss 0.9284 (avg 2.4118) | lr 0.002492 | seq 32
  [aml] step 150/240 | loss 1.7172 (avg 2.4235) | lr 0.002492 | seq 32
  [aml] step 160/240 | loss 0.9915 (avg 2.3881) | lr 0.002492 | seq 32
  [aml] step 170/240 | loss 4.0622 (avg 2.4562) | lr 0.002492 | seq 32
  [aml] step 180/240 | loss 3.7384 (avg 2.4748) | lr 0.002492 | seq 32
  [aml] step 190/240 | loss 0.8240 (avg 2.5082) | lr 0.002492 | seq 32
  [aml] step 200/240 | loss 0.5145 (avg 2.5008) | lr 0.002491 | seq 32
  [aml] step 210/240 | loss 4.1922 (avg 2.5029) | lr 0.002491 | seq 32
  [aml] step 220/240 | loss 1.0622 (avg 2.4971) | lr 0.002491 | seq 32
  [aml] step 230/240 | loss 5.0304 (avg 2.5281) | lr 0.002491 | seq 32
[aml] training complete: 240 steps, avg loss 2.5391 (memory freed)

[stage 2 — child] What it sounds like now:
  Q: Hello.
  A: Toolmakes at an anchor chemical ba grity?
  Q: Who are you?
  A: ...
  Q: What do you know?
  A: ...

[init] Warmup complete at stage 2. Organism ready.
[ecology] First organism in the swarm.
molequla is alive. [evolution] Autonomous mode — background trainer running. Ctrl+C to stop.
[dna] earth wrote 105 bytes to ecology
[dna] earth wrote 138 bytes to ecology
[dna] earth wrote 72 bytes to ecology
[dna] earth wrote 39 bytes to ecology
[dna] earth wrote 80 bytes to ecology
[dna] earth wrote 32 bytes to ecology
[dna] earth wrote 23 bytes to ecology
[dna] earth wrote 82 bytes to ecology
[dna] earth wrote 124 bytes to ecology
[dna] earth wrote 253 bytes to ecology
[dna] earth wrote 54 bytes to ecology
[dna] earth wrote 41 bytes to ecology
[dna] earth wrote 74 bytes to ecology
[dna] earth wrote 135 bytes to ecology
[dna] earth wrote 27 bytes to ecology
[dna] earth wrote 32 bytes to ecology
[dna] earth wrote 16 bytes to ecology
[dna] earth wrote 119 bytes to ecology
[dna] earth wrote 27 bytes to ecology
[dna] earth wrote 81 bytes to ecology
[dna] earth wrote 20 bytes to ecology
[dna] earth wrote 94 bytes to ecology
[dna] earth wrote 130 bytes to ecology
[dna] earth wrote 78 bytes to ecology
[dna] earth wrote 35 bytes to ecology
[debug-onto] tick=50 corpus=173643 stage=2 freeze=0
[dna] earth wrote 183 bytes to ecology
[dna] earth wrote 44 bytes to ecology
[dna] earth wrote 105 bytes to ecology
[dna] earth wrote 45 bytes to ecology
[dna] earth wrote 119 bytes to ecology
[dna] earth wrote 75 bytes to ecology
[dna] earth wrote 73 bytes to ecology
[dna] earth wrote 52 bytes to ecology
[dna] earth wrote 49 bytes to ecology
[dna] earth wrote 34 bytes to ecology
[dna] earth wrote 101 bytes to ecology
[dna] earth wrote 71 bytes to ecology
[dna] earth wrote 64 bytes to ecology
[dna] earth wrote 230 bytes to ecology
[dna] earth wrote 142 bytes to ecology
[dna] earth wrote 119 bytes to ecology
[dna] earth wrote 30 bytes to ecology
[dna] earth wrote 6 bytes to ecology
[dna] earth wrote 121 bytes to ecology
[dna] earth wrote 39 bytes to ecology
[dna] earth wrote 88 bytes to ecology
[dna] earth wrote 53 bytes to ecology
[dna] earth wrote 143 bytes to ecology
[debug-onto] tick=100 corpus=173643 stage=2 freeze=0
[dna] earth wrote 76 bytes to ecology
[dna] earth wrote 64 bytes to ecology
[dna] earth wrote 70 bytes to ecology
[dna] earth wrote 44 bytes to ecology
[dna] earth wrote 102 bytes to ecology
[dna] earth wrote 35 bytes to ecology
[dna] earth wrote 61 bytes to ecology
[dna] earth wrote 99 bytes to ecology
[dna] earth wrote 82 bytes to ecology
[dna] earth wrote 78 bytes to ecology
[dna] earth wrote 67 bytes to ecology
[dna] earth wrote 155 bytes to ecology
[dna] earth wrote 87 bytes to ecology
[dna] earth wrote 35 bytes to ecology
[dna] earth wrote 43 bytes to ecology
[dna] earth wrote 171 bytes to ecology
[dna] earth wrote 97 bytes to ecology
[dna] earth wrote 40 bytes to ecology
[dna] earth wrote 61 bytes to ecology
[dna] earth wrote 49 bytes to ecology
[dna] earth wrote 158 bytes to ecology
[dna] earth wrote 51 bytes to ecology
[debug-onto] tick=150 corpus=173643 stage=2 freeze=0
[dna] earth wrote 163 bytes to ecology
[dna] earth wrote 21 bytes to ecology
[dna] earth wrote 97 bytes to ecology
[dna] earth wrote 60 bytes to ecology
[dna] earth wrote 12 bytes to ecology
[dna] earth wrote 60 bytes to ecology
[dna] earth wrote 166 bytes to ecology
[dna] earth wrote 58 bytes to ecology
[dna] earth wrote 37 bytes to ecology
[dna] earth wrote 75 bytes to ecology
[dna] earth wrote 64 bytes to ecology
[dna] earth wrote 58 bytes to ecology
[dna] earth wrote 60 bytes to ecology
[dna] earth wrote 82 bytes to ecology
[dna] earth wrote 41 bytes to ecology
[dna] earth wrote 89 bytes to ecology
[dna] earth wrote 61 bytes to ecology
[dna] earth wrote 23 bytes to ecology
[dna] earth wrote 134 bytes to ecology
[dna] earth wrote 74 bytes to ecology
[dna] earth wrote 68 bytes to ecology
[dna] earth wrote 65 bytes to ecology
[dna] earth wrote 23 bytes to ecology
[dna] earth wrote 39 bytes to ecology
[dna] earth wrote 27 bytes to ecology
[debug-onto] tick=200 corpus=173643 stage=2 freeze=0
[dna] earth wrote 32 bytes to ecology
[dna] earth wrote 142 bytes to ecology
[dna] earth wrote 126 bytes to ecology
[dna] earth wrote 106 bytes to ecology
[dna] earth wrote 22 bytes to ecology
[dna] earth wrote 96 bytes to ecology
[dna] earth wrote 114 bytes to ecology
[dna] earth wrote 15 bytes to ecology
[dna] earth wrote 57 bytes to ecology
[dna] earth wrote 128 bytes to ecology
[dna] earth wrote 56 bytes to ecology
[dna] earth wrote 42 bytes to ecology
[dna] earth wrote 72 bytes to ecology
[dna] earth wrote 44 bytes to ecology
[dna] earth wrote 7 bytes to ecology
[dna] earth wrote 23 bytes to ecology
[dna] earth wrote 278 bytes to ecology
[dna] earth wrote 76 bytes to ecology
[dna] earth wrote 97 bytes to ecology
[dna] earth wrote 34 bytes to ecology
[dna] earth wrote 67 bytes to ecology
[dna] earth wrote 105 bytes to ecology
[dna] earth wrote 139 bytes to ecology
[dna] earth wrote 64 bytes to ecology
[debug-onto] tick=250 corpus=173643 stage=2 freeze=0
[dna] earth wrote 18 bytes to ecology
[dna] earth wrote 17 bytes to ecology
[dna] earth wrote 34 bytes to ecology
[dna] earth wrote 43 bytes to ecology
[dna] earth wrote 151 bytes to ecology
[dna] earth wrote 55 bytes to ecology
[dna] earth wrote 234 bytes to ecology
[dna] earth wrote 39 bytes to ecology
[dna] earth wrote 96 bytes to ecology
[dna] earth wrote 106 bytes to ecology
[dna] earth wrote 73 bytes to ecology
[dna] earth wrote 208 bytes to ecology
[dna] earth wrote 119 bytes to ecology
[dna] earth wrote 54 bytes to ecology
[dna] earth wrote 94 bytes to ecology
[dna] earth wrote 43 bytes to ecology
[dna] earth wrote 25 bytes to ecology
[dna] earth wrote 76 bytes to ecology
[dna] earth wrote 26 bytes to ecology
[dna] earth wrote 59 bytes to ecology
[dna] earth wrote 142 bytes to ecology
[dna] earth wrote 26 bytes to ecology
[dna] earth wrote 58 bytes to ecology
[debug-onto] tick=300 corpus=173643 stage=2 freeze=0
[dna] earth wrote 26 bytes to ecology
[dna] earth wrote 27 bytes to ecology
[dna] earth wrote 51 bytes to ecology
[dna] earth wrote 68 bytes to ecology
[dna] earth wrote 24 bytes to ecology
[dna] earth wrote 130 bytes to ecology
[dna] earth wrote 105 bytes to ecology
[dna] earth wrote 140 bytes to ecology
[dna] earth wrote 61 bytes to ecology
[dna] earth wrote 60 bytes to ecology
[dna] earth wrote 47 bytes to ecology
[dna] earth wrote 69 bytes to ecology
[dna] earth wrote 66 bytes to ecology
[dna] earth wrote 61 bytes to ecology
[dna] earth wrote 156 bytes to ecology
[dna] earth wrote 12 bytes to ecology
[dna] earth wrote 38 bytes to ecology
[dna] earth wrote 48 bytes to ecology
[dna] earth wrote 18 bytes to ecology
[dna] earth wrote 182 bytes to ecology
[dna] earth wrote 8 bytes to ecology
[dna] earth wrote 58 bytes to ecology
[dna] earth wrote 78 bytes to ecology
[dna] earth wrote 78 bytes to ecology
[debug-onto] tick=350 corpus=173643 stage=2 freeze=0
[dna] earth wrote 49 bytes to ecology
[dna] earth wrote 45 bytes to ecology
[dna] earth wrote 38 bytes to ecology
[dna] earth wrote 42 bytes to ecology
[dna] earth wrote 23 bytes to ecology
[dna] earth wrote 106 bytes to ecology
[dna] earth wrote 85 bytes to ecology
[dna] earth wrote 89 bytes to ecology
[dna] earth wrote 23 bytes to ecology
[dna] earth wrote 122 bytes to ecology
[dna] earth wrote 153 bytes to ecology
[dna] earth wrote 187 bytes to ecology
[dna] earth wrote 174 bytes to ecology
[dna] earth wrote 122 bytes to ecology
[dna] earth wrote 55 bytes to ecology
[dna] earth wrote 51 bytes to ecology
[dna] earth wrote 42 bytes to ecology
[dna] earth wrote 65 bytes to ecology
[dna] earth wrote 45 bytes to ecology
[dna] earth wrote 53 bytes to ecology
[dna] earth wrote 152 bytes to ecology
[dna] earth wrote 104 bytes to ecology
[debug-onto] tick=400 corpus=173643 stage=2 freeze=0
[dna] earth wrote 59 bytes to ecology
[dna] earth wrote 39 bytes to ecology
[dna] earth wrote 66 bytes to ecology
[dna] earth wrote 75 bytes to ecology
[dna] earth wrote 84 bytes to ecology
[dna] earth wrote 55 bytes to ecology
[dna] earth wrote 17 bytes to ecology
[dna] earth wrote 238 bytes to ecology
[dna] earth wrote 119 bytes to ecology
[dna] earth wrote 38 bytes to ecology
[dna] earth wrote 34 bytes to ecology
[dna] earth wrote 90 bytes to ecology
[dna] earth wrote 82 bytes to ecology
[dna] earth wrote 37 bytes to ecology
[dna] earth wrote 84 bytes to ecology
[dna] earth wrote 62 bytes to ecology
[dna] earth wrote 30 bytes to ecology
[dna] earth wrote 88 bytes to ecology
[dna] earth wrote 189 bytes to ecology
[dna] earth wrote 21 bytes to ecology
[dna] earth wrote 24 bytes to ecology
[dna] earth wrote 75 bytes to ecology
[dna] earth wrote 114 bytes to ecology
[dna] earth wrote 49 bytes to ecology
[debug-onto] tick=450 corpus=173643 stage=2 freeze=0
[dna] earth wrote 6 bytes to ecology
[dna] earth wrote 81 bytes to ecology
[dna] earth wrote 57 bytes to ecology
[dna] earth wrote 61 bytes to ecology
[dna] earth wrote 49 bytes to ecology
[dna] earth wrote 38 bytes to ecology
[dna] earth wrote 52 bytes to ecology
[dna] earth wrote 67 bytes to ecology
[dna] earth wrote 57 bytes to ecology
[dna] earth wrote 83 bytes to ecology
[dna] earth wrote 48 bytes to ecology
[dna] earth wrote 59 bytes to ecology
[dna] earth wrote 26 bytes to ecology
[dna] earth wrote 57 bytes to ecology
[dna] earth wrote 27 bytes to ecology
[dna] earth wrote 46 bytes to ecology
[dna] earth wrote 38 bytes to ecology
[dna] earth wrote 61 bytes to ecology
[dna] earth wrote 45 bytes to ecology
[dna] earth wrote 89 bytes to ecology
[dna] earth wrote 32 bytes to ecology
[dna] earth wrote 83 bytes to ecology
[dna] earth wrote 41 bytes to ecology
[dna] earth wrote 66 bytes to ecology
[debug-onto] tick=500 corpus=173643 stage=2 freeze=0
[dna] earth wrote 38 bytes to ecology
[dna] earth wrote 78 bytes to ecology
[dna] earth wrote 85 bytes to ecology
[dna] earth wrote 38 bytes to ecology
[dna] earth wrote 27 bytes to ecology
[dna] earth wrote 55 bytes to ecology
[dna] earth wrote 120 bytes to ecology
[dna] earth wrote 89 bytes to ecology
[dna] earth wrote 34 bytes to ecology
[dna] earth wrote 93 bytes to ecology
[dna] earth wrote 17 bytes to ecology
[dna] earth wrote 215 bytes to ecology
[dna] earth wrote 44 bytes to ecology
[dna] earth wrote 76 bytes to ecology
[dna] earth wrote 41 bytes to ecology
[dna] earth wrote 59 bytes to ecology
[dna] earth wrote 66 bytes to ecology
[dna] earth wrote 57 bytes to ecology
[dna] earth wrote 40 bytes to ecology
[dna] earth wrote 69 bytes to ecology
[dna] earth wrote 76 bytes to ecology
[dna] earth wrote 51 bytes to ecology
[debug-onto] tick=550 corpus=173643 stage=2 freeze=0
[dna] earth wrote 32 bytes to ecology
[dna] earth wrote 38 bytes to ecology
[dna] earth wrote 100 bytes to ecology
[dna] earth wrote 7 bytes to ecology
[dna] earth wrote 13 bytes to ecology
[dna] earth wrote 128 bytes to ecology
[dna] earth wrote 27 bytes to ecology
[dna] earth wrote 69 bytes to ecology
[dna] earth wrote 66 bytes to ecology
[dna] earth wrote 125 bytes to ecology
[dna] earth wrote 14 bytes to ecology
[dna] earth wrote 46 bytes to ecology
[dna] earth wrote 23 bytes to ecology
[dna] earth wrote 61 bytes to ecology
[dna] earth wrote 142 bytes to ecology
[dna] earth wrote 112 bytes to ecology
[dna] earth wrote 111 bytes to ecology
[dna] earth wrote 65 bytes to ecology
[dna] earth wrote 39 bytes to ecology
[dna] earth wrote 50 bytes to ecology
[dna] earth wrote 110 bytes to ecology
[debug-onto] tick=600 corpus=173643 stage=2 freeze=0
[dna] earth wrote 123 bytes to ecology
[dna] earth wrote 109 bytes to ecology
[dna] earth wrote 37 bytes to ecology
[dna] earth wrote 41 bytes to ecology
[dna] earth wrote 71 bytes to ecology
[dna] earth wrote 45 bytes to ecology
[dna] earth wrote 27 bytes to ecology
[dna] earth wrote 117 bytes to ecology
[dna] earth wrote 99 bytes to ecology
[dna] earth wrote 46 bytes to ecology
[dna] earth wrote 25 bytes to ecology
[dna] earth wrote 96 bytes to ecology
[dna] earth wrote 34 bytes to ecology
[dna] earth wrote 47 bytes to ecology
[dna] earth wrote 107 bytes to ecology
[dna] earth wrote 28 bytes to ecology
[dna] earth wrote 14 bytes to ecology
[dna] earth wrote 42 bytes to ecology
[dna] earth wrote 78 bytes to ecology
[dna] earth wrote 24 bytes to ecology
[dna] earth wrote 103 bytes to ecology
[dna] earth wrote 113 bytes to ecology
[dna] earth wrote 108 bytes to ecology
[debug-onto] tick=650 corpus=173643 stage=2 freeze=0
[dna] earth wrote 53 bytes to ecology
[dna] earth wrote 29 bytes to ecology
[dna] earth wrote 153 bytes to ecology
[dna] earth wrote 298 bytes to ecology
[dna] earth wrote 37 bytes to ecology
[dna] earth wrote 39 bytes to ecology
[dna] earth wrote 82 bytes to ecology
[dna] earth wrote 9 bytes to ecology
[dna] earth wrote 42 bytes to ecology
[dna] earth wrote 92 bytes to ecology
[dna] earth wrote 38 bytes to ecology
[dna] earth wrote 137 bytes to ecology
[dna] earth wrote 45 bytes to ecology
[dna] earth wrote 95 bytes to ecology
[dna] earth wrote 104 bytes to ecology
[dna] earth wrote 48 bytes to ecology
[dna] earth wrote 49 bytes to ecology
[dna] earth wrote 157 bytes to ecology
[dna] earth wrote 90 bytes to ecology
[dna] earth wrote 16 bytes to ecology
[dna] earth wrote 86 bytes to ecology
[dna] earth wrote 81 bytes to ecology
[dna] earth wrote 74 bytes to ecology
[dna] earth wrote 36 bytes to ecology
[debug-onto] tick=700 corpus=173643 stage=2 freeze=0
[dna] earth wrote 69 bytes to ecology
[dna] earth wrote 47 bytes to ecology
[dna] earth wrote 68 bytes to ecology
[dna] earth wrote 81 bytes to ecology

[evolution] Organism shutting down gracefully.
