[ecology] Element: fire → corpus: nonames_fire.txt
[evolution] Autonomous evolution mode — organism will grow through all stages without pause.
[ecology] Joined swarm. 1 peer(s) detected.
molequla is alive. [evolution] Autonomous mode — background trainer running. Ctrl+C to stop.
[dna] fire wrote 61 bytes to ecology
[dna] fire consumed 17406 bytes from 283 files: [water/gen_1776581910_1.txt water/gen_1776581929_4.txt water/gen_1776581937_7.txt water/gen_1776581945_10.txt water/gen_1776581948_11.txt water/gen_1776581954_13.txt water/gen_1776581963_16.txt water/gen_1776581971_19.txt water/gen_1776581980_22.txt water/gen_1776581983_23.txt water/gen_1776581988_25.txt water/gen_1776581997_28.txt water/gen_1776582000_29.txt water/gen_1776582005_31.txt water/gen_1776582014_34.txt water/gen_1776582017_35.txt water/gen_1776582023_37.txt water/gen_1776582031_40.txt water/gen_1776582034_41.txt water/gen_1776582040_43.txt water/gen_1776582049_46.txt water/gen_1776582057_49.txt water/gen_1776582066_52.txt water/gen_1776582074_55.txt water/gen_1776582083_58.txt water/gen_1776582092_61.txt water/gen_1776582100_64.txt water/gen_1776582103_65.txt water/gen_1776582109_67.txt water/gen_1776582118_70.txt water/gen_1776582127_73.txt water/gen_1776582135_76.txt water/gen_1776582138_77.txt water/gen_1776582144_79.txt water/gen_1776582153_82.txt water/gen_1776582156_83.txt water/gen_1776582161_85.txt water/gen_1776582170_88.txt water/gen_1776582173_89.txt water/gen_1776582179_91.txt water/gen_1776582187_94.txt water/gen_1776582196_97.txt water/gen_1776582205_100.txt water/gen_1776582213_103.txt water/gen_1776582222_106.txt water/gen_1776582231_109.txt water/gen_1776582239_112.txt water/gen_1776582242_113.txt water/gen_1776582248_115.txt water/gen_1776582256_118.txt water/gen_1776582259_119.txt water/gen_1776582265_121.txt water/gen_1776582273_124.txt water/gen_1776582276_125.txt water/gen_1776582282_127.txt water/gen_1776582290_130.txt water/gen_1776582293_131.txt water/gen_1776582299_133.txt water/gen_1776582308_136.txt water/gen_1776582316_139.txt water/gen_1776582325_142.txt water/gen_1776582328_143.txt water/gen_1776582333_145.txt water/gen_1776582342_148.txt water/gen_1776582345_149.txt water/gen_1776582350_151.txt water/gen_1776582359_154.txt water/gen_1776582362_155.txt water/gen_1776582368_157.txt water/gen_1776582385_163.txt water/gen_1776582393_166.txt water/gen_1776582402_169.txt water/gen_1776582410_172.txt water/gen_1776582413_173.txt water/gen_1776582419_175.txt water/gen_1776582427_178.txt water/gen_1776582430_179.txt water/gen_1776582436_181.txt water/gen_1776582445_184.txt water/gen_1776582447_185.txt water/gen_1776582453_187.txt water/gen_1776582462_190.txt water/gen_1776582465_191.txt water/gen_1776582470_193.txt water/gen_1776582479_196.txt water/gen_1776582482_197.txt water/gen_1776582488_199.txt water/gen_1776582496_202.txt water/gen_1776582499_203.txt water/gen_1776582505_205.txt water/gen_1776582513_208.txt water/gen_1776582516_209.txt water/gen_1776582522_211.txt water/gen_1776582530_214.txt water/gen_1776582539_217.txt water/gen_1776582547_220.txt water/gen_1776582550_221.txt water/gen_1776582556_223.txt water/gen_1776582565_226.txt water/gen_1776582567_227.txt water/gen_1776582573_229.txt water/gen_1776582582_232.txt water/gen_1776582590_235.txt water/gen_1776582599_238.txt water/gen_1776582602_239.txt water/gen_1776582607_241.txt water/gen_1776582616_244.txt water/gen_1776582619_245.txt water/gen_1776582624_247.txt water/gen_1776582633_250.txt water/gen_1776582636_251.txt water/gen_1776582642_253.txt water/gen_1776582650_256.txt water/gen_1776582653_257.txt water/gen_1776582659_259.txt water/gen_1776582667_262.txt water/gen_1776582676_265.txt water/gen_1776582684_268.txt water/gen_1776582687_269.txt water/gen_1776582693_271.txt water/gen_1776582702_274.txt water/gen_1776582704_275.txt water/gen_1776582710_277.txt water/gen_1776582719_280.txt water/gen_1776582722_281.txt water/gen_1776582727_283.txt water/gen_1776582736_286.txt water/gen_1776582739_287.txt water/gen_1776582745_289.txt water/gen_1776582753_292.txt water/gen_1776582756_293.txt water/gen_1776582762_295.txt water/gen_1776582770_298.txt water/gen_1776582773_299.txt water/gen_1776582779_301.txt water/gen_1776582787_304.txt water/gen_1776582790_305.txt water/gen_1776582796_307.txt water/gen_1776582805_310.txt water/gen_1776582813_313.txt water/gen_1776582822_316.txt water/gen_1776582825_317.txt water/gen_1776582830_319.txt water/gen_1776582839_322.txt water/gen_1776582842_323.txt water/gen_1776582848_325.txt water/gen_1776582856_328.txt water/gen_1776582859_329.txt water/gen_1776582865_331.txt water/gen_1776582873_334.txt water/gen_1776582876_335.txt water/gen_1776582882_337.txt water/gen_1776582890_340.txt water/gen_1776582893_341.txt water/gen_1776582899_343.txt water/gen_1776582908_346.txt water/gen_1776582910_347.txt water/gen_1776582916_349.txt water/gen_1776582925_352.txt water/gen_1776582928_353.txt water/gen_1776582933_355.txt water/gen_1776582942_358.txt water/gen_1776582945_359.txt water/gen_1776582950_361.txt water/gen_1776582959_364.txt water/gen_1776582962_365.txt water/gen_1776582968_367.txt water/gen_1776582976_370.txt water/gen_1776582979_371.txt water/gen_1776582985_373.txt water/gen_1776582994_376.txt water/gen_1776582996_377.txt water/gen_1776583002_379.txt water/gen_1776583011_382.txt water/gen_1776583019_385.txt water/gen_1776583028_388.txt water/gen_1776583030_389.txt water/gen_1776583036_391.txt water/gen_1776583045_394.txt water/gen_1776583048_395.txt water/gen_1776583053_397.txt water/gen_1776583062_400.txt water/gen_1776583071_403.txt water/gen_1776583079_406.txt water/gen_1776583082_407.txt water/gen_1776583088_409.txt water/gen_1776583097_412.txt water/gen_1776583099_413.txt water/gen_1776583105_415.txt water/gen_1776583114_418.txt water/gen_1776583122_421.txt water/gen_1776583131_424.txt water/gen_1776583134_425.txt water/gen_1776583140_427.txt water/gen_1776583148_430.txt water/gen_1776583151_431.txt water/gen_1776583156_433.txt water/gen_1776583165_436.txt water/gen_1776583168_437.txt water/gen_1776583173_439.txt water/gen_1776583182_442.txt water/gen_1776583185_443.txt water/gen_1776583191_445.txt water/gen_1776583199_448.txt water/gen_1776583208_451.txt water/gen_1776583216_454.txt water/gen_1776583219_455.txt water/gen_1776583225_457.txt water/gen_1776583233_460.txt water/gen_1776583236_461.txt water/gen_1776583242_463.txt water/gen_1776583251_466.txt water/gen_1776583259_469.txt water/gen_1776583268_472.txt water/gen_1776583271_473.txt water/gen_1776583277_475.txt water/gen_1776583288_479.txt water/gen_1776583294_481.txt water/gen_1776583303_484.txt water/gen_1776583306_485.txt water/gen_1776583312_487.txt water/gen_1776583320_490.txt water/gen_1776583323_491.txt water/gen_1776583329_493.txt water/gen_1776583338_496.txt water/gen_1776583341_497.txt water/gen_1776583346_499.txt water/gen_1776583355_502.txt water/gen_1776583358_503.txt water/gen_1776583364_505.txt water/gen_1776583372_508.txt water/gen_1776583381_511.txt water/gen_1776583390_514.txt water/gen_1776583393_515.txt water/gen_1776583398_517.txt water/gen_1776583407_520.txt water/gen_1776583415_523.txt water/gen_1776583424_526.txt water/gen_1776583427_527.txt water/gen_1776583433_529.txt water/gen_1776583441_532.txt water/gen_1776583444_533.txt water/gen_1776583450_535.txt water/gen_1776583458_538.txt water/gen_1776583461_539.txt water/gen_1776583467_541.txt water/gen_1776583475_544.txt water/gen_1776583478_545.txt water/gen_1776583484_547.txt water/gen_1776583493_550.txt water/gen_1776583496_551.txt water/gen_1776583501_553.txt water/gen_1776583510_556.txt water/gen_1776583513_557.txt water/gen_1776583519_559.txt water/gen_1776583527_562.txt water/gen_1776583530_563.txt water/gen_1776583536_565.txt water/gen_1776583544_568.txt water/gen_1776583547_569.txt water/gen_1776583553_571.txt water/gen_1776583561_574.txt water/gen_1776583570_577.txt water/gen_1776583579_580.txt water/gen_1776583587_583.txt water/gen_1776583596_586.txt water/gen_1776583599_587.txt water/gen_1776583605_589.txt water/gen_1776583613_592.txt water/gen_1776583616_593.txt water/gen_1776583622_595.txt water/gen_1776583630_598.txt water/gen_1776583639_601.txt water/gen_1776583648_604.txt water/gen_1776583656_607.txt water/gen_1776583665_610.txt water/gen_1776583668_611.txt water/gen_1776583674_613.txt water/gen_1776583682_616.txt water/gen_1776583685_617.txt water/gen_1776583691_619.txt water/gen_1776583700_622.txt water/gen_1776583703_623.txt]
[trainer] micro-train burst (17406 bytes, novelty 0.04) — and lo, it feeds again.
[syntropy] action=explore | trend=0.0000 | field_dev=0.030 | purpose_align=-0.168 | lr_mul=1.30
[aml] burst complete: 32 steps, avg loss 1.5397 (memory freed)
[dna] fire wrote 28 bytes to ecology
[dna] fire wrote 84 bytes to ecology
[dna] fire wrote 94 bytes to ecology
[dna] fire wrote 6 bytes to ecology
[dna] fire wrote 34 bytes to ecology
[dna] fire wrote 29 bytes to ecology
[dna] fire wrote 30 bytes to ecology
[dna] fire wrote 101 bytes to ecology
[dna] fire wrote 64 bytes to ecology
[dna] fire wrote 89 bytes to ecology
[dna] fire wrote 108 bytes to ecology
[dna] fire wrote 39 bytes to ecology
[dna] fire wrote 63 bytes to ecology
[dna] fire wrote 66 bytes to ecology
[dna] fire wrote 57 bytes to ecology
[dna] fire wrote 64 bytes to ecology
[dna] fire wrote 84 bytes to ecology
[dna] fire wrote 20 bytes to ecology
[debug-onto] tick=50 corpus=139589 stage=2 freeze=0
[dna] fire wrote 121 bytes to ecology
[dna] fire wrote 72 bytes to ecology
[dna] fire wrote 101 bytes to ecology
[dna] fire wrote 58 bytes to ecology
[dna] fire wrote 181 bytes to ecology
[dna] fire wrote 76 bytes to ecology
[dna] fire wrote 98 bytes to ecology
[dna] fire wrote 107 bytes to ecology
[dna] fire wrote 66 bytes to ecology
[dna] fire wrote 29 bytes to ecology
[dna] fire wrote 24 bytes to ecology
[dna] fire wrote 87 bytes to ecology
[dna] fire wrote 27 bytes to ecology
[dna] fire wrote 49 bytes to ecology
[dna] fire wrote 125 bytes to ecology
[dna] fire wrote 104 bytes to ecology
[dna] fire wrote 99 bytes to ecology
[debug-onto] tick=100 corpus=139589 stage=2 freeze=0
[dna] fire wrote 194 bytes to ecology
[dna] fire wrote 54 bytes to ecology
[dna] fire wrote 57 bytes to ecology
[dna] fire wrote 33 bytes to ecology
[dna] fire wrote 11 bytes to ecology
[dna] fire wrote 8 bytes to ecology
[dna] fire wrote 77 bytes to ecology
[dna] fire wrote 92 bytes to ecology
[dna] fire wrote 19 bytes to ecology
[dna] fire wrote 25 bytes to ecology
[dna] fire wrote 51 bytes to ecology
[dna] fire wrote 63 bytes to ecology
[dna] fire wrote 59 bytes to ecology
[dna] fire wrote 71 bytes to ecology
[dna] fire wrote 68 bytes to ecology
[dna] fire wrote 72 bytes to ecology
[debug-onto] tick=150 corpus=139589 stage=2 freeze=0
[dna] fire wrote 103 bytes to ecology
[dna] fire wrote 47 bytes to ecology
[dna] fire wrote 15 bytes to ecology
[dna] fire wrote 12 bytes to ecology
[dna] fire wrote 37 bytes to ecology
[dna] fire wrote 57 bytes to ecology
[dna] fire wrote 71 bytes to ecology
[dna] fire wrote 58 bytes to ecology
[dna] fire wrote 32 bytes to ecology
[dna] fire wrote 118 bytes to ecology
[dna] fire wrote 46 bytes to ecology
[dna] fire wrote 40 bytes to ecology
[dna] fire wrote 105 bytes to ecology
[dna] fire wrote 112 bytes to ecology
[dna] fire wrote 51 bytes to ecology
[dna] fire wrote 124 bytes to ecology
[dna] fire wrote 38 bytes to ecology
[dna] fire wrote 162 bytes to ecology
[dna] fire wrote 62 bytes to ecology
[debug-onto] tick=200 corpus=139589 stage=2 freeze=0
[dna] fire wrote 29 bytes to ecology
[dna] fire wrote 104 bytes to ecology
[dna] fire wrote 89 bytes to ecology
[dna] fire wrote 35 bytes to ecology
[dna] fire wrote 39 bytes to ecology
[dna] fire wrote 83 bytes to ecology
[dna] fire wrote 44 bytes to ecology
[dna] fire wrote 75 bytes to ecology
[dna] fire wrote 20 bytes to ecology
[dna] fire wrote 63 bytes to ecology
[dna] fire wrote 22 bytes to ecology
[dna] fire wrote 29 bytes to ecology
[dna] fire wrote 68 bytes to ecology
[dna] fire wrote 59 bytes to ecology
[dna] fire wrote 44 bytes to ecology
[dna] fire wrote 24 bytes to ecology
[dna] fire wrote 91 bytes to ecology
[dna] fire wrote 145 bytes to ecology
[dna] fire wrote 247 bytes to ecology
[dna] fire wrote 22 bytes to ecology
[debug-onto] tick=250 corpus=139589 stage=2 freeze=0
[dna] fire wrote 50 bytes to ecology
[dna] fire wrote 105 bytes to ecology
[dna] fire wrote 61 bytes to ecology
[dna] fire wrote 48 bytes to ecology
[dna] fire wrote 27 bytes to ecology
[dna] fire wrote 94 bytes to ecology
[dna] fire wrote 60 bytes to ecology
[dna] fire wrote 34 bytes to ecology
[dna] fire wrote 40 bytes to ecology
[dna] fire wrote 80 bytes to ecology
[dna] fire wrote 28 bytes to ecology
[dna] fire wrote 22 bytes to ecology
[dna] fire wrote 131 bytes to ecology
[dna] fire wrote 46 bytes to ecology
[dna] fire wrote 118 bytes to ecology
[dna] fire wrote 12 bytes to ecology
[dna] fire wrote 71 bytes to ecology
[debug-onto] tick=300 corpus=139589 stage=2 freeze=0
[dna] fire wrote 40 bytes to ecology
[dna] fire wrote 47 bytes to ecology
[dna] fire wrote 52 bytes to ecology
[dna] fire wrote 155 bytes to ecology
[dna] fire wrote 37 bytes to ecology
[dna] fire wrote 26 bytes to ecology
[dna] fire wrote 91 bytes to ecology
[dna] fire wrote 46 bytes to ecology
[dna] fire wrote 33 bytes to ecology
[dna] fire wrote 164 bytes to ecology
[dna] fire wrote 46 bytes to ecology
[dna] fire wrote 59 bytes to ecology
[dna] fire wrote 24 bytes to ecology
[dna] fire wrote 47 bytes to ecology
[dna] fire wrote 60 bytes to ecology
[dna] fire wrote 79 bytes to ecology
[dna] fire wrote 5 bytes to ecology
[dna] fire wrote 35 bytes to ecology
[dna] fire wrote 91 bytes to ecology
[debug-onto] tick=350 corpus=139589 stage=2 freeze=0
[dna] fire wrote 21 bytes to ecology
[dna] fire wrote 65 bytes to ecology
[dna] fire wrote 92 bytes to ecology
[dna] fire wrote 99 bytes to ecology
[dna] fire wrote 45 bytes to ecology
[dna] fire wrote 24 bytes to ecology
[dna] fire wrote 43 bytes to ecology
[dna] fire wrote 51 bytes to ecology
[dna] fire wrote 10 bytes to ecology
[dna] fire wrote 27 bytes to ecology
[dna] fire wrote 21 bytes to ecology
[dna] fire wrote 43 bytes to ecology
[dna] fire wrote 56 bytes to ecology
[dna] fire wrote 15 bytes to ecology
[dna] fire wrote 81 bytes to ecology
[dna] fire wrote 78 bytes to ecology
[dna] fire wrote 9 bytes to ecology
[dna] fire wrote 61 bytes to ecology
[dna] fire wrote 76 bytes to ecology
[debug-onto] tick=400 corpus=139589 stage=2 freeze=0
[dna] fire wrote 33 bytes to ecology
[dna] fire wrote 89 bytes to ecology
[dna] fire wrote 37 bytes to ecology
[dna] fire wrote 35 bytes to ecology
[dna] fire wrote 64 bytes to ecology
[dna] fire wrote 31 bytes to ecology
[dna] fire wrote 68 bytes to ecology
[dna] fire wrote 28 bytes to ecology
[dna] fire wrote 102 bytes to ecology
[dna] fire wrote 63 bytes to ecology
[dna] fire wrote 82 bytes to ecology
[dna] fire wrote 127 bytes to ecology
[dna] fire wrote 81 bytes to ecology
[dna] fire wrote 12 bytes to ecology
[dna] fire wrote 29 bytes to ecology
[dna] fire wrote 34 bytes to ecology
[dna] fire wrote 24 bytes to ecology
[dna] fire wrote 48 bytes to ecology
[dna] fire wrote 54 bytes to ecology
[dna] fire wrote 43 bytes to ecology
[debug-onto] tick=450 corpus=139589 stage=2 freeze=0
[dna] fire wrote 27 bytes to ecology
[dna] fire wrote 58 bytes to ecology
[dna] fire wrote 21 bytes to ecology
[dna] fire wrote 69 bytes to ecology
[dna] fire wrote 123 bytes to ecology
[dna] fire wrote 8 bytes to ecology
[dna] fire wrote 15 bytes to ecology
[dna] fire wrote 126 bytes to ecology
[dna] fire wrote 104 bytes to ecology
[dna] fire wrote 71 bytes to ecology
[dna] fire wrote 18 bytes to ecology
[dna] fire wrote 182 bytes to ecology
[dna] fire wrote 71 bytes to ecology
[dna] fire wrote 57 bytes to ecology
[dna] fire wrote 56 bytes to ecology
[dna] fire wrote 59 bytes to ecology
[dna] fire wrote 161 bytes to ecology
[debug-onto] tick=500 corpus=139589 stage=2 freeze=0
[dna] fire wrote 56 bytes to ecology
[dna] fire wrote 120 bytes to ecology
[dna] fire wrote 51 bytes to ecology
[dna] fire wrote 71 bytes to ecology
[dna] fire wrote 25 bytes to ecology
[dna] fire wrote 51 bytes to ecology
[dna] fire wrote 26 bytes to ecology
[dna] fire wrote 68 bytes to ecology
[dna] fire wrote 40 bytes to ecology
[dna] fire wrote 57 bytes to ecology
[dna] fire wrote 35 bytes to ecology
[dna] fire wrote 86 bytes to ecology
[dna] fire wrote 44 bytes to ecology
[dna] fire wrote 75 bytes to ecology
[dna] fire wrote 56 bytes to ecology
[dna] fire wrote 40 bytes to ecology
[dna] fire wrote 38 bytes to ecology
[debug-onto] tick=550 corpus=139589 stage=2 freeze=0
[dna] fire wrote 14 bytes to ecology
[dna] fire wrote 31 bytes to ecology
[dna] fire wrote 54 bytes to ecology
[dna] fire wrote 45 bytes to ecology
[dna] fire wrote 102 bytes to ecology
[dna] fire wrote 43 bytes to ecology
[dna] fire wrote 10 bytes to ecology
[dna] fire wrote 13 bytes to ecology
[dna] fire wrote 71 bytes to ecology
[dna] fire wrote 119 bytes to ecology
[dna] fire wrote 33 bytes to ecology
[dna] fire wrote 12 bytes to ecology
[dna] fire wrote 40 bytes to ecology
[dna] fire wrote 44 bytes to ecology
[dna] fire wrote 68 bytes to ecology
[dna] fire wrote 27 bytes to ecology
[debug-onto] tick=600 corpus=139589 stage=2 freeze=0
[dna] fire wrote 86 bytes to ecology
[dna] fire wrote 43 bytes to ecology
[dna] fire wrote 32 bytes to ecology
[dna] fire wrote 30 bytes to ecology
[dna] fire wrote 55 bytes to ecology
[dna] fire wrote 149 bytes to ecology
[dna] fire wrote 42 bytes to ecology
[dna] fire wrote 33 bytes to ecology
[dna] fire wrote 46 bytes to ecology
[dna] fire wrote 146 bytes to ecology
[dna] fire wrote 27 bytes to ecology
[dna] fire wrote 69 bytes to ecology
[dna] fire wrote 54 bytes to ecology
[dna] fire wrote 93 bytes to ecology
[dna] fire wrote 112 bytes to ecology
[dna] fire wrote 13 bytes to ecology
[dna] fire wrote 94 bytes to ecology
[debug-onto] tick=650 corpus=139589 stage=2 freeze=0
[dna] fire wrote 113 bytes to ecology
[dna] fire wrote 161 bytes to ecology
[dna] fire wrote 57 bytes to ecology
[dna] fire wrote 122 bytes to ecology
[dna] fire wrote 71 bytes to ecology
[dna] fire wrote 61 bytes to ecology
[dna] fire wrote 37 bytes to ecology
[dna] fire wrote 39 bytes to ecology
[dna] fire wrote 38 bytes to ecology
[dna] fire wrote 47 bytes to ecology
[dna] fire wrote 64 bytes to ecology
[dna] fire wrote 29 bytes to ecology
[dna] fire wrote 26 bytes to ecology
[dna] fire wrote 67 bytes to ecology
[dna] fire wrote 48 bytes to ecology
[dna] fire wrote 42 bytes to ecology
[dna] fire wrote 149 bytes to ecology

[evolution] Organism shutting down gracefully.
