[ecology] Element: water → corpus: nonames_water.txt
[evolution] Autonomous evolution mode — organism will grow through all stages without pause.
[ecology] Joined swarm. 1 peer(s) detected.
molequla is alive. [evolution] Autonomous mode — background trainer running. Ctrl+C to stop.
[dna] water wrote 60 bytes to ecology
[dna] water consumed 24566 bytes from 317 files: [air/gen_1776580110_1.txt air/gen_1776580129_4.txt air/gen_1776580137_7.txt air/gen_1776580140_8.txt air/gen_1776580145_10.txt air/gen_1776580153_13.txt air/gen_1776580161_16.txt air/gen_1776580169_19.txt air/gen_1776580172_20.txt air/gen_1776580177_22.txt air/gen_1776580185_25.txt air/gen_1776580188_26.txt air/gen_1776580193_28.txt air/gen_1776580201_31.txt air/gen_1776580209_34.txt air/gen_1776580217_37.txt air/gen_1776580225_40.txt air/gen_1776580233_43.txt air/gen_1776580236_44.txt air/gen_1776580241_46.txt air/gen_1776580249_49.txt air/gen_1776580252_50.txt air/gen_1776580257_52.txt air/gen_1776580265_55.txt air/gen_1776580267_56.txt air/gen_1776580273_58.txt air/gen_1776580281_61.txt air/gen_1776580283_62.txt air/gen_1776580289_64.txt air/gen_1776580296_67.txt air/gen_1776580299_68.txt air/gen_1776580304_70.txt air/gen_1776580312_73.txt air/gen_1776580315_74.txt air/gen_1776580320_76.txt air/gen_1776580328_79.txt air/gen_1776580331_80.txt air/gen_1776580336_82.txt air/gen_1776580344_85.txt air/gen_1776580346_86.txt air/gen_1776580352_88.txt air/gen_1776580360_91.txt air/gen_1776580362_92.txt air/gen_1776580368_94.txt air/gen_1776580376_97.txt air/gen_1776580378_98.txt air/gen_1776580384_100.txt air/gen_1776580392_103.txt air/gen_1776580394_104.txt air/gen_1776580400_106.txt air/gen_1776580407_109.txt air/gen_1776580410_110.txt air/gen_1776580415_112.txt air/gen_1776580423_115.txt air/gen_1776580426_116.txt air/gen_1776580431_118.txt air/gen_1776580439_121.txt air/gen_1776580442_122.txt air/gen_1776580447_124.txt air/gen_1776580455_127.txt air/gen_1776580458_128.txt air/gen_1776580463_130.txt air/gen_1776580471_133.txt air/gen_1776580474_134.txt air/gen_1776580479_136.txt air/gen_1776580487_139.txt air/gen_1776580495_142.txt air/gen_1776580503_145.txt air/gen_1776580505_146.txt air/gen_1776580511_148.txt air/gen_1776580519_151.txt air/gen_1776580527_154.txt air/gen_1776580535_157.txt air/gen_1776580537_158.txt air/gen_1776580543_160.txt air/gen_1776580551_163.txt air/gen_1776580553_164.txt air/gen_1776580559_166.txt air/gen_1776580566_169.txt air/gen_1776580569_170.txt air/gen_1776580574_172.txt air/gen_1776580583_175.txt air/gen_1776580585_176.txt air/gen_1776580590_178.txt air/gen_1776580598_181.txt air/gen_1776580601_182.txt air/gen_1776580606_184.txt air/gen_1776580614_187.txt air/gen_1776580617_188.txt air/gen_1776580622_190.txt air/gen_1776580630_193.txt air/gen_1776580638_196.txt air/gen_1776580646_199.txt air/gen_1776580649_200.txt air/gen_1776580654_202.txt air/gen_1776580662_205.txt air/gen_1776580664_206.txt air/gen_1776580670_208.txt air/gen_1776580678_211.txt air/gen_1776580680_212.txt air/gen_1776580686_214.txt air/gen_1776580693_217.txt air/gen_1776580696_218.txt air/gen_1776580701_220.txt air/gen_1776580709_223.txt air/gen_1776580712_224.txt air/gen_1776580717_226.txt air/gen_1776580725_229.txt air/gen_1776580728_230.txt air/gen_1776580733_232.txt air/gen_1776580741_235.txt air/gen_1776580744_236.txt air/gen_1776580749_238.txt air/gen_1776580757_241.txt air/gen_1776580759_242.txt air/gen_1776580765_244.txt air/gen_1776580773_247.txt air/gen_1776580775_248.txt air/gen_1776580781_250.txt air/gen_1776580789_253.txt air/gen_1776580791_254.txt air/gen_1776580797_256.txt air/gen_1776580805_259.txt air/gen_1776580807_260.txt air/gen_1776580813_262.txt air/gen_1776580821_265.txt air/gen_1776580823_266.txt air/gen_1776580829_268.txt air/gen_1776580837_271.txt air/gen_1776580839_272.txt air/gen_1776580845_274.txt air/gen_1776580853_277.txt air/gen_1776580855_278.txt air/gen_1776580860_280.txt air/gen_1776580868_283.txt air/gen_1776580871_284.txt air/gen_1776580877_286.txt air/gen_1776580884_289.txt air/gen_1776580887_290.txt air/gen_1776580892_292.txt air/gen_1776580900_295.txt air/gen_1776580903_296.txt air/gen_1776580908_298.txt air/gen_1776580916_301.txt air/gen_1776580919_302.txt air/gen_1776580924_304.txt air/gen_1776580932_307.txt air/gen_1776580935_308.txt air/gen_1776580940_310.txt air/gen_1776580948_313.txt air/gen_1776580951_314.txt air/gen_1776580956_316.txt air/gen_1776580964_319.txt air/gen_1776580972_322.txt air/gen_1776580980_325.txt air/gen_1776580982_326.txt air/gen_1776580988_328.txt air/gen_1776580996_331.txt air/gen_1776580998_332.txt air/gen_1776581004_334.txt air/gen_1776581012_337.txt air/gen_1776581014_338.txt air/gen_1776581020_340.txt air/gen_1776581028_343.txt air/gen_1776581036_346.txt air/gen_1776581044_349.txt air/gen_1776581052_352.txt air/gen_1776581060_355.txt air/gen_1776581068_358.txt air/gen_1776581076_361.txt air/gen_1776581079_362.txt air/gen_1776581084_364.txt air/gen_1776581092_367.txt air/gen_1776581100_370.txt air/gen_1776581108_373.txt air/gen_1776581111_374.txt air/gen_1776581116_376.txt air/gen_1776581124_379.txt air/gen_1776581126_380.txt air/gen_1776581132_382.txt air/gen_1776581140_385.txt air/gen_1776581143_386.txt air/gen_1776581148_388.txt air/gen_1776581156_391.txt air/gen_1776581158_392.txt air/gen_1776581164_394.txt air/gen_1776581172_397.txt air/gen_1776581174_398.txt air/gen_1776581180_400.txt air/gen_1776581188_403.txt air/gen_1776581190_404.txt air/gen_1776581196_406.txt air/gen_1776581204_409.txt air/gen_1776581206_410.txt air/gen_1776581212_412.txt air/gen_1776581220_415.txt air/gen_1776581222_416.txt air/gen_1776581227_418.txt air/gen_1776581235_421.txt air/gen_1776581238_422.txt air/gen_1776581243_424.txt air/gen_1776581251_427.txt air/gen_1776581254_428.txt air/gen_1776581259_430.txt air/gen_1776581267_433.txt air/gen_1776581270_434.txt air/gen_1776581275_436.txt air/gen_1776581283_439.txt air/gen_1776581286_440.txt air/gen_1776581291_442.txt air/gen_1776581299_445.txt air/gen_1776581307_448.txt air/gen_1776581315_451.txt air/gen_1776581318_452.txt air/gen_1776581323_454.txt air/gen_1776581331_457.txt air/gen_1776581334_458.txt air/gen_1776581339_460.txt air/gen_1776581347_463.txt air/gen_1776581350_464.txt air/gen_1776581363_469.txt air/gen_1776581371_472.txt air/gen_1776581379_475.txt air/gen_1776581382_476.txt air/gen_1776581387_478.txt air/gen_1776581395_481.txt air/gen_1776581398_482.txt air/gen_1776581403_484.txt air/gen_1776581411_487.txt air/gen_1776581414_488.txt air/gen_1776581419_490.txt air/gen_1776581427_493.txt air/gen_1776581430_494.txt air/gen_1776581435_496.txt air/gen_1776581443_499.txt air/gen_1776581451_502.txt air/gen_1776581459_505.txt air/gen_1776581462_506.txt air/gen_1776581467_508.txt air/gen_1776581475_511.txt air/gen_1776581477_512.txt air/gen_1776581483_514.txt air/gen_1776581491_517.txt air/gen_1776581493_518.txt air/gen_1776581499_520.txt air/gen_1776581507_523.txt air/gen_1776581509_524.txt air/gen_1776581515_526.txt air/gen_1776581523_529.txt air/gen_1776581525_530.txt air/gen_1776581531_532.txt air/gen_1776581538_535.txt air/gen_1776581541_536.txt air/gen_1776581546_538.txt air/gen_1776581554_541.txt air/gen_1776581557_542.txt air/gen_1776581562_544.txt air/gen_1776581570_547.txt air/gen_1776581573_548.txt air/gen_1776581578_550.txt air/gen_1776581586_553.txt air/gen_1776581589_554.txt air/gen_1776581594_556.txt air/gen_1776581602_559.txt air/gen_1776581605_560.txt air/gen_1776581610_562.txt air/gen_1776581618_565.txt air/gen_1776581621_566.txt air/gen_1776581626_568.txt air/gen_1776581634_571.txt air/gen_1776581637_572.txt air/gen_1776581642_574.txt air/gen_1776581650_577.txt air/gen_1776581652_578.txt air/gen_1776581658_580.txt air/gen_1776581666_583.txt air/gen_1776581668_584.txt air/gen_1776581673_586.txt air/gen_1776581681_589.txt air/gen_1776581689_592.txt air/gen_1776581697_595.txt air/gen_1776581700_596.txt air/gen_1776581705_598.txt air/gen_1776581713_601.txt air/gen_1776581715_602.txt air/gen_1776581721_604.txt air/gen_1776581729_607.txt air/gen_1776581731_608.txt air/gen_1776581737_610.txt air/gen_1776581745_613.txt air/gen_1776581752_616.txt air/gen_1776581760_619.txt air/gen_1776581768_622.txt air/gen_1776581776_625.txt air/gen_1776581779_626.txt air/gen_1776581784_628.txt air/gen_1776581792_631.txt air/gen_1776581795_632.txt air/gen_1776581800_634.txt air/gen_1776581808_637.txt air/gen_1776581816_640.txt air/gen_1776581824_643.txt air/gen_1776581827_644.txt air/gen_1776581832_646.txt air/gen_1776581840_649.txt air/gen_1776581848_652.txt air/gen_1776581856_655.txt air/gen_1776581858_656.txt air/gen_1776581863_658.txt air/gen_1776581871_661.txt air/gen_1776581874_662.txt air/gen_1776581879_664.txt air/gen_1776581887_667.txt air/gen_1776581890_668.txt air/gen_1776581895_670.txt air/gen_1776581903_673.txt air/gen_1776581906_674.txt]
[trainer] micro-train burst (24566 bytes, novelty 0.03) — and lo, it feeds again.
[syntropy] action=explore | trend=0.0000 | field_dev=0.030 | purpose_align=-0.172 | lr_mul=1.30
[aml] burst complete: 32 steps, avg loss 1.7123 (memory freed)
[dna] water wrote 26 bytes to ecology
[dna] water wrote 22 bytes to ecology
[dna] water wrote 33 bytes to ecology
[dna] water wrote 109 bytes to ecology
[dna] water wrote 249 bytes to ecology
[dna] water wrote 16 bytes to ecology
[dna] water wrote 46 bytes to ecology
[dna] water wrote 104 bytes to ecology
[dna] water wrote 35 bytes to ecology
[dna] water wrote 68 bytes to ecology
[dna] water wrote 55 bytes to ecology
[dna] water wrote 24 bytes to ecology
[dna] water wrote 29 bytes to ecology
[dna] water wrote 97 bytes to ecology
[dna] water wrote 48 bytes to ecology
[dna] water wrote 55 bytes to ecology
[dna] water wrote 46 bytes to ecology
[dna] water wrote 75 bytes to ecology
[dna] water wrote 66 bytes to ecology
[dna] water wrote 50 bytes to ecology
[dna] water wrote 39 bytes to ecology
[debug-onto] tick=50 corpus=150580 stage=2 freeze=0
[dna] water wrote 65 bytes to ecology
[dna] water wrote 132 bytes to ecology
[dna] water wrote 30 bytes to ecology
[dna] water wrote 47 bytes to ecology
[dna] water wrote 109 bytes to ecology
[dna] water wrote 40 bytes to ecology
[dna] water wrote 23 bytes to ecology
[dna] water wrote 55 bytes to ecology
[dna] water wrote 47 bytes to ecology
[dna] water wrote 65 bytes to ecology
[dna] water wrote 52 bytes to ecology
[dna] water wrote 140 bytes to ecology
[dna] water wrote 102 bytes to ecology
[dna] water wrote 30 bytes to ecology
[dna] water wrote 47 bytes to ecology
[dna] water wrote 92 bytes to ecology
[dna] water wrote 28 bytes to ecology
[dna] water wrote 111 bytes to ecology
[dna] water wrote 27 bytes to ecology
[dna] water wrote 63 bytes to ecology
[dna] water wrote 154 bytes to ecology
[debug-onto] tick=100 corpus=150580 stage=2 freeze=0
[dna] water wrote 10 bytes to ecology
[dna] water wrote 75 bytes to ecology
[dna] water wrote 36 bytes to ecology
[dna] water wrote 77 bytes to ecology
[dna] water wrote 84 bytes to ecology
[dna] water wrote 120 bytes to ecology
[dna] water wrote 65 bytes to ecology
[dna] water wrote 38 bytes to ecology
[dna] water wrote 11 bytes to ecology
[dna] water wrote 87 bytes to ecology
[dna] water wrote 78 bytes to ecology
[dna] water wrote 48 bytes to ecology
[dna] water wrote 50 bytes to ecology
[dna] water wrote 64 bytes to ecology
[dna] water wrote 12 bytes to ecology
[dna] water wrote 43 bytes to ecology
[dna] water wrote 26 bytes to ecology
[dna] water wrote 33 bytes to ecology
[dna] water wrote 35 bytes to ecology
[dna] water wrote 27 bytes to ecology
[dna] water wrote 55 bytes to ecology
[dna] water wrote 14 bytes to ecology
[debug-onto] tick=150 corpus=150580 stage=2 freeze=0
[dna] water wrote 94 bytes to ecology
[dna] water wrote 55 bytes to ecology
[dna] water wrote 61 bytes to ecology
[dna] water wrote 33 bytes to ecology
[dna] water wrote 9 bytes to ecology
[dna] water wrote 87 bytes to ecology
[dna] water wrote 53 bytes to ecology
[dna] water wrote 51 bytes to ecology
[dna] water wrote 33 bytes to ecology
[dna] water wrote 48 bytes to ecology
[dna] water wrote 48 bytes to ecology
[dna] water wrote 44 bytes to ecology
[dna] water wrote 52 bytes to ecology
[dna] water wrote 64 bytes to ecology
[dna] water wrote 78 bytes to ecology
[dna] water wrote 65 bytes to ecology
[dna] water wrote 10 bytes to ecology
[dna] water wrote 68 bytes to ecology
[dna] water wrote 29 bytes to ecology
[dna] water wrote 16 bytes to ecology
[dna] water wrote 188 bytes to ecology
[dna] water wrote 105 bytes to ecology
[dna] water wrote 17 bytes to ecology
[debug-onto] tick=200 corpus=150580 stage=2 freeze=0
[dna] water wrote 30 bytes to ecology
[dna] water wrote 95 bytes to ecology
[dna] water wrote 24 bytes to ecology
[dna] water wrote 10 bytes to ecology
[dna] water wrote 21 bytes to ecology
[dna] water wrote 18 bytes to ecology
[dna] water wrote 57 bytes to ecology
[dna] water wrote 9 bytes to ecology
[dna] water wrote 90 bytes to ecology
[dna] water wrote 122 bytes to ecology
[dna] water wrote 59 bytes to ecology
[dna] water wrote 14 bytes to ecology
[dna] water wrote 268 bytes to ecology
[dna] water wrote 42 bytes to ecology
[dna] water wrote 50 bytes to ecology
[dna] water wrote 81 bytes to ecology
[dna] water wrote 40 bytes to ecology
[dna] water wrote 67 bytes to ecology
[dna] water wrote 55 bytes to ecology
[dna] water wrote 35 bytes to ecology
[dna] water wrote 32 bytes to ecology
[dna] water wrote 41 bytes to ecology
[dna] water wrote 55 bytes to ecology
[dna] water wrote 13 bytes to ecology
[debug-onto] tick=250 corpus=150580 stage=2 freeze=0
[dna] water wrote 35 bytes to ecology
[dna] water wrote 28 bytes to ecology
[dna] water wrote 67 bytes to ecology
[dna] water wrote 23 bytes to ecology
[dna] water wrote 147 bytes to ecology
[dna] water wrote 97 bytes to ecology
[dna] water wrote 92 bytes to ecology
[dna] water wrote 188 bytes to ecology
[dna] water wrote 141 bytes to ecology
[dna] water wrote 160 bytes to ecology
[dna] water wrote 110 bytes to ecology
[dna] water wrote 15 bytes to ecology
[dna] water wrote 105 bytes to ecology
[dna] water wrote 32 bytes to ecology
[dna] water wrote 43 bytes to ecology
[dna] water wrote 12 bytes to ecology
[dna] water wrote 36 bytes to ecology
[dna] water wrote 87 bytes to ecology
[dna] water wrote 41 bytes to ecology
[dna] water wrote 57 bytes to ecology
[dna] water wrote 44 bytes to ecology
[dna] water wrote 66 bytes to ecology
[dna] water wrote 94 bytes to ecology
[dna] water wrote 13 bytes to ecology
[debug-onto] tick=300 corpus=150580 stage=2 freeze=0
[dna] water wrote 59 bytes to ecology
[dna] water wrote 50 bytes to ecology
[dna] water wrote 65 bytes to ecology
[dna] water wrote 27 bytes to ecology
[dna] water wrote 34 bytes to ecology
[dna] water wrote 35 bytes to ecology
[dna] water wrote 104 bytes to ecology
[dna] water wrote 37 bytes to ecology
[dna] water wrote 76 bytes to ecology
[dna] water wrote 78 bytes to ecology
[dna] water wrote 20 bytes to ecology
[dna] water wrote 55 bytes to ecology
[dna] water wrote 47 bytes to ecology
[dna] water wrote 150 bytes to ecology
[dna] water wrote 28 bytes to ecology
[dna] water wrote 90 bytes to ecology
[dna] water wrote 20 bytes to ecology
[dna] water wrote 26 bytes to ecology
[dna] water wrote 54 bytes to ecology
[dna] water wrote 66 bytes to ecology
[dna] water wrote 78 bytes to ecology
[dna] water wrote 107 bytes to ecology
[dna] water wrote 83 bytes to ecology
[dna] water wrote 126 bytes to ecology
[debug-onto] tick=350 corpus=150580 stage=2 freeze=0
[dna] water wrote 76 bytes to ecology
[dna] water wrote 108 bytes to ecology
[dna] water wrote 48 bytes to ecology
[dna] water wrote 76 bytes to ecology
[dna] water wrote 33 bytes to ecology
[dna] water wrote 112 bytes to ecology
[dna] water wrote 65 bytes to ecology
[dna] water wrote 62 bytes to ecology
[dna] water wrote 193 bytes to ecology
[dna] water wrote 37 bytes to ecology
[dna] water wrote 34 bytes to ecology
[dna] water wrote 34 bytes to ecology
[dna] water wrote 182 bytes to ecology
[dna] water wrote 39 bytes to ecology
[dna] water wrote 89 bytes to ecology
[dna] water wrote 26 bytes to ecology
[dna] water wrote 105 bytes to ecology
[dna] water wrote 37 bytes to ecology
[dna] water wrote 78 bytes to ecology
[dna] water wrote 53 bytes to ecology
[dna] water wrote 137 bytes to ecology
[dna] water wrote 31 bytes to ecology
[dna] water wrote 46 bytes to ecology
[dna] water wrote 127 bytes to ecology
[debug-onto] tick=400 corpus=150580 stage=2 freeze=0
[dna] water wrote 50 bytes to ecology
[dna] water wrote 50 bytes to ecology
[dna] water wrote 31 bytes to ecology
[dna] water wrote 36 bytes to ecology
[dna] water wrote 21 bytes to ecology
[dna] water wrote 40 bytes to ecology
[dna] water wrote 89 bytes to ecology
[dna] water wrote 106 bytes to ecology
[dna] water wrote 66 bytes to ecology
[dna] water wrote 33 bytes to ecology
[dna] water wrote 81 bytes to ecology
[dna] water wrote 32 bytes to ecology
[dna] water wrote 49 bytes to ecology
[dna] water wrote 18 bytes to ecology
[dna] water wrote 26 bytes to ecology
[dna] water wrote 18 bytes to ecology
[dna] water wrote 84 bytes to ecology
[dna] water wrote 71 bytes to ecology
[dna] water wrote 96 bytes to ecology
[dna] water wrote 41 bytes to ecology
[dna] water wrote 88 bytes to ecology
[dna] water wrote 24 bytes to ecology
[debug-onto] tick=450 corpus=150580 stage=2 freeze=0
[dna] water wrote 171 bytes to ecology
[dna] water wrote 64 bytes to ecology
[dna] water wrote 60 bytes to ecology
[dna] water wrote 30 bytes to ecology
[dna] water wrote 99 bytes to ecology
[dna] water wrote 18 bytes to ecology
[dna] water wrote 74 bytes to ecology
[dna] water wrote 14 bytes to ecology
[dna] water wrote 69 bytes to ecology
[dna] water wrote 90 bytes to ecology
[dna] water wrote 66 bytes to ecology
[dna] water wrote 66 bytes to ecology
[dna] water wrote 8 bytes to ecology
[dna] water wrote 33 bytes to ecology
[dna] water wrote 59 bytes to ecology
[dna] water wrote 81 bytes to ecology
[dna] water wrote 58 bytes to ecology
[dna] water wrote 77 bytes to ecology
[dna] water wrote 61 bytes to ecology
[dna] water wrote 21 bytes to ecology
[dna] water wrote 80 bytes to ecology
[dna] water wrote 55 bytes to ecology
[dna] water wrote 27 bytes to ecology
[dna] water wrote 14 bytes to ecology
[debug-onto] tick=500 corpus=150580 stage=2 freeze=0
[dna] water wrote 29 bytes to ecology
[dna] water wrote 83 bytes to ecology
[dna] water wrote 29 bytes to ecology
[dna] water wrote 44 bytes to ecology
[dna] water wrote 40 bytes to ecology
[dna] water wrote 23 bytes to ecology
[dna] water wrote 193 bytes to ecology
[dna] water wrote 71 bytes to ecology
[dna] water wrote 50 bytes to ecology
[dna] water wrote 127 bytes to ecology
[dna] water wrote 36 bytes to ecology
[dna] water wrote 12 bytes to ecology
[dna] water wrote 59 bytes to ecology
[dna] water wrote 35 bytes to ecology
[dna] water wrote 37 bytes to ecology
[dna] water wrote 48 bytes to ecology
[dna] water wrote 46 bytes to ecology
[dna] water wrote 32 bytes to ecology
[dna] water wrote 35 bytes to ecology
[dna] water wrote 37 bytes to ecology
[dna] water wrote 21 bytes to ecology
[dna] water wrote 121 bytes to ecology
[dna] water wrote 38 bytes to ecology
[debug-onto] tick=550 corpus=150580 stage=2 freeze=0
[dna] water wrote 25 bytes to ecology
[dna] water wrote 40 bytes to ecology
[dna] water wrote 114 bytes to ecology
[dna] water wrote 75 bytes to ecology
[dna] water wrote 12 bytes to ecology
[dna] water wrote 58 bytes to ecology
[dna] water wrote 41 bytes to ecology
[dna] water wrote 20 bytes to ecology
[dna] water wrote 27 bytes to ecology
[dna] water wrote 108 bytes to ecology
[dna] water wrote 36 bytes to ecology
[dna] water wrote 85 bytes to ecology
[dna] water wrote 168 bytes to ecology
[dna] water wrote 29 bytes to ecology
[dna] water wrote 22 bytes to ecology
[dna] water wrote 48 bytes to ecology
[dna] water wrote 110 bytes to ecology
[dna] water wrote 23 bytes to ecology
[dna] water wrote 83 bytes to ecology
[dna] water wrote 65 bytes to ecology
[dna] water wrote 33 bytes to ecology
[dna] water wrote 21 bytes to ecology
[debug-onto] tick=600 corpus=150580 stage=2 freeze=0
[dna] water wrote 51 bytes to ecology
[dna] water wrote 34 bytes to ecology
[dna] water wrote 40 bytes to ecology
[dna] water wrote 35 bytes to ecology
[dna] water wrote 109 bytes to ecology
[dna] water wrote 183 bytes to ecology
[dna] water wrote 36 bytes to ecology
[dna] water wrote 101 bytes to ecology
[dna] water wrote 26 bytes to ecology
[dna] water wrote 152 bytes to ecology
[dna] water wrote 20 bytes to ecology

[evolution] Organism shutting down gracefully.
