[ecology] Element: fire → corpus: nonames_fire.txt
[evolution] Autonomous evolution mode — organism will grow through all stages without pause.
[ecology] Joined swarm. 1 peer(s) detected.
molequla is alive. [evolution] Autonomous mode — background trainer running. Ctrl+C to stop.
[dna] fire wrote 77 bytes to ecology
[dna] fire consumed 12360 bytes from 218 files: [water/gen_1776322896_1.txt water/gen_1776322911_4.txt water/gen_1776322919_7.txt water/gen_1776322927_10.txt water/gen_1776322935_13.txt water/gen_1776322943_16.txt water/gen_1776322952_19.txt water/gen_1776322960_22.txt water/gen_1776322968_25.txt water/gen_1776322976_28.txt water/gen_1776322985_31.txt water/gen_1776322993_34.txt water/gen_1776323001_37.txt water/gen_1776323009_40.txt water/gen_1776323017_43.txt water/gen_1776323026_46.txt water/gen_1776323034_49.txt water/gen_1776323042_52.txt water/gen_1776323050_55.txt water/gen_1776323058_58.txt water/gen_1776323067_61.txt water/gen_1776323075_64.txt water/gen_1776323083_67.txt water/gen_1776323091_70.txt water/gen_1776323100_73.txt water/gen_1776323108_76.txt water/gen_1776323116_79.txt water/gen_1776323124_82.txt water/gen_1776323133_85.txt water/gen_1776323141_88.txt water/gen_1776323149_91.txt water/gen_1776323157_94.txt water/gen_1776323165_97.txt water/gen_1776323173_100.txt water/gen_1776323182_103.txt water/gen_1776323190_106.txt water/gen_1776323198_109.txt water/gen_1776323206_112.txt water/gen_1776323214_115.txt water/gen_1776323223_118.txt water/gen_1776323231_121.txt water/gen_1776323239_124.txt water/gen_1776323247_127.txt water/gen_1776323256_130.txt water/gen_1776323264_133.txt water/gen_1776323272_136.txt water/gen_1776323280_139.txt water/gen_1776323289_142.txt water/gen_1776323297_145.txt water/gen_1776323305_148.txt water/gen_1776323313_151.txt water/gen_1776323321_154.txt water/gen_1776323330_157.txt water/gen_1776323338_160.txt water/gen_1776323346_163.txt water/gen_1776323354_166.txt water/gen_1776323363_169.txt water/gen_1776323371_172.txt water/gen_1776323379_175.txt water/gen_1776323387_178.txt water/gen_1776323396_181.txt water/gen_1776323404_184.txt water/gen_1776323412_187.txt water/gen_1776323420_190.txt water/gen_1776323429_193.txt water/gen_1776323437_196.txt water/gen_1776323445_199.txt water/gen_1776323453_202.txt water/gen_1776323461_205.txt water/gen_1776323470_208.txt water/gen_1776323478_211.txt water/gen_1776323486_214.txt water/gen_1776323495_217.txt water/gen_1776323503_220.txt water/gen_1776323511_223.txt water/gen_1776323520_226.txt water/gen_1776323528_229.txt water/gen_1776323536_232.txt water/gen_1776323545_235.txt water/gen_1776323553_238.txt water/gen_1776323562_241.txt water/gen_1776323570_244.txt water/gen_1776323578_247.txt water/gen_1776323587_250.txt water/gen_1776323595_253.txt water/gen_1776323604_256.txt water/gen_1776323612_259.txt water/gen_1776323620_262.txt water/gen_1776323629_265.txt water/gen_1776323637_268.txt water/gen_1776323645_271.txt water/gen_1776323654_274.txt water/gen_1776323662_277.txt water/gen_1776323671_280.txt water/gen_1776323679_283.txt water/gen_1776323688_286.txt water/gen_1776323696_289.txt water/gen_1776323704_292.txt water/gen_1776323712_295.txt water/gen_1776323721_298.txt water/gen_1776323729_301.txt water/gen_1776323737_304.txt water/gen_1776323745_307.txt water/gen_1776323754_310.txt water/gen_1776323762_313.txt water/gen_1776323770_316.txt water/gen_1776323778_319.txt water/gen_1776323787_322.txt water/gen_1776323795_325.txt water/gen_1776323803_328.txt water/gen_1776323811_331.txt water/gen_1776323820_334.txt water/gen_1776323828_337.txt water/gen_1776323836_340.txt water/gen_1776323845_343.txt water/gen_1776323853_346.txt water/gen_1776323861_349.txt water/gen_1776323869_352.txt water/gen_1776323877_355.txt water/gen_1776323886_358.txt water/gen_1776323894_361.txt water/gen_1776323902_364.txt water/gen_1776323910_367.txt water/gen_1776323919_370.txt water/gen_1776323927_373.txt water/gen_1776323935_376.txt water/gen_1776323943_379.txt water/gen_1776323952_382.txt water/gen_1776323960_385.txt water/gen_1776323968_388.txt water/gen_1776323976_391.txt water/gen_1776323984_394.txt water/gen_1776323993_397.txt water/gen_1776324001_400.txt water/gen_1776324009_403.txt water/gen_1776324017_406.txt water/gen_1776324026_409.txt water/gen_1776324034_412.txt water/gen_1776324042_415.txt water/gen_1776324050_418.txt water/gen_1776324058_421.txt water/gen_1776324066_424.txt water/gen_1776324074_427.txt water/gen_1776324083_430.txt water/gen_1776324091_433.txt water/gen_1776324099_436.txt water/gen_1776324107_439.txt water/gen_1776324116_442.txt water/gen_1776324124_445.txt water/gen_1776324132_448.txt water/gen_1776324140_451.txt water/gen_1776324149_454.txt water/gen_1776324157_457.txt water/gen_1776324165_460.txt water/gen_1776324173_463.txt water/gen_1776324181_466.txt water/gen_1776324190_469.txt water/gen_1776324198_472.txt water/gen_1776324206_475.txt water/gen_1776324214_478.txt water/gen_1776324222_481.txt water/gen_1776324230_484.txt water/gen_1776324239_487.txt water/gen_1776324247_490.txt water/gen_1776324255_493.txt water/gen_1776324263_496.txt water/gen_1776324272_499.txt water/gen_1776324280_502.txt water/gen_1776324288_505.txt water/gen_1776324296_508.txt water/gen_1776324305_511.txt water/gen_1776324313_514.txt water/gen_1776324321_517.txt water/gen_1776324329_520.txt water/gen_1776324337_523.txt water/gen_1776324345_526.txt water/gen_1776324353_529.txt water/gen_1776324361_532.txt water/gen_1776324370_535.txt water/gen_1776324378_538.txt water/gen_1776324386_541.txt water/gen_1776324394_544.txt water/gen_1776324402_547.txt water/gen_1776324410_550.txt water/gen_1776324419_553.txt water/gen_1776324427_556.txt water/gen_1776324435_559.txt water/gen_1776324443_562.txt water/gen_1776324451_565.txt water/gen_1776324459_568.txt water/gen_1776324467_571.txt water/gen_1776324475_574.txt water/gen_1776324484_577.txt water/gen_1776324492_580.txt water/gen_1776324500_583.txt water/gen_1776324508_586.txt water/gen_1776324516_589.txt water/gen_1776324525_592.txt water/gen_1776324533_595.txt water/gen_1776324541_598.txt water/gen_1776324549_601.txt water/gen_1776324557_604.txt water/gen_1776324566_607.txt water/gen_1776324574_610.txt water/gen_1776324582_613.txt water/gen_1776324590_616.txt water/gen_1776324599_619.txt water/gen_1776324607_622.txt water/gen_1776324615_625.txt water/gen_1776324623_628.txt water/gen_1776324632_631.txt water/gen_1776324640_634.txt water/gen_1776324648_637.txt water/gen_1776324656_640.txt water/gen_1776324665_643.txt water/gen_1776324673_646.txt water/gen_1776324681_649.txt water/gen_1776324690_652.txt]
[trainer] micro-train burst (12360 bytes, novelty 0.05) — and lo, it feeds again.
[syntropy] action=explore | trend=0.0000 | field_dev=-0.017 | purpose_align=-0.163 | lr_mul=1.30
[aml] burst complete: 32 steps, avg loss 1.7808 (memory freed)
[dna] fire wrote 66 bytes to ecology
[dna] fire wrote 97 bytes to ecology
[dna] fire wrote 61 bytes to ecology
[dna] fire wrote 190 bytes to ecology
[dna] fire wrote 36 bytes to ecology
[dna] fire wrote 76 bytes to ecology
[dna] fire wrote 34 bytes to ecology
[dna] fire wrote 64 bytes to ecology
[dna] fire wrote 67 bytes to ecology
[dna] fire wrote 111 bytes to ecology
[dna] fire wrote 21 bytes to ecology
[dna] fire wrote 25 bytes to ecology
[dna] fire wrote 33 bytes to ecology
[dna] fire wrote 122 bytes to ecology
[dna] fire wrote 34 bytes to ecology
[dna] fire wrote 107 bytes to ecology
[debug-onto] tick=50 corpus=134478 stage=2 freeze=0
[dna] fire wrote 83 bytes to ecology
[dna] fire wrote 33 bytes to ecology
[dna] fire wrote 77 bytes to ecology
[dna] fire wrote 16 bytes to ecology
[dna] fire wrote 65 bytes to ecology
[dna] fire wrote 55 bytes to ecology
[dna] fire wrote 29 bytes to ecology
[dna] fire wrote 62 bytes to ecology
[dna] fire wrote 33 bytes to ecology
[dna] fire wrote 31 bytes to ecology
[dna] fire wrote 84 bytes to ecology
[dna] fire wrote 30 bytes to ecology
[dna] fire wrote 66 bytes to ecology
[dna] fire wrote 41 bytes to ecology
[dna] fire wrote 43 bytes to ecology
[dna] fire wrote 68 bytes to ecology
[dna] fire wrote 50 bytes to ecology
[debug-onto] tick=100 corpus=134478 stage=2 freeze=0
[dna] fire wrote 29 bytes to ecology
[dna] fire wrote 34 bytes to ecology
[dna] fire wrote 129 bytes to ecology
[dna] fire wrote 70 bytes to ecology
[dna] fire wrote 86 bytes to ecology
[dna] fire wrote 26 bytes to ecology
[dna] fire wrote 27 bytes to ecology
[dna] fire wrote 31 bytes to ecology
[dna] fire wrote 11 bytes to ecology
[dna] fire wrote 28 bytes to ecology
[dna] fire wrote 29 bytes to ecology
[dna] fire wrote 85 bytes to ecology
[dna] fire wrote 181 bytes to ecology
[dna] fire wrote 85 bytes to ecology
[dna] fire wrote 44 bytes to ecology
[dna] fire wrote 76 bytes to ecology
[debug-onto] tick=150 corpus=134478 stage=2 freeze=0
[dna] fire wrote 29 bytes to ecology
[dna] fire wrote 60 bytes to ecology
[dna] fire wrote 35 bytes to ecology
[dna] fire wrote 146 bytes to ecology
[dna] fire wrote 50 bytes to ecology
[dna] fire wrote 95 bytes to ecology
[dna] fire wrote 89 bytes to ecology
[dna] fire wrote 93 bytes to ecology
[dna] fire wrote 40 bytes to ecology
[dna] fire wrote 56 bytes to ecology
[dna] fire wrote 12 bytes to ecology
[dna] fire wrote 11 bytes to ecology
[dna] fire wrote 67 bytes to ecology
[dna] fire wrote 78 bytes to ecology
[dna] fire wrote 17 bytes to ecology
[dna] fire wrote 79 bytes to ecology
[dna] fire wrote 82 bytes to ecology
[debug-onto] tick=200 corpus=134478 stage=2 freeze=0
[dna] fire wrote 60 bytes to ecology
[dna] fire wrote 70 bytes to ecology
[dna] fire wrote 119 bytes to ecology
[dna] fire wrote 66 bytes to ecology
[dna] fire wrote 40 bytes to ecology
[dna] fire wrote 104 bytes to ecology
[dna] fire wrote 11 bytes to ecology
[dna] fire wrote 85 bytes to ecology
[dna] fire wrote 76 bytes to ecology
[dna] fire wrote 46 bytes to ecology
[dna] fire wrote 36 bytes to ecology
[dna] fire wrote 95 bytes to ecology
[dna] fire wrote 39 bytes to ecology
[dna] fire wrote 32 bytes to ecology
[dna] fire wrote 69 bytes to ecology
[dna] fire wrote 28 bytes to ecology
[dna] fire wrote 90 bytes to ecology
[debug-onto] tick=250 corpus=134478 stage=2 freeze=0
[dna] fire wrote 61 bytes to ecology
[dna] fire wrote 42 bytes to ecology
[dna] fire wrote 91 bytes to ecology
[dna] fire wrote 15 bytes to ecology
[dna] fire wrote 70 bytes to ecology
[dna] fire wrote 96 bytes to ecology
[dna] fire wrote 24 bytes to ecology
[dna] fire wrote 80 bytes to ecology
[dna] fire wrote 58 bytes to ecology
[dna] fire wrote 47 bytes to ecology
[dna] fire wrote 123 bytes to ecology
[dna] fire wrote 43 bytes to ecology
[dna] fire wrote 26 bytes to ecology
[dna] fire wrote 35 bytes to ecology
[dna] fire wrote 119 bytes to ecology
[dna] fire wrote 57 bytes to ecology
[debug-onto] tick=300 corpus=134478 stage=2 freeze=0
[dna] fire wrote 41 bytes to ecology
[dna] fire wrote 80 bytes to ecology
[dna] fire wrote 26 bytes to ecology
[dna] fire wrote 44 bytes to ecology
[dna] fire wrote 31 bytes to ecology
[dna] fire wrote 165 bytes to ecology
[dna] fire wrote 41 bytes to ecology
[dna] fire wrote 88 bytes to ecology
[dna] fire wrote 61 bytes to ecology
[dna] fire wrote 70 bytes to ecology
[dna] fire wrote 58 bytes to ecology
[dna] fire wrote 36 bytes to ecology
[dna] fire wrote 50 bytes to ecology
[dna] fire wrote 38 bytes to ecology
[dna] fire wrote 24 bytes to ecology
[dna] fire wrote 148 bytes to ecology
[dna] fire wrote 28 bytes to ecology
[debug-onto] tick=350 corpus=134478 stage=2 freeze=0
[dna] fire wrote 30 bytes to ecology
[dna] fire wrote 21 bytes to ecology
[dna] fire wrote 39 bytes to ecology
[dna] fire wrote 11 bytes to ecology
[dna] fire wrote 46 bytes to ecology
[dna] fire wrote 32 bytes to ecology
[dna] fire wrote 47 bytes to ecology
[dna] fire wrote 52 bytes to ecology
[dna] fire wrote 73 bytes to ecology
[dna] fire wrote 68 bytes to ecology
[dna] fire wrote 47 bytes to ecology
[dna] fire wrote 6 bytes to ecology
[dna] fire wrote 78 bytes to ecology
[dna] fire wrote 68 bytes to ecology
[dna] fire wrote 37 bytes to ecology
[dna] fire wrote 60 bytes to ecology
[dna] fire wrote 82 bytes to ecology
[debug-onto] tick=400 corpus=134478 stage=2 freeze=0
[dna] fire wrote 58 bytes to ecology
[dna] fire wrote 38 bytes to ecology
[dna] fire wrote 51 bytes to ecology
[dna] fire wrote 40 bytes to ecology
[dna] fire wrote 36 bytes to ecology
[dna] fire wrote 123 bytes to ecology
[dna] fire wrote 32 bytes to ecology
[dna] fire wrote 20 bytes to ecology
[dna] fire wrote 66 bytes to ecology
[dna] fire wrote 123 bytes to ecology
[dna] fire wrote 54 bytes to ecology
[dna] fire wrote 52 bytes to ecology
[dna] fire wrote 33 bytes to ecology
[dna] fire wrote 49 bytes to ecology
[dna] fire wrote 27 bytes to ecology
[dna] fire wrote 15 bytes to ecology
[debug-onto] tick=450 corpus=134478 stage=2 freeze=0
[dna] fire wrote 142 bytes to ecology
[dna] fire wrote 42 bytes to ecology
[dna] fire wrote 61 bytes to ecology
[dna] fire wrote 27 bytes to ecology
[dna] fire wrote 28 bytes to ecology
[dna] fire wrote 57 bytes to ecology
[dna] fire wrote 74 bytes to ecology
[dna] fire wrote 104 bytes to ecology
[dna] fire wrote 35 bytes to ecology
[dna] fire wrote 53 bytes to ecology
[dna] fire wrote 24 bytes to ecology
[dna] fire wrote 33 bytes to ecology
[dna] fire wrote 77 bytes to ecology
[dna] fire wrote 62 bytes to ecology
[dna] fire wrote 36 bytes to ecology
[dna] fire wrote 40 bytes to ecology
[dna] fire wrote 20 bytes to ecology
[debug-onto] tick=500 corpus=134478 stage=2 freeze=0
[dna] fire wrote 30 bytes to ecology
[dna] fire wrote 34 bytes to ecology
[dna] fire wrote 86 bytes to ecology
[dna] fire wrote 37 bytes to ecology
[dna] fire wrote 13 bytes to ecology
[dna] fire wrote 86 bytes to ecology
[dna] fire wrote 45 bytes to ecology
[dna] fire wrote 39 bytes to ecology
[dna] fire wrote 30 bytes to ecology
[dna] fire wrote 58 bytes to ecology
[dna] fire wrote 64 bytes to ecology
[dna] fire wrote 18 bytes to ecology
[dna] fire wrote 49 bytes to ecology
[dna] fire wrote 40 bytes to ecology
[dna] fire wrote 82 bytes to ecology
[dna] fire wrote 79 bytes to ecology
[dna] fire wrote 60 bytes to ecology
[debug-onto] tick=550 corpus=134478 stage=2 freeze=0
[dna] fire wrote 55 bytes to ecology
[dna] fire wrote 80 bytes to ecology
[dna] fire wrote 88 bytes to ecology
[dna] fire wrote 220 bytes to ecology
[dna] fire wrote 42 bytes to ecology
[dna] fire wrote 142 bytes to ecology
[dna] fire wrote 126 bytes to ecology
[dna] fire wrote 30 bytes to ecology
[dna] fire wrote 56 bytes to ecology
[dna] fire wrote 52 bytes to ecology
[dna] fire wrote 42 bytes to ecology
[dna] fire wrote 36 bytes to ecology
[dna] fire wrote 25 bytes to ecology
[dna] fire wrote 30 bytes to ecology
[dna] fire wrote 80 bytes to ecology
[dna] fire wrote 18 bytes to ecology
[debug-onto] tick=600 corpus=134478 stage=2 freeze=0
[dna] fire wrote 28 bytes to ecology
[dna] fire wrote 27 bytes to ecology
[dna] fire wrote 86 bytes to ecology
[dna] fire wrote 149 bytes to ecology
[dna] fire wrote 58 bytes to ecology
[dna] fire wrote 157 bytes to ecology
[dna] fire wrote 168 bytes to ecology
[dna] fire wrote 51 bytes to ecology
[dna] fire wrote 36 bytes to ecology
[dna] fire wrote 156 bytes to ecology
[dna] fire wrote 80 bytes to ecology
[dna] fire wrote 31 bytes to ecology
[dna] fire wrote 177 bytes to ecology
[dna] fire wrote 7 bytes to ecology
[dna] fire wrote 29 bytes to ecology
[dna] fire wrote 74 bytes to ecology
[dna] fire wrote 36 bytes to ecology
[debug-onto] tick=650 corpus=134478 stage=2 freeze=0
[dna] fire wrote 11 bytes to ecology
[dna] fire wrote 25 bytes to ecology
[dna] fire wrote 37 bytes to ecology
[dna] fire wrote 54 bytes to ecology
[dna] fire wrote 53 bytes to ecology
[dna] fire wrote 73 bytes to ecology
[dna] fire wrote 119 bytes to ecology
[dna] fire wrote 25 bytes to ecology
[dna] fire wrote 76 bytes to ecology
[dna] fire wrote 42 bytes to ecology
[dna] fire wrote 29 bytes to ecology
[dna] fire wrote 22 bytes to ecology
[dna] fire wrote 15 bytes to ecology
[dna] fire wrote 44 bytes to ecology
[dna] fire wrote 20 bytes to ecology

[evolution] Organism shutting down gracefully.
