[ecology] Element: fire → corpus: nonames_fire.txt
[evolution] Autonomous evolution mode — organism will grow through all stages without pause.
[ecology] Joined swarm. 1 peer(s) detected.
molequla is alive. [evolution] Autonomous mode — background trainer running. Ctrl+C to stop.
[dna] fire wrote 32 bytes to ecology
[dna] fire consumed 44482 bytes from 644 files: [water/gen_1777447398_2.txt water/gen_1777447400_3.txt water/gen_1777447403_4.txt water/gen_1777447406_5.txt water/gen_1777447408_6.txt water/gen_1777447411_7.txt water/gen_1777447414_8.txt water/gen_1777447416_9.txt water/gen_1777447419_10.txt water/gen_1777447422_11.txt water/gen_1777447425_12.txt water/gen_1777447427_13.txt water/gen_1777447430_14.txt water/gen_1777447433_15.txt water/gen_1777447436_16.txt water/gen_1777447438_17.txt water/gen_1777447441_18.txt water/gen_1777447444_19.txt water/gen_1777447446_20.txt water/gen_1777447449_21.txt water/gen_1777447452_22.txt water/gen_1777447454_23.txt water/gen_1777447457_24.txt water/gen_1777447460_25.txt water/gen_1777447463_26.txt water/gen_1777447465_27.txt water/gen_1777447468_28.txt water/gen_1777447471_29.txt water/gen_1777447473_30.txt water/gen_1777447476_31.txt water/gen_1777447479_32.txt water/gen_1777447481_33.txt water/gen_1777447484_34.txt water/gen_1777447487_35.txt water/gen_1777447490_36.txt water/gen_1777447492_37.txt water/gen_1777447495_38.txt water/gen_1777447498_39.txt water/gen_1777447500_40.txt water/gen_1777447503_41.txt water/gen_1777447506_42.txt water/gen_1777447509_43.txt water/gen_1777447511_44.txt water/gen_1777447514_45.txt water/gen_1777447517_46.txt water/gen_1777447520_47.txt water/gen_1777447522_48.txt water/gen_1777447525_49.txt water/gen_1777447528_50.txt water/gen_1777447530_51.txt water/gen_1777447533_52.txt water/gen_1777447536_53.txt water/gen_1777447538_54.txt water/gen_1777447541_55.txt water/gen_1777447544_56.txt water/gen_1777447546_57.txt water/gen_1777447549_58.txt water/gen_1777447552_59.txt water/gen_1777447555_60.txt water/gen_1777447557_61.txt water/gen_1777447560_62.txt water/gen_1777447563_63.txt water/gen_1777447565_64.txt water/gen_1777447568_65.txt water/gen_1777447571_66.txt water/gen_1777447574_67.txt water/gen_1777447576_68.txt water/gen_1777447579_69.txt water/gen_1777447582_70.txt water/gen_1777447584_71.txt water/gen_1777447587_72.txt water/gen_1777447590_73.txt water/gen_1777447592_74.txt water/gen_1777447595_75.txt water/gen_1777447598_76.txt water/gen_1777447600_77.txt water/gen_1777447603_78.txt water/gen_1777447606_79.txt water/gen_1777447608_80.txt water/gen_1777447611_81.txt water/gen_1777447614_82.txt water/gen_1777447617_83.txt water/gen_1777447619_84.txt water/gen_1777447622_85.txt water/gen_1777447625_86.txt water/gen_1777447627_87.txt water/gen_1777447630_88.txt water/gen_1777447633_89.txt water/gen_1777447636_90.txt water/gen_1777447638_91.txt water/gen_1777447641_92.txt water/gen_1777447644_93.txt water/gen_1777447646_94.txt water/gen_1777447649_95.txt water/gen_1777447652_96.txt water/gen_1777447654_97.txt water/gen_1777447657_98.txt water/gen_1777447660_99.txt water/gen_1777447663_100.txt water/gen_1777447665_101.txt water/gen_1777447668_102.txt water/gen_1777447671_103.txt water/gen_1777447673_104.txt water/gen_1777447676_105.txt water/gen_1777447679_106.txt water/gen_1777447684_108.txt water/gen_1777447687_109.txt water/gen_1777447689_110.txt water/gen_1777447692_111.txt water/gen_1777447695_112.txt water/gen_1777447698_113.txt water/gen_1777447700_114.txt water/gen_1777447703_115.txt water/gen_1777447706_116.txt water/gen_1777447708_117.txt water/gen_1777447711_118.txt water/gen_1777447714_119.txt water/gen_1777447717_120.txt water/gen_1777447719_121.txt water/gen_1777447722_122.txt water/gen_1777447725_123.txt water/gen_1777447727_124.txt water/gen_1777447730_125.txt water/gen_1777447733_126.txt water/gen_1777447735_127.txt water/gen_1777447738_128.txt water/gen_1777447744_130.txt water/gen_1777447746_131.txt water/gen_1777447749_132.txt water/gen_1777447752_133.txt water/gen_1777447755_134.txt water/gen_1777447757_135.txt water/gen_1777447760_136.txt water/gen_1777447765_138.txt water/gen_1777447768_139.txt water/gen_1777447771_140.txt water/gen_1777447774_141.txt water/gen_1777447776_142.txt water/gen_1777447779_143.txt water/gen_1777447782_144.txt water/gen_1777447784_145.txt water/gen_1777447787_146.txt water/gen_1777447790_147.txt water/gen_1777447792_148.txt water/gen_1777447795_149.txt water/gen_1777447798_150.txt water/gen_1777447800_151.txt water/gen_1777447803_152.txt water/gen_1777447806_153.txt water/gen_1777447809_154.txt water/gen_1777447811_155.txt water/gen_1777447814_156.txt water/gen_1777447817_157.txt water/gen_1777447819_158.txt water/gen_1777447822_159.txt water/gen_1777447825_160.txt water/gen_1777447827_161.txt water/gen_1777447830_162.txt water/gen_1777447833_163.txt water/gen_1777447835_164.txt water/gen_1777447838_165.txt water/gen_1777447841_166.txt water/gen_1777447844_167.txt water/gen_1777447847_168.txt water/gen_1777447849_169.txt water/gen_1777447852_170.txt water/gen_1777447855_171.txt water/gen_1777447858_172.txt water/gen_1777447861_173.txt water/gen_1777447864_174.txt water/gen_1777447866_175.txt water/gen_1777447869_176.txt water/gen_1777447872_177.txt water/gen_1777447874_178.txt water/gen_1777447877_179.txt water/gen_1777447880_180.txt water/gen_1777447883_181.txt water/gen_1777447885_182.txt water/gen_1777447888_183.txt water/gen_1777447891_184.txt water/gen_1777447894_185.txt water/gen_1777447896_186.txt water/gen_1777447899_187.txt water/gen_1777447902_188.txt water/gen_1777447904_189.txt water/gen_1777447907_190.txt water/gen_1777447910_191.txt water/gen_1777447913_192.txt water/gen_1777447915_193.txt water/gen_1777447918_194.txt water/gen_1777447921_195.txt water/gen_1777447924_196.txt water/gen_1777447926_197.txt water/gen_1777447929_198.txt water/gen_1777447932_199.txt water/gen_1777447935_200.txt water/gen_1777447937_201.txt water/gen_1777447940_202.txt water/gen_1777447946_204.txt water/gen_1777447948_205.txt water/gen_1777447951_206.txt water/gen_1777447954_207.txt water/gen_1777447957_208.txt water/gen_1777447959_209.txt water/gen_1777447962_210.txt water/gen_1777447965_211.txt water/gen_1777447968_212.txt water/gen_1777447970_213.txt water/gen_1777447973_214.txt water/gen_1777447976_215.txt water/gen_1777447979_216.txt water/gen_1777447981_217.txt water/gen_1777447984_218.txt water/gen_1777447987_219.txt water/gen_1777447990_220.txt water/gen_1777447992_221.txt water/gen_1777447995_222.txt water/gen_1777447998_223.txt water/gen_1777448001_224.txt water/gen_1777448003_225.txt water/gen_1777448006_226.txt water/gen_1777448009_227.txt water/gen_1777448012_228.txt water/gen_1777448014_229.txt water/gen_1777448017_230.txt water/gen_1777448020_231.txt water/gen_1777448023_232.txt water/gen_1777448025_233.txt water/gen_1777448028_234.txt water/gen_1777448031_235.txt water/gen_1777448034_236.txt water/gen_1777448036_237.txt water/gen_1777448039_238.txt water/gen_1777448042_239.txt water/gen_1777448044_240.txt water/gen_1777448047_241.txt water/gen_1777448050_242.txt water/gen_1777448053_243.txt water/gen_1777448055_244.txt water/gen_1777448058_245.txt water/gen_1777448061_246.txt water/gen_1777448064_247.txt water/gen_1777448066_248.txt water/gen_1777448069_249.txt water/gen_1777448072_250.txt water/gen_1777448074_251.txt water/gen_1777448077_252.txt water/gen_1777448080_253.txt water/gen_1777448082_254.txt water/gen_1777448085_255.txt water/gen_1777448088_256.txt water/gen_1777448091_257.txt water/gen_1777448093_258.txt water/gen_1777448096_259.txt water/gen_1777448099_260.txt water/gen_1777448102_261.txt water/gen_1777448104_262.txt water/gen_1777448107_263.txt water/gen_1777448110_264.txt water/gen_1777448112_265.txt water/gen_1777448115_266.txt water/gen_1777448118_267.txt water/gen_1777448120_268.txt water/gen_1777448123_269.txt water/gen_1777448126_270.txt water/gen_1777448129_271.txt water/gen_1777448131_272.txt water/gen_1777448134_273.txt water/gen_1777448137_274.txt water/gen_1777448139_275.txt water/gen_1777448142_276.txt water/gen_1777448145_277.txt water/gen_1777448148_278.txt water/gen_1777448150_279.txt water/gen_1777448153_280.txt water/gen_1777448156_281.txt water/gen_1777448159_282.txt water/gen_1777448161_283.txt water/gen_1777448164_284.txt water/gen_1777448167_285.txt water/gen_1777448169_286.txt water/gen_1777448175_288.txt water/gen_1777448177_289.txt water/gen_1777448180_290.txt water/gen_1777448183_291.txt water/gen_1777448186_292.txt water/gen_1777448188_293.txt water/gen_1777448191_294.txt water/gen_1777448194_295.txt water/gen_1777448197_296.txt water/gen_1777448199_297.txt water/gen_1777448202_298.txt water/gen_1777448208_300.txt water/gen_1777448210_301.txt water/gen_1777448213_302.txt water/gen_1777448216_303.txt water/gen_1777448219_304.txt water/gen_1777448221_305.txt water/gen_1777448224_306.txt water/gen_1777448227_307.txt water/gen_1777448230_308.txt water/gen_1777448232_309.txt water/gen_1777448235_310.txt water/gen_1777448238_311.txt water/gen_1777448241_312.txt water/gen_1777448243_313.txt water/gen_1777448246_314.txt water/gen_1777448249_315.txt water/gen_1777448252_316.txt water/gen_1777448254_317.txt water/gen_1777448257_318.txt water/gen_1777448260_319.txt water/gen_1777448263_320.txt water/gen_1777448265_321.txt water/gen_1777448268_322.txt water/gen_1777448271_323.txt water/gen_1777448273_324.txt water/gen_1777448276_325.txt water/gen_1777448279_326.txt water/gen_1777448282_327.txt water/gen_1777448284_328.txt water/gen_1777448287_329.txt water/gen_1777448290_330.txt water/gen_1777448292_331.txt water/gen_1777448295_332.txt water/gen_1777448298_333.txt water/gen_1777448301_334.txt water/gen_1777448303_335.txt water/gen_1777448306_336.txt water/gen_1777448309_337.txt water/gen_1777448312_338.txt water/gen_1777448314_339.txt water/gen_1777448317_340.txt water/gen_1777448320_341.txt water/gen_1777448323_342.txt water/gen_1777448325_343.txt water/gen_1777448328_344.txt water/gen_1777448331_345.txt water/gen_1777448334_346.txt water/gen_1777448336_347.txt water/gen_1777448339_348.txt water/gen_1777448342_349.txt water/gen_1777448344_350.txt water/gen_1777448347_351.txt water/gen_1777448350_352.txt water/gen_1777448353_353.txt water/gen_1777448355_354.txt water/gen_1777448358_355.txt water/gen_1777448361_356.txt water/gen_1777448363_357.txt water/gen_1777448366_358.txt water/gen_1777448369_359.txt water/gen_1777448371_360.txt water/gen_1777448374_361.txt water/gen_1777448377_362.txt water/gen_1777448380_363.txt water/gen_1777448382_364.txt water/gen_1777448385_365.txt water/gen_1777448388_366.txt water/gen_1777448390_367.txt water/gen_1777448393_368.txt water/gen_1777448396_369.txt water/gen_1777448398_370.txt water/gen_1777448401_371.txt water/gen_1777448404_372.txt water/gen_1777448407_373.txt water/gen_1777448409_374.txt water/gen_1777448412_375.txt water/gen_1777448415_376.txt water/gen_1777448418_377.txt water/gen_1777448420_378.txt water/gen_1777448423_379.txt water/gen_1777448426_380.txt water/gen_1777448428_381.txt water/gen_1777448431_382.txt water/gen_1777448434_383.txt water/gen_1777448437_384.txt water/gen_1777448439_385.txt water/gen_1777448442_386.txt water/gen_1777448445_387.txt water/gen_1777448448_388.txt water/gen_1777448450_389.txt water/gen_1777448453_390.txt water/gen_1777448456_391.txt water/gen_1777448458_392.txt water/gen_1777448461_393.txt water/gen_1777448464_394.txt water/gen_1777448469_396.txt water/gen_1777448472_397.txt water/gen_1777448475_398.txt water/gen_1777448477_399.txt water/gen_1777448480_400.txt water/gen_1777448483_401.txt water/gen_1777448485_402.txt water/gen_1777448488_403.txt water/gen_1777448491_404.txt water/gen_1777448493_405.txt water/gen_1777448496_406.txt water/gen_1777448499_407.txt water/gen_1777448502_408.txt water/gen_1777448504_409.txt water/gen_1777448507_410.txt water/gen_1777448510_411.txt water/gen_1777448512_412.txt water/gen_1777448515_413.txt water/gen_1777448518_414.txt water/gen_1777448520_415.txt water/gen_1777448523_416.txt water/gen_1777448526_417.txt water/gen_1777448529_418.txt water/gen_1777448531_419.txt water/gen_1777448534_420.txt water/gen_1777448537_421.txt water/gen_1777448539_422.txt water/gen_1777448542_423.txt water/gen_1777448545_424.txt water/gen_1777448548_425.txt water/gen_1777448550_426.txt water/gen_1777448553_427.txt water/gen_1777448556_428.txt water/gen_1777448559_429.txt water/gen_1777448561_430.txt water/gen_1777448567_432.txt water/gen_1777448569_433.txt water/gen_1777448572_434.txt water/gen_1777448575_435.txt water/gen_1777448578_436.txt water/gen_1777448580_437.txt water/gen_1777448583_438.txt water/gen_1777448586_439.txt water/gen_1777448589_440.txt water/gen_1777448592_441.txt water/gen_1777448594_442.txt water/gen_1777448597_443.txt water/gen_1777448600_444.txt water/gen_1777448603_445.txt water/gen_1777448605_446.txt water/gen_1777448608_447.txt water/gen_1777448611_448.txt water/gen_1777448614_449.txt water/gen_1777448616_450.txt water/gen_1777448619_451.txt water/gen_1777448622_452.txt water/gen_1777448624_453.txt water/gen_1777448627_454.txt water/gen_1777448630_455.txt water/gen_1777448633_456.txt water/gen_1777448635_457.txt water/gen_1777448638_458.txt water/gen_1777448641_459.txt water/gen_1777448644_460.txt water/gen_1777448646_461.txt water/gen_1777448649_462.txt water/gen_1777448652_463.txt water/gen_1777448655_464.txt water/gen_1777448658_465.txt water/gen_1777448660_466.txt water/gen_1777448666_468.txt water/gen_1777448669_469.txt water/gen_1777448671_470.txt water/gen_1777448674_471.txt water/gen_1777448677_472.txt water/gen_1777448679_473.txt water/gen_1777448682_474.txt water/gen_1777448685_475.txt water/gen_1777448688_476.txt water/gen_1777448690_477.txt water/gen_1777448693_478.txt water/gen_1777448696_479.txt water/gen_1777448699_480.txt water/gen_1777448701_481.txt water/gen_1777448704_482.txt water/gen_1777448707_483.txt water/gen_1777448710_484.txt water/gen_1777448712_485.txt water/gen_1777448715_486.txt water/gen_1777448718_487.txt water/gen_1777448721_488.txt water/gen_1777448723_489.txt water/gen_1777448726_490.txt water/gen_1777448729_491.txt water/gen_1777448732_492.txt water/gen_1777448734_493.txt water/gen_1777448737_494.txt water/gen_1777448740_495.txt water/gen_1777448743_496.txt water/gen_1777448748_498.txt water/gen_1777448753_500.txt water/gen_1777448756_501.txt water/gen_1777448759_502.txt water/gen_1777448762_503.txt water/gen_1777448764_504.txt water/gen_1777448767_505.txt water/gen_1777448770_506.txt water/gen_1777448772_507.txt water/gen_1777448775_508.txt water/gen_1777448778_509.txt water/gen_1777448781_510.txt water/gen_1777448783_511.txt water/gen_1777448786_512.txt water/gen_1777448789_513.txt water/gen_1777448791_514.txt water/gen_1777448794_515.txt water/gen_1777448797_516.txt water/gen_1777448799_517.txt water/gen_1777448802_518.txt water/gen_1777448805_519.txt water/gen_1777448808_520.txt water/gen_1777448810_521.txt water/gen_1777448813_522.txt water/gen_1777448816_523.txt water/gen_1777448818_524.txt water/gen_1777448821_525.txt water/gen_1777448824_526.txt water/gen_1777448827_527.txt water/gen_1777448829_528.txt water/gen_1777448832_529.txt water/gen_1777448835_530.txt water/gen_1777448838_531.txt water/gen_1777448840_532.txt water/gen_1777448843_533.txt water/gen_1777448846_534.txt water/gen_1777448848_535.txt water/gen_1777448851_536.txt water/gen_1777448854_537.txt water/gen_1777448857_538.txt water/gen_1777448862_540.txt water/gen_1777448865_541.txt water/gen_1777448867_542.txt water/gen_1777448870_543.txt water/gen_1777448873_544.txt water/gen_1777448876_545.txt water/gen_1777448878_546.txt water/gen_1777448881_547.txt water/gen_1777448884_548.txt water/gen_1777448886_549.txt water/gen_1777448889_550.txt water/gen_1777448892_551.txt water/gen_1777448894_552.txt water/gen_1777448897_553.txt water/gen_1777448900_554.txt water/gen_1777448903_555.txt water/gen_1777448905_556.txt water/gen_1777448908_557.txt water/gen_1777448911_558.txt water/gen_1777448913_559.txt water/gen_1777448916_560.txt water/gen_1777448919_561.txt water/gen_1777448922_562.txt water/gen_1777448924_563.txt water/gen_1777448927_564.txt water/gen_1777448930_565.txt water/gen_1777448933_566.txt water/gen_1777448935_567.txt water/gen_1777448938_568.txt water/gen_1777448941_569.txt water/gen_1777448943_570.txt water/gen_1777448946_571.txt water/gen_1777448949_572.txt water/gen_1777448952_573.txt water/gen_1777448954_574.txt water/gen_1777448957_575.txt water/gen_1777448960_576.txt water/gen_1777448963_577.txt water/gen_1777448965_578.txt water/gen_1777448968_579.txt water/gen_1777448971_580.txt water/gen_1777448973_581.txt water/gen_1777448976_582.txt water/gen_1777448979_583.txt water/gen_1777448982_584.txt water/gen_1777448984_585.txt water/gen_1777448987_586.txt water/gen_1777448990_587.txt water/gen_1777448992_588.txt water/gen_1777448995_589.txt water/gen_1777448998_590.txt water/gen_1777449001_591.txt water/gen_1777449003_592.txt water/gen_1777449006_593.txt water/gen_1777449009_594.txt water/gen_1777449012_595.txt water/gen_1777449014_596.txt water/gen_1777449017_597.txt water/gen_1777449020_598.txt water/gen_1777449023_599.txt water/gen_1777449025_600.txt water/gen_1777449028_601.txt water/gen_1777449031_602.txt water/gen_1777449033_603.txt water/gen_1777449036_604.txt water/gen_1777449039_605.txt water/gen_1777449042_606.txt water/gen_1777449044_607.txt water/gen_1777449047_608.txt water/gen_1777449050_609.txt water/gen_1777449053_610.txt water/gen_1777449055_611.txt water/gen_1777449058_612.txt water/gen_1777449061_613.txt water/gen_1777449063_614.txt water/gen_1777449066_615.txt water/gen_1777449069_616.txt water/gen_1777449072_617.txt water/gen_1777449074_618.txt water/gen_1777449077_619.txt water/gen_1777449080_620.txt water/gen_1777449082_621.txt water/gen_1777449085_622.txt water/gen_1777449088_623.txt water/gen_1777449091_624.txt water/gen_1777449093_625.txt water/gen_1777449096_626.txt water/gen_1777449099_627.txt water/gen_1777449102_628.txt water/gen_1777449104_629.txt water/gen_1777449107_630.txt water/gen_1777449110_631.txt water/gen_1777449112_632.txt water/gen_1777449115_633.txt water/gen_1777449118_634.txt water/gen_1777449121_635.txt water/gen_1777449123_636.txt water/gen_1777449126_637.txt water/gen_1777449129_638.txt water/gen_1777449132_639.txt water/gen_1777449134_640.txt water/gen_1777449137_641.txt water/gen_1777449140_642.txt water/gen_1777449142_643.txt water/gen_1777449145_644.txt water/gen_1777449148_645.txt water/gen_1777449151_646.txt water/gen_1777449153_647.txt water/gen_1777449156_648.txt water/gen_1777449159_649.txt water/gen_1777449162_650.txt water/gen_1777449164_651.txt water/gen_1777449167_652.txt water/gen_1777449170_653.txt water/gen_1777449173_654.txt water/gen_1777449175_655.txt water/gen_1777449178_656.txt water/gen_1777449181_657.txt]
[trainer] micro-train burst (44482 bytes, novelty 0.01) — and lo, it feeds again.
[syntropy] action=steady | trend=0.0000 | field_dev=0.144 | purpose_align=0.092 | lr_mul=1.00
[aml] burst complete: 32 steps, avg loss 1.5649 (memory freed)
[dna] fire wrote 40 bytes to ecology
[dna] fire wrote 149 bytes to ecology
[dna] fire wrote 93 bytes to ecology
[dna] fire wrote 85 bytes to ecology
[dna] fire wrote 45 bytes to ecology
[dna] fire wrote 31 bytes to ecology
[dna] fire wrote 56 bytes to ecology
[dna] fire wrote 29 bytes to ecology
[dna] fire wrote 45 bytes to ecology
[dna] fire wrote 36 bytes to ecology
[dna] fire wrote 33 bytes to ecology
[dna] fire wrote 96 bytes to ecology
[dna] fire wrote 64 bytes to ecology
[dna] fire wrote 25 bytes to ecology
[dna] fire wrote 32 bytes to ecology
[dna] fire wrote 44 bytes to ecology
[dna] fire wrote 142 bytes to ecology
[dna] fire wrote 205 bytes to ecology
[dna] fire wrote 76 bytes to ecology
[dna] fire wrote 33 bytes to ecology
[dna] fire wrote 40 bytes to ecology
[dna] fire wrote 49 bytes to ecology
[dna] fire wrote 124 bytes to ecology
[dna] fire wrote 12 bytes to ecology
[dna] fire wrote 36 bytes to ecology
[dna] fire wrote 52 bytes to ecology
[dna] fire wrote 64 bytes to ecology
[dna] fire wrote 37 bytes to ecology
[dna] fire wrote 25 bytes to ecology
[dna] fire wrote 22 bytes to ecology
[dna] fire wrote 29 bytes to ecology
[dna] fire wrote 155 bytes to ecology
[dna] fire wrote 115 bytes to ecology
[dna] fire wrote 26 bytes to ecology
[dna] fire wrote 62 bytes to ecology
[dna] fire wrote 64 bytes to ecology
[dna] fire wrote 110 bytes to ecology
[dna] fire wrote 49 bytes to ecology
[dna] fire wrote 21 bytes to ecology
[dna] fire wrote 35 bytes to ecology
[dna] fire wrote 110 bytes to ecology
[dna] fire wrote 131 bytes to ecology
[dna] fire wrote 31 bytes to ecology
[dna] fire wrote 26 bytes to ecology
[dna] fire wrote 61 bytes to ecology
[dna] fire wrote 23 bytes to ecology
[dna] fire wrote 22 bytes to ecology
[dna] fire wrote 20 bytes to ecology
[dna] fire wrote 51 bytes to ecology
[debug-onto] tick=50 corpus=167026 stage=2 freeze=0
[dna] fire wrote 24 bytes to ecology
[dna] fire wrote 31 bytes to ecology
[dna] fire wrote 18 bytes to ecology
[dna] fire wrote 39 bytes to ecology
[dna] fire wrote 43 bytes to ecology
[dna] fire wrote 100 bytes to ecology
[dna] fire wrote 55 bytes to ecology
[dna] fire wrote 73 bytes to ecology
[dna] fire wrote 33 bytes to ecology
[dna] fire wrote 225 bytes to ecology
[dna] fire wrote 58 bytes to ecology
[dna] fire wrote 38 bytes to ecology
[dna] fire wrote 45 bytes to ecology
[dna] fire wrote 35 bytes to ecology
[dna] fire wrote 108 bytes to ecology
[dna] fire wrote 31 bytes to ecology
[dna] fire wrote 151 bytes to ecology
[dna] fire wrote 36 bytes to ecology
[dna] fire wrote 30 bytes to ecology
[dna] fire wrote 46 bytes to ecology
[dna] fire wrote 23 bytes to ecology
[dna] fire wrote 26 bytes to ecology
[dna] fire wrote 38 bytes to ecology
[dna] fire wrote 44 bytes to ecology
[dna] fire wrote 14 bytes to ecology
[dna] fire wrote 15 bytes to ecology
[dna] fire wrote 111 bytes to ecology
[dna] fire wrote 110 bytes to ecology
[dna] fire wrote 25 bytes to ecology
[dna] fire wrote 266 bytes to ecology
[dna] fire wrote 58 bytes to ecology
[dna] fire wrote 89 bytes to ecology
[dna] fire wrote 35 bytes to ecology
[dna] fire wrote 47 bytes to ecology
[dna] fire wrote 148 bytes to ecology
[dna] fire wrote 14 bytes to ecology
[dna] fire wrote 62 bytes to ecology
[dna] fire wrote 20 bytes to ecology
[dna] fire wrote 93 bytes to ecology
[dna] fire wrote 60 bytes to ecology
[dna] fire wrote 36 bytes to ecology
[dna] fire wrote 42 bytes to ecology
[dna] fire wrote 35 bytes to ecology
[dna] fire wrote 50 bytes to ecology
[dna] fire wrote 47 bytes to ecology
[dna] fire wrote 20 bytes to ecology
[dna] fire wrote 31 bytes to ecology
[dna] fire wrote 22 bytes to ecology
[dna] fire wrote 73 bytes to ecology
[dna] fire wrote 55 bytes to ecology
[debug-onto] tick=100 corpus=167026 stage=2 freeze=0
[dna] fire wrote 48 bytes to ecology
[dna] fire wrote 65 bytes to ecology
[dna] fire wrote 164 bytes to ecology
[dna] fire wrote 52 bytes to ecology
[dna] fire wrote 37 bytes to ecology
[dna] fire wrote 101 bytes to ecology
[dna] fire wrote 74 bytes to ecology
[dna] fire wrote 15 bytes to ecology
[dna] fire wrote 12 bytes to ecology
[dna] fire wrote 77 bytes to ecology
[dna] fire wrote 89 bytes to ecology
[dna] fire wrote 103 bytes to ecology
[dna] fire wrote 17 bytes to ecology
[dna] fire wrote 59 bytes to ecology
[dna] fire wrote 59 bytes to ecology
[dna] fire wrote 54 bytes to ecology
[dna] fire wrote 64 bytes to ecology
[dna] fire wrote 16 bytes to ecology
[dna] fire wrote 35 bytes to ecology
[dna] fire wrote 45 bytes to ecology
[dna] fire wrote 74 bytes to ecology
[dna] fire wrote 78 bytes to ecology
[dna] fire wrote 18 bytes to ecology
[dna] fire wrote 48 bytes to ecology
[dna] fire wrote 25 bytes to ecology
[dna] fire wrote 28 bytes to ecology
[dna] fire wrote 21 bytes to ecology
[dna] fire wrote 128 bytes to ecology
[dna] fire wrote 19 bytes to ecology
[dna] fire wrote 75 bytes to ecology
[dna] fire wrote 80 bytes to ecology
[dna] fire wrote 123 bytes to ecology
[dna] fire wrote 99 bytes to ecology
[dna] fire wrote 130 bytes to ecology
[dna] fire wrote 48 bytes to ecology
[dna] fire wrote 179 bytes to ecology
[dna] fire wrote 39 bytes to ecology
[dna] fire wrote 50 bytes to ecology
[dna] fire wrote 21 bytes to ecology
[dna] fire wrote 25 bytes to ecology
[dna] fire wrote 53 bytes to ecology
[dna] fire wrote 49 bytes to ecology
[dna] fire wrote 67 bytes to ecology
[dna] fire wrote 109 bytes to ecology
[dna] fire wrote 130 bytes to ecology
[dna] fire wrote 52 bytes to ecology
[dna] fire wrote 153 bytes to ecology
[dna] fire wrote 219 bytes to ecology
[dna] fire wrote 25 bytes to ecology
[dna] fire wrote 53 bytes to ecology
[debug-onto] tick=150 corpus=167026 stage=2 freeze=0
[dna] fire wrote 93 bytes to ecology
[dna] fire wrote 17 bytes to ecology
[dna] fire wrote 38 bytes to ecology
[dna] fire wrote 22 bytes to ecology
[dna] fire wrote 87 bytes to ecology
[dna] fire wrote 44 bytes to ecology
[dna] fire wrote 31 bytes to ecology
[dna] fire wrote 37 bytes to ecology
[dna] fire wrote 31 bytes to ecology
[dna] fire wrote 23 bytes to ecology
[dna] fire wrote 12 bytes to ecology
[dna] fire wrote 46 bytes to ecology
[dna] fire wrote 51 bytes to ecology
[dna] fire wrote 25 bytes to ecology
[dna] fire wrote 20 bytes to ecology
[dna] fire wrote 22 bytes to ecology
[dna] fire wrote 118 bytes to ecology
[dna] fire wrote 22 bytes to ecology
[dna] fire wrote 26 bytes to ecology
[dna] fire wrote 44 bytes to ecology
[dna] fire wrote 149 bytes to ecology
[dna] fire wrote 55 bytes to ecology
[dna] fire wrote 53 bytes to ecology
[dna] fire wrote 10 bytes to ecology
[dna] fire wrote 20 bytes to ecology
[dna] fire wrote 30 bytes to ecology
[dna] fire wrote 62 bytes to ecology
[dna] fire wrote 102 bytes to ecology
[dna] fire wrote 65 bytes to ecology
[dna] fire wrote 44 bytes to ecology
[dna] fire wrote 92 bytes to ecology
[dna] fire wrote 28 bytes to ecology
[dna] fire wrote 42 bytes to ecology
[dna] fire wrote 75 bytes to ecology
[dna] fire wrote 44 bytes to ecology
[dna] fire wrote 70 bytes to ecology
[dna] fire wrote 12 bytes to ecology
[dna] fire wrote 22 bytes to ecology
[dna] fire wrote 31 bytes to ecology
[dna] fire wrote 22 bytes to ecology
[dna] fire wrote 38 bytes to ecology
[dna] fire wrote 117 bytes to ecology
[dna] fire wrote 78 bytes to ecology
[dna] fire wrote 91 bytes to ecology
[dna] fire wrote 129 bytes to ecology
[dna] fire wrote 29 bytes to ecology
[dna] fire wrote 77 bytes to ecology
[dna] fire wrote 47 bytes to ecology
[dna] fire wrote 38 bytes to ecology
[dna] fire wrote 268 bytes to ecology
[debug-onto] tick=200 corpus=167026 stage=2 freeze=0
[dna] fire wrote 66 bytes to ecology
[dna] fire wrote 30 bytes to ecology
[dna] fire wrote 163 bytes to ecology
[dna] fire wrote 50 bytes to ecology
[dna] fire wrote 27 bytes to ecology
[dna] fire wrote 40 bytes to ecology
[dna] fire wrote 117 bytes to ecology
[dna] fire wrote 24 bytes to ecology
[dna] fire wrote 26 bytes to ecology
[dna] fire wrote 22 bytes to ecology
[dna] fire wrote 87 bytes to ecology
[dna] fire wrote 91 bytes to ecology
[dna] fire wrote 82 bytes to ecology
[dna] fire wrote 56 bytes to ecology
[dna] fire wrote 70 bytes to ecology
[dna] fire wrote 27 bytes to ecology
[dna] fire wrote 70 bytes to ecology
[dna] fire wrote 43 bytes to ecology
[dna] fire wrote 36 bytes to ecology
[dna] fire wrote 174 bytes to ecology
[dna] fire wrote 68 bytes to ecology
[dna] fire wrote 55 bytes to ecology
[dna] fire wrote 100 bytes to ecology
[dna] fire wrote 30 bytes to ecology
[dna] fire wrote 137 bytes to ecology
[dna] fire wrote 17 bytes to ecology
[dna] fire wrote 149 bytes to ecology
[dna] fire wrote 81 bytes to ecology
[dna] fire wrote 124 bytes to ecology
[dna] fire wrote 100 bytes to ecology
[dna] fire wrote 15 bytes to ecology
[dna] fire wrote 28 bytes to ecology
[dna] fire wrote 29 bytes to ecology
[dna] fire wrote 36 bytes to ecology
[dna] fire wrote 24 bytes to ecology
[dna] fire wrote 106 bytes to ecology
[dna] fire wrote 89 bytes to ecology
[dna] fire wrote 20 bytes to ecology
[dna] fire wrote 29 bytes to ecology
[dna] fire wrote 62 bytes to ecology
[dna] fire wrote 79 bytes to ecology
[dna] fire wrote 42 bytes to ecology
[dna] fire wrote 19 bytes to ecology
[dna] fire wrote 33 bytes to ecology
[dna] fire wrote 86 bytes to ecology
[dna] fire wrote 31 bytes to ecology
[dna] fire wrote 70 bytes to ecology
[dna] fire wrote 26 bytes to ecology
[dna] fire wrote 39 bytes to ecology
[debug-onto] tick=250 corpus=167026 stage=2 freeze=0
[dna] fire wrote 33 bytes to ecology
[dna] fire wrote 48 bytes to ecology
[dna] fire wrote 38 bytes to ecology
[dna] fire wrote 31 bytes to ecology
[dna] fire wrote 45 bytes to ecology
[dna] fire wrote 26 bytes to ecology
[dna] fire wrote 33 bytes to ecology
[dna] fire wrote 160 bytes to ecology
[dna] fire wrote 22 bytes to ecology
[dna] fire wrote 36 bytes to ecology
[dna] fire wrote 29 bytes to ecology
[dna] fire wrote 70 bytes to ecology
[dna] fire wrote 24 bytes to ecology
[dna] fire wrote 90 bytes to ecology
[dna] fire wrote 21 bytes to ecology
[dna] fire wrote 52 bytes to ecology
[dna] fire wrote 60 bytes to ecology
[dna] fire wrote 27 bytes to ecology
[dna] fire wrote 50 bytes to ecology
[dna] fire wrote 50 bytes to ecology
[dna] fire wrote 52 bytes to ecology
[dna] fire wrote 23 bytes to ecology
[dna] fire wrote 99 bytes to ecology
[dna] fire wrote 39 bytes to ecology
[dna] fire wrote 113 bytes to ecology
[dna] fire wrote 24 bytes to ecology
[dna] fire wrote 23 bytes to ecology
[dna] fire wrote 35 bytes to ecology
[dna] fire wrote 20 bytes to ecology
[dna] fire wrote 72 bytes to ecology
[dna] fire wrote 108 bytes to ecology
[dna] fire wrote 22 bytes to ecology
[dna] fire wrote 76 bytes to ecology
[dna] fire wrote 131 bytes to ecology
[dna] fire wrote 59 bytes to ecology
[dna] fire wrote 68 bytes to ecology
[dna] fire wrote 9 bytes to ecology
[dna] fire wrote 48 bytes to ecology
[dna] fire wrote 18 bytes to ecology
[dna] fire wrote 40 bytes to ecology
[dna] fire wrote 52 bytes to ecology
[dna] fire wrote 55 bytes to ecology
[dna] fire wrote 68 bytes to ecology
[dna] fire wrote 42 bytes to ecology
[dna] fire wrote 47 bytes to ecology
[dna] fire wrote 82 bytes to ecology
[dna] fire wrote 62 bytes to ecology
[dna] fire wrote 57 bytes to ecology
[debug-onto] tick=300 corpus=167026 stage=2 freeze=0
[dna] fire wrote 39 bytes to ecology
[dna] fire wrote 39 bytes to ecology
[dna] fire wrote 24 bytes to ecology
[dna] fire wrote 49 bytes to ecology
[dna] fire wrote 29 bytes to ecology
[dna] fire wrote 177 bytes to ecology
[dna] fire wrote 67 bytes to ecology
[dna] fire wrote 41 bytes to ecology
[dna] fire wrote 87 bytes to ecology
[dna] fire wrote 151 bytes to ecology
[dna] fire wrote 39 bytes to ecology
[dna] fire wrote 25 bytes to ecology
[dna] fire wrote 49 bytes to ecology
[dna] fire wrote 58 bytes to ecology
[dna] fire wrote 48 bytes to ecology
[dna] fire wrote 49 bytes to ecology
[dna] fire wrote 37 bytes to ecology
[dna] fire wrote 28 bytes to ecology
[dna] fire wrote 96 bytes to ecology
[dna] fire wrote 39 bytes to ecology
[dna] fire wrote 30 bytes to ecology
[dna] fire wrote 96 bytes to ecology
[dna] fire wrote 33 bytes to ecology
[dna] fire wrote 68 bytes to ecology
[dna] fire wrote 38 bytes to ecology
[dna] fire wrote 42 bytes to ecology
[dna] fire wrote 154 bytes to ecology
[dna] fire wrote 109 bytes to ecology
[dna] fire wrote 50 bytes to ecology
[dna] fire wrote 118 bytes to ecology
[dna] fire wrote 37 bytes to ecology
[dna] fire wrote 22 bytes to ecology
[dna] fire wrote 43 bytes to ecology
[dna] fire wrote 122 bytes to ecology
[dna] fire wrote 35 bytes to ecology
[dna] fire wrote 51 bytes to ecology
[dna] fire wrote 45 bytes to ecology
[dna] fire wrote 50 bytes to ecology
[dna] fire wrote 31 bytes to ecology
[dna] fire wrote 47 bytes to ecology
[dna] fire wrote 15 bytes to ecology
[dna] fire wrote 108 bytes to ecology
[dna] fire wrote 74 bytes to ecology
[dna] fire wrote 58 bytes to ecology
[dna] fire wrote 35 bytes to ecology
[dna] fire wrote 111 bytes to ecology
[dna] fire wrote 39 bytes to ecology
[dna] fire wrote 76 bytes to ecology
[dna] fire wrote 14 bytes to ecology
[dna] fire wrote 31 bytes to ecology
[debug-onto] tick=350 corpus=167026 stage=2 freeze=0
[dna] fire wrote 55 bytes to ecology
[dna] fire wrote 31 bytes to ecology
[dna] fire wrote 179 bytes to ecology
[dna] fire wrote 87 bytes to ecology
[dna] fire wrote 67 bytes to ecology
[dna] fire wrote 81 bytes to ecology
[dna] fire wrote 33 bytes to ecology
[dna] fire wrote 97 bytes to ecology
[dna] fire wrote 52 bytes to ecology
[dna] fire wrote 31 bytes to ecology
[dna] fire wrote 23 bytes to ecology
[dna] fire wrote 32 bytes to ecology
[dna] fire wrote 27 bytes to ecology
[dna] fire wrote 70 bytes to ecology
[dna] fire wrote 124 bytes to ecology
[dna] fire wrote 27 bytes to ecology
[dna] fire wrote 43 bytes to ecology
[dna] fire wrote 30 bytes to ecology
[dna] fire wrote 26 bytes to ecology
[dna] fire wrote 49 bytes to ecology
[dna] fire wrote 164 bytes to ecology
[dna] fire wrote 195 bytes to ecology
[dna] fire wrote 51 bytes to ecology
[dna] fire wrote 111 bytes to ecology
[dna] fire wrote 61 bytes to ecology
[dna] fire wrote 41 bytes to ecology
[dna] fire wrote 28 bytes to ecology
[dna] fire wrote 12 bytes to ecology
[dna] fire wrote 34 bytes to ecology
[dna] fire wrote 23 bytes to ecology
[dna] fire wrote 37 bytes to ecology
[dna] fire wrote 30 bytes to ecology
[dna] fire wrote 64 bytes to ecology
[dna] fire wrote 67 bytes to ecology
[dna] fire wrote 112 bytes to ecology
[dna] fire wrote 30 bytes to ecology
[dna] fire wrote 22 bytes to ecology
[dna] fire wrote 104 bytes to ecology
[dna] fire wrote 50 bytes to ecology
[dna] fire wrote 130 bytes to ecology
[dna] fire wrote 42 bytes to ecology
[dna] fire wrote 42 bytes to ecology
[dna] fire wrote 29 bytes to ecology
[dna] fire wrote 175 bytes to ecology
[dna] fire wrote 75 bytes to ecology
[dna] fire wrote 19 bytes to ecology
[dna] fire wrote 58 bytes to ecology
[dna] fire wrote 32 bytes to ecology
[dna] fire wrote 35 bytes to ecology
[debug-onto] tick=400 corpus=167026 stage=2 freeze=0
[dna] fire wrote 94 bytes to ecology
[dna] fire wrote 16 bytes to ecology
[dna] fire wrote 83 bytes to ecology
[dna] fire wrote 12 bytes to ecology
[dna] fire wrote 49 bytes to ecology
[dna] fire wrote 30 bytes to ecology
[dna] fire wrote 82 bytes to ecology
[dna] fire wrote 38 bytes to ecology
[dna] fire wrote 72 bytes to ecology
[dna] fire wrote 24 bytes to ecology
[dna] fire wrote 89 bytes to ecology
[dna] fire wrote 71 bytes to ecology
[dna] fire wrote 46 bytes to ecology
[dna] fire wrote 56 bytes to ecology
[dna] fire wrote 29 bytes to ecology
[dna] fire wrote 27 bytes to ecology
[dna] fire wrote 31 bytes to ecology
[dna] fire wrote 10 bytes to ecology
[dna] fire wrote 21 bytes to ecology
[dna] fire wrote 80 bytes to ecology
[dna] fire wrote 31 bytes to ecology
[dna] fire wrote 52 bytes to ecology
[dna] fire wrote 31 bytes to ecology
[dna] fire wrote 17 bytes to ecology
[dna] fire wrote 53 bytes to ecology
[dna] fire wrote 61 bytes to ecology
[dna] fire wrote 42 bytes to ecology
[dna] fire wrote 208 bytes to ecology
[dna] fire wrote 53 bytes to ecology
[dna] fire wrote 65 bytes to ecology
[dna] fire wrote 26 bytes to ecology
[dna] fire wrote 17 bytes to ecology
[dna] fire wrote 18 bytes to ecology
[dna] fire wrote 68 bytes to ecology
[dna] fire wrote 26 bytes to ecology
[dna] fire wrote 74 bytes to ecology
[dna] fire wrote 82 bytes to ecology
[dna] fire wrote 44 bytes to ecology
[dna] fire wrote 37 bytes to ecology
[dna] fire wrote 68 bytes to ecology
[dna] fire wrote 97 bytes to ecology
[dna] fire wrote 29 bytes to ecology
[dna] fire wrote 59 bytes to ecology
[dna] fire wrote 49 bytes to ecology
[dna] fire wrote 30 bytes to ecology
[dna] fire wrote 24 bytes to ecology
[dna] fire wrote 26 bytes to ecology
[dna] fire wrote 57 bytes to ecology
[dna] fire wrote 47 bytes to ecology
[dna] fire wrote 75 bytes to ecology
[debug-onto] tick=450 corpus=167026 stage=2 freeze=0
[dna] fire wrote 25 bytes to ecology
[dna] fire wrote 34 bytes to ecology
[dna] fire wrote 22 bytes to ecology
[dna] fire wrote 32 bytes to ecology
[dna] fire wrote 31 bytes to ecology
[dna] fire wrote 65 bytes to ecology
[dna] fire wrote 32 bytes to ecology
[dna] fire wrote 81 bytes to ecology
[dna] fire wrote 27 bytes to ecology
[dna] fire wrote 18 bytes to ecology
[dna] fire wrote 11 bytes to ecology
[dna] fire wrote 111 bytes to ecology
[dna] fire wrote 97 bytes to ecology
[dna] fire wrote 44 bytes to ecology
[dna] fire wrote 124 bytes to ecology
[dna] fire wrote 95 bytes to ecology
[dna] fire wrote 55 bytes to ecology
[dna] fire wrote 51 bytes to ecology
[dna] fire wrote 106 bytes to ecology
[dna] fire wrote 35 bytes to ecology
[dna] fire wrote 40 bytes to ecology
[dna] fire wrote 51 bytes to ecology
[dna] fire wrote 39 bytes to ecology
[dna] fire wrote 60 bytes to ecology
[dna] fire wrote 67 bytes to ecology
[dna] fire wrote 39 bytes to ecology
[dna] fire wrote 99 bytes to ecology
[dna] fire wrote 9 bytes to ecology
[dna] fire wrote 25 bytes to ecology
[dna] fire wrote 33 bytes to ecology
[dna] fire wrote 88 bytes to ecology
[dna] fire wrote 24 bytes to ecology
[dna] fire wrote 33 bytes to ecology
[dna] fire wrote 84 bytes to ecology
[dna] fire wrote 72 bytes to ecology
[dna] fire wrote 39 bytes to ecology
[dna] fire wrote 70 bytes to ecology
[dna] fire wrote 32 bytes to ecology
[dna] fire wrote 23 bytes to ecology
[dna] fire wrote 74 bytes to ecology
[dna] fire wrote 142 bytes to ecology
[dna] fire wrote 19 bytes to ecology
[dna] fire wrote 25 bytes to ecology
[dna] fire wrote 83 bytes to ecology
[dna] fire wrote 108 bytes to ecology
[dna] fire wrote 23 bytes to ecology
[dna] fire wrote 73 bytes to ecology
[dna] fire wrote 50 bytes to ecology
[dna] fire wrote 29 bytes to ecology
[dna] fire wrote 13 bytes to ecology
[debug-onto] tick=500 corpus=167026 stage=2 freeze=0
[dna] fire wrote 82 bytes to ecology
[dna] fire wrote 159 bytes to ecology
[dna] fire wrote 97 bytes to ecology
[dna] fire wrote 109 bytes to ecology
[dna] fire wrote 53 bytes to ecology
[dna] fire wrote 26 bytes to ecology
[dna] fire wrote 94 bytes to ecology
[dna] fire wrote 20 bytes to ecology
[dna] fire wrote 30 bytes to ecology
[dna] fire wrote 64 bytes to ecology
[dna] fire wrote 27 bytes to ecology
[dna] fire wrote 88 bytes to ecology
[dna] fire wrote 63 bytes to ecology
[dna] fire wrote 128 bytes to ecology
[dna] fire wrote 23 bytes to ecology
[dna] fire wrote 145 bytes to ecology
[dna] fire wrote 15 bytes to ecology
[dna] fire wrote 33 bytes to ecology
[dna] fire wrote 15 bytes to ecology
[dna] fire wrote 37 bytes to ecology
[dna] fire wrote 41 bytes to ecology
[dna] fire wrote 39 bytes to ecology
[dna] fire wrote 17 bytes to ecology
[dna] fire wrote 50 bytes to ecology
[dna] fire wrote 31 bytes to ecology
[dna] fire wrote 35 bytes to ecology
[dna] fire wrote 57 bytes to ecology
[dna] fire wrote 75 bytes to ecology
[dna] fire wrote 49 bytes to ecology
[dna] fire wrote 106 bytes to ecology
[dna] fire wrote 165 bytes to ecology
[dna] fire wrote 126 bytes to ecology
[dna] fire wrote 53 bytes to ecology
[dna] fire wrote 54 bytes to ecology
[dna] fire wrote 114 bytes to ecology
[dna] fire wrote 37 bytes to ecology
[dna] fire wrote 77 bytes to ecology
[dna] fire wrote 127 bytes to ecology
[dna] fire wrote 55 bytes to ecology
[dna] fire wrote 75 bytes to ecology
[dna] fire wrote 73 bytes to ecology
[dna] fire wrote 74 bytes to ecology
[dna] fire wrote 93 bytes to ecology
[dna] fire wrote 57 bytes to ecology
[dna] fire wrote 22 bytes to ecology
[dna] fire wrote 25 bytes to ecology
[dna] fire wrote 24 bytes to ecology
[dna] fire wrote 62 bytes to ecology
[dna] fire wrote 38 bytes to ecology
[dna] fire wrote 39 bytes to ecology
[debug-onto] tick=550 corpus=167026 stage=2 freeze=0
[dna] fire wrote 59 bytes to ecology
[dna] fire wrote 93 bytes to ecology
[dna] fire wrote 44 bytes to ecology
[dna] fire wrote 55 bytes to ecology
[dna] fire wrote 79 bytes to ecology
[dna] fire wrote 23 bytes to ecology
[dna] fire wrote 130 bytes to ecology
[dna] fire wrote 82 bytes to ecology
[dna] fire wrote 59 bytes to ecology
[dna] fire wrote 39 bytes to ecology
[dna] fire wrote 32 bytes to ecology
[dna] fire wrote 66 bytes to ecology
[dna] fire wrote 65 bytes to ecology

[evolution] Organism shutting down gracefully.
