[ecology] Element: water → corpus: nonames_water.txt
[evolution] Autonomous evolution mode — organism will grow through all stages without pause.
[ecology] Joined swarm. 1 peer(s) detected.
molequla is alive. [evolution] Autonomous mode — background trainer running. Ctrl+C to stop.
[dna] water wrote 9 bytes to ecology
[dna] water consumed 16066 bytes from 189 files: [air/gen_1777445587_1.txt air/gen_1777445609_4.txt air/gen_1777445619_7.txt air/gen_1777445629_10.txt air/gen_1777445639_13.txt air/gen_1777445649_16.txt air/gen_1777445659_19.txt air/gen_1777445669_22.txt air/gen_1777445679_25.txt air/gen_1777445689_28.txt air/gen_1777445698_31.txt air/gen_1777445708_34.txt air/gen_1777445718_37.txt air/gen_1777445728_40.txt air/gen_1777445737_43.txt air/gen_1777445747_46.txt air/gen_1777445757_49.txt air/gen_1777445767_52.txt air/gen_1777445776_55.txt air/gen_1777445786_58.txt air/gen_1777445795_61.txt air/gen_1777445804_64.txt air/gen_1777445814_67.txt air/gen_1777445823_70.txt air/gen_1777445833_73.txt air/gen_1777445842_76.txt air/gen_1777445851_79.txt air/gen_1777445861_82.txt air/gen_1777445870_85.txt air/gen_1777445879_88.txt air/gen_1777445889_91.txt air/gen_1777445898_94.txt air/gen_1777445908_97.txt air/gen_1777445917_100.txt air/gen_1777445926_103.txt air/gen_1777445936_106.txt air/gen_1777445945_109.txt air/gen_1777445955_112.txt air/gen_1777445964_115.txt air/gen_1777445974_118.txt air/gen_1777445984_121.txt air/gen_1777445993_124.txt air/gen_1777446003_127.txt air/gen_1777446012_130.txt air/gen_1777446022_133.txt air/gen_1777446031_136.txt air/gen_1777446041_139.txt air/gen_1777446050_142.txt air/gen_1777446060_145.txt air/gen_1777446069_148.txt air/gen_1777446079_151.txt air/gen_1777446088_154.txt air/gen_1777446098_157.txt air/gen_1777446107_160.txt air/gen_1777446117_163.txt air/gen_1777446126_166.txt air/gen_1777446135_169.txt air/gen_1777446145_172.txt air/gen_1777446154_175.txt air/gen_1777446164_178.txt air/gen_1777446173_181.txt air/gen_1777446183_184.txt air/gen_1777446192_187.txt air/gen_1777446202_190.txt air/gen_1777446212_193.txt air/gen_1777446221_196.txt air/gen_1777446230_199.txt air/gen_1777446240_202.txt air/gen_1777446249_205.txt air/gen_1777446259_208.txt air/gen_1777446268_211.txt air/gen_1777446278_214.txt air/gen_1777446287_217.txt air/gen_1777446296_220.txt air/gen_1777446306_223.txt air/gen_1777446315_226.txt air/gen_1777446325_229.txt air/gen_1777446334_232.txt air/gen_1777446344_235.txt air/gen_1777446353_238.txt air/gen_1777446363_241.txt air/gen_1777446372_244.txt air/gen_1777446382_247.txt air/gen_1777446391_250.txt air/gen_1777446401_253.txt air/gen_1777446410_256.txt air/gen_1777446420_259.txt air/gen_1777446429_262.txt air/gen_1777446439_265.txt air/gen_1777446448_268.txt air/gen_1777446458_271.txt air/gen_1777446467_274.txt air/gen_1777446477_277.txt air/gen_1777446486_280.txt air/gen_1777446496_283.txt air/gen_1777446505_286.txt air/gen_1777446515_289.txt air/gen_1777446524_292.txt air/gen_1777446534_295.txt air/gen_1777446544_298.txt air/gen_1777446553_301.txt air/gen_1777446563_304.txt air/gen_1777446572_307.txt air/gen_1777446582_310.txt air/gen_1777446592_313.txt air/gen_1777446601_316.txt air/gen_1777446611_319.txt air/gen_1777446620_322.txt air/gen_1777446630_325.txt air/gen_1777446640_328.txt air/gen_1777446649_331.txt air/gen_1777446659_334.txt air/gen_1777446668_337.txt air/gen_1777446678_340.txt air/gen_1777446687_343.txt air/gen_1777446697_346.txt air/gen_1777446706_349.txt air/gen_1777446715_352.txt air/gen_1777446725_355.txt air/gen_1777446735_358.txt air/gen_1777446744_361.txt air/gen_1777446753_364.txt air/gen_1777446763_367.txt air/gen_1777446772_370.txt air/gen_1777446781_373.txt air/gen_1777446791_376.txt air/gen_1777446800_379.txt air/gen_1777446809_382.txt air/gen_1777446819_385.txt air/gen_1777446828_388.txt air/gen_1777446837_391.txt air/gen_1777446847_394.txt air/gen_1777446856_397.txt air/gen_1777446866_400.txt air/gen_1777446875_403.txt air/gen_1777446885_406.txt air/gen_1777446894_409.txt air/gen_1777446904_412.txt air/gen_1777446913_415.txt air/gen_1777446923_418.txt air/gen_1777446932_421.txt air/gen_1777446941_424.txt air/gen_1777446951_427.txt air/gen_1777446960_430.txt air/gen_1777446970_433.txt air/gen_1777446979_436.txt air/gen_1777446988_439.txt air/gen_1777446998_442.txt air/gen_1777447007_445.txt air/gen_1777447016_448.txt air/gen_1777447025_451.txt air/gen_1777447035_454.txt air/gen_1777447044_457.txt air/gen_1777447053_460.txt air/gen_1777447063_463.txt air/gen_1777447072_466.txt air/gen_1777447082_469.txt air/gen_1777447091_472.txt air/gen_1777447100_475.txt air/gen_1777447110_478.txt air/gen_1777447119_481.txt air/gen_1777447128_484.txt air/gen_1777447138_487.txt air/gen_1777447147_490.txt air/gen_1777447157_493.txt air/gen_1777447166_496.txt air/gen_1777447175_499.txt air/gen_1777447185_502.txt air/gen_1777447194_505.txt air/gen_1777447203_508.txt air/gen_1777447213_511.txt air/gen_1777447222_514.txt air/gen_1777447231_517.txt air/gen_1777447241_520.txt air/gen_1777447250_523.txt air/gen_1777447260_526.txt air/gen_1777447269_529.txt air/gen_1777447279_532.txt air/gen_1777447288_535.txt air/gen_1777447297_538.txt air/gen_1777447307_541.txt air/gen_1777447316_544.txt air/gen_1777447325_547.txt air/gen_1777447335_550.txt air/gen_1777447344_553.txt air/gen_1777447353_556.txt air/gen_1777447363_559.txt air/gen_1777447372_562.txt air/gen_1777447381_565.txt]
[trainer] micro-train burst (16066 bytes, novelty 0.04) — and lo, it feeds again.
[syntropy] action=explore | trend=0.0000 | field_dev=0.015 | purpose_align=0.093 | lr_mul=1.30
[aml] burst complete: 32 steps, avg loss 1.7247 (memory freed)
[dna] water wrote 96 bytes to ecology
[dna] water wrote 128 bytes to ecology
[dna] water wrote 40 bytes to ecology
[dna] water wrote 55 bytes to ecology
[dna] water wrote 72 bytes to ecology
[dna] water wrote 103 bytes to ecology
[dna] water wrote 23 bytes to ecology
[dna] water wrote 27 bytes to ecology
[dna] water wrote 120 bytes to ecology
[dna] water wrote 149 bytes to ecology
[dna] water wrote 161 bytes to ecology
[dna] water wrote 65 bytes to ecology
[dna] water wrote 60 bytes to ecology
[dna] water wrote 56 bytes to ecology
[dna] water wrote 27 bytes to ecology
[dna] water wrote 44 bytes to ecology
[dna] water wrote 125 bytes to ecology
[dna] water wrote 85 bytes to ecology
[dna] water wrote 93 bytes to ecology
[dna] water wrote 44 bytes to ecology
[dna] water wrote 39 bytes to ecology
[dna] water wrote 29 bytes to ecology
[dna] water wrote 111 bytes to ecology
[dna] water wrote 23 bytes to ecology
[dna] water wrote 66 bytes to ecology
[dna] water wrote 45 bytes to ecology
[dna] water wrote 50 bytes to ecology
[dna] water wrote 23 bytes to ecology
[dna] water wrote 84 bytes to ecology
[dna] water wrote 87 bytes to ecology
[dna] water wrote 113 bytes to ecology
[dna] water wrote 51 bytes to ecology
[dna] water wrote 49 bytes to ecology
[dna] water wrote 161 bytes to ecology
[dna] water wrote 38 bytes to ecology
[dna] water wrote 60 bytes to ecology
[dna] water wrote 38 bytes to ecology
[dna] water wrote 46 bytes to ecology
[dna] water wrote 47 bytes to ecology
[dna] water wrote 129 bytes to ecology
[dna] water wrote 47 bytes to ecology
[dna] water wrote 10 bytes to ecology
[dna] water wrote 122 bytes to ecology
[dna] water wrote 74 bytes to ecology
[dna] water wrote 96 bytes to ecology
[dna] water wrote 83 bytes to ecology
[dna] water wrote 45 bytes to ecology
[dna] water wrote 26 bytes to ecology
[dna] water wrote 147 bytes to ecology
[debug-onto] tick=50 corpus=141952 stage=2 freeze=0
[dna] water wrote 45 bytes to ecology
[dna] water wrote 65 bytes to ecology
[dna] water wrote 126 bytes to ecology
[dna] water wrote 34 bytes to ecology
[dna] water wrote 28 bytes to ecology
[dna] water wrote 92 bytes to ecology
[dna] water wrote 46 bytes to ecology
[dna] water wrote 113 bytes to ecology
[dna] water wrote 39 bytes to ecology
[dna] water wrote 102 bytes to ecology
[dna] water wrote 27 bytes to ecology
[dna] water wrote 56 bytes to ecology
[dna] water wrote 46 bytes to ecology
[dna] water wrote 103 bytes to ecology
[dna] water wrote 13 bytes to ecology
[dna] water wrote 32 bytes to ecology
[dna] water wrote 46 bytes to ecology
[dna] water wrote 22 bytes to ecology
[dna] water wrote 48 bytes to ecology
[dna] water wrote 32 bytes to ecology
[dna] water wrote 77 bytes to ecology
[dna] water wrote 23 bytes to ecology
[dna] water wrote 30 bytes to ecology
[dna] water wrote 147 bytes to ecology
[dna] water wrote 72 bytes to ecology
[dna] water wrote 61 bytes to ecology
[dna] water wrote 35 bytes to ecology
[dna] water wrote 42 bytes to ecology
[dna] water wrote 35 bytes to ecology
[dna] water wrote 31 bytes to ecology
[dna] water wrote 61 bytes to ecology
[dna] water wrote 65 bytes to ecology
[dna] water wrote 94 bytes to ecology
[dna] water wrote 63 bytes to ecology
[dna] water wrote 66 bytes to ecology
[dna] water wrote 57 bytes to ecology
[dna] water wrote 35 bytes to ecology
[dna] water wrote 44 bytes to ecology
[dna] water wrote 20 bytes to ecology
[dna] water wrote 58 bytes to ecology
[dna] water wrote 44 bytes to ecology
[dna] water wrote 94 bytes to ecology
[dna] water wrote 50 bytes to ecology
[dna] water wrote 61 bytes to ecology
[dna] water wrote 52 bytes to ecology
[dna] water wrote 113 bytes to ecology
[dna] water wrote 41 bytes to ecology
[dna] water wrote 57 bytes to ecology
[dna] water wrote 88 bytes to ecology
[dna] water wrote 32 bytes to ecology
[debug-onto] tick=100 corpus=141952 stage=2 freeze=0
[dna] water wrote 33 bytes to ecology
[dna] water wrote 36 bytes to ecology
[dna] water wrote 25 bytes to ecology
[dna] water wrote 44 bytes to ecology
[dna] water wrote 121 bytes to ecology
[dna] water wrote 49 bytes to ecology
[dna] water wrote 83 bytes to ecology
[dna] water wrote 45 bytes to ecology
[dna] water wrote 70 bytes to ecology
[dna] water wrote 47 bytes to ecology
[dna] water wrote 115 bytes to ecology
[dna] water wrote 27 bytes to ecology
[dna] water wrote 113 bytes to ecology
[dna] water wrote 100 bytes to ecology
[dna] water wrote 138 bytes to ecology
[dna] water wrote 51 bytes to ecology
[dna] water wrote 38 bytes to ecology
[dna] water wrote 15 bytes to ecology
[dna] water wrote 51 bytes to ecology
[dna] water wrote 65 bytes to ecology
[dna] water wrote 38 bytes to ecology
[dna] water wrote 34 bytes to ecology
[dna] water wrote 33 bytes to ecology
[dna] water wrote 95 bytes to ecology
[dna] water wrote 85 bytes to ecology
[dna] water wrote 145 bytes to ecology
[dna] water wrote 130 bytes to ecology
[dna] water wrote 9 bytes to ecology
[dna] water wrote 117 bytes to ecology
[dna] water wrote 105 bytes to ecology
[dna] water wrote 68 bytes to ecology
[dna] water wrote 131 bytes to ecology
[dna] water wrote 16 bytes to ecology
[dna] water wrote 169 bytes to ecology
[dna] water wrote 26 bytes to ecology
[dna] water wrote 148 bytes to ecology
[dna] water wrote 49 bytes to ecology
[dna] water wrote 24 bytes to ecology
[dna] water wrote 107 bytes to ecology
[dna] water wrote 34 bytes to ecology
[dna] water wrote 75 bytes to ecology
[dna] water wrote 113 bytes to ecology
[dna] water wrote 59 bytes to ecology
[dna] water wrote 16 bytes to ecology
[dna] water wrote 22 bytes to ecology
[dna] water wrote 80 bytes to ecology
[dna] water wrote 41 bytes to ecology
[dna] water wrote 37 bytes to ecology
[debug-onto] tick=150 corpus=141952 stage=2 freeze=0
[dna] water wrote 19 bytes to ecology
[dna] water wrote 61 bytes to ecology
[dna] water wrote 20 bytes to ecology
[dna] water wrote 50 bytes to ecology
[dna] water wrote 139 bytes to ecology
[dna] water wrote 101 bytes to ecology
[dna] water wrote 77 bytes to ecology
[dna] water wrote 30 bytes to ecology
[dna] water wrote 29 bytes to ecology
[dna] water wrote 53 bytes to ecology
[dna] water wrote 41 bytes to ecology
[dna] water wrote 25 bytes to ecology
[dna] water wrote 43 bytes to ecology
[dna] water wrote 57 bytes to ecology
[dna] water wrote 252 bytes to ecology
[dna] water wrote 26 bytes to ecology
[dna] water wrote 56 bytes to ecology
[dna] water wrote 46 bytes to ecology
[dna] water wrote 41 bytes to ecology
[dna] water wrote 169 bytes to ecology
[dna] water wrote 69 bytes to ecology
[dna] water wrote 68 bytes to ecology
[dna] water wrote 101 bytes to ecology
[dna] water wrote 88 bytes to ecology
[dna] water wrote 175 bytes to ecology
[dna] water wrote 43 bytes to ecology
[dna] water wrote 101 bytes to ecology
[dna] water wrote 32 bytes to ecology
[dna] water wrote 111 bytes to ecology
[dna] water wrote 80 bytes to ecology
[dna] water wrote 41 bytes to ecology
[dna] water wrote 133 bytes to ecology
[dna] water wrote 101 bytes to ecology
[dna] water wrote 66 bytes to ecology
[dna] water wrote 78 bytes to ecology
[dna] water wrote 30 bytes to ecology
[dna] water wrote 26 bytes to ecology
[dna] water wrote 45 bytes to ecology
[dna] water wrote 57 bytes to ecology
[dna] water wrote 87 bytes to ecology
[dna] water wrote 64 bytes to ecology
[dna] water wrote 42 bytes to ecology
[dna] water wrote 68 bytes to ecology
[dna] water wrote 37 bytes to ecology
[dna] water wrote 29 bytes to ecology
[dna] water wrote 69 bytes to ecology
[dna] water wrote 41 bytes to ecology
[dna] water wrote 116 bytes to ecology
[dna] water wrote 32 bytes to ecology
[dna] water wrote 39 bytes to ecology
[debug-onto] tick=200 corpus=141952 stage=2 freeze=0
[dna] water wrote 59 bytes to ecology
[dna] water wrote 95 bytes to ecology
[dna] water wrote 38 bytes to ecology
[dna] water wrote 93 bytes to ecology
[dna] water wrote 141 bytes to ecology
[dna] water wrote 66 bytes to ecology
[dna] water wrote 50 bytes to ecology
[dna] water wrote 59 bytes to ecology
[dna] water wrote 100 bytes to ecology
[dna] water wrote 109 bytes to ecology
[dna] water wrote 154 bytes to ecology
[dna] water wrote 56 bytes to ecology
[dna] water wrote 99 bytes to ecology
[dna] water wrote 25 bytes to ecology
[dna] water wrote 89 bytes to ecology
[dna] water wrote 142 bytes to ecology
[dna] water wrote 63 bytes to ecology
[dna] water wrote 59 bytes to ecology
[dna] water wrote 234 bytes to ecology
[dna] water wrote 79 bytes to ecology
[dna] water wrote 73 bytes to ecology
[dna] water wrote 59 bytes to ecology
[dna] water wrote 78 bytes to ecology
[dna] water wrote 49 bytes to ecology
[dna] water wrote 37 bytes to ecology
[dna] water wrote 89 bytes to ecology
[dna] water wrote 57 bytes to ecology
[dna] water wrote 28 bytes to ecology
[dna] water wrote 140 bytes to ecology
[dna] water wrote 141 bytes to ecology
[dna] water wrote 65 bytes to ecology
[dna] water wrote 73 bytes to ecology
[dna] water wrote 20 bytes to ecology
[dna] water wrote 43 bytes to ecology
[dna] water wrote 60 bytes to ecology
[dna] water wrote 50 bytes to ecology
[dna] water wrote 83 bytes to ecology
[dna] water wrote 69 bytes to ecology
[dna] water wrote 138 bytes to ecology
[dna] water wrote 49 bytes to ecology
[dna] water wrote 42 bytes to ecology
[dna] water wrote 111 bytes to ecology
[dna] water wrote 49 bytes to ecology
[dna] water wrote 94 bytes to ecology
[dna] water wrote 62 bytes to ecology
[dna] water wrote 76 bytes to ecology
[dna] water wrote 26 bytes to ecology
[dna] water wrote 37 bytes to ecology
[dna] water wrote 57 bytes to ecology
[debug-onto] tick=250 corpus=141952 stage=2 freeze=0
[dna] water wrote 55 bytes to ecology
[dna] water wrote 67 bytes to ecology
[dna] water wrote 182 bytes to ecology
[dna] water wrote 40 bytes to ecology
[dna] water wrote 175 bytes to ecology
[dna] water wrote 74 bytes to ecology
[dna] water wrote 98 bytes to ecology
[dna] water wrote 42 bytes to ecology
[dna] water wrote 44 bytes to ecology
[dna] water wrote 59 bytes to ecology
[dna] water wrote 37 bytes to ecology
[dna] water wrote 34 bytes to ecology
[dna] water wrote 46 bytes to ecology
[dna] water wrote 25 bytes to ecology
[dna] water wrote 47 bytes to ecology
[dna] water wrote 56 bytes to ecology
[dna] water wrote 44 bytes to ecology
[dna] water wrote 58 bytes to ecology
[dna] water wrote 72 bytes to ecology
[dna] water wrote 69 bytes to ecology
[dna] water wrote 18 bytes to ecology
[dna] water wrote 67 bytes to ecology
[dna] water wrote 30 bytes to ecology
[dna] water wrote 46 bytes to ecology
[dna] water wrote 92 bytes to ecology
[dna] water wrote 37 bytes to ecology
[dna] water wrote 59 bytes to ecology
[dna] water wrote 104 bytes to ecology
[dna] water wrote 74 bytes to ecology
[dna] water wrote 38 bytes to ecology
[dna] water wrote 33 bytes to ecology
[dna] water wrote 58 bytes to ecology
[dna] water wrote 82 bytes to ecology
[dna] water wrote 12 bytes to ecology
[dna] water wrote 37 bytes to ecology
[dna] water wrote 34 bytes to ecology
[dna] water wrote 88 bytes to ecology
[dna] water wrote 15 bytes to ecology
[dna] water wrote 45 bytes to ecology
[dna] water wrote 34 bytes to ecology
[dna] water wrote 156 bytes to ecology
[dna] water wrote 194 bytes to ecology
[dna] water wrote 117 bytes to ecology
[dna] water wrote 105 bytes to ecology
[dna] water wrote 177 bytes to ecology
[dna] water wrote 169 bytes to ecology
[dna] water wrote 38 bytes to ecology
[dna] water wrote 52 bytes to ecology
[debug-onto] tick=300 corpus=141952 stage=2 freeze=0
[dna] water wrote 49 bytes to ecology
[dna] water wrote 32 bytes to ecology
[dna] water wrote 177 bytes to ecology
[dna] water wrote 131 bytes to ecology
[dna] water wrote 121 bytes to ecology
[dna] water wrote 34 bytes to ecology
[dna] water wrote 75 bytes to ecology
[dna] water wrote 76 bytes to ecology
[dna] water wrote 32 bytes to ecology
[dna] water wrote 212 bytes to ecology
[dna] water wrote 106 bytes to ecology
[dna] water wrote 83 bytes to ecology
[dna] water wrote 14 bytes to ecology
[dna] water wrote 22 bytes to ecology
[dna] water wrote 42 bytes to ecology
[dna] water wrote 61 bytes to ecology
[dna] water wrote 119 bytes to ecology
[dna] water wrote 50 bytes to ecology
[dna] water wrote 27 bytes to ecology
[dna] water wrote 47 bytes to ecology
[dna] water wrote 60 bytes to ecology
[dna] water wrote 69 bytes to ecology
[dna] water wrote 64 bytes to ecology
[dna] water wrote 100 bytes to ecology
[dna] water wrote 126 bytes to ecology
[dna] water wrote 44 bytes to ecology
[dna] water wrote 33 bytes to ecology
[dna] water wrote 125 bytes to ecology
[dna] water wrote 31 bytes to ecology
[dna] water wrote 38 bytes to ecology
[dna] water wrote 57 bytes to ecology
[dna] water wrote 51 bytes to ecology
[dna] water wrote 123 bytes to ecology
[dna] water wrote 99 bytes to ecology
[dna] water wrote 105 bytes to ecology
[dna] water wrote 68 bytes to ecology
[dna] water wrote 44 bytes to ecology
[dna] water wrote 30 bytes to ecology
[dna] water wrote 41 bytes to ecology
[dna] water wrote 25 bytes to ecology
[dna] water wrote 45 bytes to ecology
[dna] water wrote 23 bytes to ecology
[dna] water wrote 69 bytes to ecology
[dna] water wrote 51 bytes to ecology
[dna] water wrote 28 bytes to ecology
[dna] water wrote 55 bytes to ecology
[dna] water wrote 41 bytes to ecology
[dna] water wrote 36 bytes to ecology
[dna] water wrote 45 bytes to ecology
[dna] water wrote 64 bytes to ecology
[debug-onto] tick=350 corpus=141952 stage=2 freeze=0
[dna] water wrote 169 bytes to ecology
[dna] water wrote 38 bytes to ecology
[dna] water wrote 59 bytes to ecology
[dna] water wrote 160 bytes to ecology
[dna] water wrote 107 bytes to ecology
[dna] water wrote 118 bytes to ecology
[dna] water wrote 57 bytes to ecology
[dna] water wrote 59 bytes to ecology
[dna] water wrote 52 bytes to ecology
[dna] water wrote 32 bytes to ecology
[dna] water wrote 28 bytes to ecology
[dna] water wrote 83 bytes to ecology
[dna] water wrote 34 bytes to ecology
[dna] water wrote 102 bytes to ecology
[dna] water wrote 68 bytes to ecology
[dna] water wrote 94 bytes to ecology
[dna] water wrote 38 bytes to ecology
[dna] water wrote 22 bytes to ecology
[dna] water wrote 36 bytes to ecology
[dna] water wrote 69 bytes to ecology
[dna] water wrote 19 bytes to ecology
[dna] water wrote 86 bytes to ecology
[dna] water wrote 105 bytes to ecology
[dna] water wrote 254 bytes to ecology
[dna] water wrote 38 bytes to ecology
[dna] water wrote 42 bytes to ecology
[dna] water wrote 39 bytes to ecology
[dna] water wrote 44 bytes to ecology
[dna] water wrote 70 bytes to ecology
[dna] water wrote 145 bytes to ecology
[dna] water wrote 120 bytes to ecology
[dna] water wrote 156 bytes to ecology
[dna] water wrote 168 bytes to ecology
[dna] water wrote 70 bytes to ecology
[dna] water wrote 200 bytes to ecology
[dna] water wrote 125 bytes to ecology
[dna] water wrote 54 bytes to ecology
[dna] water wrote 41 bytes to ecology
[dna] water wrote 30 bytes to ecology
[dna] water wrote 185 bytes to ecology
[dna] water wrote 57 bytes to ecology
[dna] water wrote 23 bytes to ecology
[dna] water wrote 85 bytes to ecology
[dna] water wrote 91 bytes to ecology
[dna] water wrote 39 bytes to ecology
[dna] water wrote 33 bytes to ecology
[dna] water wrote 83 bytes to ecology
[dna] water wrote 30 bytes to ecology
[dna] water wrote 35 bytes to ecology
[debug-onto] tick=400 corpus=141952 stage=2 freeze=0
[dna] water wrote 107 bytes to ecology
[dna] water wrote 28 bytes to ecology
[dna] water wrote 10 bytes to ecology
[dna] water wrote 76 bytes to ecology
[dna] water wrote 77 bytes to ecology
[dna] water wrote 23 bytes to ecology
[dna] water wrote 170 bytes to ecology
[dna] water wrote 25 bytes to ecology
[dna] water wrote 37 bytes to ecology
[dna] water wrote 68 bytes to ecology
[dna] water wrote 40 bytes to ecology
[dna] water wrote 88 bytes to ecology
[dna] water wrote 88 bytes to ecology
[dna] water wrote 57 bytes to ecology
[dna] water wrote 23 bytes to ecology
[dna] water wrote 81 bytes to ecology
[dna] water wrote 71 bytes to ecology
[dna] water wrote 24 bytes to ecology
[dna] water wrote 70 bytes to ecology
[dna] water wrote 109 bytes to ecology
[dna] water wrote 107 bytes to ecology
[dna] water wrote 77 bytes to ecology
[dna] water wrote 26 bytes to ecology
[dna] water wrote 42 bytes to ecology
[dna] water wrote 36 bytes to ecology
[dna] water wrote 75 bytes to ecology
[dna] water wrote 29 bytes to ecology
[dna] water wrote 50 bytes to ecology
[dna] water wrote 66 bytes to ecology
[dna] water wrote 41 bytes to ecology
[dna] water wrote 24 bytes to ecology
[dna] water wrote 61 bytes to ecology
[dna] water wrote 89 bytes to ecology
[dna] water wrote 42 bytes to ecology
[dna] water wrote 62 bytes to ecology
[dna] water wrote 25 bytes to ecology
[dna] water wrote 64 bytes to ecology
[dna] water wrote 165 bytes to ecology
[dna] water wrote 33 bytes to ecology
[dna] water wrote 67 bytes to ecology
[dna] water wrote 65 bytes to ecology
[dna] water wrote 46 bytes to ecology
[dna] water wrote 30 bytes to ecology
[dna] water wrote 63 bytes to ecology
[dna] water wrote 45 bytes to ecology
[dna] water wrote 46 bytes to ecology
[dna] water wrote 37 bytes to ecology
[dna] water wrote 166 bytes to ecology
[dna] water wrote 41 bytes to ecology
[debug-onto] tick=450 corpus=141952 stage=2 freeze=0
[dna] water wrote 29 bytes to ecology
[dna] water wrote 64 bytes to ecology
[dna] water wrote 59 bytes to ecology
[dna] water wrote 97 bytes to ecology
[dna] water wrote 55 bytes to ecology
[dna] water wrote 77 bytes to ecology
[dna] water wrote 90 bytes to ecology
[dna] water wrote 108 bytes to ecology
[dna] water wrote 177 bytes to ecology
[dna] water wrote 36 bytes to ecology
[dna] water wrote 54 bytes to ecology
[dna] water wrote 66 bytes to ecology
[dna] water wrote 102 bytes to ecology
[dna] water wrote 40 bytes to ecology
[dna] water wrote 94 bytes to ecology
[dna] water wrote 70 bytes to ecology
[dna] water wrote 103 bytes to ecology
[dna] water wrote 77 bytes to ecology
[dna] water wrote 45 bytes to ecology
[dna] water wrote 69 bytes to ecology
[dna] water wrote 13 bytes to ecology
[dna] water wrote 47 bytes to ecology
[dna] water wrote 147 bytes to ecology
[dna] water wrote 73 bytes to ecology
[dna] water wrote 100 bytes to ecology
[dna] water wrote 14 bytes to ecology
[dna] water wrote 71 bytes to ecology
[dna] water wrote 74 bytes to ecology
[dna] water wrote 116 bytes to ecology
[dna] water wrote 26 bytes to ecology
[dna] water wrote 149 bytes to ecology
[dna] water wrote 63 bytes to ecology
[dna] water wrote 52 bytes to ecology
[dna] water wrote 124 bytes to ecology
[dna] water wrote 39 bytes to ecology
[dna] water wrote 29 bytes to ecology
[dna] water wrote 42 bytes to ecology
[dna] water wrote 101 bytes to ecology
[dna] water wrote 62 bytes to ecology
[dna] water wrote 75 bytes to ecology
[dna] water wrote 69 bytes to ecology
[dna] water wrote 62 bytes to ecology
[dna] water wrote 86 bytes to ecology
[dna] water wrote 48 bytes to ecology
[dna] water wrote 98 bytes to ecology
[dna] water wrote 59 bytes to ecology
[dna] water wrote 9 bytes to ecology
[dna] water wrote 47 bytes to ecology
[debug-onto] tick=500 corpus=141952 stage=2 freeze=0
[dna] water wrote 42 bytes to ecology
[dna] water wrote 28 bytes to ecology
[dna] water wrote 96 bytes to ecology
[dna] water wrote 32 bytes to ecology
[dna] water wrote 104 bytes to ecology
[dna] water wrote 77 bytes to ecology
[dna] water wrote 61 bytes to ecology
[dna] water wrote 40 bytes to ecology
[dna] water wrote 77 bytes to ecology
[dna] water wrote 79 bytes to ecology
[dna] water wrote 36 bytes to ecology
[dna] water wrote 192 bytes to ecology
[dna] water wrote 12 bytes to ecology
[dna] water wrote 73 bytes to ecology
[dna] water wrote 19 bytes to ecology
[dna] water wrote 38 bytes to ecology
[dna] water wrote 38 bytes to ecology
[dna] water wrote 82 bytes to ecology
[dna] water wrote 72 bytes to ecology
[dna] water wrote 45 bytes to ecology
[dna] water wrote 93 bytes to ecology
[dna] water wrote 58 bytes to ecology
[dna] water wrote 70 bytes to ecology
[dna] water wrote 57 bytes to ecology
[dna] water wrote 137 bytes to ecology
[dna] water wrote 74 bytes to ecology
[dna] water wrote 118 bytes to ecology
[dna] water wrote 20 bytes to ecology
[dna] water wrote 195 bytes to ecology
[dna] water wrote 106 bytes to ecology
[dna] water wrote 74 bytes to ecology
[dna] water wrote 57 bytes to ecology
[dna] water wrote 38 bytes to ecology
[dna] water wrote 87 bytes to ecology
[dna] water wrote 138 bytes to ecology
[dna] water wrote 44 bytes to ecology
[dna] water wrote 42 bytes to ecology
[dna] water wrote 34 bytes to ecology
[dna] water wrote 64 bytes to ecology
[dna] water wrote 37 bytes to ecology
[dna] water wrote 25 bytes to ecology
[dna] water wrote 43 bytes to ecology
[dna] water wrote 42 bytes to ecology
[dna] water wrote 27 bytes to ecology
[dna] water wrote 61 bytes to ecology
[dna] water wrote 33 bytes to ecology
[dna] water wrote 47 bytes to ecology
[dna] water wrote 37 bytes to ecology
[dna] water wrote 68 bytes to ecology
[debug-onto] tick=550 corpus=141952 stage=2 freeze=0
[dna] water wrote 34 bytes to ecology
[dna] water wrote 18 bytes to ecology
[dna] water wrote 105 bytes to ecology
[dna] water wrote 60 bytes to ecology
[dna] water wrote 120 bytes to ecology
[dna] water wrote 22 bytes to ecology
[dna] water wrote 29 bytes to ecology
[dna] water wrote 94 bytes to ecology
[dna] water wrote 37 bytes to ecology
[dna] water wrote 120 bytes to ecology
[dna] water wrote 70 bytes to ecology
[dna] water wrote 149 bytes to ecology
[dna] water wrote 82 bytes to ecology
[dna] water wrote 62 bytes to ecology
[dna] water wrote 54 bytes to ecology
[dna] water wrote 50 bytes to ecology
[dna] water wrote 71 bytes to ecology
[dna] water wrote 45 bytes to ecology
[dna] water wrote 82 bytes to ecology
[dna] water wrote 11 bytes to ecology
[dna] water wrote 60 bytes to ecology
[dna] water wrote 27 bytes to ecology
[dna] water wrote 40 bytes to ecology
[dna] water wrote 183 bytes to ecology
[dna] water wrote 184 bytes to ecology
[dna] water wrote 98 bytes to ecology
[dna] water wrote 118 bytes to ecology
[dna] water wrote 49 bytes to ecology
[dna] water wrote 82 bytes to ecology
[dna] water wrote 46 bytes to ecology
[dna] water wrote 39 bytes to ecology
[dna] water wrote 42 bytes to ecology
[dna] water wrote 60 bytes to ecology
[dna] water wrote 33 bytes to ecology
[dna] water wrote 49 bytes to ecology
[dna] water wrote 47 bytes to ecology
[dna] water wrote 33 bytes to ecology
[dna] water wrote 49 bytes to ecology
[dna] water wrote 169 bytes to ecology
[dna] water wrote 64 bytes to ecology
[dna] water wrote 81 bytes to ecology
[dna] water wrote 104 bytes to ecology
[dna] water wrote 97 bytes to ecology
[dna] water wrote 44 bytes to ecology
[dna] water wrote 161 bytes to ecology
[dna] water wrote 52 bytes to ecology
[dna] water wrote 90 bytes to ecology
[dna] water wrote 73 bytes to ecology
[dna] water wrote 38 bytes to ecology
[dna] water wrote 37 bytes to ecology
[debug-onto] tick=600 corpus=141952 stage=2 freeze=0
[dna] water wrote 24 bytes to ecology
[dna] water wrote 48 bytes to ecology
[dna] water wrote 127 bytes to ecology
[dna] water wrote 26 bytes to ecology
[dna] water wrote 62 bytes to ecology
[dna] water wrote 45 bytes to ecology
[dna] water wrote 66 bytes to ecology
[dna] water wrote 48 bytes to ecology
[dna] water wrote 40 bytes to ecology
[dna] water wrote 59 bytes to ecology
[dna] water wrote 27 bytes to ecology
[dna] water wrote 39 bytes to ecology
[dna] water wrote 106 bytes to ecology
[dna] water wrote 40 bytes to ecology
[dna] water wrote 62 bytes to ecology
[dna] water wrote 53 bytes to ecology
[dna] water wrote 82 bytes to ecology
[dna] water wrote 42 bytes to ecology
[dna] water wrote 24 bytes to ecology
[dna] water wrote 30 bytes to ecology
[dna] water wrote 86 bytes to ecology
[dna] water wrote 34 bytes to ecology
[dna] water wrote 152 bytes to ecology
[dna] water wrote 68 bytes to ecology
[dna] water wrote 202 bytes to ecology
[dna] water wrote 62 bytes to ecology
[dna] water wrote 147 bytes to ecology
[dna] water wrote 83 bytes to ecology
[dna] water wrote 52 bytes to ecology
[dna] water wrote 149 bytes to ecology
[dna] water wrote 40 bytes to ecology
[dna] water wrote 91 bytes to ecology
[dna] water wrote 97 bytes to ecology
[dna] water wrote 67 bytes to ecology
[dna] water wrote 57 bytes to ecology
[dna] water wrote 100 bytes to ecology
[dna] water wrote 34 bytes to ecology
[dna] water wrote 32 bytes to ecology
[dna] water wrote 40 bytes to ecology
[dna] water wrote 44 bytes to ecology
[dna] water wrote 136 bytes to ecology
[dna] water wrote 26 bytes to ecology
[dna] water wrote 48 bytes to ecology
[dna] water wrote 21 bytes to ecology
[dna] water wrote 26 bytes to ecology
[dna] water wrote 78 bytes to ecology
[dna] water wrote 31 bytes to ecology
[dna] water wrote 110 bytes to ecology
[dna] water wrote 166 bytes to ecology
[dna] water wrote 78 bytes to ecology
[debug-onto] tick=650 corpus=141952 stage=2 freeze=0
[dna] water wrote 70 bytes to ecology
[dna] water wrote 125 bytes to ecology
[dna] water wrote 87 bytes to ecology
[dna] water wrote 97 bytes to ecology
[dna] water wrote 73 bytes to ecology
[dna] water wrote 42 bytes to ecology
[dna] water wrote 124 bytes to ecology

[evolution] Organism shutting down gracefully.
