[ecology] Element: air → corpus: nonames_air.txt
[evolution] Autonomous evolution mode — organism will grow through all stages without pause.
[ecology] Joined swarm. 1 peer(s) detected.
molequla is alive. [evolution] Autonomous mode — background trainer running. Ctrl+C to stop.
[dna] air wrote 61 bytes to ecology
[dna] air consumed 28799 bytes from 350 files: [earth/gen_1777789613_2.txt earth/gen_1777789617_4.txt earth/gen_1777789625_7.txt earth/gen_1777789627_8.txt earth/gen_1777789632_10.txt earth/gen_1777789639_13.txt earth/gen_1777789646_16.txt earth/gen_1777789653_19.txt earth/gen_1777789656_20.txt earth/gen_1777789660_22.txt earth/gen_1777789667_25.txt earth/gen_1777789670_26.txt earth/gen_1777789674_28.txt earth/gen_1777789682_31.txt earth/gen_1777789684_32.txt earth/gen_1777789689_34.txt earth/gen_1777789696_37.txt earth/gen_1777789698_38.txt earth/gen_1777789703_40.txt earth/gen_1777789710_43.txt earth/gen_1777789712_44.txt earth/gen_1777789717_46.txt earth/gen_1777789724_49.txt earth/gen_1777789727_50.txt earth/gen_1777789732_52.txt earth/gen_1777789739_55.txt earth/gen_1777789741_56.txt earth/gen_1777789746_58.txt earth/gen_1777789753_61.txt earth/gen_1777789760_64.txt earth/gen_1777789767_67.txt earth/gen_1777789770_68.txt earth/gen_1777789775_70.txt earth/gen_1777789782_73.txt earth/gen_1777789784_74.txt earth/gen_1777789789_76.txt earth/gen_1777789796_79.txt earth/gen_1777789799_80.txt earth/gen_1777789803_82.txt earth/gen_1777789811_85.txt earth/gen_1777789813_86.txt earth/gen_1777789818_88.txt earth/gen_1777789825_91.txt earth/gen_1777789828_92.txt earth/gen_1777789832_94.txt earth/gen_1777789840_97.txt earth/gen_1777789847_100.txt earth/gen_1777789854_103.txt earth/gen_1777789857_104.txt earth/gen_1777789861_106.txt earth/gen_1777789869_109.txt earth/gen_1777789871_110.txt earth/gen_1777789876_112.txt earth/gen_1777789883_115.txt earth/gen_1777789885_116.txt earth/gen_1777789890_118.txt earth/gen_1777789897_121.txt earth/gen_1777789900_122.txt earth/gen_1777789905_124.txt earth/gen_1777789912_127.txt earth/gen_1777789914_128.txt earth/gen_1777789919_130.txt earth/gen_1777789926_133.txt earth/gen_1777789929_134.txt earth/gen_1777789934_136.txt earth/gen_1777789941_139.txt earth/gen_1777789943_140.txt earth/gen_1777789948_142.txt earth/gen_1777789955_145.txt earth/gen_1777789957_146.txt earth/gen_1777789962_148.txt earth/gen_1777789969_151.txt earth/gen_1777789972_152.txt earth/gen_1777789977_154.txt earth/gen_1777789984_157.txt earth/gen_1777789986_158.txt earth/gen_1777789991_160.txt earth/gen_1777789998_163.txt earth/gen_1777790001_164.txt earth/gen_1777790005_166.txt earth/gen_1777790013_169.txt earth/gen_1777790015_170.txt earth/gen_1777790020_172.txt earth/gen_1777790027_175.txt earth/gen_1777790029_176.txt earth/gen_1777790034_178.txt earth/gen_1777790041_181.txt earth/gen_1777790044_182.txt earth/gen_1777790048_184.txt earth/gen_1777790056_187.txt earth/gen_1777790058_188.txt earth/gen_1777790063_190.txt earth/gen_1777790070_193.txt earth/gen_1777790073_194.txt earth/gen_1777790077_196.txt earth/gen_1777790085_199.txt earth/gen_1777790092_202.txt earth/gen_1777790099_205.txt earth/gen_1777790101_206.txt earth/gen_1777790106_208.txt earth/gen_1777790113_211.txt earth/gen_1777790116_212.txt earth/gen_1777790121_214.txt earth/gen_1777790128_217.txt earth/gen_1777790130_218.txt earth/gen_1777790135_220.txt earth/gen_1777790142_223.txt earth/gen_1777790145_224.txt earth/gen_1777790150_226.txt earth/gen_1777790157_229.txt earth/gen_1777790159_230.txt earth/gen_1777790164_232.txt earth/gen_1777790171_235.txt earth/gen_1777790174_236.txt earth/gen_1777790179_238.txt earth/gen_1777790186_241.txt earth/gen_1777790189_242.txt earth/gen_1777790193_244.txt earth/gen_1777790201_247.txt earth/gen_1777790203_248.txt earth/gen_1777790208_250.txt earth/gen_1777790215_253.txt earth/gen_1777790217_254.txt earth/gen_1777790222_256.txt earth/gen_1777790229_259.txt earth/gen_1777790232_260.txt earth/gen_1777790236_262.txt earth/gen_1777790244_265.txt earth/gen_1777790246_266.txt earth/gen_1777790251_268.txt earth/gen_1777790258_271.txt earth/gen_1777790260_272.txt earth/gen_1777790265_274.txt earth/gen_1777790272_277.txt earth/gen_1777790275_278.txt earth/gen_1777790280_280.txt earth/gen_1777790287_283.txt earth/gen_1777790289_284.txt earth/gen_1777790294_286.txt earth/gen_1777790301_289.txt earth/gen_1777790304_290.txt earth/gen_1777790308_292.txt earth/gen_1777790315_295.txt earth/gen_1777790318_296.txt earth/gen_1777790323_298.txt earth/gen_1777790330_301.txt earth/gen_1777790332_302.txt earth/gen_1777790337_304.txt earth/gen_1777790344_307.txt earth/gen_1777790352_310.txt earth/gen_1777790359_313.txt earth/gen_1777790361_314.txt earth/gen_1777790366_316.txt earth/gen_1777790373_319.txt earth/gen_1777790376_320.txt earth/gen_1777790380_322.txt earth/gen_1777790388_325.txt earth/gen_1777790395_328.txt earth/gen_1777790402_331.txt earth/gen_1777790404_332.txt earth/gen_1777790409_334.txt earth/gen_1777790416_337.txt earth/gen_1777790423_340.txt earth/gen_1777790430_343.txt earth/gen_1777790433_344.txt earth/gen_1777790438_346.txt earth/gen_1777790445_349.txt earth/gen_1777790447_350.txt earth/gen_1777790452_352.txt earth/gen_1777790462_356.txt earth/gen_1777790466_358.txt earth/gen_1777790476_362.txt earth/gen_1777790481_364.txt earth/gen_1777790488_367.txt earth/gen_1777790490_368.txt earth/gen_1777790495_370.txt earth/gen_1777790502_373.txt earth/gen_1777790505_374.txt earth/gen_1777790510_376.txt earth/gen_1777790519_380.txt earth/gen_1777790524_382.txt earth/gen_1777790531_385.txt earth/gen_1777790534_386.txt earth/gen_1777790539_388.txt earth/gen_1777790546_391.txt earth/gen_1777790548_392.txt earth/gen_1777790553_394.txt earth/gen_1777790560_397.txt earth/gen_1777790562_398.txt earth/gen_1777790567_400.txt earth/gen_1777790574_403.txt earth/gen_1777790576_404.txt earth/gen_1777790581_406.txt earth/gen_1777790588_409.txt earth/gen_1777790591_410.txt earth/gen_1777790595_412.txt earth/gen_1777790603_415.txt earth/gen_1777790605_416.txt earth/gen_1777790610_418.txt earth/gen_1777790617_421.txt earth/gen_1777790619_422.txt earth/gen_1777790624_424.txt earth/gen_1777790631_427.txt earth/gen_1777790634_428.txt earth/gen_1777790638_430.txt earth/gen_1777790646_433.txt earth/gen_1777790648_434.txt earth/gen_1777790653_436.txt earth/gen_1777790660_439.txt earth/gen_1777790662_440.txt earth/gen_1777790667_442.txt earth/gen_1777790674_445.txt earth/gen_1777790677_446.txt earth/gen_1777790681_448.txt earth/gen_1777790688_451.txt earth/gen_1777790691_452.txt earth/gen_1777790696_454.txt earth/gen_1777790703_457.txt earth/gen_1777790705_458.txt earth/gen_1777790710_460.txt earth/gen_1777790717_463.txt earth/gen_1777790719_464.txt earth/gen_1777790724_466.txt earth/gen_1777790731_469.txt earth/gen_1777790734_470.txt earth/gen_1777790739_472.txt earth/gen_1777790746_475.txt earth/gen_1777790748_476.txt earth/gen_1777790753_478.txt earth/gen_1777790760_481.txt earth/gen_1777790763_482.txt earth/gen_1777790767_484.txt earth/gen_1777790774_487.txt earth/gen_1777790782_490.txt earth/gen_1777790789_493.txt earth/gen_1777790791_494.txt earth/gen_1777790796_496.txt earth/gen_1777790803_499.txt earth/gen_1777790806_500.txt earth/gen_1777790810_502.txt earth/gen_1777790818_505.txt earth/gen_1777790820_506.txt earth/gen_1777790825_508.txt earth/gen_1777790832_511.txt earth/gen_1777790834_512.txt earth/gen_1777790839_514.txt earth/gen_1777790847_517.txt earth/gen_1777790849_518.txt earth/gen_1777790854_520.txt earth/gen_1777790861_523.txt earth/gen_1777790863_524.txt earth/gen_1777790868_526.txt earth/gen_1777790875_529.txt earth/gen_1777790878_530.txt earth/gen_1777790882_532.txt earth/gen_1777790890_535.txt earth/gen_1777790892_536.txt earth/gen_1777790897_538.txt earth/gen_1777790904_541.txt earth/gen_1777790911_544.txt earth/gen_1777790918_547.txt earth/gen_1777790921_548.txt earth/gen_1777790933_553.txt earth/gen_1777790935_554.txt earth/gen_1777790940_556.txt earth/gen_1777790947_559.txt earth/gen_1777790954_562.txt earth/gen_1777790961_565.txt earth/gen_1777790964_566.txt earth/gen_1777790969_568.txt earth/gen_1777790976_571.txt earth/gen_1777790978_572.txt earth/gen_1777790983_574.txt earth/gen_1777790990_577.txt earth/gen_1777790998_580.txt earth/gen_1777791005_583.txt earth/gen_1777791007_584.txt earth/gen_1777791012_586.txt earth/gen_1777791019_589.txt earth/gen_1777791021_590.txt earth/gen_1777791026_592.txt earth/gen_1777791033_595.txt earth/gen_1777791036_596.txt earth/gen_1777791041_598.txt earth/gen_1777791048_601.txt earth/gen_1777791050_602.txt earth/gen_1777791055_604.txt earth/gen_1777791063_607.txt earth/gen_1777791065_608.txt earth/gen_1777791070_610.txt earth/gen_1777791077_613.txt earth/gen_1777791079_614.txt earth/gen_1777791091_619.txt earth/gen_1777791094_620.txt earth/gen_1777791099_622.txt earth/gen_1777791106_625.txt earth/gen_1777791108_626.txt earth/gen_1777791113_628.txt earth/gen_1777791120_631.txt earth/gen_1777791123_632.txt earth/gen_1777791127_634.txt earth/gen_1777791135_637.txt earth/gen_1777791137_638.txt earth/gen_1777791149_643.txt earth/gen_1777791151_644.txt earth/gen_1777791156_646.txt earth/gen_1777791163_649.txt earth/gen_1777791166_650.txt earth/gen_1777791170_652.txt earth/gen_1777791178_655.txt earth/gen_1777791180_656.txt earth/gen_1777791185_658.txt earth/gen_1777791192_661.txt earth/gen_1777791195_662.txt earth/gen_1777791199_664.txt earth/gen_1777791206_667.txt earth/gen_1777791209_668.txt earth/gen_1777791214_670.txt earth/gen_1777791221_673.txt earth/gen_1777791223_674.txt earth/gen_1777791228_676.txt earth/gen_1777791235_679.txt earth/gen_1777791238_680.txt earth/gen_1777791243_682.txt earth/gen_1777791250_685.txt earth/gen_1777791252_686.txt earth/gen_1777791257_688.txt earth/gen_1777791264_691.txt earth/gen_1777791267_692.txt earth/gen_1777791272_694.txt earth/gen_1777791279_697.txt earth/gen_1777791281_698.txt earth/gen_1777791293_703.txt earth/gen_1777791296_704.txt earth/gen_1777791308_709.txt earth/gen_1777791310_710.txt earth/gen_1777791315_712.txt earth/gen_1777791322_715.txt earth/gen_1777791324_716.txt earth/gen_1777791329_718.txt earth/gen_1777791336_721.txt earth/gen_1777791339_722.txt earth/gen_1777791343_724.txt earth/gen_1777791351_727.txt earth/gen_1777791353_728.txt earth/gen_1777791358_730.txt earth/gen_1777791365_733.txt earth/gen_1777791367_734.txt earth/gen_1777791372_736.txt earth/gen_1777791379_739.txt]
[trainer] micro-train burst (28799 bytes, novelty 0.03) — and lo, it feeds again.
[syntropy] action=explore | trend=0.0000 | field_dev=-0.062 | purpose_align=0.150 | lr_mul=1.30
[aml] burst complete: 32 steps, avg loss 2.5833 (memory freed)
[dna] air wrote 38 bytes to ecology
[dna] air wrote 9 bytes to ecology
[dna] air wrote 9 bytes to ecology
[dna] air wrote 93 bytes to ecology
[dna] air wrote 9 bytes to ecology
[dna] air wrote 9 bytes to ecology
[dna] air wrote 50 bytes to ecology
[dna] air wrote 9 bytes to ecology
[dna] air wrote 164 bytes to ecology
[dna] air wrote 9 bytes to ecology
[dna] air wrote 108 bytes to ecology
[dna] air wrote 9 bytes to ecology
[dna] air wrote 66 bytes to ecology
[dna] air wrote 9 bytes to ecology
[dna] air wrote 24 bytes to ecology
[dna] air wrote 9 bytes to ecology
[dna] air wrote 47 bytes to ecology
[dna] air wrote 9 bytes to ecology
[dna] air wrote 44 bytes to ecology
[dna] air wrote 9 bytes to ecology
[dna] air wrote 128 bytes to ecology
[dna] air wrote 9 bytes to ecology
[dna] air wrote 31 bytes to ecology
[dna] air wrote 9 bytes to ecology
[dna] air wrote 117 bytes to ecology
[dna] air wrote 9 bytes to ecology
[dna] air wrote 86 bytes to ecology
[dna] air wrote 9 bytes to ecology
[debug-onto] tick=50 corpus=151465 stage=2 freeze=0
[dna] air wrote 44 bytes to ecology
[dna] air wrote 9 bytes to ecology
[dna] air wrote 41 bytes to ecology
[dna] air wrote 9 bytes to ecology
[dna] air wrote 46 bytes to ecology
[dna] air wrote 9 bytes to ecology
[dna] air wrote 9 bytes to ecology
[dna] air wrote 50 bytes to ecology
[dna] air wrote 9 bytes to ecology
[dna] air wrote 40 bytes to ecology
[dna] air wrote 9 bytes to ecology
[dna] air wrote 35 bytes to ecology
[dna] air wrote 9 bytes to ecology
[dna] air wrote 21 bytes to ecology
[dna] air wrote 58 bytes to ecology
[dna] air wrote 9 bytes to ecology
[dna] air wrote 48 bytes to ecology
[dna] air wrote 9 bytes to ecology
[dna] air wrote 61 bytes to ecology
[dna] air wrote 9 bytes to ecology
[dna] air wrote 66 bytes to ecology
[dna] air wrote 9 bytes to ecology
[dna] air wrote 50 bytes to ecology
[dna] air wrote 9 bytes to ecology
[dna] air wrote 13 bytes to ecology
[dna] air wrote 106 bytes to ecology
[dna] air wrote 9 bytes to ecology
[dna] air wrote 49 bytes to ecology
[dna] air wrote 9 bytes to ecology
[dna] air wrote 66 bytes to ecology
[debug-onto] tick=100 corpus=151465 stage=2 freeze=0
[dna] air wrote 9 bytes to ecology
[dna] air wrote 38 bytes to ecology
[dna] air wrote 9 bytes to ecology
[dna] air wrote 90 bytes to ecology
[dna] air wrote 9 bytes to ecology
[dna] air wrote 104 bytes to ecology
[dna] air wrote 9 bytes to ecology
[dna] air wrote 33 bytes to ecology
[dna] air wrote 9 bytes to ecology
[dna] air wrote 113 bytes to ecology
[dna] air wrote 14 bytes to ecology
[dna] air wrote 9 bytes to ecology
[dna] air wrote 243 bytes to ecology
[dna] air wrote 27 bytes to ecology
[dna] air wrote 65 bytes to ecology
[dna] air wrote 9 bytes to ecology
[dna] air wrote 9 bytes to ecology
[dna] air wrote 41 bytes to ecology
[dna] air wrote 9 bytes to ecology
[dna] air wrote 23 bytes to ecology
[dna] air wrote 9 bytes to ecology
[dna] air wrote 30 bytes to ecology
[dna] air wrote 9 bytes to ecology
[dna] air wrote 43 bytes to ecology
[dna] air wrote 9 bytes to ecology
[dna] air wrote 15 bytes to ecology
[dna] air wrote 9 bytes to ecology
[dna] air wrote 98 bytes to ecology
[dna] air wrote 9 bytes to ecology
[dna] air wrote 53 bytes to ecology
[dna] air wrote 9 bytes to ecology
[debug-onto] tick=150 corpus=151465 stage=2 freeze=0
[dna] air wrote 81 bytes to ecology
[dna] air wrote 9 bytes to ecology
[dna] air wrote 39 bytes to ecology
[dna] air wrote 9 bytes to ecology
[dna] air wrote 21 bytes to ecology
[dna] air wrote 9 bytes to ecology
[dna] air wrote 93 bytes to ecology
[dna] air wrote 9 bytes to ecology
[dna] air wrote 13 bytes to ecology
[dna] air wrote 9 bytes to ecology
[dna] air wrote 242 bytes to ecology
[dna] air wrote 9 bytes to ecology
[dna] air wrote 23 bytes to ecology
[dna] air wrote 70 bytes to ecology
[dna] air wrote 9 bytes to ecology
[dna] air wrote 9 bytes to ecology
[dna] air wrote 57 bytes to ecology
[dna] air wrote 9 bytes to ecology
[dna] air wrote 88 bytes to ecology
[dna] air wrote 9 bytes to ecology
[dna] air wrote 102 bytes to ecology
[dna] air wrote 9 bytes to ecology
[dna] air wrote 9 bytes to ecology
[dna] air wrote 25 bytes to ecology
[dna] air wrote 9 bytes to ecology
[dna] air wrote 145 bytes to ecology
[dna] air wrote 88 bytes to ecology
[dna] air wrote 9 bytes to ecology
[dna] air wrote 79 bytes to ecology
[dna] air wrote 9 bytes to ecology
[debug-onto] tick=200 corpus=151465 stage=2 freeze=0
[dna] air wrote 11 bytes to ecology
[dna] air wrote 9 bytes to ecology
[dna] air wrote 109 bytes to ecology
[dna] air wrote 139 bytes to ecology
[dna] air wrote 189 bytes to ecology
[dna] air wrote 9 bytes to ecology
[dna] air wrote 71 bytes to ecology
[dna] air wrote 9 bytes to ecology
[dna] air wrote 60 bytes to ecology
[dna] air wrote 9 bytes to ecology
[dna] air wrote 9 bytes to ecology
[dna] air wrote 23 bytes to ecology
[dna] air wrote 9 bytes to ecology
[dna] air wrote 78 bytes to ecology
[dna] air wrote 9 bytes to ecology
[dna] air wrote 24 bytes to ecology
[dna] air wrote 9 bytes to ecology
[dna] air wrote 36 bytes to ecology
[dna] air wrote 43 bytes to ecology
[dna] air wrote 9 bytes to ecology
[dna] air wrote 65 bytes to ecology
[dna] air wrote 9 bytes to ecology
[dna] air wrote 26 bytes to ecology
[dna] air wrote 9 bytes to ecology
[dna] air wrote 18 bytes to ecology
[dna] air wrote 9 bytes to ecology
[dna] air wrote 112 bytes to ecology
[dna] air wrote 9 bytes to ecology
[dna] air wrote 46 bytes to ecology
[dna] air wrote 49 bytes to ecology
[debug-onto] tick=250 corpus=151465 stage=2 freeze=0
[dna] air wrote 9 bytes to ecology
[dna] air wrote 9 bytes to ecology
[dna] air wrote 70 bytes to ecology
[dna] air wrote 9 bytes to ecology
[dna] air wrote 46 bytes to ecology
[dna] air wrote 9 bytes to ecology
[dna] air wrote 132 bytes to ecology
[dna] air wrote 9 bytes to ecology
[dna] air wrote 8 bytes to ecology
[dna] air wrote 9 bytes to ecology
[dna] air wrote 35 bytes to ecology
[dna] air wrote 9 bytes to ecology
[dna] air wrote 17 bytes to ecology
[dna] air wrote 9 bytes to ecology
[dna] air wrote 115 bytes to ecology
[dna] air wrote 9 bytes to ecology
[dna] air wrote 50 bytes to ecology
[dna] air wrote 9 bytes to ecology
[dna] air wrote 39 bytes to ecology
[dna] air wrote 9 bytes to ecology
[dna] air wrote 125 bytes to ecology
[dna] air wrote 37 bytes to ecology
[dna] air wrote 9 bytes to ecology
[dna] air wrote 9 bytes to ecology
[dna] air wrote 134 bytes to ecology
[dna] air wrote 9 bytes to ecology
[dna] air wrote 91 bytes to ecology
[dna] air wrote 9 bytes to ecology
[debug-onto] tick=300 corpus=151465 stage=2 freeze=0
[dna] air wrote 128 bytes to ecology
[dna] air wrote 9 bytes to ecology
[dna] air wrote 35 bytes to ecology
[dna] air wrote 9 bytes to ecology
[dna] air wrote 9 bytes to ecology
[dna] air wrote 33 bytes to ecology
[dna] air wrote 9 bytes to ecology
[dna] air wrote 107 bytes to ecology
[dna] air wrote 12 bytes to ecology
[dna] air wrote 31 bytes to ecology
[dna] air wrote 9 bytes to ecology
[dna] air wrote 50 bytes to ecology
[dna] air wrote 9 bytes to ecology
[dna] air wrote 13 bytes to ecology
[dna] air wrote 9 bytes to ecology
[dna] air wrote 53 bytes to ecology
[dna] air wrote 9 bytes to ecology
[dna] air wrote 29 bytes to ecology
[dna] air wrote 9 bytes to ecology
[dna] air wrote 111 bytes to ecology
[dna] air wrote 9 bytes to ecology
[dna] air wrote 71 bytes to ecology
[dna] air wrote 9 bytes to ecology
[dna] air wrote 45 bytes to ecology
[dna] air wrote 9 bytes to ecology
[dna] air wrote 35 bytes to ecology
[dna] air wrote 9 bytes to ecology
[dna] air wrote 13 bytes to ecology
[dna] air wrote 9 bytes to ecology
[dna] air wrote 43 bytes to ecology
[dna] air wrote 9 bytes to ecology
[dna] air wrote 44 bytes to ecology
[dna] air wrote 9 bytes to ecology
[debug-onto] tick=350 corpus=151465 stage=2 freeze=0
[dna] air wrote 96 bytes to ecology
[dna] air wrote 9 bytes to ecology
[dna] air wrote 24 bytes to ecology
[dna] air wrote 9 bytes to ecology
[dna] air wrote 64 bytes to ecology
[dna] air wrote 9 bytes to ecology
[dna] air wrote 28 bytes to ecology
[dna] air wrote 55 bytes to ecology
[dna] air wrote 40 bytes to ecology
[dna] air wrote 9 bytes to ecology
[dna] air wrote 9 bytes to ecology
[dna] air wrote 147 bytes to ecology
[dna] air wrote 9 bytes to ecology
[dna] air wrote 45 bytes to ecology
[dna] air wrote 9 bytes to ecology
[dna] air wrote 32 bytes to ecology
[dna] air wrote 9 bytes to ecology
[dna] air wrote 9 bytes to ecology
[dna] air wrote 104 bytes to ecology
[dna] air wrote 9 bytes to ecology
[dna] air wrote 148 bytes to ecology
[dna] air wrote 9 bytes to ecology
[dna] air wrote 39 bytes to ecology
[dna] air wrote 9 bytes to ecology
[dna] air wrote 45 bytes to ecology
[dna] air wrote 9 bytes to ecology
[dna] air wrote 108 bytes to ecology
[dna] air wrote 9 bytes to ecology
[dna] air wrote 30 bytes to ecology
[dna] air wrote 9 bytes to ecology
[dna] air wrote 209 bytes to ecology
[debug-onto] tick=400 corpus=151465 stage=2 freeze=0
[dna] air wrote 9 bytes to ecology
[dna] air wrote 34 bytes to ecology
[dna] air wrote 257 bytes to ecology
[dna] air wrote 9 bytes to ecology
[dna] air wrote 149 bytes to ecology
[dna] air wrote 9 bytes to ecology
[dna] air wrote 43 bytes to ecology
[dna] air wrote 9 bytes to ecology
[dna] air wrote 163 bytes to ecology
[dna] air wrote 51 bytes to ecology
[dna] air wrote 9 bytes to ecology
[dna] air wrote 9 bytes to ecology
[dna] air wrote 27 bytes to ecology
[dna] air wrote 9 bytes to ecology
[dna] air wrote 109 bytes to ecology
[dna] air wrote 9 bytes to ecology
[dna] air wrote 32 bytes to ecology
[dna] air wrote 9 bytes to ecology
[dna] air wrote 43 bytes to ecology
[dna] air wrote 9 bytes to ecology
[dna] air wrote 11 bytes to ecology
[dna] air wrote 9 bytes to ecology
[dna] air wrote 65 bytes to ecology
[dna] air wrote 9 bytes to ecology
[dna] air wrote 178 bytes to ecology
[dna] air wrote 9 bytes to ecology
[dna] air wrote 100 bytes to ecology
[dna] air wrote 9 bytes to ecology
[dna] air wrote 92 bytes to ecology
[dna] air wrote 9 bytes to ecology
[debug-onto] tick=450 corpus=151465 stage=2 freeze=0
[dna] air wrote 15 bytes to ecology
[dna] air wrote 9 bytes to ecology
[dna] air wrote 106 bytes to ecology
[dna] air wrote 9 bytes to ecology
[dna] air wrote 13 bytes to ecology
[dna] air wrote 9 bytes to ecology
[dna] air wrote 74 bytes to ecology
[dna] air wrote 9 bytes to ecology
[dna] air wrote 34 bytes to ecology
[dna] air wrote 9 bytes to ecology
[dna] air wrote 77 bytes to ecology
[dna] air wrote 9 bytes to ecology
[dna] air wrote 60 bytes to ecology
[dna] air wrote 9 bytes to ecology
[dna] air wrote 15 bytes to ecology
[dna] air wrote 9 bytes to ecology
[dna] air wrote 9 bytes to ecology
[dna] air wrote 54 bytes to ecology
[dna] air wrote 9 bytes to ecology
[dna] air wrote 37 bytes to ecology
[dna] air wrote 9 bytes to ecology
[dna] air wrote 58 bytes to ecology
[dna] air wrote 9 bytes to ecology
[dna] air wrote 49 bytes to ecology
[dna] air wrote 9 bytes to ecology
[dna] air wrote 35 bytes to ecology
[dna] air wrote 9 bytes to ecology
[dna] air wrote 27 bytes to ecology
[dna] air wrote 9 bytes to ecology
[dna] air wrote 19 bytes to ecology
[dna] air wrote 9 bytes to ecology
[dna] air wrote 145 bytes to ecology
[dna] air wrote 9 bytes to ecology
[debug-onto] tick=500 corpus=151465 stage=2 freeze=0
[dna] air wrote 27 bytes to ecology
[dna] air wrote 9 bytes to ecology
[dna] air wrote 9 bytes to ecology
[dna] air wrote 35 bytes to ecology
[dna] air wrote 9 bytes to ecology
[dna] air wrote 9 bytes to ecology
[dna] air wrote 73 bytes to ecology
[dna] air wrote 9 bytes to ecology
[dna] air wrote 20 bytes to ecology
[dna] air wrote 77 bytes to ecology
[dna] air wrote 9 bytes to ecology
[dna] air wrote 9 bytes to ecology
[dna] air wrote 76 bytes to ecology
[dna] air wrote 9 bytes to ecology
[dna] air wrote 93 bytes to ecology
[dna] air wrote 9 bytes to ecology
[dna] air wrote 20 bytes to ecology
[dna] air wrote 9 bytes to ecology
[dna] air wrote 47 bytes to ecology
[dna] air wrote 9 bytes to ecology
[dna] air wrote 66 bytes to ecology
[dna] air wrote 9 bytes to ecology
[dna] air wrote 36 bytes to ecology
[dna] air wrote 9 bytes to ecology
[dna] air wrote 16 bytes to ecology
[dna] air wrote 9 bytes to ecology
[dna] air wrote 33 bytes to ecology
[dna] air wrote 9 bytes to ecology
[dna] air wrote 71 bytes to ecology
[debug-onto] tick=550 corpus=151465 stage=2 freeze=0
[dna] air wrote 9 bytes to ecology
[dna] air wrote 9 bytes to ecology
[dna] air wrote 161 bytes to ecology
[dna] air wrote 9 bytes to ecology
[dna] air wrote 26 bytes to ecology
[dna] air wrote 9 bytes to ecology
[dna] air wrote 160 bytes to ecology
[dna] air wrote 9 bytes to ecology
[dna] air wrote 80 bytes to ecology
[dna] air wrote 9 bytes to ecology
[dna] air wrote 77 bytes to ecology
[dna] air wrote 9 bytes to ecology
[dna] air wrote 29 bytes to ecology
[dna] air wrote 9 bytes to ecology
[dna] air wrote 207 bytes to ecology
[dna] air wrote 9 bytes to ecology
[dna] air wrote 28 bytes to ecology
[dna] air wrote 9 bytes to ecology
[dna] air wrote 68 bytes to ecology
[dna] air wrote 9 bytes to ecology
[dna] air wrote 57 bytes to ecology
[dna] air wrote 9 bytes to ecology
[dna] air wrote 45 bytes to ecology
[dna] air wrote 9 bytes to ecology
[dna] air wrote 23 bytes to ecology
[dna] air wrote 9 bytes to ecology
[dna] air wrote 41 bytes to ecology
[dna] air wrote 9 bytes to ecology
[dna] air wrote 162 bytes to ecology
[dna] air wrote 9 bytes to ecology
[dna] air wrote 51 bytes to ecology
[dna] air wrote 9 bytes to ecology
[debug-onto] tick=600 corpus=151465 stage=2 freeze=0
[dna] air wrote 34 bytes to ecology
[dna] air wrote 38 bytes to ecology
[dna] air wrote 39 bytes to ecology
[dna] air wrote 9 bytes to ecology
[dna] air wrote 9 bytes to ecology
[dna] air wrote 147 bytes to ecology
[dna] air wrote 9 bytes to ecology
[dna] air wrote 9 bytes to ecology
[dna] air wrote 54 bytes to ecology
[dna] air wrote 9 bytes to ecology
[dna] air wrote 13 bytes to ecology
[dna] air wrote 9 bytes to ecology
[dna] air wrote 46 bytes to ecology
[dna] air wrote 9 bytes to ecology
[dna] air wrote 88 bytes to ecology
[dna] air wrote 9 bytes to ecology
[dna] air wrote 204 bytes to ecology
[dna] air wrote 9 bytes to ecology
[dna] air wrote 9 bytes to ecology
[dna] air wrote 28 bytes to ecology
[dna] air wrote 9 bytes to ecology
[dna] air wrote 23 bytes to ecology
[dna] air wrote 19 bytes to ecology
[dna] air wrote 9 bytes to ecology
[dna] air wrote 76 bytes to ecology
[dna] air wrote 9 bytes to ecology
[dna] air wrote 34 bytes to ecology
[dna] air wrote 9 bytes to ecology
[dna] air wrote 63 bytes to ecology
[dna] air wrote 9 bytes to ecology
[debug-onto] tick=650 corpus=151465 stage=2 freeze=0
[dna] air wrote 40 bytes to ecology
[dna] air wrote 9 bytes to ecology
[dna] air wrote 53 bytes to ecology
[dna] air wrote 9 bytes to ecology
[dna] air wrote 142 bytes to ecology
[dna] air wrote 9 bytes to ecology
[dna] air wrote 172 bytes to ecology
[dna] air wrote 9 bytes to ecology
[dna] air wrote 187 bytes to ecology
[dna] air wrote 9 bytes to ecology
[dna] air wrote 20 bytes to ecology
[dna] air wrote 9 bytes to ecology
[dna] air wrote 72 bytes to ecology
[dna] air wrote 9 bytes to ecology
[dna] air wrote 73 bytes to ecology
[dna] air wrote 35 bytes to ecology
[dna] air wrote 9 bytes to ecology
[dna] air wrote 46 bytes to ecology
[dna] air wrote 9 bytes to ecology
[dna] air wrote 130 bytes to ecology
[dna] air wrote 9 bytes to ecology
[dna] air wrote 33 bytes to ecology
[dna] air wrote 9 bytes to ecology

[evolution] Organism shutting down gracefully.
