[ecology] Element: fire → corpus: nonames_fire.txt
[evolution] Autonomous evolution mode — organism will grow through all stages without pause.
[ecology] Joined swarm. 1 peer(s) detected.
molequla is alive. [evolution] Autonomous mode — background trainer running. Ctrl+C to stop.
[dna] fire wrote 39 bytes to ecology
[dna] fire consumed 14069 bytes from 233 files: [water/gen_1777793199_4.txt water/gen_1777793207_7.txt water/gen_1777793215_10.txt water/gen_1777793222_13.txt water/gen_1777793230_16.txt water/gen_1777793237_19.txt water/gen_1777793245_22.txt water/gen_1777793252_25.txt water/gen_1777793260_28.txt water/gen_1777793267_31.txt water/gen_1777793275_34.txt water/gen_1777793282_37.txt water/gen_1777793290_40.txt water/gen_1777793297_43.txt water/gen_1777793305_46.txt water/gen_1777793312_49.txt water/gen_1777793320_52.txt water/gen_1777793327_55.txt water/gen_1777793335_58.txt water/gen_1777793342_61.txt water/gen_1777793350_64.txt water/gen_1777793357_67.txt water/gen_1777793365_70.txt water/gen_1777793380_76.txt water/gen_1777793388_79.txt water/gen_1777793395_82.txt water/gen_1777793403_85.txt water/gen_1777793410_88.txt water/gen_1777793418_91.txt water/gen_1777793425_94.txt water/gen_1777793433_97.txt water/gen_1777793441_100.txt water/gen_1777793448_103.txt water/gen_1777793456_106.txt water/gen_1777793463_109.txt water/gen_1777793471_112.txt water/gen_1777793478_115.txt water/gen_1777793486_118.txt water/gen_1777793493_121.txt water/gen_1777793501_124.txt water/gen_1777793508_127.txt water/gen_1777793515_130.txt water/gen_1777793523_133.txt water/gen_1777793531_136.txt water/gen_1777793538_139.txt water/gen_1777793546_142.txt water/gen_1777793553_145.txt water/gen_1777793561_148.txt water/gen_1777793568_151.txt water/gen_1777793576_154.txt water/gen_1777793583_157.txt water/gen_1777793591_160.txt water/gen_1777793598_163.txt water/gen_1777793605_166.txt water/gen_1777793613_169.txt water/gen_1777793621_172.txt water/gen_1777793628_175.txt water/gen_1777793636_178.txt water/gen_1777793643_181.txt water/gen_1777793650_184.txt water/gen_1777793658_187.txt water/gen_1777793665_190.txt water/gen_1777793673_193.txt water/gen_1777793680_196.txt water/gen_1777793688_199.txt water/gen_1777793695_202.txt water/gen_1777793703_205.txt water/gen_1777793710_208.txt water/gen_1777793718_211.txt water/gen_1777793725_214.txt water/gen_1777793733_217.txt water/gen_1777793740_220.txt water/gen_1777793748_223.txt water/gen_1777793755_226.txt water/gen_1777793763_229.txt water/gen_1777793770_232.txt water/gen_1777793778_235.txt water/gen_1777793785_238.txt water/gen_1777793793_241.txt water/gen_1777793800_244.txt water/gen_1777793808_247.txt water/gen_1777793815_250.txt water/gen_1777793823_253.txt water/gen_1777793830_256.txt water/gen_1777793838_259.txt water/gen_1777793845_262.txt water/gen_1777793853_265.txt water/gen_1777793860_268.txt water/gen_1777793868_271.txt water/gen_1777793875_274.txt water/gen_1777793883_277.txt water/gen_1777793890_280.txt water/gen_1777793898_283.txt water/gen_1777793905_286.txt water/gen_1777793913_289.txt water/gen_1777793921_292.txt water/gen_1777793928_295.txt water/gen_1777793936_298.txt water/gen_1777793943_301.txt water/gen_1777793951_304.txt water/gen_1777793958_307.txt water/gen_1777793966_310.txt water/gen_1777793974_313.txt water/gen_1777793981_316.txt water/gen_1777793989_319.txt water/gen_1777793996_322.txt water/gen_1777794004_325.txt water/gen_1777794011_328.txt water/gen_1777794019_331.txt water/gen_1777794026_334.txt water/gen_1777794034_337.txt water/gen_1777794041_340.txt water/gen_1777794049_343.txt water/gen_1777794056_346.txt water/gen_1777794064_349.txt water/gen_1777794072_352.txt water/gen_1777794079_355.txt water/gen_1777794087_358.txt water/gen_1777794094_361.txt water/gen_1777794102_364.txt water/gen_1777794109_367.txt water/gen_1777794117_370.txt water/gen_1777794124_373.txt water/gen_1777794139_379.txt water/gen_1777794147_382.txt water/gen_1777794154_385.txt water/gen_1777794162_388.txt water/gen_1777794169_391.txt water/gen_1777794177_394.txt water/gen_1777794185_397.txt water/gen_1777794192_400.txt water/gen_1777794200_403.txt water/gen_1777794207_406.txt water/gen_1777794215_409.txt water/gen_1777794222_412.txt water/gen_1777794230_415.txt water/gen_1777794237_418.txt water/gen_1777794245_421.txt water/gen_1777794252_424.txt water/gen_1777794260_427.txt water/gen_1777794267_430.txt water/gen_1777794275_433.txt water/gen_1777794283_436.txt water/gen_1777794290_439.txt water/gen_1777794298_442.txt water/gen_1777794305_445.txt water/gen_1777794313_448.txt water/gen_1777794321_451.txt water/gen_1777794328_454.txt water/gen_1777794336_457.txt water/gen_1777794343_460.txt water/gen_1777794351_463.txt water/gen_1777794358_466.txt water/gen_1777794366_469.txt water/gen_1777794374_472.txt water/gen_1777794381_475.txt water/gen_1777794389_478.txt water/gen_1777794396_481.txt water/gen_1777794404_484.txt water/gen_1777794411_487.txt water/gen_1777794419_490.txt water/gen_1777794427_493.txt water/gen_1777794434_496.txt water/gen_1777794442_499.txt water/gen_1777794449_502.txt water/gen_1777794457_505.txt water/gen_1777794465_508.txt water/gen_1777794472_511.txt water/gen_1777794480_514.txt water/gen_1777794487_517.txt water/gen_1777794495_520.txt water/gen_1777794502_523.txt water/gen_1777794510_526.txt water/gen_1777794517_529.txt water/gen_1777794525_532.txt water/gen_1777794533_535.txt water/gen_1777794540_538.txt water/gen_1777794548_541.txt water/gen_1777794555_544.txt water/gen_1777794563_547.txt water/gen_1777794571_550.txt water/gen_1777794578_553.txt water/gen_1777794586_556.txt water/gen_1777794593_559.txt water/gen_1777794601_562.txt water/gen_1777794609_565.txt water/gen_1777794616_568.txt water/gen_1777794624_571.txt water/gen_1777794631_574.txt water/gen_1777794639_577.txt water/gen_1777794647_580.txt water/gen_1777794654_583.txt water/gen_1777794662_586.txt water/gen_1777794669_589.txt water/gen_1777794677_592.txt water/gen_1777794685_595.txt water/gen_1777794692_598.txt water/gen_1777794700_601.txt water/gen_1777794707_604.txt water/gen_1777794715_607.txt water/gen_1777794723_610.txt water/gen_1777794730_613.txt water/gen_1777794738_616.txt water/gen_1777794746_619.txt water/gen_1777794753_622.txt water/gen_1777794761_625.txt water/gen_1777794769_628.txt water/gen_1777794776_631.txt water/gen_1777794784_634.txt water/gen_1777794791_637.txt water/gen_1777794799_640.txt water/gen_1777794807_643.txt water/gen_1777794814_646.txt water/gen_1777794822_649.txt water/gen_1777794829_652.txt water/gen_1777794837_655.txt water/gen_1777794845_658.txt water/gen_1777794852_661.txt water/gen_1777794860_664.txt water/gen_1777794867_667.txt water/gen_1777794875_670.txt water/gen_1777794882_673.txt water/gen_1777794890_676.txt water/gen_1777794898_679.txt water/gen_1777794913_685.txt water/gen_1777794920_688.txt water/gen_1777794928_691.txt water/gen_1777794935_694.txt water/gen_1777794943_697.txt water/gen_1777794951_700.txt water/gen_1777794958_703.txt water/gen_1777794966_706.txt water/gen_1777794974_709.txt]
[trainer] micro-train burst (14069 bytes, novelty 0.04) — and lo, it feeds again.
[syntropy] action=explore | trend=0.0000 | field_dev=-0.031 | purpose_align=0.171 | lr_mul=1.30
[aml] burst complete: 32 steps, avg loss 1.7717 (memory freed)
[dna] fire wrote 39 bytes to ecology
[dna] fire wrote 34 bytes to ecology
[dna] fire wrote 58 bytes to ecology
[dna] fire wrote 100 bytes to ecology
[dna] fire wrote 54 bytes to ecology
[dna] fire wrote 18 bytes to ecology
[dna] fire wrote 20 bytes to ecology
[dna] fire wrote 14 bytes to ecology
[dna] fire wrote 34 bytes to ecology
[dna] fire wrote 7 bytes to ecology
[dna] fire wrote 14 bytes to ecology
[dna] fire wrote 17 bytes to ecology
[dna] fire wrote 30 bytes to ecology
[dna] fire wrote 56 bytes to ecology
[dna] fire wrote 52 bytes to ecology
[dna] fire wrote 52 bytes to ecology
[dna] fire wrote 93 bytes to ecology
[dna] fire wrote 31 bytes to ecology
[dna] fire wrote 58 bytes to ecology
[dna] fire wrote 71 bytes to ecology
[dna] fire wrote 18 bytes to ecology
[dna] fire wrote 26 bytes to ecology
[dna] fire wrote 27 bytes to ecology
[dna] fire wrote 32 bytes to ecology
[dna] fire wrote 66 bytes to ecology
[dna] fire wrote 76 bytes to ecology
[dna] fire wrote 10 bytes to ecology
[debug-onto] tick=50 corpus=136202 stage=2 freeze=0
[dna] fire wrote 91 bytes to ecology
[dna] fire wrote 18 bytes to ecology
[dna] fire wrote 79 bytes to ecology
[dna] fire wrote 33 bytes to ecology
[dna] fire wrote 34 bytes to ecology
[dna] fire wrote 47 bytes to ecology
[dna] fire wrote 120 bytes to ecology
[dna] fire wrote 16 bytes to ecology
[dna] fire wrote 103 bytes to ecology
[dna] fire wrote 22 bytes to ecology
[dna] fire wrote 12 bytes to ecology
[dna] fire wrote 26 bytes to ecology
[dna] fire wrote 54 bytes to ecology
[dna] fire wrote 65 bytes to ecology
[dna] fire wrote 116 bytes to ecology
[dna] fire wrote 22 bytes to ecology
[dna] fire wrote 69 bytes to ecology
[dna] fire wrote 117 bytes to ecology
[dna] fire wrote 19 bytes to ecology
[dna] fire wrote 12 bytes to ecology
[dna] fire wrote 103 bytes to ecology
[dna] fire wrote 28 bytes to ecology
[dna] fire wrote 15 bytes to ecology
[dna] fire wrote 15 bytes to ecology
[dna] fire wrote 24 bytes to ecology
[dna] fire wrote 6 bytes to ecology
[dna] fire wrote 109 bytes to ecology
[dna] fire wrote 21 bytes to ecology
[dna] fire wrote 25 bytes to ecology
[dna] fire wrote 26 bytes to ecology
[dna] fire wrote 23 bytes to ecology
[dna] fire wrote 34 bytes to ecology
[dna] fire wrote 99 bytes to ecology
[debug-onto] tick=100 corpus=136202 stage=2 freeze=0
[dna] fire wrote 68 bytes to ecology
[dna] fire wrote 48 bytes to ecology
[dna] fire wrote 40 bytes to ecology
[dna] fire wrote 68 bytes to ecology
[dna] fire wrote 27 bytes to ecology
[dna] fire wrote 113 bytes to ecology
[dna] fire wrote 25 bytes to ecology
[dna] fire wrote 37 bytes to ecology
[dna] fire wrote 118 bytes to ecology
[dna] fire wrote 182 bytes to ecology
[dna] fire wrote 32 bytes to ecology
[dna] fire wrote 48 bytes to ecology
[dna] fire wrote 30 bytes to ecology
[dna] fire wrote 59 bytes to ecology
[dna] fire wrote 275 bytes to ecology
[dna] fire wrote 16 bytes to ecology
[dna] fire wrote 32 bytes to ecology
[dna] fire wrote 77 bytes to ecology
[dna] fire wrote 23 bytes to ecology
[dna] fire wrote 33 bytes to ecology
[dna] fire wrote 47 bytes to ecology
[dna] fire wrote 39 bytes to ecology
[dna] fire wrote 11 bytes to ecology
[dna] fire wrote 50 bytes to ecology
[dna] fire wrote 26 bytes to ecology
[dna] fire wrote 32 bytes to ecology
[dna] fire wrote 84 bytes to ecology
[dna] fire wrote 16 bytes to ecology
[dna] fire wrote 67 bytes to ecology
[dna] fire wrote 48 bytes to ecology
[dna] fire wrote 43 bytes to ecology
[dna] fire wrote 52 bytes to ecology
[dna] fire wrote 122 bytes to ecology
[dna] fire wrote 26 bytes to ecology
[debug-onto] tick=150 corpus=136202 stage=2 freeze=0
[dna] fire wrote 35 bytes to ecology
[dna] fire wrote 50 bytes to ecology
[dna] fire wrote 74 bytes to ecology
[dna] fire wrote 48 bytes to ecology
[dna] fire wrote 39 bytes to ecology
[dna] fire wrote 13 bytes to ecology
[dna] fire wrote 29 bytes to ecology
[dna] fire wrote 54 bytes to ecology
[dna] fire wrote 15 bytes to ecology
[dna] fire wrote 22 bytes to ecology
[dna] fire wrote 76 bytes to ecology
[dna] fire wrote 104 bytes to ecology
[dna] fire wrote 59 bytes to ecology
[dna] fire wrote 204 bytes to ecology
[dna] fire wrote 47 bytes to ecology
[dna] fire wrote 72 bytes to ecology
[dna] fire wrote 75 bytes to ecology
[dna] fire wrote 15 bytes to ecology
[dna] fire wrote 84 bytes to ecology
[dna] fire wrote 30 bytes to ecology
[dna] fire wrote 34 bytes to ecology
[dna] fire wrote 24 bytes to ecology
[dna] fire wrote 69 bytes to ecology
[dna] fire wrote 28 bytes to ecology
[dna] fire wrote 22 bytes to ecology
[dna] fire wrote 31 bytes to ecology
[dna] fire wrote 122 bytes to ecology
[dna] fire wrote 44 bytes to ecology
[dna] fire wrote 5 bytes to ecology
[dna] fire wrote 73 bytes to ecology
[dna] fire wrote 25 bytes to ecology
[dna] fire wrote 38 bytes to ecology
[dna] fire wrote 8 bytes to ecology
[debug-onto] tick=200 corpus=136202 stage=2 freeze=0
[dna] fire wrote 22 bytes to ecology
[dna] fire wrote 67 bytes to ecology
[dna] fire wrote 87 bytes to ecology
[dna] fire wrote 11 bytes to ecology
[dna] fire wrote 28 bytes to ecology
[dna] fire wrote 66 bytes to ecology
[dna] fire wrote 137 bytes to ecology
[dna] fire wrote 54 bytes to ecology
[dna] fire wrote 62 bytes to ecology
[dna] fire wrote 17 bytes to ecology
[dna] fire wrote 46 bytes to ecology
[dna] fire wrote 18 bytes to ecology
[dna] fire wrote 65 bytes to ecology
[dna] fire wrote 95 bytes to ecology
[dna] fire wrote 40 bytes to ecology
[dna] fire wrote 42 bytes to ecology
[dna] fire wrote 53 bytes to ecology
[dna] fire wrote 30 bytes to ecology
[dna] fire wrote 72 bytes to ecology
[dna] fire wrote 113 bytes to ecology
[dna] fire wrote 106 bytes to ecology
[dna] fire wrote 59 bytes to ecology
[dna] fire wrote 69 bytes to ecology
[dna] fire wrote 65 bytes to ecology
[dna] fire wrote 68 bytes to ecology
[dna] fire wrote 14 bytes to ecology
[dna] fire wrote 50 bytes to ecology
[dna] fire wrote 18 bytes to ecology
[dna] fire wrote 36 bytes to ecology
[dna] fire wrote 50 bytes to ecology
[debug-onto] tick=250 corpus=136202 stage=2 freeze=0
[dna] fire wrote 138 bytes to ecology
[dna] fire wrote 36 bytes to ecology
[dna] fire wrote 48 bytes to ecology
[dna] fire wrote 113 bytes to ecology
[dna] fire wrote 30 bytes to ecology
[dna] fire wrote 13 bytes to ecology
[dna] fire wrote 88 bytes to ecology
[dna] fire wrote 17 bytes to ecology
[dna] fire wrote 35 bytes to ecology
[dna] fire wrote 49 bytes to ecology
[dna] fire wrote 70 bytes to ecology
[dna] fire wrote 45 bytes to ecology
[dna] fire wrote 53 bytes to ecology
[dna] fire wrote 76 bytes to ecology
[dna] fire wrote 34 bytes to ecology
[dna] fire wrote 47 bytes to ecology
[dna] fire wrote 94 bytes to ecology
[dna] fire wrote 58 bytes to ecology
[dna] fire wrote 153 bytes to ecology
[dna] fire wrote 37 bytes to ecology
[dna] fire wrote 32 bytes to ecology
[dna] fire wrote 44 bytes to ecology
[dna] fire wrote 62 bytes to ecology
[dna] fire wrote 165 bytes to ecology
[dna] fire wrote 122 bytes to ecology
[dna] fire wrote 29 bytes to ecology
[dna] fire wrote 96 bytes to ecology
[dna] fire wrote 40 bytes to ecology
[dna] fire wrote 65 bytes to ecology
[dna] fire wrote 28 bytes to ecology
[dna] fire wrote 13 bytes to ecology
[debug-onto] tick=300 corpus=136202 stage=2 freeze=0
[dna] fire wrote 63 bytes to ecology
[dna] fire wrote 97 bytes to ecology
[dna] fire wrote 109 bytes to ecology
[dna] fire wrote 59 bytes to ecology
[dna] fire wrote 75 bytes to ecology
[dna] fire wrote 6 bytes to ecology
[dna] fire wrote 34 bytes to ecology
[dna] fire wrote 82 bytes to ecology
[dna] fire wrote 31 bytes to ecology
[dna] fire wrote 37 bytes to ecology
[dna] fire wrote 23 bytes to ecology
[dna] fire wrote 37 bytes to ecology
[dna] fire wrote 50 bytes to ecology
[dna] fire wrote 17 bytes to ecology
[dna] fire wrote 21 bytes to ecology
[dna] fire wrote 32 bytes to ecology
[dna] fire wrote 76 bytes to ecology
[dna] fire wrote 38 bytes to ecology
[dna] fire wrote 24 bytes to ecology
[dna] fire wrote 104 bytes to ecology
[dna] fire wrote 25 bytes to ecology
[dna] fire wrote 85 bytes to ecology
[dna] fire wrote 72 bytes to ecology
[dna] fire wrote 22 bytes to ecology
[dna] fire wrote 14 bytes to ecology
[dna] fire wrote 10 bytes to ecology
[dna] fire wrote 12 bytes to ecology
[dna] fire wrote 32 bytes to ecology
[dna] fire wrote 25 bytes to ecology
[dna] fire wrote 64 bytes to ecology
[dna] fire wrote 36 bytes to ecology
[dna] fire wrote 157 bytes to ecology
[dna] fire wrote 16 bytes to ecology
[debug-onto] tick=350 corpus=136202 stage=2 freeze=0
[dna] fire wrote 33 bytes to ecology
[dna] fire wrote 20 bytes to ecology
[dna] fire wrote 35 bytes to ecology
[dna] fire wrote 36 bytes to ecology
[dna] fire wrote 28 bytes to ecology
[dna] fire wrote 106 bytes to ecology
[dna] fire wrote 52 bytes to ecology
[dna] fire wrote 51 bytes to ecology
[dna] fire wrote 17 bytes to ecology
[dna] fire wrote 30 bytes to ecology
[dna] fire wrote 29 bytes to ecology
[dna] fire wrote 59 bytes to ecology
[dna] fire wrote 44 bytes to ecology
[dna] fire wrote 198 bytes to ecology
[dna] fire wrote 214 bytes to ecology
[dna] fire wrote 147 bytes to ecology
[dna] fire wrote 32 bytes to ecology
[dna] fire wrote 9 bytes to ecology
[dna] fire wrote 32 bytes to ecology
[dna] fire wrote 70 bytes to ecology
[dna] fire wrote 71 bytes to ecology
[dna] fire wrote 54 bytes to ecology
[dna] fire wrote 21 bytes to ecology
[dna] fire wrote 20 bytes to ecology
[dna] fire wrote 45 bytes to ecology
[dna] fire wrote 7 bytes to ecology
[dna] fire wrote 18 bytes to ecology
[dna] fire wrote 9 bytes to ecology
[dna] fire wrote 6 bytes to ecology
[dna] fire wrote 117 bytes to ecology
[dna] fire wrote 56 bytes to ecology
[dna] fire wrote 15 bytes to ecology
[dna] fire wrote 49 bytes to ecology
[dna] fire wrote 20 bytes to ecology
[debug-onto] tick=400 corpus=136202 stage=2 freeze=0
[dna] fire wrote 9 bytes to ecology
[dna] fire wrote 42 bytes to ecology
[dna] fire wrote 39 bytes to ecology
[dna] fire wrote 37 bytes to ecology
[dna] fire wrote 6 bytes to ecology
[dna] fire wrote 54 bytes to ecology
[dna] fire wrote 43 bytes to ecology
[dna] fire wrote 5 bytes to ecology
[dna] fire wrote 67 bytes to ecology
[dna] fire wrote 63 bytes to ecology
[dna] fire wrote 31 bytes to ecology
[dna] fire wrote 35 bytes to ecology
[dna] fire wrote 254 bytes to ecology
[dna] fire wrote 116 bytes to ecology
[dna] fire wrote 29 bytes to ecology
[dna] fire wrote 5 bytes to ecology
[dna] fire wrote 27 bytes to ecology
[dna] fire wrote 12 bytes to ecology
[dna] fire wrote 22 bytes to ecology
[dna] fire wrote 17 bytes to ecology
[dna] fire wrote 13 bytes to ecology
[dna] fire wrote 24 bytes to ecology
[dna] fire wrote 49 bytes to ecology
[dna] fire wrote 92 bytes to ecology
[dna] fire wrote 9 bytes to ecology
[dna] fire wrote 8 bytes to ecology
[dna] fire wrote 13 bytes to ecology
[dna] fire wrote 17 bytes to ecology
[dna] fire wrote 23 bytes to ecology
[dna] fire wrote 20 bytes to ecology
[dna] fire wrote 46 bytes to ecology
[dna] fire wrote 9 bytes to ecology
[dna] fire wrote 75 bytes to ecology
[dna] fire wrote 116 bytes to ecology
[debug-onto] tick=450 corpus=136202 stage=2 freeze=0
[dna] fire wrote 48 bytes to ecology
[dna] fire wrote 74 bytes to ecology
[dna] fire wrote 44 bytes to ecology
[dna] fire wrote 20 bytes to ecology
[dna] fire wrote 19 bytes to ecology
[dna] fire wrote 58 bytes to ecology
[dna] fire wrote 45 bytes to ecology
[dna] fire wrote 34 bytes to ecology
[dna] fire wrote 8 bytes to ecology
[dna] fire wrote 31 bytes to ecology
[dna] fire wrote 121 bytes to ecology
[dna] fire wrote 76 bytes to ecology
[dna] fire wrote 124 bytes to ecology
[dna] fire wrote 106 bytes to ecology
[dna] fire wrote 26 bytes to ecology
[dna] fire wrote 65 bytes to ecology
[dna] fire wrote 33 bytes to ecology
[dna] fire wrote 65 bytes to ecology
[dna] fire wrote 35 bytes to ecology
[dna] fire wrote 33 bytes to ecology
[dna] fire wrote 64 bytes to ecology
[dna] fire wrote 75 bytes to ecology
[dna] fire wrote 100 bytes to ecology
[dna] fire wrote 14 bytes to ecology
[dna] fire wrote 161 bytes to ecology
[dna] fire wrote 58 bytes to ecology
[dna] fire wrote 30 bytes to ecology
[dna] fire wrote 15 bytes to ecology
[dna] fire wrote 117 bytes to ecology
[dna] fire wrote 76 bytes to ecology
[dna] fire wrote 80 bytes to ecology
[dna] fire wrote 26 bytes to ecology
[debug-onto] tick=500 corpus=136202 stage=2 freeze=0
[dna] fire wrote 36 bytes to ecology
[dna] fire wrote 89 bytes to ecology
[dna] fire wrote 25 bytes to ecology
[dna] fire wrote 61 bytes to ecology
[dna] fire wrote 9 bytes to ecology
[dna] fire wrote 46 bytes to ecology
[dna] fire wrote 35 bytes to ecology
[dna] fire wrote 44 bytes to ecology
[dna] fire wrote 24 bytes to ecology
[dna] fire wrote 37 bytes to ecology
[dna] fire wrote 103 bytes to ecology
[dna] fire wrote 78 bytes to ecology
[dna] fire wrote 84 bytes to ecology
[dna] fire wrote 66 bytes to ecology
[dna] fire wrote 94 bytes to ecology
[dna] fire wrote 49 bytes to ecology
[dna] fire wrote 11 bytes to ecology
[dna] fire wrote 110 bytes to ecology
[dna] fire wrote 23 bytes to ecology
[dna] fire wrote 25 bytes to ecology
[dna] fire wrote 48 bytes to ecology
[dna] fire wrote 19 bytes to ecology
[dna] fire wrote 20 bytes to ecology
[dna] fire wrote 191 bytes to ecology
[dna] fire wrote 66 bytes to ecology
[dna] fire wrote 5 bytes to ecology
[dna] fire wrote 56 bytes to ecology
[dna] fire wrote 47 bytes to ecology
[dna] fire wrote 25 bytes to ecology
[dna] fire wrote 36 bytes to ecology
[dna] fire wrote 35 bytes to ecology
[dna] fire wrote 135 bytes to ecology
[dna] fire wrote 186 bytes to ecology
[dna] fire wrote 10 bytes to ecology
[dna] fire wrote 28 bytes to ecology
[debug-onto] tick=550 corpus=136202 stage=2 freeze=0
[dna] fire wrote 16 bytes to ecology
[dna] fire wrote 6 bytes to ecology
[dna] fire wrote 53 bytes to ecology
[dna] fire wrote 47 bytes to ecology
[dna] fire wrote 28 bytes to ecology
[dna] fire wrote 70 bytes to ecology
[dna] fire wrote 17 bytes to ecology
[dna] fire wrote 141 bytes to ecology
[dna] fire wrote 23 bytes to ecology
[dna] fire wrote 12 bytes to ecology
[dna] fire wrote 42 bytes to ecology
[dna] fire wrote 41 bytes to ecology
[dna] fire wrote 33 bytes to ecology
[dna] fire wrote 38 bytes to ecology
[dna] fire wrote 61 bytes to ecology
[dna] fire wrote 75 bytes to ecology
[dna] fire wrote 74 bytes to ecology
[dna] fire wrote 64 bytes to ecology
[dna] fire wrote 55 bytes to ecology
[dna] fire wrote 6 bytes to ecology
[dna] fire wrote 61 bytes to ecology
[dna] fire wrote 30 bytes to ecology
[dna] fire wrote 39 bytes to ecology
[dna] fire wrote 33 bytes to ecology
[dna] fire wrote 92 bytes to ecology
[dna] fire wrote 129 bytes to ecology
[dna] fire wrote 79 bytes to ecology
[dna] fire wrote 14 bytes to ecology
[debug-onto] tick=600 corpus=136202 stage=2 freeze=0
[dna] fire wrote 37 bytes to ecology
[dna] fire wrote 58 bytes to ecology
[dna] fire wrote 33 bytes to ecology
[dna] fire wrote 35 bytes to ecology
[dna] fire wrote 54 bytes to ecology
[dna] fire wrote 25 bytes to ecology
[dna] fire wrote 36 bytes to ecology
[dna] fire wrote 39 bytes to ecology
[dna] fire wrote 67 bytes to ecology
[dna] fire wrote 120 bytes to ecology
[dna] fire wrote 33 bytes to ecology
[dna] fire wrote 27 bytes to ecology
[dna] fire wrote 30 bytes to ecology
[dna] fire wrote 55 bytes to ecology
[dna] fire wrote 49 bytes to ecology
[dna] fire wrote 30 bytes to ecology
[dna] fire wrote 14 bytes to ecology
[dna] fire wrote 63 bytes to ecology
[dna] fire wrote 13 bytes to ecology
[dna] fire wrote 29 bytes to ecology
[dna] fire wrote 6 bytes to ecology
[dna] fire wrote 26 bytes to ecology
[dna] fire wrote 50 bytes to ecology
[dna] fire wrote 102 bytes to ecology
[dna] fire wrote 43 bytes to ecology
[dna] fire wrote 7 bytes to ecology
[dna] fire wrote 19 bytes to ecology
[dna] fire wrote 28 bytes to ecology
[dna] fire wrote 116 bytes to ecology
[dna] fire wrote 128 bytes to ecology
[dna] fire wrote 58 bytes to ecology
[dna] fire wrote 13 bytes to ecology
[dna] fire wrote 59 bytes to ecology
[debug-onto] tick=650 corpus=136202 stage=2 freeze=0
[dna] fire wrote 47 bytes to ecology
[dna] fire wrote 70 bytes to ecology
[dna] fire wrote 52 bytes to ecology
[dna] fire wrote 108 bytes to ecology
[dna] fire wrote 15 bytes to ecology
[dna] fire wrote 16 bytes to ecology
[dna] fire wrote 41 bytes to ecology
[dna] fire wrote 32 bytes to ecology
[dna] fire wrote 24 bytes to ecology
[dna] fire wrote 13 bytes to ecology
[dna] fire wrote 55 bytes to ecology
[dna] fire wrote 89 bytes to ecology
[dna] fire wrote 92 bytes to ecology
[dna] fire wrote 32 bytes to ecology
[dna] fire wrote 13 bytes to ecology
[dna] fire wrote 33 bytes to ecology
[dna] fire wrote 67 bytes to ecology
[dna] fire wrote 49 bytes to ecology
[dna] fire wrote 115 bytes to ecology
[dna] fire wrote 78 bytes to ecology
[dna] fire wrote 43 bytes to ecology
[dna] fire wrote 39 bytes to ecology
[dna] fire wrote 51 bytes to ecology
[dna] fire wrote 11 bytes to ecology
[dna] fire wrote 42 bytes to ecology
[dna] fire wrote 54 bytes to ecology
[dna] fire wrote 33 bytes to ecology
[dna] fire wrote 84 bytes to ecology
[debug-onto] tick=700 corpus=136202 stage=2 freeze=0
[dna] fire wrote 23 bytes to ecology
[dna] fire wrote 109 bytes to ecology
[dna] fire wrote 46 bytes to ecology
[dna] fire wrote 63 bytes to ecology
[dna] fire wrote 75 bytes to ecology
[dna] fire wrote 67 bytes to ecology
[dna] fire wrote 36 bytes to ecology
[dna] fire wrote 35 bytes to ecology
[dna] fire wrote 17 bytes to ecology
[dna] fire wrote 94 bytes to ecology
[dna] fire wrote 43 bytes to ecology
[dna] fire wrote 35 bytes to ecology
[dna] fire wrote 74 bytes to ecology
[dna] fire wrote 58 bytes to ecology
[dna] fire wrote 39 bytes to ecology
[dna] fire wrote 61 bytes to ecology
[dna] fire wrote 7 bytes to ecology

[evolution] Organism shutting down gracefully.
