[ecology] Element: water → corpus: nonames_water.txt
[evolution] Autonomous evolution mode — organism will grow through all stages without pause.
[ecology] Joined swarm. 1 peer(s) detected.
molequla is alive. [evolution] Autonomous mode — background trainer running. Ctrl+C to stop.
[dna] water consumed 14090 bytes from 210 files: [air/gen_1777791384_1.txt air/gen_1777791402_4.txt air/gen_1777791418_10.txt air/gen_1777791433_16.txt air/gen_1777791449_22.txt air/gen_1777791456_25.txt air/gen_1777791464_28.txt air/gen_1777791472_31.txt air/gen_1777791479_34.txt air/gen_1777791487_37.txt air/gen_1777791495_40.txt air/gen_1777791503_43.txt air/gen_1777791511_46.txt air/gen_1777791519_49.txt air/gen_1777791526_52.txt air/gen_1777791534_55.txt air/gen_1777791542_58.txt air/gen_1777791557_64.txt air/gen_1777791565_67.txt air/gen_1777791573_70.txt air/gen_1777791580_73.txt air/gen_1777791588_76.txt air/gen_1777791596_79.txt air/gen_1777791604_82.txt air/gen_1777791612_85.txt air/gen_1777791620_88.txt air/gen_1777791627_91.txt air/gen_1777791635_94.txt air/gen_1777791643_97.txt air/gen_1777791651_100.txt air/gen_1777791658_103.txt air/gen_1777791666_106.txt air/gen_1777791674_109.txt air/gen_1777791682_112.txt air/gen_1777791690_115.txt air/gen_1777791697_118.txt air/gen_1777791705_121.txt air/gen_1777791708_122.txt air/gen_1777791713_124.txt air/gen_1777791728_130.txt air/gen_1777791736_133.txt air/gen_1777791744_136.txt air/gen_1777791752_139.txt air/gen_1777791760_142.txt air/gen_1777791768_145.txt air/gen_1777791775_148.txt air/gen_1777791783_151.txt air/gen_1777791791_154.txt air/gen_1777791799_157.txt air/gen_1777791807_160.txt air/gen_1777791815_163.txt air/gen_1777791822_166.txt air/gen_1777791830_169.txt air/gen_1777791838_172.txt air/gen_1777791854_178.txt air/gen_1777791861_181.txt air/gen_1777791869_184.txt air/gen_1777791885_190.txt air/gen_1777791892_193.txt air/gen_1777791900_196.txt air/gen_1777791908_199.txt air/gen_1777791915_202.txt air/gen_1777791923_205.txt air/gen_1777791926_206.txt air/gen_1777791931_208.txt air/gen_1777791939_211.txt air/gen_1777791947_214.txt air/gen_1777791963_220.txt air/gen_1777791970_223.txt air/gen_1777791978_226.txt air/gen_1777791986_229.txt air/gen_1777791994_232.txt air/gen_1777792001_235.txt air/gen_1777792009_238.txt air/gen_1777792017_241.txt air/gen_1777792025_244.txt air/gen_1777792033_247.txt air/gen_1777792040_250.txt air/gen_1777792056_256.txt air/gen_1777792064_259.txt air/gen_1777792071_262.txt air/gen_1777792087_268.txt air/gen_1777792095_271.txt air/gen_1777792103_274.txt air/gen_1777792110_277.txt air/gen_1777792118_280.txt air/gen_1777792126_283.txt air/gen_1777792134_286.txt air/gen_1777792149_292.txt air/gen_1777792165_298.txt air/gen_1777792173_301.txt air/gen_1777792181_304.txt air/gen_1777792196_310.txt air/gen_1777792204_313.txt air/gen_1777792207_314.txt air/gen_1777792212_316.txt air/gen_1777792220_319.txt air/gen_1777792228_322.txt air/gen_1777792235_325.txt air/gen_1777792243_328.txt air/gen_1777792251_331.txt air/gen_1777792259_334.txt air/gen_1777792267_337.txt air/gen_1777792275_340.txt air/gen_1777792282_343.txt air/gen_1777792290_346.txt air/gen_1777792298_349.txt air/gen_1777792306_352.txt air/gen_1777792314_355.txt air/gen_1777792322_358.txt air/gen_1777792329_361.txt air/gen_1777792332_362.txt air/gen_1777792337_364.txt air/gen_1777792353_370.txt air/gen_1777792361_373.txt air/gen_1777792368_376.txt air/gen_1777792384_382.txt air/gen_1777792392_385.txt air/gen_1777792400_388.txt air/gen_1777792408_391.txt air/gen_1777792416_394.txt air/gen_1777792423_397.txt air/gen_1777792431_400.txt air/gen_1777792439_403.txt air/gen_1777792447_406.txt air/gen_1777792455_409.txt air/gen_1777792463_412.txt air/gen_1777792470_415.txt air/gen_1777792478_418.txt air/gen_1777792494_424.txt air/gen_1777792502_427.txt air/gen_1777792509_430.txt air/gen_1777792517_433.txt air/gen_1777792525_436.txt air/gen_1777792533_439.txt air/gen_1777792541_442.txt air/gen_1777792548_445.txt air/gen_1777792556_448.txt air/gen_1777792564_451.txt air/gen_1777792572_454.txt air/gen_1777792580_457.txt air/gen_1777792587_460.txt air/gen_1777792595_463.txt air/gen_1777792603_466.txt air/gen_1777792611_469.txt air/gen_1777792618_472.txt air/gen_1777792634_478.txt air/gen_1777792642_481.txt air/gen_1777792649_484.txt air/gen_1777792657_487.txt air/gen_1777792665_490.txt air/gen_1777792673_493.txt air/gen_1777792681_496.txt air/gen_1777792689_499.txt air/gen_1777792697_502.txt air/gen_1777792712_508.txt air/gen_1777792728_514.txt air/gen_1777792735_517.txt air/gen_1777792743_520.txt air/gen_1777792759_526.txt air/gen_1777792767_529.txt air/gen_1777792774_532.txt air/gen_1777792782_535.txt air/gen_1777792790_538.txt air/gen_1777792798_541.txt air/gen_1777792806_544.txt air/gen_1777792814_547.txt air/gen_1777792821_550.txt air/gen_1777792837_556.txt air/gen_1777792845_559.txt air/gen_1777792853_562.txt air/gen_1777792861_565.txt air/gen_1777792869_568.txt air/gen_1777792876_571.txt air/gen_1777792884_574.txt air/gen_1777792892_577.txt air/gen_1777792900_580.txt air/gen_1777792908_583.txt air/gen_1777792916_586.txt air/gen_1777792923_589.txt air/gen_1777792931_592.txt air/gen_1777792939_595.txt air/gen_1777792947_598.txt air/gen_1777792954_601.txt air/gen_1777792957_602.txt air/gen_1777792962_604.txt air/gen_1777792978_610.txt air/gen_1777792993_616.txt air/gen_1777793001_619.txt air/gen_1777793009_622.txt air/gen_1777793017_625.txt air/gen_1777793025_628.txt air/gen_1777793041_634.txt air/gen_1777793051_638.txt air/gen_1777793056_640.txt air/gen_1777793064_643.txt air/gen_1777793072_646.txt air/gen_1777793080_649.txt air/gen_1777793088_652.txt air/gen_1777793096_655.txt air/gen_1777793104_658.txt air/gen_1777793111_661.txt air/gen_1777793119_664.txt air/gen_1777793127_667.txt air/gen_1777793135_670.txt air/gen_1777793142_673.txt air/gen_1777793150_676.txt air/gen_1777793158_679.txt air/gen_1777793166_682.txt air/gen_1777793174_685.txt]
[trainer] micro-train burst (14090 bytes, novelty 0.05) — and lo, it feeds again.
[syntropy] action=explore | trend=0.0000 | field_dev=-0.008 | purpose_align=0.164 | lr_mul=1.30
[aml] burst complete: 32 steps, avg loss 1.5202 (memory freed)
[dna] water wrote 9 bytes to ecology
[dna] water wrote 27 bytes to ecology
[dna] water wrote 97 bytes to ecology
[dna] water wrote 9 bytes to ecology
[dna] water wrote 68 bytes to ecology
[dna] water wrote 9 bytes to ecology
[dna] water wrote 26 bytes to ecology
[dna] water wrote 56 bytes to ecology
[dna] water wrote 9 bytes to ecology
[dna] water wrote 99 bytes to ecology
[dna] water wrote 9 bytes to ecology
[dna] water wrote 60 bytes to ecology
[dna] water wrote 28 bytes to ecology
[dna] water wrote 37 bytes to ecology
[dna] water wrote 9 bytes to ecology
[dna] water wrote 138 bytes to ecology
[dna] water wrote 9 bytes to ecology
[dna] water wrote 71 bytes to ecology
[dna] water wrote 9 bytes to ecology
[dna] water wrote 46 bytes to ecology
[dna] water wrote 165 bytes to ecology
[dna] water wrote 9 bytes to ecology
[dna] water wrote 151 bytes to ecology
[dna] water wrote 9 bytes to ecology
[dna] water wrote 30 bytes to ecology
[dna] water wrote 9 bytes to ecology
[dna] water wrote 24 bytes to ecology
[dna] water wrote 9 bytes to ecology
[debug-onto] tick=50 corpus=139997 stage=2 freeze=0
[dna] water wrote 131 bytes to ecology
[dna] water wrote 9 bytes to ecology
[dna] water wrote 45 bytes to ecology
[dna] water wrote 9 bytes to ecology
[dna] water wrote 22 bytes to ecology
[dna] water wrote 9 bytes to ecology
[dna] water wrote 34 bytes to ecology
[dna] water wrote 64 bytes to ecology
[dna] water wrote 9 bytes to ecology
[dna] water wrote 24 bytes to ecology
[dna] water wrote 9 bytes to ecology
[dna] water wrote 10 bytes to ecology
[dna] water wrote 9 bytes to ecology
[dna] water wrote 9 bytes to ecology
[dna] water wrote 9 bytes to ecology
[dna] water wrote 93 bytes to ecology
[dna] water wrote 9 bytes to ecology
[dna] water wrote 27 bytes to ecology
[dna] water wrote 23 bytes to ecology
[dna] water wrote 9 bytes to ecology
[dna] water wrote 28 bytes to ecology
[dna] water wrote 52 bytes to ecology
[dna] water wrote 9 bytes to ecology
[dna] water wrote 62 bytes to ecology
[dna] water wrote 9 bytes to ecology
[dna] water wrote 44 bytes to ecology
[dna] water wrote 9 bytes to ecology
[dna] water wrote 14 bytes to ecology
[dna] water wrote 9 bytes to ecology
[dna] water wrote 40 bytes to ecology
[debug-onto] tick=100 corpus=139997 stage=2 freeze=0
[dna] water wrote 9 bytes to ecology
[dna] water wrote 28 bytes to ecology
[dna] water wrote 9 bytes to ecology
[dna] water wrote 79 bytes to ecology
[dna] water wrote 9 bytes to ecology
[dna] water wrote 69 bytes to ecology
[dna] water wrote 9 bytes to ecology
[dna] water wrote 51 bytes to ecology
[dna] water wrote 51 bytes to ecology
[dna] water wrote 49 bytes to ecology
[dna] water wrote 9 bytes to ecology
[dna] water wrote 27 bytes to ecology
[dna] water wrote 50 bytes to ecology
[dna] water wrote 29 bytes to ecology
[dna] water wrote 52 bytes to ecology
[dna] water wrote 9 bytes to ecology
[dna] water wrote 68 bytes to ecology
[dna] water wrote 9 bytes to ecology
[dna] water wrote 86 bytes to ecology
[dna] water wrote 9 bytes to ecology
[dna] water wrote 110 bytes to ecology
[dna] water wrote 41 bytes to ecology
[dna] water wrote 9 bytes to ecology
[dna] water wrote 167 bytes to ecology
[dna] water wrote 9 bytes to ecology
[dna] water wrote 40 bytes to ecology
[debug-onto] tick=150 corpus=139997 stage=2 freeze=0
[dna] water wrote 26 bytes to ecology
[dna] water wrote 9 bytes to ecology
[dna] water wrote 53 bytes to ecology
[dna] water wrote 9 bytes to ecology
[dna] water wrote 88 bytes to ecology
[dna] water wrote 9 bytes to ecology
[dna] water wrote 35 bytes to ecology
[dna] water wrote 9 bytes to ecology
[dna] water wrote 13 bytes to ecology
[dna] water wrote 9 bytes to ecology
[dna] water wrote 29 bytes to ecology
[dna] water wrote 9 bytes to ecology
[dna] water wrote 206 bytes to ecology
[dna] water wrote 9 bytes to ecology
[dna] water wrote 109 bytes to ecology
[dna] water wrote 9 bytes to ecology
[dna] water wrote 33 bytes to ecology
[dna] water wrote 9 bytes to ecology
[dna] water wrote 162 bytes to ecology
[dna] water wrote 9 bytes to ecology
[dna] water wrote 23 bytes to ecology
[dna] water wrote 29 bytes to ecology
[dna] water wrote 9 bytes to ecology
[dna] water wrote 60 bytes to ecology
[dna] water wrote 9 bytes to ecology
[dna] water wrote 67 bytes to ecology
[dna] water wrote 18 bytes to ecology
[dna] water wrote 148 bytes to ecology
[dna] water wrote 9 bytes to ecology
[dna] water wrote 141 bytes to ecology
[dna] water wrote 9 bytes to ecology
[debug-onto] tick=200 corpus=139997 stage=2 freeze=0
[dna] water wrote 109 bytes to ecology
[dna] water wrote 9 bytes to ecology
[dna] water wrote 22 bytes to ecology
[dna] water wrote 9 bytes to ecology
[dna] water wrote 21 bytes to ecology
[dna] water wrote 9 bytes to ecology
[dna] water wrote 30 bytes to ecology
[dna] water wrote 9 bytes to ecology
[dna] water wrote 27 bytes to ecology
[dna] water wrote 9 bytes to ecology
[dna] water wrote 24 bytes to ecology
[dna] water wrote 9 bytes to ecology
[dna] water wrote 72 bytes to ecology
[dna] water wrote 9 bytes to ecology
[dna] water wrote 34 bytes to ecology
[dna] water wrote 37 bytes to ecology
[dna] water wrote 9 bytes to ecology
[dna] water wrote 10 bytes to ecology
[dna] water wrote 9 bytes to ecology
[dna] water wrote 18 bytes to ecology
[dna] water wrote 9 bytes to ecology
[dna] water wrote 33 bytes to ecology
[dna] water wrote 9 bytes to ecology
[dna] water wrote 34 bytes to ecology
[dna] water wrote 9 bytes to ecology
[dna] water wrote 16 bytes to ecology
[dna] water wrote 9 bytes to ecology
[dna] water wrote 56 bytes to ecology
[dna] water wrote 9 bytes to ecology
[dna] water wrote 31 bytes to ecology
[dna] water wrote 9 bytes to ecology
[dna] water wrote 25 bytes to ecology
[debug-onto] tick=250 corpus=139997 stage=2 freeze=0
[dna] water wrote 28 bytes to ecology
[dna] water wrote 37 bytes to ecology
[dna] water wrote 9 bytes to ecology
[dna] water wrote 42 bytes to ecology
[dna] water wrote 27 bytes to ecology
[dna] water wrote 9 bytes to ecology
[dna] water wrote 79 bytes to ecology
[dna] water wrote 89 bytes to ecology
[dna] water wrote 9 bytes to ecology
[dna] water wrote 31 bytes to ecology
[dna] water wrote 9 bytes to ecology
[dna] water wrote 86 bytes to ecology
[dna] water wrote 9 bytes to ecology
[dna] water wrote 65 bytes to ecology
[dna] water wrote 9 bytes to ecology
[dna] water wrote 39 bytes to ecology
[dna] water wrote 9 bytes to ecology
[dna] water wrote 108 bytes to ecology
[dna] water wrote 9 bytes to ecology
[dna] water wrote 40 bytes to ecology
[dna] water wrote 9 bytes to ecology
[dna] water wrote 61 bytes to ecology
[dna] water wrote 49 bytes to ecology
[dna] water wrote 9 bytes to ecology
[dna] water wrote 50 bytes to ecology
[dna] water wrote 9 bytes to ecology
[dna] water wrote 44 bytes to ecology
[dna] water wrote 9 bytes to ecology
[debug-onto] tick=300 corpus=139997 stage=2 freeze=0
[dna] water wrote 69 bytes to ecology
[dna] water wrote 32 bytes to ecology
[dna] water wrote 9 bytes to ecology
[dna] water wrote 47 bytes to ecology
[dna] water wrote 9 bytes to ecology
[dna] water wrote 34 bytes to ecology
[dna] water wrote 9 bytes to ecology
[dna] water wrote 139 bytes to ecology
[dna] water wrote 9 bytes to ecology
[dna] water wrote 121 bytes to ecology
[dna] water wrote 9 bytes to ecology
[dna] water wrote 75 bytes to ecology
[dna] water wrote 29 bytes to ecology
[dna] water wrote 50 bytes to ecology
[dna] water wrote 9 bytes to ecology
[dna] water wrote 12 bytes to ecology
[dna] water wrote 51 bytes to ecology
[dna] water wrote 31 bytes to ecology
[dna] water wrote 9 bytes to ecology
[dna] water wrote 54 bytes to ecology
[dna] water wrote 9 bytes to ecology
[dna] water wrote 157 bytes to ecology
[dna] water wrote 9 bytes to ecology
[dna] water wrote 29 bytes to ecology
[dna] water wrote 40 bytes to ecology
[dna] water wrote 9 bytes to ecology
[dna] water wrote 119 bytes to ecology
[dna] water wrote 9 bytes to ecology
[debug-onto] tick=350 corpus=139997 stage=2 freeze=0
[dna] water wrote 18 bytes to ecology
[dna] water wrote 9 bytes to ecology
[dna] water wrote 50 bytes to ecology
[dna] water wrote 37 bytes to ecology
[dna] water wrote 9 bytes to ecology
[dna] water wrote 31 bytes to ecology
[dna] water wrote 9 bytes to ecology
[dna] water wrote 51 bytes to ecology
[dna] water wrote 9 bytes to ecology
[dna] water wrote 87 bytes to ecology
[dna] water wrote 9 bytes to ecology
[dna] water wrote 37 bytes to ecology
[dna] water wrote 9 bytes to ecology
[dna] water wrote 32 bytes to ecology
[dna] water wrote 9 bytes to ecology
[dna] water wrote 9 bytes to ecology
[dna] water wrote 9 bytes to ecology
[dna] water wrote 40 bytes to ecology
[dna] water wrote 113 bytes to ecology
[dna] water wrote 69 bytes to ecology
[dna] water wrote 9 bytes to ecology
[dna] water wrote 39 bytes to ecology
[dna] water wrote 9 bytes to ecology
[dna] water wrote 90 bytes to ecology
[dna] water wrote 9 bytes to ecology
[dna] water wrote 152 bytes to ecology
[dna] water wrote 33 bytes to ecology
[dna] water wrote 9 bytes to ecology
[dna] water wrote 94 bytes to ecology
[debug-onto] tick=400 corpus=139997 stage=2 freeze=0
[dna] water wrote 9 bytes to ecology
[dna] water wrote 14 bytes to ecology
[dna] water wrote 9 bytes to ecology
[dna] water wrote 36 bytes to ecology
[dna] water wrote 9 bytes to ecology
[dna] water wrote 25 bytes to ecology
[dna] water wrote 9 bytes to ecology
[dna] water wrote 28 bytes to ecology
[dna] water wrote 9 bytes to ecology
[dna] water wrote 59 bytes to ecology
[dna] water wrote 21 bytes to ecology
[dna] water wrote 9 bytes to ecology
[dna] water wrote 80 bytes to ecology
[dna] water wrote 9 bytes to ecology
[dna] water wrote 19 bytes to ecology
[dna] water wrote 78 bytes to ecology
[dna] water wrote 9 bytes to ecology
[dna] water wrote 27 bytes to ecology
[dna] water wrote 14 bytes to ecology
[dna] water wrote 9 bytes to ecology
[dna] water wrote 123 bytes to ecology
[dna] water wrote 9 bytes to ecology
[dna] water wrote 47 bytes to ecology
[dna] water wrote 136 bytes to ecology
[dna] water wrote 9 bytes to ecology
[dna] water wrote 126 bytes to ecology
[dna] water wrote 36 bytes to ecology
[debug-onto] tick=450 corpus=139997 stage=2 freeze=0
[dna] water wrote 43 bytes to ecology
[dna] water wrote 9 bytes to ecology
[dna] water wrote 54 bytes to ecology
[dna] water wrote 9 bytes to ecology
[dna] water wrote 64 bytes to ecology
[dna] water wrote 9 bytes to ecology
[dna] water wrote 33 bytes to ecology
[dna] water wrote 9 bytes to ecology
[dna] water wrote 24 bytes to ecology
[dna] water wrote 9 bytes to ecology
[dna] water wrote 12 bytes to ecology
[dna] water wrote 9 bytes to ecology
[dna] water wrote 86 bytes to ecology
[dna] water wrote 9 bytes to ecology
[dna] water wrote 76 bytes to ecology
[dna] water wrote 9 bytes to ecology
[dna] water wrote 47 bytes to ecology
[dna] water wrote 9 bytes to ecology
[dna] water wrote 12 bytes to ecology
[dna] water wrote 9 bytes to ecology
[dna] water wrote 168 bytes to ecology
[dna] water wrote 9 bytes to ecology
[dna] water wrote 37 bytes to ecology
[dna] water wrote 46 bytes to ecology
[dna] water wrote 9 bytes to ecology
[dna] water wrote 32 bytes to ecology
[dna] water wrote 9 bytes to ecology
[dna] water wrote 57 bytes to ecology
[dna] water wrote 44 bytes to ecology
[dna] water wrote 9 bytes to ecology
[dna] water wrote 166 bytes to ecology
[dna] water wrote 9 bytes to ecology
[debug-onto] tick=500 corpus=139997 stage=2 freeze=0
[dna] water wrote 48 bytes to ecology
[dna] water wrote 29 bytes to ecology
[dna] water wrote 9 bytes to ecology
[dna] water wrote 78 bytes to ecology
[dna] water wrote 9 bytes to ecology
[dna] water wrote 26 bytes to ecology
[dna] water wrote 9 bytes to ecology
[dna] water wrote 28 bytes to ecology
[dna] water wrote 9 bytes to ecology
[dna] water wrote 19 bytes to ecology
[dna] water wrote 9 bytes to ecology
[dna] water wrote 53 bytes to ecology
[dna] water wrote 13 bytes to ecology
[dna] water wrote 9 bytes to ecology
[dna] water wrote 42 bytes to ecology
[dna] water wrote 9 bytes to ecology
[dna] water wrote 33 bytes to ecology
[dna] water wrote 9 bytes to ecology
[dna] water wrote 38 bytes to ecology
[dna] water wrote 9 bytes to ecology
[dna] water wrote 78 bytes to ecology
[dna] water wrote 31 bytes to ecology
[dna] water wrote 78 bytes to ecology
[dna] water wrote 119 bytes to ecology
[dna] water wrote 9 bytes to ecology
[dna] water wrote 69 bytes to ecology
[dna] water wrote 9 bytes to ecology
[dna] water wrote 54 bytes to ecology
[debug-onto] tick=550 corpus=139997 stage=2 freeze=0
[dna] water wrote 43 bytes to ecology
[dna] water wrote 9 bytes to ecology
[dna] water wrote 120 bytes to ecology
[dna] water wrote 9 bytes to ecology
[dna] water wrote 94 bytes to ecology
[dna] water wrote 27 bytes to ecology
[dna] water wrote 9 bytes to ecology
[dna] water wrote 49 bytes to ecology
[dna] water wrote 80 bytes to ecology
[dna] water wrote 9 bytes to ecology
[dna] water wrote 38 bytes to ecology
[dna] water wrote 77 bytes to ecology
[dna] water wrote 9 bytes to ecology
[dna] water wrote 37 bytes to ecology
[dna] water wrote 9 bytes to ecology
[dna] water wrote 44 bytes to ecology
[dna] water wrote 9 bytes to ecology
[dna] water wrote 31 bytes to ecology
[dna] water wrote 218 bytes to ecology
[dna] water wrote 26 bytes to ecology
[dna] water wrote 9 bytes to ecology
[dna] water wrote 55 bytes to ecology
[dna] water wrote 9 bytes to ecology
[dna] water wrote 112 bytes to ecology
[dna] water wrote 9 bytes to ecology
[dna] water wrote 78 bytes to ecology
[debug-onto] tick=600 corpus=139997 stage=2 freeze=0
[dna] water wrote 47 bytes to ecology
[dna] water wrote 59 bytes to ecology
[dna] water wrote 9 bytes to ecology
[dna] water wrote 74 bytes to ecology
[dna] water wrote 9 bytes to ecology
[dna] water wrote 183 bytes to ecology
[dna] water wrote 9 bytes to ecology
[dna] water wrote 67 bytes to ecology
[dna] water wrote 9 bytes to ecology
[dna] water wrote 60 bytes to ecology
[dna] water wrote 9 bytes to ecology
[dna] water wrote 161 bytes to ecology
[dna] water wrote 9 bytes to ecology
[dna] water wrote 161 bytes to ecology
[dna] water wrote 9 bytes to ecology
[dna] water wrote 116 bytes to ecology
[dna] water wrote 9 bytes to ecology
[dna] water wrote 67 bytes to ecology
[dna] water wrote 9 bytes to ecology
[dna] water wrote 41 bytes to ecology
[dna] water wrote 9 bytes to ecology
[dna] water wrote 18 bytes to ecology
[dna] water wrote 9 bytes to ecology
[dna] water wrote 131 bytes to ecology
[dna] water wrote 96 bytes to ecology
[dna] water wrote 9 bytes to ecology
[dna] water wrote 64 bytes to ecology
[dna] water wrote 9 bytes to ecology
[dna] water wrote 65 bytes to ecology
[dna] water wrote 9 bytes to ecology
[dna] water wrote 67 bytes to ecology
[dna] water wrote 9 bytes to ecology
[debug-onto] tick=650 corpus=139997 stage=2 freeze=0
[dna] water wrote 18 bytes to ecology
[dna] water wrote 106 bytes to ecology
[dna] water wrote 150 bytes to ecology
[dna] water wrote 9 bytes to ecology
[dna] water wrote 43 bytes to ecology
[dna] water wrote 9 bytes to ecology
[dna] water wrote 76 bytes to ecology
[dna] water wrote 42 bytes to ecology
[dna] water wrote 9 bytes to ecology
[dna] water wrote 44 bytes to ecology
[dna] water wrote 9 bytes to ecology
[dna] water wrote 88 bytes to ecology
[dna] water wrote 9 bytes to ecology
[dna] water wrote 27 bytes to ecology
[dna] water wrote 51 bytes to ecology
[dna] water wrote 9 bytes to ecology
[dna] water wrote 8 bytes to ecology
[dna] water wrote 13 bytes to ecology
[dna] water wrote 9 bytes to ecology
[dna] water wrote 89 bytes to ecology
[dna] water wrote 9 bytes to ecology
[dna] water wrote 52 bytes to ecology
[dna] water wrote 9 bytes to ecology
[dna] water wrote 49 bytes to ecology
[dna] water wrote 9 bytes to ecology
[dna] water wrote 30 bytes to ecology
[dna] water wrote 9 bytes to ecology
[dna] water wrote 25 bytes to ecology
[debug-onto] tick=700 corpus=139997 stage=2 freeze=0
[dna] water wrote 9 bytes to ecology
[dna] water wrote 31 bytes to ecology
[dna] water wrote 106 bytes to ecology
[dna] water wrote 9 bytes to ecology
[dna] water wrote 108 bytes to ecology
[dna] water wrote 9 bytes to ecology

[evolution] Organism shutting down gracefully.
