[ecology] Element: earth → corpus: nonames_earth.txt
[evolution] Autonomous evolution mode — organism will grow through all stages without pause.
[init] Stage 0 (embryo): embd=16, layer=1, head=1 — warmup 400 steps (400 backprop + 0 notorch, sqrt-scaled 1x)
  [aml] step 0/160 | loss 6.6490 (avg 6.6490) | lr 0.001000 | seq 8
  [aml] step 10/160 | loss 6.1758 (avg 6.4308) | lr 0.001450 | seq 8
  [aml] step 20/160 | loss 6.2235 (avg 6.2889) | lr 0.001900 | seq 8
  [aml] step 30/160 | loss 5.7382 (avg 6.2011) | lr 0.002350 | seq 8
  [aml] step 40/160 | loss 5.4214 (avg 6.0828) | lr 0.002800 | seq 8
  [aml] step 50/160 | loss 4.6525 (avg 5.9243) | lr 0.003250 | seq 8
  [aml] step 60/160 | loss 4.8189 (avg 5.7670) | lr 0.003700 | seq 8
  [aml] step 70/160 | loss 5.3452 (avg 5.6473) | lr 0.004150 | seq 8
  [aml] step 80/160 | loss 2.9533 (avg 5.5213) | lr 0.004600 | seq 8
  [aml] step 90/160 | loss 4.2221 (avg 5.3788) | lr 0.005050 | seq 8
  [aml] step 100/160 | loss 4.8497 (avg 5.2978) | lr 0.005500 | seq 8
  [aml] step 110/160 | loss 5.3119 (avg 5.1648) | lr 0.005950 | seq 8
  [aml] step 120/160 | loss 3.8643 (avg 5.0954) | lr 0.006400 | seq 8
  [aml] step 130/160 | loss 4.4200 (avg 5.0359) | lr 0.006850 | seq 8
  [aml] step 140/160 | loss 2.9338 (avg 4.9887) | lr 0.007300 | seq 8
  [aml] step 150/160 | loss 2.7040 (avg 4.9419) | lr 0.007750 | seq 8
[aml] training complete: 160 steps, avg loss 4.9004 (memory freed)
  [aml] step 0/120 | loss 4.6257 (avg 4.6257) | lr 0.008200 | seq 16
  [aml] step 10/120 | loss 4.2740 (avg 4.3962) | lr 0.008650 | seq 16
  [aml] step 20/120 | loss 3.5978 (avg 4.4035) | lr 0.009100 | seq 16
  [aml] step 30/120 | loss 3.4222 (avg 4.1986) | lr 0.009550 | seq 16
  [aml] step 40/120 | loss 3.0035 (avg 4.2206) | lr 0.010000 | seq 16
  [aml] step 50/120 | loss 3.0124 (avg 4.2056) | lr 0.010000 | seq 16
  [aml] step 60/120 | loss 4.3569 (avg 4.2062) | lr 0.010000 | seq 16
  [aml] step 70/120 | loss 4.6287 (avg 4.1345) | lr 0.010000 | seq 16
  [aml] step 80/120 | loss 5.1549 (avg 4.0910) | lr 0.009999 | seq 16
  [aml] step 90/120 | loss 4.2655 (avg 3.9965) | lr 0.009999 | seq 16
  [aml] step 100/120 | loss 3.9105 (avg 3.9408) | lr 0.009999 | seq 16
  [aml] step 110/120 | loss 5.1964 (avg 3.8712) | lr 0.009999 | seq 16
[aml] training complete: 120 steps, avg loss 3.9050 (memory freed)
  [aml] step 0/120 | loss 3.2608 (avg 3.2608) | lr 0.009999 | seq 32
  [aml] step 10/120 | loss 4.9541 (avg 3.9978) | lr 0.009999 | seq 32
  [aml] step 20/120 | loss 4.2425 (avg 3.8115) | lr 0.009999 | seq 32
  [aml] step 30/120 | loss 3.7088 (avg 3.5101) | lr 0.009999 | seq 32
  [aml] step 40/120 | loss 3.9498 (avg 3.4443) | lr 0.009999 | seq 32
  [aml] step 50/120 | loss 3.9643 (avg 3.4113) | lr 0.009999 | seq 32
  [aml] step 60/120 | loss 2.7237 (avg 3.3484) | lr 0.009999 | seq 32
  [aml] step 70/120 | loss 1.4492 (avg 3.3277) | lr 0.009999 | seq 32
  [aml] step 80/120 | loss 4.4814 (avg 3.3223) | lr 0.009999 | seq 32
  [aml] step 90/120 | loss 1.6058 (avg 3.2782) | lr 0.009999 | seq 32
  [aml] step 100/120 | loss 0.9123 (avg 3.2856) | lr 0.009999 | seq 32
  [aml] step 110/120 | loss 0.9441 (avg 3.1661) | lr 0.009999 | seq 32
[aml] training complete: 120 steps, avg loss 3.0775 (memory freed)

[stage 0 — embryo] What it sounds like now:
  Q: Hello.
  A: Loess from the lesson of rock over thousands in microbial What is rock ridge to kilometers accommoder, and refusal form when morphic grains, and are direction of rock layers, and the speleothem?
  Q: Who are you?
  A: ...
  Q: What do you know?
  A: ...

[growth] ONTOGENESIS: stage 0 -> 1
  embd: 16 -> 32, layer: 1 -> 1, head: 1 -> 2
[growth] Done. Freeze for 500 steps.
[init] Stage 1 (infant): embd=32, layer=1, head=2 — warmup 800 steps (800 backprop + 0 notorch, sqrt-scaled 2x)
  [aml] step 0/320 | loss 4.5435 (avg 4.5435) | lr 0.000500 | seq 8
  [aml] step 10/320 | loss 4.2693 (avg 4.2620) | lr 0.000725 | seq 8
  [aml] step 20/320 | loss 2.0465 (avg 3.9323) | lr 0.000950 | seq 8
  [aml] step 30/320 | loss 1.9388 (avg 3.8370) | lr 0.001175 | seq 8
  [aml] step 40/320 | loss 3.0238 (avg 3.8897) | lr 0.001400 | seq 8
  [aml] step 50/320 | loss 4.1616 (avg 3.9192) | lr 0.001625 | seq 8
  [aml] step 60/320 | loss 5.0070 (avg 3.9691) | lr 0.001850 | seq 8
  [aml] step 70/320 | loss 2.6270 (avg 4.0168) | lr 0.002075 | seq 8
  [aml] step 80/320 | loss 4.5793 (avg 4.0059) | lr 0.002300 | seq 8
  [aml] step 90/320 | loss 2.9931 (avg 4.0320) | lr 0.002525 | seq 8
  [aml] step 100/320 | loss 2.1327 (avg 3.9813) | lr 0.002750 | seq 8
  [aml] step 110/320 | loss 4.1163 (avg 3.8801) | lr 0.002975 | seq 8
  [aml] step 120/320 | loss 5.4055 (avg 3.8273) | lr 0.003200 | seq 8
  [aml] step 130/320 | loss 5.4370 (avg 3.8128) | lr 0.003425 | seq 8
  [aml] step 140/320 | loss 5.2235 (avg 3.7484) | lr 0.003650 | seq 8
  [aml] step 150/320 | loss 3.3978 (avg 3.7472) | lr 0.003875 | seq 8
  [aml] step 160/320 | loss 4.4273 (avg 3.7323) | lr 0.004100 | seq 8
  [aml] step 170/320 | loss 4.4883 (avg 3.7193) | lr 0.004325 | seq 8
  [aml] step 180/320 | loss 5.1838 (avg 3.6912) | lr 0.004550 | seq 8
  [aml] step 190/320 | loss 3.1630 (avg 3.6648) | lr 0.004775 | seq 8
  [aml] step 200/320 | loss 5.6107 (avg 3.7003) | lr 0.004998 | seq 8
  [aml] step 210/320 | loss 3.1021 (avg 3.7002) | lr 0.004998 | seq 8
  [aml] step 220/320 | loss 3.2652 (avg 3.7040) | lr 0.004998 | seq 8
  [aml] step 230/320 | loss 4.1947 (avg 3.6862) | lr 0.004998 | seq 8
  [aml] step 240/320 | loss 4.8856 (avg 3.6965) | lr 0.004998 | seq 8
  [aml] step 250/320 | loss 1.3420 (avg 3.6512) | lr 0.004998 | seq 8
  [aml] step 260/320 | loss 4.5984 (avg 3.6491) | lr 0.004998 | seq 8
  [aml] step 270/320 | loss 3.7494 (avg 3.6492) | lr 0.004998 | seq 8
  [aml] step 280/320 | loss 4.5376 (avg 3.6674) | lr 0.004998 | seq 8
  [aml] step 290/320 | loss 2.5597 (avg 3.6642) | lr 0.004998 | seq 8
  [aml] step 300/320 | loss 4.9742 (avg 3.6580) | lr 0.004998 | seq 8
  [aml] step 310/320 | loss 2.2374 (avg 3.6650) | lr 0.004998 | seq 8
[aml] training complete: 320 steps, avg loss 3.6606 (memory freed)
  [aml] step 0/240 | loss 4.5657 (avg 4.5657) | lr 0.004998 | seq 16
  [aml] step 10/240 | loss 4.7714 (avg 3.4796) | lr 0.004998 | seq 16
  [aml] step 20/240 | loss 4.6479 (avg 3.5082) | lr 0.004998 | seq 16
  [aml] step 30/240 | loss 4.1085 (avg 3.4212) | lr 0.004998 | seq 16
  [aml] step 40/240 | loss 4.3963 (avg 3.3168) | lr 0.004997 | seq 16
  [aml] step 50/240 | loss 1.2792 (avg 3.1537) | lr 0.004997 | seq 16
  [aml] step 60/240 | loss 1.7689 (avg 3.1884) | lr 0.004997 | seq 16
  [aml] step 70/240 | loss 5.1471 (avg 3.0936) | lr 0.004997 | seq 16
  [aml] step 80/240 | loss 1.3760 (avg 3.1681) | lr 0.004997 | seq 16
  [aml] step 90/240 | loss 2.6220 (avg 3.1514) | lr 0.004997 | seq 16
  [aml] step 100/240 | loss 3.0675 (avg 3.1522) | lr 0.004997 | seq 16
  [aml] step 110/240 | loss 4.7111 (avg 3.1737) | lr 0.004997 | seq 16
  [aml] step 120/240 | loss 4.5755 (avg 3.2013) | lr 0.004997 | seq 16
  [aml] step 130/240 | loss 3.1090 (avg 3.1978) | lr 0.004997 | seq 16
  [aml] step 140/240 | loss 1.2038 (avg 3.2359) | lr 0.004997 | seq 16
  [aml] step 150/240 | loss 2.9534 (avg 3.2467) | lr 0.004997 | seq 16
  [aml] step 160/240 | loss 4.1170 (avg 3.2620) | lr 0.004997 | seq 16
  [aml] step 170/240 | loss 4.6521 (avg 3.2900) | lr 0.004996 | seq 16
  [aml] step 180/240 | loss 3.9117 (avg 3.2676) | lr 0.004996 | seq 16
  [aml] step 190/240 | loss 0.7093 (avg 3.2146) | lr 0.004996 | seq 16
  [aml] step 200/240 | loss 4.6233 (avg 3.2465) | lr 0.004996 | seq 16
  [aml] step 210/240 | loss 1.8161 (avg 3.2376) | lr 0.004996 | seq 16
  [aml] step 220/240 | loss 1.0731 (avg 3.2342) | lr 0.004996 | seq 16
  [aml] step 230/240 | loss 4.1217 (avg 3.2490) | lr 0.004996 | seq 16
[aml] training complete: 240 steps, avg loss 3.2310 (memory freed)
  [aml] step 0/240 | loss 0.8935 (avg 0.8935) | lr 0.004996 | seq 32
  [aml] step 10/240 | loss 4.3385 (avg 2.8133) | lr 0.004996 | seq 32
  [aml] step 20/240 | loss 4.1417 (avg 3.1817) | lr 0.004996 | seq 32
  [aml] step 30/240 | loss 1.8643 (avg 3.0619) | lr 0.004996 | seq 32
  [aml] step 40/240 | loss 4.6875 (avg 3.0659) | lr 0.004996 | seq 32
  [aml] step 50/240 | loss 0.6739 (avg 2.9582) | lr 0.004995 | seq 32
  [aml] step 60/240 | loss 4.0381 (avg 2.9291) | lr 0.004995 | seq 32
  [aml] step 70/240 | loss 1.1841 (avg 2.8544) | lr 0.004995 | seq 32
  [aml] step 80/240 | loss 2.4823 (avg 2.8918) | lr 0.004995 | seq 32
  [aml] step 90/240 | loss 1.3563 (avg 2.8428) | lr 0.004995 | seq 32
  [aml] step 100/240 | loss 0.9352 (avg 2.8224) | lr 0.004995 | seq 32
  [aml] step 110/240 | loss 1.4604 (avg 2.8160) | lr 0.004995 | seq 32
  [aml] step 120/240 | loss 0.9904 (avg 2.7741) | lr 0.004995 | seq 32
  [aml] step 130/240 | loss 1.0193 (avg 2.7302) | lr 0.004995 | seq 32
  [aml] step 140/240 | loss 4.3239 (avg 2.7422) | lr 0.004995 | seq 32
  [aml] step 150/240 | loss 0.9657 (avg 2.7338) | lr 0.004995 | seq 32
  [aml] step 160/240 | loss 0.8647 (avg 2.6856) | lr 0.004994 | seq 32
  [aml] step 170/240 | loss 0.9238 (avg 2.6659) | lr 0.004994 | seq 32
  [aml] step 180/240 | loss 4.7365 (avg 2.6640) | lr 0.004994 | seq 32
  [aml] step 190/240 | loss 4.1983 (avg 2.6877) | lr 0.004994 | seq 32
  [aml] step 200/240 | loss 0.9742 (avg 2.6690) | lr 0.004994 | seq 32
  [aml] step 210/240 | loss 3.3046 (avg 2.6589) | lr 0.004994 | seq 32
  [aml] step 220/240 | loss 4.4086 (avg 2.6510) | lr 0.004994 | seq 32
  [aml] step 230/240 | loss 1.5456 (avg 2.6631) | lr 0.004994 | seq 32
[aml] training complete: 240 steps, avg loss 2.6405 (memory freed)

[stage 1 — infant] What it sounds like now:
  Q: Hello.
  A: The part of rock surfac in limestone, or of the plain.
  Q: Who are you?
  A: is a claims. Pyrite and stainst.
  Q: What do you know?
  A: s and water flows reach oxid.

[growth] ONTOGENESIS: stage 1 -> 2
  embd: 32 -> 64, layer: 1 -> 2, head: 2 -> 4
[growth] Done. Freeze for 500 steps.
[init] Stage 2 (child): embd=64, layer=2, head=4 — warmup 800 steps (800 backprop + 0 notorch, sqrt-scaled 2x)
  [aml] step 0/320 | loss 1.2115 (avg 1.2115) | lr 0.000250 | seq 8
  [aml] step 10/320 | loss 2.1255 (avg 4.1388) | lr 0.000363 | seq 8
  [aml] step 20/320 | loss 2.6439 (avg 3.9158) | lr 0.000475 | seq 8
  [aml] step 30/320 | loss 4.6209 (avg 3.9669) | lr 0.000588 | seq 8
  [aml] step 40/320 | loss 3.9795 (avg 3.8554) | lr 0.000700 | seq 8
  [aml] step 50/320 | loss 2.6448 (avg 3.7536) | lr 0.000813 | seq 8
  [aml] step 60/320 | loss 5.3098 (avg 3.7029) | lr 0.000925 | seq 8
  [aml] step 70/320 | loss 4.3852 (avg 3.6961) | lr 0.001038 | seq 8
  [aml] step 80/320 | loss 3.6180 (avg 3.5755) | lr 0.001150 | seq 8
  [aml] step 90/320 | loss 3.2595 (avg 3.5770) | lr 0.001263 | seq 8
  [aml] step 100/320 | loss 3.0096 (avg 3.5889) | lr 0.001375 | seq 8
  [aml] step 110/320 | loss 0.6421 (avg 3.5460) | lr 0.001488 | seq 8
  [aml] step 120/320 | loss 1.4914 (avg 3.5086) | lr 0.001600 | seq 8
  [aml] step 130/320 | loss 3.9091 (avg 3.4848) | lr 0.001713 | seq 8
  [aml] step 140/320 | loss 3.5417 (avg 3.4692) | lr 0.001825 | seq 8
  [aml] step 150/320 | loss 3.3831 (avg 3.4822) | lr 0.001938 | seq 8
  [aml] step 160/320 | loss 2.1963 (avg 3.4990) | lr 0.002050 | seq 8
  [aml] step 170/320 | loss 2.8282 (avg 3.4599) | lr 0.002163 | seq 8
  [aml] step 180/320 | loss 4.2689 (avg 3.4383) | lr 0.002275 | seq 8
  [aml] step 190/320 | loss 0.2548 (avg 3.4394) | lr 0.002387 | seq 8
  [aml] step 200/320 | loss 2.8233 (avg 3.4367) | lr 0.002496 | seq 8
  [aml] step 210/320 | loss 1.2844 (avg 3.4211) | lr 0.002496 | seq 8
  [aml] step 220/320 | loss 1.8881 (avg 3.4047) | lr 0.002496 | seq 8
  [aml] step 230/320 | loss 2.3207 (avg 3.4076) | lr 0.002495 | seq 8
  [aml] step 240/320 | loss 3.4714 (avg 3.3785) | lr 0.002495 | seq 8
  [aml] step 250/320 | loss 1.3343 (avg 3.3607) | lr 0.002495 | seq 8
  [aml] step 260/320 | loss 2.0437 (avg 3.3556) | lr 0.002495 | seq 8
  [aml] step 270/320 | loss 4.8126 (avg 3.3799) | lr 0.002495 | seq 8
  [aml] step 280/320 | loss 4.3288 (avg 3.3907) | lr 0.002495 | seq 8
  [aml] step 290/320 | loss 4.5413 (avg 3.3726) | lr 0.002495 | seq 8
  [aml] step 300/320 | loss 2.0344 (avg 3.3612) | lr 0.002495 | seq 8
  [aml] step 310/320 | loss 1.0750 (avg 3.3702) | lr 0.002495 | seq 8
[aml] training complete: 320 steps, avg loss 3.3340 (memory freed)
  [aml] step 0/240 | loss 2.3937 (avg 2.3937) | lr 0.002495 | seq 16
  [aml] step 10/240 | loss 3.8894 (avg 1.7648) | lr 0.002495 | seq 16
  [aml] step 20/240 | loss 3.7541 (avg 2.5411) | lr 0.002495 | seq 16
  [aml] step 30/240 | loss 3.9042 (avg 3.0231) | lr 0.002495 | seq 16
  [aml] step 40/240 | loss 2.3631 (avg 3.0178) | lr 0.002495 | seq 16
  [aml] step 50/240 | loss 1.2476 (avg 2.9837) | lr 0.002495 | seq 16
  [aml] step 60/240 | loss 2.6275 (avg 3.0847) | lr 0.002494 | seq 16
  [aml] step 70/240 | loss 4.2835 (avg 3.0724) | lr 0.002494 | seq 16
  [aml] step 80/240 | loss 4.2852 (avg 3.1103) | lr 0.002494 | seq 16
  [aml] step 90/240 | loss 5.0937 (avg 3.2069) | lr 0.002494 | seq 16
  [aml] step 100/240 | loss 4.0908 (avg 3.2394) | lr 0.002494 | seq 16
  [aml] step 110/240 | loss 1.0393 (avg 3.2410) | lr 0.002494 | seq 16
  [aml] step 120/240 | loss 1.6006 (avg 3.1777) | lr 0.002494 | seq 16
  [aml] step 130/240 | loss 4.0053 (avg 3.1384) | lr 0.002494 | seq 16
  [aml] step 140/240 | loss 2.4927 (avg 3.1480) | lr 0.002494 | seq 16
  [aml] step 150/240 | loss 4.9068 (avg 3.1180) | lr 0.002494 | seq 16
  [aml] step 160/240 | loss 1.8828 (avg 3.0598) | lr 0.002494 | seq 16
  [aml] step 170/240 | loss 1.8818 (avg 3.0642) | lr 0.002494 | seq 16
  [aml] step 180/240 | loss 1.7249 (avg 3.0926) | lr 0.002494 | seq 16
  [aml] step 190/240 | loss 1.7843 (avg 3.0807) | lr 0.002494 | seq 16
  [aml] step 200/240 | loss 2.2625 (avg 3.0650) | lr 0.002493 | seq 16
  [aml] step 210/240 | loss 0.8605 (avg 3.0524) | lr 0.002493 | seq 16
  [aml] step 220/240 | loss 4.1402 (avg 3.0235) | lr 0.002493 | seq 16
  [aml] step 230/240 | loss 1.1162 (avg 3.0439) | lr 0.002493 | seq 16
[aml] training complete: 240 steps, avg loss 3.0239 (memory freed)
  [aml] step 0/240 | loss 4.4801 (avg 4.4801) | lr 0.002493 | seq 32
  [aml] step 10/240 | loss 4.8479 (avg 2.3065) | lr 0.002493 | seq 32
  [aml] step 20/240 | loss 1.9198 (avg 2.3467) | lr 0.002493 | seq 32
  [aml] step 30/240 | loss 4.0256 (avg 2.5194) | lr 0.002493 | seq 32
  [aml] step 40/240 | loss 0.7441 (avg 2.3733) | lr 0.002493 | seq 32
  [aml] step 50/240 | loss 1.3649 (avg 2.5048) | lr 0.002493 | seq 32
  [aml] step 60/240 | loss 4.1898 (avg 2.5596) | lr 0.002493 | seq 32
  [aml] step 70/240 | loss 4.1434 (avg 2.6437) | lr 0.002493 | seq 32
  [aml] step 80/240 | loss 4.0723 (avg 2.6896) | lr 0.002492 | seq 32
  [aml] step 90/240 | loss 4.4987 (avg 2.6426) | lr 0.002492 | seq 32
  [aml] step 100/240 | loss 3.7772 (avg 2.6461) | lr 0.002492 | seq 32
  [aml] step 110/240 | loss 3.8165 (avg 2.6599) | lr 0.002492 | seq 32
  [aml] step 120/240 | loss 4.0662 (avg 2.7059) | lr 0.002492 | seq 32
  [aml] step 130/240 | loss 4.1587 (avg 2.7110) | lr 0.002492 | seq 32
  [aml] step 140/240 | loss 3.8099 (avg 2.6945) | lr 0.002492 | seq 32
  [aml] step 150/240 | loss 1.7776 (avg 2.6433) | lr 0.002492 | seq 32
  [aml] step 160/240 | loss 0.6812 (avg 2.6672) | lr 0.002492 | seq 32
  [aml] step 170/240 | loss 4.1375 (avg 2.6830) | lr 0.002492 | seq 32
  [aml] step 180/240 | loss 0.9833 (avg 2.6553) | lr 0.002492 | seq 32
  [aml] step 190/240 | loss 3.7379 (avg 2.6542) | lr 0.002492 | seq 32
  [aml] step 200/240 | loss 0.3496 (avg 2.6408) | lr 0.002491 | seq 32
  [aml] step 210/240 | loss 0.9324 (avg 2.6265) | lr 0.002491 | seq 32
  [aml] step 220/240 | loss 0.9318 (avg 2.5907) | lr 0.002491 | seq 32
  [aml] step 230/240 | loss 1.1068 (avg 2.5557) | lr 0.002491 | seq 32
[aml] training complete: 240 steps, avg loss 2.5590 (memory freed)

[stage 2 — child] What it sounds like now:
  Q: Hello.
  A: Flattaching past is the glacier.
  Q: Who are you?
  A: ...
  Q: What do you know?
  A: ...

[init] Warmup complete at stage 2. Organism ready.
[ecology] First organism in the swarm.
molequla is alive. [evolution] Autonomous mode — background trainer running. Ctrl+C to stop.
[dna] earth wrote 181 bytes to ecology
[dna] earth wrote 103 bytes to ecology
[dna] earth wrote 96 bytes to ecology
[dna] earth wrote 54 bytes to ecology
[dna] earth wrote 33 bytes to ecology
[dna] earth wrote 71 bytes to ecology
[dna] earth wrote 16 bytes to ecology
[dna] earth wrote 103 bytes to ecology
[dna] earth wrote 104 bytes to ecology
[dna] earth wrote 65 bytes to ecology
[dna] earth wrote 57 bytes to ecology
[dna] earth wrote 90 bytes to ecology
[dna] earth wrote 57 bytes to ecology
[dna] earth wrote 134 bytes to ecology
[dna] earth wrote 65 bytes to ecology
[dna] earth wrote 42 bytes to ecology
[dna] earth wrote 62 bytes to ecology
[dna] earth wrote 47 bytes to ecology
[debug-onto] tick=50 corpus=173643 stage=2 freeze=0
[dna] earth wrote 99 bytes to ecology
[dna] earth wrote 6 bytes to ecology
[dna] earth wrote 39 bytes to ecology
[dna] earth wrote 48 bytes to ecology
[dna] earth wrote 286 bytes to ecology
[dna] earth wrote 12 bytes to ecology
[dna] earth wrote 116 bytes to ecology
[dna] earth wrote 70 bytes to ecology
[dna] earth wrote 164 bytes to ecology
[dna] earth wrote 75 bytes to ecology
[dna] earth wrote 30 bytes to ecology
[dna] earth wrote 48 bytes to ecology
[dna] earth wrote 70 bytes to ecology
[dna] earth wrote 223 bytes to ecology
[dna] earth wrote 32 bytes to ecology
[dna] earth wrote 94 bytes to ecology
[dna] earth wrote 49 bytes to ecology
[dna] earth wrote 204 bytes to ecology
[debug-onto] tick=100 corpus=173643 stage=2 freeze=0
[dna] earth wrote 58 bytes to ecology
[dna] earth wrote 25 bytes to ecology
[dna] earth wrote 55 bytes to ecology
[dna] earth wrote 136 bytes to ecology
[dna] earth wrote 63 bytes to ecology
[dna] earth wrote 74 bytes to ecology
[dna] earth wrote 103 bytes to ecology
[dna] earth wrote 76 bytes to ecology
[dna] earth wrote 95 bytes to ecology
[dna] earth wrote 95 bytes to ecology
[dna] earth wrote 95 bytes to ecology
[dna] earth wrote 13 bytes to ecology
[dna] earth wrote 57 bytes to ecology
[dna] earth wrote 91 bytes to ecology
[dna] earth wrote 35 bytes to ecology
[dna] earth wrote 40 bytes to ecology
[dna] earth wrote 91 bytes to ecology
[dna] earth wrote 37 bytes to ecology
[debug-onto] tick=150 corpus=173643 stage=2 freeze=0
[dna] earth wrote 61 bytes to ecology
[dna] earth wrote 41 bytes to ecology
[dna] earth wrote 91 bytes to ecology
[dna] earth wrote 34 bytes to ecology
[dna] earth wrote 45 bytes to ecology
[dna] earth wrote 120 bytes to ecology
[dna] earth wrote 28 bytes to ecology
[dna] earth wrote 63 bytes to ecology
[dna] earth wrote 29 bytes to ecology
[dna] earth wrote 101 bytes to ecology
[dna] earth wrote 52 bytes to ecology
[dna] earth wrote 78 bytes to ecology
[dna] earth wrote 76 bytes to ecology
[dna] earth wrote 175 bytes to ecology
[dna] earth wrote 114 bytes to ecology
[dna] earth wrote 32 bytes to ecology
[dna] earth wrote 122 bytes to ecology
[dna] earth wrote 65 bytes to ecology
[dna] earth wrote 25 bytes to ecology
[debug-onto] tick=200 corpus=173643 stage=2 freeze=0
[dna] earth wrote 124 bytes to ecology
[dna] earth wrote 69 bytes to ecology
[dna] earth wrote 162 bytes to ecology
[dna] earth wrote 85 bytes to ecology
[dna] earth wrote 97 bytes to ecology
[dna] earth wrote 85 bytes to ecology
[dna] earth wrote 28 bytes to ecology
[dna] earth wrote 115 bytes to ecology
[dna] earth wrote 47 bytes to ecology
[dna] earth wrote 145 bytes to ecology
[dna] earth wrote 14 bytes to ecology
[dna] earth wrote 56 bytes to ecology
[dna] earth wrote 136 bytes to ecology
[dna] earth wrote 116 bytes to ecology
[dna] earth wrote 69 bytes to ecology
[dna] earth wrote 58 bytes to ecology
[dna] earth wrote 112 bytes to ecology
[dna] earth wrote 14 bytes to ecology
[dna] earth wrote 85 bytes to ecology
[dna] earth wrote 132 bytes to ecology
[debug-onto] tick=250 corpus=173643 stage=2 freeze=0
[dna] earth wrote 33 bytes to ecology
[dna] earth wrote 36 bytes to ecology
[dna] earth wrote 36 bytes to ecology
[dna] earth wrote 161 bytes to ecology
[dna] earth wrote 137 bytes to ecology
[dna] earth wrote 47 bytes to ecology
[dna] earth wrote 118 bytes to ecology
[dna] earth wrote 19 bytes to ecology
[dna] earth wrote 147 bytes to ecology
[dna] earth wrote 63 bytes to ecology
[dna] earth wrote 55 bytes to ecology
[dna] earth wrote 47 bytes to ecology
[dna] earth wrote 37 bytes to ecology
[dna] earth wrote 121 bytes to ecology
[dna] earth wrote 42 bytes to ecology
[dna] earth wrote 56 bytes to ecology
[dna] earth wrote 49 bytes to ecology
[dna] earth wrote 116 bytes to ecology
[debug-onto] tick=300 corpus=173643 stage=2 freeze=0
[dna] earth wrote 74 bytes to ecology
[dna] earth wrote 77 bytes to ecology
[dna] earth wrote 13 bytes to ecology
[dna] earth wrote 40 bytes to ecology
[dna] earth wrote 43 bytes to ecology
[dna] earth wrote 34 bytes to ecology
[dna] earth wrote 25 bytes to ecology
[dna] earth wrote 45 bytes to ecology
[dna] earth wrote 24 bytes to ecology
[dna] earth wrote 84 bytes to ecology
[dna] earth wrote 94 bytes to ecology
[dna] earth wrote 29 bytes to ecology
[dna] earth wrote 9 bytes to ecology
[dna] earth wrote 61 bytes to ecology
[dna] earth wrote 55 bytes to ecology
[dna] earth wrote 29 bytes to ecology
[dna] earth wrote 20 bytes to ecology
[dna] earth wrote 143 bytes to ecology
[dna] earth wrote 40 bytes to ecology
[dna] earth wrote 149 bytes to ecology
[dna] earth wrote 48 bytes to ecology
[debug-onto] tick=350 corpus=173643 stage=2 freeze=0
[dna] earth wrote 121 bytes to ecology
[dna] earth wrote 87 bytes to ecology
[dna] earth wrote 9 bytes to ecology
[dna] earth wrote 109 bytes to ecology
[dna] earth wrote 69 bytes to ecology
[dna] earth wrote 77 bytes to ecology
[dna] earth wrote 47 bytes to ecology
[dna] earth wrote 54 bytes to ecology
[dna] earth wrote 104 bytes to ecology
[dna] earth wrote 46 bytes to ecology
[dna] earth wrote 45 bytes to ecology
[dna] earth wrote 36 bytes to ecology
[dna] earth wrote 40 bytes to ecology
[dna] earth wrote 104 bytes to ecology
[dna] earth wrote 47 bytes to ecology
[dna] earth wrote 74 bytes to ecology
[dna] earth wrote 63 bytes to ecology
[dna] earth wrote 89 bytes to ecology
[debug-onto] tick=400 corpus=173643 stage=2 freeze=0
[dna] earth wrote 25 bytes to ecology
[dna] earth wrote 63 bytes to ecology
[dna] earth wrote 38 bytes to ecology
[dna] earth wrote 69 bytes to ecology
[dna] earth wrote 93 bytes to ecology
[dna] earth wrote 126 bytes to ecology
[dna] earth wrote 54 bytes to ecology
[dna] earth wrote 50 bytes to ecology
[dna] earth wrote 29 bytes to ecology
[dna] earth wrote 54 bytes to ecology
[dna] earth wrote 140 bytes to ecology
[dna] earth wrote 324 bytes to ecology
[dna] earth wrote 78 bytes to ecology
[dna] earth wrote 30 bytes to ecology
[dna] earth wrote 39 bytes to ecology
[dna] earth wrote 154 bytes to ecology
[dna] earth wrote 66 bytes to ecology
[dna] earth wrote 32 bytes to ecology
[dna] earth wrote 28 bytes to ecology
[dna] earth wrote 35 bytes to ecology
[debug-onto] tick=450 corpus=173643 stage=2 freeze=0
[dna] earth wrote 32 bytes to ecology
[dna] earth wrote 62 bytes to ecology
[dna] earth wrote 57 bytes to ecology
[dna] earth wrote 23 bytes to ecology
[dna] earth wrote 107 bytes to ecology
[dna] earth wrote 62 bytes to ecology
[dna] earth wrote 22 bytes to ecology
[dna] earth wrote 101 bytes to ecology
[dna] earth wrote 60 bytes to ecology
[dna] earth wrote 158 bytes to ecology
[dna] earth wrote 26 bytes to ecology
[dna] earth wrote 20 bytes to ecology
[dna] earth wrote 41 bytes to ecology
[dna] earth wrote 65 bytes to ecology
[dna] earth wrote 44 bytes to ecology
[dna] earth wrote 11 bytes to ecology
[dna] earth wrote 25 bytes to ecology
[dna] earth wrote 47 bytes to ecology
[debug-onto] tick=500 corpus=173643 stage=2 freeze=0
[dna] earth wrote 127 bytes to ecology
[dna] earth wrote 58 bytes to ecology
[dna] earth wrote 58 bytes to ecology
[dna] earth wrote 36 bytes to ecology
[dna] earth wrote 83 bytes to ecology
[dna] earth wrote 35 bytes to ecology
[dna] earth wrote 53 bytes to ecology
[dna] earth wrote 56 bytes to ecology
[dna] earth wrote 79 bytes to ecology
[dna] earth wrote 161 bytes to ecology
[dna] earth wrote 19 bytes to ecology
[dna] earth wrote 135 bytes to ecology
[dna] earth wrote 44 bytes to ecology
[dna] earth wrote 44 bytes to ecology
[dna] earth wrote 73 bytes to ecology
[dna] earth wrote 13 bytes to ecology
[dna] earth wrote 23 bytes to ecology
[dna] earth wrote 49 bytes to ecology
[dna] earth wrote 93 bytes to ecology
[debug-onto] tick=550 corpus=173643 stage=2 freeze=0
[dna] earth wrote 7 bytes to ecology
[dna] earth wrote 33 bytes to ecology
[dna] earth wrote 81 bytes to ecology
[dna] earth wrote 30 bytes to ecology
[dna] earth wrote 83 bytes to ecology
[dna] earth wrote 55 bytes to ecology
[dna] earth wrote 39 bytes to ecology
[dna] earth wrote 267 bytes to ecology
[dna] earth wrote 82 bytes to ecology
[dna] earth wrote 39 bytes to ecology
[dna] earth wrote 90 bytes to ecology
[dna] earth wrote 34 bytes to ecology
[dna] earth wrote 78 bytes to ecology
[dna] earth wrote 32 bytes to ecology
[dna] earth wrote 143 bytes to ecology
[dna] earth wrote 55 bytes to ecology
[dna] earth wrote 35 bytes to ecology
[debug-onto] tick=600 corpus=173643 stage=2 freeze=0
[dna] earth wrote 37 bytes to ecology
[dna] earth wrote 43 bytes to ecology
[dna] earth wrote 42 bytes to ecology
[dna] earth wrote 105 bytes to ecology
[dna] earth wrote 55 bytes to ecology
[dna] earth wrote 64 bytes to ecology
[dna] earth wrote 76 bytes to ecology
[dna] earth wrote 76 bytes to ecology
[dna] earth wrote 76 bytes to ecology
[dna] earth wrote 77 bytes to ecology
[dna] earth wrote 45 bytes to ecology
[dna] earth wrote 61 bytes to ecology
[dna] earth wrote 254 bytes to ecology
[dna] earth wrote 46 bytes to ecology
[dna] earth wrote 110 bytes to ecology
[dna] earth wrote 52 bytes to ecology
[dna] earth wrote 46 bytes to ecology
[dna] earth wrote 92 bytes to ecology
[debug-onto] tick=650 corpus=173643 stage=2 freeze=0
[dna] earth wrote 92 bytes to ecology
[dna] earth wrote 80 bytes to ecology
[dna] earth wrote 19 bytes to ecology

[evolution] Organism shutting down gracefully.
