[ecology] Element: fire → corpus: nonames_fire.txt
[evolution] Autonomous evolution mode — organism will grow through all stages without pause.
[ecology] Joined swarm. 1 peer(s) detected.
molequla is alive. [evolution] Autonomous mode — background trainer running. Ctrl+C to stop.
[dna] fire wrote 25 bytes to ecology
[dna] fire consumed 12173 bytes from 204 files: [water/gen_1776841252_1.txt water/gen_1776841270_4.txt water/gen_1776841278_7.txt water/gen_1776841287_10.txt water/gen_1776841296_13.txt water/gen_1776841305_16.txt water/gen_1776841314_19.txt water/gen_1776841322_22.txt water/gen_1776841331_25.txt water/gen_1776841340_28.txt water/gen_1776841349_31.txt water/gen_1776841358_34.txt water/gen_1776841367_37.txt water/gen_1776841376_40.txt water/gen_1776841385_43.txt water/gen_1776841393_46.txt water/gen_1776841402_49.txt water/gen_1776841411_52.txt water/gen_1776841420_55.txt water/gen_1776841429_58.txt water/gen_1776841438_61.txt water/gen_1776841447_64.txt water/gen_1776841456_67.txt water/gen_1776841465_70.txt water/gen_1776841473_73.txt water/gen_1776841482_76.txt water/gen_1776841490_79.txt water/gen_1776841499_82.txt water/gen_1776841508_85.txt water/gen_1776841516_88.txt water/gen_1776841525_91.txt water/gen_1776841534_94.txt water/gen_1776841542_97.txt water/gen_1776841551_100.txt water/gen_1776841560_103.txt water/gen_1776841568_106.txt water/gen_1776841577_109.txt water/gen_1776841585_112.txt water/gen_1776841594_115.txt water/gen_1776841602_118.txt water/gen_1776841611_121.txt water/gen_1776841619_124.txt water/gen_1776841628_127.txt water/gen_1776841636_130.txt water/gen_1776841644_133.txt water/gen_1776841653_136.txt water/gen_1776841662_139.txt water/gen_1776841670_142.txt water/gen_1776841679_145.txt water/gen_1776841688_148.txt water/gen_1776841697_151.txt water/gen_1776841706_154.txt water/gen_1776841715_157.txt water/gen_1776841724_160.txt water/gen_1776841732_163.txt water/gen_1776841741_166.txt water/gen_1776841750_169.txt water/gen_1776841759_172.txt water/gen_1776841768_175.txt water/gen_1776841777_178.txt water/gen_1776841786_181.txt water/gen_1776841795_184.txt water/gen_1776841804_187.txt water/gen_1776841813_190.txt water/gen_1776841822_193.txt water/gen_1776841831_196.txt water/gen_1776841839_199.txt water/gen_1776841848_202.txt water/gen_1776841857_205.txt water/gen_1776841866_208.txt water/gen_1776841875_211.txt water/gen_1776841884_214.txt water/gen_1776841893_217.txt water/gen_1776841902_220.txt water/gen_1776841911_223.txt water/gen_1776841920_226.txt water/gen_1776841928_229.txt water/gen_1776841937_232.txt water/gen_1776841946_235.txt water/gen_1776841955_238.txt water/gen_1776841964_241.txt water/gen_1776841973_244.txt water/gen_1776841982_247.txt water/gen_1776841991_250.txt water/gen_1776842000_253.txt water/gen_1776842009_256.txt water/gen_1776842018_259.txt water/gen_1776842027_262.txt water/gen_1776842036_265.txt water/gen_1776842045_268.txt water/gen_1776842054_271.txt water/gen_1776842063_274.txt water/gen_1776842072_277.txt water/gen_1776842081_280.txt water/gen_1776842090_283.txt water/gen_1776842099_286.txt water/gen_1776842108_289.txt water/gen_1776842117_292.txt water/gen_1776842126_295.txt water/gen_1776842135_298.txt water/gen_1776842144_301.txt water/gen_1776842153_304.txt water/gen_1776842162_307.txt water/gen_1776842171_310.txt water/gen_1776842180_313.txt water/gen_1776842188_316.txt water/gen_1776842197_319.txt water/gen_1776842206_322.txt water/gen_1776842215_325.txt water/gen_1776842224_328.txt water/gen_1776842233_331.txt water/gen_1776842241_334.txt water/gen_1776842250_337.txt water/gen_1776842259_340.txt water/gen_1776842268_343.txt water/gen_1776842277_346.txt water/gen_1776842286_349.txt water/gen_1776842295_352.txt water/gen_1776842304_355.txt water/gen_1776842313_358.txt water/gen_1776842322_361.txt water/gen_1776842331_364.txt water/gen_1776842340_367.txt water/gen_1776842348_370.txt water/gen_1776842357_373.txt water/gen_1776842366_376.txt water/gen_1776842375_379.txt water/gen_1776842383_382.txt water/gen_1776842392_385.txt water/gen_1776842401_388.txt water/gen_1776842410_391.txt water/gen_1776842419_394.txt water/gen_1776842428_397.txt water/gen_1776842436_400.txt water/gen_1776842445_403.txt water/gen_1776842454_406.txt water/gen_1776842463_409.txt water/gen_1776842472_412.txt water/gen_1776842481_415.txt water/gen_1776842489_418.txt water/gen_1776842498_421.txt water/gen_1776842507_424.txt water/gen_1776842515_427.txt water/gen_1776842524_430.txt water/gen_1776842533_433.txt water/gen_1776842541_436.txt water/gen_1776842550_439.txt water/gen_1776842559_442.txt water/gen_1776842567_445.txt water/gen_1776842576_448.txt water/gen_1776842585_451.txt water/gen_1776842593_454.txt water/gen_1776842602_457.txt water/gen_1776842610_460.txt water/gen_1776842619_463.txt water/gen_1776842628_466.txt water/gen_1776842636_469.txt water/gen_1776842645_472.txt water/gen_1776842654_475.txt water/gen_1776842662_478.txt water/gen_1776842671_481.txt water/gen_1776842680_484.txt water/gen_1776842688_487.txt water/gen_1776842697_490.txt water/gen_1776842706_493.txt water/gen_1776842715_496.txt water/gen_1776842723_499.txt water/gen_1776842732_502.txt water/gen_1776842741_505.txt water/gen_1776842750_508.txt water/gen_1776842759_511.txt water/gen_1776842768_514.txt water/gen_1776842777_517.txt water/gen_1776842785_520.txt water/gen_1776842794_523.txt water/gen_1776842803_526.txt water/gen_1776842811_529.txt water/gen_1776842820_532.txt water/gen_1776842828_535.txt water/gen_1776842837_538.txt water/gen_1776842846_541.txt water/gen_1776842854_544.txt water/gen_1776842863_547.txt water/gen_1776842871_550.txt water/gen_1776842880_553.txt water/gen_1776842889_556.txt water/gen_1776842897_559.txt water/gen_1776842906_562.txt water/gen_1776842914_565.txt water/gen_1776842923_568.txt water/gen_1776842932_571.txt water/gen_1776842940_574.txt water/gen_1776842949_577.txt water/gen_1776842958_580.txt water/gen_1776842966_583.txt water/gen_1776842975_586.txt water/gen_1776842983_589.txt water/gen_1776842992_592.txt water/gen_1776843001_595.txt water/gen_1776843009_598.txt water/gen_1776843018_601.txt water/gen_1776843027_604.txt water/gen_1776843035_607.txt water/gen_1776843044_610.txt]
[trainer] micro-train burst (12173 bytes, novelty 0.06) — and lo, it feeds again.
[syntropy] action=explore | trend=0.0000 | field_dev=-0.008 | purpose_align=-0.059 | lr_mul=1.30
[aml] burst complete: 32 steps, avg loss 1.8030 (memory freed)
[dna] fire wrote 104 bytes to ecology
[dna] fire wrote 22 bytes to ecology
[dna] fire wrote 146 bytes to ecology
[dna] fire wrote 17 bytes to ecology
[dna] fire wrote 51 bytes to ecology
[dna] fire wrote 73 bytes to ecology
[dna] fire wrote 30 bytes to ecology
[dna] fire wrote 19 bytes to ecology
[dna] fire wrote 38 bytes to ecology
[dna] fire wrote 44 bytes to ecology
[dna] fire wrote 60 bytes to ecology
[dna] fire wrote 175 bytes to ecology
[dna] fire wrote 77 bytes to ecology
[dna] fire wrote 73 bytes to ecology
[dna] fire wrote 40 bytes to ecology
[dna] fire wrote 28 bytes to ecology
[dna] fire wrote 49 bytes to ecology
[dna] fire wrote 30 bytes to ecology
[dna] fire wrote 97 bytes to ecology
[dna] fire wrote 43 bytes to ecology
[dna] fire wrote 35 bytes to ecology
[dna] fire wrote 16 bytes to ecology
[dna] fire wrote 29 bytes to ecology
[dna] fire wrote 57 bytes to ecology
[dna] fire wrote 68 bytes to ecology
[dna] fire wrote 111 bytes to ecology
[dna] fire wrote 101 bytes to ecology
[dna] fire wrote 66 bytes to ecology
[dna] fire wrote 25 bytes to ecology
[debug-onto] tick=50 corpus=134277 stage=2 freeze=0
[dna] fire wrote 78 bytes to ecology
[dna] fire wrote 21 bytes to ecology
[dna] fire wrote 28 bytes to ecology
[dna] fire wrote 35 bytes to ecology
[dna] fire wrote 74 bytes to ecology
[dna] fire wrote 25 bytes to ecology
[dna] fire wrote 152 bytes to ecology
[dna] fire wrote 39 bytes to ecology
[dna] fire wrote 19 bytes to ecology
[dna] fire wrote 78 bytes to ecology
[dna] fire wrote 43 bytes to ecology
[dna] fire wrote 43 bytes to ecology
[dna] fire wrote 83 bytes to ecology
[dna] fire wrote 9 bytes to ecology
[dna] fire wrote 74 bytes to ecology
[dna] fire wrote 84 bytes to ecology
[dna] fire wrote 115 bytes to ecology
[dna] fire wrote 26 bytes to ecology
[dna] fire wrote 71 bytes to ecology
[dna] fire wrote 34 bytes to ecology
[dna] fire wrote 113 bytes to ecology
[dna] fire wrote 63 bytes to ecology
[dna] fire wrote 49 bytes to ecology
[dna] fire wrote 252 bytes to ecology
[dna] fire wrote 42 bytes to ecology
[dna] fire wrote 92 bytes to ecology
[dna] fire wrote 23 bytes to ecology
[dna] fire wrote 131 bytes to ecology
[dna] fire wrote 9 bytes to ecology
[dna] fire wrote 125 bytes to ecology
[dna] fire wrote 98 bytes to ecology
[dna] fire wrote 61 bytes to ecology
[debug-onto] tick=100 corpus=134277 stage=2 freeze=0
[dna] fire wrote 28 bytes to ecology
[dna] fire wrote 96 bytes to ecology
[dna] fire wrote 34 bytes to ecology
[dna] fire wrote 40 bytes to ecology
[dna] fire wrote 60 bytes to ecology
[dna] fire wrote 78 bytes to ecology
[dna] fire wrote 25 bytes to ecology
[dna] fire wrote 113 bytes to ecology
[dna] fire wrote 78 bytes to ecology
[dna] fire wrote 116 bytes to ecology
[dna] fire wrote 57 bytes to ecology
[dna] fire wrote 170 bytes to ecology
[dna] fire wrote 77 bytes to ecology
[dna] fire wrote 9 bytes to ecology
[dna] fire wrote 96 bytes to ecology
[dna] fire wrote 143 bytes to ecology
[dna] fire wrote 59 bytes to ecology
[dna] fire wrote 12 bytes to ecology
[dna] fire wrote 136 bytes to ecology
[dna] fire wrote 33 bytes to ecology
[dna] fire wrote 26 bytes to ecology
[dna] fire wrote 50 bytes to ecology
[dna] fire wrote 22 bytes to ecology
[dna] fire wrote 42 bytes to ecology
[dna] fire wrote 41 bytes to ecology
[dna] fire wrote 85 bytes to ecology
[dna] fire wrote 32 bytes to ecology
[debug-onto] tick=150 corpus=134277 stage=2 freeze=0
[dna] fire wrote 29 bytes to ecology
[dna] fire wrote 59 bytes to ecology
[dna] fire wrote 30 bytes to ecology
[dna] fire wrote 11 bytes to ecology
[dna] fire wrote 44 bytes to ecology
[dna] fire wrote 39 bytes to ecology
[dna] fire wrote 45 bytes to ecology
[dna] fire wrote 51 bytes to ecology
[dna] fire wrote 48 bytes to ecology
[dna] fire wrote 32 bytes to ecology
[dna] fire wrote 68 bytes to ecology
[dna] fire wrote 32 bytes to ecology
[dna] fire wrote 13 bytes to ecology
[dna] fire wrote 28 bytes to ecology
[dna] fire wrote 47 bytes to ecology
[dna] fire wrote 64 bytes to ecology
[dna] fire wrote 61 bytes to ecology
[dna] fire wrote 22 bytes to ecology
[dna] fire wrote 34 bytes to ecology
[dna] fire wrote 6 bytes to ecology
[dna] fire wrote 51 bytes to ecology
[dna] fire wrote 31 bytes to ecology
[dna] fire wrote 37 bytes to ecology
[dna] fire wrote 35 bytes to ecology
[dna] fire wrote 32 bytes to ecology
[dna] fire wrote 18 bytes to ecology
[dna] fire wrote 67 bytes to ecology
[dna] fire wrote 23 bytes to ecology
[dna] fire wrote 95 bytes to ecology
[debug-onto] tick=200 corpus=134277 stage=2 freeze=0
[dna] fire wrote 35 bytes to ecology
[dna] fire wrote 43 bytes to ecology
[dna] fire wrote 153 bytes to ecology
[dna] fire wrote 58 bytes to ecology
[dna] fire wrote 36 bytes to ecology
[dna] fire wrote 94 bytes to ecology
[dna] fire wrote 46 bytes to ecology
[dna] fire wrote 52 bytes to ecology
[dna] fire wrote 47 bytes to ecology
[dna] fire wrote 22 bytes to ecology
[dna] fire wrote 100 bytes to ecology
[dna] fire wrote 26 bytes to ecology
[dna] fire wrote 49 bytes to ecology
[dna] fire wrote 103 bytes to ecology
[dna] fire wrote 181 bytes to ecology
[dna] fire wrote 53 bytes to ecology
[dna] fire wrote 11 bytes to ecology
[dna] fire wrote 34 bytes to ecology
[dna] fire wrote 70 bytes to ecology
[dna] fire wrote 25 bytes to ecology
[dna] fire wrote 35 bytes to ecology
[dna] fire wrote 109 bytes to ecology
[dna] fire wrote 35 bytes to ecology
[dna] fire wrote 71 bytes to ecology
[dna] fire wrote 35 bytes to ecology
[dna] fire wrote 132 bytes to ecology
[dna] fire wrote 96 bytes to ecology
[dna] fire wrote 18 bytes to ecology
[dna] fire wrote 49 bytes to ecology
[dna] fire wrote 28 bytes to ecology
[dna] fire wrote 34 bytes to ecology
[dna] fire wrote 21 bytes to ecology
[debug-onto] tick=250 corpus=134277 stage=2 freeze=0
[dna] fire wrote 9 bytes to ecology
[dna] fire wrote 64 bytes to ecology
[dna] fire wrote 101 bytes to ecology
[dna] fire wrote 77 bytes to ecology
[dna] fire wrote 33 bytes to ecology
[dna] fire wrote 34 bytes to ecology
[dna] fire wrote 39 bytes to ecology
[dna] fire wrote 26 bytes to ecology
[dna] fire wrote 52 bytes to ecology
[dna] fire wrote 59 bytes to ecology
[dna] fire wrote 20 bytes to ecology
[dna] fire wrote 12 bytes to ecology
[dna] fire wrote 31 bytes to ecology
[dna] fire wrote 24 bytes to ecology
[dna] fire wrote 26 bytes to ecology
[dna] fire wrote 36 bytes to ecology
[dna] fire wrote 18 bytes to ecology
[dna] fire wrote 59 bytes to ecology
[dna] fire wrote 36 bytes to ecology
[dna] fire wrote 31 bytes to ecology
[dna] fire wrote 91 bytes to ecology
[dna] fire wrote 35 bytes to ecology
[dna] fire wrote 64 bytes to ecology
[dna] fire wrote 57 bytes to ecology
[dna] fire wrote 33 bytes to ecology
[dna] fire wrote 23 bytes to ecology
[dna] fire wrote 120 bytes to ecology
[dna] fire wrote 298 bytes to ecology
[dna] fire wrote 28 bytes to ecology
[dna] fire wrote 222 bytes to ecology
[dna] fire wrote 96 bytes to ecology
[debug-onto] tick=300 corpus=134277 stage=2 freeze=0
[dna] fire wrote 12 bytes to ecology
[dna] fire wrote 29 bytes to ecology
[dna] fire wrote 59 bytes to ecology
[dna] fire wrote 44 bytes to ecology
[dna] fire wrote 33 bytes to ecology
[dna] fire wrote 72 bytes to ecology
[dna] fire wrote 45 bytes to ecology
[dna] fire wrote 34 bytes to ecology
[dna] fire wrote 36 bytes to ecology
[dna] fire wrote 39 bytes to ecology
[dna] fire wrote 28 bytes to ecology
[dna] fire wrote 177 bytes to ecology
[dna] fire wrote 54 bytes to ecology
[dna] fire wrote 19 bytes to ecology
[dna] fire wrote 48 bytes to ecology
[dna] fire wrote 45 bytes to ecology
[dna] fire wrote 234 bytes to ecology
[dna] fire wrote 99 bytes to ecology
[dna] fire wrote 40 bytes to ecology
[dna] fire wrote 68 bytes to ecology
[dna] fire wrote 68 bytes to ecology
[dna] fire wrote 29 bytes to ecology
[dna] fire wrote 69 bytes to ecology
[dna] fire wrote 61 bytes to ecology
[dna] fire wrote 129 bytes to ecology
[dna] fire wrote 44 bytes to ecology
[dna] fire wrote 29 bytes to ecology
[dna] fire wrote 47 bytes to ecology
[dna] fire wrote 107 bytes to ecology
[debug-onto] tick=350 corpus=134277 stage=2 freeze=0
[dna] fire wrote 37 bytes to ecology
[dna] fire wrote 176 bytes to ecology
[dna] fire wrote 167 bytes to ecology
[dna] fire wrote 59 bytes to ecology
[dna] fire wrote 30 bytes to ecology
[dna] fire wrote 39 bytes to ecology
[dna] fire wrote 59 bytes to ecology
[dna] fire wrote 108 bytes to ecology
[dna] fire wrote 13 bytes to ecology
[dna] fire wrote 75 bytes to ecology
[dna] fire wrote 113 bytes to ecology
[dna] fire wrote 22 bytes to ecology
[dna] fire wrote 214 bytes to ecology
[dna] fire wrote 23 bytes to ecology
[dna] fire wrote 90 bytes to ecology
[dna] fire wrote 40 bytes to ecology
[dna] fire wrote 48 bytes to ecology
[dna] fire wrote 91 bytes to ecology
[dna] fire wrote 29 bytes to ecology
[dna] fire wrote 23 bytes to ecology
[dna] fire wrote 112 bytes to ecology
[dna] fire wrote 9 bytes to ecology
[dna] fire wrote 137 bytes to ecology
[dna] fire wrote 111 bytes to ecology
[dna] fire wrote 27 bytes to ecology
[dna] fire wrote 104 bytes to ecology
[dna] fire wrote 63 bytes to ecology
[dna] fire wrote 183 bytes to ecology
[dna] fire wrote 26 bytes to ecology
[dna] fire wrote 69 bytes to ecology
[dna] fire wrote 31 bytes to ecology
[dna] fire wrote 57 bytes to ecology
[dna] fire wrote 33 bytes to ecology
[debug-onto] tick=400 corpus=134277 stage=2 freeze=0
[dna] fire wrote 33 bytes to ecology
[dna] fire wrote 38 bytes to ecology
[dna] fire wrote 81 bytes to ecology
[dna] fire wrote 28 bytes to ecology
[dna] fire wrote 180 bytes to ecology
[dna] fire wrote 32 bytes to ecology
[dna] fire wrote 99 bytes to ecology
[dna] fire wrote 37 bytes to ecology
[dna] fire wrote 59 bytes to ecology
[dna] fire wrote 63 bytes to ecology
[dna] fire wrote 120 bytes to ecology
[dna] fire wrote 41 bytes to ecology
[dna] fire wrote 13 bytes to ecology
[dna] fire wrote 40 bytes to ecology
[dna] fire wrote 79 bytes to ecology
[dna] fire wrote 26 bytes to ecology
[dna] fire wrote 20 bytes to ecology
[dna] fire wrote 98 bytes to ecology
[dna] fire wrote 45 bytes to ecology
[dna] fire wrote 18 bytes to ecology
[dna] fire wrote 62 bytes to ecology
[dna] fire wrote 25 bytes to ecology
[dna] fire wrote 92 bytes to ecology
[dna] fire wrote 64 bytes to ecology
[dna] fire wrote 182 bytes to ecology
[dna] fire wrote 107 bytes to ecology
[dna] fire wrote 94 bytes to ecology
[dna] fire wrote 46 bytes to ecology
[dna] fire wrote 46 bytes to ecology
[dna] fire wrote 34 bytes to ecology
[dna] fire wrote 127 bytes to ecology
[dna] fire wrote 47 bytes to ecology
[debug-onto] tick=450 corpus=134277 stage=2 freeze=0
[dna] fire wrote 147 bytes to ecology
[dna] fire wrote 62 bytes to ecology
[dna] fire wrote 24 bytes to ecology
[dna] fire wrote 14 bytes to ecology
[dna] fire wrote 20 bytes to ecology
[dna] fire wrote 31 bytes to ecology
[dna] fire wrote 136 bytes to ecology
[dna] fire wrote 37 bytes to ecology
[dna] fire wrote 76 bytes to ecology
[dna] fire wrote 58 bytes to ecology
[dna] fire wrote 10 bytes to ecology
[dna] fire wrote 11 bytes to ecology
[dna] fire wrote 17 bytes to ecology
[dna] fire wrote 133 bytes to ecology
[dna] fire wrote 84 bytes to ecology
[dna] fire wrote 10 bytes to ecology
[dna] fire wrote 37 bytes to ecology
[dna] fire wrote 57 bytes to ecology
[dna] fire wrote 58 bytes to ecology
[dna] fire wrote 8 bytes to ecology
[dna] fire wrote 76 bytes to ecology
[dna] fire wrote 92 bytes to ecology
[dna] fire wrote 58 bytes to ecology
[dna] fire wrote 29 bytes to ecology
[dna] fire wrote 31 bytes to ecology
[dna] fire wrote 25 bytes to ecology
[dna] fire wrote 5 bytes to ecology
[dna] fire wrote 36 bytes to ecology
[dna] fire wrote 29 bytes to ecology
[dna] fire wrote 25 bytes to ecology
[debug-onto] tick=500 corpus=134277 stage=2 freeze=0
[dna] fire wrote 89 bytes to ecology
[dna] fire wrote 35 bytes to ecology
[dna] fire wrote 120 bytes to ecology
[dna] fire wrote 149 bytes to ecology
[dna] fire wrote 58 bytes to ecology
[dna] fire wrote 89 bytes to ecology
[dna] fire wrote 31 bytes to ecology
[dna] fire wrote 43 bytes to ecology
[dna] fire wrote 94 bytes to ecology
[dna] fire wrote 21 bytes to ecology
[dna] fire wrote 74 bytes to ecology
[dna] fire wrote 175 bytes to ecology
[dna] fire wrote 100 bytes to ecology
[dna] fire wrote 149 bytes to ecology
[dna] fire wrote 72 bytes to ecology
[dna] fire wrote 29 bytes to ecology
[dna] fire wrote 58 bytes to ecology
[dna] fire wrote 89 bytes to ecology
[dna] fire wrote 34 bytes to ecology
[dna] fire wrote 85 bytes to ecology
[dna] fire wrote 198 bytes to ecology
[dna] fire wrote 13 bytes to ecology
[dna] fire wrote 161 bytes to ecology
[dna] fire wrote 80 bytes to ecology
[dna] fire wrote 13 bytes to ecology
[dna] fire wrote 81 bytes to ecology
[dna] fire wrote 43 bytes to ecology
[dna] fire wrote 50 bytes to ecology
[dna] fire wrote 32 bytes to ecology
[dna] fire wrote 44 bytes to ecology
[dna] fire wrote 92 bytes to ecology
[debug-onto] tick=550 corpus=134277 stage=2 freeze=0
[dna] fire wrote 30 bytes to ecology
[dna] fire wrote 32 bytes to ecology
[dna] fire wrote 117 bytes to ecology
[dna] fire wrote 47 bytes to ecology
[dna] fire wrote 51 bytes to ecology
[dna] fire wrote 96 bytes to ecology
[dna] fire wrote 23 bytes to ecology
[dna] fire wrote 68 bytes to ecology
[dna] fire wrote 26 bytes to ecology
[dna] fire wrote 34 bytes to ecology
[dna] fire wrote 24 bytes to ecology
[dna] fire wrote 50 bytes to ecology
[dna] fire wrote 25 bytes to ecology
[dna] fire wrote 43 bytes to ecology
[dna] fire wrote 53 bytes to ecology
[dna] fire wrote 36 bytes to ecology
[dna] fire wrote 95 bytes to ecology
[dna] fire wrote 62 bytes to ecology
[dna] fire wrote 50 bytes to ecology
[dna] fire wrote 45 bytes to ecology
[dna] fire wrote 53 bytes to ecology
[dna] fire wrote 136 bytes to ecology
[dna] fire wrote 16 bytes to ecology
[dna] fire wrote 38 bytes to ecology
[dna] fire wrote 54 bytes to ecology
[dna] fire wrote 82 bytes to ecology
[dna] fire wrote 149 bytes to ecology
[dna] fire wrote 93 bytes to ecology
[dna] fire wrote 48 bytes to ecology
[dna] fire wrote 23 bytes to ecology
[dna] fire wrote 105 bytes to ecology
[debug-onto] tick=600 corpus=134277 stage=2 freeze=0
[dna] fire wrote 50 bytes to ecology
[dna] fire wrote 9 bytes to ecology
[dna] fire wrote 13 bytes to ecology
[dna] fire wrote 59 bytes to ecology
[dna] fire wrote 16 bytes to ecology
[dna] fire wrote 30 bytes to ecology
[dna] fire wrote 13 bytes to ecology
[dna] fire wrote 12 bytes to ecology
[dna] fire wrote 68 bytes to ecology
[dna] fire wrote 18 bytes to ecology
[dna] fire wrote 83 bytes to ecology
[dna] fire wrote 68 bytes to ecology
[dna] fire wrote 33 bytes to ecology
[dna] fire wrote 32 bytes to ecology
[dna] fire wrote 61 bytes to ecology
[dna] fire wrote 22 bytes to ecology
[dna] fire wrote 31 bytes to ecology
[dna] fire wrote 66 bytes to ecology
[dna] fire wrote 27 bytes to ecology
[dna] fire wrote 22 bytes to ecology
[dna] fire wrote 122 bytes to ecology
[dna] fire wrote 9 bytes to ecology
[dna] fire wrote 118 bytes to ecology
[dna] fire wrote 52 bytes to ecology
[dna] fire wrote 53 bytes to ecology
[dna] fire wrote 100 bytes to ecology
[dna] fire wrote 45 bytes to ecology
[dna] fire wrote 128 bytes to ecology
[dna] fire wrote 76 bytes to ecology
[dna] fire wrote 273 bytes to ecology
[dna] fire wrote 57 bytes to ecology
[debug-onto] tick=650 corpus=134277 stage=2 freeze=0
[dna] fire wrote 43 bytes to ecology
[dna] fire wrote 19 bytes to ecology
[dna] fire wrote 20 bytes to ecology
[dna] fire wrote 95 bytes to ecology
[dna] fire wrote 22 bytes to ecology
[dna] fire wrote 37 bytes to ecology
[dna] fire wrote 29 bytes to ecology
[dna] fire wrote 142 bytes to ecology
[dna] fire wrote 61 bytes to ecology

[evolution] Organism shutting down gracefully.
