[ecology] Element: air → corpus: nonames_air.txt
[evolution] Autonomous evolution mode — organism will grow through all stages without pause.
[ecology] Joined swarm. 1 peer(s) detected.
molequla is alive. [evolution] Autonomous mode — background trainer running. Ctrl+C to stop.
[dna] air wrote 55 bytes to ecology
[dna] air consumed 18202 bytes from 234 files: [earth/gen_1778567820_1.txt earth/gen_1778567828_4.txt earth/gen_1778567835_7.txt earth/gen_1778567843_10.txt earth/gen_1778567850_13.txt earth/gen_1778567858_16.txt earth/gen_1778567865_19.txt earth/gen_1778567873_22.txt earth/gen_1778567880_25.txt earth/gen_1778567888_28.txt earth/gen_1778567895_31.txt earth/gen_1778567903_34.txt earth/gen_1778567911_37.txt earth/gen_1778567918_40.txt earth/gen_1778567925_43.txt earth/gen_1778567933_46.txt earth/gen_1778567940_49.txt earth/gen_1778567948_52.txt earth/gen_1778567956_55.txt earth/gen_1778567963_58.txt earth/gen_1778567971_61.txt earth/gen_1778567978_64.txt earth/gen_1778567986_67.txt earth/gen_1778567993_70.txt earth/gen_1778568001_73.txt earth/gen_1778568008_76.txt earth/gen_1778568016_79.txt earth/gen_1778568023_82.txt earth/gen_1778568030_85.txt earth/gen_1778568038_88.txt earth/gen_1778568045_91.txt earth/gen_1778568053_94.txt earth/gen_1778568060_97.txt earth/gen_1778568068_100.txt earth/gen_1778568075_103.txt earth/gen_1778568083_106.txt earth/gen_1778568090_109.txt earth/gen_1778568105_115.txt earth/gen_1778568113_118.txt earth/gen_1778568120_121.txt earth/gen_1778568128_124.txt earth/gen_1778568135_127.txt earth/gen_1778568143_130.txt earth/gen_1778568150_133.txt earth/gen_1778568158_136.txt earth/gen_1778568165_139.txt earth/gen_1778568173_142.txt earth/gen_1778568180_145.txt earth/gen_1778568188_148.txt earth/gen_1778568195_151.txt earth/gen_1778568203_154.txt earth/gen_1778568210_157.txt earth/gen_1778568218_160.txt earth/gen_1778568225_163.txt earth/gen_1778568233_166.txt earth/gen_1778568240_169.txt earth/gen_1778568247_172.txt earth/gen_1778568255_175.txt earth/gen_1778568262_178.txt earth/gen_1778568270_181.txt earth/gen_1778568277_184.txt earth/gen_1778568285_187.txt earth/gen_1778568292_190.txt earth/gen_1778568300_193.txt earth/gen_1778568307_196.txt earth/gen_1778568315_199.txt earth/gen_1778568322_202.txt earth/gen_1778568330_205.txt earth/gen_1778568337_208.txt earth/gen_1778568345_211.txt earth/gen_1778568352_214.txt earth/gen_1778568360_217.txt earth/gen_1778568367_220.txt earth/gen_1778568375_223.txt earth/gen_1778568382_226.txt earth/gen_1778568390_229.txt earth/gen_1778568397_232.txt earth/gen_1778568405_235.txt earth/gen_1778568412_238.txt earth/gen_1778568420_241.txt earth/gen_1778568427_244.txt earth/gen_1778568435_247.txt earth/gen_1778568442_250.txt earth/gen_1778568450_253.txt earth/gen_1778568457_256.txt earth/gen_1778568465_259.txt earth/gen_1778568472_262.txt earth/gen_1778568480_265.txt earth/gen_1778568487_268.txt earth/gen_1778568495_271.txt earth/gen_1778568502_274.txt earth/gen_1778568509_277.txt earth/gen_1778568517_280.txt earth/gen_1778568524_283.txt earth/gen_1778568532_286.txt earth/gen_1778568539_289.txt earth/gen_1778568547_292.txt earth/gen_1778568554_295.txt earth/gen_1778568562_298.txt earth/gen_1778568569_301.txt earth/gen_1778568577_304.txt earth/gen_1778568584_307.txt earth/gen_1778568592_310.txt earth/gen_1778568599_313.txt earth/gen_1778568607_316.txt earth/gen_1778568614_319.txt earth/gen_1778568622_322.txt earth/gen_1778568629_325.txt earth/gen_1778568637_328.txt earth/gen_1778568645_331.txt earth/gen_1778568660_337.txt earth/gen_1778568667_340.txt earth/gen_1778568675_343.txt earth/gen_1778568682_346.txt earth/gen_1778568690_349.txt earth/gen_1778568697_352.txt earth/gen_1778568705_355.txt earth/gen_1778568713_358.txt earth/gen_1778568720_361.txt earth/gen_1778568728_364.txt earth/gen_1778568735_367.txt earth/gen_1778568743_370.txt earth/gen_1778568750_373.txt earth/gen_1778568758_376.txt earth/gen_1778568765_379.txt earth/gen_1778568772_382.txt earth/gen_1778568780_385.txt earth/gen_1778568787_388.txt earth/gen_1778568795_391.txt earth/gen_1778568802_394.txt earth/gen_1778568810_397.txt earth/gen_1778568817_400.txt earth/gen_1778568825_403.txt earth/gen_1778568832_406.txt earth/gen_1778568840_409.txt earth/gen_1778568847_412.txt earth/gen_1778568855_415.txt earth/gen_1778568862_418.txt earth/gen_1778568869_421.txt earth/gen_1778568877_424.txt earth/gen_1778568884_427.txt earth/gen_1778568892_430.txt earth/gen_1778568899_433.txt earth/gen_1778568907_436.txt earth/gen_1778568914_439.txt earth/gen_1778568921_442.txt earth/gen_1778568929_445.txt earth/gen_1778568936_448.txt earth/gen_1778568943_451.txt earth/gen_1778568951_454.txt earth/gen_1778568958_457.txt earth/gen_1778568965_460.txt earth/gen_1778568973_463.txt earth/gen_1778568980_466.txt earth/gen_1778568988_469.txt earth/gen_1778568995_472.txt earth/gen_1778569002_475.txt earth/gen_1778569010_478.txt earth/gen_1778569017_481.txt earth/gen_1778569024_484.txt earth/gen_1778569031_487.txt earth/gen_1778569039_490.txt earth/gen_1778569046_493.txt earth/gen_1778569053_496.txt earth/gen_1778569061_499.txt earth/gen_1778569068_502.txt earth/gen_1778569075_505.txt earth/gen_1778569083_508.txt earth/gen_1778569090_511.txt earth/gen_1778569097_514.txt earth/gen_1778569105_517.txt earth/gen_1778569112_520.txt earth/gen_1778569119_523.txt earth/gen_1778569127_526.txt earth/gen_1778569134_529.txt earth/gen_1778569142_532.txt earth/gen_1778569149_535.txt earth/gen_1778569156_538.txt earth/gen_1778569164_541.txt earth/gen_1778569171_544.txt earth/gen_1778569178_547.txt earth/gen_1778569186_550.txt earth/gen_1778569193_553.txt earth/gen_1778569201_556.txt earth/gen_1778569208_559.txt earth/gen_1778569215_562.txt earth/gen_1778569223_565.txt earth/gen_1778569230_568.txt earth/gen_1778569238_571.txt earth/gen_1778569245_574.txt earth/gen_1778569252_577.txt earth/gen_1778569260_580.txt earth/gen_1778569267_583.txt earth/gen_1778569275_586.txt earth/gen_1778569282_589.txt earth/gen_1778569290_592.txt earth/gen_1778569297_595.txt earth/gen_1778569305_598.txt earth/gen_1778569312_601.txt earth/gen_1778569320_604.txt earth/gen_1778569327_607.txt earth/gen_1778569335_610.txt earth/gen_1778569342_613.txt earth/gen_1778569350_616.txt earth/gen_1778569357_619.txt earth/gen_1778569364_622.txt earth/gen_1778569372_625.txt earth/gen_1778569379_628.txt earth/gen_1778569386_631.txt earth/gen_1778569394_634.txt earth/gen_1778569402_637.txt earth/gen_1778569409_640.txt earth/gen_1778569416_643.txt earth/gen_1778569424_646.txt earth/gen_1778569431_649.txt earth/gen_1778569439_652.txt earth/gen_1778569446_655.txt earth/gen_1778569461_661.txt earth/gen_1778569469_664.txt earth/gen_1778569476_667.txt earth/gen_1778569484_670.txt earth/gen_1778569491_673.txt earth/gen_1778569498_676.txt earth/gen_1778569506_679.txt earth/gen_1778569513_682.txt earth/gen_1778569521_685.txt earth/gen_1778569528_688.txt earth/gen_1778569535_691.txt earth/gen_1778569550_697.txt earth/gen_1778569558_700.txt earth/gen_1778569565_703.txt earth/gen_1778569573_706.txt earth/gen_1778569580_709.txt earth/gen_1778569587_712.txt]
[trainer] micro-train burst (18202 bytes, novelty 0.04) — and lo, it feeds again.
[syntropy] action=explore | trend=0.0000 | field_dev=0.045 | purpose_align=-0.196 | lr_mul=1.30
[aml] burst complete: 32 steps, avg loss 2.6372 (memory freed)
[dna] air wrote 122 bytes to ecology
[dna] air wrote 55 bytes to ecology
[dna] air wrote 157 bytes to ecology
[dna] air wrote 28 bytes to ecology
[dna] air wrote 70 bytes to ecology
[dna] air wrote 75 bytes to ecology
[dna] air wrote 52 bytes to ecology
[dna] air wrote 146 bytes to ecology
[dna] air wrote 23 bytes to ecology
[dna] air wrote 24 bytes to ecology
[dna] air wrote 168 bytes to ecology
[dna] air wrote 151 bytes to ecology
[dna] air wrote 70 bytes to ecology
[dna] air wrote 130 bytes to ecology
[dna] air wrote 60 bytes to ecology
[dna] air wrote 144 bytes to ecology
[debug-onto] tick=50 corpus=140752 stage=2 freeze=0
[dna] air wrote 55 bytes to ecology
[dna] air wrote 140 bytes to ecology
[dna] air wrote 68 bytes to ecology
[dna] air wrote 40 bytes to ecology
[dna] air wrote 186 bytes to ecology
[dna] air wrote 135 bytes to ecology
[dna] air wrote 38 bytes to ecology
[dna] air wrote 70 bytes to ecology
[dna] air wrote 26 bytes to ecology
[dna] air wrote 167 bytes to ecology
[dna] air wrote 121 bytes to ecology
[dna] air wrote 57 bytes to ecology
[dna] air wrote 120 bytes to ecology
[dna] air wrote 53 bytes to ecology
[dna] air wrote 156 bytes to ecology
[dna] air wrote 121 bytes to ecology
[dna] air wrote 11 bytes to ecology
[debug-onto] tick=100 corpus=140752 stage=2 freeze=0
[dna] air wrote 33 bytes to ecology
[dna] air wrote 28 bytes to ecology
[dna] air wrote 49 bytes to ecology
[dna] air wrote 143 bytes to ecology
[dna] air wrote 202 bytes to ecology
[dna] air wrote 15 bytes to ecology
[dna] air wrote 56 bytes to ecology
[dna] air wrote 42 bytes to ecology
[dna] air wrote 206 bytes to ecology
[dna] air wrote 41 bytes to ecology
[dna] air wrote 25 bytes to ecology
[dna] air wrote 31 bytes to ecology
[dna] air wrote 74 bytes to ecology
[dna] air wrote 147 bytes to ecology
[dna] air wrote 96 bytes to ecology
[dna] air wrote 72 bytes to ecology
[debug-onto] tick=150 corpus=140752 stage=2 freeze=0
[dna] air wrote 32 bytes to ecology
[dna] air wrote 27 bytes to ecology
[dna] air wrote 99 bytes to ecology
[dna] air wrote 69 bytes to ecology
[dna] air wrote 44 bytes to ecology
[dna] air wrote 51 bytes to ecology
[dna] air wrote 92 bytes to ecology
[dna] air wrote 39 bytes to ecology
[dna] air wrote 54 bytes to ecology
[dna] air wrote 148 bytes to ecology
[dna] air wrote 93 bytes to ecology
[dna] air wrote 94 bytes to ecology
[dna] air wrote 53 bytes to ecology
[dna] air wrote 197 bytes to ecology
[dna] air wrote 125 bytes to ecology
[dna] air wrote 41 bytes to ecology
[dna] air wrote 52 bytes to ecology
[debug-onto] tick=200 corpus=140752 stage=2 freeze=0
[dna] air wrote 55 bytes to ecology
[dna] air wrote 75 bytes to ecology
[dna] air wrote 147 bytes to ecology
[dna] air wrote 23 bytes to ecology
[dna] air wrote 91 bytes to ecology
[dna] air wrote 47 bytes to ecology
[dna] air wrote 65 bytes to ecology
[dna] air wrote 206 bytes to ecology
[dna] air wrote 32 bytes to ecology
[dna] air wrote 37 bytes to ecology
[dna] air wrote 38 bytes to ecology
[dna] air wrote 37 bytes to ecology
[dna] air wrote 43 bytes to ecology
[dna] air wrote 71 bytes to ecology
[dna] air wrote 75 bytes to ecology
[dna] air wrote 39 bytes to ecology
[dna] air wrote 36 bytes to ecology
[debug-onto] tick=250 corpus=140752 stage=2 freeze=0
[dna] air wrote 68 bytes to ecology
[dna] air wrote 39 bytes to ecology
[dna] air wrote 89 bytes to ecology
[dna] air wrote 64 bytes to ecology
[dna] air wrote 45 bytes to ecology
[dna] air wrote 11 bytes to ecology
[dna] air wrote 129 bytes to ecology
[dna] air wrote 31 bytes to ecology
[dna] air wrote 91 bytes to ecology
[dna] air wrote 33 bytes to ecology
[dna] air wrote 31 bytes to ecology
[dna] air wrote 103 bytes to ecology
[dna] air wrote 217 bytes to ecology
[dna] air wrote 36 bytes to ecology
[dna] air wrote 63 bytes to ecology
[dna] air wrote 66 bytes to ecology
[debug-onto] tick=300 corpus=140752 stage=2 freeze=0
[dna] air wrote 55 bytes to ecology
[dna] air wrote 55 bytes to ecology
[dna] air wrote 24 bytes to ecology
[dna] air wrote 78 bytes to ecology
[dna] air wrote 77 bytes to ecology
[dna] air wrote 35 bytes to ecology
[dna] air wrote 155 bytes to ecology
[dna] air wrote 112 bytes to ecology
[dna] air wrote 212 bytes to ecology
[dna] air wrote 36 bytes to ecology
[dna] air wrote 90 bytes to ecology
[dna] air wrote 142 bytes to ecology
[dna] air wrote 27 bytes to ecology
[dna] air wrote 45 bytes to ecology
[dna] air wrote 113 bytes to ecology
[dna] air wrote 211 bytes to ecology
[dna] air wrote 55 bytes to ecology
[debug-onto] tick=350 corpus=140752 stage=2 freeze=0
[dna] air wrote 120 bytes to ecology
[dna] air wrote 91 bytes to ecology
[dna] air wrote 285 bytes to ecology
[dna] air wrote 36 bytes to ecology
[dna] air wrote 88 bytes to ecology
[dna] air wrote 102 bytes to ecology
[dna] air wrote 105 bytes to ecology
[dna] air wrote 16 bytes to ecology
[dna] air wrote 36 bytes to ecology
[dna] air wrote 81 bytes to ecology
[dna] air wrote 55 bytes to ecology
[dna] air wrote 13 bytes to ecology
[dna] air wrote 40 bytes to ecology
[dna] air wrote 13 bytes to ecology
[dna] air wrote 58 bytes to ecology
[dna] air wrote 46 bytes to ecology
[dna] air wrote 105 bytes to ecology
[debug-onto] tick=400 corpus=140752 stage=2 freeze=0
[dna] air wrote 63 bytes to ecology
[dna] air wrote 51 bytes to ecology
[dna] air wrote 46 bytes to ecology
[dna] air wrote 84 bytes to ecology
[dna] air wrote 54 bytes to ecology
[dna] air wrote 25 bytes to ecology
[dna] air wrote 72 bytes to ecology
[dna] air wrote 40 bytes to ecology
[dna] air wrote 49 bytes to ecology
[dna] air wrote 61 bytes to ecology
[dna] air wrote 91 bytes to ecology
[dna] air wrote 27 bytes to ecology
[dna] air wrote 81 bytes to ecology
[dna] air wrote 59 bytes to ecology
[dna] air wrote 39 bytes to ecology
[dna] air wrote 313 bytes to ecology
[debug-onto] tick=450 corpus=140752 stage=2 freeze=0
[dna] air wrote 40 bytes to ecology
[dna] air wrote 42 bytes to ecology
[dna] air wrote 41 bytes to ecology
[dna] air wrote 28 bytes to ecology
[dna] air wrote 176 bytes to ecology
[dna] air wrote 53 bytes to ecology
[dna] air wrote 12 bytes to ecology
[dna] air wrote 54 bytes to ecology
[dna] air wrote 94 bytes to ecology
[dna] air wrote 62 bytes to ecology
[dna] air wrote 54 bytes to ecology
[dna] air wrote 33 bytes to ecology
[dna] air wrote 102 bytes to ecology
[dna] air wrote 55 bytes to ecology
[dna] air wrote 170 bytes to ecology
[dna] air wrote 138 bytes to ecology
[dna] air wrote 73 bytes to ecology
[debug-onto] tick=500 corpus=140752 stage=2 freeze=0
[dna] air wrote 76 bytes to ecology
[dna] air wrote 133 bytes to ecology
[dna] air wrote 104 bytes to ecology
[dna] air wrote 88 bytes to ecology
[dna] air wrote 170 bytes to ecology
[dna] air wrote 34 bytes to ecology
[dna] air wrote 145 bytes to ecology
[dna] air wrote 133 bytes to ecology
[dna] air wrote 28 bytes to ecology
[dna] air wrote 39 bytes to ecology
[dna] air wrote 27 bytes to ecology
[dna] air wrote 18 bytes to ecology
[dna] air wrote 62 bytes to ecology
[dna] air wrote 66 bytes to ecology
[dna] air wrote 44 bytes to ecology
[dna] air wrote 87 bytes to ecology
[dna] air wrote 49 bytes to ecology
[debug-onto] tick=550 corpus=140752 stage=2 freeze=0
[dna] air wrote 122 bytes to ecology
[dna] air wrote 106 bytes to ecology
[dna] air wrote 179 bytes to ecology
[dna] air wrote 88 bytes to ecology
[dna] air wrote 26 bytes to ecology
[dna] air wrote 49 bytes to ecology
[dna] air wrote 140 bytes to ecology
[dna] air wrote 200 bytes to ecology
[dna] air wrote 29 bytes to ecology
[dna] air wrote 52 bytes to ecology
[dna] air wrote 47 bytes to ecology
[dna] air wrote 49 bytes to ecology
[dna] air wrote 305 bytes to ecology
[dna] air wrote 106 bytes to ecology
[dna] air wrote 89 bytes to ecology
[dna] air wrote 26 bytes to ecology
[debug-onto] tick=600 corpus=140752 stage=2 freeze=0
[dna] air wrote 118 bytes to ecology
[dna] air wrote 33 bytes to ecology
[dna] air wrote 113 bytes to ecology
[dna] air wrote 143 bytes to ecology
[dna] air wrote 43 bytes to ecology
[dna] air wrote 27 bytes to ecology
[dna] air wrote 36 bytes to ecology
[dna] air wrote 126 bytes to ecology
[dna] air wrote 243 bytes to ecology
[dna] air wrote 128 bytes to ecology
[dna] air wrote 29 bytes to ecology
[dna] air wrote 74 bytes to ecology
[dna] air wrote 59 bytes to ecology
[dna] air wrote 69 bytes to ecology
[dna] air wrote 50 bytes to ecology
[dna] air wrote 50 bytes to ecology
[dna] air wrote 72 bytes to ecology
[debug-onto] tick=650 corpus=140752 stage=2 freeze=0
[dna] air wrote 124 bytes to ecology
[dna] air wrote 46 bytes to ecology
[dna] air wrote 68 bytes to ecology
[dna] air wrote 324 bytes to ecology
[dna] air wrote 51 bytes to ecology
[dna] air wrote 44 bytes to ecology
[dna] air wrote 31 bytes to ecology
[dna] air wrote 33 bytes to ecology
[dna] air wrote 74 bytes to ecology
[dna] air wrote 25 bytes to ecology
[dna] air wrote 104 bytes to ecology
[dna] air wrote 311 bytes to ecology
[dna] air wrote 42 bytes to ecology
[dna] air wrote 147 bytes to ecology
[dna] air wrote 111 bytes to ecology
[dna] air wrote 50 bytes to ecology
[dna] air wrote 8 bytes to ecology
[debug-onto] tick=700 corpus=140752 stage=2 freeze=0
[dna] air wrote 107 bytes to ecology
[dna] air wrote 39 bytes to ecology
[dna] air wrote 161 bytes to ecology
[dna] air wrote 69 bytes to ecology
[dna] air wrote 29 bytes to ecology
[dna] air wrote 64 bytes to ecology
[dna] air wrote 102 bytes to ecology

[evolution] Organism shutting down gracefully.
