[ecology] Element: fire → corpus: nonames_fire.txt
[evolution] Autonomous evolution mode — organism will grow through all stages without pause.
[ecology] Joined swarm. 1 peer(s) detected.
molequla is alive. [evolution] Autonomous mode — background trainer running. Ctrl+C to stop.
[dna] fire wrote 67 bytes to ecology
[dna] fire consumed 18441 bytes from 307 files: [water/gen_1778571394_1.txt water/gen_1778571406_2.txt water/gen_1778571411_4.txt water/gen_1778571420_7.txt water/gen_1778571422_8.txt water/gen_1778571428_10.txt water/gen_1778571436_13.txt water/gen_1778571439_14.txt water/gen_1778571444_16.txt water/gen_1778571452_19.txt water/gen_1778571455_20.txt water/gen_1778571460_22.txt water/gen_1778571469_25.txt water/gen_1778571477_28.txt water/gen_1778571485_31.txt water/gen_1778571493_34.txt water/gen_1778571502_37.txt water/gen_1778571504_38.txt water/gen_1778571510_40.txt water/gen_1778571518_43.txt water/gen_1778571526_46.txt water/gen_1778571535_49.txt water/gen_1778571538_50.txt water/gen_1778571543_52.txt water/gen_1778571552_55.txt water/gen_1778571554_56.txt water/gen_1778571560_58.txt water/gen_1778571568_61.txt water/gen_1778571571_62.txt water/gen_1778571577_64.txt water/gen_1778571585_67.txt water/gen_1778571588_68.txt water/gen_1778571593_70.txt water/gen_1778571602_73.txt water/gen_1778571604_74.txt water/gen_1778571610_76.txt water/gen_1778571618_79.txt water/gen_1778571621_80.txt water/gen_1778571627_82.txt water/gen_1778571635_85.txt water/gen_1778571638_86.txt water/gen_1778571643_88.txt water/gen_1778571652_91.txt water/gen_1778571654_92.txt water/gen_1778571660_94.txt water/gen_1778571668_97.txt water/gen_1778571676_100.txt water/gen_1778571685_103.txt water/gen_1778571687_104.txt water/gen_1778571693_106.txt water/gen_1778571701_109.txt water/gen_1778571704_110.txt water/gen_1778571709_112.txt water/gen_1778571717_115.txt water/gen_1778571720_116.txt water/gen_1778571726_118.txt water/gen_1778571734_121.txt water/gen_1778571736_122.txt water/gen_1778571742_124.txt water/gen_1778571750_127.txt water/gen_1778571753_128.txt water/gen_1778571758_130.txt water/gen_1778571766_133.txt water/gen_1778571769_134.txt water/gen_1778571774_136.txt water/gen_1778571783_139.txt water/gen_1778571785_140.txt water/gen_1778571791_142.txt water/gen_1778571799_145.txt water/gen_1778571801_146.txt water/gen_1778571807_148.txt water/gen_1778571815_151.txt water/gen_1778571818_152.txt water/gen_1778571823_154.txt water/gen_1778571831_157.txt water/gen_1778571834_158.txt water/gen_1778571839_160.txt water/gen_1778571847_163.txt water/gen_1778571850_164.txt water/gen_1778571856_166.txt water/gen_1778571864_169.txt water/gen_1778571866_170.txt water/gen_1778571872_172.txt water/gen_1778571880_175.txt water/gen_1778571883_176.txt water/gen_1778571888_178.txt water/gen_1778571896_181.txt water/gen_1778571899_182.txt water/gen_1778571904_184.txt water/gen_1778571912_187.txt water/gen_1778571915_188.txt water/gen_1778571920_190.txt water/gen_1778571928_193.txt water/gen_1778571931_194.txt water/gen_1778571937_196.txt water/gen_1778571945_199.txt water/gen_1778571947_200.txt water/gen_1778571953_202.txt water/gen_1778571961_205.txt water/gen_1778571963_206.txt water/gen_1778571969_208.txt water/gen_1778571977_211.txt water/gen_1778571980_212.txt water/gen_1778571985_214.txt water/gen_1778571993_217.txt water/gen_1778571996_218.txt water/gen_1778572001_220.txt water/gen_1778572010_223.txt water/gen_1778572012_224.txt water/gen_1778572018_226.txt water/gen_1778572026_229.txt water/gen_1778572029_230.txt water/gen_1778572034_232.txt water/gen_1778572042_235.txt water/gen_1778572045_236.txt water/gen_1778572051_238.txt water/gen_1778572059_241.txt water/gen_1778572062_242.txt water/gen_1778572067_244.txt water/gen_1778572075_247.txt water/gen_1778572078_248.txt water/gen_1778572084_250.txt water/gen_1778572092_253.txt water/gen_1778572100_256.txt water/gen_1778572108_259.txt water/gen_1778572111_260.txt water/gen_1778572117_262.txt water/gen_1778572125_265.txt water/gen_1778572127_266.txt water/gen_1778572133_268.txt water/gen_1778572144_272.txt water/gen_1778572149_274.txt water/gen_1778572157_277.txt water/gen_1778572165_280.txt water/gen_1778572173_283.txt water/gen_1778572176_284.txt water/gen_1778572181_286.txt water/gen_1778572189_289.txt water/gen_1778572192_290.txt water/gen_1778572198_292.txt water/gen_1778572206_295.txt water/gen_1778572214_298.txt water/gen_1778572222_301.txt water/gen_1778572224_302.txt water/gen_1778572230_304.txt water/gen_1778572238_307.txt water/gen_1778572241_308.txt water/gen_1778572246_310.txt water/gen_1778572254_313.txt water/gen_1778572263_316.txt water/gen_1778572271_319.txt water/gen_1778572274_320.txt water/gen_1778572279_322.txt water/gen_1778572287_325.txt water/gen_1778572290_326.txt water/gen_1778572296_328.txt water/gen_1778572304_331.txt water/gen_1778572307_332.txt water/gen_1778572312_334.txt water/gen_1778572320_337.txt water/gen_1778572328_340.txt water/gen_1778572336_343.txt water/gen_1778572344_346.txt water/gen_1778572353_349.txt water/gen_1778572361_352.txt water/gen_1778572370_355.txt water/gen_1778572372_356.txt water/gen_1778572378_358.txt water/gen_1778572386_361.txt water/gen_1778572389_362.txt water/gen_1778572395_364.txt water/gen_1778572403_367.txt water/gen_1778572406_368.txt water/gen_1778572411_370.txt water/gen_1778572420_373.txt water/gen_1778572422_374.txt water/gen_1778572428_376.txt water/gen_1778572436_379.txt water/gen_1778572439_380.txt water/gen_1778572445_382.txt water/gen_1778572453_385.txt water/gen_1778572456_386.txt water/gen_1778572461_388.txt water/gen_1778572470_391.txt water/gen_1778572472_392.txt water/gen_1778572478_394.txt water/gen_1778572486_397.txt water/gen_1778572489_398.txt water/gen_1778572495_400.txt water/gen_1778572503_403.txt water/gen_1778572506_404.txt water/gen_1778572511_406.txt water/gen_1778572519_409.txt water/gen_1778572522_410.txt water/gen_1778572528_412.txt water/gen_1778572536_415.txt water/gen_1778572539_416.txt water/gen_1778572544_418.txt water/gen_1778572553_421.txt water/gen_1778572556_422.txt water/gen_1778572561_424.txt water/gen_1778572569_427.txt water/gen_1778572586_433.txt water/gen_1778572589_434.txt water/gen_1778572595_436.txt water/gen_1778572603_439.txt water/gen_1778572606_440.txt water/gen_1778572611_442.txt water/gen_1778572620_445.txt water/gen_1778572623_446.txt water/gen_1778572628_448.txt water/gen_1778572636_451.txt water/gen_1778572639_452.txt water/gen_1778572645_454.txt water/gen_1778572653_457.txt water/gen_1778572656_458.txt water/gen_1778572661_460.txt water/gen_1778572670_463.txt water/gen_1778572672_464.txt water/gen_1778572678_466.txt water/gen_1778572686_469.txt water/gen_1778572695_472.txt water/gen_1778572703_475.txt water/gen_1778572706_476.txt water/gen_1778572711_478.txt water/gen_1778572720_481.txt water/gen_1778572723_482.txt water/gen_1778572728_484.txt water/gen_1778572736_487.txt water/gen_1778572739_488.txt water/gen_1778572745_490.txt water/gen_1778572753_493.txt water/gen_1778572756_494.txt water/gen_1778572761_496.txt water/gen_1778572769_499.txt water/gen_1778572772_500.txt water/gen_1778572777_502.txt water/gen_1778572786_505.txt water/gen_1778572794_508.txt water/gen_1778572802_511.txt water/gen_1778572805_512.txt water/gen_1778572810_514.txt water/gen_1778572819_517.txt water/gen_1778572821_518.txt water/gen_1778572827_520.txt water/gen_1778572835_523.txt water/gen_1778572838_524.txt water/gen_1778572844_526.txt water/gen_1778572852_529.txt water/gen_1778572855_530.txt water/gen_1778572860_532.txt water/gen_1778572869_535.txt water/gen_1778572871_536.txt water/gen_1778572877_538.txt water/gen_1778572885_541.txt water/gen_1778572888_542.txt water/gen_1778572893_544.txt water/gen_1778572902_547.txt water/gen_1778572910_550.txt water/gen_1778572919_553.txt water/gen_1778572921_554.txt water/gen_1778572927_556.txt water/gen_1778572935_559.txt water/gen_1778572938_560.txt water/gen_1778572943_562.txt water/gen_1778572952_565.txt water/gen_1778572954_566.txt water/gen_1778572960_568.txt water/gen_1778572968_571.txt water/gen_1778572977_574.txt water/gen_1778572985_577.txt water/gen_1778572988_578.txt water/gen_1778572993_580.txt water/gen_1778573002_583.txt water/gen_1778573004_584.txt water/gen_1778573010_586.txt water/gen_1778573018_589.txt water/gen_1778573021_590.txt water/gen_1778573026_592.txt water/gen_1778573035_595.txt water/gen_1778573037_596.txt water/gen_1778573043_598.txt water/gen_1778573051_601.txt water/gen_1778573054_602.txt water/gen_1778573059_604.txt water/gen_1778573067_607.txt water/gen_1778573076_610.txt water/gen_1778573084_613.txt water/gen_1778573087_614.txt water/gen_1778573092_616.txt water/gen_1778573101_619.txt water/gen_1778573103_620.txt water/gen_1778573109_622.txt water/gen_1778573117_625.txt water/gen_1778573120_626.txt water/gen_1778573125_628.txt water/gen_1778573133_631.txt water/gen_1778573136_632.txt water/gen_1778573141_634.txt water/gen_1778573150_637.txt water/gen_1778573152_638.txt water/gen_1778573158_640.txt water/gen_1778573166_643.txt water/gen_1778573169_644.txt water/gen_1778573174_646.txt water/gen_1778573182_649.txt water/gen_1778573185_650.txt]
[trainer] micro-train burst (18441 bytes, novelty 0.04) — and lo, it feeds again.
[syntropy] action=explore | trend=0.0000 | field_dev=0.013 | purpose_align=-0.210 | lr_mul=1.30
[aml] burst complete: 32 steps, avg loss 1.7656 (memory freed)
[dna] fire wrote 39 bytes to ecology
[dna] fire wrote 147 bytes to ecology
[dna] fire wrote 187 bytes to ecology
[dna] fire wrote 32 bytes to ecology
[dna] fire wrote 78 bytes to ecology
[dna] fire wrote 30 bytes to ecology
[dna] fire wrote 118 bytes to ecology
[dna] fire wrote 47 bytes to ecology
[dna] fire wrote 151 bytes to ecology
[dna] fire wrote 20 bytes to ecology
[dna] fire wrote 34 bytes to ecology
[dna] fire wrote 35 bytes to ecology
[dna] fire wrote 25 bytes to ecology
[dna] fire wrote 96 bytes to ecology
[dna] fire wrote 15 bytes to ecology
[dna] fire wrote 38 bytes to ecology
[debug-onto] tick=50 corpus=140648 stage=2 freeze=0
[dna] fire wrote 97 bytes to ecology
[dna] fire wrote 17 bytes to ecology
[dna] fire wrote 54 bytes to ecology
[dna] fire wrote 23 bytes to ecology
[dna] fire wrote 23 bytes to ecology
[dna] fire wrote 21 bytes to ecology
[dna] fire wrote 54 bytes to ecology
[dna] fire wrote 30 bytes to ecology
[dna] fire wrote 21 bytes to ecology
[dna] fire wrote 28 bytes to ecology
[dna] fire wrote 71 bytes to ecology
[dna] fire wrote 31 bytes to ecology
[dna] fire wrote 143 bytes to ecology
[dna] fire wrote 108 bytes to ecology
[dna] fire wrote 68 bytes to ecology
[dna] fire wrote 61 bytes to ecology
[dna] fire wrote 44 bytes to ecology
[debug-onto] tick=100 corpus=140648 stage=2 freeze=0
[dna] fire wrote 21 bytes to ecology
[dna] fire wrote 27 bytes to ecology
[dna] fire wrote 187 bytes to ecology
[dna] fire wrote 9 bytes to ecology
[dna] fire wrote 46 bytes to ecology
[dna] fire wrote 52 bytes to ecology
[dna] fire wrote 36 bytes to ecology
[dna] fire wrote 123 bytes to ecology
[dna] fire wrote 36 bytes to ecology
[dna] fire wrote 42 bytes to ecology
[dna] fire wrote 41 bytes to ecology
[dna] fire wrote 49 bytes to ecology
[dna] fire wrote 76 bytes to ecology
[dna] fire wrote 68 bytes to ecology
[dna] fire wrote 48 bytes to ecology
[dna] fire wrote 169 bytes to ecology
[debug-onto] tick=150 corpus=140648 stage=2 freeze=0
[dna] fire wrote 14 bytes to ecology
[dna] fire wrote 32 bytes to ecology
[dna] fire wrote 29 bytes to ecology
[dna] fire wrote 73 bytes to ecology
[dna] fire wrote 109 bytes to ecology
[dna] fire wrote 11 bytes to ecology
[dna] fire wrote 73 bytes to ecology
[dna] fire wrote 50 bytes to ecology
[dna] fire wrote 41 bytes to ecology
[dna] fire wrote 40 bytes to ecology
[dna] fire wrote 23 bytes to ecology
[dna] fire wrote 66 bytes to ecology
[dna] fire wrote 48 bytes to ecology
[dna] fire wrote 77 bytes to ecology
[dna] fire wrote 45 bytes to ecology
[dna] fire wrote 61 bytes to ecology
[dna] fire wrote 67 bytes to ecology
[debug-onto] tick=200 corpus=140648 stage=2 freeze=0
[dna] fire wrote 135 bytes to ecology
[dna] fire wrote 56 bytes to ecology
[dna] fire wrote 33 bytes to ecology
[dna] fire wrote 14 bytes to ecology
[dna] fire wrote 125 bytes to ecology
[dna] fire wrote 102 bytes to ecology
[dna] fire wrote 79 bytes to ecology
[dna] fire wrote 147 bytes to ecology
[dna] fire wrote 10 bytes to ecology
[dna] fire wrote 59 bytes to ecology
[dna] fire wrote 11 bytes to ecology
[dna] fire wrote 95 bytes to ecology
[dna] fire wrote 87 bytes to ecology
[dna] fire wrote 31 bytes to ecology
[dna] fire wrote 34 bytes to ecology
[dna] fire wrote 39 bytes to ecology
[dna] fire wrote 22 bytes to ecology
[debug-onto] tick=250 corpus=140648 stage=2 freeze=0
[dna] fire wrote 89 bytes to ecology
[dna] fire wrote 284 bytes to ecology
[dna] fire wrote 29 bytes to ecology
[dna] fire wrote 50 bytes to ecology
[dna] fire wrote 11 bytes to ecology
[dna] fire wrote 111 bytes to ecology
[dna] fire wrote 89 bytes to ecology
[dna] fire wrote 58 bytes to ecology
[dna] fire wrote 71 bytes to ecology
[dna] fire wrote 39 bytes to ecology
[dna] fire wrote 35 bytes to ecology
[dna] fire wrote 31 bytes to ecology
[dna] fire wrote 78 bytes to ecology
[dna] fire wrote 35 bytes to ecology
[dna] fire wrote 107 bytes to ecology
[dna] fire wrote 108 bytes to ecology
[debug-onto] tick=300 corpus=140648 stage=2 freeze=0
[dna] fire wrote 53 bytes to ecology
[dna] fire wrote 173 bytes to ecology
[dna] fire wrote 16 bytes to ecology
[dna] fire wrote 91 bytes to ecology
[dna] fire wrote 91 bytes to ecology
[dna] fire wrote 32 bytes to ecology
[dna] fire wrote 53 bytes to ecology
[dna] fire wrote 41 bytes to ecology
[dna] fire wrote 23 bytes to ecology
[dna] fire wrote 61 bytes to ecology
[dna] fire wrote 83 bytes to ecology
[dna] fire wrote 20 bytes to ecology
[dna] fire wrote 32 bytes to ecology
[dna] fire wrote 40 bytes to ecology
[dna] fire wrote 24 bytes to ecology
[dna] fire wrote 25 bytes to ecology
[dna] fire wrote 74 bytes to ecology
[debug-onto] tick=350 corpus=140648 stage=2 freeze=0
[dna] fire wrote 105 bytes to ecology
[dna] fire wrote 47 bytes to ecology
[dna] fire wrote 46 bytes to ecology
[dna] fire wrote 18 bytes to ecology
[dna] fire wrote 22 bytes to ecology
[dna] fire wrote 75 bytes to ecology
[dna] fire wrote 117 bytes to ecology
[dna] fire wrote 34 bytes to ecology
[dna] fire wrote 49 bytes to ecology
[dna] fire wrote 110 bytes to ecology
[dna] fire wrote 40 bytes to ecology
[dna] fire wrote 85 bytes to ecology
[dna] fire wrote 48 bytes to ecology
[dna] fire wrote 183 bytes to ecology
[dna] fire wrote 39 bytes to ecology
[dna] fire wrote 42 bytes to ecology
[dna] fire wrote 36 bytes to ecology
[debug-onto] tick=400 corpus=140648 stage=2 freeze=0
[dna] fire wrote 27 bytes to ecology
[dna] fire wrote 38 bytes to ecology
[dna] fire wrote 30 bytes to ecology
[dna] fire wrote 64 bytes to ecology
[dna] fire wrote 43 bytes to ecology
[dna] fire wrote 124 bytes to ecology
[dna] fire wrote 7 bytes to ecology
[dna] fire wrote 70 bytes to ecology
[dna] fire wrote 25 bytes to ecology
[dna] fire wrote 39 bytes to ecology
[dna] fire wrote 57 bytes to ecology
[dna] fire wrote 198 bytes to ecology
[dna] fire wrote 35 bytes to ecology
[dna] fire wrote 76 bytes to ecology
[dna] fire wrote 75 bytes to ecology
[dna] fire wrote 98 bytes to ecology
[debug-onto] tick=450 corpus=140648 stage=2 freeze=0
[dna] fire wrote 38 bytes to ecology
[dna] fire wrote 35 bytes to ecology
[dna] fire wrote 54 bytes to ecology
[dna] fire wrote 50 bytes to ecology
[dna] fire wrote 119 bytes to ecology
[dna] fire wrote 57 bytes to ecology
[dna] fire wrote 40 bytes to ecology
[dna] fire wrote 29 bytes to ecology
[dna] fire wrote 30 bytes to ecology
[dna] fire wrote 93 bytes to ecology
[dna] fire wrote 140 bytes to ecology
[dna] fire wrote 28 bytes to ecology
[dna] fire wrote 87 bytes to ecology
[dna] fire wrote 91 bytes to ecology
[dna] fire wrote 38 bytes to ecology
[dna] fire wrote 148 bytes to ecology
[dna] fire wrote 26 bytes to ecology
[debug-onto] tick=500 corpus=140648 stage=2 freeze=0
[dna] fire wrote 10 bytes to ecology
[dna] fire wrote 46 bytes to ecology
[dna] fire wrote 26 bytes to ecology
[dna] fire wrote 29 bytes to ecology
[dna] fire wrote 89 bytes to ecology
[dna] fire wrote 26 bytes to ecology
[dna] fire wrote 63 bytes to ecology
[dna] fire wrote 36 bytes to ecology
[dna] fire wrote 121 bytes to ecology
[dna] fire wrote 73 bytes to ecology
[dna] fire wrote 35 bytes to ecology
[dna] fire wrote 102 bytes to ecology
[dna] fire wrote 98 bytes to ecology
[dna] fire wrote 57 bytes to ecology
[dna] fire wrote 62 bytes to ecology
[dna] fire wrote 70 bytes to ecology
[dna] fire wrote 24 bytes to ecology
[debug-onto] tick=550 corpus=140648 stage=2 freeze=0
[dna] fire wrote 26 bytes to ecology
[dna] fire wrote 49 bytes to ecology
[dna] fire wrote 29 bytes to ecology
[dna] fire wrote 28 bytes to ecology
[dna] fire wrote 105 bytes to ecology
[dna] fire wrote 32 bytes to ecology
[dna] fire wrote 141 bytes to ecology
[dna] fire wrote 27 bytes to ecology
[dna] fire wrote 55 bytes to ecology
[dna] fire wrote 84 bytes to ecology
[dna] fire wrote 28 bytes to ecology
[dna] fire wrote 11 bytes to ecology
[dna] fire wrote 40 bytes to ecology
[dna] fire wrote 39 bytes to ecology
[dna] fire wrote 30 bytes to ecology
[dna] fire wrote 80 bytes to ecology
[debug-onto] tick=600 corpus=140648 stage=2 freeze=0
[dna] fire wrote 37 bytes to ecology
[dna] fire wrote 17 bytes to ecology
[dna] fire wrote 34 bytes to ecology
[dna] fire wrote 15 bytes to ecology
[dna] fire wrote 14 bytes to ecology
[dna] fire wrote 107 bytes to ecology
[dna] fire wrote 64 bytes to ecology
[dna] fire wrote 41 bytes to ecology
[dna] fire wrote 68 bytes to ecology
[dna] fire wrote 28 bytes to ecology
[dna] fire wrote 88 bytes to ecology
[dna] fire wrote 30 bytes to ecology
[dna] fire wrote 43 bytes to ecology
[dna] fire wrote 53 bytes to ecology
[dna] fire wrote 46 bytes to ecology
[dna] fire wrote 37 bytes to ecology
[dna] fire wrote 56 bytes to ecology
[debug-onto] tick=650 corpus=140648 stage=2 freeze=0
[dna] fire wrote 33 bytes to ecology
[dna] fire wrote 77 bytes to ecology
[dna] fire wrote 64 bytes to ecology
[dna] fire wrote 35 bytes to ecology
[dna] fire wrote 125 bytes to ecology
[dna] fire wrote 21 bytes to ecology
[dna] fire wrote 75 bytes to ecology
[dna] fire wrote 44 bytes to ecology
[dna] fire wrote 15 bytes to ecology
[dna] fire wrote 71 bytes to ecology
[dna] fire wrote 28 bytes to ecology
[dna] fire wrote 26 bytes to ecology
[dna] fire wrote 42 bytes to ecology

[evolution] Organism shutting down gracefully.
