[ecology] Element: water → corpus: nonames_water.txt
[evolution] Autonomous evolution mode — organism will grow through all stages without pause.
[ecology] Joined swarm. 1 peer(s) detected.
molequla is alive. [evolution] Autonomous mode — background trainer running. Ctrl+C to stop.
[dna] water wrote 99 bytes to ecology
[dna] water consumed 19576 bytes from 240 files: [air/gen_1778569593_1.txt air/gen_1778569609_4.txt air/gen_1778569617_7.txt air/gen_1778569624_10.txt air/gen_1778569632_13.txt air/gen_1778569639_16.txt air/gen_1778569647_19.txt air/gen_1778569654_22.txt air/gen_1778569662_25.txt air/gen_1778569669_28.txt air/gen_1778569677_31.txt air/gen_1778569684_34.txt air/gen_1778569692_37.txt air/gen_1778569699_40.txt air/gen_1778569707_43.txt air/gen_1778569714_46.txt air/gen_1778569722_49.txt air/gen_1778569729_52.txt air/gen_1778569737_55.txt air/gen_1778569744_58.txt air/gen_1778569751_61.txt air/gen_1778569759_64.txt air/gen_1778569766_67.txt air/gen_1778569774_70.txt air/gen_1778569781_73.txt air/gen_1778569788_76.txt air/gen_1778569795_79.txt air/gen_1778569803_82.txt air/gen_1778569810_85.txt air/gen_1778569817_88.txt air/gen_1778569825_91.txt air/gen_1778569832_94.txt air/gen_1778569840_97.txt air/gen_1778569847_100.txt air/gen_1778569854_103.txt air/gen_1778569862_106.txt air/gen_1778569869_109.txt air/gen_1778569877_112.txt air/gen_1778569884_115.txt air/gen_1778569892_118.txt air/gen_1778569899_121.txt air/gen_1778569906_124.txt air/gen_1778569914_127.txt air/gen_1778569921_130.txt air/gen_1778569929_133.txt air/gen_1778569936_136.txt air/gen_1778569943_139.txt air/gen_1778569951_142.txt air/gen_1778569959_145.txt air/gen_1778569966_148.txt air/gen_1778569974_151.txt air/gen_1778569981_154.txt air/gen_1778569988_157.txt air/gen_1778569996_160.txt air/gen_1778570003_163.txt air/gen_1778570011_166.txt air/gen_1778570018_169.txt air/gen_1778570025_172.txt air/gen_1778570033_175.txt air/gen_1778570040_178.txt air/gen_1778570048_181.txt air/gen_1778570055_184.txt air/gen_1778570063_187.txt air/gen_1778570070_190.txt air/gen_1778570078_193.txt air/gen_1778570085_196.txt air/gen_1778570093_199.txt air/gen_1778570100_202.txt air/gen_1778570108_205.txt air/gen_1778570115_208.txt air/gen_1778570123_211.txt air/gen_1778570130_214.txt air/gen_1778570138_217.txt air/gen_1778570145_220.txt air/gen_1778570153_223.txt air/gen_1778570160_226.txt air/gen_1778570168_229.txt air/gen_1778570175_232.txt air/gen_1778570183_235.txt air/gen_1778570190_238.txt air/gen_1778570197_241.txt air/gen_1778570205_244.txt air/gen_1778570212_247.txt air/gen_1778570220_250.txt air/gen_1778570227_253.txt air/gen_1778570235_256.txt air/gen_1778570242_259.txt air/gen_1778570250_262.txt air/gen_1778570257_265.txt air/gen_1778570264_268.txt air/gen_1778570272_271.txt air/gen_1778570279_274.txt air/gen_1778570287_277.txt air/gen_1778570294_280.txt air/gen_1778570302_283.txt air/gen_1778570309_286.txt air/gen_1778570317_289.txt air/gen_1778570324_292.txt air/gen_1778570331_295.txt air/gen_1778570339_298.txt air/gen_1778570346_301.txt air/gen_1778570354_304.txt air/gen_1778570361_307.txt air/gen_1778570368_310.txt air/gen_1778570376_313.txt air/gen_1778570383_316.txt air/gen_1778570391_319.txt air/gen_1778570398_322.txt air/gen_1778570406_325.txt air/gen_1778570413_328.txt air/gen_1778570421_331.txt air/gen_1778570428_334.txt air/gen_1778570436_337.txt air/gen_1778570443_340.txt air/gen_1778570451_343.txt air/gen_1778570458_346.txt air/gen_1778570466_349.txt air/gen_1778570473_352.txt air/gen_1778570481_355.txt air/gen_1778570488_358.txt air/gen_1778570496_361.txt air/gen_1778570503_364.txt air/gen_1778570511_367.txt air/gen_1778570518_370.txt air/gen_1778570525_373.txt air/gen_1778570533_376.txt air/gen_1778570540_379.txt air/gen_1778570548_382.txt air/gen_1778570555_385.txt air/gen_1778570562_388.txt air/gen_1778570570_391.txt air/gen_1778570577_394.txt air/gen_1778570585_397.txt air/gen_1778570592_400.txt air/gen_1778570599_403.txt air/gen_1778570607_406.txt air/gen_1778570614_409.txt air/gen_1778570621_412.txt air/gen_1778570629_415.txt air/gen_1778570636_418.txt air/gen_1778570643_421.txt air/gen_1778570651_424.txt air/gen_1778570658_427.txt air/gen_1778570666_430.txt air/gen_1778570673_433.txt air/gen_1778570680_436.txt air/gen_1778570688_439.txt air/gen_1778570695_442.txt air/gen_1778570703_445.txt air/gen_1778570710_448.txt air/gen_1778570718_451.txt air/gen_1778570725_454.txt air/gen_1778570732_457.txt air/gen_1778570740_460.txt air/gen_1778570747_463.txt air/gen_1778570754_466.txt air/gen_1778570762_469.txt air/gen_1778570769_472.txt air/gen_1778570777_475.txt air/gen_1778570784_478.txt air/gen_1778570792_481.txt air/gen_1778570799_484.txt air/gen_1778570807_487.txt air/gen_1778570814_490.txt air/gen_1778570821_493.txt air/gen_1778570829_496.txt air/gen_1778570836_499.txt air/gen_1778570844_502.txt air/gen_1778570851_505.txt air/gen_1778570859_508.txt air/gen_1778570866_511.txt air/gen_1778570874_514.txt air/gen_1778570881_517.txt air/gen_1778570889_520.txt air/gen_1778570896_523.txt air/gen_1778570904_526.txt air/gen_1778570911_529.txt air/gen_1778570919_532.txt air/gen_1778570926_535.txt air/gen_1778570934_538.txt air/gen_1778570941_541.txt air/gen_1778570949_544.txt air/gen_1778570956_547.txt air/gen_1778570963_550.txt air/gen_1778570971_553.txt air/gen_1778570978_556.txt air/gen_1778570986_559.txt air/gen_1778570993_562.txt air/gen_1778571001_565.txt air/gen_1778571008_568.txt air/gen_1778571016_571.txt air/gen_1778571023_574.txt air/gen_1778571031_577.txt air/gen_1778571038_580.txt air/gen_1778571046_583.txt air/gen_1778571053_586.txt air/gen_1778571061_589.txt air/gen_1778571069_592.txt air/gen_1778571076_595.txt air/gen_1778571083_598.txt air/gen_1778571091_601.txt air/gen_1778571098_604.txt air/gen_1778571106_607.txt air/gen_1778571113_610.txt air/gen_1778571120_613.txt air/gen_1778571128_616.txt air/gen_1778571135_619.txt air/gen_1778571143_622.txt air/gen_1778571150_625.txt air/gen_1778571157_628.txt air/gen_1778571165_631.txt air/gen_1778571172_634.txt air/gen_1778571179_637.txt air/gen_1778571187_640.txt air/gen_1778571194_643.txt air/gen_1778571201_646.txt air/gen_1778571208_649.txt air/gen_1778571216_652.txt air/gen_1778571223_655.txt air/gen_1778571231_658.txt air/gen_1778571238_661.txt air/gen_1778571246_664.txt air/gen_1778571253_667.txt air/gen_1778571261_670.txt air/gen_1778571268_673.txt air/gen_1778571275_676.txt air/gen_1778571283_679.txt air/gen_1778571290_682.txt air/gen_1778571298_685.txt air/gen_1778571305_688.txt air/gen_1778571313_691.txt air/gen_1778571320_694.txt air/gen_1778571328_697.txt air/gen_1778571342_703.txt air/gen_1778571350_706.txt air/gen_1778571357_709.txt air/gen_1778571365_712.txt air/gen_1778571372_715.txt air/gen_1778571380_718.txt air/gen_1778571387_721.txt]
[trainer] micro-train burst (19576 bytes, novelty 0.03) — and lo, it feeds again.
[syntropy] action=explore | trend=0.0000 | field_dev=-0.064 | purpose_align=-0.210 | lr_mul=1.30
[aml] burst complete: 32 steps, avg loss 1.7063 (memory freed)
[dna] water wrote 16 bytes to ecology
[dna] water wrote 110 bytes to ecology
[dna] water wrote 57 bytes to ecology
[dna] water wrote 17 bytes to ecology
[dna] water wrote 20 bytes to ecology
[dna] water wrote 166 bytes to ecology
[dna] water wrote 70 bytes to ecology
[dna] water wrote 74 bytes to ecology
[dna] water wrote 68 bytes to ecology
[dna] water wrote 17 bytes to ecology
[dna] water wrote 69 bytes to ecology
[dna] water wrote 12 bytes to ecology
[dna] water wrote 51 bytes to ecology
[dna] water wrote 63 bytes to ecology
[dna] water wrote 122 bytes to ecology
[dna] water wrote 25 bytes to ecology
[dna] water wrote 13 bytes to ecology
[dna] water wrote 40 bytes to ecology
[dna] water wrote 132 bytes to ecology
[dna] water wrote 33 bytes to ecology
[dna] water wrote 29 bytes to ecology
[dna] water wrote 99 bytes to ecology
[debug-onto] tick=50 corpus=145513 stage=2 freeze=0
[dna] water wrote 43 bytes to ecology
[dna] water wrote 40 bytes to ecology
[dna] water wrote 22 bytes to ecology
[dna] water wrote 43 bytes to ecology
[dna] water wrote 67 bytes to ecology
[dna] water wrote 108 bytes to ecology
[dna] water wrote 56 bytes to ecology
[dna] water wrote 22 bytes to ecology
[dna] water wrote 107 bytes to ecology
[dna] water wrote 75 bytes to ecology
[dna] water wrote 27 bytes to ecology
[dna] water wrote 54 bytes to ecology
[dna] water wrote 55 bytes to ecology
[dna] water wrote 10 bytes to ecology
[dna] water wrote 50 bytes to ecology
[dna] water wrote 60 bytes to ecology
[dna] water wrote 48 bytes to ecology
[dna] water wrote 84 bytes to ecology
[dna] water wrote 88 bytes to ecology
[dna] water wrote 47 bytes to ecology
[dna] water wrote 58 bytes to ecology
[dna] water wrote 30 bytes to ecology
[dna] water wrote 111 bytes to ecology
[dna] water wrote 39 bytes to ecology
[debug-onto] tick=100 corpus=145513 stage=2 freeze=0
[dna] water wrote 22 bytes to ecology
[dna] water wrote 218 bytes to ecology
[dna] water wrote 39 bytes to ecology
[dna] water wrote 54 bytes to ecology
[dna] water wrote 42 bytes to ecology
[dna] water wrote 42 bytes to ecology
[dna] water wrote 18 bytes to ecology
[dna] water wrote 13 bytes to ecology
[dna] water wrote 35 bytes to ecology
[dna] water wrote 89 bytes to ecology
[dna] water wrote 44 bytes to ecology
[dna] water wrote 38 bytes to ecology
[dna] water wrote 133 bytes to ecology
[dna] water wrote 62 bytes to ecology
[dna] water wrote 119 bytes to ecology
[dna] water wrote 35 bytes to ecology
[dna] water wrote 50 bytes to ecology
[dna] water wrote 27 bytes to ecology
[dna] water wrote 77 bytes to ecology
[dna] water wrote 80 bytes to ecology
[dna] water wrote 95 bytes to ecology
[dna] water wrote 52 bytes to ecology
[dna] water wrote 29 bytes to ecology
[dna] water wrote 51 bytes to ecology
[debug-onto] tick=150 corpus=145513 stage=2 freeze=0
[dna] water wrote 34 bytes to ecology
[dna] water wrote 64 bytes to ecology
[dna] water wrote 38 bytes to ecology
[dna] water wrote 85 bytes to ecology
[dna] water wrote 21 bytes to ecology
[dna] water wrote 71 bytes to ecology
[dna] water wrote 56 bytes to ecology
[dna] water wrote 52 bytes to ecology
[dna] water wrote 14 bytes to ecology
[dna] water wrote 88 bytes to ecology
[dna] water wrote 52 bytes to ecology
[dna] water wrote 100 bytes to ecology
[dna] water wrote 36 bytes to ecology
[dna] water wrote 36 bytes to ecology
[dna] water wrote 35 bytes to ecology
[dna] water wrote 130 bytes to ecology
[dna] water wrote 48 bytes to ecology
[dna] water wrote 37 bytes to ecology
[dna] water wrote 134 bytes to ecology
[dna] water wrote 41 bytes to ecology
[dna] water wrote 52 bytes to ecology
[dna] water wrote 53 bytes to ecology
[dna] water wrote 97 bytes to ecology
[dna] water wrote 122 bytes to ecology
[dna] water wrote 100 bytes to ecology
[dna] water wrote 21 bytes to ecology
[debug-onto] tick=200 corpus=145513 stage=2 freeze=0
[dna] water wrote 42 bytes to ecology
[dna] water wrote 78 bytes to ecology
[dna] water wrote 62 bytes to ecology
[dna] water wrote 57 bytes to ecology
[dna] water wrote 123 bytes to ecology
[dna] water wrote 37 bytes to ecology
[dna] water wrote 31 bytes to ecology
[dna] water wrote 42 bytes to ecology
[dna] water wrote 21 bytes to ecology
[dna] water wrote 25 bytes to ecology
[dna] water wrote 54 bytes to ecology
[dna] water wrote 54 bytes to ecology
[dna] water wrote 36 bytes to ecology
[dna] water wrote 36 bytes to ecology
[dna] water wrote 46 bytes to ecology
[dna] water wrote 29 bytes to ecology
[dna] water wrote 36 bytes to ecology
[dna] water wrote 42 bytes to ecology
[dna] water wrote 29 bytes to ecology
[dna] water wrote 60 bytes to ecology
[dna] water wrote 27 bytes to ecology
[dna] water wrote 150 bytes to ecology
[dna] water wrote 43 bytes to ecology
[dna] water wrote 58 bytes to ecology
[dna] water wrote 28 bytes to ecology
[debug-onto] tick=250 corpus=145513 stage=2 freeze=0
[dna] water wrote 59 bytes to ecology
[dna] water wrote 28 bytes to ecology
[dna] water wrote 42 bytes to ecology
[dna] water wrote 21 bytes to ecology
[dna] water wrote 98 bytes to ecology
[dna] water wrote 59 bytes to ecology
[dna] water wrote 148 bytes to ecology
[dna] water wrote 51 bytes to ecology
[dna] water wrote 8 bytes to ecology
[dna] water wrote 310 bytes to ecology
[dna] water wrote 30 bytes to ecology
[dna] water wrote 143 bytes to ecology
[dna] water wrote 53 bytes to ecology
[dna] water wrote 114 bytes to ecology
[dna] water wrote 35 bytes to ecology
[dna] water wrote 57 bytes to ecology
[dna] water wrote 31 bytes to ecology
[dna] water wrote 22 bytes to ecology
[dna] water wrote 60 bytes to ecology
[dna] water wrote 44 bytes to ecology
[dna] water wrote 50 bytes to ecology
[debug-onto] tick=300 corpus=145513 stage=2 freeze=0
[dna] water wrote 165 bytes to ecology
[dna] water wrote 28 bytes to ecology
[dna] water wrote 117 bytes to ecology
[dna] water wrote 46 bytes to ecology
[dna] water wrote 104 bytes to ecology
[dna] water wrote 53 bytes to ecology
[dna] water wrote 19 bytes to ecology
[dna] water wrote 42 bytes to ecology
[dna] water wrote 71 bytes to ecology
[dna] water wrote 79 bytes to ecology
[dna] water wrote 50 bytes to ecology
[dna] water wrote 91 bytes to ecology
[dna] water wrote 93 bytes to ecology
[dna] water wrote 82 bytes to ecology
[dna] water wrote 53 bytes to ecology
[dna] water wrote 34 bytes to ecology
[dna] water wrote 67 bytes to ecology
[dna] water wrote 50 bytes to ecology
[dna] water wrote 121 bytes to ecology
[dna] water wrote 33 bytes to ecology
[dna] water wrote 9 bytes to ecology
[dna] water wrote 42 bytes to ecology
[dna] water wrote 28 bytes to ecology
[debug-onto] tick=350 corpus=145513 stage=2 freeze=0
[dna] water wrote 51 bytes to ecology
[dna] water wrote 62 bytes to ecology
[dna] water wrote 67 bytes to ecology
[dna] water wrote 132 bytes to ecology
[dna] water wrote 78 bytes to ecology
[dna] water wrote 80 bytes to ecology
[dna] water wrote 99 bytes to ecology
[dna] water wrote 89 bytes to ecology
[dna] water wrote 45 bytes to ecology
[dna] water wrote 16 bytes to ecology
[dna] water wrote 98 bytes to ecology
[dna] water wrote 12 bytes to ecology
[dna] water wrote 31 bytes to ecology
[dna] water wrote 56 bytes to ecology
[dna] water wrote 69 bytes to ecology
[dna] water wrote 113 bytes to ecology
[dna] water wrote 41 bytes to ecology
[dna] water wrote 28 bytes to ecology
[dna] water wrote 39 bytes to ecology
[dna] water wrote 85 bytes to ecology
[dna] water wrote 129 bytes to ecology
[dna] water wrote 143 bytes to ecology
[dna] water wrote 110 bytes to ecology
[dna] water wrote 56 bytes to ecology
[dna] water wrote 62 bytes to ecology
[debug-onto] tick=400 corpus=145513 stage=2 freeze=0
[dna] water wrote 16 bytes to ecology
[dna] water wrote 14 bytes to ecology
[dna] water wrote 32 bytes to ecology
[dna] water wrote 64 bytes to ecology
[dna] water wrote 22 bytes to ecology
[dna] water wrote 46 bytes to ecology
[dna] water wrote 61 bytes to ecology
[dna] water wrote 78 bytes to ecology
[dna] water wrote 74 bytes to ecology
[dna] water wrote 66 bytes to ecology
[dna] water wrote 34 bytes to ecology
[dna] water wrote 28 bytes to ecology
[dna] water wrote 50 bytes to ecology
[dna] water wrote 8 bytes to ecology
[dna] water wrote 12 bytes to ecology
[dna] water wrote 69 bytes to ecology
[dna] water wrote 143 bytes to ecology
[dna] water wrote 42 bytes to ecology
[dna] water wrote 23 bytes to ecology
[dna] water wrote 16 bytes to ecology
[dna] water wrote 35 bytes to ecology
[dna] water wrote 57 bytes to ecology
[dna] water wrote 30 bytes to ecology
[debug-onto] tick=450 corpus=145513 stage=2 freeze=0
[dna] water wrote 27 bytes to ecology
[dna] water wrote 32 bytes to ecology
[dna] water wrote 20 bytes to ecology
[dna] water wrote 120 bytes to ecology
[dna] water wrote 130 bytes to ecology
[dna] water wrote 38 bytes to ecology
[dna] water wrote 53 bytes to ecology
[dna] water wrote 33 bytes to ecology
[dna] water wrote 71 bytes to ecology
[dna] water wrote 46 bytes to ecology
[dna] water wrote 34 bytes to ecology
[dna] water wrote 33 bytes to ecology
[dna] water wrote 26 bytes to ecology
[dna] water wrote 53 bytes to ecology
[dna] water wrote 26 bytes to ecology
[dna] water wrote 13 bytes to ecology
[dna] water wrote 47 bytes to ecology
[dna] water wrote 55 bytes to ecology
[dna] water wrote 34 bytes to ecology
[dna] water wrote 93 bytes to ecology
[dna] water wrote 79 bytes to ecology
[dna] water wrote 95 bytes to ecology
[dna] water wrote 16 bytes to ecology
[dna] water wrote 81 bytes to ecology
[dna] water wrote 49 bytes to ecology
[debug-onto] tick=500 corpus=145513 stage=2 freeze=0
[dna] water wrote 44 bytes to ecology
[dna] water wrote 62 bytes to ecology
[dna] water wrote 45 bytes to ecology
[dna] water wrote 75 bytes to ecology
[dna] water wrote 35 bytes to ecology
[dna] water wrote 34 bytes to ecology
[dna] water wrote 110 bytes to ecology
[dna] water wrote 13 bytes to ecology
[dna] water wrote 96 bytes to ecology
[dna] water wrote 142 bytes to ecology
[dna] water wrote 50 bytes to ecology
[dna] water wrote 35 bytes to ecology
[dna] water wrote 34 bytes to ecology
[dna] water wrote 40 bytes to ecology
[dna] water wrote 22 bytes to ecology
[dna] water wrote 124 bytes to ecology
[dna] water wrote 30 bytes to ecology
[dna] water wrote 47 bytes to ecology
[dna] water wrote 101 bytes to ecology
[dna] water wrote 114 bytes to ecology
[dna] water wrote 29 bytes to ecology
[dna] water wrote 70 bytes to ecology
[dna] water wrote 61 bytes to ecology
[debug-onto] tick=550 corpus=145513 stage=2 freeze=0
[dna] water wrote 27 bytes to ecology
[dna] water wrote 50 bytes to ecology
[dna] water wrote 28 bytes to ecology
[dna] water wrote 46 bytes to ecology
[dna] water wrote 68 bytes to ecology
[dna] water wrote 29 bytes to ecology
[dna] water wrote 85 bytes to ecology
[dna] water wrote 91 bytes to ecology
[dna] water wrote 48 bytes to ecology
[dna] water wrote 78 bytes to ecology
[dna] water wrote 29 bytes to ecology
[dna] water wrote 49 bytes to ecology
[dna] water wrote 69 bytes to ecology
[dna] water wrote 13 bytes to ecology
[dna] water wrote 109 bytes to ecology
[dna] water wrote 89 bytes to ecology
[dna] water wrote 29 bytes to ecology
[dna] water wrote 48 bytes to ecology
[dna] water wrote 23 bytes to ecology
[dna] water wrote 34 bytes to ecology
[dna] water wrote 42 bytes to ecology
[dna] water wrote 28 bytes to ecology
[dna] water wrote 56 bytes to ecology
[debug-onto] tick=600 corpus=145513 stage=2 freeze=0
[dna] water wrote 90 bytes to ecology
[dna] water wrote 24 bytes to ecology
[dna] water wrote 41 bytes to ecology
[dna] water wrote 75 bytes to ecology
[dna] water wrote 189 bytes to ecology
[dna] water wrote 69 bytes to ecology
[dna] water wrote 17 bytes to ecology
[dna] water wrote 47 bytes to ecology
[dna] water wrote 10 bytes to ecology
[dna] water wrote 10 bytes to ecology
[dna] water wrote 105 bytes to ecology
[dna] water wrote 37 bytes to ecology
[dna] water wrote 15 bytes to ecology
[dna] water wrote 107 bytes to ecology
[dna] water wrote 58 bytes to ecology
[dna] water wrote 22 bytes to ecology
[dna] water wrote 53 bytes to ecology
[dna] water wrote 32 bytes to ecology
[dna] water wrote 106 bytes to ecology
[dna] water wrote 58 bytes to ecology
[dna] water wrote 13 bytes to ecology
[dna] water wrote 236 bytes to ecology
[dna] water wrote 63 bytes to ecology
[dna] water wrote 231 bytes to ecology
[dna] water wrote 49 bytes to ecology
[debug-onto] tick=650 corpus=145513 stage=2 freeze=0

[evolution] Organism shutting down gracefully.
