[ecology] Element: air → corpus: nonames_air.txt
[evolution] Autonomous evolution mode — organism will grow through all stages without pause.
[ecology] Joined swarm. 1 peer(s) detected.
molequla is alive. [evolution] Autonomous mode — background trainer running. Ctrl+C to stop.
[dna] air wrote 55 bytes to ecology
[dna] air consumed 16736 bytes from 224 files: [earth/gen_1778394783_1.txt earth/gen_1778394791_4.txt earth/gen_1778394799_7.txt earth/gen_1778394807_10.txt earth/gen_1778394815_13.txt earth/gen_1778394823_16.txt earth/gen_1778394830_19.txt earth/gen_1778394838_22.txt earth/gen_1778394846_25.txt earth/gen_1778394854_28.txt earth/gen_1778394862_31.txt earth/gen_1778394869_34.txt earth/gen_1778394877_37.txt earth/gen_1778394885_40.txt earth/gen_1778394893_43.txt earth/gen_1778394900_46.txt earth/gen_1778394908_49.txt earth/gen_1778394916_52.txt earth/gen_1778394924_55.txt earth/gen_1778394931_58.txt earth/gen_1778394939_61.txt earth/gen_1778394947_64.txt earth/gen_1778394955_67.txt earth/gen_1778394963_70.txt earth/gen_1778394971_73.txt earth/gen_1778394979_76.txt earth/gen_1778394987_79.txt earth/gen_1778394995_82.txt earth/gen_1778395002_85.txt earth/gen_1778395010_88.txt earth/gen_1778395018_91.txt earth/gen_1778395026_94.txt earth/gen_1778395041_100.txt earth/gen_1778395049_103.txt earth/gen_1778395056_106.txt earth/gen_1778395064_109.txt earth/gen_1778395072_112.txt earth/gen_1778395080_115.txt earth/gen_1778395088_118.txt earth/gen_1778395096_121.txt earth/gen_1778395103_124.txt earth/gen_1778395111_127.txt earth/gen_1778395119_130.txt earth/gen_1778395127_133.txt earth/gen_1778395135_136.txt earth/gen_1778395143_139.txt earth/gen_1778395151_142.txt earth/gen_1778395159_145.txt earth/gen_1778395167_148.txt earth/gen_1778395175_151.txt earth/gen_1778395183_154.txt earth/gen_1778395190_157.txt earth/gen_1778395198_160.txt earth/gen_1778395206_163.txt earth/gen_1778395213_166.txt earth/gen_1778395221_169.txt earth/gen_1778395229_172.txt earth/gen_1778395237_175.txt earth/gen_1778395244_178.txt earth/gen_1778395252_181.txt earth/gen_1778395260_184.txt earth/gen_1778395268_187.txt earth/gen_1778395276_190.txt earth/gen_1778395283_193.txt earth/gen_1778395291_196.txt earth/gen_1778395299_199.txt earth/gen_1778395307_202.txt earth/gen_1778395314_205.txt earth/gen_1778395322_208.txt earth/gen_1778395330_211.txt earth/gen_1778395338_214.txt earth/gen_1778395346_217.txt earth/gen_1778395354_220.txt earth/gen_1778395361_223.txt earth/gen_1778395369_226.txt earth/gen_1778395377_229.txt earth/gen_1778395385_232.txt earth/gen_1778395392_235.txt earth/gen_1778395400_238.txt earth/gen_1778395408_241.txt earth/gen_1778395416_244.txt earth/gen_1778395424_247.txt earth/gen_1778395432_250.txt earth/gen_1778395440_253.txt earth/gen_1778395448_256.txt earth/gen_1778395455_259.txt earth/gen_1778395463_262.txt earth/gen_1778395471_265.txt earth/gen_1778395479_268.txt earth/gen_1778395487_271.txt earth/gen_1778395494_274.txt earth/gen_1778395502_277.txt earth/gen_1778395510_280.txt earth/gen_1778395518_283.txt earth/gen_1778395525_286.txt earth/gen_1778395533_289.txt earth/gen_1778395541_292.txt earth/gen_1778395549_295.txt earth/gen_1778395556_298.txt earth/gen_1778395564_301.txt earth/gen_1778395572_304.txt earth/gen_1778395580_307.txt earth/gen_1778395587_310.txt earth/gen_1778395595_313.txt earth/gen_1778395603_316.txt earth/gen_1778395611_319.txt earth/gen_1778395618_322.txt earth/gen_1778395626_325.txt earth/gen_1778395634_328.txt earth/gen_1778395642_331.txt earth/gen_1778395649_334.txt earth/gen_1778395657_337.txt earth/gen_1778395665_340.txt earth/gen_1778395673_343.txt earth/gen_1778395680_346.txt earth/gen_1778395688_349.txt earth/gen_1778395696_352.txt earth/gen_1778395704_355.txt earth/gen_1778395712_358.txt earth/gen_1778395719_361.txt earth/gen_1778395727_364.txt earth/gen_1778395735_367.txt earth/gen_1778395743_370.txt earth/gen_1778395759_376.txt earth/gen_1778395767_379.txt earth/gen_1778395774_382.txt earth/gen_1778395782_385.txt earth/gen_1778395790_388.txt earth/gen_1778395798_391.txt earth/gen_1778395806_394.txt earth/gen_1778395813_397.txt earth/gen_1778395821_400.txt earth/gen_1778395829_403.txt earth/gen_1778395836_406.txt earth/gen_1778395844_409.txt earth/gen_1778395852_412.txt earth/gen_1778395860_415.txt earth/gen_1778395868_418.txt earth/gen_1778395876_421.txt earth/gen_1778395883_424.txt earth/gen_1778395891_427.txt earth/gen_1778395899_430.txt earth/gen_1778395907_433.txt earth/gen_1778395914_436.txt earth/gen_1778395922_439.txt earth/gen_1778395930_442.txt earth/gen_1778395938_445.txt earth/gen_1778395945_448.txt earth/gen_1778395953_451.txt earth/gen_1778395961_454.txt earth/gen_1778395969_457.txt earth/gen_1778395977_460.txt earth/gen_1778395985_463.txt earth/gen_1778395993_466.txt earth/gen_1778396001_469.txt earth/gen_1778396008_472.txt earth/gen_1778396016_475.txt earth/gen_1778396024_478.txt earth/gen_1778396032_481.txt earth/gen_1778396039_484.txt earth/gen_1778396047_487.txt earth/gen_1778396055_490.txt earth/gen_1778396063_493.txt earth/gen_1778396071_496.txt earth/gen_1778396079_499.txt earth/gen_1778396087_502.txt earth/gen_1778396095_505.txt earth/gen_1778396102_508.txt earth/gen_1778396110_511.txt earth/gen_1778396118_514.txt earth/gen_1778396126_517.txt earth/gen_1778396134_520.txt earth/gen_1778396142_523.txt earth/gen_1778396149_526.txt earth/gen_1778396157_529.txt earth/gen_1778396165_532.txt earth/gen_1778396173_535.txt earth/gen_1778396181_538.txt earth/gen_1778396189_541.txt earth/gen_1778396197_544.txt earth/gen_1778396204_547.txt earth/gen_1778396212_550.txt earth/gen_1778396220_553.txt earth/gen_1778396228_556.txt earth/gen_1778396236_559.txt earth/gen_1778396244_562.txt earth/gen_1778396252_565.txt earth/gen_1778396259_568.txt earth/gen_1778396267_571.txt earth/gen_1778396275_574.txt earth/gen_1778396283_577.txt earth/gen_1778396290_580.txt earth/gen_1778396298_583.txt earth/gen_1778396306_586.txt earth/gen_1778396314_589.txt earth/gen_1778396321_592.txt earth/gen_1778396329_595.txt earth/gen_1778396345_601.txt earth/gen_1778396353_604.txt earth/gen_1778396360_607.txt earth/gen_1778396368_610.txt earth/gen_1778396376_613.txt earth/gen_1778396383_616.txt earth/gen_1778396391_619.txt earth/gen_1778396399_622.txt earth/gen_1778396407_625.txt earth/gen_1778396414_628.txt earth/gen_1778396422_631.txt earth/gen_1778396430_634.txt earth/gen_1778396438_637.txt earth/gen_1778396446_640.txt earth/gen_1778396454_643.txt earth/gen_1778396462_646.txt earth/gen_1778396470_649.txt earth/gen_1778396478_652.txt earth/gen_1778396486_655.txt earth/gen_1778396494_658.txt earth/gen_1778396502_661.txt earth/gen_1778396510_664.txt earth/gen_1778396518_667.txt earth/gen_1778396526_670.txt earth/gen_1778396534_673.txt earth/gen_1778396541_676.txt earth/gen_1778396549_679.txt]
[trainer] micro-train burst (16736 bytes, novelty 0.04) — and lo, it feeds again.
[syntropy] action=explore | trend=0.0000 | field_dev=0.033 | purpose_align=-0.174 | lr_mul=1.30
[aml] burst complete: 32 steps, avg loss 2.3003 (memory freed)
[dna] air wrote 48 bytes to ecology
[dna] air wrote 27 bytes to ecology
[dna] air wrote 33 bytes to ecology
[dna] air wrote 252 bytes to ecology
[dna] air wrote 43 bytes to ecology
[dna] air wrote 28 bytes to ecology
[dna] air wrote 56 bytes to ecology
[dna] air wrote 11 bytes to ecology
[dna] air wrote 23 bytes to ecology
[dna] air wrote 46 bytes to ecology
[dna] air wrote 93 bytes to ecology
[dna] air wrote 14 bytes to ecology
[dna] air wrote 144 bytes to ecology
[dna] air wrote 7 bytes to ecology
[dna] air wrote 117 bytes to ecology
[dna] air wrote 50 bytes to ecology
[debug-onto] tick=50 corpus=139276 stage=2 freeze=0
[dna] air wrote 41 bytes to ecology
[dna] air wrote 52 bytes to ecology
[dna] air wrote 38 bytes to ecology
[dna] air wrote 42 bytes to ecology
[dna] air wrote 13 bytes to ecology
[dna] air wrote 26 bytes to ecology
[dna] air wrote 68 bytes to ecology
[dna] air wrote 138 bytes to ecology
[dna] air wrote 28 bytes to ecology
[dna] air wrote 315 bytes to ecology
[dna] air wrote 39 bytes to ecology
[dna] air wrote 36 bytes to ecology
[dna] air wrote 53 bytes to ecology
[dna] air wrote 95 bytes to ecology
[dna] air wrote 33 bytes to ecology
[dna] air wrote 29 bytes to ecology
[dna] air wrote 13 bytes to ecology
[debug-onto] tick=100 corpus=139276 stage=2 freeze=0
[dna] air wrote 9 bytes to ecology
[dna] air wrote 114 bytes to ecology
[dna] air wrote 35 bytes to ecology
[dna] air wrote 45 bytes to ecology
[dna] air wrote 58 bytes to ecology
[dna] air wrote 72 bytes to ecology
[dna] air wrote 43 bytes to ecology
[dna] air wrote 44 bytes to ecology
[dna] air wrote 43 bytes to ecology
[dna] air wrote 71 bytes to ecology
[dna] air wrote 36 bytes to ecology
[dna] air wrote 32 bytes to ecology
[dna] air wrote 60 bytes to ecology
[dna] air wrote 51 bytes to ecology
[dna] air wrote 35 bytes to ecology
[dna] air wrote 32 bytes to ecology
[debug-onto] tick=150 corpus=139276 stage=2 freeze=0
[dna] air wrote 105 bytes to ecology
[dna] air wrote 158 bytes to ecology
[dna] air wrote 67 bytes to ecology
[dna] air wrote 22 bytes to ecology
[dna] air wrote 24 bytes to ecology
[dna] air wrote 328 bytes to ecology
[dna] air wrote 41 bytes to ecology
[dna] air wrote 52 bytes to ecology
[dna] air wrote 85 bytes to ecology
[dna] air wrote 51 bytes to ecology
[dna] air wrote 33 bytes to ecology
[dna] air wrote 60 bytes to ecology
[dna] air wrote 109 bytes to ecology
[dna] air wrote 76 bytes to ecology
[dna] air wrote 241 bytes to ecology
[dna] air wrote 43 bytes to ecology
[dna] air wrote 85 bytes to ecology
[debug-onto] tick=200 corpus=139276 stage=2 freeze=0
[dna] air wrote 53 bytes to ecology
[dna] air wrote 42 bytes to ecology
[dna] air wrote 55 bytes to ecology
[dna] air wrote 74 bytes to ecology
[dna] air wrote 73 bytes to ecology
[dna] air wrote 31 bytes to ecology
[dna] air wrote 42 bytes to ecology
[dna] air wrote 67 bytes to ecology
[dna] air wrote 48 bytes to ecology
[dna] air wrote 12 bytes to ecology
[dna] air wrote 37 bytes to ecology
[dna] air wrote 40 bytes to ecology
[dna] air wrote 171 bytes to ecology
[dna] air wrote 79 bytes to ecology
[dna] air wrote 34 bytes to ecology
[dna] air wrote 137 bytes to ecology
[dna] air wrote 51 bytes to ecology
[debug-onto] tick=250 corpus=139276 stage=2 freeze=0
[dna] air wrote 32 bytes to ecology
[dna] air wrote 71 bytes to ecology
[dna] air wrote 30 bytes to ecology
[dna] air wrote 203 bytes to ecology
[dna] air wrote 64 bytes to ecology
[dna] air wrote 108 bytes to ecology
[dna] air wrote 74 bytes to ecology
[dna] air wrote 19 bytes to ecology
[dna] air wrote 59 bytes to ecology
[dna] air wrote 154 bytes to ecology
[dna] air wrote 126 bytes to ecology
[dna] air wrote 43 bytes to ecology
[dna] air wrote 150 bytes to ecology
[dna] air wrote 45 bytes to ecology
[dna] air wrote 89 bytes to ecology
[dna] air wrote 39 bytes to ecology
[debug-onto] tick=300 corpus=139276 stage=2 freeze=0
[dna] air wrote 13 bytes to ecology
[dna] air wrote 33 bytes to ecology
[dna] air wrote 26 bytes to ecology
[dna] air wrote 51 bytes to ecology
[dna] air wrote 85 bytes to ecology
[dna] air wrote 42 bytes to ecology
[dna] air wrote 28 bytes to ecology
[dna] air wrote 74 bytes to ecology
[dna] air wrote 67 bytes to ecology
[dna] air wrote 31 bytes to ecology
[dna] air wrote 94 bytes to ecology
[dna] air wrote 89 bytes to ecology
[dna] air wrote 60 bytes to ecology
[dna] air wrote 44 bytes to ecology
[dna] air wrote 92 bytes to ecology
[dna] air wrote 163 bytes to ecology
[dna] air wrote 82 bytes to ecology
[debug-onto] tick=350 corpus=139276 stage=2 freeze=0
[dna] air wrote 32 bytes to ecology
[dna] air wrote 191 bytes to ecology
[dna] air wrote 119 bytes to ecology
[dna] air wrote 36 bytes to ecology
[dna] air wrote 35 bytes to ecology
[dna] air wrote 44 bytes to ecology
[dna] air wrote 138 bytes to ecology
[dna] air wrote 81 bytes to ecology
[dna] air wrote 27 bytes to ecology
[dna] air wrote 81 bytes to ecology
[dna] air wrote 133 bytes to ecology
[dna] air wrote 70 bytes to ecology
[dna] air wrote 26 bytes to ecology
[dna] air wrote 94 bytes to ecology
[dna] air wrote 33 bytes to ecology
[dna] air wrote 42 bytes to ecology
[dna] air wrote 77 bytes to ecology
[debug-onto] tick=400 corpus=139276 stage=2 freeze=0
[dna] air wrote 36 bytes to ecology
[dna] air wrote 42 bytes to ecology
[dna] air wrote 61 bytes to ecology
[dna] air wrote 102 bytes to ecology
[dna] air wrote 107 bytes to ecology
[dna] air wrote 53 bytes to ecology
[dna] air wrote 147 bytes to ecology
[dna] air wrote 39 bytes to ecology
[dna] air wrote 85 bytes to ecology
[dna] air wrote 32 bytes to ecology
[dna] air wrote 37 bytes to ecology
[dna] air wrote 39 bytes to ecology
[dna] air wrote 145 bytes to ecology
[dna] air wrote 41 bytes to ecology
[dna] air wrote 110 bytes to ecology
[dna] air wrote 28 bytes to ecology
[debug-onto] tick=450 corpus=139276 stage=2 freeze=0
[dna] air wrote 51 bytes to ecology
[dna] air wrote 160 bytes to ecology
[dna] air wrote 72 bytes to ecology
[dna] air wrote 41 bytes to ecology
[dna] air wrote 34 bytes to ecology
[dna] air wrote 236 bytes to ecology
[dna] air wrote 122 bytes to ecology
[dna] air wrote 113 bytes to ecology
[dna] air wrote 58 bytes to ecology
[dna] air wrote 189 bytes to ecology
[dna] air wrote 106 bytes to ecology
[dna] air wrote 98 bytes to ecology
[dna] air wrote 31 bytes to ecology
[dna] air wrote 71 bytes to ecology
[dna] air wrote 58 bytes to ecology
[dna] air wrote 31 bytes to ecology
[dna] air wrote 34 bytes to ecology
[debug-onto] tick=500 corpus=139276 stage=2 freeze=0
[dna] air wrote 94 bytes to ecology
[dna] air wrote 81 bytes to ecology
[dna] air wrote 28 bytes to ecology
[dna] air wrote 126 bytes to ecology
[dna] air wrote 104 bytes to ecology
[dna] air wrote 26 bytes to ecology
[dna] air wrote 43 bytes to ecology
[dna] air wrote 54 bytes to ecology
[dna] air wrote 43 bytes to ecology
[dna] air wrote 11 bytes to ecology
[dna] air wrote 70 bytes to ecology
[dna] air wrote 26 bytes to ecology
[dna] air wrote 54 bytes to ecology
[dna] air wrote 17 bytes to ecology
[dna] air wrote 127 bytes to ecology
[dna] air wrote 58 bytes to ecology
[dna] air wrote 81 bytes to ecology
[debug-onto] tick=550 corpus=139276 stage=2 freeze=0
[dna] air wrote 86 bytes to ecology
[dna] air wrote 81 bytes to ecology
[dna] air wrote 77 bytes to ecology
[dna] air wrote 8 bytes to ecology
[dna] air wrote 30 bytes to ecology
[dna] air wrote 18 bytes to ecology
[dna] air wrote 51 bytes to ecology
[dna] air wrote 97 bytes to ecology
[dna] air wrote 167 bytes to ecology
[dna] air wrote 31 bytes to ecology
[dna] air wrote 77 bytes to ecology
[dna] air wrote 195 bytes to ecology
[dna] air wrote 13 bytes to ecology
[dna] air wrote 157 bytes to ecology
[dna] air wrote 37 bytes to ecology
[dna] air wrote 63 bytes to ecology
[debug-onto] tick=600 corpus=139276 stage=2 freeze=0
[dna] air wrote 107 bytes to ecology
[dna] air wrote 62 bytes to ecology
[dna] air wrote 63 bytes to ecology
[dna] air wrote 142 bytes to ecology
[dna] air wrote 45 bytes to ecology
[dna] air wrote 85 bytes to ecology
[dna] air wrote 88 bytes to ecology
[dna] air wrote 58 bytes to ecology
[dna] air wrote 132 bytes to ecology
[dna] air wrote 35 bytes to ecology
[dna] air wrote 123 bytes to ecology
[dna] air wrote 35 bytes to ecology
[dna] air wrote 87 bytes to ecology
[dna] air wrote 50 bytes to ecology
[dna] air wrote 39 bytes to ecology
[dna] air wrote 86 bytes to ecology
[dna] air wrote 49 bytes to ecology
[debug-onto] tick=650 corpus=139276 stage=2 freeze=0
[dna] air wrote 124 bytes to ecology
[dna] air wrote 69 bytes to ecology
[dna] air wrote 170 bytes to ecology
[dna] air wrote 30 bytes to ecology
[dna] air wrote 25 bytes to ecology
[dna] air wrote 120 bytes to ecology
[dna] air wrote 62 bytes to ecology
[dna] air wrote 31 bytes to ecology
[dna] air wrote 38 bytes to ecology
[dna] air wrote 155 bytes to ecology
[dna] air wrote 258 bytes to ecology
[dna] air wrote 43 bytes to ecology
[dna] air wrote 102 bytes to ecology
[dna] air wrote 34 bytes to ecology
[dna] air wrote 132 bytes to ecology
[dna] air wrote 52 bytes to ecology

[evolution] Organism shutting down gracefully.
