[ecology] Element: earth → corpus: nonames_earth.txt
[evolution] Autonomous evolution mode — organism will grow through all stages without pause.
[init] Stage 0 (embryo): embd=16, layer=1, head=1 — warmup 400 steps (400 backprop + 0 notorch, sqrt-scaled 1x)
  [aml] step 0/160 | loss 6.6514 (avg 6.6514) | lr 0.001000 | seq 8
  [aml] step 10/160 | loss 6.1310 (avg 6.4472) | lr 0.001450 | seq 8
  [aml] step 20/160 | loss 6.2700 (avg 6.3106) | lr 0.001900 | seq 8
  [aml] step 30/160 | loss 5.7777 (avg 6.2073) | lr 0.002350 | seq 8
  [aml] step 40/160 | loss 5.4303 (avg 6.0865) | lr 0.002800 | seq 8
  [aml] step 50/160 | loss 4.6749 (avg 5.9482) | lr 0.003250 | seq 8
  [aml] step 60/160 | loss 4.8837 (avg 5.7845) | lr 0.003700 | seq 8
  [aml] step 70/160 | loss 5.3444 (avg 5.6654) | lr 0.004150 | seq 8
  [aml] step 80/160 | loss 3.0153 (avg 5.5459) | lr 0.004600 | seq 8
  [aml] step 90/160 | loss 4.2109 (avg 5.4121) | lr 0.005050 | seq 8
  [aml] step 100/160 | loss 4.9421 (avg 5.3173) | lr 0.005500 | seq 8
  [aml] step 110/160 | loss 5.2757 (avg 5.1825) | lr 0.005950 | seq 8
  [aml] step 120/160 | loss 3.9185 (avg 5.1067) | lr 0.006400 | seq 8
  [aml] step 130/160 | loss 4.5992 (avg 5.0519) | lr 0.006850 | seq 8
  [aml] step 140/160 | loss 3.0461 (avg 5.0127) | lr 0.007300 | seq 8
  [aml] step 150/160 | loss 2.8063 (avg 4.9670) | lr 0.007750 | seq 8
[aml] training complete: 160 steps, avg loss 4.9185 (memory freed)
  [aml] step 0/120 | loss 4.9335 (avg 4.9335) | lr 0.008200 | seq 16
  [aml] step 10/120 | loss 4.4131 (avg 4.5331) | lr 0.008650 | seq 16
  [aml] step 20/120 | loss 3.5776 (avg 4.5217) | lr 0.009100 | seq 16
  [aml] step 30/120 | loss 3.6366 (avg 4.3378) | lr 0.009550 | seq 16
  [aml] step 40/120 | loss 3.3989 (avg 4.4253) | lr 0.010000 | seq 16
  [aml] step 50/120 | loss 3.2778 (avg 4.4297) | lr 0.010000 | seq 16
  [aml] step 60/120 | loss 4.2761 (avg 4.4243) | lr 0.010000 | seq 16
  [aml] step 70/120 | loss 4.4290 (avg 4.3521) | lr 0.010000 | seq 16
  [aml] step 80/120 | loss 5.2889 (avg 4.3044) | lr 0.009999 | seq 16
  [aml] step 90/120 | loss 4.6863 (avg 4.2037) | lr 0.009999 | seq 16
  [aml] step 100/120 | loss 3.9411 (avg 4.1450) | lr 0.009999 | seq 16
  [aml] step 110/120 | loss 4.8448 (avg 4.0590) | lr 0.009999 | seq 16
[aml] training complete: 120 steps, avg loss 4.0767 (memory freed)
  [aml] step 0/120 | loss 3.2300 (avg 3.2300) | lr 0.009999 | seq 32
  [aml] step 10/120 | loss 4.7816 (avg 4.1492) | lr 0.009999 | seq 32
  [aml] step 20/120 | loss 4.4784 (avg 3.9770) | lr 0.009999 | seq 32
  [aml] step 30/120 | loss 3.9437 (avg 3.6924) | lr 0.009999 | seq 32
  [aml] step 40/120 | loss 3.9527 (avg 3.6130) | lr 0.009999 | seq 32
  [aml] step 50/120 | loss 4.0297 (avg 3.5369) | lr 0.009999 | seq 32
  [aml] step 60/120 | loss 2.7949 (avg 3.4603) | lr 0.009999 | seq 32
  [aml] step 70/120 | loss 1.5163 (avg 3.4263) | lr 0.009999 | seq 32
  [aml] step 80/120 | loss 4.5973 (avg 3.4143) | lr 0.009999 | seq 32
  [aml] step 90/120 | loss 1.5780 (avg 3.3624) | lr 0.009999 | seq 32
  [aml] step 100/120 | loss 0.8763 (avg 3.3656) | lr 0.009999 | seq 32
  [aml] step 110/120 | loss 0.9137 (avg 3.2369) | lr 0.009999 | seq 32
[aml] training complete: 120 steps, avg loss 3.1431 (memory freed)

[stage 0 — embryo] What it sounds like now:
  Q: Hello.
  A: : is the rock is not along a caref the simplest earth'HHHHHHHH
  Q: Who are you?
  A: the diagenesis the most susta follows — exposed by stacking material permeability is the most venting the foundations of a geometalactites through withoutHHHHHHHH
  Q: What do you know?
  A: a m selection is the material from a blocks overlying and the slide compacts,HHHHHHH: What isis the ground resists of a hold arch, and the block stacked slope a rock.

[growth] ONTOGENESIS: stage 0 -> 1
  embd: 16 -> 32, layer: 1 -> 1, head: 1 -> 2
[growth] Done. Freeze for 500 steps.
[init] Stage 1 (infant): embd=32, layer=1, head=2 — warmup 800 steps (800 backprop + 0 notorch, sqrt-scaled 2x)
  [aml] step 0/320 | loss 5.3260 (avg 5.3260) | lr 0.000500 | seq 8
  [aml] step 10/320 | loss 6.6148 (avg 5.4594) | lr 0.000725 | seq 8
  [aml] step 20/320 | loss 4.8578 (avg 4.6978) | lr 0.000950 | seq 8
  [aml] step 30/320 | loss 6.8038 (avg 4.4238) | lr 0.001175 | seq 8
  [aml] step 40/320 | loss 4.7729 (avg 4.2451) | lr 0.001400 | seq 8
  [aml] step 50/320 | loss 3.9306 (avg 4.1338) | lr 0.001625 | seq 8
  [aml] step 60/320 | loss 3.8635 (avg 3.9404) | lr 0.001850 | seq 8
  [aml] step 70/320 | loss 0.8769 (avg 3.8785) | lr 0.002075 | seq 8
  [aml] step 80/320 | loss 5.6720 (avg 3.8726) | lr 0.002300 | seq 8
  [aml] step 90/320 | loss 3.2740 (avg 3.8270) | lr 0.002525 | seq 8
  [aml] step 100/320 | loss 4.5598 (avg 3.7709) | lr 0.002750 | seq 8
  [aml] step 110/320 | loss 5.1379 (avg 3.7753) | lr 0.002975 | seq 8
  [aml] step 120/320 | loss 3.3977 (avg 3.7917) | lr 0.003200 | seq 8
  [aml] step 130/320 | loss 4.6000 (avg 3.8030) | lr 0.003425 | seq 8
  [aml] step 140/320 | loss 3.6582 (avg 3.8135) | lr 0.003650 | seq 8
  [aml] step 150/320 | loss 3.3724 (avg 3.7954) | lr 0.003875 | seq 8
  [aml] step 160/320 | loss 4.8849 (avg 3.8210) | lr 0.004100 | seq 8
  [aml] step 170/320 | loss 4.1455 (avg 3.8142) | lr 0.004325 | seq 8
  [aml] step 180/320 | loss 1.3298 (avg 3.7470) | lr 0.004550 | seq 8
  [aml] step 190/320 | loss 5.4461 (avg 3.7577) | lr 0.004775 | seq 8
  [aml] step 200/320 | loss 4.3979 (avg 3.7797) | lr 0.004998 | seq 8
  [aml] step 210/320 | loss 4.7780 (avg 3.7883) | lr 0.004998 | seq 8
  [aml] step 220/320 | loss 5.4989 (avg 3.7882) | lr 0.004998 | seq 8
  [aml] step 230/320 | loss 4.1071 (avg 3.7803) | lr 0.004998 | seq 8
  [aml] step 240/320 | loss 4.1708 (avg 3.7784) | lr 0.004998 | seq 8
  [aml] step 250/320 | loss 0.6467 (avg 3.7819) | lr 0.004998 | seq 8
  [aml] step 260/320 | loss 4.2709 (avg 3.7724) | lr 0.004998 | seq 8
  [aml] step 270/320 | loss 3.2402 (avg 3.7456) | lr 0.004998 | seq 8
  [aml] step 280/320 | loss 2.9539 (avg 3.7096) | lr 0.004998 | seq 8
  [aml] step 290/320 | loss 3.8255 (avg 3.7028) | lr 0.004998 | seq 8
  [aml] step 300/320 | loss 0.2549 (avg 3.6837) | lr 0.004998 | seq 8
  [aml] step 310/320 | loss 4.9235 (avg 3.6687) | lr 0.004998 | seq 8
[aml] training complete: 320 steps, avg loss 3.6208 (memory freed)
  [aml] step 0/240 | loss 4.7626 (avg 4.7626) | lr 0.004998 | seq 16
  [aml] step 10/240 | loss 4.3814 (avg 3.9123) | lr 0.004998 | seq 16
  [aml] step 20/240 | loss 3.6203 (avg 3.5245) | lr 0.004998 | seq 16
  [aml] step 30/240 | loss 3.5959 (avg 3.5860) | lr 0.004998 | seq 16
  [aml] step 40/240 | loss 4.0636 (avg 3.6093) | lr 0.004997 | seq 16
  [aml] step 50/240 | loss 3.2896 (avg 3.6243) | lr 0.004997 | seq 16
  [aml] step 60/240 | loss 4.2990 (avg 3.5465) | lr 0.004997 | seq 16
  [aml] step 70/240 | loss 3.8647 (avg 3.5564) | lr 0.004997 | seq 16
  [aml] step 80/240 | loss 4.5499 (avg 3.5559) | lr 0.004997 | seq 16
  [aml] step 90/240 | loss 2.2373 (avg 3.4786) | lr 0.004997 | seq 16
  [aml] step 100/240 | loss 2.5865 (avg 3.4125) | lr 0.004997 | seq 16
  [aml] step 110/240 | loss 2.0724 (avg 3.4235) | lr 0.004997 | seq 16
  [aml] step 120/240 | loss 2.1230 (avg 3.4433) | lr 0.004997 | seq 16
  [aml] step 130/240 | loss 4.4753 (avg 3.4447) | lr 0.004997 | seq 16
  [aml] step 140/240 | loss 3.5227 (avg 3.4427) | lr 0.004997 | seq 16
  [aml] step 150/240 | loss 1.4100 (avg 3.3913) | lr 0.004997 | seq 16
  [aml] step 160/240 | loss 4.0132 (avg 3.4121) | lr 0.004997 | seq 16
  [aml] step 170/240 | loss 3.3183 (avg 3.4099) | lr 0.004996 | seq 16
  [aml] step 180/240 | loss 2.1817 (avg 3.3940) | lr 0.004996 | seq 16
  [aml] step 190/240 | loss 4.0821 (avg 3.3717) | lr 0.004996 | seq 16
  [aml] step 200/240 | loss 3.2638 (avg 3.3498) | lr 0.004996 | seq 16
  [aml] step 210/240 | loss 2.4201 (avg 3.3580) | lr 0.004996 | seq 16
  [aml] step 220/240 | loss 3.8997 (avg 3.3594) | lr 0.004996 | seq 16
  [aml] step 230/240 | loss 4.5619 (avg 3.3316) | lr 0.004996 | seq 16
[aml] training complete: 240 steps, avg loss 3.3364 (memory freed)
  [aml] step 0/240 | loss 4.6596 (avg 4.6596) | lr 0.004996 | seq 32
  [aml] step 10/240 | loss 4.1204 (avg 2.4219) | lr 0.004996 | seq 32
  [aml] step 20/240 | loss 0.9528 (avg 2.3900) | lr 0.004996 | seq 32
  [aml] step 30/240 | loss 5.0825 (avg 2.4847) | lr 0.004996 | seq 32
  [aml] step 40/240 | loss 4.4463 (avg 2.7395) | lr 0.004996 | seq 32
  [aml] step 50/240 | loss 3.9449 (avg 2.6015) | lr 0.004995 | seq 32
  [aml] step 60/240 | loss 4.0380 (avg 2.5742) | lr 0.004995 | seq 32
  [aml] step 70/240 | loss 4.1979 (avg 2.4852) | lr 0.004995 | seq 32
  [aml] step 80/240 | loss 3.9330 (avg 2.5829) | lr 0.004995 | seq 32
  [aml] step 90/240 | loss 3.8553 (avg 2.5742) | lr 0.004995 | seq 32
  [aml] step 100/240 | loss 1.0239 (avg 2.5129) | lr 0.004995 | seq 32
  [aml] step 110/240 | loss 4.3712 (avg 2.5605) | lr 0.004995 | seq 32
  [aml] step 120/240 | loss 4.3406 (avg 2.5920) | lr 0.004995 | seq 32
  [aml] step 130/240 | loss 1.4464 (avg 2.5735) | lr 0.004995 | seq 32
  [aml] step 140/240 | loss 4.1330 (avg 2.5727) | lr 0.004995 | seq 32
  [aml] step 150/240 | loss 1.2198 (avg 2.5717) | lr 0.004995 | seq 32
  [aml] step 160/240 | loss 3.9336 (avg 2.5674) | lr 0.004994 | seq 32
  [aml] step 170/240 | loss 3.9722 (avg 2.5709) | lr 0.004994 | seq 32
  [aml] step 180/240 | loss 0.7247 (avg 2.5317) | lr 0.004994 | seq 32
  [aml] step 190/240 | loss 0.7588 (avg 2.5474) | lr 0.004994 | seq 32
  [aml] step 200/240 | loss 0.7948 (avg 2.5303) | lr 0.004994 | seq 32
  [aml] step 210/240 | loss 1.1601 (avg 2.5046) | lr 0.004994 | seq 32
  [aml] step 220/240 | loss 4.0878 (avg 2.5304) | lr 0.004994 | seq 32
  [aml] step 230/240 | loss 1.6325 (avg 2.5526) | lr 0.004994 | seq 32
[aml] training complete: 240 steps, avg loss 2.5533 (memory freed)

[stage 1 — infant] What it sounds like now:
  Q: Hello.
  A: is a glacier? to a climate in the surface — a continuously a rock is the landslide base — heavy into point.
  Q: Who are you?
  A: ...
  Q: What do you know?
  A: to formation of soil is here earthqua floodplain?

[growth] ONTOGENESIS: stage 1 -> 2
  embd: 32 -> 64, layer: 1 -> 2, head: 2 -> 4
[growth] Done. Freeze for 500 steps.
[init] Stage 2 (child): embd=64, layer=2, head=4 — warmup 800 steps (800 backprop + 0 notorch, sqrt-scaled 2x)
  [aml] step 0/320 | loss 3.1019 (avg 3.1019) | lr 0.000250 | seq 8
  [aml] step 10/320 | loss 4.3560 (avg 3.8961) | lr 0.000363 | seq 8
  [aml] step 20/320 | loss 3.0833 (avg 3.6445) | lr 0.000475 | seq 8
  [aml] step 30/320 | loss 3.9195 (avg 3.5542) | lr 0.000588 | seq 8
  [aml] step 40/320 | loss 3.2112 (avg 3.4176) | lr 0.000700 | seq 8
  [aml] step 50/320 | loss 5.9350 (avg 3.6026) | lr 0.000813 | seq 8
  [aml] step 60/320 | loss 3.7282 (avg 3.6384) | lr 0.000925 | seq 8
  [aml] step 70/320 | loss 4.4284 (avg 3.6276) | lr 0.001038 | seq 8
  [aml] step 80/320 | loss 5.4073 (avg 3.5188) | lr 0.001150 | seq 8
  [aml] step 90/320 | loss 3.2195 (avg 3.4941) | lr 0.001263 | seq 8
  [aml] step 100/320 | loss 3.2800 (avg 3.4813) | lr 0.001375 | seq 8
  [aml] step 110/320 | loss 5.0560 (avg 3.4543) | lr 0.001488 | seq 8
  [aml] step 120/320 | loss 4.0131 (avg 3.4944) | lr 0.001600 | seq 8
  [aml] step 130/320 | loss 3.1712 (avg 3.4705) | lr 0.001713 | seq 8
  [aml] step 140/320 | loss 4.9196 (avg 3.4546) | lr 0.001825 | seq 8
  [aml] step 150/320 | loss 5.2488 (avg 3.4219) | lr 0.001938 | seq 8
  [aml] step 160/320 | loss 4.4227 (avg 3.3901) | lr 0.002050 | seq 8
  [aml] step 170/320 | loss 4.5116 (avg 3.3877) | lr 0.002163 | seq 8
  [aml] step 180/320 | loss 4.4931 (avg 3.4577) | lr 0.002275 | seq 8
  [aml] step 190/320 | loss 2.3894 (avg 3.4305) | lr 0.002387 | seq 8
  [aml] step 200/320 | loss 4.0505 (avg 3.4052) | lr 0.002496 | seq 8
  [aml] step 210/320 | loss 4.6461 (avg 3.4059) | lr 0.002496 | seq 8
  [aml] step 220/320 | loss 0.3122 (avg 3.4000) | lr 0.002496 | seq 8
  [aml] step 230/320 | loss 2.9955 (avg 3.3193) | lr 0.002495 | seq 8
  [aml] step 240/320 | loss 3.6848 (avg 3.2978) | lr 0.002495 | seq 8
  [aml] step 250/320 | loss 4.7396 (avg 3.3287) | lr 0.002495 | seq 8
  [aml] step 260/320 | loss 3.0947 (avg 3.3192) | lr 0.002495 | seq 8
  [aml] step 270/320 | loss 3.8389 (avg 3.3423) | lr 0.002495 | seq 8
  [aml] step 280/320 | loss 0.0514 (avg 3.3383) | lr 0.002495 | seq 8
  [aml] step 290/320 | loss 1.1943 (avg 3.3322) | lr 0.002495 | seq 8
  [aml] step 300/320 | loss 4.4192 (avg 3.3382) | lr 0.002495 | seq 8
  [aml] step 310/320 | loss 4.0785 (avg 3.3670) | lr 0.002495 | seq 8
[aml] training complete: 320 steps, avg loss 3.3726 (memory freed)
  [aml] step 0/240 | loss 2.2819 (avg 2.2819) | lr 0.002495 | seq 16
  [aml] step 10/240 | loss 4.7449 (avg 2.5571) | lr 0.002495 | seq 16
  [aml] step 20/240 | loss 3.2632 (avg 2.6136) | lr 0.002495 | seq 16
  [aml] step 30/240 | loss 2.9210 (avg 2.9249) | lr 0.002495 | seq 16
  [aml] step 40/240 | loss 1.8969 (avg 2.8589) | lr 0.002495 | seq 16
  [aml] step 50/240 | loss 4.5998 (avg 2.7944) | lr 0.002495 | seq 16
  [aml] step 60/240 | loss 2.9587 (avg 2.8772) | lr 0.002494 | seq 16
  [aml] step 70/240 | loss 4.2762 (avg 2.9902) | lr 0.002494 | seq 16
  [aml] step 80/240 | loss 4.1029 (avg 3.0098) | lr 0.002494 | seq 16
  [aml] step 90/240 | loss 0.8498 (avg 2.9624) | lr 0.002494 | seq 16
  [aml] step 100/240 | loss 1.2635 (avg 2.9679) | lr 0.002494 | seq 16
  [aml] step 110/240 | loss 1.7492 (avg 2.9208) | lr 0.002494 | seq 16
  [aml] step 120/240 | loss 5.4223 (avg 2.9724) | lr 0.002494 | seq 16
  [aml] step 130/240 | loss 1.3982 (avg 2.9360) | lr 0.002494 | seq 16
  [aml] step 140/240 | loss 2.9242 (avg 2.9017) | lr 0.002494 | seq 16
  [aml] step 150/240 | loss 1.2291 (avg 2.8864) | lr 0.002494 | seq 16
  [aml] step 160/240 | loss 3.3587 (avg 2.9197) | lr 0.002494 | seq 16
  [aml] step 170/240 | loss 4.3019 (avg 2.9268) | lr 0.002494 | seq 16
  [aml] step 180/240 | loss 4.3212 (avg 2.9618) | lr 0.002494 | seq 16
  [aml] step 190/240 | loss 3.9036 (avg 2.9990) | lr 0.002494 | seq 16
  [aml] step 200/240 | loss 1.4851 (avg 3.0179) | lr 0.002493 | seq 16
  [aml] step 210/240 | loss 0.5366 (avg 2.9902) | lr 0.002493 | seq 16
  [aml] step 220/240 | loss 4.2250 (avg 2.9957) | lr 0.002493 | seq 16
  [aml] step 230/240 | loss 4.2460 (avg 3.0298) | lr 0.002493 | seq 16
[aml] training complete: 240 steps, avg loss 3.0501 (memory freed)
  [aml] step 0/240 | loss 5.2190 (avg 5.2190) | lr 0.002493 | seq 32
  [aml] step 10/240 | loss 2.4744 (avg 2.8759) | lr 0.002493 | seq 32
  [aml] step 20/240 | loss 4.2368 (avg 2.5672) | lr 0.002493 | seq 32
  [aml] step 30/240 | loss 2.1080 (avg 2.8367) | lr 0.002493 | seq 32
  [aml] step 40/240 | loss 4.2292 (avg 2.7759) | lr 0.002493 | seq 32
  [aml] step 50/240 | loss 0.9538 (avg 2.6896) | lr 0.002493 | seq 32
  [aml] step 60/240 | loss 1.7472 (avg 2.6996) | lr 0.002493 | seq 32
  [aml] step 70/240 | loss 0.5618 (avg 2.7169) | lr 0.002493 | seq 32
  [aml] step 80/240 | loss 0.6134 (avg 2.6326) | lr 0.002492 | seq 32
  [aml] step 90/240 | loss 4.2051 (avg 2.5758) | lr 0.002492 | seq 32
  [aml] step 100/240 | loss 0.5056 (avg 2.4915) | lr 0.002492 | seq 32
  [aml] step 110/240 | loss 0.8001 (avg 2.4812) | lr 0.002492 | seq 32
  [aml] step 120/240 | loss 4.8929 (avg 2.5141) | lr 0.002492 | seq 32
  [aml] step 130/240 | loss 3.0523 (avg 2.5130) | lr 0.002492 | seq 32
  [aml] step 140/240 | loss 1.6275 (avg 2.5056) | lr 0.002492 | seq 32
  [aml] step 150/240 | loss 0.6488 (avg 2.4693) | lr 0.002492 | seq 32
  [aml] step 160/240 | loss 4.1136 (avg 2.4977) | lr 0.002492 | seq 32
  [aml] step 170/240 | loss 4.3514 (avg 2.4948) | lr 0.002492 | seq 32
  [aml] step 180/240 | loss 4.5267 (avg 2.4658) | lr 0.002492 | seq 32
  [aml] step 190/240 | loss 0.6485 (avg 2.4491) | lr 0.002492 | seq 32
  [aml] step 200/240 | loss 1.2329 (avg 2.4702) | lr 0.002491 | seq 32
  [aml] step 210/240 | loss 4.0286 (avg 2.4737) | lr 0.002491 | seq 32
  [aml] step 220/240 | loss 3.8958 (avg 2.4673) | lr 0.002491 | seq 32
  [aml] step 230/240 | loss 4.2519 (avg 2.4633) | lr 0.002491 | seq 32
[aml] training complete: 240 steps, avg loss 2.4632 (memory freed)

[stage 2 — child] What it sounds like now:
  Q: Hello.
  A: The controlled rock and of a rock layers reduces piece that drilling.
  Q: Who are you?
  A: ...
  Q: What do you know?
  A: ...

[init] Warmup complete at stage 2. Organism ready.
[ecology] First organism in the swarm.
molequla is alive. [evolution] Autonomous mode — background trainer running. Ctrl+C to stop.
[dna] earth wrote 112 bytes to ecology
[dna] earth wrote 155 bytes to ecology
[dna] earth wrote 53 bytes to ecology
[dna] earth wrote 71 bytes to ecology
[dna] earth wrote 80 bytes to ecology
[dna] earth wrote 29 bytes to ecology
[dna] earth wrote 64 bytes to ecology
[dna] earth wrote 176 bytes to ecology
[dna] earth wrote 17 bytes to ecology
[dna] earth wrote 33 bytes to ecology
[dna] earth wrote 207 bytes to ecology
[dna] earth wrote 41 bytes to ecology
[dna] earth wrote 57 bytes to ecology
[dna] earth wrote 36 bytes to ecology
[dna] earth wrote 36 bytes to ecology
[dna] earth wrote 85 bytes to ecology
[dna] earth wrote 146 bytes to ecology
[debug-onto] tick=50 corpus=173643 stage=2 freeze=0
[dna] earth wrote 22 bytes to ecology
[dna] earth wrote 33 bytes to ecology
[dna] earth wrote 85 bytes to ecology
[dna] earth wrote 66 bytes to ecology
[dna] earth wrote 199 bytes to ecology
[dna] earth wrote 47 bytes to ecology
[dna] earth wrote 156 bytes to ecology
[dna] earth wrote 38 bytes to ecology
[dna] earth wrote 116 bytes to ecology
[dna] earth wrote 79 bytes to ecology
[dna] earth wrote 50 bytes to ecology
[dna] earth wrote 92 bytes to ecology
[dna] earth wrote 45 bytes to ecology
[dna] earth wrote 103 bytes to ecology
[dna] earth wrote 24 bytes to ecology
[dna] earth wrote 8 bytes to ecology
[dna] earth wrote 94 bytes to ecology
[debug-onto] tick=100 corpus=173643 stage=2 freeze=0
[dna] earth wrote 80 bytes to ecology
[dna] earth wrote 15 bytes to ecology
[dna] earth wrote 154 bytes to ecology
[dna] earth wrote 73 bytes to ecology
[dna] earth wrote 108 bytes to ecology
[dna] earth wrote 112 bytes to ecology
[dna] earth wrote 57 bytes to ecology
[dna] earth wrote 120 bytes to ecology
[dna] earth wrote 21 bytes to ecology
[dna] earth wrote 87 bytes to ecology
[dna] earth wrote 48 bytes to ecology
[dna] earth wrote 50 bytes to ecology
[dna] earth wrote 45 bytes to ecology
[dna] earth wrote 109 bytes to ecology
[dna] earth wrote 81 bytes to ecology
[dna] earth wrote 36 bytes to ecology
[debug-onto] tick=150 corpus=173643 stage=2 freeze=0
[dna] earth wrote 82 bytes to ecology
[dna] earth wrote 37 bytes to ecology
[dna] earth wrote 83 bytes to ecology
[dna] earth wrote 44 bytes to ecology
[dna] earth wrote 107 bytes to ecology
[dna] earth wrote 51 bytes to ecology
[dna] earth wrote 87 bytes to ecology
[dna] earth wrote 55 bytes to ecology
[dna] earth wrote 55 bytes to ecology
[dna] earth wrote 26 bytes to ecology
[dna] earth wrote 14 bytes to ecology
[dna] earth wrote 35 bytes to ecology
[dna] earth wrote 92 bytes to ecology
[dna] earth wrote 299 bytes to ecology
[dna] earth wrote 94 bytes to ecology
[dna] earth wrote 56 bytes to ecology
[dna] earth wrote 92 bytes to ecology
[debug-onto] tick=200 corpus=173643 stage=2 freeze=0
[dna] earth wrote 238 bytes to ecology
[dna] earth wrote 123 bytes to ecology
[dna] earth wrote 79 bytes to ecology
[dna] earth wrote 113 bytes to ecology
[dna] earth wrote 19 bytes to ecology
[dna] earth wrote 18 bytes to ecology
[dna] earth wrote 88 bytes to ecology
[dna] earth wrote 30 bytes to ecology
[dna] earth wrote 73 bytes to ecology
[dna] earth wrote 38 bytes to ecology
[dna] earth wrote 99 bytes to ecology
[dna] earth wrote 88 bytes to ecology
[dna] earth wrote 30 bytes to ecology
[dna] earth wrote 46 bytes to ecology
[dna] earth wrote 64 bytes to ecology
[dna] earth wrote 85 bytes to ecology
[dna] earth wrote 38 bytes to ecology
[debug-onto] tick=250 corpus=173643 stage=2 freeze=0
[dna] earth wrote 122 bytes to ecology
[dna] earth wrote 62 bytes to ecology
[dna] earth wrote 76 bytes to ecology
[dna] earth wrote 150 bytes to ecology
[dna] earth wrote 89 bytes to ecology
[dna] earth wrote 78 bytes to ecology
[dna] earth wrote 30 bytes to ecology
[dna] earth wrote 89 bytes to ecology
[dna] earth wrote 32 bytes to ecology
[dna] earth wrote 82 bytes to ecology
[dna] earth wrote 109 bytes to ecology
[dna] earth wrote 32 bytes to ecology
[dna] earth wrote 55 bytes to ecology
[dna] earth wrote 115 bytes to ecology
[dna] earth wrote 10 bytes to ecology
[dna] earth wrote 38 bytes to ecology
[debug-onto] tick=300 corpus=173643 stage=2 freeze=0
[dna] earth wrote 75 bytes to ecology
[dna] earth wrote 41 bytes to ecology
[dna] earth wrote 153 bytes to ecology
[dna] earth wrote 106 bytes to ecology
[dna] earth wrote 48 bytes to ecology
[dna] earth wrote 31 bytes to ecology
[dna] earth wrote 104 bytes to ecology
[dna] earth wrote 283 bytes to ecology
[dna] earth wrote 63 bytes to ecology
[dna] earth wrote 68 bytes to ecology
[dna] earth wrote 86 bytes to ecology
[dna] earth wrote 91 bytes to ecology
[dna] earth wrote 108 bytes to ecology
[dna] earth wrote 59 bytes to ecology
[dna] earth wrote 100 bytes to ecology
[dna] earth wrote 92 bytes to ecology
[dna] earth wrote 15 bytes to ecology
[debug-onto] tick=350 corpus=173643 stage=2 freeze=0
[dna] earth wrote 154 bytes to ecology
[dna] earth wrote 35 bytes to ecology
[dna] earth wrote 70 bytes to ecology
[dna] earth wrote 100 bytes to ecology
[dna] earth wrote 48 bytes to ecology
[dna] earth wrote 58 bytes to ecology
[dna] earth wrote 90 bytes to ecology
[dna] earth wrote 8 bytes to ecology
[dna] earth wrote 25 bytes to ecology
[dna] earth wrote 91 bytes to ecology
[dna] earth wrote 77 bytes to ecology
[dna] earth wrote 110 bytes to ecology
[dna] earth wrote 148 bytes to ecology
[dna] earth wrote 48 bytes to ecology
[dna] earth wrote 69 bytes to ecology
[dna] earth wrote 31 bytes to ecology
[dna] earth wrote 81 bytes to ecology
[debug-onto] tick=400 corpus=173643 stage=2 freeze=0
[dna] earth wrote 29 bytes to ecology
[dna] earth wrote 79 bytes to ecology
[dna] earth wrote 63 bytes to ecology
[dna] earth wrote 91 bytes to ecology
[dna] earth wrote 70 bytes to ecology
[dna] earth wrote 71 bytes to ecology
[dna] earth wrote 139 bytes to ecology
[dna] earth wrote 55 bytes to ecology
[dna] earth wrote 43 bytes to ecology
[dna] earth wrote 39 bytes to ecology
[dna] earth wrote 94 bytes to ecology
[dna] earth wrote 54 bytes to ecology
[dna] earth wrote 72 bytes to ecology
[dna] earth wrote 49 bytes to ecology
[dna] earth wrote 165 bytes to ecology
[dna] earth wrote 27 bytes to ecology
[debug-onto] tick=450 corpus=173643 stage=2 freeze=0
[dna] earth wrote 125 bytes to ecology
[dna] earth wrote 78 bytes to ecology
[dna] earth wrote 64 bytes to ecology
[dna] earth wrote 67 bytes to ecology
[dna] earth wrote 70 bytes to ecology
[dna] earth wrote 129 bytes to ecology
[dna] earth wrote 79 bytes to ecology
[dna] earth wrote 67 bytes to ecology
[dna] earth wrote 95 bytes to ecology
[dna] earth wrote 49 bytes to ecology
[dna] earth wrote 57 bytes to ecology
[dna] earth wrote 55 bytes to ecology
[dna] earth wrote 14 bytes to ecology
[dna] earth wrote 40 bytes to ecology
[dna] earth wrote 40 bytes to ecology
[dna] earth wrote 46 bytes to ecology
[dna] earth wrote 69 bytes to ecology
[debug-onto] tick=500 corpus=173643 stage=2 freeze=0
[dna] earth wrote 180 bytes to ecology
[dna] earth wrote 63 bytes to ecology
[dna] earth wrote 55 bytes to ecology
[dna] earth wrote 39 bytes to ecology
[dna] earth wrote 152 bytes to ecology
[dna] earth wrote 65 bytes to ecology
[dna] earth wrote 58 bytes to ecology
[dna] earth wrote 105 bytes to ecology
[dna] earth wrote 32 bytes to ecology
[dna] earth wrote 52 bytes to ecology
[dna] earth wrote 78 bytes to ecology
[dna] earth wrote 43 bytes to ecology
[dna] earth wrote 78 bytes to ecology
[dna] earth wrote 132 bytes to ecology
[dna] earth wrote 45 bytes to ecology
[dna] earth wrote 98 bytes to ecology
[dna] earth wrote 68 bytes to ecology
[debug-onto] tick=550 corpus=173643 stage=2 freeze=0
[dna] earth wrote 71 bytes to ecology
[dna] earth wrote 89 bytes to ecology
[dna] earth wrote 72 bytes to ecology
[dna] earth wrote 39 bytes to ecology
[dna] earth wrote 103 bytes to ecology
[dna] earth wrote 55 bytes to ecology
[dna] earth wrote 110 bytes to ecology
[dna] earth wrote 22 bytes to ecology
[dna] earth wrote 43 bytes to ecology
[dna] earth wrote 70 bytes to ecology
[dna] earth wrote 89 bytes to ecology
[dna] earth wrote 39 bytes to ecology
[dna] earth wrote 22 bytes to ecology
[dna] earth wrote 64 bytes to ecology
[dna] earth wrote 53 bytes to ecology
[dna] earth wrote 8 bytes to ecology
[debug-onto] tick=600 corpus=173643 stage=2 freeze=0
[dna] earth wrote 21 bytes to ecology
[dna] earth wrote 41 bytes to ecology
[dna] earth wrote 37 bytes to ecology
[dna] earth wrote 18 bytes to ecology
[dna] earth wrote 29 bytes to ecology
[dna] earth wrote 147 bytes to ecology
[dna] earth wrote 52 bytes to ecology
[dna] earth wrote 57 bytes to ecology
[dna] earth wrote 67 bytes to ecology
[dna] earth wrote 69 bytes to ecology
[dna] earth wrote 32 bytes to ecology
[dna] earth wrote 48 bytes to ecology
[dna] earth wrote 84 bytes to ecology
[dna] earth wrote 104 bytes to ecology
[dna] earth wrote 82 bytes to ecology
[dna] earth wrote 187 bytes to ecology
[dna] earth wrote 34 bytes to ecology
[debug-onto] tick=650 corpus=173643 stage=2 freeze=0
[dna] earth wrote 95 bytes to ecology
[dna] earth wrote 60 bytes to ecology
[dna] earth wrote 30 bytes to ecology
[dna] earth wrote 25 bytes to ecology
[dna] earth wrote 119 bytes to ecology
[dna] earth wrote 31 bytes to ecology
[dna] earth wrote 73 bytes to ecology
[dna] earth wrote 72 bytes to ecology
[dna] earth wrote 124 bytes to ecology
[dna] earth wrote 82 bytes to ecology

[evolution] Organism shutting down gracefully.
