[ecology] Element: fire → corpus: nonames_fire.txt
[evolution] Autonomous evolution mode — organism will grow through all stages without pause.
[ecology] Joined swarm. 1 peer(s) detected.
molequla is alive. [evolution] Autonomous mode — background trainer running. Ctrl+C to stop.
[dna] fire wrote 53 bytes to ecology
[dna] fire consumed 12506 bytes from 211 files: [water/gen_1778398356_1.txt water/gen_1778398373_4.txt water/gen_1778398381_7.txt water/gen_1778398390_10.txt water/gen_1778398398_13.txt water/gen_1778398407_16.txt water/gen_1778398415_19.txt water/gen_1778398424_22.txt water/gen_1778398432_25.txt water/gen_1778398440_28.txt water/gen_1778398449_31.txt water/gen_1778398457_34.txt water/gen_1778398466_37.txt water/gen_1778398474_40.txt water/gen_1778398483_43.txt water/gen_1778398491_46.txt water/gen_1778398500_49.txt water/gen_1778398508_52.txt water/gen_1778398517_55.txt water/gen_1778398525_58.txt water/gen_1778398534_61.txt water/gen_1778398542_64.txt water/gen_1778398551_67.txt water/gen_1778398559_70.txt water/gen_1778398568_73.txt water/gen_1778398576_76.txt water/gen_1778398584_79.txt water/gen_1778398593_82.txt water/gen_1778398601_85.txt water/gen_1778398610_88.txt water/gen_1778398618_91.txt water/gen_1778398626_94.txt water/gen_1778398635_97.txt water/gen_1778398643_100.txt water/gen_1778398652_103.txt water/gen_1778398660_106.txt water/gen_1778398669_109.txt water/gen_1778398677_112.txt water/gen_1778398686_115.txt water/gen_1778398694_118.txt water/gen_1778398703_121.txt water/gen_1778398712_124.txt water/gen_1778398720_127.txt water/gen_1778398728_130.txt water/gen_1778398737_133.txt water/gen_1778398746_136.txt water/gen_1778398754_139.txt water/gen_1778398763_142.txt water/gen_1778398771_145.txt water/gen_1778398780_148.txt water/gen_1778398788_151.txt water/gen_1778398797_154.txt water/gen_1778398805_157.txt water/gen_1778398814_160.txt water/gen_1778398822_163.txt water/gen_1778398831_166.txt water/gen_1778398839_169.txt water/gen_1778398847_172.txt water/gen_1778398856_175.txt water/gen_1778398864_178.txt water/gen_1778398872_181.txt water/gen_1778398881_184.txt water/gen_1778398889_187.txt water/gen_1778398898_190.txt water/gen_1778398906_193.txt water/gen_1778398915_196.txt water/gen_1778398923_199.txt water/gen_1778398932_202.txt water/gen_1778398940_205.txt water/gen_1778398949_208.txt water/gen_1778398957_211.txt water/gen_1778398966_214.txt water/gen_1778398974_217.txt water/gen_1778398983_220.txt water/gen_1778398991_223.txt water/gen_1778398999_226.txt water/gen_1778399008_229.txt water/gen_1778399017_232.txt water/gen_1778399025_235.txt water/gen_1778399034_238.txt water/gen_1778399042_241.txt water/gen_1778399051_244.txt water/gen_1778399059_247.txt water/gen_1778399068_250.txt water/gen_1778399077_253.txt water/gen_1778399085_256.txt water/gen_1778399094_259.txt water/gen_1778399102_262.txt water/gen_1778399111_265.txt water/gen_1778399119_268.txt water/gen_1778399127_271.txt water/gen_1778399136_274.txt water/gen_1778399144_277.txt water/gen_1778399153_280.txt water/gen_1778399161_283.txt water/gen_1778399169_286.txt water/gen_1778399178_289.txt water/gen_1778399186_292.txt water/gen_1778399194_295.txt water/gen_1778399203_298.txt water/gen_1778399211_301.txt water/gen_1778399220_304.txt water/gen_1778399228_307.txt water/gen_1778399237_310.txt water/gen_1778399246_313.txt water/gen_1778399254_316.txt water/gen_1778399262_319.txt water/gen_1778399271_322.txt water/gen_1778399279_325.txt water/gen_1778399288_328.txt water/gen_1778399296_331.txt water/gen_1778399305_334.txt water/gen_1778399313_337.txt water/gen_1778399322_340.txt water/gen_1778399330_343.txt water/gen_1778399339_346.txt water/gen_1778399348_349.txt water/gen_1778399356_352.txt water/gen_1778399365_355.txt water/gen_1778399373_358.txt water/gen_1778399382_361.txt water/gen_1778399390_364.txt water/gen_1778399398_367.txt water/gen_1778399407_370.txt water/gen_1778399415_373.txt water/gen_1778399424_376.txt water/gen_1778399432_379.txt water/gen_1778399441_382.txt water/gen_1778399449_385.txt water/gen_1778399458_388.txt water/gen_1778399466_391.txt water/gen_1778399475_394.txt water/gen_1778399483_397.txt water/gen_1778399492_400.txt water/gen_1778399501_403.txt water/gen_1778399509_406.txt water/gen_1778399518_409.txt water/gen_1778399526_412.txt water/gen_1778399535_415.txt water/gen_1778399543_418.txt water/gen_1778399552_421.txt water/gen_1778399560_424.txt water/gen_1778399568_427.txt water/gen_1778399577_430.txt water/gen_1778399585_433.txt water/gen_1778399594_436.txt water/gen_1778399602_439.txt water/gen_1778399611_442.txt water/gen_1778399619_445.txt water/gen_1778399628_448.txt water/gen_1778399636_451.txt water/gen_1778399645_454.txt water/gen_1778399653_457.txt water/gen_1778399662_460.txt water/gen_1778399671_463.txt water/gen_1778399679_466.txt water/gen_1778399687_469.txt water/gen_1778399696_472.txt water/gen_1778399704_475.txt water/gen_1778399713_478.txt water/gen_1778399721_481.txt water/gen_1778399730_484.txt water/gen_1778399738_487.txt water/gen_1778399747_490.txt water/gen_1778399755_493.txt water/gen_1778399764_496.txt water/gen_1778399772_499.txt water/gen_1778399781_502.txt water/gen_1778399789_505.txt water/gen_1778399798_508.txt water/gen_1778399806_511.txt water/gen_1778399814_514.txt water/gen_1778399823_517.txt water/gen_1778399831_520.txt water/gen_1778399840_523.txt water/gen_1778399848_526.txt water/gen_1778399857_529.txt water/gen_1778399865_532.txt water/gen_1778399874_535.txt water/gen_1778399882_538.txt water/gen_1778399891_541.txt water/gen_1778399899_544.txt water/gen_1778399908_547.txt water/gen_1778399916_550.txt water/gen_1778399925_553.txt water/gen_1778399933_556.txt water/gen_1778399942_559.txt water/gen_1778399950_562.txt water/gen_1778399959_565.txt water/gen_1778399968_568.txt water/gen_1778399976_571.txt water/gen_1778399985_574.txt water/gen_1778399993_577.txt water/gen_1778400002_580.txt water/gen_1778400010_583.txt water/gen_1778400019_586.txt water/gen_1778400028_589.txt water/gen_1778400036_592.txt water/gen_1778400045_595.txt water/gen_1778400054_598.txt water/gen_1778400062_601.txt water/gen_1778400071_604.txt water/gen_1778400080_607.txt water/gen_1778400088_610.txt water/gen_1778400097_613.txt water/gen_1778400105_616.txt water/gen_1778400114_619.txt water/gen_1778400122_622.txt water/gen_1778400131_625.txt water/gen_1778400140_628.txt water/gen_1778400148_631.txt]
[trainer] micro-train burst (12506 bytes, novelty 0.05) — and lo, it feeds again.
[syntropy] action=explore | trend=0.0000 | field_dev=0.062 | purpose_align=0.147 | lr_mul=1.30
[aml] burst complete: 32 steps, avg loss 1.8052 (memory freed)
[dna] fire wrote 64 bytes to ecology
[dna] fire wrote 105 bytes to ecology
[dna] fire wrote 124 bytes to ecology
[dna] fire wrote 31 bytes to ecology
[dna] fire wrote 56 bytes to ecology
[dna] fire wrote 64 bytes to ecology
[dna] fire wrote 71 bytes to ecology
[dna] fire wrote 36 bytes to ecology
[dna] fire wrote 36 bytes to ecology
[dna] fire wrote 31 bytes to ecology
[dna] fire wrote 56 bytes to ecology
[dna] fire wrote 21 bytes to ecology
[dna] fire wrote 99 bytes to ecology
[dna] fire wrote 87 bytes to ecology
[dna] fire wrote 82 bytes to ecology
[dna] fire wrote 52 bytes to ecology
[debug-onto] tick=50 corpus=134617 stage=2 freeze=0
[dna] fire wrote 77 bytes to ecology
[dna] fire wrote 40 bytes to ecology
[dna] fire wrote 110 bytes to ecology
[dna] fire wrote 85 bytes to ecology
[dna] fire wrote 54 bytes to ecology
[dna] fire wrote 118 bytes to ecology
[dna] fire wrote 85 bytes to ecology
[dna] fire wrote 33 bytes to ecology
[dna] fire wrote 36 bytes to ecology
[dna] fire wrote 79 bytes to ecology
[dna] fire wrote 127 bytes to ecology
[dna] fire wrote 85 bytes to ecology
[dna] fire wrote 61 bytes to ecology
[dna] fire wrote 164 bytes to ecology
[dna] fire wrote 53 bytes to ecology
[dna] fire wrote 79 bytes to ecology
[dna] fire wrote 44 bytes to ecology
[debug-onto] tick=100 corpus=134617 stage=2 freeze=0
[dna] fire wrote 61 bytes to ecology
[dna] fire wrote 45 bytes to ecology
[dna] fire wrote 29 bytes to ecology
[dna] fire wrote 129 bytes to ecology
[dna] fire wrote 133 bytes to ecology
[dna] fire wrote 76 bytes to ecology
[dna] fire wrote 42 bytes to ecology
[dna] fire wrote 134 bytes to ecology
[dna] fire wrote 20 bytes to ecology
[dna] fire wrote 75 bytes to ecology
[dna] fire wrote 103 bytes to ecology
[dna] fire wrote 171 bytes to ecology
[dna] fire wrote 70 bytes to ecology
[dna] fire wrote 88 bytes to ecology
[dna] fire wrote 95 bytes to ecology
[dna] fire wrote 50 bytes to ecology
[debug-onto] tick=150 corpus=134617 stage=2 freeze=0
[dna] fire wrote 42 bytes to ecology
[dna] fire wrote 48 bytes to ecology
[dna] fire wrote 212 bytes to ecology
[dna] fire wrote 71 bytes to ecology
[dna] fire wrote 111 bytes to ecology
[dna] fire wrote 114 bytes to ecology
[dna] fire wrote 61 bytes to ecology
[dna] fire wrote 66 bytes to ecology
[dna] fire wrote 121 bytes to ecology
[dna] fire wrote 41 bytes to ecology
[dna] fire wrote 11 bytes to ecology
[dna] fire wrote 24 bytes to ecology
[dna] fire wrote 97 bytes to ecology
[dna] fire wrote 24 bytes to ecology
[dna] fire wrote 38 bytes to ecology
[dna] fire wrote 60 bytes to ecology
[dna] fire wrote 25 bytes to ecology
[debug-onto] tick=200 corpus=134617 stage=2 freeze=0
[dna] fire wrote 41 bytes to ecology
[dna] fire wrote 51 bytes to ecology
[dna] fire wrote 204 bytes to ecology
[dna] fire wrote 53 bytes to ecology
[dna] fire wrote 28 bytes to ecology
[dna] fire wrote 30 bytes to ecology
[dna] fire wrote 54 bytes to ecology
[dna] fire wrote 42 bytes to ecology
[dna] fire wrote 192 bytes to ecology
[dna] fire wrote 69 bytes to ecology
[dna] fire wrote 43 bytes to ecology
[dna] fire wrote 24 bytes to ecology
[dna] fire wrote 51 bytes to ecology
[dna] fire wrote 18 bytes to ecology
[dna] fire wrote 42 bytes to ecology
[dna] fire wrote 63 bytes to ecology
[dna] fire wrote 60 bytes to ecology
[debug-onto] tick=250 corpus=134617 stage=2 freeze=0
[dna] fire wrote 8 bytes to ecology
[dna] fire wrote 30 bytes to ecology
[dna] fire wrote 288 bytes to ecology
[dna] fire wrote 97 bytes to ecology
[dna] fire wrote 29 bytes to ecology
[dna] fire wrote 42 bytes to ecology
[dna] fire wrote 22 bytes to ecology
[dna] fire wrote 87 bytes to ecology
[dna] fire wrote 129 bytes to ecology
[dna] fire wrote 156 bytes to ecology
[dna] fire wrote 26 bytes to ecology
[dna] fire wrote 46 bytes to ecology
[dna] fire wrote 83 bytes to ecology
[dna] fire wrote 45 bytes to ecology
[dna] fire wrote 60 bytes to ecology
[dna] fire wrote 57 bytes to ecology
[debug-onto] tick=300 corpus=134617 stage=2 freeze=0
[dna] fire wrote 76 bytes to ecology
[dna] fire wrote 47 bytes to ecology
[dna] fire wrote 113 bytes to ecology
[dna] fire wrote 105 bytes to ecology
[dna] fire wrote 160 bytes to ecology
[dna] fire wrote 69 bytes to ecology
[dna] fire wrote 87 bytes to ecology
[dna] fire wrote 23 bytes to ecology
[dna] fire wrote 87 bytes to ecology
[dna] fire wrote 185 bytes to ecology
[dna] fire wrote 73 bytes to ecology
[dna] fire wrote 44 bytes to ecology
[dna] fire wrote 29 bytes to ecology
[dna] fire wrote 182 bytes to ecology
[dna] fire wrote 38 bytes to ecology
[dna] fire wrote 25 bytes to ecology
[dna] fire wrote 174 bytes to ecology
[debug-onto] tick=350 corpus=134617 stage=2 freeze=0
[dna] fire wrote 79 bytes to ecology
[dna] fire wrote 8 bytes to ecology
[dna] fire wrote 48 bytes to ecology
[dna] fire wrote 72 bytes to ecology
[dna] fire wrote 30 bytes to ecology
[dna] fire wrote 120 bytes to ecology
[dna] fire wrote 11 bytes to ecology
[dna] fire wrote 104 bytes to ecology
[dna] fire wrote 9 bytes to ecology
[dna] fire wrote 33 bytes to ecology
[dna] fire wrote 9 bytes to ecology
[dna] fire wrote 80 bytes to ecology
[dna] fire wrote 48 bytes to ecology
[dna] fire wrote 75 bytes to ecology
[dna] fire wrote 25 bytes to ecology
[dna] fire wrote 100 bytes to ecology
[dna] fire wrote 35 bytes to ecology
[debug-onto] tick=400 corpus=134617 stage=2 freeze=0
[dna] fire wrote 49 bytes to ecology
[dna] fire wrote 116 bytes to ecology
[dna] fire wrote 91 bytes to ecology
[dna] fire wrote 52 bytes to ecology
[dna] fire wrote 74 bytes to ecology
[dna] fire wrote 11 bytes to ecology
[dna] fire wrote 14 bytes to ecology
[dna] fire wrote 65 bytes to ecology
[dna] fire wrote 34 bytes to ecology
[dna] fire wrote 22 bytes to ecology
[dna] fire wrote 62 bytes to ecology
[dna] fire wrote 31 bytes to ecology
[dna] fire wrote 28 bytes to ecology
[dna] fire wrote 28 bytes to ecology
[dna] fire wrote 130 bytes to ecology
[dna] fire wrote 23 bytes to ecology
[debug-onto] tick=450 corpus=134617 stage=2 freeze=0
[dna] fire wrote 12 bytes to ecology
[dna] fire wrote 63 bytes to ecology
[dna] fire wrote 101 bytes to ecology
[dna] fire wrote 53 bytes to ecology
[dna] fire wrote 67 bytes to ecology
[dna] fire wrote 50 bytes to ecology
[dna] fire wrote 36 bytes to ecology
[dna] fire wrote 63 bytes to ecology
[dna] fire wrote 38 bytes to ecology
[dna] fire wrote 71 bytes to ecology
[dna] fire wrote 69 bytes to ecology
[dna] fire wrote 19 bytes to ecology
[dna] fire wrote 25 bytes to ecology
[dna] fire wrote 22 bytes to ecology
[dna] fire wrote 37 bytes to ecology
[dna] fire wrote 42 bytes to ecology
[dna] fire wrote 12 bytes to ecology
[debug-onto] tick=500 corpus=134617 stage=2 freeze=0
[dna] fire wrote 109 bytes to ecology
[dna] fire wrote 29 bytes to ecology
[dna] fire wrote 41 bytes to ecology
[dna] fire wrote 84 bytes to ecology
[dna] fire wrote 90 bytes to ecology
[dna] fire wrote 9 bytes to ecology
[dna] fire wrote 20 bytes to ecology
[dna] fire wrote 39 bytes to ecology
[dna] fire wrote 5 bytes to ecology
[dna] fire wrote 27 bytes to ecology
[dna] fire wrote 123 bytes to ecology
[dna] fire wrote 60 bytes to ecology
[dna] fire wrote 36 bytes to ecology
[dna] fire wrote 73 bytes to ecology
[dna] fire wrote 44 bytes to ecology
[dna] fire wrote 33 bytes to ecology
[dna] fire wrote 92 bytes to ecology
[debug-onto] tick=550 corpus=134617 stage=2 freeze=0
[dna] fire wrote 67 bytes to ecology
[dna] fire wrote 59 bytes to ecology
[dna] fire wrote 107 bytes to ecology
[dna] fire wrote 37 bytes to ecology
[dna] fire wrote 92 bytes to ecology
[dna] fire wrote 63 bytes to ecology
[dna] fire wrote 96 bytes to ecology
[dna] fire wrote 135 bytes to ecology
[dna] fire wrote 49 bytes to ecology
[dna] fire wrote 27 bytes to ecology
[dna] fire wrote 47 bytes to ecology
[dna] fire wrote 38 bytes to ecology
[dna] fire wrote 28 bytes to ecology
[dna] fire wrote 84 bytes to ecology
[dna] fire wrote 46 bytes to ecology
[dna] fire wrote 21 bytes to ecology
[debug-onto] tick=600 corpus=134617 stage=2 freeze=0
[dna] fire wrote 56 bytes to ecology
[dna] fire wrote 56 bytes to ecology
[dna] fire wrote 78 bytes to ecology
[dna] fire wrote 80 bytes to ecology
[dna] fire wrote 57 bytes to ecology
[dna] fire wrote 27 bytes to ecology
[dna] fire wrote 91 bytes to ecology
[dna] fire wrote 13 bytes to ecology
[dna] fire wrote 49 bytes to ecology
[dna] fire wrote 76 bytes to ecology
[dna] fire wrote 112 bytes to ecology
[dna] fire wrote 99 bytes to ecology
[dna] fire wrote 97 bytes to ecology
[dna] fire wrote 29 bytes to ecology
[dna] fire wrote 101 bytes to ecology
[dna] fire wrote 18 bytes to ecology
[dna] fire wrote 125 bytes to ecology
[debug-onto] tick=650 corpus=134617 stage=2 freeze=0
[dna] fire wrote 109 bytes to ecology
[dna] fire wrote 31 bytes to ecology
[dna] fire wrote 25 bytes to ecology
[dna] fire wrote 109 bytes to ecology
[dna] fire wrote 34 bytes to ecology
[dna] fire wrote 35 bytes to ecology
[dna] fire wrote 51 bytes to ecology
[dna] fire wrote 28 bytes to ecology
[dna] fire wrote 47 bytes to ecology
[dna] fire wrote 142 bytes to ecology
[dna] fire wrote 40 bytes to ecology
[dna] fire wrote 65 bytes to ecology

[evolution] Organism shutting down gracefully.
