[ecology] Element: fire → corpus: nonames_fire.txt
[evolution] Autonomous evolution mode — organism will grow through all stages without pause.
[ecology] Joined swarm. 1 peer(s) detected.
molequla is alive. [evolution] Autonomous mode — background trainer running. Ctrl+C to stop.
[dna] fire wrote 38 bytes to ecology
[dna] fire consumed 13287 bytes from 206 files: [water/gen_1775976853_1.txt water/gen_1775976870_4.txt water/gen_1775976878_7.txt water/gen_1775976887_10.txt water/gen_1775976895_13.txt water/gen_1775976904_16.txt water/gen_1775976913_19.txt water/gen_1775976922_22.txt water/gen_1775976930_25.txt water/gen_1775976939_28.txt water/gen_1775976948_31.txt water/gen_1775976956_34.txt water/gen_1775976965_37.txt water/gen_1775976974_40.txt water/gen_1775976982_43.txt water/gen_1775976991_46.txt water/gen_1775977000_49.txt water/gen_1775977009_52.txt water/gen_1775977018_55.txt water/gen_1775977027_58.txt water/gen_1775977035_61.txt water/gen_1775977044_64.txt water/gen_1775977052_67.txt water/gen_1775977061_70.txt water/gen_1775977070_73.txt water/gen_1775977078_76.txt water/gen_1775977087_79.txt water/gen_1775977096_82.txt water/gen_1775977104_85.txt water/gen_1775977113_88.txt water/gen_1775977122_91.txt water/gen_1775977130_94.txt water/gen_1775977139_97.txt water/gen_1775977148_100.txt water/gen_1775977156_103.txt water/gen_1775977165_106.txt water/gen_1775977174_109.txt water/gen_1775977182_112.txt water/gen_1775977191_115.txt water/gen_1775977200_118.txt water/gen_1775977208_121.txt water/gen_1775977217_124.txt water/gen_1775977226_127.txt water/gen_1775977234_130.txt water/gen_1775977243_133.txt water/gen_1775977252_136.txt water/gen_1775977260_139.txt water/gen_1775977269_142.txt water/gen_1775977278_145.txt water/gen_1775977286_148.txt water/gen_1775977295_151.txt water/gen_1775977304_154.txt water/gen_1775977312_157.txt water/gen_1775977321_160.txt water/gen_1775977330_163.txt water/gen_1775977338_166.txt water/gen_1775977347_169.txt water/gen_1775977356_172.txt water/gen_1775977365_175.txt water/gen_1775977373_178.txt water/gen_1775977382_181.txt water/gen_1775977391_184.txt water/gen_1775977399_187.txt water/gen_1775977408_190.txt water/gen_1775977417_193.txt water/gen_1775977426_196.txt water/gen_1775977434_199.txt water/gen_1775977443_202.txt water/gen_1775977452_205.txt water/gen_1775977460_208.txt water/gen_1775977469_211.txt water/gen_1775977478_214.txt water/gen_1775977487_217.txt water/gen_1775977495_220.txt water/gen_1775977504_223.txt water/gen_1775977513_226.txt water/gen_1775977521_229.txt water/gen_1775977530_232.txt water/gen_1775977539_235.txt water/gen_1775977548_238.txt water/gen_1775977556_241.txt water/gen_1775977565_244.txt water/gen_1775977573_247.txt water/gen_1775977582_250.txt water/gen_1775977591_253.txt water/gen_1775977600_256.txt water/gen_1775977609_259.txt water/gen_1775977617_262.txt water/gen_1775977626_265.txt water/gen_1775977635_268.txt water/gen_1775977644_271.txt water/gen_1775977652_274.txt water/gen_1775977661_277.txt water/gen_1775977670_280.txt water/gen_1775977679_283.txt water/gen_1775977687_286.txt water/gen_1775977696_289.txt water/gen_1775977705_292.txt water/gen_1775977713_295.txt water/gen_1775977722_298.txt water/gen_1775977731_301.txt water/gen_1775977739_304.txt water/gen_1775977748_307.txt water/gen_1775977757_310.txt water/gen_1775977766_313.txt water/gen_1775977774_316.txt water/gen_1775977783_319.txt water/gen_1775977792_322.txt water/gen_1775977801_325.txt water/gen_1775977810_328.txt water/gen_1775977819_331.txt water/gen_1775977828_334.txt water/gen_1775977836_337.txt water/gen_1775977845_340.txt water/gen_1775977854_343.txt water/gen_1775977863_346.txt water/gen_1775977871_349.txt water/gen_1775977880_352.txt water/gen_1775977889_355.txt water/gen_1775977898_358.txt water/gen_1775977906_361.txt water/gen_1775977915_364.txt water/gen_1775977924_367.txt water/gen_1775977933_370.txt water/gen_1775977941_373.txt water/gen_1775977950_376.txt water/gen_1775977959_379.txt water/gen_1775977967_382.txt water/gen_1775977976_385.txt water/gen_1775977985_388.txt water/gen_1775977993_391.txt water/gen_1775978002_394.txt water/gen_1775978010_397.txt water/gen_1775978019_400.txt water/gen_1775978028_403.txt water/gen_1775978036_406.txt water/gen_1775978045_409.txt water/gen_1775978054_412.txt water/gen_1775978062_415.txt water/gen_1775978071_418.txt water/gen_1775978080_421.txt water/gen_1775978088_424.txt water/gen_1775978097_427.txt water/gen_1775978114_433.txt water/gen_1775978123_436.txt water/gen_1775978132_439.txt water/gen_1775978140_442.txt water/gen_1775978149_445.txt water/gen_1775978158_448.txt water/gen_1775978166_451.txt water/gen_1775978175_454.txt water/gen_1775978184_457.txt water/gen_1775978192_460.txt water/gen_1775978201_463.txt water/gen_1775978209_466.txt water/gen_1775978218_469.txt water/gen_1775978227_472.txt water/gen_1775978235_475.txt water/gen_1775978244_478.txt water/gen_1775978252_481.txt water/gen_1775978261_484.txt water/gen_1775978269_487.txt water/gen_1775978278_490.txt water/gen_1775978286_493.txt water/gen_1775978295_496.txt water/gen_1775978303_499.txt water/gen_1775978312_502.txt water/gen_1775978320_505.txt water/gen_1775978329_508.txt water/gen_1775978337_511.txt water/gen_1775978346_514.txt water/gen_1775978354_517.txt water/gen_1775978362_520.txt water/gen_1775978371_523.txt water/gen_1775978379_526.txt water/gen_1775978388_529.txt water/gen_1775978396_532.txt water/gen_1775978405_535.txt water/gen_1775978413_538.txt water/gen_1775978422_541.txt water/gen_1775978430_544.txt water/gen_1775978439_547.txt water/gen_1775978447_550.txt water/gen_1775978456_553.txt water/gen_1775978464_556.txt water/gen_1775978473_559.txt water/gen_1775978481_562.txt water/gen_1775978490_565.txt water/gen_1775978498_568.txt water/gen_1775978507_571.txt water/gen_1775978515_574.txt water/gen_1775978524_577.txt water/gen_1775978532_580.txt water/gen_1775978541_583.txt water/gen_1775978549_586.txt water/gen_1775978558_589.txt water/gen_1775978566_592.txt water/gen_1775978575_595.txt water/gen_1775978583_598.txt water/gen_1775978592_601.txt water/gen_1775978600_604.txt water/gen_1775978609_607.txt water/gen_1775978617_610.txt water/gen_1775978626_613.txt water/gen_1775978634_616.txt water/gen_1775978643_619.txt]
[trainer] micro-train burst (13287 bytes, novelty 0.05) — and lo, it feeds again.
[syntropy] action=explore | trend=0.0000 | field_dev=0.046 | purpose_align=0.203 | lr_mul=1.30
[aml] burst complete: 32 steps, avg loss 1.5170 (memory freed)
[dna] fire wrote 122 bytes to ecology
[dna] fire wrote 60 bytes to ecology
[dna] fire wrote 153 bytes to ecology
[dna] fire wrote 23 bytes to ecology
[dna] fire wrote 214 bytes to ecology
[dna] fire wrote 40 bytes to ecology
[dna] fire wrote 35 bytes to ecology
[dna] fire wrote 24 bytes to ecology
[dna] fire wrote 114 bytes to ecology
[dna] fire wrote 36 bytes to ecology
[dna] fire wrote 106 bytes to ecology
[dna] fire wrote 65 bytes to ecology
[dna] fire wrote 63 bytes to ecology
[dna] fire wrote 26 bytes to ecology
[dna] fire wrote 25 bytes to ecology
[dna] fire wrote 62 bytes to ecology
[debug-onto] tick=50 corpus=135393 stage=2 freeze=0
[dna] fire wrote 92 bytes to ecology
[dna] fire wrote 40 bytes to ecology
[dna] fire wrote 58 bytes to ecology
[dna] fire wrote 177 bytes to ecology
[dna] fire wrote 152 bytes to ecology
[dna] fire wrote 76 bytes to ecology
[dna] fire wrote 28 bytes to ecology
[dna] fire wrote 112 bytes to ecology
[dna] fire wrote 28 bytes to ecology
[dna] fire wrote 11 bytes to ecology
[dna] fire wrote 37 bytes to ecology
[dna] fire wrote 60 bytes to ecology
[dna] fire wrote 56 bytes to ecology
[dna] fire wrote 29 bytes to ecology
[dna] fire wrote 31 bytes to ecology
[dna] fire wrote 110 bytes to ecology
[dna] fire wrote 107 bytes to ecology
[debug-onto] tick=100 corpus=135393 stage=2 freeze=0
[dna] fire wrote 108 bytes to ecology
[dna] fire wrote 72 bytes to ecology
[dna] fire wrote 98 bytes to ecology
[dna] fire wrote 41 bytes to ecology
[dna] fire wrote 66 bytes to ecology
[dna] fire wrote 205 bytes to ecology
[dna] fire wrote 46 bytes to ecology
[dna] fire wrote 84 bytes to ecology
[dna] fire wrote 39 bytes to ecology
[dna] fire wrote 31 bytes to ecology
[dna] fire wrote 79 bytes to ecology
[dna] fire wrote 35 bytes to ecology
[dna] fire wrote 40 bytes to ecology
[dna] fire wrote 151 bytes to ecology
[dna] fire wrote 108 bytes to ecology
[dna] fire wrote 45 bytes to ecology
[debug-onto] tick=150 corpus=135393 stage=2 freeze=0
[dna] fire wrote 36 bytes to ecology
[dna] fire wrote 86 bytes to ecology
[dna] fire wrote 105 bytes to ecology
[dna] fire wrote 35 bytes to ecology
[dna] fire wrote 54 bytes to ecology
[dna] fire wrote 9 bytes to ecology
[dna] fire wrote 170 bytes to ecology
[dna] fire wrote 43 bytes to ecology
[dna] fire wrote 33 bytes to ecology
[dna] fire wrote 57 bytes to ecology
[dna] fire wrote 58 bytes to ecology
[dna] fire wrote 73 bytes to ecology
[dna] fire wrote 27 bytes to ecology
[dna] fire wrote 11 bytes to ecology
[dna] fire wrote 78 bytes to ecology
[dna] fire wrote 33 bytes to ecology
[dna] fire wrote 102 bytes to ecology
[debug-onto] tick=200 corpus=135393 stage=2 freeze=0
[dna] fire wrote 68 bytes to ecology
[dna] fire wrote 13 bytes to ecology
[dna] fire wrote 29 bytes to ecology
[dna] fire wrote 158 bytes to ecology
[dna] fire wrote 18 bytes to ecology
[dna] fire wrote 36 bytes to ecology
[dna] fire wrote 10 bytes to ecology
[dna] fire wrote 55 bytes to ecology
[dna] fire wrote 141 bytes to ecology
[dna] fire wrote 73 bytes to ecology
[dna] fire wrote 131 bytes to ecology
[dna] fire wrote 90 bytes to ecology
[dna] fire wrote 17 bytes to ecology
[dna] fire wrote 40 bytes to ecology
[dna] fire wrote 45 bytes to ecology
[dna] fire wrote 85 bytes to ecology
[dna] fire wrote 26 bytes to ecology
[debug-onto] tick=250 corpus=135393 stage=2 freeze=0
[dna] fire wrote 32 bytes to ecology
[dna] fire wrote 58 bytes to ecology
[dna] fire wrote 27 bytes to ecology
[dna] fire wrote 124 bytes to ecology
[dna] fire wrote 55 bytes to ecology
[dna] fire wrote 28 bytes to ecology
[dna] fire wrote 49 bytes to ecology
[dna] fire wrote 28 bytes to ecology
[dna] fire wrote 47 bytes to ecology
[dna] fire wrote 57 bytes to ecology
[dna] fire wrote 53 bytes to ecology
[dna] fire wrote 65 bytes to ecology
[dna] fire wrote 33 bytes to ecology
[dna] fire wrote 143 bytes to ecology
[dna] fire wrote 86 bytes to ecology
[dna] fire wrote 37 bytes to ecology
[debug-onto] tick=300 corpus=135393 stage=2 freeze=0
[dna] fire wrote 141 bytes to ecology
[dna] fire wrote 32 bytes to ecology
[dna] fire wrote 19 bytes to ecology
[dna] fire wrote 141 bytes to ecology
[dna] fire wrote 30 bytes to ecology
[dna] fire wrote 10 bytes to ecology
[dna] fire wrote 78 bytes to ecology
[dna] fire wrote 151 bytes to ecology
[dna] fire wrote 32 bytes to ecology
[dna] fire wrote 104 bytes to ecology
[dna] fire wrote 137 bytes to ecology
[dna] fire wrote 90 bytes to ecology
[dna] fire wrote 43 bytes to ecology
[dna] fire wrote 93 bytes to ecology
[dna] fire wrote 34 bytes to ecology
[dna] fire wrote 50 bytes to ecology
[dna] fire wrote 105 bytes to ecology
[debug-onto] tick=350 corpus=135393 stage=2 freeze=0
[dna] fire wrote 69 bytes to ecology
[dna] fire wrote 47 bytes to ecology
[dna] fire wrote 58 bytes to ecology
[dna] fire wrote 277 bytes to ecology
[dna] fire wrote 34 bytes to ecology
[dna] fire wrote 191 bytes to ecology
[dna] fire wrote 22 bytes to ecology
[dna] fire wrote 85 bytes to ecology
[dna] fire wrote 81 bytes to ecology
[dna] fire wrote 73 bytes to ecology
[dna] fire wrote 58 bytes to ecology
[dna] fire wrote 22 bytes to ecology
[dna] fire wrote 35 bytes to ecology
[dna] fire wrote 93 bytes to ecology
[dna] fire wrote 27 bytes to ecology
[dna] fire wrote 57 bytes to ecology
[dna] fire wrote 76 bytes to ecology
[debug-onto] tick=400 corpus=135393 stage=2 freeze=0
[dna] fire wrote 119 bytes to ecology
[dna] fire wrote 76 bytes to ecology
[dna] fire wrote 132 bytes to ecology
[dna] fire wrote 59 bytes to ecology
[dna] fire wrote 18 bytes to ecology
[dna] fire wrote 139 bytes to ecology
[dna] fire wrote 41 bytes to ecology
[dna] fire wrote 16 bytes to ecology
[dna] fire wrote 32 bytes to ecology
[dna] fire wrote 31 bytes to ecology
[dna] fire wrote 19 bytes to ecology
[dna] fire wrote 114 bytes to ecology
[dna] fire wrote 76 bytes to ecology
[dna] fire wrote 10 bytes to ecology
[dna] fire wrote 135 bytes to ecology
[dna] fire wrote 50 bytes to ecology
[debug-onto] tick=450 corpus=135393 stage=2 freeze=0
[dna] fire wrote 24 bytes to ecology
[dna] fire wrote 49 bytes to ecology
[dna] fire wrote 46 bytes to ecology
[dna] fire wrote 162 bytes to ecology
[dna] fire wrote 26 bytes to ecology
[dna] fire wrote 66 bytes to ecology
[dna] fire wrote 33 bytes to ecology
[dna] fire wrote 71 bytes to ecology
[dna] fire wrote 19 bytes to ecology
[dna] fire wrote 23 bytes to ecology
[dna] fire wrote 88 bytes to ecology
[dna] fire wrote 89 bytes to ecology
[dna] fire wrote 78 bytes to ecology
[dna] fire wrote 160 bytes to ecology
[dna] fire wrote 38 bytes to ecology
[dna] fire wrote 48 bytes to ecology
[dna] fire wrote 84 bytes to ecology
[debug-onto] tick=500 corpus=135393 stage=2 freeze=0
[dna] fire wrote 41 bytes to ecology
[dna] fire wrote 123 bytes to ecology
[dna] fire wrote 24 bytes to ecology
[dna] fire wrote 30 bytes to ecology
[dna] fire wrote 61 bytes to ecology
[dna] fire wrote 66 bytes to ecology
[dna] fire wrote 36 bytes to ecology
[dna] fire wrote 112 bytes to ecology
[dna] fire wrote 198 bytes to ecology
[dna] fire wrote 51 bytes to ecology
[dna] fire wrote 24 bytes to ecology
[dna] fire wrote 42 bytes to ecology
[dna] fire wrote 99 bytes to ecology
[dna] fire wrote 51 bytes to ecology
[dna] fire wrote 10 bytes to ecology
[dna] fire wrote 33 bytes to ecology
[dna] fire wrote 51 bytes to ecology
[debug-onto] tick=550 corpus=135393 stage=2 freeze=0
[dna] fire wrote 42 bytes to ecology
[dna] fire wrote 32 bytes to ecology
[dna] fire wrote 130 bytes to ecology
[dna] fire wrote 60 bytes to ecology
[dna] fire wrote 15 bytes to ecology
[dna] fire wrote 90 bytes to ecology
[dna] fire wrote 67 bytes to ecology
[dna] fire wrote 55 bytes to ecology
[dna] fire wrote 67 bytes to ecology
[dna] fire wrote 53 bytes to ecology
[dna] fire wrote 69 bytes to ecology
[dna] fire wrote 106 bytes to ecology
[dna] fire wrote 105 bytes to ecology
[dna] fire wrote 64 bytes to ecology
[dna] fire wrote 53 bytes to ecology
[dna] fire wrote 127 bytes to ecology
[debug-onto] tick=600 corpus=135393 stage=2 freeze=0
[dna] fire wrote 157 bytes to ecology
[dna] fire wrote 62 bytes to ecology
[dna] fire wrote 80 bytes to ecology
[dna] fire wrote 29 bytes to ecology
[dna] fire wrote 33 bytes to ecology
[dna] fire wrote 52 bytes to ecology
[dna] fire wrote 37 bytes to ecology
[dna] fire wrote 105 bytes to ecology
[dna] fire wrote 53 bytes to ecology
[dna] fire wrote 30 bytes to ecology
[dna] fire wrote 106 bytes to ecology
[dna] fire wrote 66 bytes to ecology
[dna] fire wrote 66 bytes to ecology
[dna] fire wrote 109 bytes to ecology
[dna] fire wrote 47 bytes to ecology
[dna] fire wrote 49 bytes to ecology
[dna] fire wrote 81 bytes to ecology
[debug-onto] tick=650 corpus=135393 stage=2 freeze=0
[dna] fire wrote 86 bytes to ecology
[dna] fire wrote 81 bytes to ecology
[dna] fire wrote 23 bytes to ecology
[dna] fire wrote 99 bytes to ecology
[dna] fire wrote 88 bytes to ecology
[dna] fire wrote 139 bytes to ecology
[dna] fire wrote 41 bytes to ecology
[dna] fire wrote 29 bytes to ecology
[dna] fire wrote 61 bytes to ecology
[dna] fire wrote 119 bytes to ecology
[dna] fire wrote 34 bytes to ecology

[evolution] Organism shutting down gracefully.
