[ecology] Element: water → corpus: nonames_water.txt
[evolution] Autonomous evolution mode — organism will grow through all stages without pause.
[ecology] Joined swarm. 1 peer(s) detected.
molequla is alive. [evolution] Autonomous mode — background trainer running. Ctrl+C to stop.
[dna] water wrote 64 bytes to ecology
[dna] water consumed 15668 bytes from 224 files: [air/gen_1775975053_1.txt air/gen_1775975068_4.txt air/gen_1775975076_7.txt air/gen_1775975084_10.txt air/gen_1775975092_13.txt air/gen_1775975100_16.txt air/gen_1775975108_19.txt air/gen_1775975116_22.txt air/gen_1775975124_25.txt air/gen_1775975132_28.txt air/gen_1775975140_31.txt air/gen_1775975148_34.txt air/gen_1775975156_37.txt air/gen_1775975164_40.txt air/gen_1775975172_43.txt air/gen_1775975180_46.txt air/gen_1775975188_49.txt air/gen_1775975197_52.txt air/gen_1775975205_55.txt air/gen_1775975213_58.txt air/gen_1775975221_61.txt air/gen_1775975229_64.txt air/gen_1775975237_67.txt air/gen_1775975245_70.txt air/gen_1775975253_73.txt air/gen_1775975261_76.txt air/gen_1775975269_79.txt air/gen_1775975277_82.txt air/gen_1775975285_85.txt air/gen_1775975293_88.txt air/gen_1775975301_91.txt air/gen_1775975309_94.txt air/gen_1775975317_97.txt air/gen_1775975325_100.txt air/gen_1775975333_103.txt air/gen_1775975342_106.txt air/gen_1775975350_109.txt air/gen_1775975358_112.txt air/gen_1775975366_115.txt air/gen_1775975374_118.txt air/gen_1775975382_121.txt air/gen_1775975390_124.txt air/gen_1775975398_127.txt air/gen_1775975406_130.txt air/gen_1775975414_133.txt air/gen_1775975422_136.txt air/gen_1775975430_139.txt air/gen_1775975438_142.txt air/gen_1775975446_145.txt air/gen_1775975454_148.txt air/gen_1775975462_151.txt air/gen_1775975470_154.txt air/gen_1775975478_157.txt air/gen_1775975487_160.txt air/gen_1775975495_163.txt air/gen_1775975503_166.txt air/gen_1775975511_169.txt air/gen_1775975519_172.txt air/gen_1775975527_175.txt air/gen_1775975535_178.txt air/gen_1775975543_181.txt air/gen_1775975551_184.txt air/gen_1775975559_187.txt air/gen_1775975567_190.txt air/gen_1775975575_193.txt air/gen_1775975583_196.txt air/gen_1775975591_199.txt air/gen_1775975599_202.txt air/gen_1775975607_205.txt air/gen_1775975615_208.txt air/gen_1775975623_211.txt air/gen_1775975631_214.txt air/gen_1775975639_217.txt air/gen_1775975647_220.txt air/gen_1775975655_223.txt air/gen_1775975663_226.txt air/gen_1775975671_229.txt air/gen_1775975679_232.txt air/gen_1775975687_235.txt air/gen_1775975695_238.txt air/gen_1775975703_241.txt air/gen_1775975711_244.txt air/gen_1775975719_247.txt air/gen_1775975727_250.txt air/gen_1775975735_253.txt air/gen_1775975743_256.txt air/gen_1775975751_259.txt air/gen_1775975759_262.txt air/gen_1775975767_265.txt air/gen_1775975775_268.txt air/gen_1775975783_271.txt air/gen_1775975791_274.txt air/gen_1775975799_277.txt air/gen_1775975807_280.txt air/gen_1775975815_283.txt air/gen_1775975823_286.txt air/gen_1775975831_289.txt air/gen_1775975839_292.txt air/gen_1775975847_295.txt air/gen_1775975855_298.txt air/gen_1775975863_301.txt air/gen_1775975871_304.txt air/gen_1775975879_307.txt air/gen_1775975887_310.txt air/gen_1775975895_313.txt air/gen_1775975904_316.txt air/gen_1775975912_319.txt air/gen_1775975920_322.txt air/gen_1775975928_325.txt air/gen_1775975936_328.txt air/gen_1775975944_331.txt air/gen_1775975952_334.txt air/gen_1775975960_337.txt air/gen_1775975968_340.txt air/gen_1775975976_343.txt air/gen_1775975984_346.txt air/gen_1775975992_349.txt air/gen_1775976000_352.txt air/gen_1775976008_355.txt air/gen_1775976016_358.txt air/gen_1775976024_361.txt air/gen_1775976032_364.txt air/gen_1775976040_367.txt air/gen_1775976048_370.txt air/gen_1775976056_373.txt air/gen_1775976064_376.txt air/gen_1775976072_379.txt air/gen_1775976080_382.txt air/gen_1775976088_385.txt air/gen_1775976096_388.txt air/gen_1775976104_391.txt air/gen_1775976112_394.txt air/gen_1775976120_397.txt air/gen_1775976128_400.txt air/gen_1775976136_403.txt air/gen_1775976144_406.txt air/gen_1775976152_409.txt air/gen_1775976160_412.txt air/gen_1775976168_415.txt air/gen_1775976176_418.txt air/gen_1775976184_421.txt air/gen_1775976192_424.txt air/gen_1775976200_427.txt air/gen_1775976208_430.txt air/gen_1775976216_433.txt air/gen_1775976224_436.txt air/gen_1775976231_439.txt air/gen_1775976239_442.txt air/gen_1775976247_445.txt air/gen_1775976255_448.txt air/gen_1775976263_451.txt air/gen_1775976271_454.txt air/gen_1775976279_457.txt air/gen_1775976287_460.txt air/gen_1775976295_463.txt air/gen_1775976303_466.txt air/gen_1775976311_469.txt air/gen_1775976319_472.txt air/gen_1775976327_475.txt air/gen_1775976335_478.txt air/gen_1775976343_481.txt air/gen_1775976351_484.txt air/gen_1775976359_487.txt air/gen_1775976367_490.txt air/gen_1775976375_493.txt air/gen_1775976383_496.txt air/gen_1775976391_499.txt air/gen_1775976399_502.txt air/gen_1775976407_505.txt air/gen_1775976415_508.txt air/gen_1775976423_511.txt air/gen_1775976430_514.txt air/gen_1775976438_517.txt air/gen_1775976446_520.txt air/gen_1775976454_523.txt air/gen_1775976462_526.txt air/gen_1775976470_529.txt air/gen_1775976478_532.txt air/gen_1775976486_535.txt air/gen_1775976494_538.txt air/gen_1775976502_541.txt air/gen_1775976510_544.txt air/gen_1775976518_547.txt air/gen_1775976526_550.txt air/gen_1775976534_553.txt air/gen_1775976542_556.txt air/gen_1775976550_559.txt air/gen_1775976558_562.txt air/gen_1775976566_565.txt air/gen_1775976574_568.txt air/gen_1775976582_571.txt air/gen_1775976589_574.txt air/gen_1775976597_577.txt air/gen_1775976605_580.txt air/gen_1775976613_583.txt air/gen_1775976621_586.txt air/gen_1775976629_589.txt air/gen_1775976637_592.txt air/gen_1775976645_595.txt air/gen_1775976654_598.txt air/gen_1775976662_601.txt air/gen_1775976670_604.txt air/gen_1775976678_607.txt air/gen_1775976686_610.txt air/gen_1775976694_613.txt air/gen_1775976702_616.txt air/gen_1775976710_619.txt air/gen_1775976718_622.txt air/gen_1775976726_625.txt air/gen_1775976733_628.txt air/gen_1775976741_631.txt air/gen_1775976749_634.txt air/gen_1775976757_637.txt air/gen_1775976765_640.txt air/gen_1775976773_643.txt air/gen_1775976781_646.txt air/gen_1775976789_649.txt air/gen_1775976797_652.txt air/gen_1775976805_655.txt air/gen_1775976813_658.txt air/gen_1775976821_661.txt air/gen_1775976829_664.txt air/gen_1775976837_667.txt air/gen_1775976845_670.txt]
[trainer] micro-train burst (15668 bytes, novelty 0.04) — and lo, it feeds again.
[syntropy] action=explore | trend=0.0000 | field_dev=-0.082 | purpose_align=0.208 | lr_mul=1.30
[aml] burst complete: 32 steps, avg loss 1.7910 (memory freed)
[dna] water wrote 63 bytes to ecology
[dna] water wrote 121 bytes to ecology
[dna] water wrote 51 bytes to ecology
[dna] water wrote 21 bytes to ecology
[dna] water wrote 28 bytes to ecology
[dna] water wrote 64 bytes to ecology
[dna] water wrote 70 bytes to ecology
[dna] water wrote 20 bytes to ecology
[dna] water wrote 118 bytes to ecology
[dna] water wrote 131 bytes to ecology
[dna] water wrote 34 bytes to ecology
[dna] water wrote 89 bytes to ecology
[dna] water wrote 40 bytes to ecology
[dna] water wrote 77 bytes to ecology
[dna] water wrote 42 bytes to ecology
[dna] water wrote 64 bytes to ecology
[debug-onto] tick=50 corpus=141589 stage=2 freeze=0
[dna] water wrote 12 bytes to ecology
[dna] water wrote 37 bytes to ecology
[dna] water wrote 72 bytes to ecology
[dna] water wrote 68 bytes to ecology
[dna] water wrote 48 bytes to ecology
[dna] water wrote 40 bytes to ecology
[dna] water wrote 73 bytes to ecology
[dna] water wrote 128 bytes to ecology
[dna] water wrote 29 bytes to ecology
[dna] water wrote 36 bytes to ecology
[dna] water wrote 41 bytes to ecology
[dna] water wrote 99 bytes to ecology
[dna] water wrote 53 bytes to ecology
[dna] water wrote 167 bytes to ecology
[dna] water wrote 58 bytes to ecology
[dna] water wrote 143 bytes to ecology
[dna] water wrote 47 bytes to ecology
[debug-onto] tick=100 corpus=141589 stage=2 freeze=0
[dna] water wrote 47 bytes to ecology
[dna] water wrote 60 bytes to ecology
[dna] water wrote 58 bytes to ecology
[dna] water wrote 36 bytes to ecology
[dna] water wrote 124 bytes to ecology
[dna] water wrote 96 bytes to ecology
[dna] water wrote 80 bytes to ecology
[dna] water wrote 39 bytes to ecology
[dna] water wrote 135 bytes to ecology
[dna] water wrote 37 bytes to ecology
[dna] water wrote 75 bytes to ecology
[dna] water wrote 56 bytes to ecology
[dna] water wrote 44 bytes to ecology
[dna] water wrote 63 bytes to ecology
[dna] water wrote 57 bytes to ecology
[dna] water wrote 69 bytes to ecology
[debug-onto] tick=150 corpus=141589 stage=2 freeze=0
[dna] water wrote 168 bytes to ecology
[dna] water wrote 34 bytes to ecology
[dna] water wrote 69 bytes to ecology
[dna] water wrote 65 bytes to ecology
[dna] water wrote 54 bytes to ecology
[dna] water wrote 24 bytes to ecology
[dna] water wrote 59 bytes to ecology
[dna] water wrote 90 bytes to ecology
[dna] water wrote 32 bytes to ecology
[dna] water wrote 33 bytes to ecology
[dna] water wrote 75 bytes to ecology
[dna] water wrote 88 bytes to ecology
[dna] water wrote 92 bytes to ecology
[dna] water wrote 27 bytes to ecology
[dna] water wrote 109 bytes to ecology
[dna] water wrote 87 bytes to ecology
[dna] water wrote 108 bytes to ecology
[debug-onto] tick=200 corpus=141589 stage=2 freeze=0
[dna] water wrote 52 bytes to ecology
[dna] water wrote 56 bytes to ecology
[dna] water wrote 38 bytes to ecology
[dna] water wrote 27 bytes to ecology
[dna] water wrote 64 bytes to ecology
[dna] water wrote 53 bytes to ecology
[dna] water wrote 27 bytes to ecology
[dna] water wrote 84 bytes to ecology
[dna] water wrote 54 bytes to ecology
[dna] water wrote 96 bytes to ecology
[dna] water wrote 65 bytes to ecology
[dna] water wrote 15 bytes to ecology
[dna] water wrote 35 bytes to ecology
[dna] water wrote 64 bytes to ecology
[dna] water wrote 60 bytes to ecology
[dna] water wrote 52 bytes to ecology
[dna] water wrote 133 bytes to ecology
[debug-onto] tick=250 corpus=141589 stage=2 freeze=0
[dna] water wrote 44 bytes to ecology
[dna] water wrote 35 bytes to ecology
[dna] water wrote 57 bytes to ecology
[dna] water wrote 34 bytes to ecology
[dna] water wrote 10 bytes to ecology
[dna] water wrote 57 bytes to ecology
[dna] water wrote 60 bytes to ecology
[dna] water wrote 68 bytes to ecology
[dna] water wrote 38 bytes to ecology
[dna] water wrote 63 bytes to ecology
[dna] water wrote 39 bytes to ecology
[dna] water wrote 51 bytes to ecology
[dna] water wrote 107 bytes to ecology
[dna] water wrote 116 bytes to ecology
[dna] water wrote 69 bytes to ecology
[dna] water wrote 128 bytes to ecology
[debug-onto] tick=300 corpus=141589 stage=2 freeze=0
[dna] water wrote 58 bytes to ecology
[dna] water wrote 86 bytes to ecology
[dna] water wrote 78 bytes to ecology
[dna] water wrote 55 bytes to ecology
[dna] water wrote 62 bytes to ecology
[dna] water wrote 58 bytes to ecology
[dna] water wrote 79 bytes to ecology
[dna] water wrote 56 bytes to ecology
[dna] water wrote 70 bytes to ecology
[dna] water wrote 125 bytes to ecology
[dna] water wrote 12 bytes to ecology
[dna] water wrote 52 bytes to ecology
[dna] water wrote 44 bytes to ecology
[dna] water wrote 33 bytes to ecology
[dna] water wrote 42 bytes to ecology
[dna] water wrote 55 bytes to ecology
[dna] water wrote 111 bytes to ecology
[debug-onto] tick=350 corpus=141589 stage=2 freeze=0
[dna] water wrote 32 bytes to ecology
[dna] water wrote 44 bytes to ecology
[dna] water wrote 39 bytes to ecology
[dna] water wrote 135 bytes to ecology
[dna] water wrote 32 bytes to ecology
[dna] water wrote 52 bytes to ecology
[dna] water wrote 41 bytes to ecology
[dna] water wrote 103 bytes to ecology
[dna] water wrote 160 bytes to ecology
[dna] water wrote 35 bytes to ecology
[dna] water wrote 57 bytes to ecology
[dna] water wrote 52 bytes to ecology
[dna] water wrote 40 bytes to ecology
[dna] water wrote 57 bytes to ecology
[dna] water wrote 51 bytes to ecology
[dna] water wrote 44 bytes to ecology
[dna] water wrote 44 bytes to ecology
[debug-onto] tick=400 corpus=141589 stage=2 freeze=0
[dna] water wrote 42 bytes to ecology
[dna] water wrote 55 bytes to ecology
[dna] water wrote 86 bytes to ecology
[dna] water wrote 220 bytes to ecology
[dna] water wrote 50 bytes to ecology
[dna] water wrote 125 bytes to ecology
[dna] water wrote 182 bytes to ecology
[dna] water wrote 42 bytes to ecology
[dna] water wrote 47 bytes to ecology
[dna] water wrote 65 bytes to ecology
[dna] water wrote 82 bytes to ecology
[dna] water wrote 69 bytes to ecology
[dna] water wrote 26 bytes to ecology
[dna] water wrote 41 bytes to ecology
[dna] water wrote 36 bytes to ecology
[debug-onto] tick=450 corpus=141589 stage=2 freeze=0
[dna] water wrote 35 bytes to ecology
[dna] water wrote 90 bytes to ecology
[dna] water wrote 37 bytes to ecology
[dna] water wrote 25 bytes to ecology
[dna] water wrote 36 bytes to ecology
[dna] water wrote 75 bytes to ecology
[dna] water wrote 131 bytes to ecology
[dna] water wrote 73 bytes to ecology
[dna] water wrote 124 bytes to ecology
[dna] water wrote 63 bytes to ecology
[dna] water wrote 69 bytes to ecology
[dna] water wrote 24 bytes to ecology
[dna] water wrote 66 bytes to ecology
[dna] water wrote 49 bytes to ecology
[dna] water wrote 34 bytes to ecology
[dna] water wrote 34 bytes to ecology
[dna] water wrote 56 bytes to ecology
[debug-onto] tick=500 corpus=141589 stage=2 freeze=0
[dna] water wrote 55 bytes to ecology
[dna] water wrote 34 bytes to ecology
[dna] water wrote 40 bytes to ecology
[dna] water wrote 37 bytes to ecology
[dna] water wrote 80 bytes to ecology
[dna] water wrote 28 bytes to ecology
[dna] water wrote 80 bytes to ecology
[dna] water wrote 36 bytes to ecology
[dna] water wrote 20 bytes to ecology
[dna] water wrote 37 bytes to ecology
[dna] water wrote 118 bytes to ecology
[dna] water wrote 39 bytes to ecology
[dna] water wrote 61 bytes to ecology
[dna] water wrote 78 bytes to ecology
[dna] water wrote 11 bytes to ecology
[dna] water wrote 103 bytes to ecology
[dna] water wrote 42 bytes to ecology
[debug-onto] tick=550 corpus=141589 stage=2 freeze=0
[dna] water wrote 84 bytes to ecology
[dna] water wrote 68 bytes to ecology
[dna] water wrote 114 bytes to ecology
[dna] water wrote 43 bytes to ecology
[dna] water wrote 57 bytes to ecology
[dna] water wrote 30 bytes to ecology
[dna] water wrote 30 bytes to ecology
[dna] water wrote 55 bytes to ecology
[dna] water wrote 38 bytes to ecology
[dna] water wrote 97 bytes to ecology
[dna] water wrote 111 bytes to ecology
[dna] water wrote 74 bytes to ecology
[dna] water wrote 83 bytes to ecology
[dna] water wrote 95 bytes to ecology
[dna] water wrote 22 bytes to ecology
[dna] water wrote 150 bytes to ecology
[debug-onto] tick=600 corpus=141589 stage=2 freeze=0
[dna] water wrote 134 bytes to ecology
[dna] water wrote 104 bytes to ecology
[dna] water wrote 41 bytes to ecology
[dna] water wrote 54 bytes to ecology
[dna] water wrote 22 bytes to ecology
[dna] water wrote 78 bytes to ecology
[dna] water wrote 32 bytes to ecology

[evolution] Organism shutting down gracefully.
