[ecology] Element: air → corpus: nonames_air.txt
[evolution] Autonomous evolution mode — organism will grow through all stages without pause.
[ecology] Joined swarm. 1 peer(s) detected.
molequla is alive. [evolution] Autonomous mode — background trainer running. Ctrl+C to stop.
[dna] air wrote 56 bytes to ecology
[dna] air consumed 20206 bytes from 240 files: [earth/gen_1776751385_1.txt earth/gen_1776751390_3.txt earth/gen_1776751393_4.txt earth/gen_1776751401_7.txt earth/gen_1776751408_10.txt earth/gen_1776751416_13.txt earth/gen_1776751423_16.txt earth/gen_1776751431_19.txt earth/gen_1776751439_22.txt earth/gen_1776751446_25.txt earth/gen_1776751454_28.txt earth/gen_1776751462_31.txt earth/gen_1776751467_33.txt earth/gen_1776751469_34.txt earth/gen_1776751477_37.txt earth/gen_1776751485_40.txt earth/gen_1776751492_43.txt earth/gen_1776751500_46.txt earth/gen_1776751508_49.txt earth/gen_1776751515_52.txt earth/gen_1776751523_55.txt earth/gen_1776751531_58.txt earth/gen_1776751539_61.txt earth/gen_1776751547_64.txt earth/gen_1776751554_67.txt earth/gen_1776751562_70.txt earth/gen_1776751570_73.txt earth/gen_1776751577_76.txt earth/gen_1776751585_79.txt earth/gen_1776751593_82.txt earth/gen_1776751601_85.txt earth/gen_1776751608_88.txt earth/gen_1776751616_91.txt earth/gen_1776751624_94.txt earth/gen_1776751639_100.txt earth/gen_1776751647_103.txt earth/gen_1776751654_106.txt earth/gen_1776751662_109.txt earth/gen_1776751667_111.txt earth/gen_1776751670_112.txt earth/gen_1776751677_115.txt earth/gen_1776751685_118.txt earth/gen_1776751693_121.txt earth/gen_1776751700_124.txt earth/gen_1776751708_127.txt earth/gen_1776751715_130.txt earth/gen_1776751723_133.txt earth/gen_1776751738_139.txt earth/gen_1776751746_142.txt earth/gen_1776751754_145.txt earth/gen_1776751761_148.txt earth/gen_1776751769_151.txt earth/gen_1776751774_153.txt earth/gen_1776751776_154.txt earth/gen_1776751784_157.txt earth/gen_1776751792_160.txt earth/gen_1776751799_163.txt earth/gen_1776751804_165.txt earth/gen_1776751807_166.txt earth/gen_1776751815_169.txt earth/gen_1776751822_172.txt earth/gen_1776751830_175.txt earth/gen_1776751835_177.txt earth/gen_1776751838_178.txt earth/gen_1776751845_181.txt earth/gen_1776751853_184.txt earth/gen_1776751861_187.txt earth/gen_1776751868_190.txt earth/gen_1776751876_193.txt earth/gen_1776751884_196.txt earth/gen_1776751892_199.txt earth/gen_1776751899_202.txt earth/gen_1776751907_205.txt earth/gen_1776751915_208.txt earth/gen_1776751922_211.txt earth/gen_1776751928_213.txt earth/gen_1776751930_214.txt earth/gen_1776751938_217.txt earth/gen_1776751946_220.txt earth/gen_1776751954_223.txt earth/gen_1776751961_226.txt earth/gen_1776751969_229.txt earth/gen_1776751977_232.txt earth/gen_1776751985_235.txt earth/gen_1776751990_237.txt earth/gen_1776751993_238.txt earth/gen_1776752001_241.txt earth/gen_1776752008_244.txt earth/gen_1776752016_247.txt earth/gen_1776752024_250.txt earth/gen_1776752032_253.txt earth/gen_1776752040_256.txt earth/gen_1776752048_259.txt earth/gen_1776752056_262.txt earth/gen_1776752064_265.txt earth/gen_1776752071_268.txt earth/gen_1776752079_271.txt earth/gen_1776752087_274.txt earth/gen_1776752094_277.txt earth/gen_1776752102_280.txt earth/gen_1776752110_283.txt earth/gen_1776752118_286.txt earth/gen_1776752125_289.txt earth/gen_1776752133_292.txt earth/gen_1776752141_295.txt earth/gen_1776752148_298.txt earth/gen_1776752156_301.txt earth/gen_1776752163_304.txt earth/gen_1776752171_307.txt earth/gen_1776752179_310.txt earth/gen_1776752186_313.txt earth/gen_1776752194_316.txt earth/gen_1776752202_319.txt earth/gen_1776752209_322.txt earth/gen_1776752217_325.txt earth/gen_1776752225_328.txt earth/gen_1776752232_331.txt earth/gen_1776752240_334.txt earth/gen_1776752248_337.txt earth/gen_1776752255_340.txt earth/gen_1776752263_343.txt earth/gen_1776752271_346.txt earth/gen_1776752279_349.txt earth/gen_1776752286_352.txt earth/gen_1776752294_355.txt earth/gen_1776752302_358.txt earth/gen_1776752310_361.txt earth/gen_1776752317_364.txt earth/gen_1776752325_367.txt earth/gen_1776752333_370.txt earth/gen_1776752340_373.txt earth/gen_1776752348_376.txt earth/gen_1776752356_379.txt earth/gen_1776752363_382.txt earth/gen_1776752371_385.txt earth/gen_1776752379_388.txt earth/gen_1776752386_391.txt earth/gen_1776752394_394.txt earth/gen_1776752402_397.txt earth/gen_1776752409_400.txt earth/gen_1776752417_403.txt earth/gen_1776752425_406.txt earth/gen_1776752432_409.txt earth/gen_1776752440_412.txt earth/gen_1776752448_415.txt earth/gen_1776752456_418.txt earth/gen_1776752464_421.txt earth/gen_1776752471_424.txt earth/gen_1776752479_427.txt earth/gen_1776752487_430.txt earth/gen_1776752494_433.txt earth/gen_1776752502_436.txt earth/gen_1776752510_439.txt earth/gen_1776752518_442.txt earth/gen_1776752526_445.txt earth/gen_1776752534_448.txt earth/gen_1776752541_451.txt earth/gen_1776752549_454.txt earth/gen_1776752557_457.txt earth/gen_1776752565_460.txt earth/gen_1776752573_463.txt earth/gen_1776752581_466.txt earth/gen_1776752588_469.txt earth/gen_1776752596_472.txt earth/gen_1776752604_475.txt earth/gen_1776752611_478.txt earth/gen_1776752619_481.txt earth/gen_1776752624_483.txt earth/gen_1776752627_484.txt earth/gen_1776752635_487.txt earth/gen_1776752640_489.txt earth/gen_1776752643_490.txt earth/gen_1776752651_493.txt earth/gen_1776752656_495.txt earth/gen_1776752659_496.txt earth/gen_1776752666_499.txt earth/gen_1776752682_505.txt earth/gen_1776752687_507.txt earth/gen_1776752689_508.txt earth/gen_1776752697_511.txt earth/gen_1776752702_513.txt earth/gen_1776752712_517.txt earth/gen_1776752717_519.txt earth/gen_1776752720_520.txt earth/gen_1776752728_523.txt earth/gen_1776752735_526.txt earth/gen_1776752743_529.txt earth/gen_1776752751_532.txt earth/gen_1776752758_535.txt earth/gen_1776752766_538.txt earth/gen_1776752774_541.txt earth/gen_1776752779_543.txt earth/gen_1776752781_544.txt earth/gen_1776752789_547.txt earth/gen_1776752797_550.txt earth/gen_1776752804_553.txt earth/gen_1776752812_556.txt earth/gen_1776752827_562.txt earth/gen_1776752835_565.txt earth/gen_1776752843_568.txt earth/gen_1776752850_571.txt earth/gen_1776752858_574.txt earth/gen_1776752866_577.txt earth/gen_1776752873_580.txt earth/gen_1776752881_583.txt earth/gen_1776752889_586.txt earth/gen_1776752896_589.txt earth/gen_1776752904_592.txt earth/gen_1776752912_595.txt earth/gen_1776752920_598.txt earth/gen_1776752927_601.txt earth/gen_1776752935_604.txt earth/gen_1776752943_607.txt earth/gen_1776752951_610.txt earth/gen_1776752958_613.txt earth/gen_1776752966_616.txt earth/gen_1776752974_619.txt earth/gen_1776752982_622.txt earth/gen_1776752990_625.txt earth/gen_1776752998_628.txt earth/gen_1776753005_631.txt earth/gen_1776753013_634.txt earth/gen_1776753021_637.txt earth/gen_1776753029_640.txt earth/gen_1776753036_643.txt earth/gen_1776753044_646.txt earth/gen_1776753052_649.txt earth/gen_1776753060_652.txt earth/gen_1776753068_655.txt earth/gen_1776753076_658.txt earth/gen_1776753083_661.txt earth/gen_1776753091_664.txt earth/gen_1776753099_667.txt earth/gen_1776753107_670.txt earth/gen_1776753114_673.txt earth/gen_1776753122_676.txt earth/gen_1776753130_679.txt earth/gen_1776753138_682.txt earth/gen_1776753146_685.txt earth/gen_1776753154_688.txt]
[trainer] micro-train burst (20206 bytes, novelty 0.04) — and lo, it feeds again.
[syntropy] action=explore | trend=0.0000 | field_dev=0.012 | purpose_align=0.041 | lr_mul=1.30
[aml] burst complete: 32 steps, avg loss 2.7885 (memory freed)
[dna] air wrote 98 bytes to ecology
[dna] air wrote 52 bytes to ecology
[dna] air wrote 37 bytes to ecology
[dna] air wrote 195 bytes to ecology
[dna] air wrote 257 bytes to ecology
[dna] air wrote 17 bytes to ecology
[dna] air wrote 39 bytes to ecology
[dna] air wrote 45 bytes to ecology
[dna] air wrote 42 bytes to ecology
[dna] air wrote 97 bytes to ecology
[dna] air wrote 131 bytes to ecology
[dna] air wrote 12 bytes to ecology
[dna] air wrote 36 bytes to ecology
[dna] air wrote 89 bytes to ecology
[dna] air wrote 45 bytes to ecology
[dna] air wrote 140 bytes to ecology
[debug-onto] tick=50 corpus=142762 stage=2 freeze=0
[dna] air wrote 111 bytes to ecology
[dna] air wrote 112 bytes to ecology
[dna] air wrote 101 bytes to ecology
[dna] air wrote 106 bytes to ecology
[dna] air wrote 128 bytes to ecology
[dna] air wrote 27 bytes to ecology
[dna] air wrote 36 bytes to ecology
[dna] air wrote 89 bytes to ecology
[dna] air wrote 137 bytes to ecology
[dna] air wrote 30 bytes to ecology
[dna] air wrote 87 bytes to ecology
[dna] air wrote 47 bytes to ecology
[dna] air wrote 69 bytes to ecology
[dna] air wrote 74 bytes to ecology
[dna] air wrote 107 bytes to ecology
[dna] air wrote 86 bytes to ecology
[dna] air wrote 42 bytes to ecology
[debug-onto] tick=100 corpus=142762 stage=2 freeze=0
[dna] air wrote 85 bytes to ecology
[dna] air wrote 89 bytes to ecology
[dna] air wrote 48 bytes to ecology
[dna] air wrote 39 bytes to ecology
[dna] air wrote 100 bytes to ecology
[dna] air wrote 141 bytes to ecology
[dna] air wrote 197 bytes to ecology
[dna] air wrote 68 bytes to ecology
[dna] air wrote 20 bytes to ecology
[dna] air wrote 49 bytes to ecology
[dna] air wrote 88 bytes to ecology
[dna] air wrote 25 bytes to ecology
[dna] air wrote 51 bytes to ecology
[dna] air wrote 79 bytes to ecology
[dna] air wrote 39 bytes to ecology
[dna] air wrote 44 bytes to ecology
[debug-onto] tick=150 corpus=142762 stage=2 freeze=0
[dna] air wrote 33 bytes to ecology
[dna] air wrote 36 bytes to ecology
[dna] air wrote 44 bytes to ecology
[dna] air wrote 43 bytes to ecology
[dna] air wrote 40 bytes to ecology
[dna] air wrote 25 bytes to ecology
[dna] air wrote 82 bytes to ecology
[dna] air wrote 78 bytes to ecology
[dna] air wrote 29 bytes to ecology
[dna] air wrote 32 bytes to ecology
[dna] air wrote 43 bytes to ecology
[dna] air wrote 131 bytes to ecology
[dna] air wrote 52 bytes to ecology
[dna] air wrote 55 bytes to ecology
[dna] air wrote 78 bytes to ecology
[dna] air wrote 111 bytes to ecology
[dna] air wrote 48 bytes to ecology
[debug-onto] tick=200 corpus=142762 stage=2 freeze=0
[dna] air wrote 158 bytes to ecology
[dna] air wrote 147 bytes to ecology
[dna] air wrote 28 bytes to ecology
[dna] air wrote 52 bytes to ecology
[dna] air wrote 72 bytes to ecology
[dna] air wrote 29 bytes to ecology
[dna] air wrote 202 bytes to ecology
[dna] air wrote 178 bytes to ecology
[dna] air wrote 76 bytes to ecology
[dna] air wrote 77 bytes to ecology
[dna] air wrote 51 bytes to ecology
[dna] air wrote 30 bytes to ecology
[dna] air wrote 94 bytes to ecology
[dna] air wrote 113 bytes to ecology
[dna] air wrote 36 bytes to ecology
[dna] air wrote 37 bytes to ecology
[dna] air wrote 76 bytes to ecology
[debug-onto] tick=250 corpus=142762 stage=2 freeze=0
[dna] air wrote 101 bytes to ecology
[dna] air wrote 98 bytes to ecology
[dna] air wrote 54 bytes to ecology
[dna] air wrote 44 bytes to ecology
[dna] air wrote 287 bytes to ecology
[dna] air wrote 121 bytes to ecology
[dna] air wrote 39 bytes to ecology
[dna] air wrote 113 bytes to ecology
[dna] air wrote 58 bytes to ecology
[dna] air wrote 68 bytes to ecology
[dna] air wrote 32 bytes to ecology
[dna] air wrote 88 bytes to ecology
[dna] air wrote 63 bytes to ecology
[dna] air wrote 156 bytes to ecology
[dna] air wrote 47 bytes to ecology
[dna] air wrote 38 bytes to ecology
[debug-onto] tick=300 corpus=142762 stage=2 freeze=0
[dna] air wrote 24 bytes to ecology
[dna] air wrote 41 bytes to ecology
[dna] air wrote 39 bytes to ecology
[dna] air wrote 112 bytes to ecology
[dna] air wrote 73 bytes to ecology
[dna] air wrote 20 bytes to ecology
[dna] air wrote 65 bytes to ecology
[dna] air wrote 58 bytes to ecology
[dna] air wrote 212 bytes to ecology
[dna] air wrote 49 bytes to ecology
[dna] air wrote 50 bytes to ecology
[dna] air wrote 8 bytes to ecology
[dna] air wrote 100 bytes to ecology
[dna] air wrote 163 bytes to ecology
[dna] air wrote 47 bytes to ecology
[dna] air wrote 32 bytes to ecology
[dna] air wrote 165 bytes to ecology
[debug-onto] tick=350 corpus=142762 stage=2 freeze=0
[dna] air wrote 73 bytes to ecology
[dna] air wrote 28 bytes to ecology
[dna] air wrote 220 bytes to ecology
[dna] air wrote 48 bytes to ecology
[dna] air wrote 68 bytes to ecology
[dna] air wrote 31 bytes to ecology
[dna] air wrote 30 bytes to ecology
[dna] air wrote 180 bytes to ecology
[dna] air wrote 54 bytes to ecology
[dna] air wrote 38 bytes to ecology
[dna] air wrote 55 bytes to ecology
[dna] air wrote 135 bytes to ecology
[dna] air wrote 35 bytes to ecology
[dna] air wrote 262 bytes to ecology
[dna] air wrote 30 bytes to ecology
[dna] air wrote 108 bytes to ecology
[dna] air wrote 51 bytes to ecology
[debug-onto] tick=400 corpus=142762 stage=2 freeze=0
[dna] air wrote 75 bytes to ecology
[dna] air wrote 79 bytes to ecology
[dna] air wrote 47 bytes to ecology
[dna] air wrote 25 bytes to ecology
[dna] air wrote 172 bytes to ecology
[dna] air wrote 75 bytes to ecology
[dna] air wrote 61 bytes to ecology
[dna] air wrote 54 bytes to ecology
[dna] air wrote 42 bytes to ecology
[dna] air wrote 52 bytes to ecology
[dna] air wrote 99 bytes to ecology
[dna] air wrote 58 bytes to ecology
[dna] air wrote 52 bytes to ecology
[dna] air wrote 69 bytes to ecology
[dna] air wrote 28 bytes to ecology
[dna] air wrote 40 bytes to ecology
[debug-onto] tick=450 corpus=142762 stage=2 freeze=0
[dna] air wrote 68 bytes to ecology
[dna] air wrote 21 bytes to ecology
[dna] air wrote 176 bytes to ecology
[dna] air wrote 208 bytes to ecology
[dna] air wrote 106 bytes to ecology
[dna] air wrote 70 bytes to ecology
[dna] air wrote 27 bytes to ecology
[dna] air wrote 73 bytes to ecology
[dna] air wrote 96 bytes to ecology
[dna] air wrote 50 bytes to ecology
[dna] air wrote 63 bytes to ecology
[dna] air wrote 41 bytes to ecology
[dna] air wrote 55 bytes to ecology
[dna] air wrote 76 bytes to ecology
[dna] air wrote 25 bytes to ecology
[dna] air wrote 56 bytes to ecology
[dna] air wrote 43 bytes to ecology
[debug-onto] tick=500 corpus=142762 stage=2 freeze=0
[dna] air wrote 90 bytes to ecology
[dna] air wrote 224 bytes to ecology
[dna] air wrote 83 bytes to ecology
[dna] air wrote 105 bytes to ecology
[dna] air wrote 52 bytes to ecology
[dna] air wrote 42 bytes to ecology
[dna] air wrote 76 bytes to ecology
[dna] air wrote 66 bytes to ecology
[dna] air wrote 160 bytes to ecology
[dna] air wrote 168 bytes to ecology
[dna] air wrote 119 bytes to ecology
[dna] air wrote 40 bytes to ecology
[dna] air wrote 104 bytes to ecology
[dna] air wrote 29 bytes to ecology
[dna] air wrote 44 bytes to ecology
[dna] air wrote 56 bytes to ecology
[dna] air wrote 106 bytes to ecology
[debug-onto] tick=550 corpus=142762 stage=2 freeze=0
[dna] air wrote 86 bytes to ecology
[dna] air wrote 190 bytes to ecology
[dna] air wrote 200 bytes to ecology
[dna] air wrote 108 bytes to ecology
[dna] air wrote 35 bytes to ecology
[dna] air wrote 91 bytes to ecology
[dna] air wrote 26 bytes to ecology
[dna] air wrote 40 bytes to ecology
[dna] air wrote 69 bytes to ecology
[dna] air wrote 40 bytes to ecology
[dna] air wrote 35 bytes to ecology
[dna] air wrote 45 bytes to ecology
[dna] air wrote 23 bytes to ecology
[dna] air wrote 93 bytes to ecology
[dna] air wrote 40 bytes to ecology
[dna] air wrote 32 bytes to ecology
[debug-onto] tick=600 corpus=142762 stage=2 freeze=0
[dna] air wrote 66 bytes to ecology
[dna] air wrote 25 bytes to ecology
[dna] air wrote 200 bytes to ecology
[dna] air wrote 83 bytes to ecology
[dna] air wrote 119 bytes to ecology
[dna] air wrote 74 bytes to ecology
[dna] air wrote 43 bytes to ecology
[dna] air wrote 36 bytes to ecology
[dna] air wrote 103 bytes to ecology
[dna] air wrote 21 bytes to ecology
[dna] air wrote 149 bytes to ecology
[dna] air wrote 94 bytes to ecology
[dna] air wrote 84 bytes to ecology
[dna] air wrote 74 bytes to ecology
[dna] air wrote 47 bytes to ecology
[dna] air wrote 74 bytes to ecology
[dna] air wrote 30 bytes to ecology
[debug-onto] tick=650 corpus=142762 stage=2 freeze=0
[dna] air wrote 63 bytes to ecology
[dna] air wrote 101 bytes to ecology
[dna] air wrote 99 bytes to ecology
[dna] air wrote 111 bytes to ecology
[dna] air wrote 50 bytes to ecology
[dna] air wrote 44 bytes to ecology
[dna] air wrote 86 bytes to ecology
[dna] air wrote 61 bytes to ecology
[dna] air wrote 42 bytes to ecology
[dna] air wrote 29 bytes to ecology
[dna] air wrote 116 bytes to ecology

[evolution] Organism shutting down gracefully.
