[ecology] Element: fire → corpus: nonames_fire.txt
[evolution] Autonomous evolution mode — organism will grow through all stages without pause.
[ecology] Joined swarm. 1 peer(s) detected.
molequla is alive. [evolution] Autonomous mode — background trainer running. Ctrl+C to stop.
[dna] fire wrote 27 bytes to ecology
[dna] fire consumed 13368 bytes from 213 files: [water/gen_1776754958_1.txt water/gen_1776754975_4.txt water/gen_1776754984_7.txt water/gen_1776754992_10.txt water/gen_1776755001_13.txt water/gen_1776755009_16.txt water/gen_1776755017_19.txt water/gen_1776755026_22.txt water/gen_1776755034_25.txt water/gen_1776755042_28.txt water/gen_1776755051_31.txt water/gen_1776755059_34.txt water/gen_1776755068_37.txt water/gen_1776755076_40.txt water/gen_1776755084_43.txt water/gen_1776755093_46.txt water/gen_1776755101_49.txt water/gen_1776755109_52.txt water/gen_1776755118_55.txt water/gen_1776755126_58.txt water/gen_1776755135_61.txt water/gen_1776755143_64.txt water/gen_1776755152_67.txt water/gen_1776755160_70.txt water/gen_1776755168_73.txt water/gen_1776755177_76.txt water/gen_1776755185_79.txt water/gen_1776755193_82.txt water/gen_1776755202_85.txt water/gen_1776755210_88.txt water/gen_1776755219_91.txt water/gen_1776755227_94.txt water/gen_1776755236_97.txt water/gen_1776755244_100.txt water/gen_1776755253_103.txt water/gen_1776755261_106.txt water/gen_1776755270_109.txt water/gen_1776755279_112.txt water/gen_1776755287_115.txt water/gen_1776755296_118.txt water/gen_1776755304_121.txt water/gen_1776755312_124.txt water/gen_1776755321_127.txt water/gen_1776755329_130.txt water/gen_1776755338_133.txt water/gen_1776755346_136.txt water/gen_1776755354_139.txt water/gen_1776755363_142.txt water/gen_1776755371_145.txt water/gen_1776755379_148.txt water/gen_1776755388_151.txt water/gen_1776755396_154.txt water/gen_1776755404_157.txt water/gen_1776755412_160.txt water/gen_1776755421_163.txt water/gen_1776755429_166.txt water/gen_1776755438_169.txt water/gen_1776755446_172.txt water/gen_1776755455_175.txt water/gen_1776755463_178.txt water/gen_1776755472_181.txt water/gen_1776755480_184.txt water/gen_1776755488_187.txt water/gen_1776755497_190.txt water/gen_1776755505_193.txt water/gen_1776755513_196.txt water/gen_1776755522_199.txt water/gen_1776755530_202.txt water/gen_1776755538_205.txt water/gen_1776755547_208.txt water/gen_1776755555_211.txt water/gen_1776755563_214.txt water/gen_1776755572_217.txt water/gen_1776755580_220.txt water/gen_1776755588_223.txt water/gen_1776755597_226.txt water/gen_1776755605_229.txt water/gen_1776755613_232.txt water/gen_1776755622_235.txt water/gen_1776755630_238.txt water/gen_1776755638_241.txt water/gen_1776755647_244.txt water/gen_1776755655_247.txt water/gen_1776755663_250.txt water/gen_1776755672_253.txt water/gen_1776755680_256.txt water/gen_1776755688_259.txt water/gen_1776755697_262.txt water/gen_1776755705_265.txt water/gen_1776755713_268.txt water/gen_1776755722_271.txt water/gen_1776755730_274.txt water/gen_1776755739_277.txt water/gen_1776755747_280.txt water/gen_1776755755_283.txt water/gen_1776755764_286.txt water/gen_1776755772_289.txt water/gen_1776755781_292.txt water/gen_1776755789_295.txt water/gen_1776755797_298.txt water/gen_1776755806_301.txt water/gen_1776755814_304.txt water/gen_1776755823_307.txt water/gen_1776755831_310.txt water/gen_1776755839_313.txt water/gen_1776755848_316.txt water/gen_1776755856_319.txt water/gen_1776755864_322.txt water/gen_1776755873_325.txt water/gen_1776755881_328.txt water/gen_1776755890_331.txt water/gen_1776755898_334.txt water/gen_1776755906_337.txt water/gen_1776755915_340.txt water/gen_1776755923_343.txt water/gen_1776755931_346.txt water/gen_1776755940_349.txt water/gen_1776755948_352.txt water/gen_1776755956_355.txt water/gen_1776755965_358.txt water/gen_1776755973_361.txt water/gen_1776755982_364.txt water/gen_1776755990_367.txt water/gen_1776755998_370.txt water/gen_1776756007_373.txt water/gen_1776756015_376.txt water/gen_1776756024_379.txt water/gen_1776756032_382.txt water/gen_1776756040_385.txt water/gen_1776756049_388.txt water/gen_1776756057_391.txt water/gen_1776756066_394.txt water/gen_1776756074_397.txt water/gen_1776756082_400.txt water/gen_1776756091_403.txt water/gen_1776756099_406.txt water/gen_1776756107_409.txt water/gen_1776756116_412.txt water/gen_1776756124_415.txt water/gen_1776756132_418.txt water/gen_1776756141_421.txt water/gen_1776756149_424.txt water/gen_1776756157_427.txt water/gen_1776756166_430.txt water/gen_1776756174_433.txt water/gen_1776756183_436.txt water/gen_1776756191_439.txt water/gen_1776756200_442.txt water/gen_1776756208_445.txt water/gen_1776756216_448.txt water/gen_1776756225_451.txt water/gen_1776756233_454.txt water/gen_1776756242_457.txt water/gen_1776756250_460.txt water/gen_1776756259_463.txt water/gen_1776756267_466.txt water/gen_1776756276_469.txt water/gen_1776756284_472.txt water/gen_1776756293_475.txt water/gen_1776756301_478.txt water/gen_1776756309_481.txt water/gen_1776756318_484.txt water/gen_1776756326_487.txt water/gen_1776756334_490.txt water/gen_1776756343_493.txt water/gen_1776756351_496.txt water/gen_1776756360_499.txt water/gen_1776756368_502.txt water/gen_1776756376_505.txt water/gen_1776756385_508.txt water/gen_1776756393_511.txt water/gen_1776756402_514.txt water/gen_1776756410_517.txt water/gen_1776756418_520.txt water/gen_1776756427_523.txt water/gen_1776756435_526.txt water/gen_1776756444_529.txt water/gen_1776756452_532.txt water/gen_1776756460_535.txt water/gen_1776756469_538.txt water/gen_1776756477_541.txt water/gen_1776756486_544.txt water/gen_1776756494_547.txt water/gen_1776756502_550.txt water/gen_1776756511_553.txt water/gen_1776756519_556.txt water/gen_1776756528_559.txt water/gen_1776756536_562.txt water/gen_1776756545_565.txt water/gen_1776756553_568.txt water/gen_1776756561_571.txt water/gen_1776756570_574.txt water/gen_1776756578_577.txt water/gen_1776756587_580.txt water/gen_1776756595_583.txt water/gen_1776756603_586.txt water/gen_1776756612_589.txt water/gen_1776756620_592.txt water/gen_1776756629_595.txt water/gen_1776756637_598.txt water/gen_1776756645_601.txt water/gen_1776756654_604.txt water/gen_1776756662_607.txt water/gen_1776756670_610.txt water/gen_1776756679_613.txt water/gen_1776756687_616.txt water/gen_1776756695_619.txt water/gen_1776756704_622.txt water/gen_1776756712_625.txt water/gen_1776756721_628.txt water/gen_1776756729_631.txt water/gen_1776756738_634.txt water/gen_1776756746_637.txt]
[trainer] micro-train burst (13368 bytes, novelty 0.05) — and lo, it feeds again.
[syntropy] action=explore | trend=0.0000 | field_dev=-0.034 | purpose_align=0.089 | lr_mul=1.30
[aml] burst complete: 32 steps, avg loss 1.6518 (memory freed)
[dna] fire wrote 51 bytes to ecology
[dna] fire wrote 11 bytes to ecology
[dna] fire wrote 101 bytes to ecology
[dna] fire wrote 88 bytes to ecology
[dna] fire wrote 104 bytes to ecology
[dna] fire wrote 75 bytes to ecology
[dna] fire wrote 87 bytes to ecology
[dna] fire wrote 32 bytes to ecology
[dna] fire wrote 83 bytes to ecology
[dna] fire wrote 140 bytes to ecology
[dna] fire wrote 51 bytes to ecology
[dna] fire wrote 10 bytes to ecology
[dna] fire wrote 45 bytes to ecology
[dna] fire wrote 36 bytes to ecology
[dna] fire wrote 274 bytes to ecology
[dna] fire wrote 55 bytes to ecology
[debug-onto] tick=50 corpus=135481 stage=2 freeze=0
[dna] fire wrote 48 bytes to ecology
[dna] fire wrote 21 bytes to ecology
[dna] fire wrote 29 bytes to ecology
[dna] fire wrote 168 bytes to ecology
[dna] fire wrote 62 bytes to ecology
[dna] fire wrote 28 bytes to ecology
[dna] fire wrote 84 bytes to ecology
[dna] fire wrote 118 bytes to ecology
[dna] fire wrote 32 bytes to ecology
[dna] fire wrote 128 bytes to ecology
[dna] fire wrote 71 bytes to ecology
[dna] fire wrote 65 bytes to ecology
[dna] fire wrote 74 bytes to ecology
[dna] fire wrote 82 bytes to ecology
[dna] fire wrote 47 bytes to ecology
[dna] fire wrote 30 bytes to ecology
[dna] fire wrote 136 bytes to ecology
[debug-onto] tick=100 corpus=135481 stage=2 freeze=0
[dna] fire wrote 28 bytes to ecology
[dna] fire wrote 223 bytes to ecology
[dna] fire wrote 33 bytes to ecology
[dna] fire wrote 11 bytes to ecology
[dna] fire wrote 195 bytes to ecology
[dna] fire wrote 31 bytes to ecology
[dna] fire wrote 65 bytes to ecology
[dna] fire wrote 39 bytes to ecology
[dna] fire wrote 21 bytes to ecology
[dna] fire wrote 11 bytes to ecology
[dna] fire wrote 118 bytes to ecology
[dna] fire wrote 24 bytes to ecology
[dna] fire wrote 25 bytes to ecology
[dna] fire wrote 197 bytes to ecology
[dna] fire wrote 76 bytes to ecology
[dna] fire wrote 41 bytes to ecology
[debug-onto] tick=150 corpus=135481 stage=2 freeze=0
[dna] fire wrote 75 bytes to ecology
[dna] fire wrote 36 bytes to ecology
[dna] fire wrote 104 bytes to ecology
[dna] fire wrote 39 bytes to ecology
[dna] fire wrote 67 bytes to ecology
[dna] fire wrote 131 bytes to ecology
[dna] fire wrote 73 bytes to ecology
[dna] fire wrote 235 bytes to ecology
[dna] fire wrote 61 bytes to ecology
[dna] fire wrote 19 bytes to ecology
[dna] fire wrote 29 bytes to ecology
[dna] fire wrote 102 bytes to ecology
[dna] fire wrote 102 bytes to ecology
[dna] fire wrote 124 bytes to ecology
[dna] fire wrote 209 bytes to ecology
[dna] fire wrote 45 bytes to ecology
[dna] fire wrote 56 bytes to ecology
[debug-onto] tick=200 corpus=135481 stage=2 freeze=0
[dna] fire wrote 63 bytes to ecology
[dna] fire wrote 39 bytes to ecology
[dna] fire wrote 46 bytes to ecology
[dna] fire wrote 52 bytes to ecology
[dna] fire wrote 32 bytes to ecology
[dna] fire wrote 97 bytes to ecology
[dna] fire wrote 188 bytes to ecology
[dna] fire wrote 75 bytes to ecology
[dna] fire wrote 30 bytes to ecology
[dna] fire wrote 33 bytes to ecology
[dna] fire wrote 84 bytes to ecology
[dna] fire wrote 59 bytes to ecology
[dna] fire wrote 29 bytes to ecology
[dna] fire wrote 90 bytes to ecology
[dna] fire wrote 215 bytes to ecology
[dna] fire wrote 99 bytes to ecology
[dna] fire wrote 52 bytes to ecology
[debug-onto] tick=250 corpus=135481 stage=2 freeze=0
[dna] fire wrote 58 bytes to ecology
[dna] fire wrote 65 bytes to ecology
[dna] fire wrote 40 bytes to ecology
[dna] fire wrote 37 bytes to ecology
[dna] fire wrote 9 bytes to ecology
[dna] fire wrote 51 bytes to ecology
[dna] fire wrote 29 bytes to ecology
[dna] fire wrote 31 bytes to ecology
[dna] fire wrote 41 bytes to ecology
[dna] fire wrote 26 bytes to ecology
[dna] fire wrote 75 bytes to ecology
[dna] fire wrote 32 bytes to ecology
[dna] fire wrote 27 bytes to ecology
[dna] fire wrote 84 bytes to ecology
[dna] fire wrote 109 bytes to ecology
[dna] fire wrote 86 bytes to ecology
[debug-onto] tick=300 corpus=135481 stage=2 freeze=0
[dna] fire wrote 25 bytes to ecology
[dna] fire wrote 152 bytes to ecology
[dna] fire wrote 69 bytes to ecology
[dna] fire wrote 22 bytes to ecology
[dna] fire wrote 12 bytes to ecology
[dna] fire wrote 17 bytes to ecology
[dna] fire wrote 40 bytes to ecology
[dna] fire wrote 30 bytes to ecology
[dna] fire wrote 25 bytes to ecology
[dna] fire wrote 139 bytes to ecology
[dna] fire wrote 63 bytes to ecology
[dna] fire wrote 42 bytes to ecology
[dna] fire wrote 46 bytes to ecology
[dna] fire wrote 159 bytes to ecology
[dna] fire wrote 36 bytes to ecology
[dna] fire wrote 49 bytes to ecology
[dna] fire wrote 85 bytes to ecology
[debug-onto] tick=350 corpus=135481 stage=2 freeze=0
[dna] fire wrote 32 bytes to ecology
[dna] fire wrote 41 bytes to ecology
[dna] fire wrote 79 bytes to ecology
[dna] fire wrote 96 bytes to ecology
[dna] fire wrote 63 bytes to ecology
[dna] fire wrote 68 bytes to ecology
[dna] fire wrote 8 bytes to ecology
[dna] fire wrote 66 bytes to ecology
[dna] fire wrote 23 bytes to ecology
[dna] fire wrote 99 bytes to ecology
[dna] fire wrote 123 bytes to ecology
[dna] fire wrote 35 bytes to ecology
[dna] fire wrote 44 bytes to ecology
[dna] fire wrote 28 bytes to ecology
[dna] fire wrote 25 bytes to ecology
[dna] fire wrote 68 bytes to ecology
[dna] fire wrote 39 bytes to ecology
[debug-onto] tick=400 corpus=135481 stage=2 freeze=0
[dna] fire wrote 30 bytes to ecology
[dna] fire wrote 30 bytes to ecology
[dna] fire wrote 105 bytes to ecology
[dna] fire wrote 66 bytes to ecology
[dna] fire wrote 43 bytes to ecology
[dna] fire wrote 89 bytes to ecology
[dna] fire wrote 81 bytes to ecology
[dna] fire wrote 63 bytes to ecology
[dna] fire wrote 88 bytes to ecology
[dna] fire wrote 110 bytes to ecology
[dna] fire wrote 106 bytes to ecology
[dna] fire wrote 45 bytes to ecology
[dna] fire wrote 19 bytes to ecology
[dna] fire wrote 36 bytes to ecology
[dna] fire wrote 61 bytes to ecology
[dna] fire wrote 82 bytes to ecology
[debug-onto] tick=450 corpus=135481 stage=2 freeze=0
[dna] fire wrote 116 bytes to ecology
[dna] fire wrote 43 bytes to ecology
[dna] fire wrote 27 bytes to ecology
[dna] fire wrote 82 bytes to ecology
[dna] fire wrote 54 bytes to ecology
[dna] fire wrote 92 bytes to ecology
[dna] fire wrote 72 bytes to ecology
[dna] fire wrote 44 bytes to ecology
[dna] fire wrote 51 bytes to ecology
[dna] fire wrote 65 bytes to ecology
[dna] fire wrote 28 bytes to ecology
[dna] fire wrote 61 bytes to ecology
[dna] fire wrote 30 bytes to ecology
[dna] fire wrote 15 bytes to ecology
[dna] fire wrote 12 bytes to ecology
[dna] fire wrote 44 bytes to ecology
[dna] fire wrote 10 bytes to ecology
[debug-onto] tick=500 corpus=135481 stage=2 freeze=0
[dna] fire wrote 61 bytes to ecology
[dna] fire wrote 54 bytes to ecology
[dna] fire wrote 38 bytes to ecology
[dna] fire wrote 47 bytes to ecology
[dna] fire wrote 65 bytes to ecology
[dna] fire wrote 43 bytes to ecology
[dna] fire wrote 22 bytes to ecology
[dna] fire wrote 84 bytes to ecology
[dna] fire wrote 62 bytes to ecology
[dna] fire wrote 69 bytes to ecology
[dna] fire wrote 130 bytes to ecology
[dna] fire wrote 23 bytes to ecology
[dna] fire wrote 190 bytes to ecology
[dna] fire wrote 50 bytes to ecology
[dna] fire wrote 119 bytes to ecology
[dna] fire wrote 31 bytes to ecology
[dna] fire wrote 34 bytes to ecology
[debug-onto] tick=550 corpus=135481 stage=2 freeze=0
[dna] fire wrote 39 bytes to ecology
[dna] fire wrote 13 bytes to ecology
[dna] fire wrote 6 bytes to ecology
[dna] fire wrote 166 bytes to ecology
[dna] fire wrote 95 bytes to ecology
[dna] fire wrote 129 bytes to ecology
[dna] fire wrote 37 bytes to ecology
[dna] fire wrote 17 bytes to ecology
[dna] fire wrote 67 bytes to ecology
[dna] fire wrote 92 bytes to ecology
[dna] fire wrote 43 bytes to ecology
[dna] fire wrote 54 bytes to ecology
[dna] fire wrote 30 bytes to ecology
[dna] fire wrote 130 bytes to ecology
[dna] fire wrote 19 bytes to ecology
[debug-onto] tick=600 corpus=135481 stage=2 freeze=0
[dna] fire wrote 32 bytes to ecology
[dna] fire wrote 46 bytes to ecology
[dna] fire wrote 58 bytes to ecology
[dna] fire wrote 49 bytes to ecology
[dna] fire wrote 30 bytes to ecology
[dna] fire wrote 23 bytes to ecology
[dna] fire wrote 10 bytes to ecology
[dna] fire wrote 37 bytes to ecology
[dna] fire wrote 42 bytes to ecology
[dna] fire wrote 44 bytes to ecology
[dna] fire wrote 93 bytes to ecology
[dna] fire wrote 30 bytes to ecology
[dna] fire wrote 30 bytes to ecology
[dna] fire wrote 43 bytes to ecology
[dna] fire wrote 77 bytes to ecology
[dna] fire wrote 37 bytes to ecology
[dna] fire wrote 41 bytes to ecology
[debug-onto] tick=650 corpus=135481 stage=2 freeze=0
[dna] fire wrote 28 bytes to ecology
[dna] fire wrote 49 bytes to ecology
[dna] fire wrote 38 bytes to ecology
[dna] fire wrote 100 bytes to ecology
[dna] fire wrote 40 bytes to ecology
[dna] fire wrote 78 bytes to ecology
[dna] fire wrote 268 bytes to ecology
[dna] fire wrote 64 bytes to ecology
[dna] fire wrote 65 bytes to ecology
[dna] fire wrote 47 bytes to ecology
[dna] fire wrote 13 bytes to ecology
[dna] fire wrote 30 bytes to ecology
[dna] fire wrote 25 bytes to ecology

[evolution] Organism shutting down gracefully.
