[ecology] Element: air → corpus: nonames_air.txt
[evolution] Autonomous evolution mode — organism will grow through all stages without pause.
[ecology] Joined swarm. 1 peer(s) detected.
molequla is alive. [evolution] Autonomous mode — background trainer running. Ctrl+C to stop.
[dna] air wrote 220 bytes to ecology
[dna] air consumed 16977 bytes from 228 files: [earth/gen_1775540853_1.txt earth/gen_1775540861_4.txt earth/gen_1775540869_7.txt earth/gen_1775540877_10.txt earth/gen_1775540885_13.txt earth/gen_1775540893_16.txt earth/gen_1775540900_19.txt earth/gen_1775540908_22.txt earth/gen_1775540916_25.txt earth/gen_1775540924_28.txt earth/gen_1775540932_31.txt earth/gen_1775540940_34.txt earth/gen_1775540947_37.txt earth/gen_1775540955_40.txt earth/gen_1775540963_43.txt earth/gen_1775540971_46.txt earth/gen_1775540979_49.txt earth/gen_1775540986_52.txt earth/gen_1775540994_55.txt earth/gen_1775541002_58.txt earth/gen_1775541010_61.txt earth/gen_1775541018_64.txt earth/gen_1775541025_67.txt earth/gen_1775541033_70.txt earth/gen_1775541041_73.txt earth/gen_1775541049_76.txt earth/gen_1775541056_79.txt earth/gen_1775541064_82.txt earth/gen_1775541072_85.txt earth/gen_1775541080_88.txt earth/gen_1775541087_91.txt earth/gen_1775541095_94.txt earth/gen_1775541103_97.txt earth/gen_1775541111_100.txt earth/gen_1775541118_103.txt earth/gen_1775541126_106.txt earth/gen_1775541134_109.txt earth/gen_1775541142_112.txt earth/gen_1775541150_115.txt earth/gen_1775541157_118.txt earth/gen_1775541165_121.txt earth/gen_1775541173_124.txt earth/gen_1775541180_127.txt earth/gen_1775541188_130.txt earth/gen_1775541196_133.txt earth/gen_1775541204_136.txt earth/gen_1775541212_139.txt earth/gen_1775541219_142.txt earth/gen_1775541227_145.txt earth/gen_1775541235_148.txt earth/gen_1775541242_151.txt earth/gen_1775541250_154.txt earth/gen_1775541258_157.txt earth/gen_1775541265_160.txt earth/gen_1775541273_163.txt earth/gen_1775541281_166.txt earth/gen_1775541289_169.txt earth/gen_1775541297_172.txt earth/gen_1775541304_175.txt earth/gen_1775541312_178.txt earth/gen_1775541320_181.txt earth/gen_1775541327_184.txt earth/gen_1775541335_187.txt earth/gen_1775541343_190.txt earth/gen_1775541351_193.txt earth/gen_1775541358_196.txt earth/gen_1775541366_199.txt earth/gen_1775541374_202.txt earth/gen_1775541382_205.txt earth/gen_1775541389_208.txt earth/gen_1775541397_211.txt earth/gen_1775541405_214.txt earth/gen_1775541413_217.txt earth/gen_1775541420_220.txt earth/gen_1775541428_223.txt earth/gen_1775541436_226.txt earth/gen_1775541444_229.txt earth/gen_1775541452_232.txt earth/gen_1775541459_235.txt earth/gen_1775541467_238.txt earth/gen_1775541475_241.txt earth/gen_1775541483_244.txt earth/gen_1775541490_247.txt earth/gen_1775541498_250.txt earth/gen_1775541506_253.txt earth/gen_1775541514_256.txt earth/gen_1775541521_259.txt earth/gen_1775541529_262.txt earth/gen_1775541537_265.txt earth/gen_1775541545_268.txt earth/gen_1775541553_271.txt earth/gen_1775541560_274.txt earth/gen_1775541568_277.txt earth/gen_1775541576_280.txt earth/gen_1775541584_283.txt earth/gen_1775541591_286.txt earth/gen_1775541599_289.txt earth/gen_1775541607_292.txt earth/gen_1775541615_295.txt earth/gen_1775541623_298.txt earth/gen_1775541630_301.txt earth/gen_1775541638_304.txt earth/gen_1775541646_307.txt earth/gen_1775541653_310.txt earth/gen_1775541661_313.txt earth/gen_1775541669_316.txt earth/gen_1775541677_319.txt earth/gen_1775541685_322.txt earth/gen_1775541692_325.txt earth/gen_1775541700_328.txt earth/gen_1775541708_331.txt earth/gen_1775541716_334.txt earth/gen_1775541723_337.txt earth/gen_1775541731_340.txt earth/gen_1775541739_343.txt earth/gen_1775541747_346.txt earth/gen_1775541754_349.txt earth/gen_1775541762_352.txt earth/gen_1775541770_355.txt earth/gen_1775541778_358.txt earth/gen_1775541785_361.txt earth/gen_1775541793_364.txt earth/gen_1775541801_367.txt earth/gen_1775541809_370.txt earth/gen_1775541817_373.txt earth/gen_1775541824_376.txt earth/gen_1775541832_379.txt earth/gen_1775541840_382.txt earth/gen_1775541847_385.txt earth/gen_1775541855_388.txt earth/gen_1775541863_391.txt earth/gen_1775541871_394.txt earth/gen_1775541878_397.txt earth/gen_1775541886_400.txt earth/gen_1775541894_403.txt earth/gen_1775541902_406.txt earth/gen_1775541909_409.txt earth/gen_1775541917_412.txt earth/gen_1775541925_415.txt earth/gen_1775541933_418.txt earth/gen_1775541940_421.txt earth/gen_1775541948_424.txt earth/gen_1775541956_427.txt earth/gen_1775541964_430.txt earth/gen_1775541971_433.txt earth/gen_1775541979_436.txt earth/gen_1775541987_439.txt earth/gen_1775541994_442.txt earth/gen_1775542002_445.txt earth/gen_1775542010_448.txt earth/gen_1775542018_451.txt earth/gen_1775542025_454.txt earth/gen_1775542033_457.txt earth/gen_1775542041_460.txt earth/gen_1775542049_463.txt earth/gen_1775542056_466.txt earth/gen_1775542064_469.txt earth/gen_1775542072_472.txt earth/gen_1775542080_475.txt earth/gen_1775542087_478.txt earth/gen_1775542095_481.txt earth/gen_1775542103_484.txt earth/gen_1775542110_487.txt earth/gen_1775542118_490.txt earth/gen_1775542126_493.txt earth/gen_1775542133_496.txt earth/gen_1775542141_499.txt earth/gen_1775542149_502.txt earth/gen_1775542157_505.txt earth/gen_1775542164_508.txt earth/gen_1775542172_511.txt earth/gen_1775542180_514.txt earth/gen_1775542188_517.txt earth/gen_1775542195_520.txt earth/gen_1775542203_523.txt earth/gen_1775542211_526.txt earth/gen_1775542219_529.txt earth/gen_1775542226_532.txt earth/gen_1775542234_535.txt earth/gen_1775542242_538.txt earth/gen_1775542250_541.txt earth/gen_1775542257_544.txt earth/gen_1775542265_547.txt earth/gen_1775542273_550.txt earth/gen_1775542281_553.txt earth/gen_1775542288_556.txt earth/gen_1775542296_559.txt earth/gen_1775542304_562.txt earth/gen_1775542312_565.txt earth/gen_1775542319_568.txt earth/gen_1775542327_571.txt earth/gen_1775542335_574.txt earth/gen_1775542343_577.txt earth/gen_1775542350_580.txt earth/gen_1775542358_583.txt earth/gen_1775542366_586.txt earth/gen_1775542374_589.txt earth/gen_1775542381_592.txt earth/gen_1775542389_595.txt earth/gen_1775542397_598.txt earth/gen_1775542405_601.txt earth/gen_1775542413_604.txt earth/gen_1775542421_607.txt earth/gen_1775542428_610.txt earth/gen_1775542436_613.txt earth/gen_1775542444_616.txt earth/gen_1775542452_619.txt earth/gen_1775542459_622.txt earth/gen_1775542467_625.txt earth/gen_1775542475_628.txt earth/gen_1775542483_631.txt earth/gen_1775542490_634.txt earth/gen_1775542498_637.txt earth/gen_1775542506_640.txt earth/gen_1775542514_643.txt earth/gen_1775542522_646.txt earth/gen_1775542529_649.txt earth/gen_1775542537_652.txt earth/gen_1775542545_655.txt earth/gen_1775542552_658.txt earth/gen_1775542560_661.txt earth/gen_1775542568_664.txt earth/gen_1775542576_667.txt earth/gen_1775542583_670.txt earth/gen_1775542591_673.txt earth/gen_1775542599_676.txt earth/gen_1775542607_679.txt earth/gen_1775542614_682.txt]
[trainer] micro-train burst (16977 bytes, novelty 0.04) — and lo, it feeds again.
[syntropy] action=explore | trend=0.0000 | field_dev=0.016 | purpose_align=0.050 | lr_mul=1.30
[aml] burst complete: 32 steps, avg loss 2.3489 (memory freed)
[dna] air wrote 34 bytes to ecology
[dna] air wrote 151 bytes to ecology
[dna] air wrote 43 bytes to ecology
[dna] air wrote 87 bytes to ecology
[dna] air wrote 108 bytes to ecology
[dna] air wrote 162 bytes to ecology
[dna] air wrote 241 bytes to ecology
[dna] air wrote 50 bytes to ecology
[dna] air wrote 126 bytes to ecology
[dna] air wrote 50 bytes to ecology
[dna] air wrote 79 bytes to ecology
[dna] air wrote 67 bytes to ecology
[dna] air wrote 79 bytes to ecology
[dna] air wrote 21 bytes to ecology
[dna] air wrote 248 bytes to ecology
[dna] air wrote 106 bytes to ecology
[debug-onto] tick=50 corpus=139521 stage=2 freeze=0
[dna] air wrote 7 bytes to ecology
[dna] air wrote 37 bytes to ecology
[dna] air wrote 58 bytes to ecology
[dna] air wrote 42 bytes to ecology
[dna] air wrote 164 bytes to ecology
[dna] air wrote 118 bytes to ecology
[dna] air wrote 38 bytes to ecology
[dna] air wrote 72 bytes to ecology
[dna] air wrote 92 bytes to ecology
[dna] air wrote 80 bytes to ecology
[dna] air wrote 53 bytes to ecology
[dna] air wrote 163 bytes to ecology
[dna] air wrote 77 bytes to ecology
[dna] air wrote 154 bytes to ecology
[dna] air wrote 65 bytes to ecology
[dna] air wrote 84 bytes to ecology
[dna] air wrote 50 bytes to ecology
[debug-onto] tick=100 corpus=139521 stage=2 freeze=0
[dna] air wrote 70 bytes to ecology
[dna] air wrote 116 bytes to ecology
[dna] air wrote 53 bytes to ecology
[dna] air wrote 57 bytes to ecology
[dna] air wrote 68 bytes to ecology
[dna] air wrote 87 bytes to ecology
[dna] air wrote 166 bytes to ecology
[dna] air wrote 87 bytes to ecology
[dna] air wrote 68 bytes to ecology
[dna] air wrote 115 bytes to ecology
[dna] air wrote 68 bytes to ecology
[dna] air wrote 25 bytes to ecology
[dna] air wrote 312 bytes to ecology
[dna] air wrote 58 bytes to ecology
[dna] air wrote 86 bytes to ecology
[dna] air wrote 7 bytes to ecology
[debug-onto] tick=150 corpus=139521 stage=2 freeze=0
[dna] air wrote 40 bytes to ecology
[dna] air wrote 70 bytes to ecology
[dna] air wrote 71 bytes to ecology
[dna] air wrote 80 bytes to ecology
[dna] air wrote 140 bytes to ecology
[dna] air wrote 110 bytes to ecology
[dna] air wrote 46 bytes to ecology
[dna] air wrote 77 bytes to ecology
[dna] air wrote 91 bytes to ecology
[dna] air wrote 83 bytes to ecology
[dna] air wrote 33 bytes to ecology
[dna] air wrote 16 bytes to ecology
[dna] air wrote 32 bytes to ecology
[dna] air wrote 150 bytes to ecology
[dna] air wrote 90 bytes to ecology
[dna] air wrote 28 bytes to ecology
[dna] air wrote 20 bytes to ecology
[debug-onto] tick=200 corpus=139521 stage=2 freeze=0
[dna] air wrote 54 bytes to ecology
[dna] air wrote 126 bytes to ecology
[dna] air wrote 227 bytes to ecology
[dna] air wrote 227 bytes to ecology
[dna] air wrote 14 bytes to ecology
[dna] air wrote 125 bytes to ecology
[dna] air wrote 144 bytes to ecology
[dna] air wrote 84 bytes to ecology
[dna] air wrote 97 bytes to ecology
[dna] air wrote 34 bytes to ecology
[dna] air wrote 21 bytes to ecology
[dna] air wrote 56 bytes to ecology
[dna] air wrote 134 bytes to ecology
[dna] air wrote 97 bytes to ecology
[dna] air wrote 24 bytes to ecology
[dna] air wrote 118 bytes to ecology
[dna] air wrote 38 bytes to ecology
[debug-onto] tick=250 corpus=139521 stage=2 freeze=0
[dna] air wrote 189 bytes to ecology
[dna] air wrote 76 bytes to ecology
[dna] air wrote 177 bytes to ecology
[dna] air wrote 38 bytes to ecology
[dna] air wrote 48 bytes to ecology
[dna] air wrote 82 bytes to ecology
[dna] air wrote 86 bytes to ecology
[dna] air wrote 147 bytes to ecology
[dna] air wrote 138 bytes to ecology
[dna] air wrote 107 bytes to ecology
[dna] air wrote 125 bytes to ecology
[dna] air wrote 18 bytes to ecology
[dna] air wrote 23 bytes to ecology
[dna] air wrote 36 bytes to ecology
[dna] air wrote 75 bytes to ecology
[dna] air wrote 28 bytes to ecology
[debug-onto] tick=300 corpus=139521 stage=2 freeze=0
[dna] air wrote 23 bytes to ecology
[dna] air wrote 28 bytes to ecology
[dna] air wrote 164 bytes to ecology
[dna] air wrote 31 bytes to ecology
[dna] air wrote 32 bytes to ecology
[dna] air wrote 95 bytes to ecology
[dna] air wrote 38 bytes to ecology
[dna] air wrote 86 bytes to ecology
[dna] air wrote 96 bytes to ecology
[dna] air wrote 24 bytes to ecology
[dna] air wrote 39 bytes to ecology
[dna] air wrote 19 bytes to ecology
[dna] air wrote 38 bytes to ecology
[dna] air wrote 55 bytes to ecology
[dna] air wrote 79 bytes to ecology
[dna] air wrote 58 bytes to ecology
[dna] air wrote 125 bytes to ecology
[debug-onto] tick=350 corpus=139521 stage=2 freeze=0
[dna] air wrote 155 bytes to ecology
[dna] air wrote 92 bytes to ecology
[dna] air wrote 37 bytes to ecology
[dna] air wrote 36 bytes to ecology
[dna] air wrote 44 bytes to ecology
[dna] air wrote 51 bytes to ecology
[dna] air wrote 139 bytes to ecology
[dna] air wrote 99 bytes to ecology
[dna] air wrote 36 bytes to ecology
[dna] air wrote 126 bytes to ecology
[dna] air wrote 36 bytes to ecology
[dna] air wrote 50 bytes to ecology
[dna] air wrote 55 bytes to ecology
[dna] air wrote 42 bytes to ecology
[dna] air wrote 240 bytes to ecology
[dna] air wrote 114 bytes to ecology
[dna] air wrote 22 bytes to ecology
[debug-onto] tick=400 corpus=139521 stage=2 freeze=0
[dna] air wrote 13 bytes to ecology
[dna] air wrote 86 bytes to ecology
[dna] air wrote 76 bytes to ecology
[dna] air wrote 149 bytes to ecology
[dna] air wrote 106 bytes to ecology
[dna] air wrote 29 bytes to ecology
[dna] air wrote 45 bytes to ecology
[dna] air wrote 64 bytes to ecology
[dna] air wrote 207 bytes to ecology
[dna] air wrote 47 bytes to ecology
[dna] air wrote 127 bytes to ecology
[dna] air wrote 87 bytes to ecology
[dna] air wrote 217 bytes to ecology
[dna] air wrote 17 bytes to ecology
[dna] air wrote 48 bytes to ecology
[dna] air wrote 34 bytes to ecology
[debug-onto] tick=450 corpus=139521 stage=2 freeze=0
[dna] air wrote 146 bytes to ecology
[dna] air wrote 36 bytes to ecology
[dna] air wrote 51 bytes to ecology
[dna] air wrote 106 bytes to ecology
[dna] air wrote 37 bytes to ecology
[dna] air wrote 25 bytes to ecology
[dna] air wrote 44 bytes to ecology
[dna] air wrote 26 bytes to ecology
[dna] air wrote 45 bytes to ecology
[dna] air wrote 74 bytes to ecology
[dna] air wrote 63 bytes to ecology
[dna] air wrote 153 bytes to ecology
[dna] air wrote 85 bytes to ecology
[dna] air wrote 95 bytes to ecology
[dna] air wrote 63 bytes to ecology
[dna] air wrote 41 bytes to ecology
[dna] air wrote 146 bytes to ecology
[debug-onto] tick=500 corpus=139521 stage=2 freeze=0
[dna] air wrote 265 bytes to ecology
[dna] air wrote 46 bytes to ecology
[dna] air wrote 45 bytes to ecology
[dna] air wrote 89 bytes to ecology
[dna] air wrote 73 bytes to ecology
[dna] air wrote 35 bytes to ecology
[dna] air wrote 159 bytes to ecology
[dna] air wrote 42 bytes to ecology
[dna] air wrote 26 bytes to ecology
[dna] air wrote 83 bytes to ecology
[dna] air wrote 171 bytes to ecology
[dna] air wrote 48 bytes to ecology
[dna] air wrote 83 bytes to ecology
[dna] air wrote 267 bytes to ecology
[dna] air wrote 32 bytes to ecology
[dna] air wrote 119 bytes to ecology
[dna] air wrote 35 bytes to ecology
[debug-onto] tick=550 corpus=139521 stage=2 freeze=0
[dna] air wrote 33 bytes to ecology
[dna] air wrote 63 bytes to ecology
[dna] air wrote 168 bytes to ecology
[dna] air wrote 71 bytes to ecology
[dna] air wrote 83 bytes to ecology
[dna] air wrote 226 bytes to ecology
[dna] air wrote 8 bytes to ecology
[dna] air wrote 140 bytes to ecology
[dna] air wrote 83 bytes to ecology
[dna] air wrote 125 bytes to ecology
[dna] air wrote 50 bytes to ecology
[dna] air wrote 75 bytes to ecology
[dna] air wrote 63 bytes to ecology
[dna] air wrote 38 bytes to ecology
[dna] air wrote 111 bytes to ecology
[dna] air wrote 58 bytes to ecology
[debug-onto] tick=600 corpus=139521 stage=2 freeze=0
[dna] air wrote 76 bytes to ecology
[dna] air wrote 213 bytes to ecology
[dna] air wrote 147 bytes to ecology
[dna] air wrote 107 bytes to ecology
[dna] air wrote 83 bytes to ecology
[dna] air wrote 49 bytes to ecology
[dna] air wrote 98 bytes to ecology
[dna] air wrote 138 bytes to ecology
[dna] air wrote 63 bytes to ecology
[dna] air wrote 65 bytes to ecology
[dna] air wrote 126 bytes to ecology
[dna] air wrote 23 bytes to ecology
[dna] air wrote 86 bytes to ecology
[dna] air wrote 44 bytes to ecology
[dna] air wrote 114 bytes to ecology
[dna] air wrote 58 bytes to ecology
[dna] air wrote 32 bytes to ecology
[debug-onto] tick=650 corpus=139521 stage=2 freeze=0
[dna] air wrote 22 bytes to ecology
[dna] air wrote 161 bytes to ecology
[dna] air wrote 55 bytes to ecology
[dna] air wrote 48 bytes to ecology
[dna] air wrote 66 bytes to ecology
[dna] air wrote 74 bytes to ecology
[dna] air wrote 76 bytes to ecology
[dna] air wrote 76 bytes to ecology

[evolution] Organism shutting down gracefully.
