[ecology] Element: fire → corpus: nonames_fire.txt
[evolution] Autonomous evolution mode — organism will grow through all stages without pause.
[ecology] Joined swarm. 1 peer(s) detected.
molequla is alive. [evolution] Autonomous mode — background trainer running. Ctrl+C to stop.
[dna] fire wrote 104 bytes to ecology
[dna] fire consumed 13850 bytes from 207 files: [water/gen_1775544426_1.txt water/gen_1775544443_4.txt water/gen_1775544452_7.txt water/gen_1775544461_10.txt water/gen_1775544469_13.txt water/gen_1775544478_16.txt water/gen_1775544487_19.txt water/gen_1775544496_22.txt water/gen_1775544505_25.txt water/gen_1775544514_28.txt water/gen_1775544522_31.txt water/gen_1775544531_34.txt water/gen_1775544539_37.txt water/gen_1775544548_40.txt water/gen_1775544556_43.txt water/gen_1775544565_46.txt water/gen_1775544574_49.txt water/gen_1775544582_52.txt water/gen_1775544591_55.txt water/gen_1775544599_58.txt water/gen_1775544608_61.txt water/gen_1775544616_64.txt water/gen_1775544625_67.txt water/gen_1775544633_70.txt water/gen_1775544642_73.txt water/gen_1775544651_76.txt water/gen_1775544659_79.txt water/gen_1775544668_82.txt water/gen_1775544677_85.txt water/gen_1775544685_88.txt water/gen_1775544694_91.txt water/gen_1775544702_94.txt water/gen_1775544711_97.txt water/gen_1775544720_100.txt water/gen_1775544728_103.txt water/gen_1775544737_106.txt water/gen_1775544746_109.txt water/gen_1775544754_112.txt water/gen_1775544763_115.txt water/gen_1775544771_118.txt water/gen_1775544780_121.txt water/gen_1775544789_124.txt water/gen_1775544797_127.txt water/gen_1775544806_130.txt water/gen_1775544815_133.txt water/gen_1775544823_136.txt water/gen_1775544832_139.txt water/gen_1775544841_142.txt water/gen_1775544849_145.txt water/gen_1775544858_148.txt water/gen_1775544866_151.txt water/gen_1775544875_154.txt water/gen_1775544884_157.txt water/gen_1775544892_160.txt water/gen_1775544901_163.txt water/gen_1775544909_166.txt water/gen_1775544918_169.txt water/gen_1775544926_172.txt water/gen_1775544935_175.txt water/gen_1775544944_178.txt water/gen_1775544952_181.txt water/gen_1775544961_184.txt water/gen_1775544969_187.txt water/gen_1775544978_190.txt water/gen_1775544986_193.txt water/gen_1775544995_196.txt water/gen_1775545004_199.txt water/gen_1775545012_202.txt water/gen_1775545021_205.txt water/gen_1775545029_208.txt water/gen_1775545038_211.txt water/gen_1775545046_214.txt water/gen_1775545055_217.txt water/gen_1775545064_220.txt water/gen_1775545072_223.txt water/gen_1775545081_226.txt water/gen_1775545089_229.txt water/gen_1775545098_232.txt water/gen_1775545107_235.txt water/gen_1775545115_238.txt water/gen_1775545124_241.txt water/gen_1775545132_244.txt water/gen_1775545141_247.txt water/gen_1775545149_250.txt water/gen_1775545158_253.txt water/gen_1775545167_256.txt water/gen_1775545175_259.txt water/gen_1775545184_262.txt water/gen_1775545192_265.txt water/gen_1775545201_268.txt water/gen_1775545210_271.txt water/gen_1775545218_274.txt water/gen_1775545227_277.txt water/gen_1775545235_280.txt water/gen_1775545244_283.txt water/gen_1775545252_286.txt water/gen_1775545261_289.txt water/gen_1775545270_292.txt water/gen_1775545278_295.txt water/gen_1775545287_298.txt water/gen_1775545295_301.txt water/gen_1775545304_304.txt water/gen_1775545313_307.txt water/gen_1775545321_310.txt water/gen_1775545330_313.txt water/gen_1775545338_316.txt water/gen_1775545347_319.txt water/gen_1775545355_322.txt water/gen_1775545364_325.txt water/gen_1775545373_328.txt water/gen_1775545381_331.txt water/gen_1775545390_334.txt water/gen_1775545399_337.txt water/gen_1775545407_340.txt water/gen_1775545416_343.txt water/gen_1775545425_346.txt water/gen_1775545433_349.txt water/gen_1775545442_352.txt water/gen_1775545450_355.txt water/gen_1775545459_358.txt water/gen_1775545467_361.txt water/gen_1775545476_364.txt water/gen_1775545484_367.txt water/gen_1775545493_370.txt water/gen_1775545502_373.txt water/gen_1775545511_376.txt water/gen_1775545519_379.txt water/gen_1775545528_382.txt water/gen_1775545536_385.txt water/gen_1775545545_388.txt water/gen_1775545554_391.txt water/gen_1775545562_394.txt water/gen_1775545571_397.txt water/gen_1775545580_400.txt water/gen_1775545588_403.txt water/gen_1775545597_406.txt water/gen_1775545606_409.txt water/gen_1775545614_412.txt water/gen_1775545623_415.txt water/gen_1775545631_418.txt water/gen_1775545640_421.txt water/gen_1775545649_424.txt water/gen_1775545657_427.txt water/gen_1775545666_430.txt water/gen_1775545675_433.txt water/gen_1775545683_436.txt water/gen_1775545692_439.txt water/gen_1775545700_442.txt water/gen_1775545709_445.txt water/gen_1775545718_448.txt water/gen_1775545726_451.txt water/gen_1775545735_454.txt water/gen_1775545743_457.txt water/gen_1775545752_460.txt water/gen_1775545760_463.txt water/gen_1775545769_466.txt water/gen_1775545778_469.txt water/gen_1775545786_472.txt water/gen_1775545795_475.txt water/gen_1775545803_478.txt water/gen_1775545812_481.txt water/gen_1775545821_484.txt water/gen_1775545829_487.txt water/gen_1775545838_490.txt water/gen_1775545846_493.txt water/gen_1775545855_496.txt water/gen_1775545864_499.txt water/gen_1775545872_502.txt water/gen_1775545881_505.txt water/gen_1775545889_508.txt water/gen_1775545898_511.txt water/gen_1775545906_514.txt water/gen_1775545924_520.txt water/gen_1775545932_523.txt water/gen_1775545941_526.txt water/gen_1775545950_529.txt water/gen_1775545958_532.txt water/gen_1775545967_535.txt water/gen_1775545975_538.txt water/gen_1775545984_541.txt water/gen_1775545993_544.txt water/gen_1775546001_547.txt water/gen_1775546010_550.txt water/gen_1775546019_553.txt water/gen_1775546027_556.txt water/gen_1775546036_559.txt water/gen_1775546045_562.txt water/gen_1775546053_565.txt water/gen_1775546062_568.txt water/gen_1775546070_571.txt water/gen_1775546079_574.txt water/gen_1775546087_577.txt water/gen_1775546096_580.txt water/gen_1775546105_583.txt water/gen_1775546113_586.txt water/gen_1775546122_589.txt water/gen_1775546130_592.txt water/gen_1775546139_595.txt water/gen_1775546148_598.txt water/gen_1775546156_601.txt water/gen_1775546165_604.txt water/gen_1775546173_607.txt water/gen_1775546182_610.txt water/gen_1775546191_613.txt water/gen_1775546199_616.txt water/gen_1775546208_619.txt water/gen_1775546216_622.txt]
[trainer] micro-train burst (13850 bytes, novelty 0.05) — and lo, it feeds again.
[syntropy] action=explore | trend=0.0000 | field_dev=0.009 | purpose_align=0.062 | lr_mul=1.30
[aml] burst complete: 32 steps, avg loss 1.4600 (memory freed)
[dna] fire wrote 6 bytes to ecology
[dna] fire wrote 35 bytes to ecology
[dna] fire wrote 63 bytes to ecology
[dna] fire wrote 69 bytes to ecology
[dna] fire wrote 46 bytes to ecology
[dna] fire wrote 74 bytes to ecology
[dna] fire wrote 62 bytes to ecology
[dna] fire wrote 21 bytes to ecology
[dna] fire wrote 27 bytes to ecology
[dna] fire wrote 32 bytes to ecology
[dna] fire wrote 19 bytes to ecology
[dna] fire wrote 82 bytes to ecology
[dna] fire wrote 34 bytes to ecology
[dna] fire wrote 27 bytes to ecology
[dna] fire wrote 63 bytes to ecology
[dna] fire wrote 59 bytes to ecology
[dna] fire wrote 31 bytes to ecology
[dna] fire wrote 74 bytes to ecology
[dna] fire wrote 116 bytes to ecology
[debug-onto] tick=50 corpus=135957 stage=2 freeze=0
[dna] fire wrote 68 bytes to ecology
[dna] fire wrote 42 bytes to ecology
[dna] fire wrote 103 bytes to ecology
[dna] fire wrote 8 bytes to ecology
[dna] fire wrote 53 bytes to ecology
[dna] fire wrote 48 bytes to ecology
[dna] fire wrote 28 bytes to ecology
[dna] fire wrote 61 bytes to ecology
[dna] fire wrote 54 bytes to ecology
[dna] fire wrote 105 bytes to ecology
[dna] fire wrote 47 bytes to ecology
[dna] fire wrote 35 bytes to ecology
[dna] fire wrote 89 bytes to ecology
[dna] fire wrote 121 bytes to ecology
[dna] fire wrote 23 bytes to ecology
[dna] fire wrote 136 bytes to ecology
[dna] fire wrote 77 bytes to ecology
[dna] fire wrote 29 bytes to ecology
[dna] fire wrote 43 bytes to ecology
[dna] fire wrote 52 bytes to ecology
[dna] fire wrote 199 bytes to ecology
[dna] fire wrote 57 bytes to ecology
[dna] fire wrote 9 bytes to ecology
[dna] fire wrote 71 bytes to ecology
[debug-onto] tick=100 corpus=135957 stage=2 freeze=0
[dna] fire wrote 48 bytes to ecology
[dna] fire wrote 63 bytes to ecology
[dna] fire wrote 43 bytes to ecology
[dna] fire wrote 62 bytes to ecology
[dna] fire wrote 104 bytes to ecology
[dna] fire wrote 24 bytes to ecology
[dna] fire wrote 28 bytes to ecology
[dna] fire wrote 41 bytes to ecology
[dna] fire wrote 56 bytes to ecology
[dna] fire wrote 22 bytes to ecology
[dna] fire wrote 83 bytes to ecology
[dna] fire wrote 59 bytes to ecology
[dna] fire wrote 28 bytes to ecology
[dna] fire wrote 58 bytes to ecology
[dna] fire wrote 73 bytes to ecology
[dna] fire wrote 27 bytes to ecology
[dna] fire wrote 38 bytes to ecology
[dna] fire wrote 49 bytes to ecology
[dna] fire wrote 48 bytes to ecology
[debug-onto] tick=150 corpus=135957 stage=2 freeze=0
[dna] fire wrote 121 bytes to ecology
[dna] fire wrote 6 bytes to ecology
[dna] fire wrote 16 bytes to ecology
[dna] fire wrote 169 bytes to ecology
[dna] fire wrote 49 bytes to ecology
[dna] fire wrote 87 bytes to ecology
[dna] fire wrote 35 bytes to ecology
[dna] fire wrote 86 bytes to ecology
[dna] fire wrote 45 bytes to ecology
[dna] fire wrote 26 bytes to ecology
[dna] fire wrote 42 bytes to ecology
[dna] fire wrote 47 bytes to ecology
[dna] fire wrote 83 bytes to ecology
[dna] fire wrote 91 bytes to ecology
[dna] fire wrote 33 bytes to ecology
[dna] fire wrote 24 bytes to ecology
[dna] fire wrote 69 bytes to ecology
[dna] fire wrote 15 bytes to ecology
[dna] fire wrote 64 bytes to ecology
[dna] fire wrote 58 bytes to ecology
[debug-onto] tick=200 corpus=135957 stage=2 freeze=0
[dna] fire wrote 45 bytes to ecology
[dna] fire wrote 57 bytes to ecology
[dna] fire wrote 61 bytes to ecology
[dna] fire wrote 50 bytes to ecology
[dna] fire wrote 80 bytes to ecology
[dna] fire wrote 9 bytes to ecology
[dna] fire wrote 62 bytes to ecology
[dna] fire wrote 51 bytes to ecology
[dna] fire wrote 111 bytes to ecology
[dna] fire wrote 73 bytes to ecology
[dna] fire wrote 76 bytes to ecology
[dna] fire wrote 120 bytes to ecology
[dna] fire wrote 50 bytes to ecology
[dna] fire wrote 12 bytes to ecology
[dna] fire wrote 178 bytes to ecology
[dna] fire wrote 35 bytes to ecology
[dna] fire wrote 8 bytes to ecology
[dna] fire wrote 48 bytes to ecology
[dna] fire wrote 121 bytes to ecology
[dna] fire wrote 43 bytes to ecology
[debug-onto] tick=250 corpus=135957 stage=2 freeze=0
[dna] fire wrote 11 bytes to ecology
[dna] fire wrote 29 bytes to ecology
[dna] fire wrote 80 bytes to ecology
[dna] fire wrote 63 bytes to ecology
[dna] fire wrote 77 bytes to ecology
[dna] fire wrote 25 bytes to ecology
[dna] fire wrote 37 bytes to ecology
[dna] fire wrote 82 bytes to ecology
[dna] fire wrote 48 bytes to ecology
[dna] fire wrote 19 bytes to ecology
[dna] fire wrote 46 bytes to ecology
[dna] fire wrote 180 bytes to ecology
[dna] fire wrote 11 bytes to ecology
[dna] fire wrote 94 bytes to ecology
[dna] fire wrote 89 bytes to ecology
[dna] fire wrote 25 bytes to ecology
[dna] fire wrote 33 bytes to ecology
[dna] fire wrote 41 bytes to ecology
[dna] fire wrote 36 bytes to ecology
[dna] fire wrote 10 bytes to ecology
[dna] fire wrote 109 bytes to ecology
[debug-onto] tick=300 corpus=135957 stage=2 freeze=0
[dna] fire wrote 61 bytes to ecology
[dna] fire wrote 33 bytes to ecology
[dna] fire wrote 147 bytes to ecology
[dna] fire wrote 31 bytes to ecology
[dna] fire wrote 32 bytes to ecology
[dna] fire wrote 121 bytes to ecology
[dna] fire wrote 147 bytes to ecology
[dna] fire wrote 57 bytes to ecology
[dna] fire wrote 36 bytes to ecology
[dna] fire wrote 39 bytes to ecology
[dna] fire wrote 47 bytes to ecology
[dna] fire wrote 90 bytes to ecology
[dna] fire wrote 97 bytes to ecology
[dna] fire wrote 128 bytes to ecology
[dna] fire wrote 82 bytes to ecology
[dna] fire wrote 42 bytes to ecology
[dna] fire wrote 24 bytes to ecology
[dna] fire wrote 11 bytes to ecology
[dna] fire wrote 110 bytes to ecology
[dna] fire wrote 205 bytes to ecology
[dna] fire wrote 54 bytes to ecology
[dna] fire wrote 63 bytes to ecology
[dna] fire wrote 14 bytes to ecology
[debug-onto] tick=350 corpus=135957 stage=2 freeze=0
[dna] fire wrote 44 bytes to ecology
[dna] fire wrote 49 bytes to ecology
[dna] fire wrote 57 bytes to ecology
[dna] fire wrote 13 bytes to ecology
[dna] fire wrote 97 bytes to ecology
[dna] fire wrote 61 bytes to ecology
[dna] fire wrote 128 bytes to ecology
[dna] fire wrote 133 bytes to ecology
[dna] fire wrote 266 bytes to ecology
[dna] fire wrote 47 bytes to ecology
[dna] fire wrote 59 bytes to ecology
[dna] fire wrote 22 bytes to ecology
[dna] fire wrote 54 bytes to ecology
[dna] fire wrote 41 bytes to ecology
[dna] fire wrote 89 bytes to ecology
[dna] fire wrote 38 bytes to ecology
[dna] fire wrote 37 bytes to ecology
[dna] fire wrote 52 bytes to ecology
[dna] fire wrote 35 bytes to ecology
[dna] fire wrote 29 bytes to ecology
[debug-onto] tick=400 corpus=135957 stage=2 freeze=0
[dna] fire wrote 94 bytes to ecology
[dna] fire wrote 32 bytes to ecology
[dna] fire wrote 114 bytes to ecology
[dna] fire wrote 20 bytes to ecology
[dna] fire wrote 52 bytes to ecology
[dna] fire wrote 23 bytes to ecology
[dna] fire wrote 135 bytes to ecology
[dna] fire wrote 30 bytes to ecology
[dna] fire wrote 307 bytes to ecology
[dna] fire wrote 56 bytes to ecology
[dna] fire wrote 46 bytes to ecology
[dna] fire wrote 64 bytes to ecology
[dna] fire wrote 11 bytes to ecology
[dna] fire wrote 31 bytes to ecology
[dna] fire wrote 60 bytes to ecology
[dna] fire wrote 35 bytes to ecology
[dna] fire wrote 30 bytes to ecology
[dna] fire wrote 34 bytes to ecology
[dna] fire wrote 128 bytes to ecology
[debug-onto] tick=450 corpus=135957 stage=2 freeze=0
[dna] fire wrote 31 bytes to ecology
[dna] fire wrote 44 bytes to ecology
[dna] fire wrote 86 bytes to ecology
[dna] fire wrote 9 bytes to ecology
[dna] fire wrote 110 bytes to ecology
[dna] fire wrote 23 bytes to ecology
[dna] fire wrote 28 bytes to ecology
[dna] fire wrote 78 bytes to ecology
[dna] fire wrote 50 bytes to ecology
[dna] fire wrote 58 bytes to ecology
[dna] fire wrote 44 bytes to ecology
[dna] fire wrote 63 bytes to ecology
[dna] fire wrote 23 bytes to ecology
[dna] fire wrote 37 bytes to ecology
[dna] fire wrote 66 bytes to ecology
[dna] fire wrote 61 bytes to ecology
[dna] fire wrote 13 bytes to ecology
[dna] fire wrote 5 bytes to ecology
[dna] fire wrote 71 bytes to ecology
[dna] fire wrote 26 bytes to ecology
[debug-onto] tick=500 corpus=135957 stage=2 freeze=0
[dna] fire wrote 56 bytes to ecology
[dna] fire wrote 58 bytes to ecology
[dna] fire wrote 43 bytes to ecology
[dna] fire wrote 38 bytes to ecology
[dna] fire wrote 47 bytes to ecology
[dna] fire wrote 100 bytes to ecology
[dna] fire wrote 30 bytes to ecology
[dna] fire wrote 67 bytes to ecology
[dna] fire wrote 24 bytes to ecology
[dna] fire wrote 42 bytes to ecology
[dna] fire wrote 46 bytes to ecology
[dna] fire wrote 46 bytes to ecology
[dna] fire wrote 46 bytes to ecology
[dna] fire wrote 44 bytes to ecology
[dna] fire wrote 31 bytes to ecology
[dna] fire wrote 190 bytes to ecology
[dna] fire wrote 28 bytes to ecology
[dna] fire wrote 86 bytes to ecology
[dna] fire wrote 28 bytes to ecology
[debug-onto] tick=550 corpus=135957 stage=2 freeze=0
[dna] fire wrote 29 bytes to ecology
[dna] fire wrote 27 bytes to ecology
[dna] fire wrote 112 bytes to ecology
[dna] fire wrote 40 bytes to ecology
[dna] fire wrote 32 bytes to ecology
[dna] fire wrote 21 bytes to ecology
[dna] fire wrote 74 bytes to ecology
[dna] fire wrote 69 bytes to ecology
[dna] fire wrote 87 bytes to ecology
[dna] fire wrote 100 bytes to ecology
[dna] fire wrote 37 bytes to ecology
[dna] fire wrote 71 bytes to ecology
[dna] fire wrote 104 bytes to ecology
[dna] fire wrote 42 bytes to ecology
[dna] fire wrote 20 bytes to ecology
[dna] fire wrote 49 bytes to ecology
[dna] fire wrote 70 bytes to ecology
[dna] fire wrote 40 bytes to ecology
[dna] fire wrote 19 bytes to ecology
[dna] fire wrote 118 bytes to ecology
[debug-onto] tick=600 corpus=135957 stage=2 freeze=0
[dna] fire wrote 31 bytes to ecology
[dna] fire wrote 19 bytes to ecology
[dna] fire wrote 61 bytes to ecology
[dna] fire wrote 22 bytes to ecology
[dna] fire wrote 88 bytes to ecology
[dna] fire wrote 120 bytes to ecology
[dna] fire wrote 89 bytes to ecology
[dna] fire wrote 14 bytes to ecology
[dna] fire wrote 39 bytes to ecology
[dna] fire wrote 12 bytes to ecology
[dna] fire wrote 92 bytes to ecology
[dna] fire wrote 257 bytes to ecology
[dna] fire wrote 117 bytes to ecology
[dna] fire wrote 34 bytes to ecology
[dna] fire wrote 27 bytes to ecology
[dna] fire wrote 120 bytes to ecology
[dna] fire wrote 61 bytes to ecology
[dna] fire wrote 47 bytes to ecology
[dna] fire wrote 27 bytes to ecology
[dna] fire wrote 32 bytes to ecology
[dna] fire wrote 20 bytes to ecology
[dna] fire wrote 69 bytes to ecology
[dna] fire wrote 42 bytes to ecology
[debug-onto] tick=650 corpus=135957 stage=2 freeze=0
[dna] fire wrote 9 bytes to ecology
[dna] fire wrote 159 bytes to ecology
[dna] fire wrote 57 bytes to ecology
[dna] fire wrote 30 bytes to ecology
[dna] fire wrote 78 bytes to ecology
[dna] fire wrote 18 bytes to ecology
[dna] fire wrote 48 bytes to ecology
[dna] fire wrote 44 bytes to ecology
[dna] fire wrote 34 bytes to ecology

[evolution] Organism shutting down gracefully.
