[ecology] Element: water → corpus: nonames_water.txt
[evolution] Autonomous evolution mode — organism will grow through all stages without pause.
[ecology] Joined swarm. 1 peer(s) detected.
molequla is alive. [evolution] Autonomous mode — background trainer running. Ctrl+C to stop.
[dna] water wrote 125 bytes to ecology
[dna] water consumed 18964 bytes from 225 files: [air/gen_1775542626_1.txt air/gen_1775542642_4.txt air/gen_1775542650_7.txt air/gen_1775542658_10.txt air/gen_1775542666_13.txt air/gen_1775542674_16.txt air/gen_1775542682_19.txt air/gen_1775542690_22.txt air/gen_1775542698_25.txt air/gen_1775542706_28.txt air/gen_1775542714_31.txt air/gen_1775542722_34.txt air/gen_1775542730_37.txt air/gen_1775542738_40.txt air/gen_1775542747_43.txt air/gen_1775542755_46.txt air/gen_1775542763_49.txt air/gen_1775542771_52.txt air/gen_1775542779_55.txt air/gen_1775542787_58.txt air/gen_1775542795_61.txt air/gen_1775542803_64.txt air/gen_1775542812_67.txt air/gen_1775542820_70.txt air/gen_1775542828_73.txt air/gen_1775542836_76.txt air/gen_1775542844_79.txt air/gen_1775542852_82.txt air/gen_1775542860_85.txt air/gen_1775542868_88.txt air/gen_1775542876_91.txt air/gen_1775542884_94.txt air/gen_1775542892_97.txt air/gen_1775542900_100.txt air/gen_1775542908_103.txt air/gen_1775542916_106.txt air/gen_1775542924_109.txt air/gen_1775542932_112.txt air/gen_1775542939_115.txt air/gen_1775542947_118.txt air/gen_1775542955_121.txt air/gen_1775542963_124.txt air/gen_1775542971_127.txt air/gen_1775542979_130.txt air/gen_1775542987_133.txt air/gen_1775542995_136.txt air/gen_1775543003_139.txt air/gen_1775543011_142.txt air/gen_1775543019_145.txt air/gen_1775543027_148.txt air/gen_1775543035_151.txt air/gen_1775543043_154.txt air/gen_1775543051_157.txt air/gen_1775543059_160.txt air/gen_1775543067_163.txt air/gen_1775543075_166.txt air/gen_1775543083_169.txt air/gen_1775543091_172.txt air/gen_1775543099_175.txt air/gen_1775543107_178.txt air/gen_1775543115_181.txt air/gen_1775543123_184.txt air/gen_1775543131_187.txt air/gen_1775543139_190.txt air/gen_1775543146_193.txt air/gen_1775543154_196.txt air/gen_1775543162_199.txt air/gen_1775543170_202.txt air/gen_1775543178_205.txt air/gen_1775543186_208.txt air/gen_1775543194_211.txt air/gen_1775543202_214.txt air/gen_1775543210_217.txt air/gen_1775543218_220.txt air/gen_1775543226_223.txt air/gen_1775543234_226.txt air/gen_1775543242_229.txt air/gen_1775543249_232.txt air/gen_1775543257_235.txt air/gen_1775543265_238.txt air/gen_1775543273_241.txt air/gen_1775543281_244.txt air/gen_1775543289_247.txt air/gen_1775543297_250.txt air/gen_1775543305_253.txt air/gen_1775543313_256.txt air/gen_1775543321_259.txt air/gen_1775543328_262.txt air/gen_1775543336_265.txt air/gen_1775543344_268.txt air/gen_1775543352_271.txt air/gen_1775543360_274.txt air/gen_1775543368_277.txt air/gen_1775543376_280.txt air/gen_1775543384_283.txt air/gen_1775543392_286.txt air/gen_1775543400_289.txt air/gen_1775543408_292.txt air/gen_1775543415_295.txt air/gen_1775543423_298.txt air/gen_1775543431_301.txt air/gen_1775543439_304.txt air/gen_1775543447_307.txt air/gen_1775543455_310.txt air/gen_1775543463_313.txt air/gen_1775543471_316.txt air/gen_1775543479_319.txt air/gen_1775543487_322.txt air/gen_1775543495_325.txt air/gen_1775543503_328.txt air/gen_1775543511_331.txt air/gen_1775543518_334.txt air/gen_1775543526_337.txt air/gen_1775543534_340.txt air/gen_1775543542_343.txt air/gen_1775543550_346.txt air/gen_1775543558_349.txt air/gen_1775543566_352.txt air/gen_1775543574_355.txt air/gen_1775543582_358.txt air/gen_1775543590_361.txt air/gen_1775543598_364.txt air/gen_1775543606_367.txt air/gen_1775543614_370.txt air/gen_1775543622_373.txt air/gen_1775543630_376.txt air/gen_1775543638_379.txt air/gen_1775543646_382.txt air/gen_1775543654_385.txt air/gen_1775543662_388.txt air/gen_1775543670_391.txt air/gen_1775543678_394.txt air/gen_1775543686_397.txt air/gen_1775543694_400.txt air/gen_1775543703_403.txt air/gen_1775543711_406.txt air/gen_1775543719_409.txt air/gen_1775543727_412.txt air/gen_1775543735_415.txt air/gen_1775543743_418.txt air/gen_1775543751_421.txt air/gen_1775543759_424.txt air/gen_1775543767_427.txt air/gen_1775543774_430.txt air/gen_1775543782_433.txt air/gen_1775543790_436.txt air/gen_1775543799_439.txt air/gen_1775543807_442.txt air/gen_1775543815_445.txt air/gen_1775543822_448.txt air/gen_1775543830_451.txt air/gen_1775543838_454.txt air/gen_1775543846_457.txt air/gen_1775543854_460.txt air/gen_1775543862_463.txt air/gen_1775543870_466.txt air/gen_1775543878_469.txt air/gen_1775543886_472.txt air/gen_1775543893_475.txt air/gen_1775543901_478.txt air/gen_1775543909_481.txt air/gen_1775543917_484.txt air/gen_1775543925_487.txt air/gen_1775543933_490.txt air/gen_1775543941_493.txt air/gen_1775543948_496.txt air/gen_1775543956_499.txt air/gen_1775543964_502.txt air/gen_1775543972_505.txt air/gen_1775543980_508.txt air/gen_1775543988_511.txt air/gen_1775543996_514.txt air/gen_1775544004_517.txt air/gen_1775544012_520.txt air/gen_1775544020_523.txt air/gen_1775544027_526.txt air/gen_1775544035_529.txt air/gen_1775544043_532.txt air/gen_1775544051_535.txt air/gen_1775544059_538.txt air/gen_1775544067_541.txt air/gen_1775544075_544.txt air/gen_1775544083_547.txt air/gen_1775544090_550.txt air/gen_1775544098_553.txt air/gen_1775544106_556.txt air/gen_1775544114_559.txt air/gen_1775544122_562.txt air/gen_1775544130_565.txt air/gen_1775544138_568.txt air/gen_1775544146_571.txt air/gen_1775544154_574.txt air/gen_1775544161_577.txt air/gen_1775544169_580.txt air/gen_1775544177_583.txt air/gen_1775544185_586.txt air/gen_1775544193_589.txt air/gen_1775544201_592.txt air/gen_1775544209_595.txt air/gen_1775544217_598.txt air/gen_1775544225_601.txt air/gen_1775544233_604.txt air/gen_1775544241_607.txt air/gen_1775544249_610.txt air/gen_1775544257_613.txt air/gen_1775544265_616.txt air/gen_1775544273_619.txt air/gen_1775544281_622.txt air/gen_1775544288_625.txt air/gen_1775544296_628.txt air/gen_1775544304_631.txt air/gen_1775544312_634.txt air/gen_1775544320_637.txt air/gen_1775544328_640.txt air/gen_1775544336_643.txt air/gen_1775544344_646.txt air/gen_1775544352_649.txt air/gen_1775544360_652.txt air/gen_1775544368_655.txt air/gen_1775544375_658.txt air/gen_1775544383_661.txt air/gen_1775544391_664.txt air/gen_1775544399_667.txt air/gen_1775544407_670.txt air/gen_1775544415_673.txt]
[trainer] micro-train burst (18964 bytes, novelty 0.03) — and lo, it feeds again.
[syntropy] action=explore | trend=0.0000 | field_dev=-0.064 | purpose_align=0.076 | lr_mul=1.30
[aml] burst complete: 32 steps, avg loss 1.9593 (memory freed)
[dna] water wrote 83 bytes to ecology
[dna] water wrote 28 bytes to ecology
[dna] water wrote 27 bytes to ecology
[dna] water wrote 54 bytes to ecology
[dna] water wrote 107 bytes to ecology
[dna] water wrote 34 bytes to ecology
[dna] water wrote 40 bytes to ecology
[dna] water wrote 43 bytes to ecology
[dna] water wrote 134 bytes to ecology
[dna] water wrote 47 bytes to ecology
[dna] water wrote 45 bytes to ecology
[dna] water wrote 46 bytes to ecology
[dna] water wrote 44 bytes to ecology
[dna] water wrote 58 bytes to ecology
[dna] water wrote 19 bytes to ecology
[dna] water wrote 135 bytes to ecology
[debug-onto] tick=50 corpus=144886 stage=2 freeze=0
[dna] water wrote 29 bytes to ecology
[dna] water wrote 118 bytes to ecology
[dna] water wrote 43 bytes to ecology
[dna] water wrote 63 bytes to ecology
[dna] water wrote 17 bytes to ecology
[dna] water wrote 93 bytes to ecology
[dna] water wrote 49 bytes to ecology
[dna] water wrote 31 bytes to ecology
[dna] water wrote 75 bytes to ecology
[dna] water wrote 10 bytes to ecology
[dna] water wrote 170 bytes to ecology
[dna] water wrote 60 bytes to ecology
[dna] water wrote 66 bytes to ecology
[dna] water wrote 58 bytes to ecology
[dna] water wrote 36 bytes to ecology
[dna] water wrote 138 bytes to ecology
[dna] water wrote 31 bytes to ecology
[debug-onto] tick=100 corpus=144886 stage=2 freeze=0
[dna] water wrote 62 bytes to ecology
[dna] water wrote 66 bytes to ecology
[dna] water wrote 149 bytes to ecology
[dna] water wrote 96 bytes to ecology
[dna] water wrote 41 bytes to ecology
[dna] water wrote 59 bytes to ecology
[dna] water wrote 119 bytes to ecology
[dna] water wrote 48 bytes to ecology
[dna] water wrote 25 bytes to ecology
[dna] water wrote 53 bytes to ecology
[dna] water wrote 90 bytes to ecology
[dna] water wrote 65 bytes to ecology
[dna] water wrote 237 bytes to ecology
[dna] water wrote 29 bytes to ecology
[dna] water wrote 63 bytes to ecology
[dna] water wrote 59 bytes to ecology
[debug-onto] tick=150 corpus=144886 stage=2 freeze=0
[dna] water wrote 36 bytes to ecology
[dna] water wrote 52 bytes to ecology
[dna] water wrote 55 bytes to ecology
[dna] water wrote 170 bytes to ecology
[dna] water wrote 50 bytes to ecology
[dna] water wrote 129 bytes to ecology
[dna] water wrote 65 bytes to ecology
[dna] water wrote 35 bytes to ecology
[dna] water wrote 22 bytes to ecology
[dna] water wrote 87 bytes to ecology
[dna] water wrote 76 bytes to ecology
[dna] water wrote 66 bytes to ecology
[dna] water wrote 28 bytes to ecology
[dna] water wrote 11 bytes to ecology
[dna] water wrote 32 bytes to ecology
[dna] water wrote 18 bytes to ecology
[dna] water wrote 72 bytes to ecology
[debug-onto] tick=200 corpus=144886 stage=2 freeze=0
[dna] water wrote 45 bytes to ecology
[dna] water wrote 71 bytes to ecology
[dna] water wrote 97 bytes to ecology
[dna] water wrote 52 bytes to ecology
[dna] water wrote 62 bytes to ecology
[dna] water wrote 70 bytes to ecology
[dna] water wrote 29 bytes to ecology
[dna] water wrote 38 bytes to ecology
[dna] water wrote 124 bytes to ecology
[dna] water wrote 52 bytes to ecology
[dna] water wrote 10 bytes to ecology
[dna] water wrote 163 bytes to ecology
[dna] water wrote 54 bytes to ecology
[dna] water wrote 30 bytes to ecology
[dna] water wrote 63 bytes to ecology
[dna] water wrote 124 bytes to ecology
[dna] water wrote 77 bytes to ecology
[debug-onto] tick=250 corpus=144886 stage=2 freeze=0
[dna] water wrote 58 bytes to ecology
[dna] water wrote 51 bytes to ecology
[dna] water wrote 34 bytes to ecology
[dna] water wrote 103 bytes to ecology
[dna] water wrote 25 bytes to ecology
[dna] water wrote 51 bytes to ecology
[dna] water wrote 74 bytes to ecology
[dna] water wrote 58 bytes to ecology
[dna] water wrote 26 bytes to ecology
[dna] water wrote 102 bytes to ecology
[dna] water wrote 98 bytes to ecology
[dna] water wrote 35 bytes to ecology
[dna] water wrote 10 bytes to ecology
[dna] water wrote 84 bytes to ecology
[dna] water wrote 103 bytes to ecology
[dna] water wrote 41 bytes to ecology
[debug-onto] tick=300 corpus=144886 stage=2 freeze=0
[dna] water wrote 9 bytes to ecology
[dna] water wrote 31 bytes to ecology
[dna] water wrote 41 bytes to ecology
[dna] water wrote 54 bytes to ecology
[dna] water wrote 158 bytes to ecology
[dna] water wrote 54 bytes to ecology
[dna] water wrote 40 bytes to ecology
[dna] water wrote 115 bytes to ecology
[dna] water wrote 10 bytes to ecology
[dna] water wrote 26 bytes to ecology
[dna] water wrote 67 bytes to ecology
[dna] water wrote 44 bytes to ecology
[dna] water wrote 136 bytes to ecology
[dna] water wrote 44 bytes to ecology
[dna] water wrote 240 bytes to ecology
[dna] water wrote 51 bytes to ecology
[dna] water wrote 59 bytes to ecology
[debug-onto] tick=350 corpus=144886 stage=2 freeze=0
[dna] water wrote 27 bytes to ecology
[dna] water wrote 42 bytes to ecology
[dna] water wrote 34 bytes to ecology
[dna] water wrote 54 bytes to ecology
[dna] water wrote 12 bytes to ecology
[dna] water wrote 29 bytes to ecology
[dna] water wrote 37 bytes to ecology
[dna] water wrote 62 bytes to ecology
[dna] water wrote 64 bytes to ecology
[dna] water wrote 71 bytes to ecology
[dna] water wrote 108 bytes to ecology
[dna] water wrote 42 bytes to ecology
[dna] water wrote 23 bytes to ecology
[dna] water wrote 116 bytes to ecology
[dna] water wrote 44 bytes to ecology
[dna] water wrote 35 bytes to ecology
[dna] water wrote 32 bytes to ecology
[debug-onto] tick=400 corpus=144886 stage=2 freeze=0
[dna] water wrote 25 bytes to ecology
[dna] water wrote 69 bytes to ecology
[dna] water wrote 172 bytes to ecology
[dna] water wrote 134 bytes to ecology
[dna] water wrote 140 bytes to ecology
[dna] water wrote 92 bytes to ecology
[dna] water wrote 62 bytes to ecology
[dna] water wrote 146 bytes to ecology
[dna] water wrote 40 bytes to ecology
[dna] water wrote 43 bytes to ecology
[dna] water wrote 55 bytes to ecology
[dna] water wrote 115 bytes to ecology
[dna] water wrote 86 bytes to ecology
[dna] water wrote 113 bytes to ecology
[dna] water wrote 31 bytes to ecology
[dna] water wrote 12 bytes to ecology
[debug-onto] tick=450 corpus=144886 stage=2 freeze=0
[dna] water wrote 99 bytes to ecology
[dna] water wrote 57 bytes to ecology
[dna] water wrote 120 bytes to ecology
[dna] water wrote 54 bytes to ecology
[dna] water wrote 17 bytes to ecology
[dna] water wrote 20 bytes to ecology
[dna] water wrote 68 bytes to ecology
[dna] water wrote 53 bytes to ecology
[dna] water wrote 107 bytes to ecology
[dna] water wrote 44 bytes to ecology
[dna] water wrote 93 bytes to ecology
[dna] water wrote 40 bytes to ecology
[dna] water wrote 57 bytes to ecology
[dna] water wrote 155 bytes to ecology
[dna] water wrote 36 bytes to ecology
[dna] water wrote 33 bytes to ecology
[dna] water wrote 111 bytes to ecology
[debug-onto] tick=500 corpus=144886 stage=2 freeze=0
[dna] water wrote 88 bytes to ecology
[dna] water wrote 48 bytes to ecology
[dna] water wrote 45 bytes to ecology
[dna] water wrote 87 bytes to ecology
[dna] water wrote 199 bytes to ecology
[dna] water wrote 28 bytes to ecology
[dna] water wrote 42 bytes to ecology
[dna] water wrote 63 bytes to ecology
[dna] water wrote 48 bytes to ecology
[dna] water wrote 37 bytes to ecology
[dna] water wrote 35 bytes to ecology
[dna] water wrote 61 bytes to ecology
[dna] water wrote 84 bytes to ecology
[dna] water wrote 32 bytes to ecology
[dna] water wrote 94 bytes to ecology
[dna] water wrote 72 bytes to ecology
[debug-onto] tick=550 corpus=144886 stage=2 freeze=0
[dna] water wrote 60 bytes to ecology
[dna] water wrote 64 bytes to ecology
[dna] water wrote 56 bytes to ecology
[dna] water wrote 29 bytes to ecology
[dna] water wrote 74 bytes to ecology
[dna] water wrote 124 bytes to ecology
[dna] water wrote 77 bytes to ecology
[dna] water wrote 30 bytes to ecology
[dna] water wrote 69 bytes to ecology
[dna] water wrote 60 bytes to ecology
[dna] water wrote 112 bytes to ecology
[dna] water wrote 7 bytes to ecology
[dna] water wrote 27 bytes to ecology
[dna] water wrote 32 bytes to ecology
[dna] water wrote 57 bytes to ecology
[dna] water wrote 128 bytes to ecology
[debug-onto] tick=600 corpus=144886 stage=2 freeze=0
[dna] water wrote 144 bytes to ecology
[dna] water wrote 10 bytes to ecology
[dna] water wrote 127 bytes to ecology
[dna] water wrote 115 bytes to ecology
[dna] water wrote 83 bytes to ecology
[dna] water wrote 50 bytes to ecology
[dna] water wrote 59 bytes to ecology
[dna] water wrote 148 bytes to ecology

[evolution] Organism shutting down gracefully.
