[ecology] Element: air → corpus: nonames_air.txt
[evolution] Autonomous evolution mode — organism will grow through all stages without pause.
[ecology] Joined swarm. 1 peer(s) detected.
molequla is alive. [evolution] Autonomous mode — background trainer running. Ctrl+C to stop.
[dna] air wrote 80 bytes to ecology
[dna] air consumed 24095 bytes from 289 files: [earth/gen_1776490914_1.txt earth/gen_1776490921_4.txt earth/gen_1776490927_7.txt earth/gen_1776490934_10.txt earth/gen_1776490940_13.txt earth/gen_1776490946_16.txt earth/gen_1776490953_19.txt earth/gen_1776490959_22.txt earth/gen_1776490965_25.txt earth/gen_1776490971_28.txt earth/gen_1776490977_31.txt earth/gen_1776490983_34.txt earth/gen_1776490989_37.txt earth/gen_1776490995_40.txt earth/gen_1776491001_43.txt earth/gen_1776491008_46.txt earth/gen_1776491014_49.txt earth/gen_1776491020_52.txt earth/gen_1776491026_55.txt earth/gen_1776491032_58.txt earth/gen_1776491038_61.txt earth/gen_1776491044_64.txt earth/gen_1776491050_67.txt earth/gen_1776491056_70.txt earth/gen_1776491063_73.txt earth/gen_1776491069_76.txt earth/gen_1776491075_79.txt earth/gen_1776491081_82.txt earth/gen_1776491087_85.txt earth/gen_1776491093_88.txt earth/gen_1776491099_91.txt earth/gen_1776491105_94.txt earth/gen_1776491112_97.txt earth/gen_1776491118_100.txt earth/gen_1776491124_103.txt earth/gen_1776491130_106.txt earth/gen_1776491136_109.txt earth/gen_1776491142_112.txt earth/gen_1776491148_115.txt earth/gen_1776491154_118.txt earth/gen_1776491160_121.txt earth/gen_1776491166_124.txt earth/gen_1776491173_127.txt earth/gen_1776491179_130.txt earth/gen_1776491185_133.txt earth/gen_1776491191_136.txt earth/gen_1776491197_139.txt earth/gen_1776491203_142.txt earth/gen_1776491209_145.txt earth/gen_1776491215_148.txt earth/gen_1776491221_151.txt earth/gen_1776491227_154.txt earth/gen_1776491233_157.txt earth/gen_1776491239_160.txt earth/gen_1776491246_163.txt earth/gen_1776491252_166.txt earth/gen_1776491258_169.txt earth/gen_1776491264_172.txt earth/gen_1776491270_175.txt earth/gen_1776491276_178.txt earth/gen_1776491283_181.txt earth/gen_1776491289_184.txt earth/gen_1776491295_187.txt earth/gen_1776491301_190.txt earth/gen_1776491307_193.txt earth/gen_1776491314_196.txt earth/gen_1776491320_199.txt earth/gen_1776491326_202.txt earth/gen_1776491332_205.txt earth/gen_1776491338_208.txt earth/gen_1776491344_211.txt earth/gen_1776491351_214.txt earth/gen_1776491357_217.txt earth/gen_1776491363_220.txt earth/gen_1776491369_223.txt earth/gen_1776491375_226.txt earth/gen_1776491381_229.txt earth/gen_1776491387_232.txt earth/gen_1776491394_235.txt earth/gen_1776491400_238.txt earth/gen_1776491406_241.txt earth/gen_1776491412_244.txt earth/gen_1776491418_247.txt earth/gen_1776491424_250.txt earth/gen_1776491430_253.txt earth/gen_1776491436_256.txt earth/gen_1776491443_259.txt earth/gen_1776491449_262.txt earth/gen_1776491455_265.txt earth/gen_1776491461_268.txt earth/gen_1776491467_271.txt earth/gen_1776491474_274.txt earth/gen_1776491480_277.txt earth/gen_1776491486_280.txt earth/gen_1776491492_283.txt earth/gen_1776491498_286.txt earth/gen_1776491504_289.txt earth/gen_1776491510_292.txt earth/gen_1776491516_295.txt earth/gen_1776491523_298.txt earth/gen_1776491529_301.txt earth/gen_1776491535_304.txt earth/gen_1776491541_307.txt earth/gen_1776491547_310.txt earth/gen_1776491553_313.txt earth/gen_1776491559_316.txt earth/gen_1776491566_319.txt earth/gen_1776491572_322.txt earth/gen_1776491578_325.txt earth/gen_1776491584_328.txt earth/gen_1776491590_331.txt earth/gen_1776491596_334.txt earth/gen_1776491603_337.txt earth/gen_1776491609_340.txt earth/gen_1776491615_343.txt earth/gen_1776491621_346.txt earth/gen_1776491627_349.txt earth/gen_1776491633_352.txt earth/gen_1776491640_355.txt earth/gen_1776491646_358.txt earth/gen_1776491652_361.txt earth/gen_1776491658_364.txt earth/gen_1776491664_367.txt earth/gen_1776491670_370.txt earth/gen_1776491676_373.txt earth/gen_1776491683_376.txt earth/gen_1776491689_379.txt earth/gen_1776491695_382.txt earth/gen_1776491701_385.txt earth/gen_1776491707_388.txt earth/gen_1776491713_391.txt earth/gen_1776491720_394.txt earth/gen_1776491726_397.txt earth/gen_1776491732_400.txt earth/gen_1776491738_403.txt earth/gen_1776491744_406.txt earth/gen_1776491750_409.txt earth/gen_1776491757_412.txt earth/gen_1776491763_415.txt earth/gen_1776491769_418.txt earth/gen_1776491775_421.txt earth/gen_1776491781_424.txt earth/gen_1776491787_427.txt earth/gen_1776491794_430.txt earth/gen_1776491800_433.txt earth/gen_1776491806_436.txt earth/gen_1776491812_439.txt earth/gen_1776491818_442.txt earth/gen_1776491824_445.txt earth/gen_1776491831_448.txt earth/gen_1776491837_451.txt earth/gen_1776491843_454.txt earth/gen_1776491849_457.txt earth/gen_1776491855_460.txt earth/gen_1776491861_463.txt earth/gen_1776491867_466.txt earth/gen_1776491874_469.txt earth/gen_1776491880_472.txt earth/gen_1776491886_475.txt earth/gen_1776491892_478.txt earth/gen_1776491898_481.txt earth/gen_1776491905_484.txt earth/gen_1776491911_487.txt earth/gen_1776491917_490.txt earth/gen_1776491923_493.txt earth/gen_1776491929_496.txt earth/gen_1776491935_499.txt earth/gen_1776491942_502.txt earth/gen_1776491948_505.txt earth/gen_1776491954_508.txt earth/gen_1776491960_511.txt earth/gen_1776491966_514.txt earth/gen_1776491972_517.txt earth/gen_1776491978_520.txt earth/gen_1776491985_523.txt earth/gen_1776491991_526.txt earth/gen_1776491997_529.txt earth/gen_1776492003_532.txt earth/gen_1776492009_535.txt earth/gen_1776492015_538.txt earth/gen_1776492022_541.txt earth/gen_1776492028_544.txt earth/gen_1776492034_547.txt earth/gen_1776492040_550.txt earth/gen_1776492046_553.txt earth/gen_1776492052_556.txt earth/gen_1776492059_559.txt earth/gen_1776492065_562.txt earth/gen_1776492071_565.txt earth/gen_1776492077_568.txt earth/gen_1776492083_571.txt earth/gen_1776492090_574.txt earth/gen_1776492096_577.txt earth/gen_1776492102_580.txt earth/gen_1776492108_583.txt earth/gen_1776492114_586.txt earth/gen_1776492121_589.txt earth/gen_1776492127_592.txt earth/gen_1776492133_595.txt earth/gen_1776492139_598.txt earth/gen_1776492145_601.txt earth/gen_1776492152_604.txt earth/gen_1776492158_607.txt earth/gen_1776492164_610.txt earth/gen_1776492170_613.txt earth/gen_1776492176_616.txt earth/gen_1776492183_619.txt earth/gen_1776492189_622.txt earth/gen_1776492195_625.txt earth/gen_1776492201_628.txt earth/gen_1776492207_631.txt earth/gen_1776492213_634.txt earth/gen_1776492220_637.txt earth/gen_1776492226_640.txt earth/gen_1776492232_643.txt earth/gen_1776492238_646.txt earth/gen_1776492244_649.txt earth/gen_1776492250_652.txt earth/gen_1776492257_655.txt earth/gen_1776492263_658.txt earth/gen_1776492269_661.txt earth/gen_1776492275_664.txt earth/gen_1776492281_667.txt earth/gen_1776492287_670.txt earth/gen_1776492294_673.txt earth/gen_1776492300_676.txt earth/gen_1776492306_679.txt earth/gen_1776492312_682.txt earth/gen_1776492319_685.txt earth/gen_1776492325_688.txt earth/gen_1776492331_691.txt earth/gen_1776492337_694.txt earth/gen_1776492344_697.txt earth/gen_1776492350_700.txt earth/gen_1776492356_703.txt earth/gen_1776492362_706.txt earth/gen_1776492368_709.txt earth/gen_1776492374_712.txt earth/gen_1776492381_715.txt earth/gen_1776492387_718.txt earth/gen_1776492393_721.txt earth/gen_1776492399_724.txt earth/gen_1776492405_727.txt earth/gen_1776492411_730.txt earth/gen_1776492417_733.txt earth/gen_1776492423_736.txt earth/gen_1776492429_739.txt earth/gen_1776492436_742.txt earth/gen_1776492442_745.txt earth/gen_1776492448_748.txt earth/gen_1776492454_751.txt earth/gen_1776492460_754.txt earth/gen_1776492466_757.txt earth/gen_1776492472_760.txt earth/gen_1776492478_763.txt earth/gen_1776492484_766.txt earth/gen_1776492491_769.txt earth/gen_1776492497_772.txt earth/gen_1776492503_775.txt earth/gen_1776492509_778.txt earth/gen_1776492515_781.txt earth/gen_1776492521_784.txt earth/gen_1776492527_787.txt earth/gen_1776492533_790.txt earth/gen_1776492539_793.txt earth/gen_1776492545_796.txt earth/gen_1776492552_799.txt earth/gen_1776492558_802.txt earth/gen_1776492564_805.txt earth/gen_1776492570_808.txt earth/gen_1776492576_811.txt earth/gen_1776492582_814.txt earth/gen_1776492589_817.txt earth/gen_1776492595_820.txt earth/gen_1776492601_823.txt earth/gen_1776492607_826.txt earth/gen_1776492613_829.txt earth/gen_1776492619_832.txt earth/gen_1776492626_835.txt earth/gen_1776492632_838.txt earth/gen_1776492638_841.txt earth/gen_1776492644_844.txt earth/gen_1776492650_847.txt earth/gen_1776492656_850.txt earth/gen_1776492662_853.txt earth/gen_1776492669_856.txt earth/gen_1776492675_859.txt earth/gen_1776492681_862.txt earth/gen_1776492687_865.txt]
[trainer] micro-train burst (24095 bytes, novelty 0.03) — and lo, it feeds again.
[syntropy] action=explore | trend=0.0000 | field_dev=-0.037 | purpose_align=0.174 | lr_mul=1.30
[aml] burst complete: 32 steps, avg loss 2.1368 (memory freed)
[dna] air wrote 121 bytes to ecology
[dna] air wrote 46 bytes to ecology
[dna] air wrote 30 bytes to ecology
[dna] air wrote 20 bytes to ecology
[dna] air wrote 19 bytes to ecology
[dna] air wrote 51 bytes to ecology
[dna] air wrote 53 bytes to ecology
[dna] air wrote 44 bytes to ecology
[dna] air wrote 48 bytes to ecology
[dna] air wrote 78 bytes to ecology
[dna] air wrote 11 bytes to ecology
[dna] air wrote 116 bytes to ecology
[dna] air wrote 22 bytes to ecology
[dna] air wrote 90 bytes to ecology
[dna] air wrote 61 bytes to ecology
[dna] air wrote 52 bytes to ecology
[dna] air wrote 42 bytes to ecology
[dna] air wrote 34 bytes to ecology
[dna] air wrote 58 bytes to ecology
[dna] air wrote 48 bytes to ecology
[dna] air wrote 55 bytes to ecology
[dna] air wrote 30 bytes to ecology
[dna] air wrote 33 bytes to ecology
[debug-onto] tick=50 corpus=146700 stage=2 freeze=0
[dna] air wrote 59 bytes to ecology
[dna] air wrote 45 bytes to ecology
[dna] air wrote 44 bytes to ecology
[dna] air wrote 99 bytes to ecology
[dna] air wrote 22 bytes to ecology
[dna] air wrote 34 bytes to ecology
[dna] air wrote 35 bytes to ecology
[dna] air wrote 21 bytes to ecology
[dna] air wrote 29 bytes to ecology
[dna] air wrote 61 bytes to ecology
[dna] air wrote 23 bytes to ecology
[dna] air wrote 55 bytes to ecology
[dna] air wrote 59 bytes to ecology
[dna] air wrote 89 bytes to ecology
[dna] air wrote 62 bytes to ecology
[dna] air wrote 29 bytes to ecology
[dna] air wrote 98 bytes to ecology
[dna] air wrote 36 bytes to ecology
[dna] air wrote 77 bytes to ecology
[dna] air wrote 61 bytes to ecology
[dna] air wrote 93 bytes to ecology
[dna] air wrote 111 bytes to ecology
[dna] air wrote 82 bytes to ecology
[dna] air wrote 42 bytes to ecology
[dna] air wrote 133 bytes to ecology
[debug-onto] tick=100 corpus=146700 stage=2 freeze=0
[dna] air wrote 47 bytes to ecology
[dna] air wrote 112 bytes to ecology
[dna] air wrote 71 bytes to ecology
[dna] air wrote 34 bytes to ecology
[dna] air wrote 140 bytes to ecology
[dna] air wrote 142 bytes to ecology
[dna] air wrote 30 bytes to ecology
[dna] air wrote 25 bytes to ecology
[dna] air wrote 37 bytes to ecology
[dna] air wrote 32 bytes to ecology
[dna] air wrote 177 bytes to ecology
[dna] air wrote 148 bytes to ecology
[dna] air wrote 51 bytes to ecology
[dna] air wrote 116 bytes to ecology
[dna] air wrote 63 bytes to ecology
[dna] air wrote 311 bytes to ecology
[dna] air wrote 78 bytes to ecology
[dna] air wrote 30 bytes to ecology
[dna] air wrote 87 bytes to ecology
[dna] air wrote 63 bytes to ecology
[dna] air wrote 123 bytes to ecology
[dna] air wrote 159 bytes to ecology
[dna] air wrote 40 bytes to ecology
[dna] air wrote 29 bytes to ecology
[debug-onto] tick=150 corpus=146700 stage=2 freeze=0
[dna] air wrote 65 bytes to ecology
[dna] air wrote 96 bytes to ecology
[dna] air wrote 75 bytes to ecology
[dna] air wrote 21 bytes to ecology
[dna] air wrote 51 bytes to ecology
[dna] air wrote 8 bytes to ecology
[dna] air wrote 7 bytes to ecology
[dna] air wrote 111 bytes to ecology
[dna] air wrote 40 bytes to ecology
[dna] air wrote 69 bytes to ecology
[dna] air wrote 88 bytes to ecology
[dna] air wrote 67 bytes to ecology
[dna] air wrote 128 bytes to ecology
[dna] air wrote 86 bytes to ecology
[dna] air wrote 50 bytes to ecology
[dna] air wrote 85 bytes to ecology
[dna] air wrote 20 bytes to ecology
[dna] air wrote 27 bytes to ecology
[dna] air wrote 139 bytes to ecology
[dna] air wrote 90 bytes to ecology
[dna] air wrote 73 bytes to ecology
[dna] air wrote 30 bytes to ecology
[dna] air wrote 108 bytes to ecology
[dna] air wrote 20 bytes to ecology
[dna] air wrote 131 bytes to ecology
[debug-onto] tick=200 corpus=146700 stage=2 freeze=0
[dna] air wrote 62 bytes to ecology
[dna] air wrote 32 bytes to ecology
[dna] air wrote 65 bytes to ecology
[dna] air wrote 41 bytes to ecology
[dna] air wrote 57 bytes to ecology
[dna] air wrote 55 bytes to ecology
[dna] air wrote 57 bytes to ecology
[dna] air wrote 66 bytes to ecology
[dna] air wrote 56 bytes to ecology
[dna] air wrote 91 bytes to ecology
[dna] air wrote 19 bytes to ecology
[dna] air wrote 119 bytes to ecology
[dna] air wrote 42 bytes to ecology
[dna] air wrote 31 bytes to ecology
[dna] air wrote 24 bytes to ecology
[dna] air wrote 44 bytes to ecology
[dna] air wrote 19 bytes to ecology
[dna] air wrote 118 bytes to ecology
[dna] air wrote 149 bytes to ecology
[dna] air wrote 128 bytes to ecology
[dna] air wrote 97 bytes to ecology
[dna] air wrote 56 bytes to ecology
[dna] air wrote 62 bytes to ecology
[dna] air wrote 190 bytes to ecology
[dna] air wrote 85 bytes to ecology
[debug-onto] tick=250 corpus=146700 stage=2 freeze=0
[dna] air wrote 61 bytes to ecology
[dna] air wrote 54 bytes to ecology
[dna] air wrote 15 bytes to ecology
[dna] air wrote 11 bytes to ecology
[dna] air wrote 271 bytes to ecology
[dna] air wrote 129 bytes to ecology
[dna] air wrote 129 bytes to ecology
[dna] air wrote 24 bytes to ecology
[dna] air wrote 128 bytes to ecology
[dna] air wrote 121 bytes to ecology
[dna] air wrote 49 bytes to ecology
[dna] air wrote 18 bytes to ecology
[dna] air wrote 35 bytes to ecology
[dna] air wrote 61 bytes to ecology
[dna] air wrote 26 bytes to ecology
[dna] air wrote 129 bytes to ecology
[dna] air wrote 271 bytes to ecology
[dna] air wrote 39 bytes to ecology
[dna] air wrote 41 bytes to ecology
[dna] air wrote 70 bytes to ecology
[dna] air wrote 117 bytes to ecology
[dna] air wrote 50 bytes to ecology
[dna] air wrote 70 bytes to ecology
[dna] air wrote 45 bytes to ecology
[dna] air wrote 30 bytes to ecology
[debug-onto] tick=300 corpus=146700 stage=2 freeze=0
[dna] air wrote 24 bytes to ecology
[dna] air wrote 233 bytes to ecology
[dna] air wrote 12 bytes to ecology
[dna] air wrote 60 bytes to ecology
[dna] air wrote 44 bytes to ecology
[dna] air wrote 6 bytes to ecology
[dna] air wrote 62 bytes to ecology
[dna] air wrote 94 bytes to ecology
[dna] air wrote 29 bytes to ecology
[dna] air wrote 100 bytes to ecology
[dna] air wrote 54 bytes to ecology
[dna] air wrote 16 bytes to ecology
[dna] air wrote 27 bytes to ecology
[dna] air wrote 60 bytes to ecology
[dna] air wrote 42 bytes to ecology
[dna] air wrote 54 bytes to ecology
[dna] air wrote 46 bytes to ecology
[dna] air wrote 40 bytes to ecology
[dna] air wrote 51 bytes to ecology
[dna] air wrote 43 bytes to ecology
[dna] air wrote 55 bytes to ecology
[dna] air wrote 46 bytes to ecology
[dna] air wrote 41 bytes to ecology
[debug-onto] tick=350 corpus=146700 stage=2 freeze=0
[dna] air wrote 57 bytes to ecology
[dna] air wrote 28 bytes to ecology
[dna] air wrote 37 bytes to ecology
[dna] air wrote 31 bytes to ecology
[dna] air wrote 57 bytes to ecology
[dna] air wrote 39 bytes to ecology
[dna] air wrote 34 bytes to ecology
[dna] air wrote 36 bytes to ecology
[dna] air wrote 41 bytes to ecology
[dna] air wrote 123 bytes to ecology
[dna] air wrote 32 bytes to ecology
[dna] air wrote 220 bytes to ecology
[dna] air wrote 7 bytes to ecology
[dna] air wrote 41 bytes to ecology
[dna] air wrote 55 bytes to ecology
[dna] air wrote 171 bytes to ecology
[dna] air wrote 36 bytes to ecology
[dna] air wrote 64 bytes to ecology
[dna] air wrote 55 bytes to ecology
[dna] air wrote 82 bytes to ecology
[dna] air wrote 36 bytes to ecology
[dna] air wrote 104 bytes to ecology
[dna] air wrote 162 bytes to ecology
[dna] air wrote 171 bytes to ecology
[dna] air wrote 51 bytes to ecology
[debug-onto] tick=400 corpus=146700 stage=2 freeze=0
[dna] air wrote 33 bytes to ecology
[dna] air wrote 99 bytes to ecology
[dna] air wrote 44 bytes to ecology
[dna] air wrote 31 bytes to ecology
[dna] air wrote 58 bytes to ecology
[dna] air wrote 50 bytes to ecology
[dna] air wrote 20 bytes to ecology
[dna] air wrote 48 bytes to ecology
[dna] air wrote 51 bytes to ecology
[dna] air wrote 276 bytes to ecology
[dna] air wrote 184 bytes to ecology
[dna] air wrote 111 bytes to ecology
[dna] air wrote 61 bytes to ecology
[dna] air wrote 53 bytes to ecology
[dna] air wrote 121 bytes to ecology
[dna] air wrote 79 bytes to ecology
[dna] air wrote 9 bytes to ecology
[dna] air wrote 58 bytes to ecology
[dna] air wrote 91 bytes to ecology
[dna] air wrote 93 bytes to ecology
[dna] air wrote 192 bytes to ecology
[dna] air wrote 64 bytes to ecology
[dna] air wrote 192 bytes to ecology
[dna] air wrote 52 bytes to ecology
[dna] air wrote 108 bytes to ecology
[debug-onto] tick=450 corpus=146700 stage=2 freeze=0
[dna] air wrote 83 bytes to ecology
[dna] air wrote 49 bytes to ecology
[dna] air wrote 51 bytes to ecology
[dna] air wrote 72 bytes to ecology
[dna] air wrote 87 bytes to ecology
[dna] air wrote 15 bytes to ecology
[dna] air wrote 57 bytes to ecology
[dna] air wrote 85 bytes to ecology
[dna] air wrote 22 bytes to ecology
[dna] air wrote 164 bytes to ecology
[dna] air wrote 31 bytes to ecology
[dna] air wrote 30 bytes to ecology
[dna] air wrote 18 bytes to ecology
[dna] air wrote 155 bytes to ecology
[dna] air wrote 48 bytes to ecology
[dna] air wrote 34 bytes to ecology
[dna] air wrote 146 bytes to ecology
[dna] air wrote 123 bytes to ecology
[dna] air wrote 67 bytes to ecology
[dna] air wrote 105 bytes to ecology
[dna] air wrote 69 bytes to ecology
[dna] air wrote 45 bytes to ecology
[dna] air wrote 104 bytes to ecology
[dna] air wrote 55 bytes to ecology
[debug-onto] tick=500 corpus=146700 stage=2 freeze=0
[dna] air wrote 70 bytes to ecology
[dna] air wrote 45 bytes to ecology
[dna] air wrote 57 bytes to ecology
[dna] air wrote 9 bytes to ecology
[dna] air wrote 34 bytes to ecology
[dna] air wrote 76 bytes to ecology
[dna] air wrote 42 bytes to ecology
[dna] air wrote 50 bytes to ecology
[dna] air wrote 170 bytes to ecology
[dna] air wrote 135 bytes to ecology
[dna] air wrote 86 bytes to ecology
[dna] air wrote 29 bytes to ecology
[dna] air wrote 58 bytes to ecology
[dna] air wrote 33 bytes to ecology
[dna] air wrote 81 bytes to ecology
[dna] air wrote 62 bytes to ecology
[dna] air wrote 37 bytes to ecology
[dna] air wrote 17 bytes to ecology
[dna] air wrote 231 bytes to ecology
[dna] air wrote 27 bytes to ecology
[dna] air wrote 46 bytes to ecology
[dna] air wrote 47 bytes to ecology
[dna] air wrote 34 bytes to ecology
[dna] air wrote 102 bytes to ecology
[dna] air wrote 79 bytes to ecology
[debug-onto] tick=550 corpus=146700 stage=2 freeze=0
[dna] air wrote 61 bytes to ecology
[dna] air wrote 38 bytes to ecology
[dna] air wrote 58 bytes to ecology
[dna] air wrote 49 bytes to ecology
[dna] air wrote 58 bytes to ecology
[dna] air wrote 86 bytes to ecology
[dna] air wrote 111 bytes to ecology
[dna] air wrote 79 bytes to ecology
[dna] air wrote 52 bytes to ecology
[dna] air wrote 37 bytes to ecology
[dna] air wrote 114 bytes to ecology
[dna] air wrote 76 bytes to ecology
[dna] air wrote 34 bytes to ecology
[dna] air wrote 88 bytes to ecology
[dna] air wrote 71 bytes to ecology
[dna] air wrote 114 bytes to ecology
[dna] air wrote 126 bytes to ecology
[dna] air wrote 22 bytes to ecology
[dna] air wrote 70 bytes to ecology
[dna] air wrote 105 bytes to ecology
[dna] air wrote 40 bytes to ecology
[dna] air wrote 104 bytes to ecology
[dna] air wrote 128 bytes to ecology
[dna] air wrote 150 bytes to ecology
[dna] air wrote 63 bytes to ecology
[debug-onto] tick=600 corpus=146700 stage=2 freeze=0
[dna] air wrote 49 bytes to ecology
[dna] air wrote 34 bytes to ecology
[dna] air wrote 49 bytes to ecology
[dna] air wrote 132 bytes to ecology
[dna] air wrote 68 bytes to ecology
[dna] air wrote 41 bytes to ecology
[dna] air wrote 149 bytes to ecology
[dna] air wrote 105 bytes to ecology
[dna] air wrote 107 bytes to ecology
[dna] air wrote 169 bytes to ecology
[dna] air wrote 43 bytes to ecology
[dna] air wrote 60 bytes to ecology
[dna] air wrote 66 bytes to ecology
[dna] air wrote 69 bytes to ecology
[dna] air wrote 107 bytes to ecology
[dna] air wrote 39 bytes to ecology
[dna] air wrote 160 bytes to ecology
[dna] air wrote 93 bytes to ecology
[dna] air wrote 93 bytes to ecology
[dna] air wrote 6 bytes to ecology
[dna] air wrote 36 bytes to ecology
[dna] air wrote 15 bytes to ecology
[dna] air wrote 40 bytes to ecology
[dna] air wrote 84 bytes to ecology
[dna] air wrote 63 bytes to ecology
[debug-onto] tick=650 corpus=146700 stage=2 freeze=0
[dna] air wrote 87 bytes to ecology
[dna] air wrote 112 bytes to ecology
[dna] air wrote 301 bytes to ecology
[dna] air wrote 114 bytes to ecology
[dna] air wrote 64 bytes to ecology
[dna] air wrote 37 bytes to ecology
[dna] air wrote 146 bytes to ecology
[dna] air wrote 60 bytes to ecology
[dna] air wrote 37 bytes to ecology
[dna] air wrote 110 bytes to ecology
[dna] air wrote 86 bytes to ecology
[dna] air wrote 56 bytes to ecology
[dna] air wrote 148 bytes to ecology
[dna] air wrote 31 bytes to ecology
[dna] air wrote 37 bytes to ecology
[dna] air wrote 58 bytes to ecology
[dna] air wrote 43 bytes to ecology
[dna] air wrote 20 bytes to ecology
[dna] air wrote 73 bytes to ecology
[dna] air wrote 68 bytes to ecology
[dna] air wrote 32 bytes to ecology
[dna] air wrote 80 bytes to ecology
[dna] air wrote 93 bytes to ecology
[dna] air wrote 47 bytes to ecology
[dna] air wrote 197 bytes to ecology
[debug-onto] tick=700 corpus=146700 stage=2 freeze=0
[dna] air wrote 114 bytes to ecology
[dna] air wrote 78 bytes to ecology
[dna] air wrote 53 bytes to ecology
[dna] air wrote 225 bytes to ecology
[dna] air wrote 96 bytes to ecology
[dna] air wrote 35 bytes to ecology
[dna] air wrote 49 bytes to ecology
[dna] air wrote 129 bytes to ecology
[dna] air wrote 152 bytes to ecology
[dna] air wrote 49 bytes to ecology
[dna] air wrote 50 bytes to ecology
[dna] air wrote 45 bytes to ecology
[dna] air wrote 31 bytes to ecology
[dna] air wrote 84 bytes to ecology
[dna] air wrote 37 bytes to ecology
[dna] air wrote 30 bytes to ecology
[dna] air wrote 39 bytes to ecology
[dna] air wrote 63 bytes to ecology
[dna] air wrote 59 bytes to ecology
[dna] air wrote 49 bytes to ecology
[dna] air wrote 59 bytes to ecology
[dna] air wrote 29 bytes to ecology
[dna] air wrote 49 bytes to ecology
[dna] air wrote 46 bytes to ecology
[dna] air wrote 104 bytes to ecology
[debug-onto] tick=750 corpus=146700 stage=2 freeze=0
[dna] air wrote 36 bytes to ecology
[dna] air wrote 39 bytes to ecology
[dna] air wrote 38 bytes to ecology
[dna] air wrote 36 bytes to ecology
[dna] air wrote 80 bytes to ecology
[dna] air wrote 150 bytes to ecology
[dna] air wrote 48 bytes to ecology
[dna] air wrote 98 bytes to ecology
[dna] air wrote 78 bytes to ecology
[dna] air wrote 40 bytes to ecology
[dna] air wrote 20 bytes to ecology
[dna] air wrote 51 bytes to ecology
[dna] air wrote 102 bytes to ecology
[dna] air wrote 86 bytes to ecology
[dna] air wrote 53 bytes to ecology
[dna] air wrote 41 bytes to ecology
[dna] air wrote 109 bytes to ecology
[dna] air wrote 136 bytes to ecology
[dna] air wrote 29 bytes to ecology
[dna] air wrote 108 bytes to ecology
[dna] air wrote 79 bytes to ecology
[dna] air wrote 87 bytes to ecology
[dna] air wrote 110 bytes to ecology
[dna] air wrote 106 bytes to ecology
[debug-onto] tick=800 corpus=146700 stage=2 freeze=0
[dna] air wrote 59 bytes to ecology
[dna] air wrote 24 bytes to ecology
[dna] air wrote 45 bytes to ecology
[dna] air wrote 30 bytes to ecology
[dna] air wrote 73 bytes to ecology
[dna] air wrote 43 bytes to ecology
[dna] air wrote 174 bytes to ecology
[dna] air wrote 61 bytes to ecology
[dna] air wrote 62 bytes to ecology
[dna] air wrote 68 bytes to ecology
[dna] air wrote 126 bytes to ecology
[dna] air wrote 92 bytes to ecology
[dna] air wrote 53 bytes to ecology
[dna] air wrote 38 bytes to ecology
[dna] air wrote 33 bytes to ecology

[evolution] Organism shutting down gracefully.
