[ecology] Element: fire → corpus: nonames_fire.txt
[evolution] Autonomous evolution mode — organism will grow through all stages without pause.
[ecology] Joined swarm. 1 peer(s) detected.
molequla is alive. [evolution] Autonomous mode — background trainer running. Ctrl+C to stop.
[dna] fire wrote 59 bytes to ecology
[dna] fire consumed 27617 bytes from 441 files: [water/gen_1776494493_1.txt water/gen_1776494508_4.txt water/gen_1776494510_5.txt water/gen_1776494512_6.txt water/gen_1776494515_7.txt water/gen_1776494522_10.txt water/gen_1776494527_12.txt water/gen_1776494529_13.txt water/gen_1776494536_16.txt water/gen_1776494541_18.txt water/gen_1776494544_19.txt water/gen_1776494551_22.txt water/gen_1776494553_23.txt water/gen_1776494556_24.txt water/gen_1776494558_25.txt water/gen_1776494565_28.txt water/gen_1776494570_30.txt water/gen_1776494572_31.txt water/gen_1776494580_34.txt water/gen_1776494584_36.txt water/gen_1776494587_37.txt water/gen_1776494594_40.txt water/gen_1776494599_42.txt water/gen_1776494601_43.txt water/gen_1776494608_46.txt water/gen_1776494613_48.txt water/gen_1776494616_49.txt water/gen_1776494623_52.txt water/gen_1776494625_53.txt water/gen_1776494628_54.txt water/gen_1776494630_55.txt water/gen_1776494637_58.txt water/gen_1776494644_61.txt water/gen_1776494652_64.txt water/gen_1776494656_66.txt water/gen_1776494659_67.txt water/gen_1776494666_70.txt water/gen_1776494671_72.txt water/gen_1776494673_73.txt water/gen_1776494680_76.txt water/gen_1776494683_77.txt water/gen_1776494685_78.txt water/gen_1776494688_79.txt water/gen_1776494695_82.txt water/gen_1776494697_83.txt water/gen_1776494700_84.txt water/gen_1776494702_85.txt water/gen_1776494709_88.txt water/gen_1776494712_89.txt water/gen_1776494714_90.txt water/gen_1776494716_91.txt water/gen_1776494723_94.txt water/gen_1776494726_95.txt water/gen_1776494728_96.txt water/gen_1776494731_97.txt water/gen_1776494738_100.txt water/gen_1776494740_101.txt water/gen_1776494743_102.txt water/gen_1776494745_103.txt water/gen_1776494752_106.txt water/gen_1776494755_107.txt water/gen_1776494757_108.txt water/gen_1776494759_109.txt water/gen_1776494766_112.txt water/gen_1776494769_113.txt water/gen_1776494771_114.txt water/gen_1776494774_115.txt water/gen_1776494781_118.txt water/gen_1776494783_119.txt water/gen_1776494785_120.txt water/gen_1776494788_121.txt water/gen_1776494795_124.txt water/gen_1776494797_125.txt water/gen_1776494802_127.txt water/gen_1776494809_130.txt water/gen_1776494814_132.txt water/gen_1776494816_133.txt water/gen_1776494824_136.txt water/gen_1776494828_138.txt water/gen_1776494831_139.txt water/gen_1776494838_142.txt water/gen_1776494840_143.txt water/gen_1776494843_144.txt water/gen_1776494845_145.txt water/gen_1776494852_148.txt water/gen_1776494857_150.txt water/gen_1776494859_151.txt water/gen_1776494866_154.txt water/gen_1776494869_155.txt water/gen_1776494871_156.txt water/gen_1776494874_157.txt water/gen_1776494881_160.txt water/gen_1776494883_161.txt water/gen_1776494886_162.txt water/gen_1776494888_163.txt water/gen_1776494890_164.txt water/gen_1776494895_166.txt water/gen_1776494900_168.txt water/gen_1776494902_169.txt water/gen_1776494909_172.txt water/gen_1776494912_173.txt water/gen_1776494914_174.txt water/gen_1776494916_175.txt water/gen_1776494924_178.txt water/gen_1776494931_181.txt water/gen_1776494933_182.txt water/gen_1776494938_184.txt water/gen_1776494943_186.txt water/gen_1776494945_187.txt water/gen_1776494952_190.txt water/gen_1776494955_191.txt water/gen_1776494957_192.txt water/gen_1776494959_193.txt water/gen_1776494967_196.txt water/gen_1776494974_199.txt water/gen_1776494981_202.txt water/gen_1776494986_204.txt water/gen_1776494988_205.txt water/gen_1776494995_208.txt water/gen_1776495000_210.txt water/gen_1776495003_211.txt water/gen_1776495005_212.txt water/gen_1776495010_214.txt water/gen_1776495014_216.txt water/gen_1776495017_217.txt water/gen_1776495019_218.txt water/gen_1776495024_220.txt water/gen_1776495026_221.txt water/gen_1776495029_222.txt water/gen_1776495031_223.txt water/gen_1776495038_226.txt water/gen_1776495043_228.txt water/gen_1776495045_229.txt water/gen_1776495053_232.txt water/gen_1776495055_233.txt water/gen_1776495057_234.txt water/gen_1776495060_235.txt water/gen_1776495062_236.txt water/gen_1776495067_238.txt water/gen_1776495069_239.txt water/gen_1776495072_240.txt water/gen_1776495074_241.txt water/gen_1776495081_244.txt water/gen_1776495084_245.txt water/gen_1776495086_246.txt water/gen_1776495088_247.txt water/gen_1776495091_248.txt water/gen_1776495095_250.txt water/gen_1776495098_251.txt water/gen_1776495100_252.txt water/gen_1776495103_253.txt water/gen_1776495110_256.txt water/gen_1776495112_257.txt water/gen_1776495115_258.txt water/gen_1776495117_259.txt water/gen_1776495124_262.txt water/gen_1776495127_263.txt water/gen_1776495129_264.txt water/gen_1776495132_265.txt water/gen_1776495139_268.txt water/gen_1776495144_270.txt water/gen_1776495146_271.txt water/gen_1776495153_274.txt water/gen_1776495156_275.txt water/gen_1776495158_276.txt water/gen_1776495160_277.txt water/gen_1776495168_280.txt water/gen_1776495172_282.txt water/gen_1776495175_283.txt water/gen_1776495182_286.txt water/gen_1776495189_289.txt water/gen_1776495197_292.txt water/gen_1776495199_293.txt water/gen_1776495201_294.txt water/gen_1776495204_295.txt water/gen_1776495211_298.txt water/gen_1776495213_299.txt water/gen_1776495216_300.txt water/gen_1776495218_301.txt water/gen_1776495225_304.txt water/gen_1776495230_306.txt water/gen_1776495232_307.txt water/gen_1776495235_308.txt water/gen_1776495240_310.txt water/gen_1776495242_311.txt water/gen_1776495244_312.txt water/gen_1776495247_313.txt water/gen_1776495254_316.txt water/gen_1776495261_319.txt water/gen_1776495268_322.txt water/gen_1776495273_324.txt water/gen_1776495275_325.txt water/gen_1776495283_328.txt water/gen_1776495285_329.txt water/gen_1776495287_330.txt water/gen_1776495290_331.txt water/gen_1776495297_334.txt water/gen_1776495299_335.txt water/gen_1776495302_336.txt water/gen_1776495304_337.txt water/gen_1776495311_340.txt water/gen_1776495314_341.txt water/gen_1776495316_342.txt water/gen_1776495319_343.txt water/gen_1776495326_346.txt water/gen_1776495331_348.txt water/gen_1776495333_349.txt water/gen_1776495340_352.txt water/gen_1776495342_353.txt water/gen_1776495345_354.txt water/gen_1776495347_355.txt water/gen_1776495354_358.txt water/gen_1776495357_359.txt water/gen_1776495359_360.txt water/gen_1776495362_361.txt water/gen_1776495369_364.txt water/gen_1776495371_365.txt water/gen_1776495373_366.txt water/gen_1776495376_367.txt water/gen_1776495383_370.txt water/gen_1776495385_371.txt water/gen_1776495388_372.txt water/gen_1776495390_373.txt water/gen_1776495393_374.txt water/gen_1776495397_376.txt water/gen_1776495402_378.txt water/gen_1776495405_379.txt water/gen_1776495412_382.txt water/gen_1776495414_383.txt water/gen_1776495417_384.txt water/gen_1776495419_385.txt water/gen_1776495426_388.txt water/gen_1776495429_389.txt water/gen_1776495431_390.txt water/gen_1776495433_391.txt water/gen_1776495441_394.txt water/gen_1776495443_395.txt water/gen_1776495445_396.txt water/gen_1776495448_397.txt water/gen_1776495455_400.txt water/gen_1776495460_402.txt water/gen_1776495462_403.txt water/gen_1776495469_406.txt water/gen_1776495472_407.txt water/gen_1776495474_408.txt water/gen_1776495477_409.txt water/gen_1776495484_412.txt water/gen_1776495489_414.txt water/gen_1776495491_415.txt water/gen_1776495498_418.txt water/gen_1776495501_419.txt water/gen_1776495503_420.txt water/gen_1776495505_421.txt water/gen_1776495513_424.txt water/gen_1776495517_426.txt water/gen_1776495520_427.txt water/gen_1776495527_430.txt water/gen_1776495532_432.txt water/gen_1776495534_433.txt water/gen_1776495542_436.txt water/gen_1776495547_438.txt water/gen_1776495549_439.txt water/gen_1776495556_442.txt water/gen_1776495561_444.txt water/gen_1776495563_445.txt water/gen_1776495571_448.txt water/gen_1776495573_449.txt water/gen_1776495575_450.txt water/gen_1776495578_451.txt water/gen_1776495585_454.txt water/gen_1776495590_456.txt water/gen_1776495592_457.txt water/gen_1776495595_458.txt water/gen_1776495600_460.txt water/gen_1776495602_461.txt water/gen_1776495604_462.txt water/gen_1776495607_463.txt water/gen_1776495614_466.txt water/gen_1776495619_468.txt water/gen_1776495621_469.txt water/gen_1776495628_472.txt water/gen_1776495633_474.txt water/gen_1776495636_475.txt water/gen_1776495643_478.txt water/gen_1776495645_479.txt water/gen_1776495648_480.txt water/gen_1776495650_481.txt water/gen_1776495657_484.txt water/gen_1776495665_487.txt water/gen_1776495672_490.txt water/gen_1776495677_492.txt water/gen_1776495679_493.txt water/gen_1776495681_494.txt water/gen_1776495686_496.txt water/gen_1776495689_497.txt water/gen_1776495691_498.txt water/gen_1776495694_499.txt water/gen_1776495701_502.txt water/gen_1776495703_503.txt water/gen_1776495706_504.txt water/gen_1776495708_505.txt water/gen_1776495715_508.txt water/gen_1776495720_510.txt water/gen_1776495722_511.txt water/gen_1776495730_514.txt water/gen_1776495737_517.txt water/gen_1776495744_520.txt water/gen_1776495749_522.txt water/gen_1776495751_523.txt water/gen_1776495753_524.txt water/gen_1776495758_526.txt water/gen_1776495763_528.txt water/gen_1776495765_529.txt water/gen_1776495772_532.txt water/gen_1776495777_534.txt water/gen_1776495780_535.txt water/gen_1776495787_538.txt water/gen_1776495789_539.txt water/gen_1776495791_540.txt water/gen_1776495794_541.txt water/gen_1776495801_544.txt water/gen_1776495803_545.txt water/gen_1776495806_546.txt water/gen_1776495808_547.txt water/gen_1776495815_550.txt water/gen_1776495820_552.txt water/gen_1776495823_553.txt water/gen_1776495830_556.txt water/gen_1776495832_557.txt water/gen_1776495835_558.txt water/gen_1776495837_559.txt water/gen_1776495844_562.txt water/gen_1776495849_564.txt water/gen_1776495852_565.txt water/gen_1776495859_568.txt water/gen_1776495864_570.txt water/gen_1776495866_571.txt water/gen_1776495873_574.txt water/gen_1776495878_576.txt water/gen_1776495881_577.txt water/gen_1776495888_580.txt water/gen_1776495893_582.txt water/gen_1776495895_583.txt water/gen_1776495897_584.txt water/gen_1776495902_586.txt water/gen_1776495907_588.txt water/gen_1776495910_589.txt water/gen_1776495917_592.txt water/gen_1776495922_594.txt water/gen_1776495924_595.txt water/gen_1776495931_598.txt water/gen_1776495933_599.txt water/gen_1776495936_600.txt water/gen_1776495938_601.txt water/gen_1776495941_602.txt water/gen_1776495945_604.txt water/gen_1776495950_606.txt water/gen_1776495953_607.txt water/gen_1776495955_608.txt water/gen_1776495960_610.txt water/gen_1776495965_612.txt water/gen_1776495967_613.txt water/gen_1776495974_616.txt water/gen_1776495977_617.txt water/gen_1776495979_618.txt water/gen_1776495981_619.txt water/gen_1776495989_622.txt water/gen_1776495991_623.txt water/gen_1776495993_624.txt water/gen_1776495996_625.txt water/gen_1776495998_626.txt water/gen_1776496003_628.txt water/gen_1776496008_630.txt water/gen_1776496010_631.txt water/gen_1776496017_634.txt water/gen_1776496022_636.txt water/gen_1776496025_637.txt water/gen_1776496032_640.txt water/gen_1776496037_642.txt water/gen_1776496039_643.txt water/gen_1776496046_646.txt water/gen_1776496049_647.txt water/gen_1776496053_649.txt water/gen_1776496061_652.txt water/gen_1776496063_653.txt water/gen_1776496068_655.txt water/gen_1776496075_658.txt water/gen_1776496080_660.txt water/gen_1776496082_661.txt water/gen_1776496089_664.txt water/gen_1776496094_666.txt water/gen_1776496097_667.txt water/gen_1776496104_670.txt water/gen_1776496109_672.txt water/gen_1776496111_673.txt water/gen_1776496118_676.txt water/gen_1776496123_678.txt water/gen_1776496125_679.txt water/gen_1776496128_680.txt water/gen_1776496132_682.txt water/gen_1776496135_683.txt water/gen_1776496137_684.txt water/gen_1776496140_685.txt water/gen_1776496147_688.txt water/gen_1776496149_689.txt water/gen_1776496152_690.txt water/gen_1776496154_691.txt water/gen_1776496161_694.txt water/gen_1776496164_695.txt water/gen_1776496166_696.txt water/gen_1776496168_697.txt water/gen_1776496175_700.txt water/gen_1776496180_702.txt water/gen_1776496183_703.txt water/gen_1776496190_706.txt water/gen_1776496195_708.txt water/gen_1776496197_709.txt water/gen_1776496204_712.txt water/gen_1776496207_713.txt water/gen_1776496209_714.txt water/gen_1776496211_715.txt water/gen_1776496219_718.txt water/gen_1776496221_719.txt water/gen_1776496223_720.txt water/gen_1776496226_721.txt water/gen_1776496233_724.txt water/gen_1776496238_726.txt water/gen_1776496240_727.txt water/gen_1776496247_730.txt water/gen_1776496250_731.txt water/gen_1776496252_732.txt water/gen_1776496255_733.txt water/gen_1776496262_736.txt water/gen_1776496264_737.txt water/gen_1776496267_738.txt water/gen_1776496269_739.txt water/gen_1776496276_742.txt water/gen_1776496278_743.txt water/gen_1776496281_744.txt water/gen_1776496283_745.txt water/gen_1776496286_746.txt]
[trainer] micro-train burst (27617 bytes, novelty 0.03) — and lo, it feeds again.
[syntropy] action=explore | trend=0.0000 | field_dev=0.055 | purpose_align=0.158 | lr_mul=1.30
[aml] burst complete: 32 steps, avg loss 1.7597 (memory freed)
[dna] fire wrote 43 bytes to ecology
[dna] fire wrote 36 bytes to ecology
[dna] fire wrote 56 bytes to ecology
[dna] fire wrote 23 bytes to ecology
[dna] fire wrote 19 bytes to ecology
[dna] fire wrote 106 bytes to ecology
[dna] fire wrote 63 bytes to ecology
[dna] fire wrote 63 bytes to ecology
[dna] fire wrote 32 bytes to ecology
[dna] fire wrote 67 bytes to ecology
[dna] fire wrote 135 bytes to ecology
[dna] fire wrote 85 bytes to ecology
[dna] fire wrote 17 bytes to ecology
[dna] fire wrote 26 bytes to ecology
[dna] fire wrote 62 bytes to ecology
[dna] fire wrote 27 bytes to ecology
[debug-onto] tick=50 corpus=149958 stage=2 freeze=0
[dna] fire wrote 32 bytes to ecology
[dna] fire wrote 39 bytes to ecology
[dna] fire wrote 20 bytes to ecology
[dna] fire wrote 105 bytes to ecology
[dna] fire wrote 119 bytes to ecology
[dna] fire wrote 27 bytes to ecology
[dna] fire wrote 26 bytes to ecology
[dna] fire wrote 74 bytes to ecology
[dna] fire wrote 222 bytes to ecology
[dna] fire wrote 53 bytes to ecology
[dna] fire wrote 37 bytes to ecology
[dna] fire wrote 31 bytes to ecology
[dna] fire wrote 29 bytes to ecology
[dna] fire wrote 17 bytes to ecology
[dna] fire wrote 62 bytes to ecology
[dna] fire wrote 45 bytes to ecology
[dna] fire wrote 75 bytes to ecology
[debug-onto] tick=100 corpus=149958 stage=2 freeze=0
[dna] fire wrote 44 bytes to ecology
[dna] fire wrote 85 bytes to ecology
[dna] fire wrote 37 bytes to ecology
[dna] fire wrote 67 bytes to ecology
[dna] fire wrote 122 bytes to ecology
[dna] fire wrote 24 bytes to ecology
[dna] fire wrote 59 bytes to ecology
[dna] fire wrote 37 bytes to ecology
[dna] fire wrote 27 bytes to ecology
[dna] fire wrote 64 bytes to ecology
[dna] fire wrote 47 bytes to ecology
[dna] fire wrote 22 bytes to ecology
[dna] fire wrote 21 bytes to ecology
[dna] fire wrote 84 bytes to ecology
[dna] fire wrote 29 bytes to ecology
[dna] fire wrote 55 bytes to ecology
[debug-onto] tick=150 corpus=149958 stage=2 freeze=0
[dna] fire wrote 98 bytes to ecology
[dna] fire wrote 69 bytes to ecology
[dna] fire wrote 25 bytes to ecology
[dna] fire wrote 63 bytes to ecology
[dna] fire wrote 67 bytes to ecology
[dna] fire wrote 83 bytes to ecology
[dna] fire wrote 11 bytes to ecology
[dna] fire wrote 161 bytes to ecology
[dna] fire wrote 5 bytes to ecology
[dna] fire wrote 32 bytes to ecology
[dna] fire wrote 56 bytes to ecology
[dna] fire wrote 11 bytes to ecology
[dna] fire wrote 58 bytes to ecology
[dna] fire wrote 57 bytes to ecology
[dna] fire wrote 52 bytes to ecology
[dna] fire wrote 113 bytes to ecology
[dna] fire wrote 33 bytes to ecology
[debug-onto] tick=200 corpus=149958 stage=2 freeze=0
[dna] fire wrote 5 bytes to ecology
[dna] fire wrote 195 bytes to ecology
[dna] fire wrote 44 bytes to ecology
[dna] fire wrote 47 bytes to ecology
[dna] fire wrote 35 bytes to ecology
[dna] fire wrote 223 bytes to ecology
[dna] fire wrote 70 bytes to ecology
[dna] fire wrote 9 bytes to ecology
[dna] fire wrote 67 bytes to ecology
[dna] fire wrote 63 bytes to ecology
[dna] fire wrote 57 bytes to ecology
[dna] fire wrote 63 bytes to ecology
[dna] fire wrote 87 bytes to ecology
[dna] fire wrote 85 bytes to ecology
[dna] fire wrote 53 bytes to ecology
[dna] fire wrote 108 bytes to ecology
[dna] fire wrote 213 bytes to ecology
[debug-onto] tick=250 corpus=149958 stage=2 freeze=0
[dna] fire wrote 64 bytes to ecology
[dna] fire wrote 25 bytes to ecology
[dna] fire wrote 41 bytes to ecology
[dna] fire wrote 45 bytes to ecology
[dna] fire wrote 16 bytes to ecology
[dna] fire wrote 65 bytes to ecology
[dna] fire wrote 94 bytes to ecology
[dna] fire wrote 22 bytes to ecology
[dna] fire wrote 74 bytes to ecology
[dna] fire wrote 41 bytes to ecology
[dna] fire wrote 42 bytes to ecology
[dna] fire wrote 113 bytes to ecology
[dna] fire wrote 44 bytes to ecology
[dna] fire wrote 37 bytes to ecology
[dna] fire wrote 66 bytes to ecology
[dna] fire wrote 27 bytes to ecology
[debug-onto] tick=300 corpus=149958 stage=2 freeze=0
[dna] fire wrote 37 bytes to ecology
[dna] fire wrote 36 bytes to ecology
[dna] fire wrote 36 bytes to ecology
[dna] fire wrote 54 bytes to ecology
[dna] fire wrote 51 bytes to ecology
[dna] fire wrote 72 bytes to ecology
[dna] fire wrote 16 bytes to ecology
[dna] fire wrote 14 bytes to ecology
[dna] fire wrote 89 bytes to ecology
[dna] fire wrote 120 bytes to ecology
[dna] fire wrote 66 bytes to ecology
[dna] fire wrote 51 bytes to ecology
[dna] fire wrote 37 bytes to ecology
[dna] fire wrote 56 bytes to ecology
[dna] fire wrote 180 bytes to ecology
[dna] fire wrote 27 bytes to ecology
[dna] fire wrote 96 bytes to ecology
[debug-onto] tick=350 corpus=149958 stage=2 freeze=0
[dna] fire wrote 47 bytes to ecology
[dna] fire wrote 47 bytes to ecology
[dna] fire wrote 63 bytes to ecology
[dna] fire wrote 101 bytes to ecology
[dna] fire wrote 6 bytes to ecology
[dna] fire wrote 67 bytes to ecology
[dna] fire wrote 53 bytes to ecology
[dna] fire wrote 13 bytes to ecology
[dna] fire wrote 143 bytes to ecology
[dna] fire wrote 15 bytes to ecology
[dna] fire wrote 53 bytes to ecology
[dna] fire wrote 25 bytes to ecology
[dna] fire wrote 67 bytes to ecology
[dna] fire wrote 50 bytes to ecology
[dna] fire wrote 131 bytes to ecology
[dna] fire wrote 173 bytes to ecology
[dna] fire wrote 25 bytes to ecology
[debug-onto] tick=400 corpus=149958 stage=2 freeze=0
[dna] fire wrote 30 bytes to ecology
[dna] fire wrote 35 bytes to ecology
[dna] fire wrote 48 bytes to ecology
[dna] fire wrote 37 bytes to ecology
[dna] fire wrote 74 bytes to ecology
[dna] fire wrote 40 bytes to ecology
[dna] fire wrote 24 bytes to ecology
[dna] fire wrote 52 bytes to ecology
[dna] fire wrote 71 bytes to ecology
[dna] fire wrote 56 bytes to ecology
[dna] fire wrote 36 bytes to ecology
[dna] fire wrote 41 bytes to ecology
[dna] fire wrote 41 bytes to ecology
[dna] fire wrote 58 bytes to ecology
[dna] fire wrote 155 bytes to ecology
[dna] fire wrote 9 bytes to ecology
[debug-onto] tick=450 corpus=149958 stage=2 freeze=0
[dna] fire wrote 96 bytes to ecology
[dna] fire wrote 112 bytes to ecology
[dna] fire wrote 13 bytes to ecology
[dna] fire wrote 54 bytes to ecology
[dna] fire wrote 32 bytes to ecology
[dna] fire wrote 78 bytes to ecology
[dna] fire wrote 94 bytes to ecology
[dna] fire wrote 46 bytes to ecology
[dna] fire wrote 80 bytes to ecology
[dna] fire wrote 20 bytes to ecology
[dna] fire wrote 21 bytes to ecology
[dna] fire wrote 59 bytes to ecology
[dna] fire wrote 49 bytes to ecology
[dna] fire wrote 54 bytes to ecology
[dna] fire wrote 21 bytes to ecology
[dna] fire wrote 84 bytes to ecology
[dna] fire wrote 32 bytes to ecology
[debug-onto] tick=500 corpus=149958 stage=2 freeze=0
[dna] fire wrote 79 bytes to ecology
[dna] fire wrote 29 bytes to ecology
[dna] fire wrote 39 bytes to ecology
[dna] fire wrote 53 bytes to ecology
[dna] fire wrote 92 bytes to ecology
[dna] fire wrote 81 bytes to ecology
[dna] fire wrote 79 bytes to ecology
[dna] fire wrote 30 bytes to ecology
[dna] fire wrote 45 bytes to ecology
[dna] fire wrote 56 bytes to ecology
[dna] fire wrote 37 bytes to ecology
[dna] fire wrote 24 bytes to ecology
[dna] fire wrote 158 bytes to ecology
[dna] fire wrote 27 bytes to ecology
[dna] fire wrote 66 bytes to ecology
[dna] fire wrote 48 bytes to ecology
[dna] fire wrote 27 bytes to ecology
[debug-onto] tick=550 corpus=149958 stage=2 freeze=0
[dna] fire wrote 24 bytes to ecology
[dna] fire wrote 66 bytes to ecology
[dna] fire wrote 27 bytes to ecology
[dna] fire wrote 132 bytes to ecology
[dna] fire wrote 25 bytes to ecology
[dna] fire wrote 42 bytes to ecology
[dna] fire wrote 17 bytes to ecology
[dna] fire wrote 55 bytes to ecology
[dna] fire wrote 54 bytes to ecology
[dna] fire wrote 50 bytes to ecology
[dna] fire wrote 39 bytes to ecology
[dna] fire wrote 48 bytes to ecology
[dna] fire wrote 39 bytes to ecology
[dna] fire wrote 130 bytes to ecology
[dna] fire wrote 38 bytes to ecology
[dna] fire wrote 26 bytes to ecology
[debug-onto] tick=600 corpus=149958 stage=2 freeze=0
[dna] fire wrote 33 bytes to ecology
[dna] fire wrote 10 bytes to ecology
[dna] fire wrote 25 bytes to ecology
[dna] fire wrote 69 bytes to ecology
[dna] fire wrote 118 bytes to ecology
[dna] fire wrote 39 bytes to ecology
[dna] fire wrote 41 bytes to ecology
[dna] fire wrote 71 bytes to ecology
[dna] fire wrote 44 bytes to ecology
[dna] fire wrote 162 bytes to ecology
[dna] fire wrote 44 bytes to ecology
[dna] fire wrote 42 bytes to ecology
[dna] fire wrote 15 bytes to ecology
[dna] fire wrote 20 bytes to ecology
[dna] fire wrote 24 bytes to ecology
[dna] fire wrote 119 bytes to ecology
[dna] fire wrote 77 bytes to ecology
[debug-onto] tick=650 corpus=149958 stage=2 freeze=0
[dna] fire wrote 16 bytes to ecology
[dna] fire wrote 44 bytes to ecology
[dna] fire wrote 47 bytes to ecology
[dna] fire wrote 41 bytes to ecology
[dna] fire wrote 14 bytes to ecology
[dna] fire wrote 79 bytes to ecology
[dna] fire wrote 78 bytes to ecology
[dna] fire wrote 37 bytes to ecology
[dna] fire wrote 85 bytes to ecology
[dna] fire wrote 19 bytes to ecology
[dna] fire wrote 264 bytes to ecology
[dna] fire wrote 34 bytes to ecology
[dna] fire wrote 37 bytes to ecology
[dna] fire wrote 27 bytes to ecology
[dna] fire wrote 38 bytes to ecology
[dna] fire wrote 33 bytes to ecology
[dna] fire wrote 53 bytes to ecology
[debug-onto] tick=700 corpus=149958 stage=2 freeze=0
[dna] fire wrote 23 bytes to ecology
[dna] fire wrote 30 bytes to ecology
[dna] fire wrote 41 bytes to ecology
[dna] fire wrote 26 bytes to ecology
[dna] fire wrote 32 bytes to ecology
[dna] fire wrote 64 bytes to ecology
[dna] fire wrote 30 bytes to ecology
[dna] fire wrote 136 bytes to ecology
[dna] fire wrote 164 bytes to ecology
[dna] fire wrote 34 bytes to ecology
[dna] fire wrote 34 bytes to ecology
[dna] fire wrote 7 bytes to ecology
[dna] fire wrote 52 bytes to ecology
[dna] fire wrote 33 bytes to ecology
[dna] fire wrote 85 bytes to ecology
[dna] fire wrote 63 bytes to ecology
[debug-onto] tick=750 corpus=149958 stage=2 freeze=0
[dna] fire wrote 65 bytes to ecology
[dna] fire wrote 140 bytes to ecology
[dna] fire wrote 66 bytes to ecology
[dna] fire wrote 26 bytes to ecology
[dna] fire wrote 165 bytes to ecology
[dna] fire wrote 28 bytes to ecology
[dna] fire wrote 23 bytes to ecology
[dna] fire wrote 35 bytes to ecology
[dna] fire wrote 23 bytes to ecology
[dna] fire wrote 29 bytes to ecology
[dna] fire wrote 44 bytes to ecology
[dna] fire wrote 61 bytes to ecology
[dna] fire wrote 38 bytes to ecology
[dna] fire wrote 24 bytes to ecology
[dna] fire wrote 52 bytes to ecology
[dna] fire wrote 37 bytes to ecology
[dna] fire wrote 25 bytes to ecology
[debug-onto] tick=800 corpus=149958 stage=2 freeze=0
[dna] fire wrote 30 bytes to ecology

[evolution] Organism shutting down gracefully.
