[ecology] Element: water → corpus: nonames_water.txt
[evolution] Autonomous evolution mode — organism will grow through all stages without pause.
[ecology] Joined swarm. 1 peer(s) detected.
molequla is alive. [evolution] Autonomous mode — background trainer running. Ctrl+C to stop.
[dna] water wrote 79 bytes to ecology
[dna] water consumed 29332 bytes from 409 files: [air/gen_1776492693_1.txt air/gen_1776492707_4.txt air/gen_1776492711_6.txt air/gen_1776492713_7.txt air/gen_1776492720_10.txt air/gen_1776492724_12.txt air/gen_1776492726_13.txt air/gen_1776492732_16.txt air/gen_1776492737_18.txt air/gen_1776492739_19.txt air/gen_1776492745_22.txt air/gen_1776492751_25.txt air/gen_1776492758_28.txt air/gen_1776492762_30.txt air/gen_1776492764_31.txt air/gen_1776492771_34.txt air/gen_1776492775_36.txt air/gen_1776492777_37.txt air/gen_1776492784_40.txt air/gen_1776492788_42.txt air/gen_1776492790_43.txt air/gen_1776492796_46.txt air/gen_1776492801_48.txt air/gen_1776492803_49.txt air/gen_1776492809_52.txt air/gen_1776492814_54.txt air/gen_1776492816_55.txt air/gen_1776492822_58.txt air/gen_1776492826_60.txt air/gen_1776492828_61.txt air/gen_1776492835_64.txt air/gen_1776492839_66.txt air/gen_1776492841_67.txt air/gen_1776492848_70.txt air/gen_1776492852_72.txt air/gen_1776492854_73.txt air/gen_1776492861_76.txt air/gen_1776492865_78.txt air/gen_1776492867_79.txt air/gen_1776492874_82.txt air/gen_1776492878_84.txt air/gen_1776492880_85.txt air/gen_1776492887_88.txt air/gen_1776492891_90.txt air/gen_1776492893_91.txt air/gen_1776492900_94.txt air/gen_1776492904_96.txt air/gen_1776492906_97.txt air/gen_1776492913_100.txt air/gen_1776492917_102.txt air/gen_1776492919_103.txt air/gen_1776492925_106.txt air/gen_1776492930_108.txt air/gen_1776492932_109.txt air/gen_1776492938_112.txt air/gen_1776492943_114.txt air/gen_1776492945_115.txt air/gen_1776492951_118.txt air/gen_1776492955_120.txt air/gen_1776492958_121.txt air/gen_1776492964_124.txt air/gen_1776492969_126.txt air/gen_1776492971_127.txt air/gen_1776492977_130.txt air/gen_1776492982_132.txt air/gen_1776492984_133.txt air/gen_1776492990_136.txt air/gen_1776492994_138.txt air/gen_1776492997_139.txt air/gen_1776493003_142.txt air/gen_1776493010_145.txt air/gen_1776493016_148.txt air/gen_1776493020_150.txt air/gen_1776493022_151.txt air/gen_1776493029_154.txt air/gen_1776493033_156.txt air/gen_1776493035_157.txt air/gen_1776493042_160.txt air/gen_1776493046_162.txt air/gen_1776493048_163.txt air/gen_1776493055_166.txt air/gen_1776493059_168.txt air/gen_1776493061_169.txt air/gen_1776493067_172.txt air/gen_1776493072_174.txt air/gen_1776493074_175.txt air/gen_1776493080_178.txt air/gen_1776493085_180.txt air/gen_1776493087_181.txt air/gen_1776493093_184.txt air/gen_1776493097_186.txt air/gen_1776493100_187.txt air/gen_1776493106_190.txt air/gen_1776493110_192.txt air/gen_1776493112_193.txt air/gen_1776493119_196.txt air/gen_1776493123_198.txt air/gen_1776493125_199.txt air/gen_1776493132_202.txt air/gen_1776493136_204.txt air/gen_1776493138_205.txt air/gen_1776493145_208.txt air/gen_1776493149_210.txt air/gen_1776493151_211.txt air/gen_1776493157_214.txt air/gen_1776493162_216.txt air/gen_1776493164_217.txt air/gen_1776493170_220.txt air/gen_1776493174_222.txt air/gen_1776493177_223.txt air/gen_1776493183_226.txt air/gen_1776493187_228.txt air/gen_1776493189_229.txt air/gen_1776493196_232.txt air/gen_1776493200_234.txt air/gen_1776493202_235.txt air/gen_1776493209_238.txt air/gen_1776493213_240.txt air/gen_1776493215_241.txt air/gen_1776493222_244.txt air/gen_1776493226_246.txt air/gen_1776493228_247.txt air/gen_1776493235_250.txt air/gen_1776493239_252.txt air/gen_1776493241_253.txt air/gen_1776493247_256.txt air/gen_1776493252_258.txt air/gen_1776493254_259.txt air/gen_1776493261_262.txt air/gen_1776493265_264.txt air/gen_1776493267_265.txt air/gen_1776493273_268.txt air/gen_1776493278_270.txt air/gen_1776493280_271.txt air/gen_1776493286_274.txt air/gen_1776493291_276.txt air/gen_1776493293_277.txt air/gen_1776493299_280.txt air/gen_1776493304_282.txt air/gen_1776493306_283.txt air/gen_1776493312_286.txt air/gen_1776493316_288.txt air/gen_1776493319_289.txt air/gen_1776493325_292.txt air/gen_1776493329_294.txt air/gen_1776493332_295.txt air/gen_1776493338_298.txt air/gen_1776493342_300.txt air/gen_1776493344_301.txt air/gen_1776493351_304.txt air/gen_1776493357_307.txt air/gen_1776493364_310.txt air/gen_1776493368_312.txt air/gen_1776493370_313.txt air/gen_1776493377_316.txt air/gen_1776493383_319.txt air/gen_1776493389_322.txt air/gen_1776493394_324.txt air/gen_1776493396_325.txt air/gen_1776493402_328.txt air/gen_1776493407_330.txt air/gen_1776493409_331.txt air/gen_1776493415_334.txt air/gen_1776493419_336.txt air/gen_1776493422_337.txt air/gen_1776493428_340.txt air/gen_1776493432_342.txt air/gen_1776493434_343.txt air/gen_1776493441_346.txt air/gen_1776493445_348.txt air/gen_1776493447_349.txt air/gen_1776493454_352.txt air/gen_1776493458_354.txt air/gen_1776493460_355.txt air/gen_1776493467_358.txt air/gen_1776493471_360.txt air/gen_1776493473_361.txt air/gen_1776493479_364.txt air/gen_1776493484_366.txt air/gen_1776493486_367.txt air/gen_1776493492_370.txt air/gen_1776493497_372.txt air/gen_1776493499_373.txt air/gen_1776493505_376.txt air/gen_1776493509_378.txt air/gen_1776493512_379.txt air/gen_1776493518_382.txt air/gen_1776493522_384.txt air/gen_1776493524_385.txt air/gen_1776493531_388.txt air/gen_1776493535_390.txt air/gen_1776493537_391.txt air/gen_1776493544_394.txt air/gen_1776493548_396.txt air/gen_1776493550_397.txt air/gen_1776493557_400.txt air/gen_1776493561_402.txt air/gen_1776493563_403.txt air/gen_1776493570_406.txt air/gen_1776493574_408.txt air/gen_1776493576_409.txt air/gen_1776493582_412.txt air/gen_1776493587_414.txt air/gen_1776493589_415.txt air/gen_1776493595_418.txt air/gen_1776493600_420.txt air/gen_1776493602_421.txt air/gen_1776493608_424.txt air/gen_1776493613_426.txt air/gen_1776493615_427.txt air/gen_1776493621_430.txt air/gen_1776493626_432.txt air/gen_1776493628_433.txt air/gen_1776493634_436.txt air/gen_1776493638_438.txt air/gen_1776493641_439.txt air/gen_1776493647_442.txt air/gen_1776493651_444.txt air/gen_1776493654_445.txt air/gen_1776493660_448.txt air/gen_1776493664_450.txt air/gen_1776493666_451.txt air/gen_1776493673_454.txt air/gen_1776493677_456.txt air/gen_1776493679_457.txt air/gen_1776493686_460.txt air/gen_1776493690_462.txt air/gen_1776493692_463.txt air/gen_1776493699_466.txt air/gen_1776493703_468.txt air/gen_1776493705_469.txt air/gen_1776493711_472.txt air/gen_1776493716_474.txt air/gen_1776493718_475.txt air/gen_1776493724_478.txt air/gen_1776493728_480.txt air/gen_1776493731_481.txt air/gen_1776493737_484.txt air/gen_1776493743_487.txt air/gen_1776493750_490.txt air/gen_1776493754_492.txt air/gen_1776493756_493.txt air/gen_1776493763_496.txt air/gen_1776493767_498.txt air/gen_1776493769_499.txt air/gen_1776493776_502.txt air/gen_1776493780_504.txt air/gen_1776493782_505.txt air/gen_1776493788_508.txt air/gen_1776493793_510.txt air/gen_1776493795_511.txt air/gen_1776493801_514.txt air/gen_1776493805_516.txt air/gen_1776493808_517.txt air/gen_1776493814_520.txt air/gen_1776493818_522.txt air/gen_1776493821_523.txt air/gen_1776493827_526.txt air/gen_1776493831_528.txt air/gen_1776493833_529.txt air/gen_1776493840_532.txt air/gen_1776493844_534.txt air/gen_1776493846_535.txt air/gen_1776493853_538.txt air/gen_1776493857_540.txt air/gen_1776493859_541.txt air/gen_1776493866_544.txt air/gen_1776493870_546.txt air/gen_1776493872_547.txt air/gen_1776493879_550.txt air/gen_1776493883_552.txt air/gen_1776493885_553.txt air/gen_1776493891_556.txt air/gen_1776493896_558.txt air/gen_1776493898_559.txt air/gen_1776493904_562.txt air/gen_1776493909_564.txt air/gen_1776493911_565.txt air/gen_1776493917_568.txt air/gen_1776493921_570.txt air/gen_1776493924_571.txt air/gen_1776493930_574.txt air/gen_1776493934_576.txt air/gen_1776493936_577.txt air/gen_1776493943_580.txt air/gen_1776493947_582.txt air/gen_1776493949_583.txt air/gen_1776493956_586.txt air/gen_1776493960_588.txt air/gen_1776493962_589.txt air/gen_1776493968_592.txt air/gen_1776493973_594.txt air/gen_1776493975_595.txt air/gen_1776493981_598.txt air/gen_1776493986_600.txt air/gen_1776493988_601.txt air/gen_1776493994_604.txt air/gen_1776493999_606.txt air/gen_1776494001_607.txt air/gen_1776494007_610.txt air/gen_1776494011_612.txt air/gen_1776494014_613.txt air/gen_1776494020_616.txt air/gen_1776494024_618.txt air/gen_1776494027_619.txt air/gen_1776494033_622.txt air/gen_1776494037_624.txt air/gen_1776494039_625.txt air/gen_1776494046_628.txt air/gen_1776494050_630.txt air/gen_1776494053_631.txt air/gen_1776494059_634.txt air/gen_1776494063_636.txt air/gen_1776494065_637.txt air/gen_1776494072_640.txt air/gen_1776494076_642.txt air/gen_1776494078_643.txt air/gen_1776494085_646.txt air/gen_1776494089_648.txt air/gen_1776494091_649.txt air/gen_1776494097_652.txt air/gen_1776494102_654.txt air/gen_1776494104_655.txt air/gen_1776494110_658.txt air/gen_1776494115_660.txt air/gen_1776494117_661.txt air/gen_1776494123_664.txt air/gen_1776494128_666.txt air/gen_1776494130_667.txt air/gen_1776494136_670.txt air/gen_1776494140_672.txt air/gen_1776494143_673.txt air/gen_1776494149_676.txt air/gen_1776494154_678.txt air/gen_1776494156_679.txt air/gen_1776494162_682.txt air/gen_1776494166_684.txt air/gen_1776494169_685.txt air/gen_1776494175_688.txt air/gen_1776494179_690.txt air/gen_1776494181_691.txt air/gen_1776494188_694.txt air/gen_1776494192_696.txt air/gen_1776494194_697.txt air/gen_1776494201_700.txt air/gen_1776494205_702.txt air/gen_1776494207_703.txt air/gen_1776494214_706.txt air/gen_1776494218_708.txt air/gen_1776494220_709.txt air/gen_1776494226_712.txt air/gen_1776494231_714.txt air/gen_1776494233_715.txt air/gen_1776494239_718.txt air/gen_1776494244_720.txt air/gen_1776494246_721.txt air/gen_1776494252_724.txt air/gen_1776494256_726.txt air/gen_1776494259_727.txt air/gen_1776494265_730.txt air/gen_1776494269_732.txt air/gen_1776494271_733.txt air/gen_1776494278_736.txt air/gen_1776494282_738.txt air/gen_1776494284_739.txt air/gen_1776494291_742.txt air/gen_1776494295_744.txt air/gen_1776494297_745.txt air/gen_1776494304_748.txt air/gen_1776494308_750.txt air/gen_1776494310_751.txt air/gen_1776494317_754.txt air/gen_1776494321_756.txt air/gen_1776494323_757.txt air/gen_1776494329_760.txt air/gen_1776494334_762.txt air/gen_1776494336_763.txt air/gen_1776494342_766.txt air/gen_1776494346_768.txt air/gen_1776494349_769.txt air/gen_1776494355_772.txt air/gen_1776494359_774.txt air/gen_1776494361_775.txt air/gen_1776494368_778.txt air/gen_1776494372_780.txt air/gen_1776494374_781.txt air/gen_1776494381_784.txt air/gen_1776494385_786.txt air/gen_1776494387_787.txt air/gen_1776494394_790.txt air/gen_1776494400_793.txt air/gen_1776494406_796.txt air/gen_1776494411_798.txt air/gen_1776494413_799.txt air/gen_1776494419_802.txt air/gen_1776494426_805.txt air/gen_1776494432_808.txt air/gen_1776494439_811.txt air/gen_1776494445_814.txt air/gen_1776494449_816.txt air/gen_1776494452_817.txt air/gen_1776494458_820.txt air/gen_1776494462_822.txt air/gen_1776494464_823.txt air/gen_1776494471_826.txt air/gen_1776494475_828.txt air/gen_1776494477_829.txt air/gen_1776494484_832.txt air/gen_1776494488_834.txt]
[trainer] micro-train burst (29332 bytes, novelty 0.03) — and lo, it feeds again.
[syntropy] action=explore | trend=0.0000 | field_dev=-0.051 | purpose_align=0.150 | lr_mul=1.30
[aml] burst complete: 32 steps, avg loss 1.2705 (memory freed)
[dna] water wrote 52 bytes to ecology
[dna] water wrote 35 bytes to ecology
[dna] water wrote 114 bytes to ecology
[dna] water wrote 33 bytes to ecology
[dna] water wrote 55 bytes to ecology
[dna] water wrote 121 bytes to ecology
[dna] water wrote 75 bytes to ecology
[dna] water wrote 62 bytes to ecology
[dna] water wrote 79 bytes to ecology
[dna] water wrote 305 bytes to ecology
[dna] water wrote 77 bytes to ecology
[dna] water wrote 28 bytes to ecology
[dna] water wrote 100 bytes to ecology
[dna] water wrote 80 bytes to ecology
[dna] water wrote 73 bytes to ecology
[dna] water wrote 188 bytes to ecology
[dna] water wrote 103 bytes to ecology
[dna] water wrote 29 bytes to ecology
[dna] water wrote 122 bytes to ecology
[dna] water wrote 84 bytes to ecology
[dna] water wrote 38 bytes to ecology
[dna] water wrote 22 bytes to ecology
[dna] water wrote 55 bytes to ecology
[dna] water wrote 43 bytes to ecology
[dna] water wrote 9 bytes to ecology
[dna] water wrote 42 bytes to ecology
[debug-onto] tick=50 corpus=155438 stage=2 freeze=0
[dna] water wrote 22 bytes to ecology
[dna] water wrote 15 bytes to ecology
[dna] water wrote 48 bytes to ecology
[dna] water wrote 26 bytes to ecology
[dna] water wrote 46 bytes to ecology
[dna] water wrote 207 bytes to ecology
[dna] water wrote 44 bytes to ecology
[dna] water wrote 59 bytes to ecology
[dna] water wrote 11 bytes to ecology
[dna] water wrote 50 bytes to ecology
[dna] water wrote 45 bytes to ecology
[dna] water wrote 57 bytes to ecology
[dna] water wrote 19 bytes to ecology
[dna] water wrote 210 bytes to ecology
[dna] water wrote 60 bytes to ecology
[dna] water wrote 47 bytes to ecology
[dna] water wrote 137 bytes to ecology
[dna] water wrote 39 bytes to ecology
[dna] water wrote 48 bytes to ecology
[dna] water wrote 26 bytes to ecology
[dna] water wrote 95 bytes to ecology
[dna] water wrote 46 bytes to ecology
[dna] water wrote 43 bytes to ecology
[dna] water wrote 37 bytes to ecology
[dna] water wrote 46 bytes to ecology
[dna] water wrote 114 bytes to ecology
[dna] water wrote 80 bytes to ecology
[dna] water wrote 27 bytes to ecology
[dna] water wrote 62 bytes to ecology
[debug-onto] tick=100 corpus=155438 stage=2 freeze=0
[dna] water wrote 49 bytes to ecology
[dna] water wrote 68 bytes to ecology
[dna] water wrote 228 bytes to ecology
[dna] water wrote 89 bytes to ecology
[dna] water wrote 16 bytes to ecology
[dna] water wrote 41 bytes to ecology
[dna] water wrote 33 bytes to ecology
[dna] water wrote 203 bytes to ecology
[dna] water wrote 112 bytes to ecology
[dna] water wrote 73 bytes to ecology
[dna] water wrote 46 bytes to ecology
[dna] water wrote 41 bytes to ecology
[dna] water wrote 68 bytes to ecology
[dna] water wrote 44 bytes to ecology
[dna] water wrote 120 bytes to ecology
[dna] water wrote 78 bytes to ecology
[dna] water wrote 59 bytes to ecology
[dna] water wrote 29 bytes to ecology
[dna] water wrote 74 bytes to ecology
[dna] water wrote 45 bytes to ecology
[dna] water wrote 71 bytes to ecology
[dna] water wrote 34 bytes to ecology
[dna] water wrote 30 bytes to ecology
[dna] water wrote 52 bytes to ecology
[dna] water wrote 79 bytes to ecology
[dna] water wrote 68 bytes to ecology
[dna] water wrote 34 bytes to ecology
[dna] water wrote 53 bytes to ecology
[dna] water wrote 50 bytes to ecology
[dna] water wrote 43 bytes to ecology
[debug-onto] tick=150 corpus=155438 stage=2 freeze=0
[dna] water wrote 71 bytes to ecology
[dna] water wrote 86 bytes to ecology
[dna] water wrote 257 bytes to ecology
[dna] water wrote 37 bytes to ecology
[dna] water wrote 143 bytes to ecology
[dna] water wrote 48 bytes to ecology
[dna] water wrote 67 bytes to ecology
[dna] water wrote 72 bytes to ecology
[dna] water wrote 42 bytes to ecology
[dna] water wrote 8 bytes to ecology
[dna] water wrote 52 bytes to ecology
[dna] water wrote 11 bytes to ecology
[dna] water wrote 65 bytes to ecology
[dna] water wrote 39 bytes to ecology
[dna] water wrote 63 bytes to ecology
[dna] water wrote 60 bytes to ecology
[dna] water wrote 35 bytes to ecology
[dna] water wrote 49 bytes to ecology
[dna] water wrote 19 bytes to ecology
[dna] water wrote 127 bytes to ecology
[dna] water wrote 25 bytes to ecology
[dna] water wrote 66 bytes to ecology
[dna] water wrote 123 bytes to ecology
[dna] water wrote 16 bytes to ecology
[dna] water wrote 102 bytes to ecology
[dna] water wrote 23 bytes to ecology
[dna] water wrote 35 bytes to ecology
[dna] water wrote 139 bytes to ecology
[dna] water wrote 94 bytes to ecology
[debug-onto] tick=200 corpus=155438 stage=2 freeze=0
[dna] water wrote 76 bytes to ecology
[dna] water wrote 66 bytes to ecology
[dna] water wrote 99 bytes to ecology
[dna] water wrote 47 bytes to ecology
[dna] water wrote 42 bytes to ecology
[dna] water wrote 16 bytes to ecology
[dna] water wrote 117 bytes to ecology
[dna] water wrote 33 bytes to ecology
[dna] water wrote 92 bytes to ecology
[dna] water wrote 42 bytes to ecology
[dna] water wrote 90 bytes to ecology
[dna] water wrote 54 bytes to ecology
[dna] water wrote 64 bytes to ecology
[dna] water wrote 55 bytes to ecology
[dna] water wrote 34 bytes to ecology
[dna] water wrote 34 bytes to ecology
[dna] water wrote 83 bytes to ecology
[dna] water wrote 27 bytes to ecology
[dna] water wrote 49 bytes to ecology
[dna] water wrote 148 bytes to ecology
[dna] water wrote 45 bytes to ecology
[dna] water wrote 34 bytes to ecology
[dna] water wrote 58 bytes to ecology
[dna] water wrote 34 bytes to ecology
[dna] water wrote 52 bytes to ecology
[dna] water wrote 56 bytes to ecology
[dna] water wrote 89 bytes to ecology
[dna] water wrote 53 bytes to ecology
[dna] water wrote 81 bytes to ecology
[dna] water wrote 24 bytes to ecology
[dna] water wrote 48 bytes to ecology
[dna] water wrote 38 bytes to ecology
[dna] water wrote 117 bytes to ecology
[debug-onto] tick=250 corpus=155438 stage=2 freeze=0
[dna] water wrote 31 bytes to ecology
[dna] water wrote 36 bytes to ecology
[dna] water wrote 26 bytes to ecology
[dna] water wrote 32 bytes to ecology
[dna] water wrote 38 bytes to ecology
[dna] water wrote 53 bytes to ecology
[dna] water wrote 19 bytes to ecology
[dna] water wrote 69 bytes to ecology
[dna] water wrote 113 bytes to ecology
[dna] water wrote 22 bytes to ecology
[dna] water wrote 64 bytes to ecology
[dna] water wrote 22 bytes to ecology
[dna] water wrote 41 bytes to ecology
[dna] water wrote 37 bytes to ecology
[dna] water wrote 36 bytes to ecology
[dna] water wrote 51 bytes to ecology
[dna] water wrote 9 bytes to ecology
[dna] water wrote 17 bytes to ecology
[dna] water wrote 41 bytes to ecology
[dna] water wrote 63 bytes to ecology
[dna] water wrote 65 bytes to ecology
[dna] water wrote 31 bytes to ecology
[dna] water wrote 13 bytes to ecology
[dna] water wrote 75 bytes to ecology
[dna] water wrote 49 bytes to ecology
[dna] water wrote 83 bytes to ecology
[dna] water wrote 76 bytes to ecology
[dna] water wrote 79 bytes to ecology
[dna] water wrote 121 bytes to ecology
[dna] water wrote 26 bytes to ecology
[debug-onto] tick=300 corpus=155438 stage=2 freeze=0
[dna] water wrote 88 bytes to ecology
[dna] water wrote 47 bytes to ecology
[dna] water wrote 96 bytes to ecology
[dna] water wrote 41 bytes to ecology
[dna] water wrote 68 bytes to ecology
[dna] water wrote 53 bytes to ecology
[dna] water wrote 42 bytes to ecology
[dna] water wrote 49 bytes to ecology
[dna] water wrote 75 bytes to ecology
[dna] water wrote 174 bytes to ecology
[dna] water wrote 30 bytes to ecology
[dna] water wrote 67 bytes to ecology
[dna] water wrote 43 bytes to ecology
[dna] water wrote 180 bytes to ecology
[dna] water wrote 25 bytes to ecology
[dna] water wrote 26 bytes to ecology
[dna] water wrote 65 bytes to ecology
[dna] water wrote 52 bytes to ecology
[dna] water wrote 6 bytes to ecology
[dna] water wrote 107 bytes to ecology
[dna] water wrote 28 bytes to ecology
[dna] water wrote 145 bytes to ecology
[dna] water wrote 123 bytes to ecology
[dna] water wrote 51 bytes to ecology
[dna] water wrote 81 bytes to ecology
[dna] water wrote 124 bytes to ecology
[dna] water wrote 194 bytes to ecology
[dna] water wrote 65 bytes to ecology
[dna] water wrote 48 bytes to ecology
[debug-onto] tick=350 corpus=155438 stage=2 freeze=0
[dna] water wrote 102 bytes to ecology
[dna] water wrote 35 bytes to ecology
[dna] water wrote 113 bytes to ecology
[dna] water wrote 102 bytes to ecology
[dna] water wrote 109 bytes to ecology
[dna] water wrote 45 bytes to ecology
[dna] water wrote 22 bytes to ecology
[dna] water wrote 55 bytes to ecology
[dna] water wrote 83 bytes to ecology
[dna] water wrote 55 bytes to ecology
[dna] water wrote 32 bytes to ecology
[dna] water wrote 53 bytes to ecology
[dna] water wrote 66 bytes to ecology
[dna] water wrote 88 bytes to ecology
[dna] water wrote 78 bytes to ecology
[dna] water wrote 95 bytes to ecology
[dna] water wrote 79 bytes to ecology
[dna] water wrote 31 bytes to ecology
[dna] water wrote 110 bytes to ecology
[dna] water wrote 70 bytes to ecology
[dna] water wrote 149 bytes to ecology
[dna] water wrote 11 bytes to ecology
[dna] water wrote 38 bytes to ecology
[dna] water wrote 127 bytes to ecology
[dna] water wrote 65 bytes to ecology
[dna] water wrote 41 bytes to ecology
[dna] water wrote 18 bytes to ecology
[dna] water wrote 53 bytes to ecology
[dna] water wrote 41 bytes to ecology
[dna] water wrote 41 bytes to ecology
[dna] water wrote 37 bytes to ecology
[dna] water wrote 108 bytes to ecology
[dna] water wrote 20 bytes to ecology
[debug-onto] tick=400 corpus=155438 stage=2 freeze=0
[dna] water wrote 106 bytes to ecology
[dna] water wrote 129 bytes to ecology
[dna] water wrote 115 bytes to ecology
[dna] water wrote 35 bytes to ecology
[dna] water wrote 106 bytes to ecology
[dna] water wrote 28 bytes to ecology
[dna] water wrote 63 bytes to ecology
[dna] water wrote 9 bytes to ecology
[dna] water wrote 29 bytes to ecology
[dna] water wrote 17 bytes to ecology
[dna] water wrote 41 bytes to ecology
[dna] water wrote 44 bytes to ecology
[dna] water wrote 69 bytes to ecology
[dna] water wrote 15 bytes to ecology
[dna] water wrote 35 bytes to ecology
[dna] water wrote 133 bytes to ecology
[dna] water wrote 57 bytes to ecology
[dna] water wrote 39 bytes to ecology
[dna] water wrote 88 bytes to ecology
[dna] water wrote 93 bytes to ecology
[dna] water wrote 46 bytes to ecology
[dna] water wrote 34 bytes to ecology
[dna] water wrote 25 bytes to ecology
[dna] water wrote 51 bytes to ecology
[dna] water wrote 87 bytes to ecology
[dna] water wrote 112 bytes to ecology
[dna] water wrote 19 bytes to ecology
[dna] water wrote 24 bytes to ecology
[debug-onto] tick=450 corpus=155438 stage=2 freeze=0
[dna] water wrote 24 bytes to ecology
[dna] water wrote 18 bytes to ecology
[dna] water wrote 26 bytes to ecology
[dna] water wrote 50 bytes to ecology
[dna] water wrote 28 bytes to ecology
[dna] water wrote 177 bytes to ecology
[dna] water wrote 41 bytes to ecology
[dna] water wrote 30 bytes to ecology
[dna] water wrote 46 bytes to ecology
[dna] water wrote 33 bytes to ecology
[dna] water wrote 39 bytes to ecology
[dna] water wrote 60 bytes to ecology
[dna] water wrote 94 bytes to ecology
[dna] water wrote 28 bytes to ecology
[dna] water wrote 65 bytes to ecology
[dna] water wrote 80 bytes to ecology
[dna] water wrote 75 bytes to ecology
[dna] water wrote 59 bytes to ecology
[dna] water wrote 41 bytes to ecology
[dna] water wrote 44 bytes to ecology
[dna] water wrote 59 bytes to ecology
[dna] water wrote 67 bytes to ecology
[dna] water wrote 18 bytes to ecology
[dna] water wrote 77 bytes to ecology
[dna] water wrote 176 bytes to ecology
[dna] water wrote 34 bytes to ecology
[dna] water wrote 89 bytes to ecology
[dna] water wrote 116 bytes to ecology
[dna] water wrote 29 bytes to ecology
[debug-onto] tick=500 corpus=155438 stage=2 freeze=0
[dna] water wrote 24 bytes to ecology
[dna] water wrote 21 bytes to ecology
[dna] water wrote 63 bytes to ecology
[dna] water wrote 30 bytes to ecology
[dna] water wrote 58 bytes to ecology
[dna] water wrote 76 bytes to ecology
[dna] water wrote 65 bytes to ecology
[dna] water wrote 142 bytes to ecology
[dna] water wrote 45 bytes to ecology
[dna] water wrote 39 bytes to ecology
[dna] water wrote 26 bytes to ecology
[dna] water wrote 114 bytes to ecology
[dna] water wrote 66 bytes to ecology
[dna] water wrote 21 bytes to ecology
[dna] water wrote 7 bytes to ecology
[dna] water wrote 65 bytes to ecology
[dna] water wrote 101 bytes to ecology
[dna] water wrote 46 bytes to ecology
[dna] water wrote 104 bytes to ecology
[dna] water wrote 130 bytes to ecology
[dna] water wrote 79 bytes to ecology
[dna] water wrote 55 bytes to ecology
[dna] water wrote 163 bytes to ecology
[dna] water wrote 95 bytes to ecology
[dna] water wrote 64 bytes to ecology
[dna] water wrote 51 bytes to ecology
[dna] water wrote 14 bytes to ecology
[dna] water wrote 48 bytes to ecology
[debug-onto] tick=550 corpus=155438 stage=2 freeze=0
[dna] water wrote 22 bytes to ecology
[dna] water wrote 158 bytes to ecology
[dna] water wrote 71 bytes to ecology
[dna] water wrote 74 bytes to ecology
[dna] water wrote 85 bytes to ecology
[dna] water wrote 70 bytes to ecology
[dna] water wrote 79 bytes to ecology
[dna] water wrote 103 bytes to ecology
[dna] water wrote 76 bytes to ecology
[dna] water wrote 129 bytes to ecology
[dna] water wrote 16 bytes to ecology
[dna] water wrote 11 bytes to ecology
[dna] water wrote 51 bytes to ecology
[dna] water wrote 76 bytes to ecology
[dna] water wrote 36 bytes to ecology
[dna] water wrote 118 bytes to ecology
[dna] water wrote 71 bytes to ecology
[dna] water wrote 12 bytes to ecology
[dna] water wrote 53 bytes to ecology
[dna] water wrote 34 bytes to ecology
[dna] water wrote 38 bytes to ecology
[dna] water wrote 63 bytes to ecology
[dna] water wrote 26 bytes to ecology
[dna] water wrote 14 bytes to ecology
[dna] water wrote 32 bytes to ecology
[dna] water wrote 80 bytes to ecology
[dna] water wrote 62 bytes to ecology
[dna] water wrote 35 bytes to ecology
[debug-onto] tick=600 corpus=155438 stage=2 freeze=0
[dna] water wrote 60 bytes to ecology
[dna] water wrote 131 bytes to ecology
[dna] water wrote 10 bytes to ecology
[dna] water wrote 23 bytes to ecology
[dna] water wrote 201 bytes to ecology
[dna] water wrote 24 bytes to ecology
[dna] water wrote 56 bytes to ecology
[dna] water wrote 91 bytes to ecology
[dna] water wrote 119 bytes to ecology
[dna] water wrote 46 bytes to ecology
[dna] water wrote 23 bytes to ecology
[dna] water wrote 29 bytes to ecology
[dna] water wrote 19 bytes to ecology
[dna] water wrote 122 bytes to ecology
[dna] water wrote 19 bytes to ecology
[dna] water wrote 76 bytes to ecology
[dna] water wrote 81 bytes to ecology
[dna] water wrote 44 bytes to ecology
[dna] water wrote 56 bytes to ecology
[dna] water wrote 146 bytes to ecology
[dna] water wrote 58 bytes to ecology
[dna] water wrote 51 bytes to ecology
[dna] water wrote 42 bytes to ecology
[dna] water wrote 36 bytes to ecology
[dna] water wrote 79 bytes to ecology
[dna] water wrote 26 bytes to ecology
[dna] water wrote 45 bytes to ecology
[dna] water wrote 67 bytes to ecology
[dna] water wrote 37 bytes to ecology
[dna] water wrote 36 bytes to ecology
[debug-onto] tick=650 corpus=155438 stage=2 freeze=0
[dna] water wrote 60 bytes to ecology
[dna] water wrote 90 bytes to ecology
[dna] water wrote 142 bytes to ecology
[dna] water wrote 71 bytes to ecology
[dna] water wrote 24 bytes to ecology
[dna] water wrote 82 bytes to ecology
[dna] water wrote 43 bytes to ecology
[dna] water wrote 11 bytes to ecology
[dna] water wrote 59 bytes to ecology
[dna] water wrote 18 bytes to ecology
[dna] water wrote 37 bytes to ecology
[dna] water wrote 95 bytes to ecology
[dna] water wrote 22 bytes to ecology
[dna] water wrote 38 bytes to ecology
[dna] water wrote 57 bytes to ecology
[dna] water wrote 119 bytes to ecology
[dna] water wrote 117 bytes to ecology
[dna] water wrote 42 bytes to ecology
[dna] water wrote 18 bytes to ecology
[dna] water wrote 146 bytes to ecology
[dna] water wrote 21 bytes to ecology
[dna] water wrote 66 bytes to ecology
[dna] water wrote 76 bytes to ecology
[dna] water wrote 25 bytes to ecology
[dna] water wrote 39 bytes to ecology
[dna] water wrote 51 bytes to ecology
[dna] water wrote 15 bytes to ecology
[dna] water wrote 41 bytes to ecology
[dna] water wrote 36 bytes to ecology
[debug-onto] tick=700 corpus=155438 stage=2 freeze=0
[dna] water wrote 84 bytes to ecology
[dna] water wrote 44 bytes to ecology
[dna] water wrote 31 bytes to ecology
[dna] water wrote 38 bytes to ecology
[dna] water wrote 90 bytes to ecology
[dna] water wrote 80 bytes to ecology
[dna] water wrote 57 bytes to ecology
[dna] water wrote 28 bytes to ecology
[dna] water wrote 79 bytes to ecology
[dna] water wrote 36 bytes to ecology
[dna] water wrote 44 bytes to ecology
[dna] water wrote 16 bytes to ecology
[dna] water wrote 130 bytes to ecology
[dna] water wrote 28 bytes to ecology
[dna] water wrote 28 bytes to ecology
[dna] water wrote 34 bytes to ecology
[dna] water wrote 77 bytes to ecology
[dna] water wrote 41 bytes to ecology
[dna] water wrote 160 bytes to ecology
[dna] water wrote 30 bytes to ecology
[dna] water wrote 17 bytes to ecology
[dna] water wrote 59 bytes to ecology
[dna] water wrote 39 bytes to ecology
[dna] water wrote 37 bytes to ecology
[dna] water wrote 81 bytes to ecology
[dna] water wrote 9 bytes to ecology
[dna] water wrote 23 bytes to ecology
[dna] water wrote 74 bytes to ecology
[dna] water wrote 57 bytes to ecology

[evolution] Organism shutting down gracefully.
