[ecology] Element: air → corpus: nonames_air.txt
[evolution] Autonomous evolution mode — organism will grow through all stages without pause.
[ecology] Joined swarm. 1 peer(s) detected.
molequla is alive. [evolution] Autonomous mode — background trainer running. Ctrl+C to stop.
[dna] air wrote 72 bytes to ecology
[dna] air consumed 18127 bytes from 238 files: [earth/gen_1776405826_1.txt earth/gen_1776405834_4.txt earth/gen_1776405841_7.txt earth/gen_1776405849_10.txt earth/gen_1776405856_13.txt earth/gen_1776405864_16.txt earth/gen_1776405871_19.txt earth/gen_1776405879_22.txt earth/gen_1776405886_25.txt earth/gen_1776405893_28.txt earth/gen_1776405901_31.txt earth/gen_1776405908_34.txt earth/gen_1776405916_37.txt earth/gen_1776405923_40.txt earth/gen_1776405930_43.txt earth/gen_1776405938_46.txt earth/gen_1776405945_49.txt earth/gen_1776405953_52.txt earth/gen_1776405960_55.txt earth/gen_1776405968_58.txt earth/gen_1776405975_61.txt earth/gen_1776405982_64.txt earth/gen_1776405990_67.txt earth/gen_1776405997_70.txt earth/gen_1776406004_73.txt earth/gen_1776406012_76.txt earth/gen_1776406019_79.txt earth/gen_1776406027_82.txt earth/gen_1776406034_85.txt earth/gen_1776406042_88.txt earth/gen_1776406049_91.txt earth/gen_1776406056_94.txt earth/gen_1776406064_97.txt earth/gen_1776406071_100.txt earth/gen_1776406079_103.txt earth/gen_1776406086_106.txt earth/gen_1776406094_109.txt earth/gen_1776406101_112.txt earth/gen_1776406109_115.txt earth/gen_1776406116_118.txt earth/gen_1776406123_121.txt earth/gen_1776406131_124.txt earth/gen_1776406138_127.txt earth/gen_1776406146_130.txt earth/gen_1776406153_133.txt earth/gen_1776406161_136.txt earth/gen_1776406168_139.txt earth/gen_1776406175_142.txt earth/gen_1776406183_145.txt earth/gen_1776406190_148.txt earth/gen_1776406198_151.txt earth/gen_1776406205_154.txt earth/gen_1776406213_157.txt earth/gen_1776406220_160.txt earth/gen_1776406228_163.txt earth/gen_1776406235_166.txt earth/gen_1776406243_169.txt earth/gen_1776406250_172.txt earth/gen_1776406257_175.txt earth/gen_1776406265_178.txt earth/gen_1776406272_181.txt earth/gen_1776406280_184.txt earth/gen_1776406287_187.txt earth/gen_1776406295_190.txt earth/gen_1776406302_193.txt earth/gen_1776406309_196.txt earth/gen_1776406317_199.txt earth/gen_1776406324_202.txt earth/gen_1776406332_205.txt earth/gen_1776406339_208.txt earth/gen_1776406347_211.txt earth/gen_1776406354_214.txt earth/gen_1776406362_217.txt earth/gen_1776406369_220.txt earth/gen_1776406377_223.txt earth/gen_1776406384_226.txt earth/gen_1776406392_229.txt earth/gen_1776406399_232.txt earth/gen_1776406407_235.txt earth/gen_1776406414_238.txt earth/gen_1776406422_241.txt earth/gen_1776406429_244.txt earth/gen_1776406436_247.txt earth/gen_1776406444_250.txt earth/gen_1776406452_253.txt earth/gen_1776406459_256.txt earth/gen_1776406466_259.txt earth/gen_1776406474_262.txt earth/gen_1776406481_265.txt earth/gen_1776406489_268.txt earth/gen_1776406496_271.txt earth/gen_1776406504_274.txt earth/gen_1776406511_277.txt earth/gen_1776406519_280.txt earth/gen_1776406526_283.txt earth/gen_1776406534_286.txt earth/gen_1776406541_289.txt earth/gen_1776406549_292.txt earth/gen_1776406556_295.txt earth/gen_1776406564_298.txt earth/gen_1776406571_301.txt earth/gen_1776406579_304.txt earth/gen_1776406586_307.txt earth/gen_1776406594_310.txt earth/gen_1776406601_313.txt earth/gen_1776406608_316.txt earth/gen_1776406616_319.txt earth/gen_1776406623_322.txt earth/gen_1776406631_325.txt earth/gen_1776406638_328.txt earth/gen_1776406646_331.txt earth/gen_1776406653_334.txt earth/gen_1776406661_337.txt earth/gen_1776406668_340.txt earth/gen_1776406676_343.txt earth/gen_1776406683_346.txt earth/gen_1776406691_349.txt earth/gen_1776406698_352.txt earth/gen_1776406705_355.txt earth/gen_1776406713_358.txt earth/gen_1776406720_361.txt earth/gen_1776406728_364.txt earth/gen_1776406735_367.txt earth/gen_1776406743_370.txt earth/gen_1776406750_373.txt earth/gen_1776406757_376.txt earth/gen_1776406765_379.txt earth/gen_1776406772_382.txt earth/gen_1776406780_385.txt earth/gen_1776406787_388.txt earth/gen_1776406794_391.txt earth/gen_1776406802_394.txt earth/gen_1776406810_397.txt earth/gen_1776406817_400.txt earth/gen_1776406824_403.txt earth/gen_1776406832_406.txt earth/gen_1776406839_409.txt earth/gen_1776406847_412.txt earth/gen_1776406854_415.txt earth/gen_1776406862_418.txt earth/gen_1776406869_421.txt earth/gen_1776406877_424.txt earth/gen_1776406884_427.txt earth/gen_1776406892_430.txt earth/gen_1776406899_433.txt earth/gen_1776406907_436.txt earth/gen_1776406914_439.txt earth/gen_1776406921_442.txt earth/gen_1776406929_445.txt earth/gen_1776406936_448.txt earth/gen_1776406944_451.txt earth/gen_1776406951_454.txt earth/gen_1776406959_457.txt earth/gen_1776406966_460.txt earth/gen_1776406974_463.txt earth/gen_1776406981_466.txt earth/gen_1776406988_469.txt earth/gen_1776406996_472.txt earth/gen_1776407003_475.txt earth/gen_1776407011_478.txt earth/gen_1776407018_481.txt earth/gen_1776407026_484.txt earth/gen_1776407033_487.txt earth/gen_1776407041_490.txt earth/gen_1776407048_493.txt earth/gen_1776407056_496.txt earth/gen_1776407063_499.txt earth/gen_1776407070_502.txt earth/gen_1776407078_505.txt earth/gen_1776407085_508.txt earth/gen_1776407093_511.txt earth/gen_1776407100_514.txt earth/gen_1776407108_517.txt earth/gen_1776407115_520.txt earth/gen_1776407123_523.txt earth/gen_1776407130_526.txt earth/gen_1776407138_529.txt earth/gen_1776407145_532.txt earth/gen_1776407152_535.txt earth/gen_1776407160_538.txt earth/gen_1776407167_541.txt earth/gen_1776407175_544.txt earth/gen_1776407182_547.txt earth/gen_1776407190_550.txt earth/gen_1776407197_553.txt earth/gen_1776407204_556.txt earth/gen_1776407212_559.txt earth/gen_1776407219_562.txt earth/gen_1776407227_565.txt earth/gen_1776407234_568.txt earth/gen_1776407242_571.txt earth/gen_1776407249_574.txt earth/gen_1776407257_577.txt earth/gen_1776407264_580.txt earth/gen_1776407272_583.txt earth/gen_1776407279_586.txt earth/gen_1776407287_589.txt earth/gen_1776407294_592.txt earth/gen_1776407302_595.txt earth/gen_1776407309_598.txt earth/gen_1776407317_601.txt earth/gen_1776407324_604.txt earth/gen_1776407331_607.txt earth/gen_1776407339_610.txt earth/gen_1776407346_613.txt earth/gen_1776407353_616.txt earth/gen_1776407361_619.txt earth/gen_1776407368_622.txt earth/gen_1776407376_625.txt earth/gen_1776407383_628.txt earth/gen_1776407391_631.txt earth/gen_1776407398_634.txt earth/gen_1776407405_637.txt earth/gen_1776407413_640.txt earth/gen_1776407420_643.txt earth/gen_1776407428_646.txt earth/gen_1776407435_649.txt earth/gen_1776407443_652.txt earth/gen_1776407450_655.txt earth/gen_1776407458_658.txt earth/gen_1776407465_661.txt earth/gen_1776407472_664.txt earth/gen_1776407480_667.txt earth/gen_1776407487_670.txt earth/gen_1776407495_673.txt earth/gen_1776407502_676.txt earth/gen_1776407510_679.txt earth/gen_1776407517_682.txt earth/gen_1776407525_685.txt earth/gen_1776407532_688.txt earth/gen_1776407539_691.txt earth/gen_1776407547_694.txt earth/gen_1776407554_697.txt earth/gen_1776407562_700.txt earth/gen_1776407569_703.txt earth/gen_1776407577_706.txt earth/gen_1776407584_709.txt earth/gen_1776407591_712.txt]
[trainer] micro-train burst (18127 bytes, novelty 0.04) — and lo, it feeds again.
[syntropy] action=explore | trend=0.0000 | field_dev=0.010 | purpose_align=-0.227 | lr_mul=1.30
[aml] burst complete: 32 steps, avg loss 2.3096 (memory freed)
[dna] air wrote 46 bytes to ecology
[dna] air wrote 40 bytes to ecology
[dna] air wrote 30 bytes to ecology
[dna] air wrote 75 bytes to ecology
[dna] air wrote 89 bytes to ecology
[dna] air wrote 147 bytes to ecology
[dna] air wrote 34 bytes to ecology
[dna] air wrote 30 bytes to ecology
[dna] air wrote 53 bytes to ecology
[dna] air wrote 27 bytes to ecology
[dna] air wrote 34 bytes to ecology
[dna] air wrote 57 bytes to ecology
[dna] air wrote 50 bytes to ecology
[dna] air wrote 64 bytes to ecology
[dna] air wrote 83 bytes to ecology
[dna] air wrote 60 bytes to ecology
[debug-onto] tick=50 corpus=140681 stage=2 freeze=0
[dna] air wrote 59 bytes to ecology
[dna] air wrote 27 bytes to ecology
[dna] air wrote 122 bytes to ecology
[dna] air wrote 108 bytes to ecology
[dna] air wrote 26 bytes to ecology
[dna] air wrote 37 bytes to ecology
[dna] air wrote 69 bytes to ecology
[dna] air wrote 38 bytes to ecology
[dna] air wrote 165 bytes to ecology
[dna] air wrote 91 bytes to ecology
[dna] air wrote 36 bytes to ecology
[dna] air wrote 27 bytes to ecology
[dna] air wrote 62 bytes to ecology
[dna] air wrote 34 bytes to ecology
[dna] air wrote 103 bytes to ecology
[dna] air wrote 227 bytes to ecology
[dna] air wrote 24 bytes to ecology
[debug-onto] tick=100 corpus=140681 stage=2 freeze=0
[dna] air wrote 133 bytes to ecology
[dna] air wrote 79 bytes to ecology
[dna] air wrote 38 bytes to ecology
[dna] air wrote 22 bytes to ecology
[dna] air wrote 125 bytes to ecology
[dna] air wrote 56 bytes to ecology
[dna] air wrote 30 bytes to ecology
[dna] air wrote 75 bytes to ecology
[dna] air wrote 49 bytes to ecology
[dna] air wrote 117 bytes to ecology
[dna] air wrote 97 bytes to ecology
[dna] air wrote 52 bytes to ecology
[dna] air wrote 108 bytes to ecology
[dna] air wrote 44 bytes to ecology
[dna] air wrote 64 bytes to ecology
[dna] air wrote 142 bytes to ecology
[debug-onto] tick=150 corpus=140681 stage=2 freeze=0
[dna] air wrote 134 bytes to ecology
[dna] air wrote 107 bytes to ecology
[dna] air wrote 131 bytes to ecology
[dna] air wrote 111 bytes to ecology
[dna] air wrote 137 bytes to ecology
[dna] air wrote 30 bytes to ecology
[dna] air wrote 100 bytes to ecology
[dna] air wrote 33 bytes to ecology
[dna] air wrote 163 bytes to ecology
[dna] air wrote 42 bytes to ecology
[dna] air wrote 88 bytes to ecology
[dna] air wrote 47 bytes to ecology
[dna] air wrote 33 bytes to ecology
[dna] air wrote 61 bytes to ecology
[dna] air wrote 30 bytes to ecology
[dna] air wrote 127 bytes to ecology
[dna] air wrote 66 bytes to ecology
[debug-onto] tick=200 corpus=140681 stage=2 freeze=0
[dna] air wrote 124 bytes to ecology
[dna] air wrote 81 bytes to ecology
[dna] air wrote 112 bytes to ecology
[dna] air wrote 95 bytes to ecology
[dna] air wrote 37 bytes to ecology
[dna] air wrote 64 bytes to ecology
[dna] air wrote 27 bytes to ecology
[dna] air wrote 72 bytes to ecology
[dna] air wrote 24 bytes to ecology
[dna] air wrote 55 bytes to ecology
[dna] air wrote 38 bytes to ecology
[dna] air wrote 70 bytes to ecology
[dna] air wrote 71 bytes to ecology
[dna] air wrote 27 bytes to ecology
[dna] air wrote 35 bytes to ecology
[dna] air wrote 61 bytes to ecology
[dna] air wrote 76 bytes to ecology
[debug-onto] tick=250 corpus=140681 stage=2 freeze=0
[dna] air wrote 29 bytes to ecology
[dna] air wrote 50 bytes to ecology
[dna] air wrote 129 bytes to ecology
[dna] air wrote 139 bytes to ecology
[dna] air wrote 123 bytes to ecology
[dna] air wrote 173 bytes to ecology
[dna] air wrote 134 bytes to ecology
[dna] air wrote 34 bytes to ecology
[dna] air wrote 11 bytes to ecology
[dna] air wrote 60 bytes to ecology
[dna] air wrote 36 bytes to ecology
[dna] air wrote 36 bytes to ecology
[dna] air wrote 49 bytes to ecology
[dna] air wrote 48 bytes to ecology
[dna] air wrote 141 bytes to ecology
[dna] air wrote 80 bytes to ecology
[debug-onto] tick=300 corpus=140681 stage=2 freeze=0
[dna] air wrote 42 bytes to ecology
[dna] air wrote 23 bytes to ecology
[dna] air wrote 62 bytes to ecology
[dna] air wrote 45 bytes to ecology
[dna] air wrote 41 bytes to ecology
[dna] air wrote 44 bytes to ecology
[dna] air wrote 94 bytes to ecology
[dna] air wrote 26 bytes to ecology
[dna] air wrote 68 bytes to ecology
[dna] air wrote 132 bytes to ecology
[dna] air wrote 116 bytes to ecology
[dna] air wrote 75 bytes to ecology
[dna] air wrote 24 bytes to ecology
[dna] air wrote 83 bytes to ecology
[dna] air wrote 71 bytes to ecology
[dna] air wrote 99 bytes to ecology
[dna] air wrote 62 bytes to ecology
[debug-onto] tick=350 corpus=140681 stage=2 freeze=0
[dna] air wrote 99 bytes to ecology
[dna] air wrote 160 bytes to ecology
[dna] air wrote 38 bytes to ecology
[dna] air wrote 75 bytes to ecology
[dna] air wrote 41 bytes to ecology
[dna] air wrote 98 bytes to ecology
[dna] air wrote 70 bytes to ecology
[dna] air wrote 92 bytes to ecology
[dna] air wrote 160 bytes to ecology
[dna] air wrote 112 bytes to ecology
[dna] air wrote 87 bytes to ecology
[dna] air wrote 82 bytes to ecology
[dna] air wrote 90 bytes to ecology
[dna] air wrote 65 bytes to ecology
[dna] air wrote 108 bytes to ecology
[dna] air wrote 28 bytes to ecology
[dna] air wrote 52 bytes to ecology
[debug-onto] tick=400 corpus=140681 stage=2 freeze=0
[dna] air wrote 36 bytes to ecology
[dna] air wrote 6 bytes to ecology
[dna] air wrote 217 bytes to ecology
[dna] air wrote 31 bytes to ecology
[dna] air wrote 46 bytes to ecology
[dna] air wrote 57 bytes to ecology
[dna] air wrote 30 bytes to ecology
[dna] air wrote 32 bytes to ecology
[dna] air wrote 113 bytes to ecology
[dna] air wrote 53 bytes to ecology
[dna] air wrote 85 bytes to ecology
[dna] air wrote 86 bytes to ecology
[dna] air wrote 34 bytes to ecology
[dna] air wrote 46 bytes to ecology
[dna] air wrote 56 bytes to ecology
[dna] air wrote 36 bytes to ecology
[debug-onto] tick=450 corpus=140681 stage=2 freeze=0
[dna] air wrote 61 bytes to ecology
[dna] air wrote 47 bytes to ecology
[dna] air wrote 41 bytes to ecology
[dna] air wrote 72 bytes to ecology
[dna] air wrote 41 bytes to ecology
[dna] air wrote 28 bytes to ecology
[dna] air wrote 64 bytes to ecology
[dna] air wrote 58 bytes to ecology
[dna] air wrote 32 bytes to ecology
[dna] air wrote 85 bytes to ecology
[dna] air wrote 85 bytes to ecology
[dna] air wrote 25 bytes to ecology
[dna] air wrote 122 bytes to ecology
[dna] air wrote 78 bytes to ecology
[dna] air wrote 76 bytes to ecology
[dna] air wrote 106 bytes to ecology
[dna] air wrote 27 bytes to ecology
[debug-onto] tick=500 corpus=140681 stage=2 freeze=0
[dna] air wrote 49 bytes to ecology
[dna] air wrote 37 bytes to ecology
[dna] air wrote 23 bytes to ecology
[dna] air wrote 287 bytes to ecology
[dna] air wrote 65 bytes to ecology
[dna] air wrote 34 bytes to ecology
[dna] air wrote 58 bytes to ecology
[dna] air wrote 56 bytes to ecology
[dna] air wrote 143 bytes to ecology
[dna] air wrote 77 bytes to ecology
[dna] air wrote 120 bytes to ecology
[dna] air wrote 39 bytes to ecology
[dna] air wrote 109 bytes to ecology
[dna] air wrote 21 bytes to ecology
[dna] air wrote 67 bytes to ecology
[dna] air wrote 92 bytes to ecology
[dna] air wrote 89 bytes to ecology
[debug-onto] tick=550 corpus=140681 stage=2 freeze=0
[dna] air wrote 25 bytes to ecology
[dna] air wrote 87 bytes to ecology
[dna] air wrote 56 bytes to ecology
[dna] air wrote 89 bytes to ecology
[dna] air wrote 190 bytes to ecology
[dna] air wrote 84 bytes to ecology
[dna] air wrote 45 bytes to ecology
[dna] air wrote 45 bytes to ecology
[dna] air wrote 138 bytes to ecology
[dna] air wrote 40 bytes to ecology
[dna] air wrote 27 bytes to ecology
[dna] air wrote 42 bytes to ecology
[dna] air wrote 57 bytes to ecology
[dna] air wrote 41 bytes to ecology
[dna] air wrote 46 bytes to ecology
[dna] air wrote 110 bytes to ecology
[debug-onto] tick=600 corpus=140681 stage=2 freeze=0
[dna] air wrote 36 bytes to ecology
[dna] air wrote 75 bytes to ecology
[dna] air wrote 57 bytes to ecology
[dna] air wrote 170 bytes to ecology
[dna] air wrote 183 bytes to ecology
[dna] air wrote 9 bytes to ecology
[dna] air wrote 62 bytes to ecology
[dna] air wrote 37 bytes to ecology
[dna] air wrote 104 bytes to ecology
[dna] air wrote 11 bytes to ecology
[dna] air wrote 53 bytes to ecology
[dna] air wrote 16 bytes to ecology
[dna] air wrote 76 bytes to ecology
[dna] air wrote 11 bytes to ecology
[dna] air wrote 32 bytes to ecology
[dna] air wrote 77 bytes to ecology
[dna] air wrote 57 bytes to ecology
[debug-onto] tick=650 corpus=140681 stage=2 freeze=0
[dna] air wrote 98 bytes to ecology
[dna] air wrote 82 bytes to ecology
[dna] air wrote 95 bytes to ecology
[dna] air wrote 37 bytes to ecology
[dna] air wrote 239 bytes to ecology
[dna] air wrote 34 bytes to ecology
[dna] air wrote 77 bytes to ecology
[dna] air wrote 35 bytes to ecology
[dna] air wrote 206 bytes to ecology
[dna] air wrote 152 bytes to ecology
[dna] air wrote 52 bytes to ecology
[dna] air wrote 94 bytes to ecology
[dna] air wrote 105 bytes to ecology
[dna] air wrote 64 bytes to ecology
[dna] air wrote 41 bytes to ecology
[dna] air wrote 58 bytes to ecology
[dna] air wrote 90 bytes to ecology
[debug-onto] tick=700 corpus=140681 stage=2 freeze=0
[dna] air wrote 45 bytes to ecology
[dna] air wrote 45 bytes to ecology
[dna] air wrote 42 bytes to ecology
[dna] air wrote 36 bytes to ecology
[dna] air wrote 53 bytes to ecology

[evolution] Organism shutting down gracefully.
