[ecology] Element: fire → corpus: nonames_fire.txt
[evolution] Autonomous evolution mode — organism will grow through all stages without pause.
[ecology] Joined swarm. 1 peer(s) detected.
molequla is alive. [evolution] Autonomous mode — background trainer running. Ctrl+C to stop.
[dna] fire wrote 96 bytes to ecology
[dna] fire consumed 29362 bytes from 428 files: [water/gen_1776409400_1.txt water/gen_1776409415_3.txt water/gen_1776409418_4.txt water/gen_1776409420_5.txt water/gen_1776409426_7.txt water/gen_1776409431_9.txt water/gen_1776409434_10.txt water/gen_1776409437_11.txt water/gen_1776409442_13.txt water/gen_1776409450_16.txt water/gen_1776409453_17.txt water/gen_1776409459_19.txt water/gen_1776409464_21.txt water/gen_1776409467_22.txt water/gen_1776409470_23.txt water/gen_1776409475_25.txt water/gen_1776409481_27.txt water/gen_1776409484_28.txt water/gen_1776409486_29.txt water/gen_1776409492_31.txt water/gen_1776409498_33.txt water/gen_1776409500_34.txt water/gen_1776409503_35.txt water/gen_1776409509_37.txt water/gen_1776409514_39.txt water/gen_1776409517_40.txt water/gen_1776409520_41.txt water/gen_1776409525_43.txt water/gen_1776409531_45.txt water/gen_1776409533_46.txt water/gen_1776409536_47.txt water/gen_1776409542_49.txt water/gen_1776409547_51.txt water/gen_1776409550_52.txt water/gen_1776409553_53.txt water/gen_1776409558_55.txt water/gen_1776409564_57.txt water/gen_1776409567_58.txt water/gen_1776409570_59.txt water/gen_1776409575_61.txt water/gen_1776409581_63.txt water/gen_1776409583_64.txt water/gen_1776409586_65.txt water/gen_1776409592_67.txt water/gen_1776409597_69.txt water/gen_1776409600_70.txt water/gen_1776409603_71.txt water/gen_1776409608_73.txt water/gen_1776409614_75.txt water/gen_1776409617_76.txt water/gen_1776409619_77.txt water/gen_1776409625_79.txt water/gen_1776409630_81.txt water/gen_1776409633_82.txt water/gen_1776409636_83.txt water/gen_1776409641_85.txt water/gen_1776409647_87.txt water/gen_1776409650_88.txt water/gen_1776409652_89.txt water/gen_1776409658_91.txt water/gen_1776409663_93.txt water/gen_1776409666_94.txt water/gen_1776409669_95.txt water/gen_1776409674_97.txt water/gen_1776409680_99.txt water/gen_1776409683_100.txt water/gen_1776409685_101.txt water/gen_1776409691_103.txt water/gen_1776409696_105.txt water/gen_1776409699_106.txt water/gen_1776409702_107.txt water/gen_1776409707_109.txt water/gen_1776409715_112.txt water/gen_1776409718_113.txt water/gen_1776409724_115.txt water/gen_1776409729_117.txt water/gen_1776409732_118.txt water/gen_1776409735_119.txt water/gen_1776409740_121.txt water/gen_1776409746_123.txt water/gen_1776409749_124.txt water/gen_1776409751_125.txt water/gen_1776409757_127.txt water/gen_1776409762_129.txt water/gen_1776409765_130.txt water/gen_1776409768_131.txt water/gen_1776409773_133.txt water/gen_1776409779_135.txt water/gen_1776409781_136.txt water/gen_1776409784_137.txt water/gen_1776409790_139.txt water/gen_1776409795_141.txt water/gen_1776409798_142.txt water/gen_1776409800_143.txt water/gen_1776409806_145.txt water/gen_1776409811_147.txt water/gen_1776409814_148.txt water/gen_1776409817_149.txt water/gen_1776409822_151.txt water/gen_1776409828_153.txt water/gen_1776409830_154.txt water/gen_1776409833_155.txt water/gen_1776409839_157.txt water/gen_1776409844_159.txt water/gen_1776409847_160.txt water/gen_1776409849_161.txt water/gen_1776409855_163.txt water/gen_1776409860_165.txt water/gen_1776409863_166.txt water/gen_1776409866_167.txt water/gen_1776409871_169.txt water/gen_1776409876_171.txt water/gen_1776409879_172.txt water/gen_1776409882_173.txt water/gen_1776409887_175.txt water/gen_1776409893_177.txt water/gen_1776409895_178.txt water/gen_1776409898_179.txt water/gen_1776409904_181.txt water/gen_1776409909_183.txt water/gen_1776409912_184.txt water/gen_1776409915_185.txt water/gen_1776409920_187.txt water/gen_1776409926_189.txt water/gen_1776409928_190.txt water/gen_1776409931_191.txt water/gen_1776409936_193.txt water/gen_1776409942_195.txt water/gen_1776409945_196.txt water/gen_1776409947_197.txt water/gen_1776409953_199.txt water/gen_1776409958_201.txt water/gen_1776409961_202.txt water/gen_1776409964_203.txt water/gen_1776409969_205.txt water/gen_1776409975_207.txt water/gen_1776409977_208.txt water/gen_1776409980_209.txt water/gen_1776409985_211.txt water/gen_1776409991_213.txt water/gen_1776409994_214.txt water/gen_1776409996_215.txt water/gen_1776410002_217.txt water/gen_1776410007_219.txt water/gen_1776410010_220.txt water/gen_1776410013_221.txt water/gen_1776410018_223.txt water/gen_1776410024_225.txt water/gen_1776410026_226.txt water/gen_1776410029_227.txt water/gen_1776410034_229.txt water/gen_1776410040_231.txt water/gen_1776410043_232.txt water/gen_1776410045_233.txt water/gen_1776410051_235.txt water/gen_1776410056_237.txt water/gen_1776410059_238.txt water/gen_1776410062_239.txt water/gen_1776410067_241.txt water/gen_1776410073_243.txt water/gen_1776410075_244.txt water/gen_1776410078_245.txt water/gen_1776410084_247.txt water/gen_1776410089_249.txt water/gen_1776410092_250.txt water/gen_1776410094_251.txt water/gen_1776410100_253.txt water/gen_1776410105_255.txt water/gen_1776410108_256.txt water/gen_1776410111_257.txt water/gen_1776410116_259.txt water/gen_1776410122_261.txt water/gen_1776410124_262.txt water/gen_1776410127_263.txt water/gen_1776410133_265.txt water/gen_1776410141_268.txt water/gen_1776410143_269.txt water/gen_1776410149_271.txt water/gen_1776410154_273.txt water/gen_1776410157_274.txt water/gen_1776410160_275.txt water/gen_1776410165_277.txt water/gen_1776410171_279.txt water/gen_1776410173_280.txt water/gen_1776410176_281.txt water/gen_1776410181_283.txt water/gen_1776410187_285.txt water/gen_1776410190_286.txt water/gen_1776410192_287.txt water/gen_1776410198_289.txt water/gen_1776410203_291.txt water/gen_1776410206_292.txt water/gen_1776410209_293.txt water/gen_1776410214_295.txt water/gen_1776410222_298.txt water/gen_1776410225_299.txt water/gen_1776410230_301.txt water/gen_1776410236_303.txt water/gen_1776410239_304.txt water/gen_1776410241_305.txt water/gen_1776410247_307.txt water/gen_1776410252_309.txt water/gen_1776410255_310.txt water/gen_1776410257_311.txt water/gen_1776410263_313.txt water/gen_1776410268_315.txt water/gen_1776410271_316.txt water/gen_1776410274_317.txt water/gen_1776410279_319.txt water/gen_1776410284_321.txt water/gen_1776410287_322.txt water/gen_1776410290_323.txt water/gen_1776410295_325.txt water/gen_1776410303_328.txt water/gen_1776410306_329.txt water/gen_1776410311_331.txt water/gen_1776410317_333.txt water/gen_1776410320_334.txt water/gen_1776410322_335.txt water/gen_1776410328_337.txt water/gen_1776410333_339.txt water/gen_1776410336_340.txt water/gen_1776410339_341.txt water/gen_1776410344_343.txt water/gen_1776410350_345.txt water/gen_1776410352_346.txt water/gen_1776410355_347.txt water/gen_1776410361_349.txt water/gen_1776410366_351.txt water/gen_1776410369_352.txt water/gen_1776410371_353.txt water/gen_1776410377_355.txt water/gen_1776410385_358.txt water/gen_1776410388_359.txt water/gen_1776410393_361.txt water/gen_1776410398_363.txt water/gen_1776410401_364.txt water/gen_1776410404_365.txt water/gen_1776410409_367.txt water/gen_1776410415_369.txt water/gen_1776410418_370.txt water/gen_1776410420_371.txt water/gen_1776410426_373.txt water/gen_1776410431_375.txt water/gen_1776410434_376.txt water/gen_1776410436_377.txt water/gen_1776410442_379.txt water/gen_1776410447_381.txt water/gen_1776410450_382.txt water/gen_1776410453_383.txt water/gen_1776410458_385.txt water/gen_1776410464_387.txt water/gen_1776410467_388.txt water/gen_1776410469_389.txt water/gen_1776410475_391.txt water/gen_1776410483_394.txt water/gen_1776410486_395.txt water/gen_1776410491_397.txt water/gen_1776410497_399.txt water/gen_1776410499_400.txt water/gen_1776410502_401.txt water/gen_1776410507_403.txt water/gen_1776410513_405.txt water/gen_1776410516_406.txt water/gen_1776410518_407.txt water/gen_1776410524_409.txt water/gen_1776410529_411.txt water/gen_1776410532_412.txt water/gen_1776410535_413.txt water/gen_1776410540_415.txt water/gen_1776410546_417.txt water/gen_1776410548_418.txt water/gen_1776410551_419.txt water/gen_1776410556_421.txt water/gen_1776410562_423.txt water/gen_1776410565_424.txt water/gen_1776410567_425.txt water/gen_1776410573_427.txt water/gen_1776410578_429.txt water/gen_1776410581_430.txt water/gen_1776410584_431.txt water/gen_1776410589_433.txt water/gen_1776410595_435.txt water/gen_1776410597_436.txt water/gen_1776410600_437.txt water/gen_1776410605_439.txt water/gen_1776410611_441.txt water/gen_1776410614_442.txt water/gen_1776410616_443.txt water/gen_1776410622_445.txt water/gen_1776410627_447.txt water/gen_1776410630_448.txt water/gen_1776410633_449.txt water/gen_1776410638_451.txt water/gen_1776410644_453.txt water/gen_1776410646_454.txt water/gen_1776410649_455.txt water/gen_1776410655_457.txt water/gen_1776410660_459.txt water/gen_1776410663_460.txt water/gen_1776410665_461.txt water/gen_1776410671_463.txt water/gen_1776410676_465.txt water/gen_1776410679_466.txt water/gen_1776410682_467.txt water/gen_1776410687_469.txt water/gen_1776410693_471.txt water/gen_1776410695_472.txt water/gen_1776410698_473.txt water/gen_1776410703_475.txt water/gen_1776410709_477.txt water/gen_1776410712_478.txt water/gen_1776410714_479.txt water/gen_1776410720_481.txt water/gen_1776410725_483.txt water/gen_1776410728_484.txt water/gen_1776410731_485.txt water/gen_1776410736_487.txt water/gen_1776410744_490.txt water/gen_1776410747_491.txt water/gen_1776410752_493.txt water/gen_1776410758_495.txt water/gen_1776410760_496.txt water/gen_1776410763_497.txt water/gen_1776410769_499.txt water/gen_1776410774_501.txt water/gen_1776410777_502.txt water/gen_1776410780_503.txt water/gen_1776410785_505.txt water/gen_1776410790_507.txt water/gen_1776410793_508.txt water/gen_1776410796_509.txt water/gen_1776410801_511.txt water/gen_1776410807_513.txt water/gen_1776410809_514.txt water/gen_1776410812_515.txt water/gen_1776410818_517.txt water/gen_1776410823_519.txt water/gen_1776410826_520.txt water/gen_1776410829_521.txt water/gen_1776410834_523.txt water/gen_1776410839_525.txt water/gen_1776410842_526.txt water/gen_1776410845_527.txt water/gen_1776410850_529.txt water/gen_1776410856_531.txt water/gen_1776410858_532.txt water/gen_1776410861_533.txt water/gen_1776410867_535.txt water/gen_1776410872_537.txt water/gen_1776410875_538.txt water/gen_1776410877_539.txt water/gen_1776410883_541.txt water/gen_1776410888_543.txt water/gen_1776410891_544.txt water/gen_1776410894_545.txt water/gen_1776410899_547.txt water/gen_1776410905_549.txt water/gen_1776410907_550.txt water/gen_1776410910_551.txt water/gen_1776410916_553.txt water/gen_1776410921_555.txt water/gen_1776410924_556.txt water/gen_1776410927_557.txt water/gen_1776410932_559.txt water/gen_1776410937_561.txt water/gen_1776410940_562.txt water/gen_1776410943_563.txt water/gen_1776410949_565.txt water/gen_1776410954_567.txt water/gen_1776410957_568.txt water/gen_1776410959_569.txt water/gen_1776410965_571.txt water/gen_1776410970_573.txt water/gen_1776410973_574.txt water/gen_1776410976_575.txt water/gen_1776410981_577.txt water/gen_1776410987_579.txt water/gen_1776410989_580.txt water/gen_1776410992_581.txt water/gen_1776410998_583.txt water/gen_1776411003_585.txt water/gen_1776411006_586.txt water/gen_1776411009_587.txt water/gen_1776411014_589.txt water/gen_1776411019_591.txt water/gen_1776411022_592.txt water/gen_1776411025_593.txt water/gen_1776411030_595.txt water/gen_1776411036_597.txt water/gen_1776411038_598.txt water/gen_1776411041_599.txt water/gen_1776411047_601.txt water/gen_1776411052_603.txt water/gen_1776411055_604.txt water/gen_1776411058_605.txt water/gen_1776411063_607.txt water/gen_1776411069_609.txt water/gen_1776411071_610.txt water/gen_1776411074_611.txt water/gen_1776411079_613.txt water/gen_1776411085_615.txt water/gen_1776411088_616.txt water/gen_1776411090_617.txt water/gen_1776411096_619.txt water/gen_1776411101_621.txt water/gen_1776411104_622.txt water/gen_1776411107_623.txt water/gen_1776411112_625.txt water/gen_1776411120_628.txt water/gen_1776411123_629.txt water/gen_1776411128_631.txt water/gen_1776411134_633.txt water/gen_1776411137_634.txt water/gen_1776411139_635.txt water/gen_1776411145_637.txt water/gen_1776411150_639.txt water/gen_1776411153_640.txt water/gen_1776411155_641.txt water/gen_1776411161_643.txt water/gen_1776411166_645.txt water/gen_1776411169_646.txt water/gen_1776411172_647.txt water/gen_1776411177_649.txt water/gen_1776411182_651.txt water/gen_1776411185_652.txt water/gen_1776411188_653.txt water/gen_1776411193_655.txt]
[trainer] micro-train burst (29362 bytes, novelty 0.02) — and lo, it feeds again.
[syntropy] action=explore | trend=0.0000 | field_dev=0.001 | purpose_align=-0.231 | lr_mul=1.30
[aml] burst complete: 32 steps, avg loss 2.0471 (memory freed)
[dna] fire wrote 133 bytes to ecology
[dna] fire wrote 36 bytes to ecology
[dna] fire wrote 79 bytes to ecology
[dna] fire wrote 35 bytes to ecology
[dna] fire wrote 102 bytes to ecology
[dna] fire wrote 51 bytes to ecology
[dna] fire wrote 113 bytes to ecology
[dna] fire wrote 148 bytes to ecology
[dna] fire wrote 90 bytes to ecology
[dna] fire wrote 106 bytes to ecology
[dna] fire wrote 44 bytes to ecology
[dna] fire wrote 149 bytes to ecology
[dna] fire wrote 87 bytes to ecology
[dna] fire wrote 56 bytes to ecology
[dna] fire wrote 81 bytes to ecology
[dna] fire wrote 42 bytes to ecology
[dna] fire wrote 36 bytes to ecology
[dna] fire wrote 26 bytes to ecology
[dna] fire wrote 44 bytes to ecology
[dna] fire wrote 122 bytes to ecology
[dna] fire wrote 49 bytes to ecology
[dna] fire wrote 139 bytes to ecology
[dna] fire wrote 33 bytes to ecology
[dna] fire wrote 72 bytes to ecology
[dna] fire wrote 28 bytes to ecology
[dna] fire wrote 45 bytes to ecology
[dna] fire wrote 66 bytes to ecology
[dna] fire wrote 21 bytes to ecology
[dna] fire wrote 46 bytes to ecology
[dna] fire wrote 125 bytes to ecology
[dna] fire wrote 121 bytes to ecology
[dna] fire wrote 168 bytes to ecology
[debug-onto] tick=50 corpus=151690 stage=2 freeze=0
[dna] fire wrote 22 bytes to ecology
[dna] fire wrote 41 bytes to ecology
[dna] fire wrote 43 bytes to ecology
[dna] fire wrote 101 bytes to ecology
[dna] fire wrote 58 bytes to ecology
[dna] fire wrote 124 bytes to ecology
[dna] fire wrote 18 bytes to ecology
[dna] fire wrote 51 bytes to ecology
[dna] fire wrote 6 bytes to ecology
[dna] fire wrote 31 bytes to ecology
[dna] fire wrote 67 bytes to ecology
[dna] fire wrote 137 bytes to ecology
[dna] fire wrote 74 bytes to ecology
[dna] fire wrote 108 bytes to ecology
[dna] fire wrote 117 bytes to ecology
[dna] fire wrote 125 bytes to ecology
[dna] fire wrote 15 bytes to ecology
[dna] fire wrote 47 bytes to ecology
[dna] fire wrote 33 bytes to ecology
[dna] fire wrote 107 bytes to ecology
[dna] fire wrote 12 bytes to ecology
[dna] fire wrote 66 bytes to ecology
[dna] fire wrote 111 bytes to ecology
[dna] fire wrote 77 bytes to ecology
[dna] fire wrote 101 bytes to ecology
[dna] fire wrote 127 bytes to ecology
[dna] fire wrote 50 bytes to ecology
[dna] fire wrote 22 bytes to ecology
[dna] fire wrote 12 bytes to ecology
[dna] fire wrote 103 bytes to ecology
[dna] fire wrote 73 bytes to ecology
[dna] fire wrote 59 bytes to ecology
[dna] fire wrote 6 bytes to ecology
[dna] fire wrote 60 bytes to ecology
[debug-onto] tick=100 corpus=151690 stage=2 freeze=0
[dna] fire wrote 38 bytes to ecology
[dna] fire wrote 17 bytes to ecology
[dna] fire wrote 31 bytes to ecology
[dna] fire wrote 50 bytes to ecology
[dna] fire wrote 72 bytes to ecology
[dna] fire wrote 118 bytes to ecology
[dna] fire wrote 36 bytes to ecology
[dna] fire wrote 113 bytes to ecology
[dna] fire wrote 24 bytes to ecology
[dna] fire wrote 45 bytes to ecology
[dna] fire wrote 40 bytes to ecology
[dna] fire wrote 40 bytes to ecology
[dna] fire wrote 149 bytes to ecology
[dna] fire wrote 26 bytes to ecology
[dna] fire wrote 53 bytes to ecology
[dna] fire wrote 69 bytes to ecology
[dna] fire wrote 30 bytes to ecology
[dna] fire wrote 59 bytes to ecology
[dna] fire wrote 180 bytes to ecology
[dna] fire wrote 62 bytes to ecology
[dna] fire wrote 46 bytes to ecology
[dna] fire wrote 147 bytes to ecology
[dna] fire wrote 31 bytes to ecology
[dna] fire wrote 224 bytes to ecology
[dna] fire wrote 19 bytes to ecology
[dna] fire wrote 103 bytes to ecology
[dna] fire wrote 89 bytes to ecology
[dna] fire wrote 105 bytes to ecology
[dna] fire wrote 144 bytes to ecology
[dna] fire wrote 73 bytes to ecology
[dna] fire wrote 47 bytes to ecology
[dna] fire wrote 102 bytes to ecology
[dna] fire wrote 36 bytes to ecology
[debug-onto] tick=150 corpus=151690 stage=2 freeze=0
[dna] fire wrote 55 bytes to ecology
[dna] fire wrote 44 bytes to ecology
[dna] fire wrote 130 bytes to ecology
[dna] fire wrote 81 bytes to ecology
[dna] fire wrote 53 bytes to ecology
[dna] fire wrote 170 bytes to ecology
[dna] fire wrote 29 bytes to ecology
[dna] fire wrote 27 bytes to ecology
[dna] fire wrote 40 bytes to ecology
[dna] fire wrote 102 bytes to ecology
[dna] fire wrote 48 bytes to ecology
[dna] fire wrote 51 bytes to ecology
[dna] fire wrote 50 bytes to ecology
[dna] fire wrote 106 bytes to ecology
[dna] fire wrote 149 bytes to ecology
[dna] fire wrote 57 bytes to ecology
[dna] fire wrote 31 bytes to ecology
[dna] fire wrote 61 bytes to ecology
[dna] fire wrote 71 bytes to ecology
[dna] fire wrote 135 bytes to ecology
[dna] fire wrote 27 bytes to ecology
[dna] fire wrote 68 bytes to ecology
[dna] fire wrote 28 bytes to ecology
[dna] fire wrote 92 bytes to ecology
[dna] fire wrote 110 bytes to ecology
[dna] fire wrote 120 bytes to ecology
[dna] fire wrote 108 bytes to ecology
[dna] fire wrote 114 bytes to ecology
[dna] fire wrote 65 bytes to ecology
[dna] fire wrote 62 bytes to ecology
[dna] fire wrote 191 bytes to ecology
[dna] fire wrote 27 bytes to ecology
[debug-onto] tick=200 corpus=151690 stage=2 freeze=0
[dna] fire wrote 38 bytes to ecology
[dna] fire wrote 95 bytes to ecology
[dna] fire wrote 49 bytes to ecology
[dna] fire wrote 42 bytes to ecology
[dna] fire wrote 176 bytes to ecology
[dna] fire wrote 47 bytes to ecology
[dna] fire wrote 50 bytes to ecology
[dna] fire wrote 185 bytes to ecology
[dna] fire wrote 108 bytes to ecology
[dna] fire wrote 69 bytes to ecology
[dna] fire wrote 157 bytes to ecology
[dna] fire wrote 31 bytes to ecology
[dna] fire wrote 87 bytes to ecology
[dna] fire wrote 39 bytes to ecology
[dna] fire wrote 134 bytes to ecology
[dna] fire wrote 83 bytes to ecology
[dna] fire wrote 36 bytes to ecology
[dna] fire wrote 117 bytes to ecology
[dna] fire wrote 81 bytes to ecology
[dna] fire wrote 129 bytes to ecology
[dna] fire wrote 24 bytes to ecology
[dna] fire wrote 46 bytes to ecology
[dna] fire wrote 74 bytes to ecology
[dna] fire wrote 55 bytes to ecology
[dna] fire wrote 55 bytes to ecology
[dna] fire wrote 106 bytes to ecology
[dna] fire wrote 37 bytes to ecology
[dna] fire wrote 77 bytes to ecology
[dna] fire wrote 90 bytes to ecology
[dna] fire wrote 86 bytes to ecology
[dna] fire wrote 79 bytes to ecology
[dna] fire wrote 38 bytes to ecology
[debug-onto] tick=250 corpus=151690 stage=2 freeze=0
[dna] fire wrote 54 bytes to ecology
[dna] fire wrote 118 bytes to ecology
[dna] fire wrote 50 bytes to ecology
[dna] fire wrote 36 bytes to ecology
[dna] fire wrote 106 bytes to ecology
[dna] fire wrote 169 bytes to ecology
[dna] fire wrote 93 bytes to ecology
[dna] fire wrote 126 bytes to ecology
[dna] fire wrote 40 bytes to ecology
[dna] fire wrote 79 bytes to ecology
[dna] fire wrote 44 bytes to ecology
[dna] fire wrote 40 bytes to ecology
[dna] fire wrote 57 bytes to ecology
[dna] fire wrote 134 bytes to ecology
[dna] fire wrote 37 bytes to ecology
[dna] fire wrote 46 bytes to ecology
[dna] fire wrote 195 bytes to ecology
[dna] fire wrote 126 bytes to ecology
[dna] fire wrote 49 bytes to ecology
[dna] fire wrote 134 bytes to ecology
[dna] fire wrote 38 bytes to ecology
[dna] fire wrote 43 bytes to ecology
[dna] fire wrote 83 bytes to ecology
[dna] fire wrote 30 bytes to ecology
[dna] fire wrote 88 bytes to ecology
[dna] fire wrote 42 bytes to ecology
[dna] fire wrote 76 bytes to ecology
[dna] fire wrote 38 bytes to ecology
[dna] fire wrote 47 bytes to ecology
[dna] fire wrote 204 bytes to ecology
[dna] fire wrote 58 bytes to ecology
[dna] fire wrote 32 bytes to ecology
[dna] fire wrote 150 bytes to ecology
[debug-onto] tick=300 corpus=151690 stage=2 freeze=0
[dna] fire wrote 232 bytes to ecology
[dna] fire wrote 56 bytes to ecology
[dna] fire wrote 41 bytes to ecology
[dna] fire wrote 73 bytes to ecology
[dna] fire wrote 40 bytes to ecology
[dna] fire wrote 22 bytes to ecology
[dna] fire wrote 38 bytes to ecology
[dna] fire wrote 46 bytes to ecology
[dna] fire wrote 36 bytes to ecology
[dna] fire wrote 190 bytes to ecology
[dna] fire wrote 59 bytes to ecology
[dna] fire wrote 60 bytes to ecology
[dna] fire wrote 61 bytes to ecology
[dna] fire wrote 18 bytes to ecology
[dna] fire wrote 132 bytes to ecology
[dna] fire wrote 129 bytes to ecology
[dna] fire wrote 183 bytes to ecology
[dna] fire wrote 51 bytes to ecology
[dna] fire wrote 45 bytes to ecology
[dna] fire wrote 55 bytes to ecology
[dna] fire wrote 61 bytes to ecology
[dna] fire wrote 18 bytes to ecology
[dna] fire wrote 106 bytes to ecology
[dna] fire wrote 79 bytes to ecology
[dna] fire wrote 37 bytes to ecology
[dna] fire wrote 69 bytes to ecology
[dna] fire wrote 54 bytes to ecology
[dna] fire wrote 43 bytes to ecology
[dna] fire wrote 52 bytes to ecology
[dna] fire wrote 73 bytes to ecology
[dna] fire wrote 69 bytes to ecology
[dna] fire wrote 126 bytes to ecology
[debug-onto] tick=350 corpus=151690 stage=2 freeze=0
[dna] fire wrote 103 bytes to ecology
[dna] fire wrote 58 bytes to ecology
[dna] fire wrote 19 bytes to ecology
[dna] fire wrote 27 bytes to ecology
[dna] fire wrote 55 bytes to ecology
[dna] fire wrote 45 bytes to ecology
[dna] fire wrote 104 bytes to ecology
[dna] fire wrote 40 bytes to ecology
[dna] fire wrote 6 bytes to ecology
[dna] fire wrote 11 bytes to ecology
[dna] fire wrote 159 bytes to ecology
[dna] fire wrote 88 bytes to ecology
[dna] fire wrote 38 bytes to ecology
[dna] fire wrote 30 bytes to ecology
[dna] fire wrote 94 bytes to ecology
[dna] fire wrote 90 bytes to ecology
[dna] fire wrote 24 bytes to ecology
[dna] fire wrote 43 bytes to ecology
[dna] fire wrote 118 bytes to ecology
[dna] fire wrote 72 bytes to ecology
[dna] fire wrote 31 bytes to ecology
[dna] fire wrote 36 bytes to ecology
[dna] fire wrote 142 bytes to ecology
[dna] fire wrote 48 bytes to ecology
[dna] fire wrote 56 bytes to ecology
[dna] fire wrote 63 bytes to ecology
[dna] fire wrote 18 bytes to ecology
[dna] fire wrote 56 bytes to ecology
[dna] fire wrote 49 bytes to ecology
[dna] fire wrote 46 bytes to ecology
[dna] fire wrote 69 bytes to ecology
[dna] fire wrote 37 bytes to ecology
[debug-onto] tick=400 corpus=151690 stage=2 freeze=0
[dna] fire wrote 32 bytes to ecology
[dna] fire wrote 77 bytes to ecology
[dna] fire wrote 248 bytes to ecology
[dna] fire wrote 63 bytes to ecology
[dna] fire wrote 15 bytes to ecology
[dna] fire wrote 170 bytes to ecology
[dna] fire wrote 21 bytes to ecology
[dna] fire wrote 40 bytes to ecology
[dna] fire wrote 59 bytes to ecology
[dna] fire wrote 111 bytes to ecology
[dna] fire wrote 45 bytes to ecology
[dna] fire wrote 45 bytes to ecology
[dna] fire wrote 29 bytes to ecology
[dna] fire wrote 83 bytes to ecology
[dna] fire wrote 38 bytes to ecology
[dna] fire wrote 44 bytes to ecology
[dna] fire wrote 73 bytes to ecology
[dna] fire wrote 154 bytes to ecology
[dna] fire wrote 42 bytes to ecology
[dna] fire wrote 77 bytes to ecology
[dna] fire wrote 56 bytes to ecology
[dna] fire wrote 79 bytes to ecology
[dna] fire wrote 27 bytes to ecology
[dna] fire wrote 78 bytes to ecology
[dna] fire wrote 59 bytes to ecology
[dna] fire wrote 73 bytes to ecology
[dna] fire wrote 42 bytes to ecology
[dna] fire wrote 94 bytes to ecology
[dna] fire wrote 50 bytes to ecology
[dna] fire wrote 81 bytes to ecology
[dna] fire wrote 125 bytes to ecology
[debug-onto] tick=450 corpus=151690 stage=2 freeze=0
[dna] fire wrote 45 bytes to ecology
[dna] fire wrote 39 bytes to ecology
[dna] fire wrote 36 bytes to ecology
[dna] fire wrote 28 bytes to ecology
[dna] fire wrote 31 bytes to ecology
[dna] fire wrote 106 bytes to ecology
[dna] fire wrote 19 bytes to ecology
[dna] fire wrote 54 bytes to ecology
[dna] fire wrote 74 bytes to ecology
[dna] fire wrote 54 bytes to ecology
[dna] fire wrote 47 bytes to ecology
[dna] fire wrote 39 bytes to ecology
[dna] fire wrote 142 bytes to ecology
[dna] fire wrote 103 bytes to ecology
[dna] fire wrote 148 bytes to ecology
[dna] fire wrote 30 bytes to ecology
[dna] fire wrote 61 bytes to ecology
[dna] fire wrote 24 bytes to ecology
[dna] fire wrote 28 bytes to ecology
[dna] fire wrote 43 bytes to ecology
[dna] fire wrote 34 bytes to ecology
[dna] fire wrote 27 bytes to ecology
[dna] fire wrote 31 bytes to ecology
[dna] fire wrote 23 bytes to ecology
[dna] fire wrote 79 bytes to ecology
[dna] fire wrote 56 bytes to ecology
[dna] fire wrote 45 bytes to ecology
[dna] fire wrote 74 bytes to ecology
[dna] fire wrote 80 bytes to ecology
[dna] fire wrote 39 bytes to ecology
[dna] fire wrote 46 bytes to ecology
[dna] fire wrote 47 bytes to ecology
[debug-onto] tick=500 corpus=151690 stage=2 freeze=0
[dna] fire wrote 66 bytes to ecology
[dna] fire wrote 42 bytes to ecology
[dna] fire wrote 83 bytes to ecology
[dna] fire wrote 86 bytes to ecology
[dna] fire wrote 29 bytes to ecology
[dna] fire wrote 57 bytes to ecology
[dna] fire wrote 84 bytes to ecology
[dna] fire wrote 68 bytes to ecology
[dna] fire wrote 121 bytes to ecology
[dna] fire wrote 107 bytes to ecology
[dna] fire wrote 115 bytes to ecology
[dna] fire wrote 112 bytes to ecology
[dna] fire wrote 98 bytes to ecology
[dna] fire wrote 66 bytes to ecology
[dna] fire wrote 86 bytes to ecology
[dna] fire wrote 51 bytes to ecology
[dna] fire wrote 43 bytes to ecology
[dna] fire wrote 50 bytes to ecology
[dna] fire wrote 63 bytes to ecology
[dna] fire wrote 43 bytes to ecology
[dna] fire wrote 17 bytes to ecology
[dna] fire wrote 56 bytes to ecology
[dna] fire wrote 41 bytes to ecology
[dna] fire wrote 47 bytes to ecology
[dna] fire wrote 34 bytes to ecology
[dna] fire wrote 37 bytes to ecology
[dna] fire wrote 36 bytes to ecology
[dna] fire wrote 158 bytes to ecology
[dna] fire wrote 47 bytes to ecology
[dna] fire wrote 80 bytes to ecology
[dna] fire wrote 126 bytes to ecology
[dna] fire wrote 53 bytes to ecology
[dna] fire wrote 189 bytes to ecology
[debug-onto] tick=550 corpus=151690 stage=2 freeze=0
[dna] fire wrote 136 bytes to ecology
[dna] fire wrote 41 bytes to ecology
[dna] fire wrote 146 bytes to ecology
[dna] fire wrote 225 bytes to ecology
[dna] fire wrote 67 bytes to ecology
[dna] fire wrote 119 bytes to ecology
[dna] fire wrote 76 bytes to ecology
[dna] fire wrote 38 bytes to ecology
[dna] fire wrote 76 bytes to ecology
[dna] fire wrote 14 bytes to ecology
[dna] fire wrote 107 bytes to ecology
[dna] fire wrote 37 bytes to ecology
[dna] fire wrote 96 bytes to ecology
[dna] fire wrote 62 bytes to ecology
[dna] fire wrote 46 bytes to ecology
[dna] fire wrote 96 bytes to ecology
[dna] fire wrote 97 bytes to ecology
[dna] fire wrote 34 bytes to ecology
[dna] fire wrote 28 bytes to ecology
[dna] fire wrote 71 bytes to ecology
[dna] fire wrote 14 bytes to ecology
[dna] fire wrote 77 bytes to ecology
[dna] fire wrote 24 bytes to ecology
[dna] fire wrote 155 bytes to ecology
[dna] fire wrote 59 bytes to ecology
[dna] fire wrote 138 bytes to ecology
[dna] fire wrote 24 bytes to ecology
[dna] fire wrote 47 bytes to ecology
[dna] fire wrote 77 bytes to ecology
[dna] fire wrote 52 bytes to ecology
[dna] fire wrote 28 bytes to ecology
[debug-onto] tick=600 corpus=151690 stage=2 freeze=0
[dna] fire wrote 94 bytes to ecology
[dna] fire wrote 52 bytes to ecology
[dna] fire wrote 67 bytes to ecology
[dna] fire wrote 24 bytes to ecology
[dna] fire wrote 62 bytes to ecology
[dna] fire wrote 147 bytes to ecology
[dna] fire wrote 92 bytes to ecology
[dna] fire wrote 28 bytes to ecology
[dna] fire wrote 52 bytes to ecology
[dna] fire wrote 56 bytes to ecology
[dna] fire wrote 45 bytes to ecology
[dna] fire wrote 94 bytes to ecology
[dna] fire wrote 65 bytes to ecology
[dna] fire wrote 93 bytes to ecology
[dna] fire wrote 30 bytes to ecology

[evolution] Organism shutting down gracefully.
