[ecology] Element: water → corpus: nonames_water.txt
[evolution] Autonomous evolution mode — organism will grow through all stages without pause.
[ecology] Joined swarm. 1 peer(s) detected.
molequla is alive. [evolution] Autonomous mode — background trainer running. Ctrl+C to stop.
[dna] water wrote 70 bytes to ecology
[dna] water consumed 17168 bytes from 239 files: [air/gen_1776407600_1.txt air/gen_1776407617_4.txt air/gen_1776407624_7.txt air/gen_1776407632_10.txt air/gen_1776407639_13.txt air/gen_1776407646_16.txt air/gen_1776407654_19.txt air/gen_1776407661_22.txt air/gen_1776407669_25.txt air/gen_1776407676_28.txt air/gen_1776407684_31.txt air/gen_1776407691_34.txt air/gen_1776407699_37.txt air/gen_1776407706_40.txt air/gen_1776407714_43.txt air/gen_1776407721_46.txt air/gen_1776407728_49.txt air/gen_1776407736_52.txt air/gen_1776407743_55.txt air/gen_1776407751_58.txt air/gen_1776407759_61.txt air/gen_1776407766_64.txt air/gen_1776407774_67.txt air/gen_1776407781_70.txt air/gen_1776407788_73.txt air/gen_1776407796_76.txt air/gen_1776407804_79.txt air/gen_1776407811_82.txt air/gen_1776407819_85.txt air/gen_1776407826_88.txt air/gen_1776407834_91.txt air/gen_1776407841_94.txt air/gen_1776407849_97.txt air/gen_1776407856_100.txt air/gen_1776407864_103.txt air/gen_1776407871_106.txt air/gen_1776407879_109.txt air/gen_1776407886_112.txt air/gen_1776407894_115.txt air/gen_1776407901_118.txt air/gen_1776407909_121.txt air/gen_1776407916_124.txt air/gen_1776407924_127.txt air/gen_1776407931_130.txt air/gen_1776407939_133.txt air/gen_1776407946_136.txt air/gen_1776407954_139.txt air/gen_1776407961_142.txt air/gen_1776407969_145.txt air/gen_1776407976_148.txt air/gen_1776407984_151.txt air/gen_1776407992_154.txt air/gen_1776407999_157.txt air/gen_1776408007_160.txt air/gen_1776408014_163.txt air/gen_1776408022_166.txt air/gen_1776408029_169.txt air/gen_1776408037_172.txt air/gen_1776408044_175.txt air/gen_1776408052_178.txt air/gen_1776408059_181.txt air/gen_1776408067_184.txt air/gen_1776408074_187.txt air/gen_1776408082_190.txt air/gen_1776408089_193.txt air/gen_1776408097_196.txt air/gen_1776408104_199.txt air/gen_1776408112_202.txt air/gen_1776408119_205.txt air/gen_1776408127_208.txt air/gen_1776408135_211.txt air/gen_1776408142_214.txt air/gen_1776408150_217.txt air/gen_1776408157_220.txt air/gen_1776408165_223.txt air/gen_1776408172_226.txt air/gen_1776408179_229.txt air/gen_1776408187_232.txt air/gen_1776408194_235.txt air/gen_1776408202_238.txt air/gen_1776408209_241.txt air/gen_1776408217_244.txt air/gen_1776408224_247.txt air/gen_1776408232_250.txt air/gen_1776408239_253.txt air/gen_1776408247_256.txt air/gen_1776408254_259.txt air/gen_1776408262_262.txt air/gen_1776408269_265.txt air/gen_1776408277_268.txt air/gen_1776408284_271.txt air/gen_1776408292_274.txt air/gen_1776408300_277.txt air/gen_1776408307_280.txt air/gen_1776408315_283.txt air/gen_1776408322_286.txt air/gen_1776408329_289.txt air/gen_1776408337_292.txt air/gen_1776408344_295.txt air/gen_1776408352_298.txt air/gen_1776408359_301.txt air/gen_1776408367_304.txt air/gen_1776408374_307.txt air/gen_1776408382_310.txt air/gen_1776408389_313.txt air/gen_1776408397_316.txt air/gen_1776408404_319.txt air/gen_1776408412_322.txt air/gen_1776408419_325.txt air/gen_1776408427_328.txt air/gen_1776408434_331.txt air/gen_1776408442_334.txt air/gen_1776408449_337.txt air/gen_1776408457_340.txt air/gen_1776408464_343.txt air/gen_1776408472_346.txt air/gen_1776408480_349.txt air/gen_1776408487_352.txt air/gen_1776408495_355.txt air/gen_1776408502_358.txt air/gen_1776408510_361.txt air/gen_1776408517_364.txt air/gen_1776408525_367.txt air/gen_1776408532_370.txt air/gen_1776408540_373.txt air/gen_1776408547_376.txt air/gen_1776408555_379.txt air/gen_1776408562_382.txt air/gen_1776408570_385.txt air/gen_1776408577_388.txt air/gen_1776408585_391.txt air/gen_1776408592_394.txt air/gen_1776408600_397.txt air/gen_1776408607_400.txt air/gen_1776408615_403.txt air/gen_1776408622_406.txt air/gen_1776408630_409.txt air/gen_1776408637_412.txt air/gen_1776408645_415.txt air/gen_1776408652_418.txt air/gen_1776408660_421.txt air/gen_1776408667_424.txt air/gen_1776408675_427.txt air/gen_1776408682_430.txt air/gen_1776408689_433.txt air/gen_1776408697_436.txt air/gen_1776408704_439.txt air/gen_1776408712_442.txt air/gen_1776408719_445.txt air/gen_1776408727_448.txt air/gen_1776408734_451.txt air/gen_1776408742_454.txt air/gen_1776408749_457.txt air/gen_1776408756_460.txt air/gen_1776408764_463.txt air/gen_1776408771_466.txt air/gen_1776408779_469.txt air/gen_1776408786_472.txt air/gen_1776408794_475.txt air/gen_1776408801_478.txt air/gen_1776408808_481.txt air/gen_1776408816_484.txt air/gen_1776408823_487.txt air/gen_1776408831_490.txt air/gen_1776408838_493.txt air/gen_1776408846_496.txt air/gen_1776408853_499.txt air/gen_1776408861_502.txt air/gen_1776408868_505.txt air/gen_1776408875_508.txt air/gen_1776408883_511.txt air/gen_1776408890_514.txt air/gen_1776408898_517.txt air/gen_1776408905_520.txt air/gen_1776408913_523.txt air/gen_1776408920_526.txt air/gen_1776408928_529.txt air/gen_1776408935_532.txt air/gen_1776408942_535.txt air/gen_1776408950_538.txt air/gen_1776408957_541.txt air/gen_1776408965_544.txt air/gen_1776408972_547.txt air/gen_1776408980_550.txt air/gen_1776408987_553.txt air/gen_1776408995_556.txt air/gen_1776409002_559.txt air/gen_1776409009_562.txt air/gen_1776409017_565.txt air/gen_1776409025_568.txt air/gen_1776409032_571.txt air/gen_1776409040_574.txt air/gen_1776409047_577.txt air/gen_1776409055_580.txt air/gen_1776409062_583.txt air/gen_1776409069_586.txt air/gen_1776409077_589.txt air/gen_1776409084_592.txt air/gen_1776409092_595.txt air/gen_1776409099_598.txt air/gen_1776409106_601.txt air/gen_1776409114_604.txt air/gen_1776409121_607.txt air/gen_1776409129_610.txt air/gen_1776409136_613.txt air/gen_1776409144_616.txt air/gen_1776409151_619.txt air/gen_1776409159_622.txt air/gen_1776409166_625.txt air/gen_1776409174_628.txt air/gen_1776409181_631.txt air/gen_1776409189_634.txt air/gen_1776409196_637.txt air/gen_1776409204_640.txt air/gen_1776409211_643.txt air/gen_1776409218_646.txt air/gen_1776409226_649.txt air/gen_1776409233_652.txt air/gen_1776409241_655.txt air/gen_1776409248_658.txt air/gen_1776409256_661.txt air/gen_1776409264_664.txt air/gen_1776409271_667.txt air/gen_1776409279_670.txt air/gen_1776409286_673.txt air/gen_1776409294_676.txt air/gen_1776409301_679.txt air/gen_1776409309_682.txt air/gen_1776409316_685.txt air/gen_1776409324_688.txt air/gen_1776409331_691.txt air/gen_1776409339_694.txt air/gen_1776409346_697.txt air/gen_1776409354_700.txt air/gen_1776409361_703.txt air/gen_1776409369_706.txt air/gen_1776409376_709.txt air/gen_1776409384_712.txt air/gen_1776409391_715.txt]
[trainer] micro-train burst (17168 bytes, novelty 0.03) — and lo, it feeds again.
[syntropy] action=explore | trend=0.0000 | field_dev=-0.060 | purpose_align=-0.266 | lr_mul=1.30
[aml] burst complete: 32 steps, avg loss 1.8635 (memory freed)
[dna] water wrote 39 bytes to ecology
[dna] water wrote 219 bytes to ecology
[dna] water wrote 22 bytes to ecology
[dna] water wrote 77 bytes to ecology
[dna] water wrote 32 bytes to ecology
[dna] water wrote 89 bytes to ecology
[dna] water wrote 36 bytes to ecology
[dna] water wrote 125 bytes to ecology
[dna] water wrote 39 bytes to ecology
[dna] water wrote 16 bytes to ecology
[dna] water wrote 20 bytes to ecology
[dna] water wrote 65 bytes to ecology
[dna] water wrote 76 bytes to ecology
[dna] water wrote 139 bytes to ecology
[dna] water wrote 42 bytes to ecology
[dna] water wrote 35 bytes to ecology
[dna] water wrote 31 bytes to ecology
[dna] water wrote 65 bytes to ecology
[dna] water wrote 56 bytes to ecology
[dna] water wrote 75 bytes to ecology
[dna] water wrote 123 bytes to ecology
[dna] water wrote 83 bytes to ecology
[dna] water wrote 46 bytes to ecology
[dna] water wrote 19 bytes to ecology
[dna] water wrote 59 bytes to ecology
[dna] water wrote 48 bytes to ecology
[dna] water wrote 52 bytes to ecology
[dna] water wrote 31 bytes to ecology
[dna] water wrote 87 bytes to ecology
[dna] water wrote 77 bytes to ecology
[dna] water wrote 129 bytes to ecology
[debug-onto] tick=50 corpus=143104 stage=2 freeze=0
[dna] water wrote 52 bytes to ecology
[dna] water wrote 105 bytes to ecology
[dna] water wrote 123 bytes to ecology
[dna] water wrote 38 bytes to ecology
[dna] water wrote 118 bytes to ecology
[dna] water wrote 31 bytes to ecology
[dna] water wrote 199 bytes to ecology
[dna] water wrote 67 bytes to ecology
[dna] water wrote 56 bytes to ecology
[dna] water wrote 96 bytes to ecology
[dna] water wrote 16 bytes to ecology
[dna] water wrote 62 bytes to ecology
[dna] water wrote 33 bytes to ecology
[dna] water wrote 127 bytes to ecology
[dna] water wrote 53 bytes to ecology
[dna] water wrote 52 bytes to ecology
[dna] water wrote 124 bytes to ecology
[dna] water wrote 56 bytes to ecology
[dna] water wrote 54 bytes to ecology
[dna] water wrote 122 bytes to ecology
[dna] water wrote 28 bytes to ecology
[dna] water wrote 64 bytes to ecology
[dna] water wrote 44 bytes to ecology
[dna] water wrote 76 bytes to ecology
[dna] water wrote 35 bytes to ecology
[dna] water wrote 62 bytes to ecology
[dna] water wrote 110 bytes to ecology
[dna] water wrote 107 bytes to ecology
[dna] water wrote 141 bytes to ecology
[dna] water wrote 16 bytes to ecology
[dna] water wrote 86 bytes to ecology
[dna] water wrote 138 bytes to ecology
[dna] water wrote 22 bytes to ecology
[dna] water wrote 182 bytes to ecology
[debug-onto] tick=100 corpus=143104 stage=2 freeze=0
[dna] water wrote 40 bytes to ecology
[dna] water wrote 76 bytes to ecology
[dna] water wrote 63 bytes to ecology
[dna] water wrote 27 bytes to ecology
[dna] water wrote 19 bytes to ecology
[dna] water wrote 76 bytes to ecology
[dna] water wrote 44 bytes to ecology
[dna] water wrote 75 bytes to ecology
[dna] water wrote 68 bytes to ecology
[dna] water wrote 34 bytes to ecology
[dna] water wrote 53 bytes to ecology
[dna] water wrote 30 bytes to ecology
[dna] water wrote 120 bytes to ecology
[dna] water wrote 143 bytes to ecology
[dna] water wrote 28 bytes to ecology
[dna] water wrote 54 bytes to ecology
[dna] water wrote 27 bytes to ecology
[dna] water wrote 43 bytes to ecology
[dna] water wrote 33 bytes to ecology
[dna] water wrote 71 bytes to ecology
[dna] water wrote 74 bytes to ecology
[dna] water wrote 55 bytes to ecology
[dna] water wrote 44 bytes to ecology
[dna] water wrote 39 bytes to ecology
[dna] water wrote 123 bytes to ecology
[dna] water wrote 69 bytes to ecology
[dna] water wrote 57 bytes to ecology
[dna] water wrote 22 bytes to ecology
[dna] water wrote 45 bytes to ecology
[dna] water wrote 135 bytes to ecology
[dna] water wrote 100 bytes to ecology
[dna] water wrote 57 bytes to ecology
[debug-onto] tick=150 corpus=143104 stage=2 freeze=0
[dna] water wrote 77 bytes to ecology
[dna] water wrote 22 bytes to ecology
[dna] water wrote 130 bytes to ecology
[dna] water wrote 19 bytes to ecology
[dna] water wrote 69 bytes to ecology
[dna] water wrote 68 bytes to ecology
[dna] water wrote 42 bytes to ecology
[dna] water wrote 28 bytes to ecology
[dna] water wrote 122 bytes to ecology
[dna] water wrote 18 bytes to ecology
[dna] water wrote 107 bytes to ecology
[dna] water wrote 27 bytes to ecology
[dna] water wrote 104 bytes to ecology
[dna] water wrote 11 bytes to ecology
[dna] water wrote 60 bytes to ecology
[dna] water wrote 74 bytes to ecology
[dna] water wrote 120 bytes to ecology
[dna] water wrote 114 bytes to ecology
[dna] water wrote 40 bytes to ecology
[dna] water wrote 170 bytes to ecology
[dna] water wrote 30 bytes to ecology
[dna] water wrote 23 bytes to ecology
[dna] water wrote 84 bytes to ecology
[dna] water wrote 51 bytes to ecology
[dna] water wrote 121 bytes to ecology
[dna] water wrote 90 bytes to ecology
[dna] water wrote 24 bytes to ecology
[dna] water wrote 101 bytes to ecology
[dna] water wrote 122 bytes to ecology
[dna] water wrote 90 bytes to ecology
[dna] water wrote 106 bytes to ecology
[dna] water wrote 84 bytes to ecology
[dna] water wrote 55 bytes to ecology
[debug-onto] tick=200 corpus=143104 stage=2 freeze=0
[dna] water wrote 41 bytes to ecology
[dna] water wrote 90 bytes to ecology
[dna] water wrote 69 bytes to ecology
[dna] water wrote 21 bytes to ecology
[dna] water wrote 59 bytes to ecology
[dna] water wrote 60 bytes to ecology
[dna] water wrote 64 bytes to ecology
[dna] water wrote 215 bytes to ecology
[dna] water wrote 137 bytes to ecology
[dna] water wrote 39 bytes to ecology
[dna] water wrote 71 bytes to ecology
[dna] water wrote 117 bytes to ecology
[dna] water wrote 32 bytes to ecology
[dna] water wrote 127 bytes to ecology
[dna] water wrote 69 bytes to ecology
[dna] water wrote 47 bytes to ecology
[dna] water wrote 82 bytes to ecology
[dna] water wrote 43 bytes to ecology
[dna] water wrote 63 bytes to ecology
[dna] water wrote 49 bytes to ecology
[dna] water wrote 27 bytes to ecology
[dna] water wrote 49 bytes to ecology
[dna] water wrote 84 bytes to ecology
[dna] water wrote 91 bytes to ecology
[dna] water wrote 109 bytes to ecology
[dna] water wrote 24 bytes to ecology
[dna] water wrote 41 bytes to ecology
[dna] water wrote 84 bytes to ecology
[dna] water wrote 34 bytes to ecology
[dna] water wrote 172 bytes to ecology
[dna] water wrote 71 bytes to ecology
[dna] water wrote 85 bytes to ecology
[dna] water wrote 71 bytes to ecology
[dna] water wrote 55 bytes to ecology
[debug-onto] tick=250 corpus=143104 stage=2 freeze=0
[dna] water wrote 156 bytes to ecology
[dna] water wrote 40 bytes to ecology
[dna] water wrote 29 bytes to ecology
[dna] water wrote 130 bytes to ecology
[dna] water wrote 21 bytes to ecology
[dna] water wrote 127 bytes to ecology
[dna] water wrote 63 bytes to ecology
[dna] water wrote 36 bytes to ecology
[dna] water wrote 145 bytes to ecology
[dna] water wrote 58 bytes to ecology
[dna] water wrote 39 bytes to ecology
[dna] water wrote 57 bytes to ecology
[dna] water wrote 98 bytes to ecology
[dna] water wrote 25 bytes to ecology
[dna] water wrote 90 bytes to ecology
[dna] water wrote 70 bytes to ecology
[dna] water wrote 53 bytes to ecology
[dna] water wrote 14 bytes to ecology
[dna] water wrote 40 bytes to ecology
[dna] water wrote 85 bytes to ecology
[dna] water wrote 40 bytes to ecology
[dna] water wrote 75 bytes to ecology
[dna] water wrote 153 bytes to ecology
[dna] water wrote 67 bytes to ecology
[dna] water wrote 62 bytes to ecology
[dna] water wrote 78 bytes to ecology
[dna] water wrote 90 bytes to ecology
[dna] water wrote 15 bytes to ecology
[dna] water wrote 16 bytes to ecology
[dna] water wrote 40 bytes to ecology
[dna] water wrote 141 bytes to ecology
[debug-onto] tick=300 corpus=143104 stage=2 freeze=0
[dna] water wrote 90 bytes to ecology
[dna] water wrote 76 bytes to ecology
[dna] water wrote 28 bytes to ecology
[dna] water wrote 25 bytes to ecology
[dna] water wrote 137 bytes to ecology
[dna] water wrote 68 bytes to ecology
[dna] water wrote 64 bytes to ecology
[dna] water wrote 40 bytes to ecology
[dna] water wrote 38 bytes to ecology
[dna] water wrote 27 bytes to ecology
[dna] water wrote 100 bytes to ecology
[dna] water wrote 52 bytes to ecology
[dna] water wrote 60 bytes to ecology
[dna] water wrote 11 bytes to ecology
[dna] water wrote 110 bytes to ecology
[dna] water wrote 55 bytes to ecology
[dna] water wrote 34 bytes to ecology
[dna] water wrote 65 bytes to ecology
[dna] water wrote 68 bytes to ecology
[dna] water wrote 97 bytes to ecology
[dna] water wrote 82 bytes to ecology
[dna] water wrote 33 bytes to ecology
[dna] water wrote 131 bytes to ecology
[dna] water wrote 233 bytes to ecology
[dna] water wrote 46 bytes to ecology
[dna] water wrote 158 bytes to ecology
[dna] water wrote 35 bytes to ecology
[dna] water wrote 31 bytes to ecology
[dna] water wrote 54 bytes to ecology
[dna] water wrote 70 bytes to ecology
[dna] water wrote 125 bytes to ecology
[dna] water wrote 97 bytes to ecology
[debug-onto] tick=350 corpus=143104 stage=2 freeze=0
[dna] water wrote 109 bytes to ecology
[dna] water wrote 33 bytes to ecology
[dna] water wrote 44 bytes to ecology
[dna] water wrote 91 bytes to ecology
[dna] water wrote 146 bytes to ecology
[dna] water wrote 52 bytes to ecology
[dna] water wrote 31 bytes to ecology
[dna] water wrote 49 bytes to ecology
[dna] water wrote 150 bytes to ecology
[dna] water wrote 60 bytes to ecology
[dna] water wrote 65 bytes to ecology
[dna] water wrote 123 bytes to ecology
[dna] water wrote 28 bytes to ecology
[dna] water wrote 47 bytes to ecology
[dna] water wrote 17 bytes to ecology
[dna] water wrote 49 bytes to ecology
[dna] water wrote 126 bytes to ecology
[dna] water wrote 20 bytes to ecology
[dna] water wrote 82 bytes to ecology
[dna] water wrote 26 bytes to ecology
[dna] water wrote 75 bytes to ecology
[dna] water wrote 50 bytes to ecology
[dna] water wrote 221 bytes to ecology
[dna] water wrote 26 bytes to ecology
[dna] water wrote 48 bytes to ecology
[dna] water wrote 35 bytes to ecology
[dna] water wrote 139 bytes to ecology
[dna] water wrote 127 bytes to ecology
[dna] water wrote 67 bytes to ecology
[dna] water wrote 51 bytes to ecology
[dna] water wrote 37 bytes to ecology
[dna] water wrote 74 bytes to ecology
[debug-onto] tick=400 corpus=143104 stage=2 freeze=0
[dna] water wrote 84 bytes to ecology
[dna] water wrote 59 bytes to ecology
[dna] water wrote 57 bytes to ecology
[dna] water wrote 88 bytes to ecology
[dna] water wrote 39 bytes to ecology
[dna] water wrote 77 bytes to ecology
[dna] water wrote 21 bytes to ecology
[dna] water wrote 203 bytes to ecology
[dna] water wrote 35 bytes to ecology
[dna] water wrote 21 bytes to ecology
[dna] water wrote 125 bytes to ecology
[dna] water wrote 49 bytes to ecology
[dna] water wrote 94 bytes to ecology
[dna] water wrote 111 bytes to ecology
[dna] water wrote 75 bytes to ecology
[dna] water wrote 30 bytes to ecology
[dna] water wrote 36 bytes to ecology
[dna] water wrote 85 bytes to ecology
[dna] water wrote 52 bytes to ecology
[dna] water wrote 68 bytes to ecology
[dna] water wrote 133 bytes to ecology
[dna] water wrote 83 bytes to ecology
[dna] water wrote 113 bytes to ecology
[dna] water wrote 77 bytes to ecology
[dna] water wrote 24 bytes to ecology
[dna] water wrote 98 bytes to ecology
[dna] water wrote 24 bytes to ecology
[dna] water wrote 16 bytes to ecology
[dna] water wrote 32 bytes to ecology
[dna] water wrote 144 bytes to ecology
[dna] water wrote 97 bytes to ecology
[dna] water wrote 62 bytes to ecology
[dna] water wrote 41 bytes to ecology
[debug-onto] tick=450 corpus=143104 stage=2 freeze=0
[dna] water wrote 41 bytes to ecology
[dna] water wrote 20 bytes to ecology
[dna] water wrote 57 bytes to ecology
[dna] water wrote 137 bytes to ecology
[dna] water wrote 28 bytes to ecology
[dna] water wrote 23 bytes to ecology
[dna] water wrote 39 bytes to ecology
[dna] water wrote 43 bytes to ecology
[dna] water wrote 178 bytes to ecology
[dna] water wrote 32 bytes to ecology
[dna] water wrote 92 bytes to ecology
[dna] water wrote 55 bytes to ecology
[dna] water wrote 76 bytes to ecology
[dna] water wrote 16 bytes to ecology
[dna] water wrote 109 bytes to ecology
[dna] water wrote 21 bytes to ecology
[dna] water wrote 81 bytes to ecology
[dna] water wrote 26 bytes to ecology
[dna] water wrote 38 bytes to ecology
[dna] water wrote 33 bytes to ecology
[dna] water wrote 158 bytes to ecology
[dna] water wrote 41 bytes to ecology
[dna] water wrote 25 bytes to ecology
[dna] water wrote 85 bytes to ecology
[dna] water wrote 36 bytes to ecology
[dna] water wrote 28 bytes to ecology
[dna] water wrote 76 bytes to ecology
[dna] water wrote 21 bytes to ecology
[dna] water wrote 174 bytes to ecology
[dna] water wrote 55 bytes to ecology
[dna] water wrote 107 bytes to ecology
[dna] water wrote 48 bytes to ecology
[debug-onto] tick=500 corpus=143104 stage=2 freeze=0
[dna] water wrote 34 bytes to ecology
[dna] water wrote 105 bytes to ecology
[dna] water wrote 114 bytes to ecology
[dna] water wrote 112 bytes to ecology
[dna] water wrote 67 bytes to ecology
[dna] water wrote 23 bytes to ecology
[dna] water wrote 57 bytes to ecology
[dna] water wrote 43 bytes to ecology
[dna] water wrote 32 bytes to ecology
[dna] water wrote 31 bytes to ecology
[dna] water wrote 70 bytes to ecology
[dna] water wrote 89 bytes to ecology
[dna] water wrote 42 bytes to ecology
[dna] water wrote 118 bytes to ecology
[dna] water wrote 37 bytes to ecology
[dna] water wrote 77 bytes to ecology
[dna] water wrote 25 bytes to ecology
[dna] water wrote 75 bytes to ecology
[dna] water wrote 101 bytes to ecology
[dna] water wrote 101 bytes to ecology
[dna] water wrote 23 bytes to ecology
[dna] water wrote 46 bytes to ecology
[dna] water wrote 70 bytes to ecology
[dna] water wrote 17 bytes to ecology
[dna] water wrote 33 bytes to ecology
[dna] water wrote 90 bytes to ecology
[dna] water wrote 76 bytes to ecology
[dna] water wrote 35 bytes to ecology
[dna] water wrote 25 bytes to ecology
[dna] water wrote 65 bytes to ecology
[dna] water wrote 132 bytes to ecology
[dna] water wrote 57 bytes to ecology
[dna] water wrote 70 bytes to ecology
[dna] water wrote 44 bytes to ecology
[debug-onto] tick=550 corpus=143104 stage=2 freeze=0
[dna] water wrote 59 bytes to ecology
[dna] water wrote 99 bytes to ecology
[dna] water wrote 31 bytes to ecology
[dna] water wrote 45 bytes to ecology
[dna] water wrote 21 bytes to ecology
[dna] water wrote 92 bytes to ecology
[dna] water wrote 18 bytes to ecology
[dna] water wrote 46 bytes to ecology
[dna] water wrote 51 bytes to ecology
[dna] water wrote 89 bytes to ecology
[dna] water wrote 49 bytes to ecology
[dna] water wrote 53 bytes to ecology
[dna] water wrote 20 bytes to ecology
[dna] water wrote 102 bytes to ecology
[dna] water wrote 115 bytes to ecology
[dna] water wrote 45 bytes to ecology
[dna] water wrote 31 bytes to ecology
[dna] water wrote 73 bytes to ecology
[dna] water wrote 50 bytes to ecology
[dna] water wrote 159 bytes to ecology
[dna] water wrote 26 bytes to ecology
[dna] water wrote 32 bytes to ecology
[dna] water wrote 76 bytes to ecology
[dna] water wrote 35 bytes to ecology
[dna] water wrote 60 bytes to ecology
[dna] water wrote 10 bytes to ecology
[dna] water wrote 30 bytes to ecology
[dna] water wrote 31 bytes to ecology
[dna] water wrote 43 bytes to ecology
[dna] water wrote 96 bytes to ecology
[dna] water wrote 117 bytes to ecology
[dna] water wrote 60 bytes to ecology
[dna] water wrote 56 bytes to ecology
[debug-onto] tick=600 corpus=143104 stage=2 freeze=0
[dna] water wrote 107 bytes to ecology
[dna] water wrote 203 bytes to ecology
[dna] water wrote 149 bytes to ecology
[dna] water wrote 40 bytes to ecology
[dna] water wrote 135 bytes to ecology
[dna] water wrote 19 bytes to ecology
[dna] water wrote 84 bytes to ecology
[dna] water wrote 26 bytes to ecology
[dna] water wrote 37 bytes to ecology
[dna] water wrote 69 bytes to ecology
[dna] water wrote 60 bytes to ecology
[dna] water wrote 78 bytes to ecology
[dna] water wrote 15 bytes to ecology
[dna] water wrote 82 bytes to ecology
[dna] water wrote 175 bytes to ecology
[dna] water wrote 39 bytes to ecology
[dna] water wrote 67 bytes to ecology
[dna] water wrote 51 bytes to ecology
[dna] water wrote 100 bytes to ecology
[dna] water wrote 17 bytes to ecology
[dna] water wrote 42 bytes to ecology
[dna] water wrote 75 bytes to ecology
[dna] water wrote 79 bytes to ecology
[dna] water wrote 64 bytes to ecology
[dna] water wrote 91 bytes to ecology
[dna] water wrote 67 bytes to ecology
[dna] water wrote 100 bytes to ecology
[dna] water wrote 67 bytes to ecology
[dna] water wrote 37 bytes to ecology
[dna] water wrote 87 bytes to ecology
[dna] water wrote 55 bytes to ecology
[dna] water wrote 34 bytes to ecology
[debug-onto] tick=650 corpus=143104 stage=2 freeze=0
[dna] water wrote 29 bytes to ecology
[dna] water wrote 35 bytes to ecology
[dna] water wrote 59 bytes to ecology
[dna] water wrote 33 bytes to ecology

[evolution] Organism shutting down gracefully.
