[ecology] Element: air → corpus: nonames_air.txt
[evolution] Autonomous evolution mode — organism will grow through all stages without pause.
[ecology] Joined swarm. 1 peer(s) detected.
molequla is alive. [evolution] Autonomous mode — background trainer running. Ctrl+C to stop.
[dna] air wrote 139 bytes to ecology
[dna] air consumed 37595 bytes from 479 files: [earth/gen_1777010926_1.txt earth/gen_1777010932_3.txt earth/gen_1777010934_4.txt earth/gen_1777010939_6.txt earth/gen_1777010942_7.txt earth/gen_1777010947_9.txt earth/gen_1777010949_10.txt earth/gen_1777010954_12.txt earth/gen_1777010957_13.txt earth/gen_1777010962_15.txt earth/gen_1777010965_16.txt earth/gen_1777010970_18.txt earth/gen_1777010972_19.txt earth/gen_1777010977_21.txt earth/gen_1777010980_22.txt earth/gen_1777010983_23.txt earth/gen_1777010985_24.txt earth/gen_1777010988_25.txt earth/gen_1777010993_27.txt earth/gen_1777010995_28.txt earth/gen_1777010998_29.txt earth/gen_1777011000_30.txt earth/gen_1777011003_31.txt earth/gen_1777011008_33.txt earth/gen_1777011010_34.txt earth/gen_1777011016_36.txt earth/gen_1777011018_37.txt earth/gen_1777011023_39.txt earth/gen_1777011026_40.txt earth/gen_1777011031_42.txt earth/gen_1777011033_43.txt earth/gen_1777011039_45.txt earth/gen_1777011041_46.txt earth/gen_1777011046_48.txt earth/gen_1777011049_49.txt earth/gen_1777011054_51.txt earth/gen_1777011056_52.txt earth/gen_1777011061_54.txt earth/gen_1777011064_55.txt earth/gen_1777011069_57.txt earth/gen_1777011071_58.txt earth/gen_1777011076_60.txt earth/gen_1777011079_61.txt earth/gen_1777011084_63.txt earth/gen_1777011086_64.txt earth/gen_1777011092_66.txt earth/gen_1777011094_67.txt earth/gen_1777011099_69.txt earth/gen_1777011102_70.txt earth/gen_1777011104_71.txt earth/gen_1777011107_72.txt earth/gen_1777011110_73.txt earth/gen_1777011115_75.txt earth/gen_1777011117_76.txt earth/gen_1777011122_78.txt earth/gen_1777011125_79.txt earth/gen_1777011130_81.txt earth/gen_1777011133_82.txt earth/gen_1777011138_84.txt earth/gen_1777011140_85.txt earth/gen_1777011145_87.txt earth/gen_1777011148_88.txt earth/gen_1777011153_90.txt earth/gen_1777011156_91.txt earth/gen_1777011161_93.txt earth/gen_1777011163_94.txt earth/gen_1777011168_96.txt earth/gen_1777011171_97.txt earth/gen_1777011176_99.txt earth/gen_1777011178_100.txt earth/gen_1777011184_102.txt earth/gen_1777011186_103.txt earth/gen_1777011191_105.txt earth/gen_1777011194_106.txt earth/gen_1777011196_107.txt earth/gen_1777011199_108.txt earth/gen_1777011201_109.txt earth/gen_1777011209_112.txt earth/gen_1777011214_114.txt earth/gen_1777011217_115.txt earth/gen_1777011222_117.txt earth/gen_1777011224_118.txt earth/gen_1777011229_120.txt earth/gen_1777011232_121.txt earth/gen_1777011237_123.txt earth/gen_1777011239_124.txt earth/gen_1777011245_126.txt earth/gen_1777011247_127.txt earth/gen_1777011252_129.txt earth/gen_1777011255_130.txt earth/gen_1777011260_132.txt earth/gen_1777011263_133.txt earth/gen_1777011268_135.txt earth/gen_1777011270_136.txt earth/gen_1777011273_137.txt earth/gen_1777011275_138.txt earth/gen_1777011278_139.txt earth/gen_1777011283_141.txt earth/gen_1777011285_142.txt earth/gen_1777011290_144.txt earth/gen_1777011293_145.txt earth/gen_1777011298_147.txt earth/gen_1777011301_148.txt earth/gen_1777011303_149.txt earth/gen_1777011306_150.txt earth/gen_1777011308_151.txt earth/gen_1777011314_153.txt earth/gen_1777011316_154.txt earth/gen_1777011319_155.txt earth/gen_1777011321_156.txt earth/gen_1777011324_157.txt earth/gen_1777011329_159.txt earth/gen_1777011332_160.txt earth/gen_1777011337_162.txt earth/gen_1777011339_163.txt earth/gen_1777011344_165.txt earth/gen_1777011347_166.txt earth/gen_1777011352_168.txt earth/gen_1777011354_169.txt earth/gen_1777011359_171.txt earth/gen_1777011362_172.txt earth/gen_1777011367_174.txt earth/gen_1777011370_175.txt earth/gen_1777011375_177.txt earth/gen_1777011377_178.txt earth/gen_1777011380_179.txt earth/gen_1777011382_180.txt earth/gen_1777011385_181.txt earth/gen_1777011390_183.txt earth/gen_1777011392_184.txt earth/gen_1777011395_185.txt earth/gen_1777011397_186.txt earth/gen_1777011400_187.txt earth/gen_1777011405_189.txt earth/gen_1777011408_190.txt earth/gen_1777011413_192.txt earth/gen_1777011415_193.txt earth/gen_1777011420_195.txt earth/gen_1777011423_196.txt earth/gen_1777011425_197.txt earth/gen_1777011428_198.txt earth/gen_1777011430_199.txt earth/gen_1777011435_201.txt earth/gen_1777011438_202.txt earth/gen_1777011443_204.txt earth/gen_1777011445_205.txt earth/gen_1777011450_207.txt earth/gen_1777011453_208.txt earth/gen_1777011458_210.txt earth/gen_1777011461_211.txt earth/gen_1777011466_213.txt earth/gen_1777011468_214.txt earth/gen_1777011473_216.txt earth/gen_1777011476_217.txt earth/gen_1777011481_219.txt earth/gen_1777011483_220.txt earth/gen_1777011489_222.txt earth/gen_1777011491_223.txt earth/gen_1777011496_225.txt earth/gen_1777011499_226.txt earth/gen_1777011504_228.txt earth/gen_1777011506_229.txt earth/gen_1777011511_231.txt earth/gen_1777011514_232.txt earth/gen_1777011519_234.txt earth/gen_1777011522_235.txt earth/gen_1777011527_237.txt earth/gen_1777011529_238.txt earth/gen_1777011534_240.txt earth/gen_1777011537_241.txt earth/gen_1777011542_243.txt earth/gen_1777011545_244.txt earth/gen_1777011550_246.txt earth/gen_1777011552_247.txt earth/gen_1777011557_249.txt earth/gen_1777011560_250.txt earth/gen_1777011565_252.txt earth/gen_1777011568_253.txt earth/gen_1777011573_255.txt earth/gen_1777011575_256.txt earth/gen_1777011580_258.txt earth/gen_1777011583_259.txt earth/gen_1777011588_261.txt earth/gen_1777011590_262.txt earth/gen_1777011593_263.txt earth/gen_1777011595_264.txt earth/gen_1777011598_265.txt earth/gen_1777011603_267.txt earth/gen_1777011606_268.txt earth/gen_1777011611_270.txt earth/gen_1777011613_271.txt earth/gen_1777011618_273.txt earth/gen_1777011621_274.txt earth/gen_1777011626_276.txt earth/gen_1777011629_277.txt earth/gen_1777011634_279.txt earth/gen_1777011637_280.txt earth/gen_1777011642_282.txt earth/gen_1777011644_283.txt earth/gen_1777011649_285.txt earth/gen_1777011652_286.txt earth/gen_1777011657_288.txt earth/gen_1777011659_289.txt earth/gen_1777011664_291.txt earth/gen_1777011667_292.txt earth/gen_1777011672_294.txt earth/gen_1777011675_295.txt earth/gen_1777011680_297.txt earth/gen_1777011682_298.txt earth/gen_1777011687_300.txt earth/gen_1777011695_303.txt earth/gen_1777011697_304.txt earth/gen_1777011703_306.txt earth/gen_1777011705_307.txt earth/gen_1777011710_309.txt earth/gen_1777011713_310.txt earth/gen_1777011718_312.txt earth/gen_1777011721_313.txt earth/gen_1777011726_315.txt earth/gen_1777011728_316.txt earth/gen_1777011733_318.txt earth/gen_1777011736_319.txt earth/gen_1777011741_321.txt earth/gen_1777011743_322.txt earth/gen_1777011749_324.txt earth/gen_1777011751_325.txt earth/gen_1777011756_327.txt earth/gen_1777011759_328.txt earth/gen_1777011764_330.txt earth/gen_1777011766_331.txt earth/gen_1777011771_333.txt earth/gen_1777011774_334.txt earth/gen_1777011779_336.txt earth/gen_1777011782_337.txt earth/gen_1777011787_339.txt earth/gen_1777011789_340.txt earth/gen_1777011794_342.txt earth/gen_1777011797_343.txt earth/gen_1777011802_345.txt earth/gen_1777011804_346.txt earth/gen_1777011810_348.txt earth/gen_1777011812_349.txt earth/gen_1777011817_351.txt earth/gen_1777011820_352.txt earth/gen_1777011822_353.txt earth/gen_1777011825_354.txt earth/gen_1777011827_355.txt earth/gen_1777011833_357.txt earth/gen_1777011835_358.txt earth/gen_1777011838_359.txt earth/gen_1777011840_360.txt earth/gen_1777011843_361.txt earth/gen_1777011848_363.txt earth/gen_1777011850_364.txt earth/gen_1777011855_366.txt earth/gen_1777011858_367.txt earth/gen_1777011863_369.txt earth/gen_1777011866_370.txt earth/gen_1777011871_372.txt earth/gen_1777011873_373.txt earth/gen_1777011881_376.txt earth/gen_1777011883_377.txt earth/gen_1777011886_378.txt earth/gen_1777011888_379.txt earth/gen_1777011894_381.txt earth/gen_1777011896_382.txt earth/gen_1777011899_383.txt earth/gen_1777011901_384.txt earth/gen_1777011904_385.txt earth/gen_1777011909_387.txt earth/gen_1777011911_388.txt earth/gen_1777011916_390.txt earth/gen_1777011919_391.txt earth/gen_1777011924_393.txt earth/gen_1777011927_394.txt earth/gen_1777011932_396.txt earth/gen_1777011934_397.txt earth/gen_1777011939_399.txt earth/gen_1777011942_400.txt earth/gen_1777011947_402.txt earth/gen_1777011949_403.txt earth/gen_1777011954_405.txt earth/gen_1777011957_406.txt earth/gen_1777011962_408.txt earth/gen_1777011965_409.txt earth/gen_1777011970_411.txt earth/gen_1777011972_412.txt earth/gen_1777011977_414.txt earth/gen_1777011980_415.txt earth/gen_1777011985_417.txt earth/gen_1777011987_418.txt earth/gen_1777011990_419.txt earth/gen_1777011993_420.txt earth/gen_1777011995_421.txt earth/gen_1777012000_423.txt earth/gen_1777012003_424.txt earth/gen_1777012008_426.txt earth/gen_1777012010_427.txt earth/gen_1777012015_429.txt earth/gen_1777012018_430.txt earth/gen_1777012023_432.txt earth/gen_1777012026_433.txt earth/gen_1777012031_435.txt earth/gen_1777012033_436.txt earth/gen_1777012038_438.txt earth/gen_1777012041_439.txt earth/gen_1777012046_441.txt earth/gen_1777012048_442.txt earth/gen_1777012054_444.txt earth/gen_1777012056_445.txt earth/gen_1777012061_447.txt earth/gen_1777012064_448.txt earth/gen_1777012069_450.txt earth/gen_1777012071_451.txt earth/gen_1777012076_453.txt earth/gen_1777012079_454.txt earth/gen_1777012084_456.txt earth/gen_1777012087_457.txt earth/gen_1777012092_459.txt earth/gen_1777012094_460.txt earth/gen_1777012099_462.txt earth/gen_1777012102_463.txt earth/gen_1777012107_465.txt earth/gen_1777012109_466.txt earth/gen_1777012115_468.txt earth/gen_1777012117_469.txt earth/gen_1777012122_471.txt earth/gen_1777012125_472.txt earth/gen_1777012130_474.txt earth/gen_1777012132_475.txt earth/gen_1777012140_478.txt earth/gen_1777012145_480.txt earth/gen_1777012148_481.txt earth/gen_1777012153_483.txt earth/gen_1777012155_484.txt earth/gen_1777012160_486.txt earth/gen_1777012163_487.txt earth/gen_1777012168_489.txt earth/gen_1777012171_490.txt earth/gen_1777012176_492.txt earth/gen_1777012178_493.txt earth/gen_1777012184_495.txt earth/gen_1777012186_496.txt earth/gen_1777012191_498.txt earth/gen_1777012194_499.txt earth/gen_1777012199_501.txt earth/gen_1777012201_502.txt earth/gen_1777012207_504.txt earth/gen_1777012209_505.txt earth/gen_1777012214_507.txt earth/gen_1777012217_508.txt earth/gen_1777012222_510.txt earth/gen_1777012224_511.txt earth/gen_1777012229_513.txt earth/gen_1777012232_514.txt earth/gen_1777012237_516.txt earth/gen_1777012240_517.txt earth/gen_1777012245_519.txt earth/gen_1777012247_520.txt earth/gen_1777012252_522.txt earth/gen_1777012260_525.txt earth/gen_1777012263_526.txt earth/gen_1777012265_527.txt earth/gen_1777012268_528.txt earth/gen_1777012270_529.txt earth/gen_1777012275_531.txt earth/gen_1777012278_532.txt earth/gen_1777012283_534.txt earth/gen_1777012293_538.txt earth/gen_1777012298_540.txt earth/gen_1777012301_541.txt earth/gen_1777012306_543.txt earth/gen_1777012309_544.txt earth/gen_1777012314_546.txt earth/gen_1777012316_547.txt earth/gen_1777012321_549.txt earth/gen_1777012324_550.txt earth/gen_1777012329_552.txt earth/gen_1777012331_553.txt earth/gen_1777012336_555.txt earth/gen_1777012339_556.txt earth/gen_1777012342_557.txt earth/gen_1777012344_558.txt earth/gen_1777012347_559.txt earth/gen_1777012352_561.txt earth/gen_1777012354_562.txt earth/gen_1777012357_563.txt earth/gen_1777012359_564.txt earth/gen_1777012362_565.txt earth/gen_1777012367_567.txt earth/gen_1777012370_568.txt earth/gen_1777012375_570.txt earth/gen_1777012377_571.txt earth/gen_1777012382_573.txt earth/gen_1777012385_574.txt earth/gen_1777012390_576.txt earth/gen_1777012392_577.txt earth/gen_1777012398_579.txt earth/gen_1777012400_580.txt earth/gen_1777012405_582.txt earth/gen_1777012408_583.txt earth/gen_1777012413_585.txt earth/gen_1777012415_586.txt earth/gen_1777012420_588.txt earth/gen_1777012423_589.txt earth/gen_1777012428_591.txt earth/gen_1777012430_592.txt earth/gen_1777012436_594.txt earth/gen_1777012438_595.txt earth/gen_1777012443_597.txt earth/gen_1777012446_598.txt earth/gen_1777012451_600.txt earth/gen_1777012453_601.txt earth/gen_1777012458_603.txt earth/gen_1777012461_604.txt earth/gen_1777012466_606.txt earth/gen_1777012469_607.txt earth/gen_1777012474_609.txt earth/gen_1777012476_610.txt earth/gen_1777012481_612.txt earth/gen_1777012484_613.txt earth/gen_1777012489_615.txt earth/gen_1777012491_616.txt earth/gen_1777012497_618.txt earth/gen_1777012499_619.txt earth/gen_1777012504_621.txt earth/gen_1777012507_622.txt earth/gen_1777012512_624.txt earth/gen_1777012514_625.txt earth/gen_1777012520_627.txt earth/gen_1777012522_628.txt earth/gen_1777012525_629.txt earth/gen_1777012527_630.txt earth/gen_1777012530_631.txt earth/gen_1777012537_634.txt earth/gen_1777012543_636.txt earth/gen_1777012545_637.txt earth/gen_1777012550_639.txt earth/gen_1777012553_640.txt earth/gen_1777012558_642.txt earth/gen_1777012560_643.txt earth/gen_1777012565_645.txt earth/gen_1777012568_646.txt earth/gen_1777012573_648.txt earth/gen_1777012576_649.txt earth/gen_1777012581_651.txt earth/gen_1777012583_652.txt earth/gen_1777012589_654.txt earth/gen_1777012591_655.txt earth/gen_1777012596_657.txt earth/gen_1777012599_658.txt earth/gen_1777012604_660.txt earth/gen_1777012607_661.txt earth/gen_1777012612_663.txt earth/gen_1777012614_664.txt earth/gen_1777012617_665.txt earth/gen_1777012619_666.txt earth/gen_1777012622_667.txt earth/gen_1777012627_669.txt earth/gen_1777012630_670.txt earth/gen_1777012632_671.txt earth/gen_1777012635_672.txt earth/gen_1777012637_673.txt earth/gen_1777012642_675.txt earth/gen_1777012645_676.txt earth/gen_1777012650_678.txt earth/gen_1777012652_679.txt earth/gen_1777012657_681.txt earth/gen_1777012660_682.txt earth/gen_1777012662_683.txt earth/gen_1777012665_684.txt earth/gen_1777012667_685.txt earth/gen_1777012672_687.txt earth/gen_1777012675_688.txt earth/gen_1777012680_690.txt earth/gen_1777012683_691.txt earth/gen_1777012688_693.txt earth/gen_1777012690_694.txt earth/gen_1777012695_696.txt]
[trainer] micro-train burst (37595 bytes, novelty 0.02) — and lo, it feeds again.
[syntropy] action=explore | trend=0.0000 | field_dev=-0.039 | purpose_align=-0.078 | lr_mul=1.30
[aml] burst complete: 32 steps, avg loss 2.5817 (memory freed)
[dna] air wrote 43 bytes to ecology
[dna] air wrote 10 bytes to ecology
[dna] air wrote 40 bytes to ecology
[dna] air wrote 96 bytes to ecology
[dna] air wrote 50 bytes to ecology
[dna] air wrote 86 bytes to ecology
[dna] air wrote 72 bytes to ecology
[dna] air wrote 95 bytes to ecology
[dna] air wrote 25 bytes to ecology
[dna] air wrote 64 bytes to ecology
[dna] air wrote 96 bytes to ecology
[dna] air wrote 51 bytes to ecology
[dna] air wrote 14 bytes to ecology
[dna] air wrote 102 bytes to ecology
[dna] air wrote 24 bytes to ecology
[dna] air wrote 53 bytes to ecology
[dna] air wrote 100 bytes to ecology
[dna] air wrote 105 bytes to ecology
[dna] air wrote 115 bytes to ecology
[dna] air wrote 74 bytes to ecology
[dna] air wrote 40 bytes to ecology
[dna] air wrote 64 bytes to ecology
[debug-onto] tick=50 corpus=160390 stage=2 freeze=0
[dna] air wrote 120 bytes to ecology
[dna] air wrote 41 bytes to ecology
[dna] air wrote 37 bytes to ecology
[dna] air wrote 64 bytes to ecology
[dna] air wrote 142 bytes to ecology
[dna] air wrote 83 bytes to ecology
[dna] air wrote 107 bytes to ecology
[dna] air wrote 253 bytes to ecology
[dna] air wrote 29 bytes to ecology
[dna] air wrote 55 bytes to ecology
[dna] air wrote 78 bytes to ecology
[dna] air wrote 47 bytes to ecology
[dna] air wrote 28 bytes to ecology
[dna] air wrote 114 bytes to ecology
[dna] air wrote 152 bytes to ecology
[dna] air wrote 48 bytes to ecology
[dna] air wrote 82 bytes to ecology
[dna] air wrote 26 bytes to ecology
[dna] air wrote 74 bytes to ecology
[dna] air wrote 15 bytes to ecology
[dna] air wrote 38 bytes to ecology
[dna] air wrote 57 bytes to ecology
[dna] air wrote 43 bytes to ecology
[debug-onto] tick=100 corpus=160390 stage=2 freeze=0
[dna] air wrote 164 bytes to ecology
[dna] air wrote 34 bytes to ecology
[dna] air wrote 30 bytes to ecology
[dna] air wrote 63 bytes to ecology
[dna] air wrote 172 bytes to ecology
[dna] air wrote 40 bytes to ecology
[dna] air wrote 70 bytes to ecology
[dna] air wrote 55 bytes to ecology
[dna] air wrote 75 bytes to ecology
[dna] air wrote 76 bytes to ecology
[dna] air wrote 176 bytes to ecology
[dna] air wrote 29 bytes to ecology
[dna] air wrote 53 bytes to ecology
[dna] air wrote 42 bytes to ecology
[dna] air wrote 21 bytes to ecology
[dna] air wrote 36 bytes to ecology
[dna] air wrote 152 bytes to ecology
[dna] air wrote 45 bytes to ecology
[dna] air wrote 60 bytes to ecology
[dna] air wrote 11 bytes to ecology
[dna] air wrote 26 bytes to ecology
[dna] air wrote 28 bytes to ecology
[debug-onto] tick=150 corpus=160390 stage=2 freeze=0
[dna] air wrote 67 bytes to ecology
[dna] air wrote 155 bytes to ecology
[dna] air wrote 42 bytes to ecology
[dna] air wrote 162 bytes to ecology
[dna] air wrote 74 bytes to ecology
[dna] air wrote 79 bytes to ecology
[dna] air wrote 56 bytes to ecology
[dna] air wrote 31 bytes to ecology
[dna] air wrote 150 bytes to ecology
[dna] air wrote 49 bytes to ecology
[dna] air wrote 72 bytes to ecology
[dna] air wrote 26 bytes to ecology
[dna] air wrote 60 bytes to ecology
[dna] air wrote 56 bytes to ecology
[dna] air wrote 26 bytes to ecology
[dna] air wrote 102 bytes to ecology
[dna] air wrote 94 bytes to ecology
[dna] air wrote 77 bytes to ecology
[dna] air wrote 65 bytes to ecology
[dna] air wrote 109 bytes to ecology
[dna] air wrote 29 bytes to ecology
[dna] air wrote 48 bytes to ecology
[debug-onto] tick=200 corpus=160390 stage=2 freeze=0
[dna] air wrote 84 bytes to ecology
[dna] air wrote 34 bytes to ecology
[dna] air wrote 72 bytes to ecology
[dna] air wrote 93 bytes to ecology
[dna] air wrote 47 bytes to ecology
[dna] air wrote 145 bytes to ecology
[dna] air wrote 113 bytes to ecology
[dna] air wrote 83 bytes to ecology
[dna] air wrote 16 bytes to ecology
[dna] air wrote 126 bytes to ecology
[dna] air wrote 65 bytes to ecology
[dna] air wrote 40 bytes to ecology
[dna] air wrote 57 bytes to ecology
[dna] air wrote 36 bytes to ecology
[dna] air wrote 94 bytes to ecology
[dna] air wrote 34 bytes to ecology
[dna] air wrote 46 bytes to ecology
[dna] air wrote 35 bytes to ecology
[dna] air wrote 44 bytes to ecology
[dna] air wrote 33 bytes to ecology
[dna] air wrote 30 bytes to ecology
[debug-onto] tick=250 corpus=160390 stage=2 freeze=0
[dna] air wrote 29 bytes to ecology
[dna] air wrote 50 bytes to ecology
[dna] air wrote 76 bytes to ecology
[dna] air wrote 230 bytes to ecology
[dna] air wrote 43 bytes to ecology
[dna] air wrote 40 bytes to ecology
[dna] air wrote 64 bytes to ecology
[dna] air wrote 32 bytes to ecology
[dna] air wrote 43 bytes to ecology
[dna] air wrote 172 bytes to ecology
[dna] air wrote 102 bytes to ecology
[dna] air wrote 100 bytes to ecology
[dna] air wrote 107 bytes to ecology
[dna] air wrote 118 bytes to ecology
[dna] air wrote 176 bytes to ecology
[dna] air wrote 65 bytes to ecology
[dna] air wrote 27 bytes to ecology
[dna] air wrote 54 bytes to ecology
[dna] air wrote 53 bytes to ecology
[dna] air wrote 23 bytes to ecology
[dna] air wrote 46 bytes to ecology
[dna] air wrote 85 bytes to ecology
[debug-onto] tick=300 corpus=160390 stage=2 freeze=0
[dna] air wrote 69 bytes to ecology
[dna] air wrote 88 bytes to ecology
[dna] air wrote 97 bytes to ecology
[dna] air wrote 44 bytes to ecology
[dna] air wrote 56 bytes to ecology
[dna] air wrote 23 bytes to ecology
[dna] air wrote 161 bytes to ecology
[dna] air wrote 34 bytes to ecology
[dna] air wrote 83 bytes to ecology
[dna] air wrote 73 bytes to ecology
[dna] air wrote 27 bytes to ecology
[dna] air wrote 92 bytes to ecology
[dna] air wrote 31 bytes to ecology
[dna] air wrote 26 bytes to ecology
[dna] air wrote 39 bytes to ecology
[dna] air wrote 28 bytes to ecology
[dna] air wrote 133 bytes to ecology
[dna] air wrote 34 bytes to ecology
[dna] air wrote 39 bytes to ecology
[dna] air wrote 50 bytes to ecology
[dna] air wrote 95 bytes to ecology
[dna] air wrote 65 bytes to ecology
[dna] air wrote 34 bytes to ecology
[debug-onto] tick=350 corpus=160390 stage=2 freeze=0
[dna] air wrote 175 bytes to ecology
[dna] air wrote 60 bytes to ecology
[dna] air wrote 108 bytes to ecology
[dna] air wrote 25 bytes to ecology
[dna] air wrote 16 bytes to ecology
[dna] air wrote 131 bytes to ecology
[dna] air wrote 84 bytes to ecology
[dna] air wrote 9 bytes to ecology
[dna] air wrote 44 bytes to ecology
[dna] air wrote 60 bytes to ecology
[dna] air wrote 109 bytes to ecology
[dna] air wrote 59 bytes to ecology
[dna] air wrote 41 bytes to ecology
[dna] air wrote 28 bytes to ecology
[dna] air wrote 10 bytes to ecology
[dna] air wrote 24 bytes to ecology
[dna] air wrote 30 bytes to ecology
[dna] air wrote 69 bytes to ecology
[dna] air wrote 82 bytes to ecology
[dna] air wrote 84 bytes to ecology
[dna] air wrote 39 bytes to ecology
[dna] air wrote 32 bytes to ecology
[debug-onto] tick=400 corpus=160390 stage=2 freeze=0
[dna] air wrote 80 bytes to ecology
[dna] air wrote 109 bytes to ecology
[dna] air wrote 147 bytes to ecology
[dna] air wrote 27 bytes to ecology
[dna] air wrote 96 bytes to ecology
[dna] air wrote 97 bytes to ecology
[dna] air wrote 149 bytes to ecology
[dna] air wrote 41 bytes to ecology
[dna] air wrote 145 bytes to ecology
[dna] air wrote 78 bytes to ecology
[dna] air wrote 104 bytes to ecology
[dna] air wrote 135 bytes to ecology
[dna] air wrote 59 bytes to ecology
[dna] air wrote 63 bytes to ecology
[dna] air wrote 121 bytes to ecology
[dna] air wrote 64 bytes to ecology
[dna] air wrote 9 bytes to ecology
[dna] air wrote 27 bytes to ecology
[dna] air wrote 116 bytes to ecology
[dna] air wrote 91 bytes to ecology
[dna] air wrote 66 bytes to ecology
[dna] air wrote 92 bytes to ecology
[dna] air wrote 116 bytes to ecology
[debug-onto] tick=450 corpus=160390 stage=2 freeze=0
[dna] air wrote 38 bytes to ecology
[dna] air wrote 100 bytes to ecology
[dna] air wrote 51 bytes to ecology
[dna] air wrote 185 bytes to ecology
[dna] air wrote 53 bytes to ecology
[dna] air wrote 125 bytes to ecology
[dna] air wrote 75 bytes to ecology
[dna] air wrote 60 bytes to ecology
[dna] air wrote 19 bytes to ecology
[dna] air wrote 92 bytes to ecology
[dna] air wrote 35 bytes to ecology
[dna] air wrote 24 bytes to ecology
[dna] air wrote 42 bytes to ecology
[dna] air wrote 54 bytes to ecology
[dna] air wrote 137 bytes to ecology
[dna] air wrote 79 bytes to ecology
[dna] air wrote 41 bytes to ecology
[dna] air wrote 59 bytes to ecology
[dna] air wrote 44 bytes to ecology
[dna] air wrote 68 bytes to ecology
[dna] air wrote 67 bytes to ecology
[dna] air wrote 49 bytes to ecology
[debug-onto] tick=500 corpus=160390 stage=2 freeze=0
[dna] air wrote 56 bytes to ecology
[dna] air wrote 26 bytes to ecology
[dna] air wrote 53 bytes to ecology
[dna] air wrote 116 bytes to ecology
[dna] air wrote 51 bytes to ecology
[dna] air wrote 23 bytes to ecology
[dna] air wrote 15 bytes to ecology
[dna] air wrote 49 bytes to ecology
[dna] air wrote 72 bytes to ecology
[dna] air wrote 80 bytes to ecology
[dna] air wrote 64 bytes to ecology
[dna] air wrote 103 bytes to ecology
[dna] air wrote 44 bytes to ecology
[dna] air wrote 12 bytes to ecology
[dna] air wrote 161 bytes to ecology
[dna] air wrote 79 bytes to ecology
[dna] air wrote 83 bytes to ecology
[dna] air wrote 121 bytes to ecology
[dna] air wrote 18 bytes to ecology
[dna] air wrote 27 bytes to ecology
[dna] air wrote 86 bytes to ecology
[dna] air wrote 30 bytes to ecology
[debug-onto] tick=550 corpus=160390 stage=2 freeze=0
[dna] air wrote 132 bytes to ecology
[dna] air wrote 162 bytes to ecology
[dna] air wrote 40 bytes to ecology
[dna] air wrote 81 bytes to ecology
[dna] air wrote 118 bytes to ecology
[dna] air wrote 62 bytes to ecology
[dna] air wrote 123 bytes to ecology
[dna] air wrote 44 bytes to ecology
[dna] air wrote 39 bytes to ecology
[dna] air wrote 53 bytes to ecology
[dna] air wrote 23 bytes to ecology
[dna] air wrote 50 bytes to ecology
[dna] air wrote 101 bytes to ecology
[dna] air wrote 153 bytes to ecology
[dna] air wrote 81 bytes to ecology
[dna] air wrote 47 bytes to ecology
[dna] air wrote 48 bytes to ecology
[dna] air wrote 30 bytes to ecology
[dna] air wrote 150 bytes to ecology
[dna] air wrote 34 bytes to ecology
[debug-onto] tick=600 corpus=160390 stage=2 freeze=0
[dna] air wrote 49 bytes to ecology
[dna] air wrote 42 bytes to ecology
[dna] air wrote 168 bytes to ecology
[dna] air wrote 74 bytes to ecology
[dna] air wrote 120 bytes to ecology

[evolution] Organism shutting down gracefully.
