[ecology] Element: fire → corpus: nonames_fire.txt
[evolution] Autonomous evolution mode — organism will grow through all stages without pause.
[ecology] Joined swarm. 1 peer(s) detected.
molequla is alive. [evolution] Autonomous mode — background trainer running. Ctrl+C to stop.
[dna] fire wrote 41 bytes to ecology
[dna] fire consumed 26769 bytes from 395 files: [water/gen_1777014500_1.txt water/gen_1777014513_3.txt water/gen_1777014516_4.txt water/gen_1777014519_5.txt water/gen_1777014524_7.txt water/gen_1777014530_9.txt water/gen_1777014532_10.txt water/gen_1777014535_11.txt water/gen_1777014538_12.txt water/gen_1777014541_13.txt water/gen_1777014549_16.txt water/gen_1777014552_17.txt water/gen_1777014555_18.txt water/gen_1777014557_19.txt water/gen_1777014566_22.txt water/gen_1777014569_23.txt water/gen_1777014572_24.txt water/gen_1777014574_25.txt water/gen_1777014583_28.txt water/gen_1777014586_29.txt water/gen_1777014589_30.txt water/gen_1777014591_31.txt water/gen_1777014600_34.txt water/gen_1777014603_35.txt water/gen_1777014606_36.txt water/gen_1777014608_37.txt water/gen_1777014617_40.txt water/gen_1777014623_42.txt water/gen_1777014625_43.txt water/gen_1777014631_45.txt water/gen_1777014634_46.txt water/gen_1777014637_47.txt water/gen_1777014642_49.txt water/gen_1777014651_52.txt water/gen_1777014654_53.txt water/gen_1777014657_54.txt water/gen_1777014659_55.txt water/gen_1777014668_58.txt water/gen_1777014670_59.txt water/gen_1777014673_60.txt water/gen_1777014676_61.txt water/gen_1777014684_64.txt water/gen_1777014690_66.txt water/gen_1777014693_67.txt water/gen_1777014701_70.txt water/gen_1777014707_72.txt water/gen_1777014710_73.txt water/gen_1777014715_75.txt water/gen_1777014718_76.txt water/gen_1777014721_77.txt water/gen_1777014724_78.txt water/gen_1777014727_79.txt water/gen_1777014735_82.txt water/gen_1777014738_83.txt water/gen_1777014741_84.txt water/gen_1777014744_85.txt water/gen_1777014749_87.txt water/gen_1777014752_88.txt water/gen_1777014755_89.txt water/gen_1777014758_90.txt water/gen_1777014761_91.txt water/gen_1777014769_94.txt water/gen_1777014775_96.txt water/gen_1777014778_97.txt water/gen_1777014786_100.txt water/gen_1777014789_101.txt water/gen_1777014791_102.txt water/gen_1777014794_103.txt water/gen_1777014802_106.txt water/gen_1777014805_107.txt water/gen_1777014808_108.txt water/gen_1777014811_109.txt water/gen_1777014819_112.txt water/gen_1777014822_113.txt water/gen_1777014825_114.txt water/gen_1777014827_115.txt water/gen_1777014836_118.txt water/gen_1777014838_119.txt water/gen_1777014841_120.txt water/gen_1777014844_121.txt water/gen_1777014853_124.txt water/gen_1777014858_126.txt water/gen_1777014861_127.txt water/gen_1777014869_130.txt water/gen_1777014872_131.txt water/gen_1777014875_132.txt water/gen_1777014878_133.txt water/gen_1777014886_136.txt water/gen_1777014889_137.txt water/gen_1777014895_139.txt water/gen_1777014903_142.txt water/gen_1777014906_143.txt water/gen_1777014909_144.txt water/gen_1777014911_145.txt water/gen_1777014917_147.txt water/gen_1777014920_148.txt water/gen_1777014925_150.txt water/gen_1777014928_151.txt water/gen_1777014936_154.txt water/gen_1777014939_155.txt water/gen_1777014942_156.txt water/gen_1777014945_157.txt water/gen_1777014953_160.txt water/gen_1777014956_161.txt water/gen_1777014959_162.txt water/gen_1777014961_163.txt water/gen_1777014970_166.txt water/gen_1777014972_167.txt water/gen_1777014975_168.txt water/gen_1777014978_169.txt water/gen_1777014986_172.txt water/gen_1777014989_173.txt water/gen_1777014992_174.txt water/gen_1777014995_175.txt water/gen_1777015003_178.txt water/gen_1777015006_179.txt water/gen_1777015009_180.txt water/gen_1777015011_181.txt water/gen_1777015020_184.txt water/gen_1777015023_185.txt water/gen_1777015025_186.txt water/gen_1777015028_187.txt water/gen_1777015036_190.txt water/gen_1777015042_192.txt water/gen_1777015045_193.txt water/gen_1777015053_196.txt water/gen_1777015061_199.txt water/gen_1777015070_202.txt water/gen_1777015075_204.txt water/gen_1777015078_205.txt water/gen_1777015086_208.txt water/gen_1777015089_209.txt water/gen_1777015092_210.txt water/gen_1777015095_211.txt water/gen_1777015100_213.txt water/gen_1777015103_214.txt water/gen_1777015109_216.txt water/gen_1777015111_217.txt water/gen_1777015120_220.txt water/gen_1777015122_221.txt water/gen_1777015125_222.txt water/gen_1777015128_223.txt water/gen_1777015134_225.txt water/gen_1777015136_226.txt water/gen_1777015142_228.txt water/gen_1777015145_229.txt water/gen_1777015153_232.txt water/gen_1777015156_233.txt water/gen_1777015161_235.txt water/gen_1777015169_238.txt water/gen_1777015175_240.txt water/gen_1777015178_241.txt water/gen_1777015183_243.txt water/gen_1777015186_244.txt water/gen_1777015189_245.txt water/gen_1777015191_246.txt water/gen_1777015194_247.txt water/gen_1777015202_250.txt water/gen_1777015205_251.txt water/gen_1777015208_252.txt water/gen_1777015211_253.txt water/gen_1777015219_256.txt water/gen_1777015225_258.txt water/gen_1777015227_259.txt water/gen_1777015236_262.txt water/gen_1777015241_264.txt water/gen_1777015244_265.txt water/gen_1777015252_268.txt water/gen_1777015255_269.txt water/gen_1777015258_270.txt water/gen_1777015261_271.txt water/gen_1777015269_274.txt water/gen_1777015272_275.txt water/gen_1777015275_276.txt water/gen_1777015277_277.txt water/gen_1777015286_280.txt water/gen_1777015288_281.txt water/gen_1777015291_282.txt water/gen_1777015294_283.txt water/gen_1777015302_286.txt water/gen_1777015308_288.txt water/gen_1777015311_289.txt water/gen_1777015319_292.txt water/gen_1777015322_293.txt water/gen_1777015325_294.txt water/gen_1777015327_295.txt water/gen_1777015336_298.txt water/gen_1777015338_299.txt water/gen_1777015341_300.txt water/gen_1777015344_301.txt water/gen_1777015352_304.txt water/gen_1777015358_306.txt water/gen_1777015361_307.txt water/gen_1777015369_310.txt water/gen_1777015375_312.txt water/gen_1777015377_313.txt water/gen_1777015386_316.txt water/gen_1777015388_317.txt water/gen_1777015391_318.txt water/gen_1777015394_319.txt water/gen_1777015402_322.txt water/gen_1777015408_324.txt water/gen_1777015410_325.txt water/gen_1777015419_328.txt water/gen_1777015421_329.txt water/gen_1777015424_330.txt water/gen_1777015427_331.txt water/gen_1777015435_334.txt water/gen_1777015441_336.txt water/gen_1777015444_337.txt water/gen_1777015449_339.txt water/gen_1777015452_340.txt water/gen_1777015455_341.txt water/gen_1777015457_342.txt water/gen_1777015460_343.txt water/gen_1777015469_346.txt water/gen_1777015471_347.txt water/gen_1777015474_348.txt water/gen_1777015477_349.txt water/gen_1777015482_351.txt water/gen_1777015485_352.txt water/gen_1777015491_354.txt water/gen_1777015494_355.txt water/gen_1777015499_357.txt water/gen_1777015502_358.txt water/gen_1777015505_359.txt water/gen_1777015507_360.txt water/gen_1777015510_361.txt water/gen_1777015516_363.txt water/gen_1777015519_364.txt water/gen_1777015521_365.txt water/gen_1777015524_366.txt water/gen_1777015527_367.txt water/gen_1777015535_370.txt water/gen_1777015541_372.txt water/gen_1777015544_373.txt water/gen_1777015549_375.txt water/gen_1777015552_376.txt water/gen_1777015555_377.txt water/gen_1777015558_378.txt water/gen_1777015560_379.txt water/gen_1777015569_382.txt water/gen_1777015577_385.txt water/gen_1777015585_388.txt water/gen_1777015588_389.txt water/gen_1777015591_390.txt water/gen_1777015594_391.txt water/gen_1777015599_393.txt water/gen_1777015602_394.txt water/gen_1777015608_396.txt water/gen_1777015610_397.txt water/gen_1777015616_399.txt water/gen_1777015619_400.txt water/gen_1777015621_401.txt water/gen_1777015624_402.txt water/gen_1777015627_403.txt water/gen_1777015635_406.txt water/gen_1777015638_407.txt water/gen_1777015644_409.txt water/gen_1777015652_412.txt water/gen_1777015655_413.txt water/gen_1777015657_414.txt water/gen_1777015660_415.txt water/gen_1777015668_418.txt water/gen_1777015671_419.txt water/gen_1777015674_420.txt water/gen_1777015677_421.txt water/gen_1777015685_424.txt water/gen_1777015688_425.txt water/gen_1777015691_426.txt water/gen_1777015693_427.txt water/gen_1777015699_429.txt water/gen_1777015702_430.txt water/gen_1777015704_431.txt water/gen_1777015707_432.txt water/gen_1777015710_433.txt water/gen_1777015718_436.txt water/gen_1777015721_437.txt water/gen_1777015724_438.txt water/gen_1777015727_439.txt water/gen_1777015732_441.txt water/gen_1777015735_442.txt water/gen_1777015740_444.txt water/gen_1777015743_445.txt water/gen_1777015752_448.txt water/gen_1777015760_451.txt water/gen_1777015765_453.txt water/gen_1777015768_454.txt water/gen_1777015771_455.txt water/gen_1777015774_456.txt water/gen_1777015776_457.txt water/gen_1777015785_460.txt water/gen_1777015787_461.txt water/gen_1777015790_462.txt water/gen_1777015793_463.txt water/gen_1777015801_466.txt water/gen_1777015804_467.txt water/gen_1777015810_469.txt water/gen_1777015818_472.txt water/gen_1777015823_474.txt water/gen_1777015826_475.txt water/gen_1777015835_478.txt water/gen_1777015837_479.txt water/gen_1777015840_480.txt water/gen_1777015843_481.txt water/gen_1777015848_483.txt water/gen_1777015851_484.txt water/gen_1777015854_485.txt water/gen_1777015860_487.txt water/gen_1777015868_490.txt water/gen_1777015873_492.txt water/gen_1777015876_493.txt water/gen_1777015885_496.txt water/gen_1777015887_497.txt water/gen_1777015890_498.txt water/gen_1777015893_499.txt water/gen_1777015898_501.txt water/gen_1777015901_502.txt water/gen_1777015907_504.txt water/gen_1777015909_505.txt water/gen_1777015918_508.txt water/gen_1777015921_509.txt water/gen_1777015923_510.txt water/gen_1777015926_511.txt water/gen_1777015935_514.txt water/gen_1777015937_515.txt water/gen_1777015943_517.txt water/gen_1777015951_520.txt water/gen_1777015954_521.txt water/gen_1777015957_522.txt water/gen_1777015959_523.txt water/gen_1777015968_526.txt water/gen_1777015973_528.txt water/gen_1777015976_529.txt water/gen_1777015984_532.txt water/gen_1777015990_534.txt water/gen_1777015993_535.txt water/gen_1777016001_538.txt water/gen_1777016004_539.txt water/gen_1777016007_540.txt water/gen_1777016010_541.txt water/gen_1777016018_544.txt water/gen_1777016021_545.txt water/gen_1777016023_546.txt water/gen_1777016026_547.txt water/gen_1777016032_549.txt water/gen_1777016035_550.txt water/gen_1777016043_553.txt water/gen_1777016051_556.txt water/gen_1777016057_558.txt water/gen_1777016059_559.txt water/gen_1777016068_562.txt water/gen_1777016071_563.txt water/gen_1777016073_564.txt water/gen_1777016076_565.txt water/gen_1777016084_568.txt water/gen_1777016090_570.txt water/gen_1777016093_571.txt water/gen_1777016101_574.txt water/gen_1777016104_575.txt water/gen_1777016107_576.txt water/gen_1777016109_577.txt water/gen_1777016118_580.txt water/gen_1777016120_581.txt water/gen_1777016123_582.txt water/gen_1777016126_583.txt water/gen_1777016134_586.txt water/gen_1777016137_587.txt water/gen_1777016143_589.txt water/gen_1777016151_592.txt water/gen_1777016156_594.txt water/gen_1777016159_595.txt water/gen_1777016165_597.txt water/gen_1777016168_598.txt water/gen_1777016176_601.txt water/gen_1777016184_604.txt water/gen_1777016187_605.txt water/gen_1777016190_606.txt water/gen_1777016193_607.txt water/gen_1777016201_610.txt water/gen_1777016209_613.txt water/gen_1777016218_616.txt water/gen_1777016223_618.txt water/gen_1777016226_619.txt water/gen_1777016234_622.txt water/gen_1777016240_624.txt water/gen_1777016243_625.txt water/gen_1777016251_628.txt water/gen_1777016257_630.txt water/gen_1777016259_631.txt water/gen_1777016268_634.txt water/gen_1777016276_637.txt water/gen_1777016284_640.txt water/gen_1777016287_641.txt water/gen_1777016293_643.txt]
[trainer] micro-train burst (26769 bytes, novelty 0.02) — and lo, it feeds again.
[syntropy] action=steady | trend=0.0000 | field_dev=0.158 | purpose_align=-0.066 | lr_mul=1.00
[aml] burst complete: 32 steps, avg loss 1.4911 (memory freed)
[dna] fire wrote 27 bytes to ecology
[dna] fire wrote 33 bytes to ecology
[dna] fire wrote 54 bytes to ecology
[dna] fire wrote 56 bytes to ecology
[dna] fire wrote 100 bytes to ecology
[dna] fire wrote 82 bytes to ecology
[dna] fire wrote 73 bytes to ecology
[dna] fire wrote 29 bytes to ecology
[dna] fire wrote 31 bytes to ecology
[dna] fire wrote 75 bytes to ecology
[dna] fire wrote 16 bytes to ecology
[dna] fire wrote 96 bytes to ecology
[dna] fire wrote 84 bytes to ecology
[dna] fire wrote 43 bytes to ecology
[dna] fire wrote 36 bytes to ecology
[dna] fire wrote 86 bytes to ecology
[dna] fire wrote 74 bytes to ecology
[dna] fire wrote 39 bytes to ecology
[dna] fire wrote 34 bytes to ecology
[dna] fire wrote 101 bytes to ecology
[dna] fire wrote 64 bytes to ecology
[dna] fire wrote 31 bytes to ecology
[dna] fire wrote 69 bytes to ecology
[dna] fire wrote 202 bytes to ecology
[dna] fire wrote 54 bytes to ecology
[dna] fire wrote 64 bytes to ecology
[dna] fire wrote 68 bytes to ecology
[dna] fire wrote 44 bytes to ecology
[dna] fire wrote 64 bytes to ecology
[dna] fire wrote 65 bytes to ecology
[dna] fire wrote 106 bytes to ecology
[dna] fire wrote 61 bytes to ecology
[dna] fire wrote 40 bytes to ecology
[dna] fire wrote 57 bytes to ecology
[dna] fire wrote 46 bytes to ecology
[dna] fire wrote 30 bytes to ecology
[dna] fire wrote 131 bytes to ecology
[dna] fire wrote 327 bytes to ecology
[dna] fire wrote 38 bytes to ecology
[dna] fire wrote 186 bytes to ecology
[debug-onto] tick=50 corpus=149064 stage=2 freeze=0
[dna] fire wrote 36 bytes to ecology
[dna] fire wrote 37 bytes to ecology
[dna] fire wrote 84 bytes to ecology
[dna] fire wrote 37 bytes to ecology
[dna] fire wrote 21 bytes to ecology
[dna] fire wrote 58 bytes to ecology
[dna] fire wrote 70 bytes to ecology
[dna] fire wrote 54 bytes to ecology
[dna] fire wrote 34 bytes to ecology
[dna] fire wrote 23 bytes to ecology
[dna] fire wrote 51 bytes to ecology
[dna] fire wrote 58 bytes to ecology
[dna] fire wrote 57 bytes to ecology
[dna] fire wrote 51 bytes to ecology
[dna] fire wrote 120 bytes to ecology
[dna] fire wrote 20 bytes to ecology
[dna] fire wrote 163 bytes to ecology
[dna] fire wrote 22 bytes to ecology
[dna] fire wrote 36 bytes to ecology
[dna] fire wrote 78 bytes to ecology
[dna] fire wrote 36 bytes to ecology
[dna] fire wrote 69 bytes to ecology
[dna] fire wrote 48 bytes to ecology
[dna] fire wrote 42 bytes to ecology
[dna] fire wrote 140 bytes to ecology
[dna] fire wrote 46 bytes to ecology
[dna] fire wrote 82 bytes to ecology
[dna] fire wrote 61 bytes to ecology
[dna] fire wrote 63 bytes to ecology
[dna] fire wrote 60 bytes to ecology
[dna] fire wrote 26 bytes to ecology
[dna] fire wrote 59 bytes to ecology
[dna] fire wrote 186 bytes to ecology
[dna] fire wrote 28 bytes to ecology
[dna] fire wrote 29 bytes to ecology
[dna] fire wrote 25 bytes to ecology
[dna] fire wrote 72 bytes to ecology
[dna] fire wrote 133 bytes to ecology
[dna] fire wrote 113 bytes to ecology
[dna] fire wrote 56 bytes to ecology
[dna] fire wrote 33 bytes to ecology
[dna] fire wrote 23 bytes to ecology
[debug-onto] tick=100 corpus=149064 stage=2 freeze=0
[dna] fire wrote 87 bytes to ecology
[dna] fire wrote 39 bytes to ecology
[dna] fire wrote 82 bytes to ecology
[dna] fire wrote 21 bytes to ecology
[dna] fire wrote 116 bytes to ecology
[dna] fire wrote 152 bytes to ecology
[dna] fire wrote 71 bytes to ecology
[dna] fire wrote 40 bytes to ecology
[dna] fire wrote 141 bytes to ecology
[dna] fire wrote 46 bytes to ecology
[dna] fire wrote 48 bytes to ecology
[dna] fire wrote 37 bytes to ecology
[dna] fire wrote 31 bytes to ecology
[dna] fire wrote 163 bytes to ecology
[dna] fire wrote 54 bytes to ecology
[dna] fire wrote 40 bytes to ecology
[dna] fire wrote 75 bytes to ecology
[dna] fire wrote 81 bytes to ecology
[dna] fire wrote 132 bytes to ecology
[dna] fire wrote 50 bytes to ecology
[dna] fire wrote 5 bytes to ecology
[dna] fire wrote 48 bytes to ecology
[dna] fire wrote 87 bytes to ecology
[dna] fire wrote 36 bytes to ecology
[dna] fire wrote 152 bytes to ecology
[dna] fire wrote 93 bytes to ecology
[dna] fire wrote 28 bytes to ecology
[dna] fire wrote 122 bytes to ecology
[dna] fire wrote 49 bytes to ecology
[dna] fire wrote 148 bytes to ecology
[dna] fire wrote 52 bytes to ecology
[dna] fire wrote 40 bytes to ecology
[dna] fire wrote 31 bytes to ecology
[dna] fire wrote 42 bytes to ecology
[dna] fire wrote 28 bytes to ecology
[dna] fire wrote 53 bytes to ecology
[dna] fire wrote 61 bytes to ecology
[dna] fire wrote 78 bytes to ecology
[dna] fire wrote 101 bytes to ecology
[debug-onto] tick=150 corpus=149064 stage=2 freeze=0
[dna] fire wrote 97 bytes to ecology
[dna] fire wrote 53 bytes to ecology
[dna] fire wrote 78 bytes to ecology
[dna] fire wrote 93 bytes to ecology
[dna] fire wrote 62 bytes to ecology
[dna] fire wrote 91 bytes to ecology
[dna] fire wrote 110 bytes to ecology
[dna] fire wrote 53 bytes to ecology
[dna] fire wrote 21 bytes to ecology
[dna] fire wrote 112 bytes to ecology
[dna] fire wrote 43 bytes to ecology
[dna] fire wrote 50 bytes to ecology
[dna] fire wrote 80 bytes to ecology
[dna] fire wrote 93 bytes to ecology
[dna] fire wrote 30 bytes to ecology
[dna] fire wrote 50 bytes to ecology
[dna] fire wrote 111 bytes to ecology
[dna] fire wrote 92 bytes to ecology
[dna] fire wrote 35 bytes to ecology
[dna] fire wrote 41 bytes to ecology
[dna] fire wrote 105 bytes to ecology
[dna] fire wrote 13 bytes to ecology
[dna] fire wrote 67 bytes to ecology
[dna] fire wrote 23 bytes to ecology
[dna] fire wrote 22 bytes to ecology
[dna] fire wrote 146 bytes to ecology
[dna] fire wrote 56 bytes to ecology
[dna] fire wrote 40 bytes to ecology
[dna] fire wrote 72 bytes to ecology
[dna] fire wrote 77 bytes to ecology
[dna] fire wrote 44 bytes to ecology
[dna] fire wrote 35 bytes to ecology
[dna] fire wrote 107 bytes to ecology
[dna] fire wrote 97 bytes to ecology
[dna] fire wrote 83 bytes to ecology
[dna] fire wrote 31 bytes to ecology
[dna] fire wrote 23 bytes to ecology
[dna] fire wrote 36 bytes to ecology
[dna] fire wrote 70 bytes to ecology
[dna] fire wrote 120 bytes to ecology
[dna] fire wrote 30 bytes to ecology
[debug-onto] tick=200 corpus=149064 stage=2 freeze=0
[dna] fire wrote 39 bytes to ecology
[dna] fire wrote 81 bytes to ecology
[dna] fire wrote 30 bytes to ecology
[dna] fire wrote 50 bytes to ecology
[dna] fire wrote 55 bytes to ecology
[dna] fire wrote 95 bytes to ecology
[dna] fire wrote 31 bytes to ecology
[dna] fire wrote 32 bytes to ecology
[dna] fire wrote 45 bytes to ecology
[dna] fire wrote 127 bytes to ecology
[dna] fire wrote 42 bytes to ecology
[dna] fire wrote 38 bytes to ecology
[dna] fire wrote 31 bytes to ecology
[dna] fire wrote 48 bytes to ecology
[dna] fire wrote 181 bytes to ecology
[dna] fire wrote 44 bytes to ecology
[dna] fire wrote 39 bytes to ecology
[dna] fire wrote 60 bytes to ecology
[dna] fire wrote 24 bytes to ecology
[dna] fire wrote 32 bytes to ecology
[dna] fire wrote 75 bytes to ecology
[dna] fire wrote 236 bytes to ecology
[dna] fire wrote 226 bytes to ecology
[dna] fire wrote 70 bytes to ecology
[dna] fire wrote 90 bytes to ecology
[dna] fire wrote 32 bytes to ecology
[dna] fire wrote 28 bytes to ecology
[dna] fire wrote 20 bytes to ecology
[dna] fire wrote 35 bytes to ecology
[dna] fire wrote 42 bytes to ecology
[dna] fire wrote 23 bytes to ecology
[dna] fire wrote 52 bytes to ecology
[dna] fire wrote 158 bytes to ecology
[dna] fire wrote 98 bytes to ecology
[dna] fire wrote 79 bytes to ecology
[dna] fire wrote 39 bytes to ecology
[dna] fire wrote 51 bytes to ecology
[dna] fire wrote 89 bytes to ecology
[dna] fire wrote 38 bytes to ecology
[dna] fire wrote 5 bytes to ecology
[dna] fire wrote 61 bytes to ecology
[dna] fire wrote 44 bytes to ecology
[debug-onto] tick=250 corpus=149064 stage=2 freeze=0
[dna] fire wrote 66 bytes to ecology
[dna] fire wrote 48 bytes to ecology
[dna] fire wrote 50 bytes to ecology
[dna] fire wrote 50 bytes to ecology
[dna] fire wrote 29 bytes to ecology
[dna] fire wrote 165 bytes to ecology
[dna] fire wrote 34 bytes to ecology
[dna] fire wrote 169 bytes to ecology
[dna] fire wrote 94 bytes to ecology
[dna] fire wrote 24 bytes to ecology
[dna] fire wrote 95 bytes to ecology
[dna] fire wrote 52 bytes to ecology
[dna] fire wrote 46 bytes to ecology
[dna] fire wrote 154 bytes to ecology
[dna] fire wrote 75 bytes to ecology
[dna] fire wrote 41 bytes to ecology
[dna] fire wrote 43 bytes to ecology
[dna] fire wrote 25 bytes to ecology
[dna] fire wrote 26 bytes to ecology
[dna] fire wrote 115 bytes to ecology
[dna] fire wrote 38 bytes to ecology
[dna] fire wrote 50 bytes to ecology
[dna] fire wrote 27 bytes to ecology
[dna] fire wrote 27 bytes to ecology
[dna] fire wrote 74 bytes to ecology
[dna] fire wrote 34 bytes to ecology
[dna] fire wrote 62 bytes to ecology
[dna] fire wrote 112 bytes to ecology
[dna] fire wrote 54 bytes to ecology
[dna] fire wrote 64 bytes to ecology
[dna] fire wrote 72 bytes to ecology
[dna] fire wrote 46 bytes to ecology
[dna] fire wrote 62 bytes to ecology
[dna] fire wrote 130 bytes to ecology
[dna] fire wrote 17 bytes to ecology
[dna] fire wrote 33 bytes to ecology
[dna] fire wrote 58 bytes to ecology
[dna] fire wrote 46 bytes to ecology
[dna] fire wrote 256 bytes to ecology
[dna] fire wrote 24 bytes to ecology
[debug-onto] tick=300 corpus=149064 stage=2 freeze=0
[dna] fire wrote 38 bytes to ecology
[dna] fire wrote 39 bytes to ecology
[dna] fire wrote 40 bytes to ecology
[dna] fire wrote 34 bytes to ecology
[dna] fire wrote 103 bytes to ecology
[dna] fire wrote 32 bytes to ecology
[dna] fire wrote 30 bytes to ecology
[dna] fire wrote 95 bytes to ecology
[dna] fire wrote 125 bytes to ecology
[dna] fire wrote 74 bytes to ecology
[dna] fire wrote 134 bytes to ecology
[dna] fire wrote 63 bytes to ecology
[dna] fire wrote 50 bytes to ecology
[dna] fire wrote 152 bytes to ecology
[dna] fire wrote 34 bytes to ecology
[dna] fire wrote 48 bytes to ecology
[dna] fire wrote 38 bytes to ecology
[dna] fire wrote 35 bytes to ecology
[dna] fire wrote 56 bytes to ecology
[dna] fire wrote 38 bytes to ecology
[dna] fire wrote 32 bytes to ecology
[dna] fire wrote 92 bytes to ecology
[dna] fire wrote 115 bytes to ecology
[dna] fire wrote 47 bytes to ecology
[dna] fire wrote 77 bytes to ecology
[dna] fire wrote 75 bytes to ecology
[dna] fire wrote 70 bytes to ecology
[dna] fire wrote 37 bytes to ecology
[dna] fire wrote 31 bytes to ecology
[dna] fire wrote 59 bytes to ecology
[dna] fire wrote 66 bytes to ecology
[dna] fire wrote 43 bytes to ecology
[dna] fire wrote 44 bytes to ecology
[dna] fire wrote 76 bytes to ecology
[dna] fire wrote 119 bytes to ecology
[dna] fire wrote 34 bytes to ecology
[dna] fire wrote 157 bytes to ecology
[dna] fire wrote 53 bytes to ecology
[dna] fire wrote 17 bytes to ecology
[dna] fire wrote 78 bytes to ecology
[dna] fire wrote 39 bytes to ecology
[debug-onto] tick=350 corpus=149064 stage=2 freeze=0
[dna] fire wrote 110 bytes to ecology
[dna] fire wrote 26 bytes to ecology
[dna] fire wrote 78 bytes to ecology
[dna] fire wrote 64 bytes to ecology
[dna] fire wrote 27 bytes to ecology
[dna] fire wrote 38 bytes to ecology
[dna] fire wrote 24 bytes to ecology
[dna] fire wrote 89 bytes to ecology
[dna] fire wrote 10 bytes to ecology
[dna] fire wrote 149 bytes to ecology
[dna] fire wrote 31 bytes to ecology
[dna] fire wrote 59 bytes to ecology
[dna] fire wrote 52 bytes to ecology
[dna] fire wrote 126 bytes to ecology
[dna] fire wrote 77 bytes to ecology
[dna] fire wrote 39 bytes to ecology
[dna] fire wrote 185 bytes to ecology
[dna] fire wrote 61 bytes to ecology
[dna] fire wrote 29 bytes to ecology
[dna] fire wrote 57 bytes to ecology
[dna] fire wrote 45 bytes to ecology
[dna] fire wrote 46 bytes to ecology
[dna] fire wrote 87 bytes to ecology
[dna] fire wrote 42 bytes to ecology
[dna] fire wrote 60 bytes to ecology
[dna] fire wrote 128 bytes to ecology
[dna] fire wrote 48 bytes to ecology
[dna] fire wrote 48 bytes to ecology
[dna] fire wrote 50 bytes to ecology
[dna] fire wrote 33 bytes to ecology
[dna] fire wrote 16 bytes to ecology
[dna] fire wrote 97 bytes to ecology
[dna] fire wrote 27 bytes to ecology
[dna] fire wrote 72 bytes to ecology
[dna] fire wrote 80 bytes to ecology
[dna] fire wrote 54 bytes to ecology
[dna] fire wrote 116 bytes to ecology
[dna] fire wrote 101 bytes to ecology
[dna] fire wrote 143 bytes to ecology
[dna] fire wrote 30 bytes to ecology
[dna] fire wrote 39 bytes to ecology
[dna] fire wrote 57 bytes to ecology
[debug-onto] tick=400 corpus=149064 stage=2 freeze=0
[dna] fire wrote 73 bytes to ecology
[dna] fire wrote 129 bytes to ecology
[dna] fire wrote 58 bytes to ecology
[dna] fire wrote 59 bytes to ecology
[dna] fire wrote 26 bytes to ecology
[dna] fire wrote 74 bytes to ecology
[dna] fire wrote 36 bytes to ecology
[dna] fire wrote 28 bytes to ecology
[dna] fire wrote 54 bytes to ecology
[dna] fire wrote 89 bytes to ecology
[dna] fire wrote 59 bytes to ecology
[dna] fire wrote 39 bytes to ecology
[dna] fire wrote 82 bytes to ecology
[dna] fire wrote 56 bytes to ecology
[dna] fire wrote 60 bytes to ecology
[dna] fire wrote 154 bytes to ecology
[dna] fire wrote 45 bytes to ecology
[dna] fire wrote 157 bytes to ecology
[dna] fire wrote 41 bytes to ecology
[dna] fire wrote 51 bytes to ecology
[dna] fire wrote 83 bytes to ecology
[dna] fire wrote 63 bytes to ecology
[dna] fire wrote 199 bytes to ecology
[dna] fire wrote 23 bytes to ecology
[dna] fire wrote 42 bytes to ecology
[dna] fire wrote 61 bytes to ecology
[dna] fire wrote 44 bytes to ecology
[dna] fire wrote 22 bytes to ecology
[dna] fire wrote 54 bytes to ecology
[dna] fire wrote 21 bytes to ecology
[dna] fire wrote 27 bytes to ecology
[dna] fire wrote 13 bytes to ecology
[dna] fire wrote 35 bytes to ecology
[dna] fire wrote 32 bytes to ecology
[dna] fire wrote 86 bytes to ecology
[dna] fire wrote 63 bytes to ecology
[dna] fire wrote 85 bytes to ecology
[dna] fire wrote 169 bytes to ecology
[dna] fire wrote 113 bytes to ecology
[dna] fire wrote 36 bytes to ecology
[dna] fire wrote 59 bytes to ecology
[debug-onto] tick=450 corpus=149064 stage=2 freeze=0
[dna] fire wrote 116 bytes to ecology
[dna] fire wrote 47 bytes to ecology
[dna] fire wrote 135 bytes to ecology
[dna] fire wrote 158 bytes to ecology
[dna] fire wrote 54 bytes to ecology
[dna] fire wrote 69 bytes to ecology
[dna] fire wrote 93 bytes to ecology
[dna] fire wrote 72 bytes to ecology
[dna] fire wrote 135 bytes to ecology
[dna] fire wrote 50 bytes to ecology
[dna] fire wrote 46 bytes to ecology
[dna] fire wrote 105 bytes to ecology
[dna] fire wrote 58 bytes to ecology
[dna] fire wrote 148 bytes to ecology
[dna] fire wrote 51 bytes to ecology
[dna] fire wrote 75 bytes to ecology
[dna] fire wrote 36 bytes to ecology
[dna] fire wrote 32 bytes to ecology
[dna] fire wrote 104 bytes to ecology
[dna] fire wrote 100 bytes to ecology
[dna] fire wrote 69 bytes to ecology
[dna] fire wrote 35 bytes to ecology
[dna] fire wrote 148 bytes to ecology
[dna] fire wrote 31 bytes to ecology
[dna] fire wrote 20 bytes to ecology
[dna] fire wrote 95 bytes to ecology
[dna] fire wrote 58 bytes to ecology
[dna] fire wrote 130 bytes to ecology
[dna] fire wrote 28 bytes to ecology
[dna] fire wrote 22 bytes to ecology
[dna] fire wrote 19 bytes to ecology
[dna] fire wrote 57 bytes to ecology
[dna] fire wrote 39 bytes to ecology
[dna] fire wrote 52 bytes to ecology
[dna] fire wrote 53 bytes to ecology
[dna] fire wrote 39 bytes to ecology
[dna] fire wrote 47 bytes to ecology
[dna] fire wrote 76 bytes to ecology
[dna] fire wrote 68 bytes to ecology
[dna] fire wrote 5 bytes to ecology
[debug-onto] tick=500 corpus=149064 stage=2 freeze=0
[dna] fire wrote 103 bytes to ecology
[dna] fire wrote 42 bytes to ecology
[dna] fire wrote 76 bytes to ecology
[dna] fire wrote 44 bytes to ecology
[dna] fire wrote 55 bytes to ecology
[dna] fire wrote 61 bytes to ecology
[dna] fire wrote 71 bytes to ecology
[dna] fire wrote 81 bytes to ecology
[dna] fire wrote 52 bytes to ecology
[dna] fire wrote 60 bytes to ecology
[dna] fire wrote 31 bytes to ecology
[dna] fire wrote 82 bytes to ecology
[dna] fire wrote 169 bytes to ecology
[dna] fire wrote 127 bytes to ecology
[dna] fire wrote 29 bytes to ecology
[dna] fire wrote 25 bytes to ecology
[dna] fire wrote 98 bytes to ecology
[dna] fire wrote 15 bytes to ecology
[dna] fire wrote 43 bytes to ecology
[dna] fire wrote 70 bytes to ecology
[dna] fire wrote 29 bytes to ecology
[dna] fire wrote 136 bytes to ecology
[dna] fire wrote 41 bytes to ecology
[dna] fire wrote 72 bytes to ecology
[dna] fire wrote 52 bytes to ecology
[dna] fire wrote 82 bytes to ecology
[dna] fire wrote 197 bytes to ecology
[dna] fire wrote 59 bytes to ecology
[dna] fire wrote 97 bytes to ecology
[dna] fire wrote 98 bytes to ecology
[dna] fire wrote 95 bytes to ecology
[dna] fire wrote 25 bytes to ecology
[dna] fire wrote 56 bytes to ecology
[dna] fire wrote 115 bytes to ecology
[dna] fire wrote 17 bytes to ecology
[dna] fire wrote 20 bytes to ecology
[dna] fire wrote 72 bytes to ecology
[dna] fire wrote 106 bytes to ecology
[dna] fire wrote 121 bytes to ecology
[dna] fire wrote 28 bytes to ecology
[dna] fire wrote 38 bytes to ecology
[debug-onto] tick=550 corpus=149064 stage=2 freeze=0
[dna] fire wrote 32 bytes to ecology
[dna] fire wrote 34 bytes to ecology
[dna] fire wrote 50 bytes to ecology
[dna] fire wrote 88 bytes to ecology
[dna] fire wrote 41 bytes to ecology
[dna] fire wrote 114 bytes to ecology
[dna] fire wrote 88 bytes to ecology
[dna] fire wrote 100 bytes to ecology
[dna] fire wrote 71 bytes to ecology
[dna] fire wrote 39 bytes to ecology
[dna] fire wrote 76 bytes to ecology
[dna] fire wrote 27 bytes to ecology
[dna] fire wrote 19 bytes to ecology
[dna] fire wrote 153 bytes to ecology
[dna] fire wrote 24 bytes to ecology
[dna] fire wrote 55 bytes to ecology
[dna] fire wrote 27 bytes to ecology
[dna] fire wrote 47 bytes to ecology
[dna] fire wrote 79 bytes to ecology
[dna] fire wrote 25 bytes to ecology
[dna] fire wrote 49 bytes to ecology
[dna] fire wrote 53 bytes to ecology
[dna] fire wrote 39 bytes to ecology
[dna] fire wrote 50 bytes to ecology
[dna] fire wrote 44 bytes to ecology
[dna] fire wrote 29 bytes to ecology
[dna] fire wrote 82 bytes to ecology
[dna] fire wrote 55 bytes to ecology
[dna] fire wrote 78 bytes to ecology
[dna] fire wrote 35 bytes to ecology
[dna] fire wrote 62 bytes to ecology
[dna] fire wrote 43 bytes to ecology
[dna] fire wrote 18 bytes to ecology
[dna] fire wrote 108 bytes to ecology
[dna] fire wrote 120 bytes to ecology
[dna] fire wrote 24 bytes to ecology
[dna] fire wrote 49 bytes to ecology
[dna] fire wrote 61 bytes to ecology
[dna] fire wrote 35 bytes to ecology
[dna] fire wrote 114 bytes to ecology
[debug-onto] tick=600 corpus=149064 stage=2 freeze=0
[dna] fire wrote 23 bytes to ecology
[dna] fire wrote 87 bytes to ecology
[dna] fire wrote 19 bytes to ecology
[dna] fire wrote 102 bytes to ecology
[dna] fire wrote 28 bytes to ecology
[dna] fire wrote 129 bytes to ecology
[dna] fire wrote 24 bytes to ecology
[dna] fire wrote 57 bytes to ecology
[dna] fire wrote 111 bytes to ecology
[dna] fire wrote 80 bytes to ecology
[dna] fire wrote 19 bytes to ecology
[dna] fire wrote 221 bytes to ecology
[dna] fire wrote 19 bytes to ecology
[dna] fire wrote 26 bytes to ecology
[dna] fire wrote 91 bytes to ecology
[dna] fire wrote 271 bytes to ecology
[dna] fire wrote 103 bytes to ecology
[dna] fire wrote 19 bytes to ecology
[dna] fire wrote 47 bytes to ecology
[dna] fire wrote 24 bytes to ecology
[dna] fire wrote 25 bytes to ecology
[dna] fire wrote 199 bytes to ecology
[dna] fire wrote 116 bytes to ecology
[dna] fire wrote 90 bytes to ecology
[dna] fire wrote 31 bytes to ecology
[dna] fire wrote 32 bytes to ecology
[dna] fire wrote 76 bytes to ecology
[dna] fire wrote 230 bytes to ecology
[dna] fire wrote 60 bytes to ecology
[dna] fire wrote 25 bytes to ecology
[dna] fire wrote 44 bytes to ecology

[evolution] Organism shutting down gracefully.
