[ecology] Element: water → corpus: nonames_water.txt
[evolution] Autonomous evolution mode — organism will grow through all stages without pause.
[ecology] Joined swarm. 1 peer(s) detected.
molequla is alive. [evolution] Autonomous mode — background trainer running. Ctrl+C to stop.
[dna] water wrote 48 bytes to ecology
[dna] water consumed 19084 bytes from 268 files: [air/gen_1777012699_1.txt air/gen_1777012719_4.txt air/gen_1777012724_6.txt air/gen_1777012727_7.txt air/gen_1777012736_10.txt air/gen_1777012742_12.txt air/gen_1777012745_13.txt air/gen_1777012753_16.txt air/gen_1777012759_18.txt air/gen_1777012762_19.txt air/gen_1777012771_22.txt air/gen_1777012777_24.txt air/gen_1777012780_25.txt air/gen_1777012788_28.txt air/gen_1777012797_31.txt air/gen_1777012806_34.txt air/gen_1777012811_36.txt air/gen_1777012814_37.txt air/gen_1777012823_40.txt air/gen_1777012829_42.txt air/gen_1777012832_43.txt air/gen_1777012840_46.txt air/gen_1777012849_49.txt air/gen_1777012858_52.txt air/gen_1777012864_54.txt air/gen_1777012867_55.txt air/gen_1777012875_58.txt air/gen_1777012881_60.txt air/gen_1777012884_61.txt air/gen_1777012893_64.txt air/gen_1777012898_66.txt air/gen_1777012901_67.txt air/gen_1777012910_70.txt air/gen_1777012919_73.txt air/gen_1777012927_76.txt air/gen_1777012936_79.txt air/gen_1777012945_82.txt air/gen_1777012951_84.txt air/gen_1777012954_85.txt air/gen_1777012963_88.txt air/gen_1777012968_90.txt air/gen_1777012971_91.txt air/gen_1777012980_94.txt air/gen_1777012986_96.txt air/gen_1777012989_97.txt air/gen_1777012997_100.txt air/gen_1777013003_102.txt air/gen_1777013006_103.txt air/gen_1777013015_106.txt air/gen_1777013024_109.txt air/gen_1777013032_112.txt air/gen_1777013041_115.txt air/gen_1777013050_118.txt air/gen_1777013056_120.txt air/gen_1777013059_121.txt air/gen_1777013067_124.txt air/gen_1777013073_126.txt air/gen_1777013076_127.txt air/gen_1777013085_130.txt air/gen_1777013091_132.txt air/gen_1777013093_133.txt air/gen_1777013102_136.txt air/gen_1777013108_138.txt air/gen_1777013111_139.txt air/gen_1777013120_142.txt air/gen_1777013126_144.txt air/gen_1777013129_145.txt air/gen_1777013137_148.txt air/gen_1777013146_151.txt air/gen_1777013155_154.txt air/gen_1777013164_157.txt air/gen_1777013172_160.txt air/gen_1777013181_163.txt air/gen_1777013190_166.txt air/gen_1777013196_168.txt air/gen_1777013199_169.txt air/gen_1777013207_172.txt air/gen_1777013216_175.txt air/gen_1777013225_178.txt air/gen_1777013231_180.txt air/gen_1777013234_181.txt air/gen_1777013242_184.txt air/gen_1777013248_186.txt air/gen_1777013251_187.txt air/gen_1777013260_190.txt air/gen_1777013266_192.txt air/gen_1777013269_193.txt air/gen_1777013277_196.txt air/gen_1777013283_198.txt air/gen_1777013286_199.txt air/gen_1777013295_202.txt air/gen_1777013300_204.txt air/gen_1777013303_205.txt air/gen_1777013312_208.txt air/gen_1777013321_211.txt air/gen_1777013329_214.txt air/gen_1777013338_217.txt air/gen_1777013347_220.txt air/gen_1777013355_223.txt air/gen_1777013364_226.txt air/gen_1777013373_229.txt air/gen_1777013382_232.txt air/gen_1777013388_234.txt air/gen_1777013390_235.txt air/gen_1777013399_238.txt air/gen_1777013405_240.txt air/gen_1777013408_241.txt air/gen_1777013417_244.txt air/gen_1777013423_246.txt air/gen_1777013426_247.txt air/gen_1777013434_250.txt air/gen_1777013440_252.txt air/gen_1777013443_253.txt air/gen_1777013452_256.txt air/gen_1777013458_258.txt air/gen_1777013461_259.txt air/gen_1777013469_262.txt air/gen_1777013478_265.txt air/gen_1777013487_268.txt air/gen_1777013496_271.txt air/gen_1777013504_274.txt air/gen_1777013510_276.txt air/gen_1777013513_277.txt air/gen_1777013522_280.txt air/gen_1777013528_282.txt air/gen_1777013531_283.txt air/gen_1777013540_286.txt air/gen_1777013546_288.txt air/gen_1777013548_289.txt air/gen_1777013557_292.txt air/gen_1777013563_294.txt air/gen_1777013566_295.txt air/gen_1777013575_298.txt air/gen_1777013583_301.txt air/gen_1777013592_304.txt air/gen_1777013598_306.txt air/gen_1777013601_307.txt air/gen_1777013609_310.txt air/gen_1777013615_312.txt air/gen_1777013618_313.txt air/gen_1777013627_316.txt air/gen_1777013636_319.txt air/gen_1777013644_322.txt air/gen_1777013653_325.txt air/gen_1777013662_328.txt air/gen_1777013667_330.txt air/gen_1777013670_331.txt air/gen_1777013679_334.txt air/gen_1777013685_336.txt air/gen_1777013688_337.txt air/gen_1777013697_340.txt air/gen_1777013702_342.txt air/gen_1777013705_343.txt air/gen_1777013714_346.txt air/gen_1777013720_348.txt air/gen_1777013723_349.txt air/gen_1777013732_352.txt air/gen_1777013738_354.txt air/gen_1777013741_355.txt air/gen_1777013749_358.txt air/gen_1777013755_360.txt air/gen_1777013758_361.txt air/gen_1777013767_364.txt air/gen_1777013784_370.txt air/gen_1777013793_373.txt air/gen_1777013802_376.txt air/gen_1777013808_378.txt air/gen_1777013811_379.txt air/gen_1777013819_382.txt air/gen_1777013825_384.txt air/gen_1777013828_385.txt air/gen_1777013837_388.txt air/gen_1777013842_390.txt air/gen_1777013845_391.txt air/gen_1777013854_394.txt air/gen_1777013863_397.txt air/gen_1777013872_400.txt air/gen_1777013877_402.txt air/gen_1777013880_403.txt air/gen_1777013889_406.txt air/gen_1777013895_408.txt air/gen_1777013898_409.txt air/gen_1777013907_412.txt air/gen_1777013916_415.txt air/gen_1777013924_418.txt air/gen_1777013933_421.txt air/gen_1777013942_424.txt air/gen_1777013947_426.txt air/gen_1777013950_427.txt air/gen_1777013959_430.txt air/gen_1777013965_432.txt air/gen_1777013968_433.txt air/gen_1777013977_436.txt air/gen_1777013985_439.txt air/gen_1777013994_442.txt air/gen_1777014000_444.txt air/gen_1777014003_445.txt air/gen_1777014011_448.txt air/gen_1777014017_450.txt air/gen_1777014020_451.txt air/gen_1777014029_454.txt air/gen_1777014038_457.txt air/gen_1777014046_460.txt air/gen_1777014055_463.txt air/gen_1777014064_466.txt air/gen_1777014072_469.txt air/gen_1777014081_472.txt air/gen_1777014087_474.txt air/gen_1777014090_475.txt air/gen_1777014098_478.txt air/gen_1777014104_480.txt air/gen_1777014107_481.txt air/gen_1777014116_484.txt air/gen_1777014121_486.txt air/gen_1777014124_487.txt air/gen_1777014133_490.txt air/gen_1777014139_492.txt air/gen_1777014142_493.txt air/gen_1777014150_496.txt air/gen_1777014156_498.txt air/gen_1777014159_499.txt air/gen_1777014168_502.txt air/gen_1777014174_504.txt air/gen_1777014177_505.txt air/gen_1777014185_508.txt air/gen_1777014194_511.txt air/gen_1777014203_514.txt air/gen_1777014211_517.txt air/gen_1777014220_520.txt air/gen_1777014229_523.txt air/gen_1777014237_526.txt air/gen_1777014243_528.txt air/gen_1777014246_529.txt air/gen_1777014255_532.txt air/gen_1777014261_534.txt air/gen_1777014264_535.txt air/gen_1777014272_538.txt air/gen_1777014278_540.txt air/gen_1777014281_541.txt air/gen_1777014290_544.txt air/gen_1777014295_546.txt air/gen_1777014298_547.txt air/gen_1777014307_550.txt air/gen_1777014316_553.txt air/gen_1777014324_556.txt air/gen_1777014330_558.txt air/gen_1777014333_559.txt air/gen_1777014342_562.txt air/gen_1777014348_564.txt air/gen_1777014351_565.txt air/gen_1777014359_568.txt air/gen_1777014368_571.txt air/gen_1777014376_574.txt air/gen_1777014382_576.txt air/gen_1777014385_577.txt air/gen_1777014394_580.txt air/gen_1777014402_583.txt air/gen_1777014411_586.txt air/gen_1777014417_588.txt air/gen_1777014420_589.txt air/gen_1777014428_592.txt air/gen_1777014437_595.txt air/gen_1777014446_598.txt air/gen_1777014455_601.txt air/gen_1777014463_604.txt air/gen_1777014472_607.txt air/gen_1777014481_610.txt air/gen_1777014490_613.txt]
[trainer] micro-train burst (19084 bytes, novelty 0.04) — and lo, it feeds again.
[syntropy] action=explore | trend=0.0000 | field_dev=0.070 | purpose_align=-0.076 | lr_mul=1.30
[aml] burst complete: 32 steps, avg loss 1.5437 (memory freed)
[dna] water wrote 39 bytes to ecology
[dna] water wrote 99 bytes to ecology
[dna] water wrote 56 bytes to ecology
[dna] water wrote 50 bytes to ecology
[dna] water wrote 71 bytes to ecology
[dna] water wrote 38 bytes to ecology
[dna] water wrote 114 bytes to ecology
[dna] water wrote 27 bytes to ecology
[dna] water wrote 101 bytes to ecology
[dna] water wrote 32 bytes to ecology
[dna] water wrote 42 bytes to ecology
[dna] water wrote 85 bytes to ecology
[dna] water wrote 27 bytes to ecology
[dna] water wrote 53 bytes to ecology
[dna] water wrote 89 bytes to ecology
[dna] water wrote 46 bytes to ecology
[dna] water wrote 31 bytes to ecology
[dna] water wrote 70 bytes to ecology
[dna] water wrote 42 bytes to ecology
[dna] water wrote 235 bytes to ecology
[dna] water wrote 111 bytes to ecology
[dna] water wrote 50 bytes to ecology
[dna] water wrote 38 bytes to ecology
[dna] water wrote 62 bytes to ecology
[dna] water wrote 98 bytes to ecology
[dna] water wrote 32 bytes to ecology
[dna] water wrote 70 bytes to ecology
[dna] water wrote 99 bytes to ecology
[dna] water wrote 24 bytes to ecology
[dna] water wrote 127 bytes to ecology
[dna] water wrote 31 bytes to ecology
[dna] water wrote 120 bytes to ecology
[debug-onto] tick=50 corpus=145049 stage=2 freeze=0
[dna] water wrote 58 bytes to ecology
[dna] water wrote 101 bytes to ecology
[dna] water wrote 159 bytes to ecology
[dna] water wrote 126 bytes to ecology
[dna] water wrote 83 bytes to ecology
[dna] water wrote 65 bytes to ecology
[dna] water wrote 32 bytes to ecology
[dna] water wrote 76 bytes to ecology
[dna] water wrote 9 bytes to ecology
[dna] water wrote 40 bytes to ecology
[dna] water wrote 45 bytes to ecology
[dna] water wrote 45 bytes to ecology
[dna] water wrote 48 bytes to ecology
[dna] water wrote 88 bytes to ecology
[dna] water wrote 75 bytes to ecology
[dna] water wrote 44 bytes to ecology
[dna] water wrote 71 bytes to ecology
[dna] water wrote 40 bytes to ecology
[dna] water wrote 42 bytes to ecology
[dna] water wrote 81 bytes to ecology
[dna] water wrote 94 bytes to ecology
[dna] water wrote 53 bytes to ecology
[dna] water wrote 51 bytes to ecology
[dna] water wrote 108 bytes to ecology
[dna] water wrote 39 bytes to ecology
[dna] water wrote 18 bytes to ecology
[dna] water wrote 37 bytes to ecology
[dna] water wrote 30 bytes to ecology
[dna] water wrote 331 bytes to ecology
[dna] water wrote 77 bytes to ecology
[dna] water wrote 52 bytes to ecology
[dna] water wrote 132 bytes to ecology
[dna] water wrote 109 bytes to ecology
[debug-onto] tick=100 corpus=145049 stage=2 freeze=0
[dna] water wrote 35 bytes to ecology
[dna] water wrote 37 bytes to ecology
[dna] water wrote 16 bytes to ecology
[dna] water wrote 132 bytes to ecology
[dna] water wrote 45 bytes to ecology
[dna] water wrote 74 bytes to ecology
[dna] water wrote 99 bytes to ecology
[dna] water wrote 60 bytes to ecology
[dna] water wrote 97 bytes to ecology
[dna] water wrote 20 bytes to ecology
[dna] water wrote 27 bytes to ecology
[dna] water wrote 36 bytes to ecology
[dna] water wrote 26 bytes to ecology
[dna] water wrote 105 bytes to ecology
[dna] water wrote 92 bytes to ecology
[dna] water wrote 61 bytes to ecology
[dna] water wrote 47 bytes to ecology
[dna] water wrote 61 bytes to ecology
[dna] water wrote 244 bytes to ecology
[dna] water wrote 178 bytes to ecology
[dna] water wrote 29 bytes to ecology
[dna] water wrote 37 bytes to ecology
[dna] water wrote 91 bytes to ecology
[dna] water wrote 31 bytes to ecology
[dna] water wrote 135 bytes to ecology
[dna] water wrote 49 bytes to ecology
[dna] water wrote 69 bytes to ecology
[dna] water wrote 28 bytes to ecology
[dna] water wrote 26 bytes to ecology
[dna] water wrote 51 bytes to ecology
[dna] water wrote 48 bytes to ecology
[dna] water wrote 128 bytes to ecology
[debug-onto] tick=150 corpus=145049 stage=2 freeze=0
[dna] water wrote 34 bytes to ecology
[dna] water wrote 88 bytes to ecology
[dna] water wrote 28 bytes to ecology
[dna] water wrote 45 bytes to ecology
[dna] water wrote 29 bytes to ecology
[dna] water wrote 63 bytes to ecology
[dna] water wrote 43 bytes to ecology
[dna] water wrote 84 bytes to ecology
[dna] water wrote 29 bytes to ecology
[dna] water wrote 73 bytes to ecology
[dna] water wrote 64 bytes to ecology
[dna] water wrote 100 bytes to ecology
[dna] water wrote 135 bytes to ecology
[dna] water wrote 82 bytes to ecology
[dna] water wrote 76 bytes to ecology
[dna] water wrote 34 bytes to ecology
[dna] water wrote 66 bytes to ecology
[dna] water wrote 64 bytes to ecology
[dna] water wrote 115 bytes to ecology
[dna] water wrote 77 bytes to ecology
[dna] water wrote 208 bytes to ecology
[dna] water wrote 191 bytes to ecology
[dna] water wrote 76 bytes to ecology
[dna] water wrote 101 bytes to ecology
[dna] water wrote 58 bytes to ecology
[dna] water wrote 78 bytes to ecology
[dna] water wrote 49 bytes to ecology
[dna] water wrote 72 bytes to ecology
[dna] water wrote 99 bytes to ecology
[dna] water wrote 68 bytes to ecology
[debug-onto] tick=200 corpus=145049 stage=2 freeze=0
[dna] water wrote 37 bytes to ecology
[dna] water wrote 28 bytes to ecology
[dna] water wrote 37 bytes to ecology
[dna] water wrote 77 bytes to ecology
[dna] water wrote 35 bytes to ecology
[dna] water wrote 73 bytes to ecology
[dna] water wrote 31 bytes to ecology
[dna] water wrote 38 bytes to ecology
[dna] water wrote 36 bytes to ecology
[dna] water wrote 76 bytes to ecology
[dna] water wrote 49 bytes to ecology
[dna] water wrote 80 bytes to ecology
[dna] water wrote 59 bytes to ecology
[dna] water wrote 43 bytes to ecology
[dna] water wrote 101 bytes to ecology
[dna] water wrote 61 bytes to ecology
[dna] water wrote 36 bytes to ecology
[dna] water wrote 115 bytes to ecology
[dna] water wrote 27 bytes to ecology
[dna] water wrote 29 bytes to ecology
[dna] water wrote 57 bytes to ecology
[dna] water wrote 5 bytes to ecology
[dna] water wrote 120 bytes to ecology
[dna] water wrote 30 bytes to ecology
[dna] water wrote 71 bytes to ecology
[dna] water wrote 74 bytes to ecology
[dna] water wrote 101 bytes to ecology
[dna] water wrote 45 bytes to ecology
[dna] water wrote 40 bytes to ecology
[dna] water wrote 49 bytes to ecology
[dna] water wrote 54 bytes to ecology
[dna] water wrote 68 bytes to ecology
[debug-onto] tick=250 corpus=145049 stage=2 freeze=0
[dna] water wrote 134 bytes to ecology
[dna] water wrote 85 bytes to ecology
[dna] water wrote 112 bytes to ecology
[dna] water wrote 182 bytes to ecology
[dna] water wrote 29 bytes to ecology
[dna] water wrote 194 bytes to ecology
[dna] water wrote 113 bytes to ecology
[dna] water wrote 34 bytes to ecology
[dna] water wrote 60 bytes to ecology
[dna] water wrote 42 bytes to ecology
[dna] water wrote 29 bytes to ecology
[dna] water wrote 86 bytes to ecology
[dna] water wrote 59 bytes to ecology
[dna] water wrote 51 bytes to ecology
[dna] water wrote 63 bytes to ecology
[dna] water wrote 15 bytes to ecology
[dna] water wrote 277 bytes to ecology
[dna] water wrote 56 bytes to ecology
[dna] water wrote 46 bytes to ecology
[dna] water wrote 15 bytes to ecology
[dna] water wrote 49 bytes to ecology
[dna] water wrote 85 bytes to ecology
[dna] water wrote 86 bytes to ecology
[dna] water wrote 56 bytes to ecology
[dna] water wrote 19 bytes to ecology
[dna] water wrote 42 bytes to ecology
[dna] water wrote 54 bytes to ecology
[dna] water wrote 22 bytes to ecology
[dna] water wrote 130 bytes to ecology
[dna] water wrote 78 bytes to ecology
[dna] water wrote 48 bytes to ecology
[debug-onto] tick=300 corpus=145049 stage=2 freeze=0
[dna] water wrote 173 bytes to ecology
[dna] water wrote 79 bytes to ecology
[dna] water wrote 75 bytes to ecology
[dna] water wrote 52 bytes to ecology
[dna] water wrote 75 bytes to ecology
[dna] water wrote 136 bytes to ecology
[dna] water wrote 37 bytes to ecology
[dna] water wrote 39 bytes to ecology
[dna] water wrote 99 bytes to ecology
[dna] water wrote 41 bytes to ecology
[dna] water wrote 75 bytes to ecology
[dna] water wrote 104 bytes to ecology
[dna] water wrote 25 bytes to ecology
[dna] water wrote 30 bytes to ecology
[dna] water wrote 122 bytes to ecology
[dna] water wrote 26 bytes to ecology
[dna] water wrote 35 bytes to ecology
[dna] water wrote 29 bytes to ecology
[dna] water wrote 49 bytes to ecology
[dna] water wrote 71 bytes to ecology
[dna] water wrote 32 bytes to ecology
[dna] water wrote 47 bytes to ecology
[dna] water wrote 78 bytes to ecology
[dna] water wrote 70 bytes to ecology
[dna] water wrote 88 bytes to ecology
[dna] water wrote 37 bytes to ecology
[dna] water wrote 30 bytes to ecology
[dna] water wrote 23 bytes to ecology
[dna] water wrote 169 bytes to ecology
[dna] water wrote 41 bytes to ecology
[debug-onto] tick=350 corpus=145049 stage=2 freeze=0
[dna] water wrote 47 bytes to ecology
[dna] water wrote 75 bytes to ecology
[dna] water wrote 38 bytes to ecology
[dna] water wrote 77 bytes to ecology
[dna] water wrote 205 bytes to ecology
[dna] water wrote 109 bytes to ecology
[dna] water wrote 50 bytes to ecology
[dna] water wrote 64 bytes to ecology
[dna] water wrote 29 bytes to ecology
[dna] water wrote 86 bytes to ecology
[dna] water wrote 46 bytes to ecology
[dna] water wrote 78 bytes to ecology
[dna] water wrote 53 bytes to ecology
[dna] water wrote 110 bytes to ecology
[dna] water wrote 87 bytes to ecology
[dna] water wrote 24 bytes to ecology
[dna] water wrote 34 bytes to ecology
[dna] water wrote 58 bytes to ecology
[dna] water wrote 97 bytes to ecology
[dna] water wrote 118 bytes to ecology
[dna] water wrote 40 bytes to ecology
[dna] water wrote 130 bytes to ecology
[dna] water wrote 145 bytes to ecology
[dna] water wrote 32 bytes to ecology
[dna] water wrote 82 bytes to ecology
[dna] water wrote 63 bytes to ecology
[dna] water wrote 63 bytes to ecology
[dna] water wrote 90 bytes to ecology
[dna] water wrote 29 bytes to ecology
[dna] water wrote 67 bytes to ecology
[dna] water wrote 50 bytes to ecology
[dna] water wrote 67 bytes to ecology
[dna] water wrote 42 bytes to ecology
[dna] water wrote 73 bytes to ecology
[debug-onto] tick=400 corpus=145049 stage=2 freeze=0
[dna] water wrote 79 bytes to ecology
[dna] water wrote 116 bytes to ecology
[dna] water wrote 100 bytes to ecology
[dna] water wrote 41 bytes to ecology
[dna] water wrote 24 bytes to ecology
[dna] water wrote 39 bytes to ecology
[dna] water wrote 57 bytes to ecology
[dna] water wrote 65 bytes to ecology
[dna] water wrote 29 bytes to ecology
[dna] water wrote 45 bytes to ecology
[dna] water wrote 107 bytes to ecology
[dna] water wrote 24 bytes to ecology
[dna] water wrote 40 bytes to ecology
[dna] water wrote 33 bytes to ecology
[dna] water wrote 25 bytes to ecology
[dna] water wrote 52 bytes to ecology
[dna] water wrote 68 bytes to ecology
[dna] water wrote 44 bytes to ecology
[dna] water wrote 112 bytes to ecology
[dna] water wrote 59 bytes to ecology
[dna] water wrote 123 bytes to ecology
[dna] water wrote 74 bytes to ecology
[dna] water wrote 22 bytes to ecology
[dna] water wrote 113 bytes to ecology
[dna] water wrote 55 bytes to ecology
[dna] water wrote 32 bytes to ecology
[dna] water wrote 113 bytes to ecology
[dna] water wrote 66 bytes to ecology
[dna] water wrote 57 bytes to ecology
[dna] water wrote 73 bytes to ecology
[dna] water wrote 95 bytes to ecology
[dna] water wrote 74 bytes to ecology
[debug-onto] tick=450 corpus=145049 stage=2 freeze=0
[dna] water wrote 76 bytes to ecology
[dna] water wrote 27 bytes to ecology
[dna] water wrote 25 bytes to ecology
[dna] water wrote 71 bytes to ecology
[dna] water wrote 42 bytes to ecology
[dna] water wrote 142 bytes to ecology
[dna] water wrote 73 bytes to ecology
[dna] water wrote 35 bytes to ecology
[dna] water wrote 102 bytes to ecology
[dna] water wrote 103 bytes to ecology
[dna] water wrote 52 bytes to ecology
[dna] water wrote 74 bytes to ecology
[dna] water wrote 72 bytes to ecology
[dna] water wrote 98 bytes to ecology
[dna] water wrote 119 bytes to ecology
[dna] water wrote 122 bytes to ecology
[dna] water wrote 22 bytes to ecology
[dna] water wrote 44 bytes to ecology
[dna] water wrote 15 bytes to ecology
[dna] water wrote 53 bytes to ecology
[dna] water wrote 27 bytes to ecology
[dna] water wrote 36 bytes to ecology
[dna] water wrote 39 bytes to ecology
[dna] water wrote 57 bytes to ecology
[dna] water wrote 61 bytes to ecology
[dna] water wrote 27 bytes to ecology
[dna] water wrote 37 bytes to ecology
[dna] water wrote 101 bytes to ecology
[dna] water wrote 49 bytes to ecology
[dna] water wrote 15 bytes to ecology
[dna] water wrote 50 bytes to ecology
[debug-onto] tick=500 corpus=145049 stage=2 freeze=0
[dna] water wrote 44 bytes to ecology
[dna] water wrote 75 bytes to ecology
[dna] water wrote 43 bytes to ecology
[dna] water wrote 91 bytes to ecology
[dna] water wrote 128 bytes to ecology
[dna] water wrote 93 bytes to ecology
[dna] water wrote 49 bytes to ecology
[dna] water wrote 29 bytes to ecology
[dna] water wrote 43 bytes to ecology
[dna] water wrote 25 bytes to ecology
[dna] water wrote 37 bytes to ecology
[dna] water wrote 109 bytes to ecology
[dna] water wrote 35 bytes to ecology
[dna] water wrote 55 bytes to ecology
[dna] water wrote 89 bytes to ecology
[dna] water wrote 45 bytes to ecology
[dna] water wrote 79 bytes to ecology
[dna] water wrote 43 bytes to ecology
[dna] water wrote 80 bytes to ecology
[dna] water wrote 38 bytes to ecology
[dna] water wrote 54 bytes to ecology
[dna] water wrote 121 bytes to ecology
[dna] water wrote 86 bytes to ecology
[dna] water wrote 69 bytes to ecology
[dna] water wrote 80 bytes to ecology
[dna] water wrote 29 bytes to ecology
[dna] water wrote 23 bytes to ecology
[dna] water wrote 27 bytes to ecology
[dna] water wrote 91 bytes to ecology
[dna] water wrote 64 bytes to ecology
[dna] water wrote 55 bytes to ecology
[debug-onto] tick=550 corpus=145049 stage=2 freeze=0
[dna] water wrote 58 bytes to ecology
[dna] water wrote 21 bytes to ecology
[dna] water wrote 41 bytes to ecology
[dna] water wrote 61 bytes to ecology
[dna] water wrote 165 bytes to ecology
[dna] water wrote 55 bytes to ecology
[dna] water wrote 25 bytes to ecology
[dna] water wrote 221 bytes to ecology
[dna] water wrote 25 bytes to ecology
[dna] water wrote 53 bytes to ecology
[dna] water wrote 52 bytes to ecology
[dna] water wrote 56 bytes to ecology
[dna] water wrote 47 bytes to ecology
[dna] water wrote 29 bytes to ecology
[dna] water wrote 53 bytes to ecology
[dna] water wrote 110 bytes to ecology
[dna] water wrote 20 bytes to ecology
[dna] water wrote 43 bytes to ecology
[dna] water wrote 72 bytes to ecology
[dna] water wrote 155 bytes to ecology
[dna] water wrote 106 bytes to ecology
[dna] water wrote 44 bytes to ecology
[dna] water wrote 246 bytes to ecology
[dna] water wrote 56 bytes to ecology
[dna] water wrote 41 bytes to ecology
[dna] water wrote 161 bytes to ecology
[dna] water wrote 32 bytes to ecology
[debug-onto] tick=600 corpus=145049 stage=2 freeze=0
[dna] water wrote 58 bytes to ecology
[dna] water wrote 65 bytes to ecology
[dna] water wrote 46 bytes to ecology
[dna] water wrote 32 bytes to ecology
[dna] water wrote 24 bytes to ecology
[dna] water wrote 48 bytes to ecology
[dna] water wrote 69 bytes to ecology
[dna] water wrote 88 bytes to ecology
[dna] water wrote 22 bytes to ecology
[dna] water wrote 23 bytes to ecology
[dna] water wrote 28 bytes to ecology
[dna] water wrote 21 bytes to ecology
[dna] water wrote 34 bytes to ecology
[dna] water wrote 68 bytes to ecology
[dna] water wrote 9 bytes to ecology
[dna] water wrote 93 bytes to ecology
[dna] water wrote 88 bytes to ecology
[dna] water wrote 35 bytes to ecology
[dna] water wrote 35 bytes to ecology
[dna] water wrote 55 bytes to ecology
[dna] water wrote 34 bytes to ecology
[dna] water wrote 81 bytes to ecology

[evolution] Organism shutting down gracefully.
