[ecology] Element: air → corpus: nonames_air.txt
[evolution] Autonomous evolution mode — organism will grow through all stages without pause.
[ecology] Joined swarm. 1 peer(s) detected.
molequla is alive. [evolution] Autonomous mode — background trainer running. Ctrl+C to stop.
[dna] air wrote 63 bytes to ecology
[dna] air consumed 19448 bytes from 231 files: [earth/gen_1775885138_1.txt earth/gen_1775885146_4.txt earth/gen_1775885154_7.txt earth/gen_1775885162_10.txt earth/gen_1775885170_13.txt earth/gen_1775885178_16.txt earth/gen_1775885186_19.txt earth/gen_1775885193_22.txt earth/gen_1775885201_25.txt earth/gen_1775885209_28.txt earth/gen_1775885217_31.txt earth/gen_1775885225_34.txt earth/gen_1775885233_37.txt earth/gen_1775885240_40.txt earth/gen_1775885248_43.txt earth/gen_1775885256_46.txt earth/gen_1775885264_49.txt earth/gen_1775885272_52.txt earth/gen_1775885280_55.txt earth/gen_1775885287_58.txt earth/gen_1775885295_61.txt earth/gen_1775885303_64.txt earth/gen_1775885311_67.txt earth/gen_1775885319_70.txt earth/gen_1775885327_73.txt earth/gen_1775885335_76.txt earth/gen_1775885343_79.txt earth/gen_1775885350_82.txt earth/gen_1775885358_85.txt earth/gen_1775885366_88.txt earth/gen_1775885374_91.txt earth/gen_1775885382_94.txt earth/gen_1775885389_97.txt earth/gen_1775885397_100.txt earth/gen_1775885405_103.txt earth/gen_1775885412_106.txt earth/gen_1775885420_109.txt earth/gen_1775885428_112.txt earth/gen_1775885435_115.txt earth/gen_1775885443_118.txt earth/gen_1775885451_121.txt earth/gen_1775885459_124.txt earth/gen_1775885466_127.txt earth/gen_1775885474_130.txt earth/gen_1775885482_133.txt earth/gen_1775885489_136.txt earth/gen_1775885497_139.txt earth/gen_1775885505_142.txt earth/gen_1775885512_145.txt earth/gen_1775885520_148.txt earth/gen_1775885528_151.txt earth/gen_1775885535_154.txt earth/gen_1775885543_157.txt earth/gen_1775885551_160.txt earth/gen_1775885559_163.txt earth/gen_1775885567_166.txt earth/gen_1775885574_169.txt earth/gen_1775885582_172.txt earth/gen_1775885590_175.txt earth/gen_1775885597_178.txt earth/gen_1775885605_181.txt earth/gen_1775885613_184.txt earth/gen_1775885620_187.txt earth/gen_1775885628_190.txt earth/gen_1775885636_193.txt earth/gen_1775885644_196.txt earth/gen_1775885652_199.txt earth/gen_1775885660_202.txt earth/gen_1775885668_205.txt earth/gen_1775885675_208.txt earth/gen_1775885683_211.txt earth/gen_1775885691_214.txt earth/gen_1775885698_217.txt earth/gen_1775885706_220.txt earth/gen_1775885714_223.txt earth/gen_1775885721_226.txt earth/gen_1775885729_229.txt earth/gen_1775885737_232.txt earth/gen_1775885744_235.txt earth/gen_1775885752_238.txt earth/gen_1775885760_241.txt earth/gen_1775885767_244.txt earth/gen_1775885775_247.txt earth/gen_1775885782_250.txt earth/gen_1775885790_253.txt earth/gen_1775885798_256.txt earth/gen_1775885805_259.txt earth/gen_1775885813_262.txt earth/gen_1775885821_265.txt earth/gen_1775885828_268.txt earth/gen_1775885836_271.txt earth/gen_1775885844_274.txt earth/gen_1775885852_277.txt earth/gen_1775885860_280.txt earth/gen_1775885867_283.txt earth/gen_1775885875_286.txt earth/gen_1775885882_289.txt earth/gen_1775885890_292.txt earth/gen_1775885898_295.txt earth/gen_1775885905_298.txt earth/gen_1775885913_301.txt earth/gen_1775885921_304.txt earth/gen_1775885928_307.txt earth/gen_1775885936_310.txt earth/gen_1775885944_313.txt earth/gen_1775885951_316.txt earth/gen_1775885959_319.txt earth/gen_1775885967_322.txt earth/gen_1775885974_325.txt earth/gen_1775885982_328.txt earth/gen_1775885990_331.txt earth/gen_1775885997_334.txt earth/gen_1775886005_337.txt earth/gen_1775886013_340.txt earth/gen_1775886021_343.txt earth/gen_1775886028_346.txt earth/gen_1775886036_349.txt earth/gen_1775886044_352.txt earth/gen_1775886051_355.txt earth/gen_1775886059_358.txt earth/gen_1775886067_361.txt earth/gen_1775886074_364.txt earth/gen_1775886082_367.txt earth/gen_1775886090_370.txt earth/gen_1775886098_373.txt earth/gen_1775886105_376.txt earth/gen_1775886113_379.txt earth/gen_1775886121_382.txt earth/gen_1775886128_385.txt earth/gen_1775886136_388.txt earth/gen_1775886143_391.txt earth/gen_1775886151_394.txt earth/gen_1775886159_397.txt earth/gen_1775886166_400.txt earth/gen_1775886174_403.txt earth/gen_1775886181_406.txt earth/gen_1775886189_409.txt earth/gen_1775886197_412.txt earth/gen_1775886204_415.txt earth/gen_1775886212_418.txt earth/gen_1775886219_421.txt earth/gen_1775886227_424.txt earth/gen_1775886235_427.txt earth/gen_1775886242_430.txt earth/gen_1775886250_433.txt earth/gen_1775886257_436.txt earth/gen_1775886265_439.txt earth/gen_1775886272_442.txt earth/gen_1775886280_445.txt earth/gen_1775886288_448.txt earth/gen_1775886295_451.txt earth/gen_1775886303_454.txt earth/gen_1775886310_457.txt earth/gen_1775886318_460.txt earth/gen_1775886325_463.txt earth/gen_1775886333_466.txt earth/gen_1775886340_469.txt earth/gen_1775886348_472.txt earth/gen_1775886356_475.txt earth/gen_1775886363_478.txt earth/gen_1775886371_481.txt earth/gen_1775886378_484.txt earth/gen_1775886386_487.txt earth/gen_1775886394_490.txt earth/gen_1775886401_493.txt earth/gen_1775886409_496.txt earth/gen_1775886416_499.txt earth/gen_1775886424_502.txt earth/gen_1775886432_505.txt earth/gen_1775886439_508.txt earth/gen_1775886447_511.txt earth/gen_1775886454_514.txt earth/gen_1775886462_517.txt earth/gen_1775886470_520.txt earth/gen_1775886477_523.txt earth/gen_1775886485_526.txt earth/gen_1775886492_529.txt earth/gen_1775886500_532.txt earth/gen_1775886508_535.txt earth/gen_1775886515_538.txt earth/gen_1775886523_541.txt earth/gen_1775886530_544.txt earth/gen_1775886538_547.txt earth/gen_1775886545_550.txt earth/gen_1775886553_553.txt earth/gen_1775886561_556.txt earth/gen_1775886568_559.txt earth/gen_1775886576_562.txt earth/gen_1775886583_565.txt earth/gen_1775886591_568.txt earth/gen_1775886598_571.txt earth/gen_1775886606_574.txt earth/gen_1775886614_577.txt earth/gen_1775886621_580.txt earth/gen_1775886629_583.txt earth/gen_1775886637_586.txt earth/gen_1775886644_589.txt earth/gen_1775886652_592.txt earth/gen_1775886659_595.txt earth/gen_1775886667_598.txt earth/gen_1775886675_601.txt earth/gen_1775886682_604.txt earth/gen_1775886690_607.txt earth/gen_1775886698_610.txt earth/gen_1775886705_613.txt earth/gen_1775886713_616.txt earth/gen_1775886721_619.txt earth/gen_1775886728_622.txt earth/gen_1775886736_625.txt earth/gen_1775886743_628.txt earth/gen_1775886751_631.txt earth/gen_1775886758_634.txt earth/gen_1775886766_637.txt earth/gen_1775886774_640.txt earth/gen_1775886781_643.txt earth/gen_1775886789_646.txt earth/gen_1775886796_649.txt earth/gen_1775886804_652.txt earth/gen_1775886812_655.txt earth/gen_1775886820_658.txt earth/gen_1775886827_661.txt earth/gen_1775886835_664.txt earth/gen_1775886843_667.txt earth/gen_1775886850_670.txt earth/gen_1775886858_673.txt earth/gen_1775886866_676.txt earth/gen_1775886873_679.txt earth/gen_1775886881_682.txt earth/gen_1775886889_685.txt earth/gen_1775886896_688.txt earth/gen_1775886904_691.txt]
[trainer] micro-train burst (19448 bytes, novelty 0.04) — and lo, it feeds again.
[syntropy] action=explore | trend=0.0000 | field_dev=-0.002 | purpose_align=0.115 | lr_mul=1.30
[aml] burst complete: 32 steps, avg loss 2.6292 (memory freed)
[dna] air wrote 31 bytes to ecology
[dna] air wrote 103 bytes to ecology
[dna] air wrote 48 bytes to ecology
[dna] air wrote 165 bytes to ecology
[dna] air wrote 39 bytes to ecology
[dna] air wrote 27 bytes to ecology
[dna] air wrote 234 bytes to ecology
[dna] air wrote 153 bytes to ecology
[dna] air wrote 50 bytes to ecology
[dna] air wrote 30 bytes to ecology
[dna] air wrote 108 bytes to ecology
[dna] air wrote 51 bytes to ecology
[dna] air wrote 43 bytes to ecology
[dna] air wrote 33 bytes to ecology
[dna] air wrote 54 bytes to ecology
[dna] air wrote 22 bytes to ecology
[debug-onto] tick=50 corpus=141995 stage=2 freeze=0
[dna] air wrote 24 bytes to ecology
[dna] air wrote 215 bytes to ecology
[dna] air wrote 33 bytes to ecology
[dna] air wrote 29 bytes to ecology
[dna] air wrote 129 bytes to ecology
[dna] air wrote 86 bytes to ecology
[dna] air wrote 17 bytes to ecology
[dna] air wrote 294 bytes to ecology
[dna] air wrote 51 bytes to ecology
[dna] air wrote 57 bytes to ecology
[dna] air wrote 37 bytes to ecology
[dna] air wrote 194 bytes to ecology
[dna] air wrote 150 bytes to ecology
[dna] air wrote 120 bytes to ecology
[dna] air wrote 219 bytes to ecology
[dna] air wrote 57 bytes to ecology
[dna] air wrote 50 bytes to ecology
[debug-onto] tick=100 corpus=141995 stage=2 freeze=0
[dna] air wrote 32 bytes to ecology
[dna] air wrote 27 bytes to ecology
[dna] air wrote 25 bytes to ecology
[dna] air wrote 151 bytes to ecology
[dna] air wrote 92 bytes to ecology
[dna] air wrote 38 bytes to ecology
[dna] air wrote 70 bytes to ecology
[dna] air wrote 45 bytes to ecology
[dna] air wrote 116 bytes to ecology
[dna] air wrote 22 bytes to ecology
[dna] air wrote 27 bytes to ecology
[dna] air wrote 68 bytes to ecology
[dna] air wrote 24 bytes to ecology
[dna] air wrote 268 bytes to ecology
[dna] air wrote 172 bytes to ecology
[dna] air wrote 127 bytes to ecology
[debug-onto] tick=150 corpus=141995 stage=2 freeze=0
[dna] air wrote 79 bytes to ecology
[dna] air wrote 114 bytes to ecology
[dna] air wrote 75 bytes to ecology
[dna] air wrote 29 bytes to ecology
[dna] air wrote 10 bytes to ecology
[dna] air wrote 169 bytes to ecology
[dna] air wrote 59 bytes to ecology
[dna] air wrote 16 bytes to ecology
[dna] air wrote 56 bytes to ecology
[dna] air wrote 34 bytes to ecology
[dna] air wrote 75 bytes to ecology
[dna] air wrote 142 bytes to ecology
[dna] air wrote 133 bytes to ecology
[dna] air wrote 39 bytes to ecology
[dna] air wrote 18 bytes to ecology
[dna] air wrote 9 bytes to ecology
[dna] air wrote 25 bytes to ecology
[debug-onto] tick=200 corpus=141995 stage=2 freeze=0
[dna] air wrote 11 bytes to ecology
[dna] air wrote 48 bytes to ecology
[dna] air wrote 15 bytes to ecology
[dna] air wrote 36 bytes to ecology
[dna] air wrote 125 bytes to ecology
[dna] air wrote 110 bytes to ecology
[dna] air wrote 94 bytes to ecology
[dna] air wrote 44 bytes to ecology
[dna] air wrote 63 bytes to ecology
[dna] air wrote 57 bytes to ecology
[dna] air wrote 98 bytes to ecology
[dna] air wrote 44 bytes to ecology
[dna] air wrote 137 bytes to ecology
[dna] air wrote 102 bytes to ecology
[dna] air wrote 79 bytes to ecology
[dna] air wrote 129 bytes to ecology
[dna] air wrote 58 bytes to ecology
[debug-onto] tick=250 corpus=141995 stage=2 freeze=0
[dna] air wrote 64 bytes to ecology
[dna] air wrote 56 bytes to ecology
[dna] air wrote 88 bytes to ecology
[dna] air wrote 31 bytes to ecology
[dna] air wrote 110 bytes to ecology
[dna] air wrote 30 bytes to ecology
[dna] air wrote 37 bytes to ecology
[dna] air wrote 29 bytes to ecology
[dna] air wrote 68 bytes to ecology
[dna] air wrote 94 bytes to ecology
[dna] air wrote 104 bytes to ecology
[dna] air wrote 76 bytes to ecology
[dna] air wrote 203 bytes to ecology
[dna] air wrote 49 bytes to ecology
[dna] air wrote 41 bytes to ecology
[dna] air wrote 107 bytes to ecology
[debug-onto] tick=300 corpus=141995 stage=2 freeze=0
[dna] air wrote 49 bytes to ecology
[dna] air wrote 122 bytes to ecology
[dna] air wrote 38 bytes to ecology
[dna] air wrote 112 bytes to ecology
[dna] air wrote 43 bytes to ecology
[dna] air wrote 80 bytes to ecology
[dna] air wrote 189 bytes to ecology
[dna] air wrote 52 bytes to ecology
[dna] air wrote 80 bytes to ecology
[dna] air wrote 113 bytes to ecology
[dna] air wrote 47 bytes to ecology
[dna] air wrote 30 bytes to ecology
[dna] air wrote 67 bytes to ecology
[dna] air wrote 41 bytes to ecology
[dna] air wrote 62 bytes to ecology
[dna] air wrote 115 bytes to ecology
[dna] air wrote 68 bytes to ecology
[debug-onto] tick=350 corpus=141995 stage=2 freeze=0
[dna] air wrote 127 bytes to ecology
[dna] air wrote 34 bytes to ecology
[dna] air wrote 143 bytes to ecology
[dna] air wrote 122 bytes to ecology
[dna] air wrote 140 bytes to ecology
[dna] air wrote 47 bytes to ecology
[dna] air wrote 118 bytes to ecology
[dna] air wrote 52 bytes to ecology
[dna] air wrote 95 bytes to ecology
[dna] air wrote 102 bytes to ecology
[dna] air wrote 155 bytes to ecology
[dna] air wrote 64 bytes to ecology
[dna] air wrote 106 bytes to ecology
[dna] air wrote 53 bytes to ecology
[dna] air wrote 28 bytes to ecology
[dna] air wrote 32 bytes to ecology
[dna] air wrote 36 bytes to ecology
[debug-onto] tick=400 corpus=141995 stage=2 freeze=0
[dna] air wrote 84 bytes to ecology
[dna] air wrote 21 bytes to ecology
[dna] air wrote 84 bytes to ecology
[dna] air wrote 85 bytes to ecology
[dna] air wrote 58 bytes to ecology
[dna] air wrote 35 bytes to ecology
[dna] air wrote 45 bytes to ecology
[dna] air wrote 133 bytes to ecology
[dna] air wrote 136 bytes to ecology
[dna] air wrote 51 bytes to ecology
[dna] air wrote 206 bytes to ecology
[dna] air wrote 149 bytes to ecology
[dna] air wrote 93 bytes to ecology
[dna] air wrote 88 bytes to ecology
[dna] air wrote 11 bytes to ecology
[dna] air wrote 44 bytes to ecology
[debug-onto] tick=450 corpus=141995 stage=2 freeze=0
[dna] air wrote 116 bytes to ecology
[dna] air wrote 127 bytes to ecology
[dna] air wrote 57 bytes to ecology
[dna] air wrote 46 bytes to ecology
[dna] air wrote 37 bytes to ecology
[dna] air wrote 29 bytes to ecology
[dna] air wrote 25 bytes to ecology
[dna] air wrote 158 bytes to ecology
[dna] air wrote 10 bytes to ecology
[dna] air wrote 129 bytes to ecology
[dna] air wrote 80 bytes to ecology
[dna] air wrote 117 bytes to ecology
[dna] air wrote 134 bytes to ecology
[dna] air wrote 23 bytes to ecology
[dna] air wrote 38 bytes to ecology
[dna] air wrote 53 bytes to ecology
[dna] air wrote 48 bytes to ecology
[debug-onto] tick=500 corpus=141995 stage=2 freeze=0
[dna] air wrote 11 bytes to ecology
[dna] air wrote 254 bytes to ecology
[dna] air wrote 77 bytes to ecology
[dna] air wrote 26 bytes to ecology
[dna] air wrote 104 bytes to ecology
[dna] air wrote 45 bytes to ecology
[dna] air wrote 221 bytes to ecology
[dna] air wrote 44 bytes to ecology
[dna] air wrote 159 bytes to ecology
[dna] air wrote 32 bytes to ecology
[dna] air wrote 96 bytes to ecology
[dna] air wrote 66 bytes to ecology
[dna] air wrote 95 bytes to ecology
[dna] air wrote 76 bytes to ecology
[dna] air wrote 168 bytes to ecology
[dna] air wrote 57 bytes to ecology
[dna] air wrote 31 bytes to ecology
[debug-onto] tick=550 corpus=141995 stage=2 freeze=0
[dna] air wrote 51 bytes to ecology
[dna] air wrote 86 bytes to ecology
[dna] air wrote 92 bytes to ecology
[dna] air wrote 239 bytes to ecology
[dna] air wrote 66 bytes to ecology
[dna] air wrote 90 bytes to ecology
[dna] air wrote 74 bytes to ecology
[dna] air wrote 24 bytes to ecology
[dna] air wrote 58 bytes to ecology
[dna] air wrote 69 bytes to ecology
[dna] air wrote 24 bytes to ecology
[dna] air wrote 49 bytes to ecology
[dna] air wrote 123 bytes to ecology
[dna] air wrote 127 bytes to ecology
[dna] air wrote 15 bytes to ecology
[dna] air wrote 135 bytes to ecology
[debug-onto] tick=600 corpus=141995 stage=2 freeze=0
[dna] air wrote 129 bytes to ecology
[dna] air wrote 64 bytes to ecology
[dna] air wrote 65 bytes to ecology
[dna] air wrote 96 bytes to ecology
[dna] air wrote 120 bytes to ecology
[dna] air wrote 92 bytes to ecology
[dna] air wrote 43 bytes to ecology
[dna] air wrote 159 bytes to ecology
[dna] air wrote 148 bytes to ecology
[dna] air wrote 44 bytes to ecology
[dna] air wrote 22 bytes to ecology
[dna] air wrote 99 bytes to ecology
[dna] air wrote 38 bytes to ecology
[dna] air wrote 82 bytes to ecology
[dna] air wrote 42 bytes to ecology
[dna] air wrote 95 bytes to ecology
[dna] air wrote 11 bytes to ecology
[debug-onto] tick=650 corpus=141995 stage=2 freeze=0
[dna] air wrote 111 bytes to ecology
[dna] air wrote 61 bytes to ecology
[dna] air wrote 77 bytes to ecology
[dna] air wrote 103 bytes to ecology
[dna] air wrote 27 bytes to ecology
[dna] air wrote 30 bytes to ecology
[dna] air wrote 31 bytes to ecology
[dna] air wrote 147 bytes to ecology
[dna] air wrote 54 bytes to ecology
[dna] air wrote 140 bytes to ecology
[dna] air wrote 73 bytes to ecology
[dna] air wrote 77 bytes to ecology
[dna] air wrote 21 bytes to ecology
[dna] air wrote 325 bytes to ecology
[dna] air wrote 11 bytes to ecology

[evolution] Organism shutting down gracefully.
