[ecology] Element: fire → corpus: nonames_fire.txt
[evolution] Autonomous evolution mode — organism will grow through all stages without pause.
[ecology] Joined swarm. 1 peer(s) detected.
molequla is alive. [evolution] Autonomous mode — background trainer running. Ctrl+C to stop.
[dna] fire wrote 88 bytes to ecology
[dna] fire consumed 13129 bytes from 210 files: [water/gen_1775888711_1.txt water/gen_1775888727_4.txt water/gen_1775888735_7.txt water/gen_1775888744_10.txt water/gen_1775888753_13.txt water/gen_1775888761_16.txt water/gen_1775888770_19.txt water/gen_1775888778_22.txt water/gen_1775888787_25.txt water/gen_1775888796_28.txt water/gen_1775888804_31.txt water/gen_1775888813_34.txt water/gen_1775888821_37.txt water/gen_1775888829_40.txt water/gen_1775888838_43.txt water/gen_1775888847_46.txt water/gen_1775888855_49.txt water/gen_1775888864_52.txt water/gen_1775888872_55.txt water/gen_1775888881_58.txt water/gen_1775888889_61.txt water/gen_1775888897_64.txt water/gen_1775888906_67.txt water/gen_1775888915_70.txt water/gen_1775888924_73.txt water/gen_1775888932_76.txt water/gen_1775888941_79.txt water/gen_1775888950_82.txt water/gen_1775888958_85.txt water/gen_1775888967_88.txt water/gen_1775888976_91.txt water/gen_1775888985_94.txt water/gen_1775888993_97.txt water/gen_1775889002_100.txt water/gen_1775889011_103.txt water/gen_1775889020_106.txt water/gen_1775889028_109.txt water/gen_1775889037_112.txt water/gen_1775889046_115.txt water/gen_1775889054_118.txt water/gen_1775889063_121.txt water/gen_1775889072_124.txt water/gen_1775889081_127.txt water/gen_1775889089_130.txt water/gen_1775889098_133.txt water/gen_1775889107_136.txt water/gen_1775889116_139.txt water/gen_1775889124_142.txt water/gen_1775889133_145.txt water/gen_1775889142_148.txt water/gen_1775889151_151.txt water/gen_1775889159_154.txt water/gen_1775889168_157.txt water/gen_1775889177_160.txt water/gen_1775889185_163.txt water/gen_1775889194_166.txt water/gen_1775889203_169.txt water/gen_1775889212_172.txt water/gen_1775889220_175.txt water/gen_1775889229_178.txt water/gen_1775889238_181.txt water/gen_1775889247_184.txt water/gen_1775889255_187.txt water/gen_1775889264_190.txt water/gen_1775889273_193.txt water/gen_1775889282_196.txt water/gen_1775889290_199.txt water/gen_1775889299_202.txt water/gen_1775889308_205.txt water/gen_1775889316_208.txt water/gen_1775889325_211.txt water/gen_1775889334_214.txt water/gen_1775889342_217.txt water/gen_1775889351_220.txt water/gen_1775889360_223.txt water/gen_1775889368_226.txt water/gen_1775889377_229.txt water/gen_1775889386_232.txt water/gen_1775889395_235.txt water/gen_1775889403_238.txt water/gen_1775889412_241.txt water/gen_1775889421_244.txt water/gen_1775889429_247.txt water/gen_1775889438_250.txt water/gen_1775889447_253.txt water/gen_1775889456_256.txt water/gen_1775889464_259.txt water/gen_1775889473_262.txt water/gen_1775889481_265.txt water/gen_1775889490_268.txt water/gen_1775889499_271.txt water/gen_1775889507_274.txt water/gen_1775889516_277.txt water/gen_1775889525_280.txt water/gen_1775889534_283.txt water/gen_1775889542_286.txt water/gen_1775889551_289.txt water/gen_1775889560_292.txt water/gen_1775889568_295.txt water/gen_1775889577_298.txt water/gen_1775889585_301.txt water/gen_1775889594_304.txt water/gen_1775889602_307.txt water/gen_1775889611_310.txt water/gen_1775889619_313.txt water/gen_1775889627_316.txt water/gen_1775889636_319.txt water/gen_1775889644_322.txt water/gen_1775889653_325.txt water/gen_1775889661_328.txt water/gen_1775889669_331.txt water/gen_1775889678_334.txt water/gen_1775889686_337.txt water/gen_1775889694_340.txt water/gen_1775889703_343.txt water/gen_1775889711_346.txt water/gen_1775889719_349.txt water/gen_1775889727_352.txt water/gen_1775889736_355.txt water/gen_1775889744_358.txt water/gen_1775889752_361.txt water/gen_1775889761_364.txt water/gen_1775889769_367.txt water/gen_1775889777_370.txt water/gen_1775889785_373.txt water/gen_1775889794_376.txt water/gen_1775889802_379.txt water/gen_1775889810_382.txt water/gen_1775889819_385.txt water/gen_1775889827_388.txt water/gen_1775889835_391.txt water/gen_1775889844_394.txt water/gen_1775889852_397.txt water/gen_1775889860_400.txt water/gen_1775889869_403.txt water/gen_1775889877_406.txt water/gen_1775889885_409.txt water/gen_1775889893_412.txt water/gen_1775889902_415.txt water/gen_1775889910_418.txt water/gen_1775889918_421.txt water/gen_1775889927_424.txt water/gen_1775889935_427.txt water/gen_1775889943_430.txt water/gen_1775889952_433.txt water/gen_1775889960_436.txt water/gen_1775889968_439.txt water/gen_1775889977_442.txt water/gen_1775889985_445.txt water/gen_1775889993_448.txt water/gen_1775890002_451.txt water/gen_1775890010_454.txt water/gen_1775890018_457.txt water/gen_1775890027_460.txt water/gen_1775890035_463.txt water/gen_1775890043_466.txt water/gen_1775890051_469.txt water/gen_1775890060_472.txt water/gen_1775890068_475.txt water/gen_1775890076_478.txt water/gen_1775890085_481.txt water/gen_1775890093_484.txt water/gen_1775890101_487.txt water/gen_1775890109_490.txt water/gen_1775890118_493.txt water/gen_1775890126_496.txt water/gen_1775890135_499.txt water/gen_1775890143_502.txt water/gen_1775890152_505.txt water/gen_1775890160_508.txt water/gen_1775890168_511.txt water/gen_1775890177_514.txt water/gen_1775890185_517.txt water/gen_1775890194_520.txt water/gen_1775890202_523.txt water/gen_1775890210_526.txt water/gen_1775890218_529.txt water/gen_1775890227_532.txt water/gen_1775890235_535.txt water/gen_1775890243_538.txt water/gen_1775890251_541.txt water/gen_1775890260_544.txt water/gen_1775890268_547.txt water/gen_1775890277_550.txt water/gen_1775890285_553.txt water/gen_1775890294_556.txt water/gen_1775890302_559.txt water/gen_1775890311_562.txt water/gen_1775890319_565.txt water/gen_1775890327_568.txt water/gen_1775890336_571.txt water/gen_1775890344_574.txt water/gen_1775890353_577.txt water/gen_1775890361_580.txt water/gen_1775890370_583.txt water/gen_1775890378_586.txt water/gen_1775890386_589.txt water/gen_1775890394_592.txt water/gen_1775890403_595.txt water/gen_1775890411_598.txt water/gen_1775890420_601.txt water/gen_1775890428_604.txt water/gen_1775890436_607.txt water/gen_1775890445_610.txt water/gen_1775890461_616.txt water/gen_1775890470_619.txt water/gen_1775890478_622.txt water/gen_1775890486_625.txt water/gen_1775890495_628.txt water/gen_1775890503_631.txt]
[trainer] micro-train burst (13129 bytes, novelty 0.05) — and lo, it feeds again.
[syntropy] action=explore | trend=0.0000 | field_dev=-0.029 | purpose_align=0.112 | lr_mul=1.30
[aml] burst complete: 32 steps, avg loss 1.8443 (memory freed)
[dna] fire wrote 60 bytes to ecology
[dna] fire wrote 12 bytes to ecology
[dna] fire wrote 30 bytes to ecology
[dna] fire wrote 6 bytes to ecology
[dna] fire wrote 101 bytes to ecology
[dna] fire wrote 46 bytes to ecology
[dna] fire wrote 43 bytes to ecology
[dna] fire wrote 37 bytes to ecology
[dna] fire wrote 223 bytes to ecology
[dna] fire wrote 33 bytes to ecology
[dna] fire wrote 54 bytes to ecology
[dna] fire wrote 105 bytes to ecology
[dna] fire wrote 239 bytes to ecology
[dna] fire wrote 67 bytes to ecology
[dna] fire wrote 22 bytes to ecology
[dna] fire wrote 81 bytes to ecology
[debug-onto] tick=50 corpus=135239 stage=2 freeze=0
[dna] fire wrote 38 bytes to ecology
[dna] fire wrote 128 bytes to ecology
[dna] fire wrote 62 bytes to ecology
[dna] fire wrote 38 bytes to ecology
[dna] fire wrote 208 bytes to ecology
[dna] fire wrote 49 bytes to ecology
[dna] fire wrote 22 bytes to ecology
[dna] fire wrote 12 bytes to ecology
[dna] fire wrote 37 bytes to ecology
[dna] fire wrote 104 bytes to ecology
[dna] fire wrote 98 bytes to ecology
[dna] fire wrote 74 bytes to ecology
[dna] fire wrote 72 bytes to ecology
[dna] fire wrote 44 bytes to ecology
[dna] fire wrote 17 bytes to ecology
[dna] fire wrote 37 bytes to ecology
[dna] fire wrote 36 bytes to ecology
[debug-onto] tick=100 corpus=135239 stage=2 freeze=0
[dna] fire wrote 121 bytes to ecology
[dna] fire wrote 43 bytes to ecology
[dna] fire wrote 17 bytes to ecology
[dna] fire wrote 114 bytes to ecology
[dna] fire wrote 54 bytes to ecology
[dna] fire wrote 137 bytes to ecology
[dna] fire wrote 36 bytes to ecology
[dna] fire wrote 38 bytes to ecology
[dna] fire wrote 38 bytes to ecology
[dna] fire wrote 59 bytes to ecology
[dna] fire wrote 20 bytes to ecology
[dna] fire wrote 70 bytes to ecology
[dna] fire wrote 22 bytes to ecology
[dna] fire wrote 28 bytes to ecology
[dna] fire wrote 39 bytes to ecology
[dna] fire wrote 30 bytes to ecology
[debug-onto] tick=150 corpus=135239 stage=2 freeze=0
[dna] fire wrote 35 bytes to ecology
[dna] fire wrote 57 bytes to ecology
[dna] fire wrote 14 bytes to ecology
[dna] fire wrote 48 bytes to ecology
[dna] fire wrote 92 bytes to ecology
[dna] fire wrote 109 bytes to ecology
[dna] fire wrote 56 bytes to ecology
[dna] fire wrote 66 bytes to ecology
[dna] fire wrote 39 bytes to ecology
[dna] fire wrote 117 bytes to ecology
[dna] fire wrote 83 bytes to ecology
[dna] fire wrote 117 bytes to ecology
[dna] fire wrote 49 bytes to ecology
[dna] fire wrote 26 bytes to ecology
[dna] fire wrote 87 bytes to ecology
[dna] fire wrote 53 bytes to ecology
[dna] fire wrote 48 bytes to ecology
[debug-onto] tick=200 corpus=135239 stage=2 freeze=0
[dna] fire wrote 30 bytes to ecology
[dna] fire wrote 45 bytes to ecology
[dna] fire wrote 50 bytes to ecology
[dna] fire wrote 93 bytes to ecology
[dna] fire wrote 69 bytes to ecology
[dna] fire wrote 24 bytes to ecology
[dna] fire wrote 35 bytes to ecology
[dna] fire wrote 34 bytes to ecology
[dna] fire wrote 157 bytes to ecology
[dna] fire wrote 27 bytes to ecology
[dna] fire wrote 33 bytes to ecology
[dna] fire wrote 59 bytes to ecology
[dna] fire wrote 93 bytes to ecology
[dna] fire wrote 70 bytes to ecology
[dna] fire wrote 39 bytes to ecology
[dna] fire wrote 29 bytes to ecology
[dna] fire wrote 31 bytes to ecology
[debug-onto] tick=250 corpus=135239 stage=2 freeze=0
[dna] fire wrote 17 bytes to ecology
[dna] fire wrote 27 bytes to ecology
[dna] fire wrote 31 bytes to ecology
[dna] fire wrote 92 bytes to ecology
[dna] fire wrote 31 bytes to ecology
[dna] fire wrote 43 bytes to ecology
[dna] fire wrote 38 bytes to ecology
[dna] fire wrote 50 bytes to ecology
[dna] fire wrote 19 bytes to ecology
[dna] fire wrote 64 bytes to ecology
[dna] fire wrote 23 bytes to ecology
[dna] fire wrote 39 bytes to ecology
[dna] fire wrote 72 bytes to ecology
[dna] fire wrote 28 bytes to ecology
[dna] fire wrote 103 bytes to ecology
[dna] fire wrote 7 bytes to ecology
[debug-onto] tick=300 corpus=135239 stage=2 freeze=0
[dna] fire wrote 72 bytes to ecology
[dna] fire wrote 117 bytes to ecology
[dna] fire wrote 76 bytes to ecology
[dna] fire wrote 170 bytes to ecology
[dna] fire wrote 29 bytes to ecology
[dna] fire wrote 27 bytes to ecology
[dna] fire wrote 47 bytes to ecology
[dna] fire wrote 73 bytes to ecology
[dna] fire wrote 41 bytes to ecology
[dna] fire wrote 105 bytes to ecology
[dna] fire wrote 73 bytes to ecology
[dna] fire wrote 127 bytes to ecology
[dna] fire wrote 34 bytes to ecology
[dna] fire wrote 33 bytes to ecology
[dna] fire wrote 35 bytes to ecology
[dna] fire wrote 105 bytes to ecology
[dna] fire wrote 93 bytes to ecology
[debug-onto] tick=350 corpus=135239 stage=2 freeze=0
[dna] fire wrote 29 bytes to ecology
[dna] fire wrote 18 bytes to ecology
[dna] fire wrote 122 bytes to ecology
[dna] fire wrote 110 bytes to ecology
[dna] fire wrote 88 bytes to ecology
[dna] fire wrote 65 bytes to ecology
[dna] fire wrote 81 bytes to ecology
[dna] fire wrote 71 bytes to ecology
[dna] fire wrote 11 bytes to ecology
[dna] fire wrote 56 bytes to ecology
[dna] fire wrote 107 bytes to ecology
[dna] fire wrote 28 bytes to ecology
[dna] fire wrote 31 bytes to ecology
[dna] fire wrote 13 bytes to ecology
[dna] fire wrote 51 bytes to ecology
[dna] fire wrote 29 bytes to ecology
[dna] fire wrote 67 bytes to ecology
[debug-onto] tick=400 corpus=135239 stage=2 freeze=0
[dna] fire wrote 79 bytes to ecology
[dna] fire wrote 98 bytes to ecology
[dna] fire wrote 20 bytes to ecology
[dna] fire wrote 63 bytes to ecology
[dna] fire wrote 57 bytes to ecology
[dna] fire wrote 76 bytes to ecology
[dna] fire wrote 72 bytes to ecology
[dna] fire wrote 32 bytes to ecology
[dna] fire wrote 19 bytes to ecology
[dna] fire wrote 37 bytes to ecology
[dna] fire wrote 46 bytes to ecology
[dna] fire wrote 109 bytes to ecology
[dna] fire wrote 30 bytes to ecology
[dna] fire wrote 75 bytes to ecology
[dna] fire wrote 12 bytes to ecology
[dna] fire wrote 28 bytes to ecology
[debug-onto] tick=450 corpus=135239 stage=2 freeze=0
[dna] fire wrote 82 bytes to ecology
[dna] fire wrote 198 bytes to ecology
[dna] fire wrote 70 bytes to ecology
[dna] fire wrote 90 bytes to ecology
[dna] fire wrote 37 bytes to ecology
[dna] fire wrote 179 bytes to ecology
[dna] fire wrote 36 bytes to ecology
[dna] fire wrote 114 bytes to ecology
[dna] fire wrote 14 bytes to ecology
[dna] fire wrote 18 bytes to ecology
[dna] fire wrote 258 bytes to ecology
[dna] fire wrote 43 bytes to ecology
[dna] fire wrote 59 bytes to ecology
[dna] fire wrote 71 bytes to ecology
[dna] fire wrote 15 bytes to ecology
[dna] fire wrote 115 bytes to ecology
[dna] fire wrote 29 bytes to ecology
[debug-onto] tick=500 corpus=135239 stage=2 freeze=0
[dna] fire wrote 107 bytes to ecology
[dna] fire wrote 120 bytes to ecology
[dna] fire wrote 53 bytes to ecology
[dna] fire wrote 11 bytes to ecology
[dna] fire wrote 7 bytes to ecology
[dna] fire wrote 34 bytes to ecology
[dna] fire wrote 18 bytes to ecology
[dna] fire wrote 20 bytes to ecology
[dna] fire wrote 190 bytes to ecology
[dna] fire wrote 58 bytes to ecology
[dna] fire wrote 72 bytes to ecology
[dna] fire wrote 52 bytes to ecology
[dna] fire wrote 50 bytes to ecology
[dna] fire wrote 114 bytes to ecology
[dna] fire wrote 36 bytes to ecology
[dna] fire wrote 63 bytes to ecology
[dna] fire wrote 104 bytes to ecology
[debug-onto] tick=550 corpus=135239 stage=2 freeze=0
[dna] fire wrote 39 bytes to ecology
[dna] fire wrote 32 bytes to ecology
[dna] fire wrote 70 bytes to ecology
[dna] fire wrote 21 bytes to ecology
[dna] fire wrote 70 bytes to ecology
[dna] fire wrote 61 bytes to ecology
[dna] fire wrote 86 bytes to ecology
[dna] fire wrote 58 bytes to ecology
[dna] fire wrote 51 bytes to ecology
[dna] fire wrote 41 bytes to ecology
[dna] fire wrote 11 bytes to ecology
[dna] fire wrote 37 bytes to ecology
[dna] fire wrote 49 bytes to ecology
[dna] fire wrote 41 bytes to ecology
[dna] fire wrote 12 bytes to ecology
[dna] fire wrote 40 bytes to ecology
[debug-onto] tick=600 corpus=135239 stage=2 freeze=0
[dna] fire wrote 116 bytes to ecology
[dna] fire wrote 12 bytes to ecology
[dna] fire wrote 114 bytes to ecology
[dna] fire wrote 42 bytes to ecology
[dna] fire wrote 83 bytes to ecology
[dna] fire wrote 89 bytes to ecology
[dna] fire wrote 135 bytes to ecology
[dna] fire wrote 40 bytes to ecology
[dna] fire wrote 91 bytes to ecology
[dna] fire wrote 46 bytes to ecology
[dna] fire wrote 26 bytes to ecology
[dna] fire wrote 140 bytes to ecology
[dna] fire wrote 102 bytes to ecology
[dna] fire wrote 44 bytes to ecology
[dna] fire wrote 42 bytes to ecology
[dna] fire wrote 189 bytes to ecology
[dna] fire wrote 46 bytes to ecology
[debug-onto] tick=650 corpus=135239 stage=2 freeze=0
[dna] fire wrote 41 bytes to ecology
[dna] fire wrote 118 bytes to ecology
[dna] fire wrote 57 bytes to ecology
[dna] fire wrote 65 bytes to ecology
[dna] fire wrote 5 bytes to ecology
[dna] fire wrote 47 bytes to ecology
[dna] fire wrote 80 bytes to ecology
[dna] fire wrote 33 bytes to ecology
[dna] fire wrote 132 bytes to ecology
[dna] fire wrote 30 bytes to ecology
[dna] fire wrote 38 bytes to ecology
[dna] fire wrote 73 bytes to ecology
[dna] fire wrote 25 bytes to ecology
[dna] fire wrote 74 bytes to ecology

[evolution] Organism shutting down gracefully.
