[ecology] Element: air → corpus: nonames_air.txt
[evolution] Autonomous evolution mode — organism will grow through all stages without pause.
[ecology] Joined swarm. 1 peer(s) detected.
molequla is alive. [evolution] Autonomous mode — background trainer running. Ctrl+C to stop.
[dna] air wrote 34 bytes to ecology
[dna] air consumed 25547 bytes from 340 files: [earth/gen_1778048971_1.txt earth/gen_1778048978_4.txt earth/gen_1778048984_6.txt earth/gen_1778048986_7.txt earth/gen_1778048994_10.txt earth/gen_1778048999_12.txt earth/gen_1778049002_13.txt earth/gen_1778049004_14.txt earth/gen_1778049009_16.txt earth/gen_1778049015_18.txt earth/gen_1778049017_19.txt earth/gen_1778049025_22.txt earth/gen_1778049030_24.txt earth/gen_1778049033_25.txt earth/gen_1778049040_28.txt earth/gen_1778049048_31.txt earth/gen_1778049056_34.txt earth/gen_1778049061_36.txt earth/gen_1778049063_37.txt earth/gen_1778049071_40.txt earth/gen_1778049076_42.txt earth/gen_1778049079_43.txt earth/gen_1778049086_46.txt earth/gen_1778049091_48.txt earth/gen_1778049094_49.txt earth/gen_1778049102_52.txt earth/gen_1778049107_54.txt earth/gen_1778049110_55.txt earth/gen_1778049117_58.txt earth/gen_1778049122_60.txt earth/gen_1778049125_61.txt earth/gen_1778049130_63.txt earth/gen_1778049133_64.txt earth/gen_1778049141_67.txt earth/gen_1778049146_69.txt earth/gen_1778049148_70.txt earth/gen_1778049156_73.txt earth/gen_1778049164_76.txt earth/gen_1778049172_79.txt earth/gen_1778049179_82.txt earth/gen_1778049187_85.txt earth/gen_1778049195_88.txt earth/gen_1778049202_91.txt earth/gen_1778049208_93.txt earth/gen_1778049210_94.txt earth/gen_1778049218_97.txt earth/gen_1778049226_100.txt earth/gen_1778049231_102.txt earth/gen_1778049234_103.txt earth/gen_1778049239_105.txt earth/gen_1778049241_106.txt earth/gen_1778049246_108.txt earth/gen_1778049249_109.txt earth/gen_1778049254_111.txt earth/gen_1778049257_112.txt earth/gen_1778049265_115.txt earth/gen_1778049273_118.txt earth/gen_1778049278_120.txt earth/gen_1778049281_121.txt earth/gen_1778049288_124.txt earth/gen_1778049293_126.txt earth/gen_1778049296_127.txt earth/gen_1778049304_130.txt earth/gen_1778049309_132.txt earth/gen_1778049311_133.txt earth/gen_1778049314_134.txt earth/gen_1778049319_136.txt earth/gen_1778049324_138.txt earth/gen_1778049327_139.txt earth/gen_1778049335_142.txt earth/gen_1778049340_144.txt earth/gen_1778049342_145.txt earth/gen_1778049355_150.txt earth/gen_1778049358_151.txt earth/gen_1778049360_152.txt earth/gen_1778049365_154.txt earth/gen_1778049373_157.txt earth/gen_1778049381_160.txt earth/gen_1778049386_162.txt earth/gen_1778049388_163.txt earth/gen_1778049391_164.txt earth/gen_1778049396_166.txt earth/gen_1778049404_169.txt earth/gen_1778049411_172.txt earth/gen_1778049417_174.txt earth/gen_1778049419_175.txt earth/gen_1778049427_178.txt earth/gen_1778049432_180.txt earth/gen_1778049434_181.txt earth/gen_1778049439_183.txt earth/gen_1778049442_184.txt earth/gen_1778049450_187.txt earth/gen_1778049457_190.txt earth/gen_1778049465_193.txt earth/gen_1778049470_195.txt earth/gen_1778049472_196.txt earth/gen_1778049477_198.txt earth/gen_1778049480_199.txt earth/gen_1778049488_202.txt earth/gen_1778049495_205.txt earth/gen_1778049500_207.txt earth/gen_1778049503_208.txt earth/gen_1778049508_210.txt earth/gen_1778049511_211.txt earth/gen_1778049518_214.txt earth/gen_1778049526_217.txt earth/gen_1778049533_220.txt earth/gen_1778049541_223.txt earth/gen_1778049549_226.txt earth/gen_1778049554_228.txt earth/gen_1778049557_229.txt earth/gen_1778049564_232.txt earth/gen_1778049572_235.txt earth/gen_1778049580_238.txt earth/gen_1778049588_241.txt earth/gen_1778049593_243.txt earth/gen_1778049596_244.txt earth/gen_1778049601_246.txt earth/gen_1778049603_247.txt earth/gen_1778049611_250.txt earth/gen_1778049616_252.txt earth/gen_1778049619_253.txt earth/gen_1778049627_256.txt earth/gen_1778049632_258.txt earth/gen_1778049635_259.txt earth/gen_1778049640_261.txt earth/gen_1778049643_262.txt earth/gen_1778049648_264.txt earth/gen_1778049651_265.txt earth/gen_1778049659_268.txt earth/gen_1778049664_270.txt earth/gen_1778049666_271.txt earth/gen_1778049674_274.txt earth/gen_1778049682_277.txt earth/gen_1778049685_278.txt earth/gen_1778049690_280.txt earth/gen_1778049695_282.txt earth/gen_1778049697_283.txt earth/gen_1778049705_286.txt earth/gen_1778049711_288.txt earth/gen_1778049713_289.txt earth/gen_1778049716_290.txt earth/gen_1778049721_292.txt earth/gen_1778049726_294.txt earth/gen_1778049729_295.txt earth/gen_1778049734_297.txt earth/gen_1778049736_298.txt earth/gen_1778049742_300.txt earth/gen_1778049744_301.txt earth/gen_1778049752_304.txt earth/gen_1778049757_306.txt earth/gen_1778049760_307.txt earth/gen_1778049767_310.txt earth/gen_1778049773_312.txt earth/gen_1778049775_313.txt earth/gen_1778049780_315.txt earth/gen_1778049783_316.txt earth/gen_1778049791_319.txt earth/gen_1778049799_322.txt earth/gen_1778049804_324.txt earth/gen_1778049807_325.txt earth/gen_1778049814_328.txt earth/gen_1778049822_331.txt earth/gen_1778049830_334.txt earth/gen_1778049837_337.txt earth/gen_1778049843_339.txt earth/gen_1778049850_342.txt earth/gen_1778049853_343.txt earth/gen_1778049861_346.txt earth/gen_1778049866_348.txt earth/gen_1778049869_349.txt earth/gen_1778049874_351.txt earth/gen_1778049876_352.txt earth/gen_1778049881_354.txt earth/gen_1778049884_355.txt earth/gen_1778049886_356.txt earth/gen_1778049892_358.txt earth/gen_1778049897_360.txt earth/gen_1778049899_361.txt earth/gen_1778049907_364.txt earth/gen_1778049915_367.txt earth/gen_1778049920_369.txt earth/gen_1778049923_370.txt earth/gen_1778049928_372.txt earth/gen_1778049930_373.txt earth/gen_1778049938_376.txt earth/gen_1778049943_378.txt earth/gen_1778049946_379.txt earth/gen_1778049951_381.txt earth/gen_1778049954_382.txt earth/gen_1778049959_384.txt earth/gen_1778049961_385.txt earth/gen_1778049969_388.txt earth/gen_1778049974_390.txt earth/gen_1778049977_391.txt earth/gen_1778049984_394.txt earth/gen_1778049990_396.txt earth/gen_1778049992_397.txt earth/gen_1778050000_400.txt earth/gen_1778050005_402.txt earth/gen_1778050007_403.txt earth/gen_1778050015_406.txt earth/gen_1778050023_409.txt earth/gen_1778050031_412.txt earth/gen_1778050039_415.txt earth/gen_1778050046_418.txt earth/gen_1778050052_420.txt earth/gen_1778050054_421.txt earth/gen_1778050062_424.txt earth/gen_1778050067_426.txt earth/gen_1778050070_427.txt earth/gen_1778050078_430.txt earth/gen_1778050083_432.txt earth/gen_1778050086_433.txt earth/gen_1778050088_434.txt earth/gen_1778050093_436.txt earth/gen_1778050101_439.txt earth/gen_1778050109_442.txt earth/gen_1778050117_445.txt earth/gen_1778050125_448.txt earth/gen_1778050133_451.txt earth/gen_1778050138_453.txt earth/gen_1778050141_454.txt earth/gen_1778050146_456.txt earth/gen_1778050148_457.txt earth/gen_1778050156_460.txt earth/gen_1778050162_462.txt earth/gen_1778050164_463.txt earth/gen_1778050172_466.txt earth/gen_1778050177_468.txt earth/gen_1778050180_469.txt earth/gen_1778050185_471.txt earth/gen_1778050188_472.txt earth/gen_1778050193_474.txt earth/gen_1778050196_475.txt earth/gen_1778050201_477.txt earth/gen_1778050204_478.txt earth/gen_1778050212_481.txt earth/gen_1778050219_484.txt earth/gen_1778050225_486.txt earth/gen_1778050227_487.txt earth/gen_1778050235_490.txt earth/gen_1778050240_492.txt earth/gen_1778050243_493.txt earth/gen_1778050250_496.txt earth/gen_1778050258_499.txt earth/gen_1778050263_501.txt earth/gen_1778050266_502.txt earth/gen_1778050274_505.txt earth/gen_1778050276_506.txt earth/gen_1778050281_508.txt earth/gen_1778050286_510.txt earth/gen_1778050289_511.txt earth/gen_1778050297_514.txt earth/gen_1778050302_516.txt earth/gen_1778050305_517.txt earth/gen_1778050313_520.txt earth/gen_1778050320_523.txt earth/gen_1778050328_526.txt earth/gen_1778050336_529.txt earth/gen_1778050344_532.txt earth/gen_1778050349_534.txt earth/gen_1778050351_535.txt earth/gen_1778050359_538.txt earth/gen_1778050367_541.txt earth/gen_1778050375_544.txt earth/gen_1778050383_547.txt earth/gen_1778050388_549.txt earth/gen_1778050391_550.txt earth/gen_1778050399_553.txt earth/gen_1778050404_555.txt earth/gen_1778050406_556.txt earth/gen_1778050412_558.txt earth/gen_1778050414_559.txt earth/gen_1778050420_561.txt earth/gen_1778050422_562.txt earth/gen_1778050427_564.txt earth/gen_1778050430_565.txt earth/gen_1778050433_566.txt earth/gen_1778050438_568.txt earth/gen_1778050446_571.txt earth/gen_1778050453_574.txt earth/gen_1778050459_576.txt earth/gen_1778050461_577.txt earth/gen_1778050467_579.txt earth/gen_1778050469_580.txt earth/gen_1778050475_582.txt earth/gen_1778050477_583.txt earth/gen_1778050483_585.txt earth/gen_1778050485_586.txt earth/gen_1778050491_588.txt earth/gen_1778050493_589.txt earth/gen_1778050496_590.txt earth/gen_1778050501_592.txt earth/gen_1778050506_594.txt earth/gen_1778050509_595.txt earth/gen_1778050514_597.txt earth/gen_1778050516_598.txt earth/gen_1778050521_600.txt earth/gen_1778050524_601.txt earth/gen_1778050529_603.txt earth/gen_1778050532_604.txt earth/gen_1778050537_606.txt earth/gen_1778050540_607.txt earth/gen_1778050545_609.txt earth/gen_1778050547_610.txt earth/gen_1778050555_613.txt earth/gen_1778050563_616.txt earth/gen_1778050568_618.txt earth/gen_1778050570_619.txt earth/gen_1778050578_622.txt earth/gen_1778050583_624.txt earth/gen_1778050586_625.txt earth/gen_1778050591_627.txt earth/gen_1778050593_628.txt earth/gen_1778050601_631.txt earth/gen_1778050609_634.txt earth/gen_1778050614_636.txt earth/gen_1778050617_637.txt earth/gen_1778050624_640.txt earth/gen_1778050632_643.txt earth/gen_1778050640_646.txt earth/gen_1778050645_648.txt earth/gen_1778050648_649.txt earth/gen_1778050655_652.txt earth/gen_1778050661_654.txt earth/gen_1778050663_655.txt earth/gen_1778050671_658.txt earth/gen_1778050679_661.txt earth/gen_1778050686_664.txt earth/gen_1778050692_666.txt earth/gen_1778050694_667.txt earth/gen_1778050702_670.txt earth/gen_1778050707_672.txt earth/gen_1778050710_673.txt earth/gen_1778050712_674.txt earth/gen_1778050718_676.txt earth/gen_1778050723_678.txt earth/gen_1778050726_679.txt earth/gen_1778050733_682.txt]
[trainer] micro-train burst (25547 bytes, novelty 0.03) — and lo, it feeds again.
[syntropy] action=explore | trend=0.0000 | field_dev=-0.039 | purpose_align=-0.267 | lr_mul=1.30
[aml] burst complete: 32 steps, avg loss 2.2672 (memory freed)
[dna] air wrote 33 bytes to ecology
[dna] air wrote 118 bytes to ecology
[dna] air wrote 46 bytes to ecology
[dna] air wrote 77 bytes to ecology
[dna] air wrote 140 bytes to ecology
[dna] air wrote 132 bytes to ecology
[dna] air wrote 64 bytes to ecology
[dna] air wrote 61 bytes to ecology
[dna] air wrote 78 bytes to ecology
[dna] air wrote 94 bytes to ecology
[dna] air wrote 63 bytes to ecology
[dna] air wrote 64 bytes to ecology
[dna] air wrote 43 bytes to ecology
[dna] air wrote 115 bytes to ecology
[dna] air wrote 56 bytes to ecology
[dna] air wrote 34 bytes to ecology
[dna] air wrote 81 bytes to ecology
[dna] air wrote 49 bytes to ecology
[dna] air wrote 36 bytes to ecology
[dna] air wrote 28 bytes to ecology
[dna] air wrote 50 bytes to ecology
[dna] air wrote 138 bytes to ecology
[dna] air wrote 59 bytes to ecology
[dna] air wrote 55 bytes to ecology
[dna] air wrote 74 bytes to ecology
[dna] air wrote 161 bytes to ecology
[dna] air wrote 265 bytes to ecology
[dna] air wrote 213 bytes to ecology
[dna] air wrote 140 bytes to ecology
[dna] air wrote 45 bytes to ecology
[debug-onto] tick=50 corpus=148203 stage=2 freeze=0
[dna] air wrote 40 bytes to ecology
[dna] air wrote 51 bytes to ecology
[dna] air wrote 99 bytes to ecology
[dna] air wrote 59 bytes to ecology
[dna] air wrote 79 bytes to ecology
[dna] air wrote 54 bytes to ecology
[dna] air wrote 150 bytes to ecology
[dna] air wrote 23 bytes to ecology
[dna] air wrote 55 bytes to ecology
[dna] air wrote 19 bytes to ecology
[dna] air wrote 76 bytes to ecology
[dna] air wrote 229 bytes to ecology
[dna] air wrote 29 bytes to ecology
[dna] air wrote 18 bytes to ecology
[dna] air wrote 43 bytes to ecology
[dna] air wrote 263 bytes to ecology
[dna] air wrote 31 bytes to ecology
[dna] air wrote 81 bytes to ecology
[dna] air wrote 28 bytes to ecology
[dna] air wrote 66 bytes to ecology
[dna] air wrote 114 bytes to ecology
[dna] air wrote 29 bytes to ecology
[dna] air wrote 41 bytes to ecology
[dna] air wrote 128 bytes to ecology
[dna] air wrote 169 bytes to ecology
[dna] air wrote 63 bytes to ecology
[dna] air wrote 30 bytes to ecology
[dna] air wrote 95 bytes to ecology
[dna] air wrote 48 bytes to ecology
[dna] air wrote 29 bytes to ecology
[dna] air wrote 54 bytes to ecology
[dna] air wrote 18 bytes to ecology
[dna] air wrote 30 bytes to ecology
[dna] air wrote 68 bytes to ecology
[debug-onto] tick=100 corpus=148203 stage=2 freeze=0
[dna] air wrote 92 bytes to ecology
[dna] air wrote 52 bytes to ecology
[dna] air wrote 27 bytes to ecology
[dna] air wrote 144 bytes to ecology
[dna] air wrote 120 bytes to ecology
[dna] air wrote 49 bytes to ecology
[dna] air wrote 91 bytes to ecology
[dna] air wrote 10 bytes to ecology
[dna] air wrote 26 bytes to ecology
[dna] air wrote 145 bytes to ecology
[dna] air wrote 76 bytes to ecology
[dna] air wrote 32 bytes to ecology
[dna] air wrote 93 bytes to ecology
[dna] air wrote 45 bytes to ecology
[dna] air wrote 49 bytes to ecology
[dna] air wrote 149 bytes to ecology
[dna] air wrote 84 bytes to ecology
[dna] air wrote 114 bytes to ecology
[dna] air wrote 33 bytes to ecology
[dna] air wrote 183 bytes to ecology
[dna] air wrote 36 bytes to ecology
[dna] air wrote 46 bytes to ecology
[dna] air wrote 63 bytes to ecology
[dna] air wrote 66 bytes to ecology
[dna] air wrote 98 bytes to ecology
[dna] air wrote 67 bytes to ecology
[dna] air wrote 53 bytes to ecology
[dna] air wrote 103 bytes to ecology
[dna] air wrote 92 bytes to ecology
[dna] air wrote 100 bytes to ecology
[dna] air wrote 196 bytes to ecology
[debug-onto] tick=150 corpus=148203 stage=2 freeze=0
[dna] air wrote 184 bytes to ecology
[dna] air wrote 69 bytes to ecology
[dna] air wrote 52 bytes to ecology
[dna] air wrote 96 bytes to ecology
[dna] air wrote 49 bytes to ecology
[dna] air wrote 30 bytes to ecology
[dna] air wrote 142 bytes to ecology
[dna] air wrote 33 bytes to ecology
[dna] air wrote 88 bytes to ecology
[dna] air wrote 42 bytes to ecology
[dna] air wrote 147 bytes to ecology
[dna] air wrote 60 bytes to ecology
[dna] air wrote 121 bytes to ecology
[dna] air wrote 120 bytes to ecology
[dna] air wrote 85 bytes to ecology
[dna] air wrote 109 bytes to ecology
[dna] air wrote 124 bytes to ecology
[dna] air wrote 62 bytes to ecology
[dna] air wrote 149 bytes to ecology
[dna] air wrote 74 bytes to ecology
[dna] air wrote 77 bytes to ecology
[dna] air wrote 37 bytes to ecology
[dna] air wrote 306 bytes to ecology
[dna] air wrote 51 bytes to ecology
[dna] air wrote 71 bytes to ecology
[dna] air wrote 35 bytes to ecology
[dna] air wrote 58 bytes to ecology
[dna] air wrote 189 bytes to ecology
[dna] air wrote 134 bytes to ecology
[dna] air wrote 58 bytes to ecology
[dna] air wrote 124 bytes to ecology
[dna] air wrote 71 bytes to ecology
[dna] air wrote 59 bytes to ecology
[dna] air wrote 37 bytes to ecology
[dna] air wrote 69 bytes to ecology
[dna] air wrote 33 bytes to ecology
[debug-onto] tick=200 corpus=148203 stage=2 freeze=0
[dna] air wrote 58 bytes to ecology
[dna] air wrote 44 bytes to ecology
[dna] air wrote 156 bytes to ecology
[dna] air wrote 85 bytes to ecology
[dna] air wrote 42 bytes to ecology
[dna] air wrote 48 bytes to ecology
[dna] air wrote 47 bytes to ecology
[dna] air wrote 61 bytes to ecology
[dna] air wrote 63 bytes to ecology
[dna] air wrote 38 bytes to ecology
[dna] air wrote 17 bytes to ecology
[dna] air wrote 61 bytes to ecology
[dna] air wrote 42 bytes to ecology
[dna] air wrote 125 bytes to ecology
[dna] air wrote 18 bytes to ecology
[dna] air wrote 41 bytes to ecology
[dna] air wrote 32 bytes to ecology
[dna] air wrote 29 bytes to ecology
[dna] air wrote 77 bytes to ecology
[dna] air wrote 146 bytes to ecology
[dna] air wrote 31 bytes to ecology
[dna] air wrote 80 bytes to ecology
[dna] air wrote 54 bytes to ecology
[dna] air wrote 130 bytes to ecology
[dna] air wrote 113 bytes to ecology
[dna] air wrote 135 bytes to ecology
[dna] air wrote 39 bytes to ecology
[dna] air wrote 49 bytes to ecology
[dna] air wrote 55 bytes to ecology
[dna] air wrote 105 bytes to ecology
[dna] air wrote 32 bytes to ecology
[dna] air wrote 49 bytes to ecology
[dna] air wrote 56 bytes to ecology
[dna] air wrote 84 bytes to ecology
[debug-onto] tick=250 corpus=148203 stage=2 freeze=0
[dna] air wrote 51 bytes to ecology
[dna] air wrote 218 bytes to ecology
[dna] air wrote 59 bytes to ecology
[dna] air wrote 34 bytes to ecology
[dna] air wrote 186 bytes to ecology
[dna] air wrote 87 bytes to ecology
[dna] air wrote 36 bytes to ecology
[dna] air wrote 89 bytes to ecology
[dna] air wrote 75 bytes to ecology
[dna] air wrote 81 bytes to ecology
[dna] air wrote 78 bytes to ecology
[dna] air wrote 74 bytes to ecology
[dna] air wrote 92 bytes to ecology
[dna] air wrote 65 bytes to ecology
[dna] air wrote 134 bytes to ecology
[dna] air wrote 18 bytes to ecology
[dna] air wrote 34 bytes to ecology
[dna] air wrote 70 bytes to ecology
[dna] air wrote 77 bytes to ecology
[dna] air wrote 31 bytes to ecology
[dna] air wrote 88 bytes to ecology
[dna] air wrote 120 bytes to ecology
[dna] air wrote 99 bytes to ecology
[dna] air wrote 92 bytes to ecology
[dna] air wrote 81 bytes to ecology
[dna] air wrote 81 bytes to ecology
[dna] air wrote 90 bytes to ecology
[dna] air wrote 92 bytes to ecology
[dna] air wrote 61 bytes to ecology
[dna] air wrote 38 bytes to ecology
[dna] air wrote 94 bytes to ecology
[dna] air wrote 115 bytes to ecology
[dna] air wrote 68 bytes to ecology
[dna] air wrote 18 bytes to ecology
[dna] air wrote 32 bytes to ecology
[debug-onto] tick=300 corpus=148203 stage=2 freeze=0
[dna] air wrote 29 bytes to ecology
[dna] air wrote 82 bytes to ecology
[dna] air wrote 60 bytes to ecology
[dna] air wrote 73 bytes to ecology
[dna] air wrote 47 bytes to ecology
[dna] air wrote 93 bytes to ecology
[dna] air wrote 75 bytes to ecology
[dna] air wrote 43 bytes to ecology
[dna] air wrote 65 bytes to ecology
[dna] air wrote 13 bytes to ecology
[dna] air wrote 40 bytes to ecology
[dna] air wrote 130 bytes to ecology
[dna] air wrote 162 bytes to ecology
[dna] air wrote 90 bytes to ecology
[dna] air wrote 46 bytes to ecology
[dna] air wrote 77 bytes to ecology
[dna] air wrote 107 bytes to ecology
[dna] air wrote 24 bytes to ecology
[dna] air wrote 101 bytes to ecology
[dna] air wrote 112 bytes to ecology
[dna] air wrote 78 bytes to ecology
[dna] air wrote 104 bytes to ecology
[dna] air wrote 132 bytes to ecology
[dna] air wrote 171 bytes to ecology
[dna] air wrote 102 bytes to ecology
[dna] air wrote 57 bytes to ecology
[dna] air wrote 73 bytes to ecology
[dna] air wrote 40 bytes to ecology
[dna] air wrote 83 bytes to ecology
[dna] air wrote 64 bytes to ecology
[dna] air wrote 260 bytes to ecology
[dna] air wrote 153 bytes to ecology
[dna] air wrote 104 bytes to ecology
[dna] air wrote 31 bytes to ecology
[debug-onto] tick=350 corpus=148203 stage=2 freeze=0
[dna] air wrote 84 bytes to ecology
[dna] air wrote 117 bytes to ecology
[dna] air wrote 98 bytes to ecology
[dna] air wrote 60 bytes to ecology
[dna] air wrote 66 bytes to ecology
[dna] air wrote 43 bytes to ecology
[dna] air wrote 213 bytes to ecology
[dna] air wrote 73 bytes to ecology
[dna] air wrote 124 bytes to ecology
[dna] air wrote 70 bytes to ecology
[dna] air wrote 160 bytes to ecology
[dna] air wrote 30 bytes to ecology
[dna] air wrote 82 bytes to ecology
[dna] air wrote 132 bytes to ecology
[dna] air wrote 55 bytes to ecology
[dna] air wrote 42 bytes to ecology
[dna] air wrote 29 bytes to ecology
[dna] air wrote 84 bytes to ecology
[dna] air wrote 37 bytes to ecology
[dna] air wrote 19 bytes to ecology
[dna] air wrote 71 bytes to ecology
[dna] air wrote 166 bytes to ecology
[dna] air wrote 49 bytes to ecology
[dna] air wrote 43 bytes to ecology
[dna] air wrote 68 bytes to ecology
[dna] air wrote 72 bytes to ecology
[dna] air wrote 76 bytes to ecology
[dna] air wrote 50 bytes to ecology
[dna] air wrote 60 bytes to ecology
[dna] air wrote 131 bytes to ecology
[dna] air wrote 98 bytes to ecology
[dna] air wrote 62 bytes to ecology
[dna] air wrote 182 bytes to ecology
[dna] air wrote 71 bytes to ecology
[dna] air wrote 25 bytes to ecology
[debug-onto] tick=400 corpus=148203 stage=2 freeze=0
[dna] air wrote 105 bytes to ecology
[dna] air wrote 81 bytes to ecology
[dna] air wrote 58 bytes to ecology
[dna] air wrote 38 bytes to ecology
[dna] air wrote 91 bytes to ecology
[dna] air wrote 107 bytes to ecology
[dna] air wrote 48 bytes to ecology
[dna] air wrote 63 bytes to ecology
[dna] air wrote 69 bytes to ecology
[dna] air wrote 92 bytes to ecology
[dna] air wrote 103 bytes to ecology
[dna] air wrote 78 bytes to ecology
[dna] air wrote 50 bytes to ecology
[dna] air wrote 32 bytes to ecology
[dna] air wrote 91 bytes to ecology
[dna] air wrote 58 bytes to ecology
[dna] air wrote 154 bytes to ecology
[dna] air wrote 10 bytes to ecology
[dna] air wrote 90 bytes to ecology
[dna] air wrote 30 bytes to ecology
[dna] air wrote 110 bytes to ecology
[dna] air wrote 214 bytes to ecology
[dna] air wrote 164 bytes to ecology
[dna] air wrote 36 bytes to ecology
[dna] air wrote 166 bytes to ecology
[dna] air wrote 88 bytes to ecology
[dna] air wrote 90 bytes to ecology
[dna] air wrote 31 bytes to ecology
[dna] air wrote 36 bytes to ecology
[dna] air wrote 86 bytes to ecology
[debug-onto] tick=450 corpus=148203 stage=2 freeze=0
[dna] air wrote 37 bytes to ecology
[dna] air wrote 56 bytes to ecology
[dna] air wrote 63 bytes to ecology
[dna] air wrote 39 bytes to ecology
[dna] air wrote 51 bytes to ecology
[dna] air wrote 78 bytes to ecology
[dna] air wrote 56 bytes to ecology
[dna] air wrote 80 bytes to ecology
[dna] air wrote 84 bytes to ecology
[dna] air wrote 20 bytes to ecology
[dna] air wrote 117 bytes to ecology
[dna] air wrote 23 bytes to ecology
[dna] air wrote 53 bytes to ecology
[dna] air wrote 67 bytes to ecology
[dna] air wrote 36 bytes to ecology
[dna] air wrote 55 bytes to ecology
[dna] air wrote 92 bytes to ecology
[dna] air wrote 43 bytes to ecology
[dna] air wrote 135 bytes to ecology
[dna] air wrote 67 bytes to ecology
[dna] air wrote 58 bytes to ecology
[dna] air wrote 50 bytes to ecology
[dna] air wrote 63 bytes to ecology
[dna] air wrote 121 bytes to ecology
[dna] air wrote 30 bytes to ecology
[dna] air wrote 52 bytes to ecology
[dna] air wrote 138 bytes to ecology
[dna] air wrote 119 bytes to ecology
[dna] air wrote 42 bytes to ecology
[dna] air wrote 66 bytes to ecology
[dna] air wrote 57 bytes to ecology
[dna] air wrote 122 bytes to ecology
[dna] air wrote 117 bytes to ecology
[dna] air wrote 94 bytes to ecology
[dna] air wrote 171 bytes to ecology
[debug-onto] tick=500 corpus=148203 stage=2 freeze=0
[dna] air wrote 100 bytes to ecology
[dna] air wrote 72 bytes to ecology
[dna] air wrote 111 bytes to ecology
[dna] air wrote 78 bytes to ecology
[dna] air wrote 70 bytes to ecology
[dna] air wrote 25 bytes to ecology
[dna] air wrote 27 bytes to ecology
[dna] air wrote 25 bytes to ecology
[dna] air wrote 88 bytes to ecology
[dna] air wrote 40 bytes to ecology
[dna] air wrote 136 bytes to ecology
[dna] air wrote 42 bytes to ecology
[dna] air wrote 47 bytes to ecology
[dna] air wrote 37 bytes to ecology
[dna] air wrote 31 bytes to ecology
[dna] air wrote 37 bytes to ecology
[dna] air wrote 58 bytes to ecology
[dna] air wrote 58 bytes to ecology
[dna] air wrote 67 bytes to ecology
[dna] air wrote 149 bytes to ecology
[dna] air wrote 48 bytes to ecology
[dna] air wrote 81 bytes to ecology
[dna] air wrote 102 bytes to ecology
[dna] air wrote 67 bytes to ecology
[dna] air wrote 75 bytes to ecology
[dna] air wrote 24 bytes to ecology
[dna] air wrote 50 bytes to ecology
[dna] air wrote 82 bytes to ecology
[dna] air wrote 108 bytes to ecology
[dna] air wrote 58 bytes to ecology
[dna] air wrote 109 bytes to ecology
[dna] air wrote 147 bytes to ecology
[dna] air wrote 28 bytes to ecology
[dna] air wrote 68 bytes to ecology
[dna] air wrote 60 bytes to ecology
[debug-onto] tick=550 corpus=148203 stage=2 freeze=0
[dna] air wrote 99 bytes to ecology
[dna] air wrote 107 bytes to ecology
[dna] air wrote 125 bytes to ecology
[dna] air wrote 55 bytes to ecology
[dna] air wrote 50 bytes to ecology
[dna] air wrote 50 bytes to ecology
[dna] air wrote 43 bytes to ecology
[dna] air wrote 81 bytes to ecology
[dna] air wrote 59 bytes to ecology
[dna] air wrote 108 bytes to ecology
[dna] air wrote 85 bytes to ecology
[dna] air wrote 35 bytes to ecology
[dna] air wrote 89 bytes to ecology
[dna] air wrote 133 bytes to ecology
[dna] air wrote 81 bytes to ecology
[dna] air wrote 72 bytes to ecology
[dna] air wrote 113 bytes to ecology
[dna] air wrote 38 bytes to ecology
[dna] air wrote 46 bytes to ecology
[dna] air wrote 38 bytes to ecology
[dna] air wrote 16 bytes to ecology
[dna] air wrote 48 bytes to ecology
[dna] air wrote 25 bytes to ecology
[dna] air wrote 91 bytes to ecology
[dna] air wrote 236 bytes to ecology
[dna] air wrote 29 bytes to ecology
[dna] air wrote 55 bytes to ecology
[dna] air wrote 46 bytes to ecology
[dna] air wrote 42 bytes to ecology
[dna] air wrote 123 bytes to ecology
[dna] air wrote 54 bytes to ecology
[dna] air wrote 65 bytes to ecology
[dna] air wrote 55 bytes to ecology
[dna] air wrote 58 bytes to ecology
[debug-onto] tick=600 corpus=148203 stage=2 freeze=0
[dna] air wrote 52 bytes to ecology
[dna] air wrote 33 bytes to ecology
[dna] air wrote 316 bytes to ecology
[dna] air wrote 66 bytes to ecology
[dna] air wrote 72 bytes to ecology
[dna] air wrote 80 bytes to ecology
[dna] air wrote 49 bytes to ecology
[dna] air wrote 162 bytes to ecology
[dna] air wrote 49 bytes to ecology
[dna] air wrote 107 bytes to ecology
[dna] air wrote 88 bytes to ecology
[dna] air wrote 110 bytes to ecology
[dna] air wrote 40 bytes to ecology
[dna] air wrote 36 bytes to ecology
[dna] air wrote 106 bytes to ecology
[dna] air wrote 39 bytes to ecology
[dna] air wrote 116 bytes to ecology
[dna] air wrote 62 bytes to ecology
[dna] air wrote 73 bytes to ecology
[dna] air wrote 146 bytes to ecology
[dna] air wrote 21 bytes to ecology
[dna] air wrote 36 bytes to ecology
[dna] air wrote 81 bytes to ecology
[dna] air wrote 72 bytes to ecology
[dna] air wrote 22 bytes to ecology
[dna] air wrote 40 bytes to ecology
[dna] air wrote 161 bytes to ecology
[dna] air wrote 87 bytes to ecology
[dna] air wrote 57 bytes to ecology
[dna] air wrote 71 bytes to ecology
[dna] air wrote 71 bytes to ecology
[dna] air wrote 57 bytes to ecology

[evolution] Organism shutting down gracefully.
