[ecology] Element: fire → corpus: nonames_fire.txt
[evolution] Autonomous evolution mode — organism will grow through all stages without pause.
[ecology] Joined swarm. 1 peer(s) detected.
molequla is alive. [evolution] Autonomous mode — background trainer running. Ctrl+C to stop.
[dna] fire wrote 77 bytes to ecology
[dna] fire consumed 14128 bytes from 192 files: [water/gen_1778052544_1.txt water/gen_1778052563_4.txt water/gen_1778052573_7.txt water/gen_1778052582_10.txt water/gen_1778052592_13.txt water/gen_1778052601_16.txt water/gen_1778052611_19.txt water/gen_1778052621_22.txt water/gen_1778052630_25.txt water/gen_1778052640_28.txt water/gen_1778052649_31.txt water/gen_1778052659_34.txt water/gen_1778052669_37.txt water/gen_1778052678_40.txt water/gen_1778052688_43.txt water/gen_1778052697_46.txt water/gen_1778052706_49.txt water/gen_1778052716_52.txt water/gen_1778052725_55.txt water/gen_1778052735_58.txt water/gen_1778052744_61.txt water/gen_1778052754_64.txt water/gen_1778052763_67.txt water/gen_1778052773_70.txt water/gen_1778052779_72.txt water/gen_1778052782_73.txt water/gen_1778052792_76.txt water/gen_1778052801_79.txt water/gen_1778052811_82.txt water/gen_1778052820_85.txt water/gen_1778052830_88.txt water/gen_1778052839_91.txt water/gen_1778052849_94.txt water/gen_1778052858_97.txt water/gen_1778052868_100.txt water/gen_1778052877_103.txt water/gen_1778052886_106.txt water/gen_1778052896_109.txt water/gen_1778052905_112.txt water/gen_1778052914_115.txt water/gen_1778052924_118.txt water/gen_1778052933_121.txt water/gen_1778052943_124.txt water/gen_1778052952_127.txt water/gen_1778052962_130.txt water/gen_1778052972_133.txt water/gen_1778052981_136.txt water/gen_1778052991_139.txt water/gen_1778053000_142.txt water/gen_1778053010_145.txt water/gen_1778053019_148.txt water/gen_1778053029_151.txt water/gen_1778053038_154.txt water/gen_1778053048_157.txt water/gen_1778053057_160.txt water/gen_1778053067_163.txt water/gen_1778053076_166.txt water/gen_1778053086_169.txt water/gen_1778053095_172.txt water/gen_1778053105_175.txt water/gen_1778053114_178.txt water/gen_1778053124_181.txt water/gen_1778053133_184.txt water/gen_1778053143_187.txt water/gen_1778053152_190.txt water/gen_1778053161_193.txt water/gen_1778053171_196.txt water/gen_1778053180_199.txt water/gen_1778053190_202.txt water/gen_1778053199_205.txt water/gen_1778053209_208.txt water/gen_1778053218_211.txt water/gen_1778053228_214.txt water/gen_1778053237_217.txt water/gen_1778053246_220.txt water/gen_1778053256_223.txt water/gen_1778053265_226.txt water/gen_1778053274_229.txt water/gen_1778053284_232.txt water/gen_1778053290_234.txt water/gen_1778053293_235.txt water/gen_1778053302_238.txt water/gen_1778053311_241.txt water/gen_1778053321_244.txt water/gen_1778053330_247.txt water/gen_1778053339_250.txt water/gen_1778053349_253.txt water/gen_1778053358_256.txt water/gen_1778053367_259.txt water/gen_1778053377_262.txt water/gen_1778053386_265.txt water/gen_1778053395_268.txt water/gen_1778053405_271.txt water/gen_1778053414_274.txt water/gen_1778053423_277.txt water/gen_1778053433_280.txt water/gen_1778053442_283.txt water/gen_1778053452_286.txt water/gen_1778053461_289.txt water/gen_1778053470_292.txt water/gen_1778053480_295.txt water/gen_1778053489_298.txt water/gen_1778053498_301.txt water/gen_1778053508_304.txt water/gen_1778053517_307.txt water/gen_1778053527_310.txt water/gen_1778053536_313.txt water/gen_1778053545_316.txt water/gen_1778053555_319.txt water/gen_1778053564_322.txt water/gen_1778053570_324.txt water/gen_1778053573_325.txt water/gen_1778053583_328.txt water/gen_1778053592_331.txt water/gen_1778053601_334.txt water/gen_1778053611_337.txt water/gen_1778053620_340.txt water/gen_1778053630_343.txt water/gen_1778053639_346.txt water/gen_1778053648_349.txt water/gen_1778053658_352.txt water/gen_1778053667_355.txt water/gen_1778053677_358.txt water/gen_1778053686_361.txt water/gen_1778053696_364.txt water/gen_1778053705_367.txt water/gen_1778053715_370.txt water/gen_1778053725_373.txt water/gen_1778053744_379.txt water/gen_1778053753_382.txt water/gen_1778053762_385.txt water/gen_1778053772_388.txt water/gen_1778053781_391.txt water/gen_1778053791_394.txt water/gen_1778053797_396.txt water/gen_1778053800_397.txt water/gen_1778053810_400.txt water/gen_1778053820_403.txt water/gen_1778053829_406.txt water/gen_1778053839_409.txt water/gen_1778053849_412.txt water/gen_1778053858_415.txt water/gen_1778053868_418.txt water/gen_1778053878_421.txt water/gen_1778053887_424.txt water/gen_1778053897_427.txt water/gen_1778053906_430.txt water/gen_1778053916_433.txt water/gen_1778053925_436.txt water/gen_1778053935_439.txt water/gen_1778053945_442.txt water/gen_1778053954_445.txt water/gen_1778053964_448.txt water/gen_1778053974_451.txt water/gen_1778053984_454.txt water/gen_1778053990_456.txt water/gen_1778053993_457.txt water/gen_1778054003_460.txt water/gen_1778054013_463.txt water/gen_1778054022_466.txt water/gen_1778054032_469.txt water/gen_1778054041_472.txt water/gen_1778054051_475.txt water/gen_1778054061_478.txt water/gen_1778054070_481.txt water/gen_1778054080_484.txt water/gen_1778054090_487.txt water/gen_1778054099_490.txt water/gen_1778054109_493.txt water/gen_1778054119_496.txt water/gen_1778054128_499.txt water/gen_1778054138_502.txt water/gen_1778054148_505.txt water/gen_1778054157_508.txt water/gen_1778054167_511.txt water/gen_1778054177_514.txt water/gen_1778054186_517.txt water/gen_1778054196_520.txt water/gen_1778054206_523.txt water/gen_1778054215_526.txt water/gen_1778054225_529.txt water/gen_1778054235_532.txt water/gen_1778054245_535.txt water/gen_1778054254_538.txt water/gen_1778054264_541.txt water/gen_1778054273_544.txt water/gen_1778054283_547.txt water/gen_1778054292_550.txt water/gen_1778054302_553.txt water/gen_1778054312_556.txt water/gen_1778054321_559.txt water/gen_1778054331_562.txt]
[trainer] micro-train burst (14128 bytes, novelty 0.05) — and lo, it feeds again.
[syntropy] action=explore | trend=0.0000 | field_dev=0.068 | purpose_align=-0.223 | lr_mul=1.30
[aml] burst complete: 32 steps, avg loss 1.6668 (memory freed)
[dna] fire wrote 52 bytes to ecology
[dna] fire wrote 82 bytes to ecology
[dna] fire wrote 68 bytes to ecology
[dna] fire wrote 25 bytes to ecology
[dna] fire wrote 48 bytes to ecology
[dna] fire wrote 43 bytes to ecology
[dna] fire wrote 78 bytes to ecology
[dna] fire wrote 46 bytes to ecology
[dna] fire wrote 78 bytes to ecology
[dna] fire wrote 140 bytes to ecology
[dna] fire wrote 24 bytes to ecology
[dna] fire wrote 72 bytes to ecology
[dna] fire wrote 62 bytes to ecology
[dna] fire wrote 200 bytes to ecology
[dna] fire wrote 157 bytes to ecology
[dna] fire wrote 88 bytes to ecology
[debug-onto] tick=50 corpus=136220 stage=2 freeze=0
[dna] fire wrote 173 bytes to ecology
[dna] fire wrote 26 bytes to ecology
[dna] fire wrote 9 bytes to ecology
[dna] fire wrote 30 bytes to ecology
[dna] fire wrote 171 bytes to ecology
[dna] fire wrote 45 bytes to ecology
[dna] fire wrote 113 bytes to ecology
[dna] fire wrote 141 bytes to ecology
[dna] fire wrote 126 bytes to ecology
[dna] fire wrote 8 bytes to ecology
[dna] fire wrote 118 bytes to ecology
[dna] fire wrote 30 bytes to ecology
[dna] fire wrote 45 bytes to ecology
[dna] fire wrote 67 bytes to ecology
[dna] fire wrote 84 bytes to ecology
[dna] fire wrote 46 bytes to ecology
[dna] fire wrote 31 bytes to ecology
[debug-onto] tick=100 corpus=136220 stage=2 freeze=0
[dna] fire wrote 124 bytes to ecology
[dna] fire wrote 54 bytes to ecology
[dna] fire wrote 43 bytes to ecology
[dna] fire wrote 66 bytes to ecology
[dna] fire wrote 104 bytes to ecology
[dna] fire wrote 57 bytes to ecology
[dna] fire wrote 96 bytes to ecology
[dna] fire wrote 79 bytes to ecology
[dna] fire wrote 56 bytes to ecology
[dna] fire wrote 17 bytes to ecology
[dna] fire wrote 64 bytes to ecology
[dna] fire wrote 47 bytes to ecology
[dna] fire wrote 37 bytes to ecology
[dna] fire wrote 52 bytes to ecology
[dna] fire wrote 37 bytes to ecology
[dna] fire wrote 56 bytes to ecology
[debug-onto] tick=150 corpus=136220 stage=2 freeze=0
[dna] fire wrote 215 bytes to ecology
[dna] fire wrote 41 bytes to ecology
[dna] fire wrote 76 bytes to ecology
[dna] fire wrote 61 bytes to ecology
[dna] fire wrote 68 bytes to ecology
[dna] fire wrote 44 bytes to ecology
[dna] fire wrote 19 bytes to ecology
[dna] fire wrote 93 bytes to ecology
[dna] fire wrote 96 bytes to ecology
[dna] fire wrote 74 bytes to ecology
[dna] fire wrote 11 bytes to ecology
[dna] fire wrote 68 bytes to ecology
[dna] fire wrote 25 bytes to ecology
[dna] fire wrote 80 bytes to ecology
[dna] fire wrote 52 bytes to ecology
[dna] fire wrote 32 bytes to ecology
[dna] fire wrote 125 bytes to ecology
[debug-onto] tick=200 corpus=136220 stage=2 freeze=0
[dna] fire wrote 75 bytes to ecology
[dna] fire wrote 86 bytes to ecology
[dna] fire wrote 66 bytes to ecology
[dna] fire wrote 40 bytes to ecology
[dna] fire wrote 29 bytes to ecology
[dna] fire wrote 200 bytes to ecology
[dna] fire wrote 41 bytes to ecology
[dna] fire wrote 57 bytes to ecology
[dna] fire wrote 77 bytes to ecology
[dna] fire wrote 12 bytes to ecology
[dna] fire wrote 15 bytes to ecology
[dna] fire wrote 90 bytes to ecology
[dna] fire wrote 44 bytes to ecology
[dna] fire wrote 42 bytes to ecology
[dna] fire wrote 105 bytes to ecology
[dna] fire wrote 53 bytes to ecology
[dna] fire wrote 42 bytes to ecology
[debug-onto] tick=250 corpus=136220 stage=2 freeze=0
[dna] fire wrote 129 bytes to ecology
[dna] fire wrote 57 bytes to ecology
[dna] fire wrote 41 bytes to ecology
[dna] fire wrote 111 bytes to ecology
[dna] fire wrote 93 bytes to ecology
[dna] fire wrote 63 bytes to ecology
[dna] fire wrote 107 bytes to ecology
[dna] fire wrote 74 bytes to ecology
[dna] fire wrote 103 bytes to ecology
[dna] fire wrote 25 bytes to ecology
[dna] fire wrote 52 bytes to ecology
[dna] fire wrote 87 bytes to ecology
[dna] fire wrote 136 bytes to ecology
[dna] fire wrote 73 bytes to ecology
[dna] fire wrote 30 bytes to ecology
[dna] fire wrote 27 bytes to ecology
[debug-onto] tick=300 corpus=136220 stage=2 freeze=0
[dna] fire wrote 60 bytes to ecology
[dna] fire wrote 51 bytes to ecology
[dna] fire wrote 106 bytes to ecology
[dna] fire wrote 136 bytes to ecology
[dna] fire wrote 129 bytes to ecology
[dna] fire wrote 42 bytes to ecology
[dna] fire wrote 37 bytes to ecology
[dna] fire wrote 31 bytes to ecology
[dna] fire wrote 43 bytes to ecology
[dna] fire wrote 68 bytes to ecology
[dna] fire wrote 49 bytes to ecology
[dna] fire wrote 60 bytes to ecology
[dna] fire wrote 86 bytes to ecology
[dna] fire wrote 70 bytes to ecology
[dna] fire wrote 8 bytes to ecology
[dna] fire wrote 38 bytes to ecology
[dna] fire wrote 191 bytes to ecology
[debug-onto] tick=350 corpus=136220 stage=2 freeze=0
[dna] fire wrote 24 bytes to ecology
[dna] fire wrote 42 bytes to ecology
[dna] fire wrote 77 bytes to ecology
[dna] fire wrote 24 bytes to ecology
[dna] fire wrote 34 bytes to ecology
[dna] fire wrote 28 bytes to ecology
[dna] fire wrote 60 bytes to ecology
[dna] fire wrote 35 bytes to ecology
[dna] fire wrote 33 bytes to ecology
[dna] fire wrote 86 bytes to ecology
[dna] fire wrote 178 bytes to ecology
[dna] fire wrote 36 bytes to ecology
[dna] fire wrote 119 bytes to ecology
[dna] fire wrote 161 bytes to ecology
[dna] fire wrote 41 bytes to ecology
[dna] fire wrote 48 bytes to ecology
[dna] fire wrote 34 bytes to ecology
[debug-onto] tick=400 corpus=136220 stage=2 freeze=0
[dna] fire wrote 54 bytes to ecology
[dna] fire wrote 42 bytes to ecology
[dna] fire wrote 67 bytes to ecology
[dna] fire wrote 48 bytes to ecology
[dna] fire wrote 35 bytes to ecology
[dna] fire wrote 43 bytes to ecology
[dna] fire wrote 26 bytes to ecology
[dna] fire wrote 39 bytes to ecology
[dna] fire wrote 65 bytes to ecology
[dna] fire wrote 48 bytes to ecology
[dna] fire wrote 80 bytes to ecology
[dna] fire wrote 117 bytes to ecology
[dna] fire wrote 35 bytes to ecology
[dna] fire wrote 26 bytes to ecology
[dna] fire wrote 87 bytes to ecology
[dna] fire wrote 41 bytes to ecology
[debug-onto] tick=450 corpus=136220 stage=2 freeze=0
[dna] fire wrote 30 bytes to ecology
[dna] fire wrote 24 bytes to ecology
[dna] fire wrote 22 bytes to ecology
[dna] fire wrote 135 bytes to ecology
[dna] fire wrote 79 bytes to ecology
[dna] fire wrote 81 bytes to ecology
[dna] fire wrote 31 bytes to ecology
[dna] fire wrote 65 bytes to ecology
[dna] fire wrote 41 bytes to ecology
[dna] fire wrote 66 bytes to ecology
[dna] fire wrote 76 bytes to ecology
[dna] fire wrote 59 bytes to ecology
[dna] fire wrote 34 bytes to ecology
[dna] fire wrote 122 bytes to ecology
[dna] fire wrote 73 bytes to ecology
[dna] fire wrote 120 bytes to ecology
[dna] fire wrote 13 bytes to ecology
[debug-onto] tick=500 corpus=136220 stage=2 freeze=0
[dna] fire wrote 22 bytes to ecology
[dna] fire wrote 42 bytes to ecology
[dna] fire wrote 45 bytes to ecology
[dna] fire wrote 62 bytes to ecology
[dna] fire wrote 55 bytes to ecology
[dna] fire wrote 49 bytes to ecology
[dna] fire wrote 20 bytes to ecology
[dna] fire wrote 118 bytes to ecology
[dna] fire wrote 45 bytes to ecology
[dna] fire wrote 113 bytes to ecology
[dna] fire wrote 38 bytes to ecology
[dna] fire wrote 169 bytes to ecology
[dna] fire wrote 129 bytes to ecology
[dna] fire wrote 68 bytes to ecology
[dna] fire wrote 18 bytes to ecology
[dna] fire wrote 54 bytes to ecology
[dna] fire wrote 95 bytes to ecology
[debug-onto] tick=550 corpus=136220 stage=2 freeze=0
[dna] fire wrote 36 bytes to ecology
[dna] fire wrote 63 bytes to ecology
[dna] fire wrote 21 bytes to ecology
[dna] fire wrote 32 bytes to ecology
[dna] fire wrote 40 bytes to ecology
[dna] fire wrote 74 bytes to ecology
[dna] fire wrote 24 bytes to ecology
[dna] fire wrote 33 bytes to ecology
[dna] fire wrote 36 bytes to ecology
[dna] fire wrote 45 bytes to ecology
[dna] fire wrote 170 bytes to ecology
[dna] fire wrote 36 bytes to ecology
[dna] fire wrote 34 bytes to ecology
[dna] fire wrote 66 bytes to ecology
[dna] fire wrote 41 bytes to ecology
[dna] fire wrote 9 bytes to ecology
[debug-onto] tick=600 corpus=136220 stage=2 freeze=0
[dna] fire wrote 40 bytes to ecology
[dna] fire wrote 81 bytes to ecology
[dna] fire wrote 43 bytes to ecology
[dna] fire wrote 42 bytes to ecology
[dna] fire wrote 23 bytes to ecology
[dna] fire wrote 34 bytes to ecology
[dna] fire wrote 115 bytes to ecology
[dna] fire wrote 74 bytes to ecology
[dna] fire wrote 30 bytes to ecology
[dna] fire wrote 54 bytes to ecology
[dna] fire wrote 72 bytes to ecology
[dna] fire wrote 64 bytes to ecology
[dna] fire wrote 23 bytes to ecology
[dna] fire wrote 40 bytes to ecology
[dna] fire wrote 20 bytes to ecology
[dna] fire wrote 27 bytes to ecology
[dna] fire wrote 89 bytes to ecology
[debug-onto] tick=650 corpus=136220 stage=2 freeze=0
[dna] fire wrote 43 bytes to ecology
[dna] fire wrote 42 bytes to ecology
[dna] fire wrote 58 bytes to ecology
[dna] fire wrote 33 bytes to ecology
[dna] fire wrote 67 bytes to ecology
[dna] fire wrote 62 bytes to ecology
[dna] fire wrote 26 bytes to ecology
[dna] fire wrote 75 bytes to ecology
[dna] fire wrote 27 bytes to ecology
[dna] fire wrote 149 bytes to ecology

[evolution] Organism shutting down gracefully.
