[ecology] Element: air → corpus: nonames_air.txt
[evolution] Autonomous evolution mode — organism will grow through all stages without pause.
[ecology] Joined swarm. 1 peer(s) detected.
molequla is alive. [evolution] Autonomous mode — background trainer running. Ctrl+C to stop.
[dna] air wrote 32 bytes to ecology
[dna] air consumed 16077 bytes from 226 files: [earth/gen_1778654872_1.txt earth/gen_1778654879_4.txt earth/gen_1778654887_7.txt earth/gen_1778654895_10.txt earth/gen_1778654903_13.txt earth/gen_1778654910_16.txt earth/gen_1778654918_19.txt earth/gen_1778654925_22.txt earth/gen_1778654933_25.txt earth/gen_1778654941_28.txt earth/gen_1778654949_31.txt earth/gen_1778654957_34.txt earth/gen_1778654964_37.txt earth/gen_1778654972_40.txt earth/gen_1778654980_43.txt earth/gen_1778654988_46.txt earth/gen_1778654996_49.txt earth/gen_1778655003_52.txt earth/gen_1778655011_55.txt earth/gen_1778655019_58.txt earth/gen_1778655027_61.txt earth/gen_1778655035_64.txt earth/gen_1778655043_67.txt earth/gen_1778655051_70.txt earth/gen_1778655059_73.txt earth/gen_1778655067_76.txt earth/gen_1778655075_79.txt earth/gen_1778655082_82.txt earth/gen_1778655090_85.txt earth/gen_1778655098_88.txt earth/gen_1778655106_91.txt earth/gen_1778655114_94.txt earth/gen_1778655122_97.txt earth/gen_1778655130_100.txt earth/gen_1778655137_103.txt earth/gen_1778655145_106.txt earth/gen_1778655153_109.txt earth/gen_1778655169_115.txt earth/gen_1778655176_118.txt earth/gen_1778655184_121.txt earth/gen_1778655192_124.txt earth/gen_1778655200_127.txt earth/gen_1778655207_130.txt earth/gen_1778655215_133.txt earth/gen_1778655223_136.txt earth/gen_1778655230_139.txt earth/gen_1778655238_142.txt earth/gen_1778655246_145.txt earth/gen_1778655254_148.txt earth/gen_1778655262_151.txt earth/gen_1778655269_154.txt earth/gen_1778655277_157.txt earth/gen_1778655285_160.txt earth/gen_1778655292_163.txt earth/gen_1778655300_166.txt earth/gen_1778655308_169.txt earth/gen_1778655316_172.txt earth/gen_1778655324_175.txt earth/gen_1778655331_178.txt earth/gen_1778655339_181.txt earth/gen_1778655347_184.txt earth/gen_1778655355_187.txt earth/gen_1778655362_190.txt earth/gen_1778655370_193.txt earth/gen_1778655378_196.txt earth/gen_1778655386_199.txt earth/gen_1778655393_202.txt earth/gen_1778655401_205.txt earth/gen_1778655409_208.txt earth/gen_1778655417_211.txt earth/gen_1778655424_214.txt earth/gen_1778655432_217.txt earth/gen_1778655440_220.txt earth/gen_1778655447_223.txt earth/gen_1778655455_226.txt earth/gen_1778655463_229.txt earth/gen_1778655471_232.txt earth/gen_1778655478_235.txt earth/gen_1778655486_238.txt earth/gen_1778655494_241.txt earth/gen_1778655502_244.txt earth/gen_1778655510_247.txt earth/gen_1778655517_250.txt earth/gen_1778655525_253.txt earth/gen_1778655533_256.txt earth/gen_1778655541_259.txt earth/gen_1778655548_262.txt earth/gen_1778655556_265.txt earth/gen_1778655564_268.txt earth/gen_1778655571_271.txt earth/gen_1778655579_274.txt earth/gen_1778655587_277.txt earth/gen_1778655594_280.txt earth/gen_1778655602_283.txt earth/gen_1778655610_286.txt earth/gen_1778655618_289.txt earth/gen_1778655625_292.txt earth/gen_1778655633_295.txt earth/gen_1778655641_298.txt earth/gen_1778655649_301.txt earth/gen_1778655657_304.txt earth/gen_1778655664_307.txt earth/gen_1778655672_310.txt earth/gen_1778655680_313.txt earth/gen_1778655687_316.txt earth/gen_1778655695_319.txt earth/gen_1778655703_322.txt earth/gen_1778655710_325.txt earth/gen_1778655718_328.txt earth/gen_1778655726_331.txt earth/gen_1778655734_334.txt earth/gen_1778655741_337.txt earth/gen_1778655749_340.txt earth/gen_1778655757_343.txt earth/gen_1778655764_346.txt earth/gen_1778655772_349.txt earth/gen_1778655780_352.txt earth/gen_1778655787_355.txt earth/gen_1778655795_358.txt earth/gen_1778655803_361.txt earth/gen_1778655811_364.txt earth/gen_1778655818_367.txt earth/gen_1778655826_370.txt earth/gen_1778655834_373.txt earth/gen_1778655841_376.txt earth/gen_1778655857_382.txt earth/gen_1778655865_385.txt earth/gen_1778655872_388.txt earth/gen_1778655880_391.txt earth/gen_1778655888_394.txt earth/gen_1778655895_397.txt earth/gen_1778655903_400.txt earth/gen_1778655911_403.txt earth/gen_1778655918_406.txt earth/gen_1778655926_409.txt earth/gen_1778655934_412.txt earth/gen_1778655942_415.txt earth/gen_1778655950_418.txt earth/gen_1778655957_421.txt earth/gen_1778655965_424.txt earth/gen_1778655973_427.txt earth/gen_1778655981_430.txt earth/gen_1778655988_433.txt earth/gen_1778655996_436.txt earth/gen_1778656004_439.txt earth/gen_1778656012_442.txt earth/gen_1778656019_445.txt earth/gen_1778656027_448.txt earth/gen_1778656035_451.txt earth/gen_1778656043_454.txt earth/gen_1778656050_457.txt earth/gen_1778656058_460.txt earth/gen_1778656066_463.txt earth/gen_1778656074_466.txt earth/gen_1778656081_469.txt earth/gen_1778656089_472.txt earth/gen_1778656097_475.txt earth/gen_1778656105_478.txt earth/gen_1778656113_481.txt earth/gen_1778656120_484.txt earth/gen_1778656128_487.txt earth/gen_1778656136_490.txt earth/gen_1778656143_493.txt earth/gen_1778656151_496.txt earth/gen_1778656159_499.txt earth/gen_1778656167_502.txt earth/gen_1778656174_505.txt earth/gen_1778656182_508.txt earth/gen_1778656190_511.txt earth/gen_1778656198_514.txt earth/gen_1778656205_517.txt earth/gen_1778656213_520.txt earth/gen_1778656221_523.txt earth/gen_1778656229_526.txt earth/gen_1778656236_529.txt earth/gen_1778656244_532.txt earth/gen_1778656252_535.txt earth/gen_1778656260_538.txt earth/gen_1778656267_541.txt earth/gen_1778656275_544.txt earth/gen_1778656283_547.txt earth/gen_1778656291_550.txt earth/gen_1778656298_553.txt earth/gen_1778656306_556.txt earth/gen_1778656314_559.txt earth/gen_1778656322_562.txt earth/gen_1778656330_565.txt earth/gen_1778656337_568.txt earth/gen_1778656345_571.txt earth/gen_1778656353_574.txt earth/gen_1778656361_577.txt earth/gen_1778656369_580.txt earth/gen_1778656376_583.txt earth/gen_1778656384_586.txt earth/gen_1778656392_589.txt earth/gen_1778656400_592.txt earth/gen_1778656407_595.txt earth/gen_1778656415_598.txt earth/gen_1778656423_601.txt earth/gen_1778656431_604.txt earth/gen_1778656438_607.txt earth/gen_1778656446_610.txt earth/gen_1778656454_613.txt earth/gen_1778656462_616.txt earth/gen_1778656470_619.txt earth/gen_1778656477_622.txt earth/gen_1778656485_625.txt earth/gen_1778656493_628.txt earth/gen_1778656501_631.txt earth/gen_1778656509_634.txt earth/gen_1778656516_637.txt earth/gen_1778656524_640.txt earth/gen_1778656532_643.txt earth/gen_1778656540_646.txt earth/gen_1778656547_649.txt earth/gen_1778656555_652.txt earth/gen_1778656563_655.txt earth/gen_1778656571_658.txt earth/gen_1778656578_661.txt earth/gen_1778656586_664.txt earth/gen_1778656594_667.txt earth/gen_1778656602_670.txt earth/gen_1778656610_673.txt earth/gen_1778656617_676.txt earth/gen_1778656625_679.txt earth/gen_1778656633_682.txt]
[trainer] micro-train burst (16077 bytes, novelty 0.04) — and lo, it feeds again.
[syntropy] action=explore | trend=0.0000 | field_dev=0.059 | purpose_align=-0.152 | lr_mul=1.30
[aml] burst complete: 32 steps, avg loss 2.4815 (memory freed)
[dna] air wrote 13 bytes to ecology
[dna] air wrote 78 bytes to ecology
[dna] air wrote 204 bytes to ecology
[dna] air wrote 201 bytes to ecology
[dna] air wrote 81 bytes to ecology
[dna] air wrote 176 bytes to ecology
[dna] air wrote 78 bytes to ecology
[dna] air wrote 28 bytes to ecology
[dna] air wrote 81 bytes to ecology
[dna] air wrote 41 bytes to ecology
[dna] air wrote 23 bytes to ecology
[dna] air wrote 169 bytes to ecology
[dna] air wrote 82 bytes to ecology
[dna] air wrote 236 bytes to ecology
[dna] air wrote 22 bytes to ecology
[dna] air wrote 42 bytes to ecology
[debug-onto] tick=50 corpus=138619 stage=2 freeze=0
[dna] air wrote 48 bytes to ecology
[dna] air wrote 43 bytes to ecology
[dna] air wrote 27 bytes to ecology
[dna] air wrote 182 bytes to ecology
[dna] air wrote 76 bytes to ecology
[dna] air wrote 50 bytes to ecology
[dna] air wrote 108 bytes to ecology
[dna] air wrote 118 bytes to ecology
[dna] air wrote 56 bytes to ecology
[dna] air wrote 79 bytes to ecology
[dna] air wrote 56 bytes to ecology
[dna] air wrote 34 bytes to ecology
[dna] air wrote 109 bytes to ecology
[dna] air wrote 93 bytes to ecology
[dna] air wrote 87 bytes to ecology
[dna] air wrote 103 bytes to ecology
[dna] air wrote 161 bytes to ecology
[debug-onto] tick=100 corpus=138619 stage=2 freeze=0
[dna] air wrote 51 bytes to ecology
[dna] air wrote 51 bytes to ecology
[dna] air wrote 131 bytes to ecology
[dna] air wrote 40 bytes to ecology
[dna] air wrote 127 bytes to ecology
[dna] air wrote 8 bytes to ecology
[dna] air wrote 64 bytes to ecology
[dna] air wrote 35 bytes to ecology
[dna] air wrote 60 bytes to ecology
[dna] air wrote 80 bytes to ecology
[dna] air wrote 194 bytes to ecology
[dna] air wrote 211 bytes to ecology
[dna] air wrote 51 bytes to ecology
[dna] air wrote 134 bytes to ecology
[dna] air wrote 109 bytes to ecology
[dna] air wrote 11 bytes to ecology
[debug-onto] tick=150 corpus=138619 stage=2 freeze=0
[dna] air wrote 51 bytes to ecology
[dna] air wrote 81 bytes to ecology
[dna] air wrote 63 bytes to ecology
[dna] air wrote 40 bytes to ecology
[dna] air wrote 55 bytes to ecology
[dna] air wrote 77 bytes to ecology
[dna] air wrote 27 bytes to ecology
[dna] air wrote 24 bytes to ecology
[dna] air wrote 74 bytes to ecology
[dna] air wrote 45 bytes to ecology
[dna] air wrote 91 bytes to ecology
[dna] air wrote 81 bytes to ecology
[dna] air wrote 79 bytes to ecology
[dna] air wrote 64 bytes to ecology
[dna] air wrote 56 bytes to ecology
[dna] air wrote 109 bytes to ecology
[dna] air wrote 42 bytes to ecology
[debug-onto] tick=200 corpus=138619 stage=2 freeze=0
[dna] air wrote 60 bytes to ecology
[dna] air wrote 6 bytes to ecology
[dna] air wrote 83 bytes to ecology
[dna] air wrote 264 bytes to ecology
[dna] air wrote 33 bytes to ecology
[dna] air wrote 117 bytes to ecology
[dna] air wrote 55 bytes to ecology
[dna] air wrote 31 bytes to ecology
[dna] air wrote 89 bytes to ecology
[dna] air wrote 97 bytes to ecology
[dna] air wrote 56 bytes to ecology
[dna] air wrote 73 bytes to ecology
[dna] air wrote 161 bytes to ecology
[dna] air wrote 70 bytes to ecology
[dna] air wrote 31 bytes to ecology
[dna] air wrote 110 bytes to ecology
[dna] air wrote 68 bytes to ecology
[debug-onto] tick=250 corpus=138619 stage=2 freeze=0
[dna] air wrote 73 bytes to ecology
[dna] air wrote 72 bytes to ecology
[dna] air wrote 87 bytes to ecology
[dna] air wrote 21 bytes to ecology
[dna] air wrote 33 bytes to ecology
[dna] air wrote 91 bytes to ecology
[dna] air wrote 33 bytes to ecology
[dna] air wrote 55 bytes to ecology
[dna] air wrote 47 bytes to ecology
[dna] air wrote 43 bytes to ecology
[dna] air wrote 95 bytes to ecology
[dna] air wrote 96 bytes to ecology
[dna] air wrote 216 bytes to ecology
[dna] air wrote 125 bytes to ecology
[dna] air wrote 94 bytes to ecology
[dna] air wrote 183 bytes to ecology
[debug-onto] tick=300 corpus=138619 stage=2 freeze=0
[dna] air wrote 60 bytes to ecology
[dna] air wrote 84 bytes to ecology
[dna] air wrote 54 bytes to ecology
[dna] air wrote 84 bytes to ecology
[dna] air wrote 44 bytes to ecology
[dna] air wrote 28 bytes to ecology
[dna] air wrote 90 bytes to ecology
[dna] air wrote 61 bytes to ecology
[dna] air wrote 233 bytes to ecology
[dna] air wrote 66 bytes to ecology
[dna] air wrote 30 bytes to ecology
[dna] air wrote 135 bytes to ecology
[dna] air wrote 17 bytes to ecology
[dna] air wrote 40 bytes to ecology
[dna] air wrote 27 bytes to ecology
[dna] air wrote 81 bytes to ecology
[dna] air wrote 84 bytes to ecology
[debug-onto] tick=350 corpus=138619 stage=2 freeze=0
[dna] air wrote 142 bytes to ecology
[dna] air wrote 60 bytes to ecology
[dna] air wrote 68 bytes to ecology
[dna] air wrote 38 bytes to ecology
[dna] air wrote 42 bytes to ecology
[dna] air wrote 80 bytes to ecology
[dna] air wrote 40 bytes to ecology
[dna] air wrote 74 bytes to ecology
[dna] air wrote 82 bytes to ecology
[dna] air wrote 30 bytes to ecology
[dna] air wrote 41 bytes to ecology
[dna] air wrote 103 bytes to ecology
[dna] air wrote 15 bytes to ecology
[dna] air wrote 309 bytes to ecology
[dna] air wrote 127 bytes to ecology
[dna] air wrote 52 bytes to ecology
[dna] air wrote 208 bytes to ecology
[debug-onto] tick=400 corpus=138619 stage=2 freeze=0
[dna] air wrote 33 bytes to ecology
[dna] air wrote 25 bytes to ecology
[dna] air wrote 97 bytes to ecology
[dna] air wrote 64 bytes to ecology
[dna] air wrote 34 bytes to ecology
[dna] air wrote 117 bytes to ecology
[dna] air wrote 33 bytes to ecology
[dna] air wrote 27 bytes to ecology
[dna] air wrote 67 bytes to ecology
[dna] air wrote 55 bytes to ecology
[dna] air wrote 35 bytes to ecology
[dna] air wrote 52 bytes to ecology
[dna] air wrote 26 bytes to ecology
[dna] air wrote 95 bytes to ecology
[dna] air wrote 260 bytes to ecology
[dna] air wrote 132 bytes to ecology
[debug-onto] tick=450 corpus=138619 stage=2 freeze=0
[dna] air wrote 96 bytes to ecology
[dna] air wrote 169 bytes to ecology
[dna] air wrote 14 bytes to ecology
[dna] air wrote 34 bytes to ecology
[dna] air wrote 86 bytes to ecology
[dna] air wrote 47 bytes to ecology
[dna] air wrote 21 bytes to ecology
[dna] air wrote 35 bytes to ecology
[dna] air wrote 62 bytes to ecology
[dna] air wrote 124 bytes to ecology
[dna] air wrote 32 bytes to ecology
[dna] air wrote 66 bytes to ecology
[dna] air wrote 149 bytes to ecology
[dna] air wrote 35 bytes to ecology
[dna] air wrote 42 bytes to ecology
[dna] air wrote 104 bytes to ecology
[dna] air wrote 58 bytes to ecology
[debug-onto] tick=500 corpus=138619 stage=2 freeze=0
[dna] air wrote 120 bytes to ecology
[dna] air wrote 44 bytes to ecology
[dna] air wrote 43 bytes to ecology
[dna] air wrote 42 bytes to ecology
[dna] air wrote 116 bytes to ecology
[dna] air wrote 15 bytes to ecology
[dna] air wrote 229 bytes to ecology
[dna] air wrote 34 bytes to ecology
[dna] air wrote 115 bytes to ecology
[dna] air wrote 69 bytes to ecology
[dna] air wrote 26 bytes to ecology
[dna] air wrote 70 bytes to ecology
[dna] air wrote 121 bytes to ecology
[dna] air wrote 54 bytes to ecology
[dna] air wrote 54 bytes to ecology
[dna] air wrote 40 bytes to ecology
[dna] air wrote 20 bytes to ecology
[debug-onto] tick=550 corpus=138619 stage=2 freeze=0
[dna] air wrote 186 bytes to ecology
[dna] air wrote 88 bytes to ecology
[dna] air wrote 38 bytes to ecology
[dna] air wrote 79 bytes to ecology
[dna] air wrote 50 bytes to ecology
[dna] air wrote 150 bytes to ecology
[dna] air wrote 98 bytes to ecology
[dna] air wrote 115 bytes to ecology
[dna] air wrote 110 bytes to ecology
[dna] air wrote 160 bytes to ecology
[dna] air wrote 67 bytes to ecology
[dna] air wrote 41 bytes to ecology
[dna] air wrote 102 bytes to ecology
[dna] air wrote 153 bytes to ecology
[dna] air wrote 58 bytes to ecology
[dna] air wrote 8 bytes to ecology
[debug-onto] tick=600 corpus=138619 stage=2 freeze=0
[dna] air wrote 44 bytes to ecology
[dna] air wrote 40 bytes to ecology
[dna] air wrote 60 bytes to ecology
[dna] air wrote 30 bytes to ecology
[dna] air wrote 62 bytes to ecology
[dna] air wrote 75 bytes to ecology
[dna] air wrote 61 bytes to ecology
[dna] air wrote 100 bytes to ecology
[dna] air wrote 230 bytes to ecology
[dna] air wrote 116 bytes to ecology
[dna] air wrote 92 bytes to ecology
[dna] air wrote 150 bytes to ecology
[dna] air wrote 37 bytes to ecology
[dna] air wrote 86 bytes to ecology
[dna] air wrote 28 bytes to ecology
[dna] air wrote 230 bytes to ecology
[dna] air wrote 111 bytes to ecology
[debug-onto] tick=650 corpus=138619 stage=2 freeze=0
[dna] air wrote 50 bytes to ecology
[dna] air wrote 105 bytes to ecology
[dna] air wrote 225 bytes to ecology
[dna] air wrote 21 bytes to ecology
[dna] air wrote 26 bytes to ecology
[dna] air wrote 55 bytes to ecology
[dna] air wrote 122 bytes to ecology
[dna] air wrote 144 bytes to ecology
[dna] air wrote 13 bytes to ecology
[dna] air wrote 33 bytes to ecology
[dna] air wrote 31 bytes to ecology
[dna] air wrote 21 bytes to ecology
[dna] air wrote 70 bytes to ecology
[dna] air wrote 55 bytes to ecology
[dna] air wrote 74 bytes to ecology
[dna] air wrote 148 bytes to ecology
[dna] air wrote 53 bytes to ecology
[debug-onto] tick=700 corpus=138619 stage=2 freeze=0
[dna] air wrote 35 bytes to ecology
[dna] air wrote 130 bytes to ecology

[evolution] Organism shutting down gracefully.
