[ecology] Element: fire → corpus: nonames_fire.txt
[evolution] Autonomous evolution mode — organism will grow through all stages without pause.
[ecology] Joined swarm. 1 peer(s) detected.
molequla is alive. [evolution] Autonomous mode — background trainer running. Ctrl+C to stop.
[dna] fire wrote 38 bytes to ecology
[dna] fire consumed 14546 bytes from 208 files: [water/gen_1778658445_1.txt water/gen_1778658462_4.txt water/gen_1778658470_7.txt water/gen_1778658479_10.txt water/gen_1778658487_13.txt water/gen_1778658496_16.txt water/gen_1778658504_19.txt water/gen_1778658513_22.txt water/gen_1778658522_25.txt water/gen_1778658530_28.txt water/gen_1778658539_31.txt water/gen_1778658547_34.txt water/gen_1778658556_37.txt water/gen_1778658564_40.txt water/gen_1778658573_43.txt water/gen_1778658581_46.txt water/gen_1778658590_49.txt water/gen_1778658599_52.txt water/gen_1778658607_55.txt water/gen_1778658616_58.txt water/gen_1778658624_61.txt water/gen_1778658633_64.txt water/gen_1778658642_67.txt water/gen_1778658650_70.txt water/gen_1778658659_73.txt water/gen_1778658667_76.txt water/gen_1778658676_79.txt water/gen_1778658684_82.txt water/gen_1778658693_85.txt water/gen_1778658702_88.txt water/gen_1778658710_91.txt water/gen_1778658719_94.txt water/gen_1778658727_97.txt water/gen_1778658736_100.txt water/gen_1778658744_103.txt water/gen_1778658753_106.txt water/gen_1778658761_109.txt water/gen_1778658770_112.txt water/gen_1778658779_115.txt water/gen_1778658787_118.txt water/gen_1778658796_121.txt water/gen_1778658804_124.txt water/gen_1778658813_127.txt water/gen_1778658821_130.txt water/gen_1778658830_133.txt water/gen_1778658839_136.txt water/gen_1778658847_139.txt water/gen_1778658856_142.txt water/gen_1778658864_145.txt water/gen_1778658873_148.txt water/gen_1778658881_151.txt water/gen_1778658890_154.txt water/gen_1778658898_157.txt water/gen_1778658907_160.txt water/gen_1778658915_163.txt water/gen_1778658924_166.txt water/gen_1778658933_169.txt water/gen_1778658941_172.txt water/gen_1778658950_175.txt water/gen_1778658958_178.txt water/gen_1778658967_181.txt water/gen_1778658975_184.txt water/gen_1778658984_187.txt water/gen_1778658992_190.txt water/gen_1778659001_193.txt water/gen_1778659009_196.txt water/gen_1778659018_199.txt water/gen_1778659026_202.txt water/gen_1778659035_205.txt water/gen_1778659043_208.txt water/gen_1778659052_211.txt water/gen_1778659060_214.txt water/gen_1778659069_217.txt water/gen_1778659077_220.txt water/gen_1778659086_223.txt water/gen_1778659094_226.txt water/gen_1778659103_229.txt water/gen_1778659111_232.txt water/gen_1778659120_235.txt water/gen_1778659128_238.txt water/gen_1778659137_241.txt water/gen_1778659145_244.txt water/gen_1778659154_247.txt water/gen_1778659162_250.txt water/gen_1778659171_253.txt water/gen_1778659179_256.txt water/gen_1778659188_259.txt water/gen_1778659197_262.txt water/gen_1778659205_265.txt water/gen_1778659214_268.txt water/gen_1778659222_271.txt water/gen_1778659231_274.txt water/gen_1778659239_277.txt water/gen_1778659248_280.txt water/gen_1778659256_283.txt water/gen_1778659265_286.txt water/gen_1778659273_289.txt water/gen_1778659282_292.txt water/gen_1778659290_295.txt water/gen_1778659299_298.txt water/gen_1778659308_301.txt water/gen_1778659316_304.txt water/gen_1778659325_307.txt water/gen_1778659334_310.txt water/gen_1778659342_313.txt water/gen_1778659351_316.txt water/gen_1778659359_319.txt water/gen_1778659368_322.txt water/gen_1778659376_325.txt water/gen_1778659385_328.txt water/gen_1778659394_331.txt water/gen_1778659402_334.txt water/gen_1778659411_337.txt water/gen_1778659419_340.txt water/gen_1778659428_343.txt water/gen_1778659437_346.txt water/gen_1778659445_349.txt water/gen_1778659454_352.txt water/gen_1778659463_355.txt water/gen_1778659471_358.txt water/gen_1778659480_361.txt water/gen_1778659488_364.txt water/gen_1778659497_367.txt water/gen_1778659506_370.txt water/gen_1778659514_373.txt water/gen_1778659523_376.txt water/gen_1778659531_379.txt water/gen_1778659540_382.txt water/gen_1778659548_385.txt water/gen_1778659557_388.txt water/gen_1778659566_391.txt water/gen_1778659574_394.txt water/gen_1778659583_397.txt water/gen_1778659591_400.txt water/gen_1778659600_403.txt water/gen_1778659609_406.txt water/gen_1778659617_409.txt water/gen_1778659626_412.txt water/gen_1778659634_415.txt water/gen_1778659643_418.txt water/gen_1778659651_421.txt water/gen_1778659660_424.txt water/gen_1778659668_427.txt water/gen_1778659677_430.txt water/gen_1778659685_433.txt water/gen_1778659694_436.txt water/gen_1778659702_439.txt water/gen_1778659711_442.txt water/gen_1778659719_445.txt water/gen_1778659728_448.txt water/gen_1778659736_451.txt water/gen_1778659745_454.txt water/gen_1778659753_457.txt water/gen_1778659762_460.txt water/gen_1778659770_463.txt water/gen_1778659779_466.txt water/gen_1778659788_469.txt water/gen_1778659796_472.txt water/gen_1778659805_475.txt water/gen_1778659813_478.txt water/gen_1778659822_481.txt water/gen_1778659830_484.txt water/gen_1778659839_487.txt water/gen_1778659847_490.txt water/gen_1778659856_493.txt water/gen_1778659864_496.txt water/gen_1778659873_499.txt water/gen_1778659882_502.txt water/gen_1778659890_505.txt water/gen_1778659899_508.txt water/gen_1778659907_511.txt water/gen_1778659916_514.txt water/gen_1778659933_520.txt water/gen_1778659941_523.txt water/gen_1778659950_526.txt water/gen_1778659958_529.txt water/gen_1778659967_532.txt water/gen_1778659976_535.txt water/gen_1778659984_538.txt water/gen_1778659993_541.txt water/gen_1778660001_544.txt water/gen_1778660010_547.txt water/gen_1778660018_550.txt water/gen_1778660027_553.txt water/gen_1778660035_556.txt water/gen_1778660044_559.txt water/gen_1778660052_562.txt water/gen_1778660061_565.txt water/gen_1778660069_568.txt water/gen_1778660078_571.txt water/gen_1778660087_574.txt water/gen_1778660095_577.txt water/gen_1778660104_580.txt water/gen_1778660112_583.txt water/gen_1778660121_586.txt water/gen_1778660129_589.txt water/gen_1778660138_592.txt water/gen_1778660146_595.txt water/gen_1778660155_598.txt water/gen_1778660163_601.txt water/gen_1778660172_604.txt water/gen_1778660181_607.txt water/gen_1778660189_610.txt water/gen_1778660198_613.txt water/gen_1778660206_616.txt water/gen_1778660215_619.txt water/gen_1778660223_622.txt water/gen_1778660232_625.txt]
[trainer] micro-train burst (14546 bytes, novelty 0.05) — and lo, it feeds again.
[syntropy] action=explore | trend=0.0000 | field_dev=-0.053 | purpose_align=-0.197 | lr_mul=1.30
[aml] burst complete: 32 steps, avg loss 1.5445 (memory freed)
[dna] fire wrote 41 bytes to ecology
[dna] fire wrote 116 bytes to ecology
[dna] fire wrote 70 bytes to ecology
[dna] fire wrote 25 bytes to ecology
[dna] fire wrote 42 bytes to ecology
[dna] fire wrote 54 bytes to ecology
[dna] fire wrote 80 bytes to ecology
[dna] fire wrote 28 bytes to ecology
[dna] fire wrote 52 bytes to ecology
[dna] fire wrote 11 bytes to ecology
[dna] fire wrote 29 bytes to ecology
[dna] fire wrote 7 bytes to ecology
[dna] fire wrote 54 bytes to ecology
[dna] fire wrote 48 bytes to ecology
[dna] fire wrote 27 bytes to ecology
[dna] fire wrote 33 bytes to ecology
[debug-onto] tick=50 corpus=136654 stage=2 freeze=0
[dna] fire wrote 43 bytes to ecology
[dna] fire wrote 40 bytes to ecology
[dna] fire wrote 73 bytes to ecology
[dna] fire wrote 39 bytes to ecology
[dna] fire wrote 89 bytes to ecology
[dna] fire wrote 32 bytes to ecology
[dna] fire wrote 108 bytes to ecology
[dna] fire wrote 23 bytes to ecology
[dna] fire wrote 23 bytes to ecology
[dna] fire wrote 86 bytes to ecology
[dna] fire wrote 111 bytes to ecology
[dna] fire wrote 38 bytes to ecology
[dna] fire wrote 99 bytes to ecology
[dna] fire wrote 178 bytes to ecology
[dna] fire wrote 40 bytes to ecology
[dna] fire wrote 177 bytes to ecology
[dna] fire wrote 153 bytes to ecology
[debug-onto] tick=100 corpus=136654 stage=2 freeze=0
[dna] fire wrote 47 bytes to ecology
[dna] fire wrote 66 bytes to ecology
[dna] fire wrote 135 bytes to ecology
[dna] fire wrote 86 bytes to ecology
[dna] fire wrote 27 bytes to ecology
[dna] fire wrote 53 bytes to ecology
[dna] fire wrote 37 bytes to ecology
[dna] fire wrote 53 bytes to ecology
[dna] fire wrote 44 bytes to ecology
[dna] fire wrote 38 bytes to ecology
[dna] fire wrote 77 bytes to ecology
[dna] fire wrote 50 bytes to ecology
[dna] fire wrote 29 bytes to ecology
[dna] fire wrote 89 bytes to ecology
[dna] fire wrote 31 bytes to ecology
[dna] fire wrote 101 bytes to ecology
[debug-onto] tick=150 corpus=136654 stage=2 freeze=0
[dna] fire wrote 103 bytes to ecology
[dna] fire wrote 18 bytes to ecology
[dna] fire wrote 57 bytes to ecology
[dna] fire wrote 59 bytes to ecology
[dna] fire wrote 94 bytes to ecology
[dna] fire wrote 19 bytes to ecology
[dna] fire wrote 37 bytes to ecology
[dna] fire wrote 24 bytes to ecology
[dna] fire wrote 29 bytes to ecology
[dna] fire wrote 163 bytes to ecology
[dna] fire wrote 80 bytes to ecology
[dna] fire wrote 65 bytes to ecology
[dna] fire wrote 108 bytes to ecology
[dna] fire wrote 116 bytes to ecology
[dna] fire wrote 50 bytes to ecology
[dna] fire wrote 41 bytes to ecology
[dna] fire wrote 90 bytes to ecology
[debug-onto] tick=200 corpus=136654 stage=2 freeze=0
[dna] fire wrote 89 bytes to ecology
[dna] fire wrote 76 bytes to ecology
[dna] fire wrote 90 bytes to ecology
[dna] fire wrote 51 bytes to ecology
[dna] fire wrote 63 bytes to ecology
[dna] fire wrote 22 bytes to ecology
[dna] fire wrote 48 bytes to ecology
[dna] fire wrote 118 bytes to ecology
[dna] fire wrote 71 bytes to ecology
[dna] fire wrote 119 bytes to ecology
[dna] fire wrote 36 bytes to ecology
[dna] fire wrote 20 bytes to ecology
[dna] fire wrote 40 bytes to ecology
[dna] fire wrote 96 bytes to ecology
[dna] fire wrote 21 bytes to ecology
[dna] fire wrote 36 bytes to ecology
[dna] fire wrote 25 bytes to ecology
[debug-onto] tick=250 corpus=136654 stage=2 freeze=0
[dna] fire wrote 104 bytes to ecology
[dna] fire wrote 245 bytes to ecology
[dna] fire wrote 25 bytes to ecology
[dna] fire wrote 32 bytes to ecology
[dna] fire wrote 16 bytes to ecology
[dna] fire wrote 104 bytes to ecology
[dna] fire wrote 157 bytes to ecology
[dna] fire wrote 15 bytes to ecology
[dna] fire wrote 53 bytes to ecology
[dna] fire wrote 57 bytes to ecology
[dna] fire wrote 34 bytes to ecology
[dna] fire wrote 27 bytes to ecology
[dna] fire wrote 18 bytes to ecology
[dna] fire wrote 43 bytes to ecology
[dna] fire wrote 20 bytes to ecology
[dna] fire wrote 60 bytes to ecology
[debug-onto] tick=300 corpus=136654 stage=2 freeze=0
[dna] fire wrote 34 bytes to ecology
[dna] fire wrote 124 bytes to ecology
[dna] fire wrote 42 bytes to ecology
[dna] fire wrote 132 bytes to ecology
[dna] fire wrote 25 bytes to ecology
[dna] fire wrote 153 bytes to ecology
[dna] fire wrote 20 bytes to ecology
[dna] fire wrote 51 bytes to ecology
[dna] fire wrote 17 bytes to ecology
[dna] fire wrote 112 bytes to ecology
[dna] fire wrote 152 bytes to ecology
[dna] fire wrote 64 bytes to ecology
[dna] fire wrote 67 bytes to ecology
[dna] fire wrote 147 bytes to ecology
[dna] fire wrote 43 bytes to ecology
[dna] fire wrote 99 bytes to ecology
[dna] fire wrote 39 bytes to ecology
[debug-onto] tick=350 corpus=136654 stage=2 freeze=0
[dna] fire wrote 38 bytes to ecology
[dna] fire wrote 36 bytes to ecology
[dna] fire wrote 70 bytes to ecology
[dna] fire wrote 61 bytes to ecology
[dna] fire wrote 177 bytes to ecology
[dna] fire wrote 65 bytes to ecology
[dna] fire wrote 60 bytes to ecology
[dna] fire wrote 30 bytes to ecology
[dna] fire wrote 242 bytes to ecology
[dna] fire wrote 44 bytes to ecology
[dna] fire wrote 80 bytes to ecology
[dna] fire wrote 90 bytes to ecology
[dna] fire wrote 67 bytes to ecology
[dna] fire wrote 33 bytes to ecology
[dna] fire wrote 63 bytes to ecology
[dna] fire wrote 39 bytes to ecology
[dna] fire wrote 38 bytes to ecology
[debug-onto] tick=400 corpus=136654 stage=2 freeze=0
[dna] fire wrote 129 bytes to ecology
[dna] fire wrote 41 bytes to ecology
[dna] fire wrote 33 bytes to ecology
[dna] fire wrote 36 bytes to ecology
[dna] fire wrote 24 bytes to ecology
[dna] fire wrote 5 bytes to ecology
[dna] fire wrote 37 bytes to ecology
[dna] fire wrote 70 bytes to ecology
[dna] fire wrote 55 bytes to ecology
[dna] fire wrote 92 bytes to ecology
[dna] fire wrote 33 bytes to ecology
[dna] fire wrote 63 bytes to ecology
[dna] fire wrote 106 bytes to ecology
[dna] fire wrote 140 bytes to ecology
[dna] fire wrote 22 bytes to ecology
[dna] fire wrote 62 bytes to ecology
[debug-onto] tick=450 corpus=136654 stage=2 freeze=0
[dna] fire wrote 100 bytes to ecology
[dna] fire wrote 39 bytes to ecology
[dna] fire wrote 168 bytes to ecology
[dna] fire wrote 44 bytes to ecology
[dna] fire wrote 55 bytes to ecology
[dna] fire wrote 32 bytes to ecology
[dna] fire wrote 105 bytes to ecology
[dna] fire wrote 20 bytes to ecology
[dna] fire wrote 67 bytes to ecology
[dna] fire wrote 13 bytes to ecology
[dna] fire wrote 46 bytes to ecology
[dna] fire wrote 19 bytes to ecology
[dna] fire wrote 27 bytes to ecology
[dna] fire wrote 11 bytes to ecology
[dna] fire wrote 22 bytes to ecology
[dna] fire wrote 43 bytes to ecology
[dna] fire wrote 41 bytes to ecology
[debug-onto] tick=500 corpus=136654 stage=2 freeze=0
[dna] fire wrote 59 bytes to ecology
[dna] fire wrote 147 bytes to ecology
[dna] fire wrote 25 bytes to ecology
[dna] fire wrote 62 bytes to ecology
[dna] fire wrote 42 bytes to ecology
[dna] fire wrote 108 bytes to ecology
[dna] fire wrote 121 bytes to ecology
[dna] fire wrote 11 bytes to ecology
[dna] fire wrote 38 bytes to ecology
[dna] fire wrote 42 bytes to ecology
[dna] fire wrote 103 bytes to ecology
[dna] fire wrote 67 bytes to ecology
[dna] fire wrote 119 bytes to ecology
[dna] fire wrote 62 bytes to ecology
[dna] fire wrote 82 bytes to ecology
[dna] fire wrote 9 bytes to ecology
[dna] fire wrote 44 bytes to ecology
[debug-onto] tick=550 corpus=136654 stage=2 freeze=0
[dna] fire wrote 28 bytes to ecology
[dna] fire wrote 73 bytes to ecology
[dna] fire wrote 72 bytes to ecology
[dna] fire wrote 32 bytes to ecology
[dna] fire wrote 122 bytes to ecology
[dna] fire wrote 145 bytes to ecology
[dna] fire wrote 8 bytes to ecology
[dna] fire wrote 38 bytes to ecology
[dna] fire wrote 28 bytes to ecology
[dna] fire wrote 57 bytes to ecology
[dna] fire wrote 42 bytes to ecology
[dna] fire wrote 100 bytes to ecology
[dna] fire wrote 32 bytes to ecology
[dna] fire wrote 98 bytes to ecology
[dna] fire wrote 42 bytes to ecology
[dna] fire wrote 42 bytes to ecology
[debug-onto] tick=600 corpus=136654 stage=2 freeze=0
[dna] fire wrote 23 bytes to ecology
[dna] fire wrote 66 bytes to ecology
[dna] fire wrote 40 bytes to ecology
[dna] fire wrote 20 bytes to ecology
[dna] fire wrote 79 bytes to ecology
[dna] fire wrote 48 bytes to ecology
[dna] fire wrote 67 bytes to ecology
[dna] fire wrote 114 bytes to ecology
[dna] fire wrote 18 bytes to ecology
[dna] fire wrote 42 bytes to ecology
[dna] fire wrote 119 bytes to ecology
[dna] fire wrote 12 bytes to ecology
[dna] fire wrote 49 bytes to ecology
[dna] fire wrote 11 bytes to ecology
[dna] fire wrote 74 bytes to ecology
[dna] fire wrote 77 bytes to ecology
[dna] fire wrote 15 bytes to ecology
[debug-onto] tick=650 corpus=136654 stage=2 freeze=0
[dna] fire wrote 26 bytes to ecology
[dna] fire wrote 146 bytes to ecology
[dna] fire wrote 20 bytes to ecology
[dna] fire wrote 75 bytes to ecology
[dna] fire wrote 106 bytes to ecology
[dna] fire wrote 7 bytes to ecology
[dna] fire wrote 36 bytes to ecology
[dna] fire wrote 55 bytes to ecology
[dna] fire wrote 61 bytes to ecology
[dna] fire wrote 161 bytes to ecology
[dna] fire wrote 50 bytes to ecology
[dna] fire wrote 55 bytes to ecology

[evolution] Organism shutting down gracefully.
