[ecology] Element: water → corpus: nonames_water.txt
[evolution] Autonomous evolution mode — organism will grow through all stages without pause.
[ecology] Joined swarm. 1 peer(s) detected.
molequla is alive. [evolution] Autonomous mode — background trainer running. Ctrl+C to stop.
[dna] water wrote 64 bytes to ecology
[dna] water consumed 18912 bytes from 233 files: [air/gen_1778656644_1.txt air/gen_1778656660_4.txt air/gen_1778656668_7.txt air/gen_1778656675_10.txt air/gen_1778656683_13.txt air/gen_1778656691_16.txt air/gen_1778656698_19.txt air/gen_1778656706_22.txt air/gen_1778656713_25.txt air/gen_1778656721_28.txt air/gen_1778656728_31.txt air/gen_1778656736_34.txt air/gen_1778656743_37.txt air/gen_1778656751_40.txt air/gen_1778656759_43.txt air/gen_1778656766_46.txt air/gen_1778656774_49.txt air/gen_1778656781_52.txt air/gen_1778656789_55.txt air/gen_1778656796_58.txt air/gen_1778656804_61.txt air/gen_1778656812_64.txt air/gen_1778656819_67.txt air/gen_1778656827_70.txt air/gen_1778656834_73.txt air/gen_1778656842_76.txt air/gen_1778656849_79.txt air/gen_1778656857_82.txt air/gen_1778656865_85.txt air/gen_1778656872_88.txt air/gen_1778656880_91.txt air/gen_1778656887_94.txt air/gen_1778656895_97.txt air/gen_1778656902_100.txt air/gen_1778656910_103.txt air/gen_1778656918_106.txt air/gen_1778656925_109.txt air/gen_1778656933_112.txt air/gen_1778656940_115.txt air/gen_1778656955_121.txt air/gen_1778656963_124.txt air/gen_1778656970_127.txt air/gen_1778656978_130.txt air/gen_1778656985_133.txt air/gen_1778656993_136.txt air/gen_1778657000_139.txt air/gen_1778657008_142.txt air/gen_1778657016_145.txt air/gen_1778657023_148.txt air/gen_1778657031_151.txt air/gen_1778657038_154.txt air/gen_1778657046_157.txt air/gen_1778657053_160.txt air/gen_1778657061_163.txt air/gen_1778657068_166.txt air/gen_1778657076_169.txt air/gen_1778657083_172.txt air/gen_1778657091_175.txt air/gen_1778657098_178.txt air/gen_1778657106_181.txt air/gen_1778657114_184.txt air/gen_1778657121_187.txt air/gen_1778657129_190.txt air/gen_1778657136_193.txt air/gen_1778657144_196.txt air/gen_1778657152_199.txt air/gen_1778657159_202.txt air/gen_1778657174_208.txt air/gen_1778657182_211.txt air/gen_1778657190_214.txt air/gen_1778657197_217.txt air/gen_1778657205_220.txt air/gen_1778657213_223.txt air/gen_1778657220_226.txt air/gen_1778657228_229.txt air/gen_1778657235_232.txt air/gen_1778657243_235.txt air/gen_1778657251_238.txt air/gen_1778657258_241.txt air/gen_1778657266_244.txt air/gen_1778657273_247.txt air/gen_1778657281_250.txt air/gen_1778657288_253.txt air/gen_1778657296_256.txt air/gen_1778657303_259.txt air/gen_1778657311_262.txt air/gen_1778657318_265.txt air/gen_1778657326_268.txt air/gen_1778657333_271.txt air/gen_1778657341_274.txt air/gen_1778657349_277.txt air/gen_1778657356_280.txt air/gen_1778657364_283.txt air/gen_1778657371_286.txt air/gen_1778657379_289.txt air/gen_1778657386_292.txt air/gen_1778657394_295.txt air/gen_1778657402_298.txt air/gen_1778657409_301.txt air/gen_1778657417_304.txt air/gen_1778657424_307.txt air/gen_1778657432_310.txt air/gen_1778657439_313.txt air/gen_1778657447_316.txt air/gen_1778657454_319.txt air/gen_1778657462_322.txt air/gen_1778657470_325.txt air/gen_1778657477_328.txt air/gen_1778657485_331.txt air/gen_1778657492_334.txt air/gen_1778657500_337.txt air/gen_1778657507_340.txt air/gen_1778657515_343.txt air/gen_1778657522_346.txt air/gen_1778657530_349.txt air/gen_1778657538_352.txt air/gen_1778657545_355.txt air/gen_1778657553_358.txt air/gen_1778657560_361.txt air/gen_1778657568_364.txt air/gen_1778657575_367.txt air/gen_1778657583_370.txt air/gen_1778657590_373.txt air/gen_1778657598_376.txt air/gen_1778657606_379.txt air/gen_1778657613_382.txt air/gen_1778657621_385.txt air/gen_1778657628_388.txt air/gen_1778657636_391.txt air/gen_1778657644_394.txt air/gen_1778657651_397.txt air/gen_1778657659_400.txt air/gen_1778657666_403.txt air/gen_1778657674_406.txt air/gen_1778657681_409.txt air/gen_1778657689_412.txt air/gen_1778657696_415.txt air/gen_1778657704_418.txt air/gen_1778657712_421.txt air/gen_1778657719_424.txt air/gen_1778657727_427.txt air/gen_1778657734_430.txt air/gen_1778657742_433.txt air/gen_1778657749_436.txt air/gen_1778657757_439.txt air/gen_1778657764_442.txt air/gen_1778657772_445.txt air/gen_1778657780_448.txt air/gen_1778657787_451.txt air/gen_1778657795_454.txt air/gen_1778657803_457.txt air/gen_1778657810_460.txt air/gen_1778657818_463.txt air/gen_1778657825_466.txt air/gen_1778657833_469.txt air/gen_1778657840_472.txt air/gen_1778657848_475.txt air/gen_1778657855_478.txt air/gen_1778657863_481.txt air/gen_1778657870_484.txt air/gen_1778657878_487.txt air/gen_1778657886_490.txt air/gen_1778657893_493.txt air/gen_1778657901_496.txt air/gen_1778657908_499.txt air/gen_1778657916_502.txt air/gen_1778657924_505.txt air/gen_1778657931_508.txt air/gen_1778657939_511.txt air/gen_1778657946_514.txt air/gen_1778657954_517.txt air/gen_1778657962_520.txt air/gen_1778657969_523.txt air/gen_1778657977_526.txt air/gen_1778657984_529.txt air/gen_1778657992_532.txt air/gen_1778658000_535.txt air/gen_1778658008_538.txt air/gen_1778658015_541.txt air/gen_1778658023_544.txt air/gen_1778658030_547.txt air/gen_1778658038_550.txt air/gen_1778658046_553.txt air/gen_1778658053_556.txt air/gen_1778658061_559.txt air/gen_1778658069_562.txt air/gen_1778658076_565.txt air/gen_1778658084_568.txt air/gen_1778658092_571.txt air/gen_1778658099_574.txt air/gen_1778658107_577.txt air/gen_1778658114_580.txt air/gen_1778658122_583.txt air/gen_1778658129_586.txt air/gen_1778658137_589.txt air/gen_1778658145_592.txt air/gen_1778658152_595.txt air/gen_1778658168_601.txt air/gen_1778658175_604.txt air/gen_1778658183_607.txt air/gen_1778658190_610.txt air/gen_1778658198_613.txt air/gen_1778658205_616.txt air/gen_1778658213_619.txt air/gen_1778658220_622.txt air/gen_1778658228_625.txt air/gen_1778658236_628.txt air/gen_1778658243_631.txt air/gen_1778658251_634.txt air/gen_1778658258_637.txt air/gen_1778658266_640.txt air/gen_1778658274_643.txt air/gen_1778658281_646.txt air/gen_1778658289_649.txt air/gen_1778658297_652.txt air/gen_1778658304_655.txt air/gen_1778658312_658.txt air/gen_1778658320_661.txt air/gen_1778658327_664.txt air/gen_1778658335_667.txt air/gen_1778658343_670.txt air/gen_1778658350_673.txt air/gen_1778658358_676.txt air/gen_1778658365_679.txt air/gen_1778658373_682.txt air/gen_1778658381_685.txt air/gen_1778658388_688.txt air/gen_1778658396_691.txt air/gen_1778658404_694.txt air/gen_1778658411_697.txt air/gen_1778658419_700.txt air/gen_1778658427_703.txt air/gen_1778658434_706.txt]
[trainer] micro-train burst (18912 bytes, novelty 0.03) — and lo, it feeds again.
[syntropy] action=explore | trend=0.0000 | field_dev=-0.087 | purpose_align=-0.150 | lr_mul=1.30
[aml] burst complete: 32 steps, avg loss 1.5276 (memory freed)
[trainer] growing new delta module (total: 2) — new soul appended.
[dna] water wrote 68 bytes to ecology
[dna] water wrote 88 bytes to ecology
[dna] water wrote 63 bytes to ecology
[dna] water wrote 43 bytes to ecology
[dna] water wrote 27 bytes to ecology
[dna] water wrote 34 bytes to ecology
[dna] water wrote 23 bytes to ecology
[dna] water wrote 42 bytes to ecology
[dna] water wrote 14 bytes to ecology
[dna] water wrote 43 bytes to ecology
[dna] water wrote 39 bytes to ecology
[dna] water wrote 20 bytes to ecology
[dna] water wrote 41 bytes to ecology
[dna] water wrote 34 bytes to ecology
[dna] water wrote 31 bytes to ecology
[dna] water wrote 80 bytes to ecology
[debug-onto] tick=50 corpus=144842 stage=2 freeze=0
[dna] water wrote 42 bytes to ecology
[dna] water wrote 121 bytes to ecology
[dna] water wrote 65 bytes to ecology
[dna] water wrote 121 bytes to ecology
[dna] water wrote 116 bytes to ecology
[dna] water wrote 164 bytes to ecology
[dna] water wrote 69 bytes to ecology
[dna] water wrote 55 bytes to ecology
[dna] water wrote 62 bytes to ecology
[dna] water wrote 36 bytes to ecology
[dna] water wrote 33 bytes to ecology
[dna] water wrote 74 bytes to ecology
[dna] water wrote 12 bytes to ecology
[dna] water wrote 74 bytes to ecology
[dna] water wrote 99 bytes to ecology
[dna] water wrote 136 bytes to ecology
[dna] water wrote 45 bytes to ecology
[debug-onto] tick=100 corpus=144842 stage=2 freeze=0
[dna] water wrote 278 bytes to ecology
[dna] water wrote 53 bytes to ecology
[dna] water wrote 158 bytes to ecology
[dna] water wrote 71 bytes to ecology
[dna] water wrote 41 bytes to ecology
[dna] water wrote 36 bytes to ecology
[dna] water wrote 21 bytes to ecology
[dna] water wrote 56 bytes to ecology
[dna] water wrote 87 bytes to ecology
[dna] water wrote 63 bytes to ecology
[dna] water wrote 89 bytes to ecology
[dna] water wrote 118 bytes to ecology
[dna] water wrote 69 bytes to ecology
[dna] water wrote 46 bytes to ecology
[dna] water wrote 27 bytes to ecology
[dna] water wrote 56 bytes to ecology
[debug-onto] tick=150 corpus=144842 stage=2 freeze=0
[dna] water wrote 41 bytes to ecology
[dna] water wrote 112 bytes to ecology
[dna] water wrote 46 bytes to ecology
[dna] water wrote 68 bytes to ecology
[dna] water wrote 181 bytes to ecology
[dna] water wrote 80 bytes to ecology
[dna] water wrote 97 bytes to ecology
[dna] water wrote 28 bytes to ecology
[dna] water wrote 67 bytes to ecology
[dna] water wrote 27 bytes to ecology
[dna] water wrote 39 bytes to ecology
[dna] water wrote 70 bytes to ecology
[dna] water wrote 38 bytes to ecology
[dna] water wrote 63 bytes to ecology
[dna] water wrote 59 bytes to ecology
[dna] water wrote 53 bytes to ecology
[dna] water wrote 125 bytes to ecology
[debug-onto] tick=200 corpus=144842 stage=2 freeze=0
[dna] water wrote 13 bytes to ecology
[dna] water wrote 105 bytes to ecology
[dna] water wrote 48 bytes to ecology
[dna] water wrote 136 bytes to ecology
[dna] water wrote 39 bytes to ecology
[dna] water wrote 156 bytes to ecology
[dna] water wrote 39 bytes to ecology
[dna] water wrote 38 bytes to ecology
[dna] water wrote 92 bytes to ecology
[dna] water wrote 201 bytes to ecology
[dna] water wrote 107 bytes to ecology
[dna] water wrote 25 bytes to ecology
[dna] water wrote 131 bytes to ecology
[dna] water wrote 55 bytes to ecology
[dna] water wrote 30 bytes to ecology
[dna] water wrote 39 bytes to ecology
[dna] water wrote 53 bytes to ecology
[debug-onto] tick=250 corpus=144842 stage=2 freeze=0
[dna] water wrote 32 bytes to ecology
[dna] water wrote 79 bytes to ecology
[dna] water wrote 88 bytes to ecology
[dna] water wrote 29 bytes to ecology
[dna] water wrote 78 bytes to ecology
[dna] water wrote 22 bytes to ecology
[dna] water wrote 86 bytes to ecology
[dna] water wrote 65 bytes to ecology
[dna] water wrote 206 bytes to ecology
[dna] water wrote 71 bytes to ecology
[dna] water wrote 63 bytes to ecology
[dna] water wrote 39 bytes to ecology
[dna] water wrote 31 bytes to ecology
[dna] water wrote 24 bytes to ecology
[dna] water wrote 22 bytes to ecology
[dna] water wrote 70 bytes to ecology
[debug-onto] tick=300 corpus=144842 stage=2 freeze=0
[dna] water wrote 148 bytes to ecology
[dna] water wrote 62 bytes to ecology
[dna] water wrote 149 bytes to ecology
[dna] water wrote 48 bytes to ecology
[dna] water wrote 85 bytes to ecology
[dna] water wrote 37 bytes to ecology
[dna] water wrote 33 bytes to ecology
[dna] water wrote 60 bytes to ecology
[dna] water wrote 115 bytes to ecology
[dna] water wrote 34 bytes to ecology
[dna] water wrote 20 bytes to ecology
[dna] water wrote 56 bytes to ecology
[dna] water wrote 27 bytes to ecology
[dna] water wrote 55 bytes to ecology
[dna] water wrote 67 bytes to ecology
[dna] water wrote 26 bytes to ecology
[dna] water wrote 33 bytes to ecology
[debug-onto] tick=350 corpus=144842 stage=2 freeze=0
[dna] water wrote 125 bytes to ecology
[dna] water wrote 44 bytes to ecology
[dna] water wrote 111 bytes to ecology
[dna] water wrote 85 bytes to ecology
[dna] water wrote 73 bytes to ecology
[dna] water wrote 21 bytes to ecology
[dna] water wrote 73 bytes to ecology
[dna] water wrote 24 bytes to ecology
[dna] water wrote 40 bytes to ecology
[dna] water wrote 19 bytes to ecology
[dna] water wrote 23 bytes to ecology
[dna] water wrote 43 bytes to ecology
[dna] water wrote 40 bytes to ecology
[dna] water wrote 80 bytes to ecology
[dna] water wrote 46 bytes to ecology
[dna] water wrote 28 bytes to ecology
[dna] water wrote 118 bytes to ecology
[debug-onto] tick=400 corpus=144842 stage=2 freeze=0
[dna] water wrote 45 bytes to ecology
[dna] water wrote 112 bytes to ecology
[dna] water wrote 88 bytes to ecology
[dna] water wrote 90 bytes to ecology
[dna] water wrote 31 bytes to ecology
[dna] water wrote 252 bytes to ecology
[dna] water wrote 70 bytes to ecology
[dna] water wrote 80 bytes to ecology
[dna] water wrote 39 bytes to ecology
[dna] water wrote 61 bytes to ecology
[dna] water wrote 155 bytes to ecology
[dna] water wrote 38 bytes to ecology
[dna] water wrote 25 bytes to ecology
[dna] water wrote 27 bytes to ecology
[dna] water wrote 67 bytes to ecology
[dna] water wrote 71 bytes to ecology
[debug-onto] tick=450 corpus=144842 stage=2 freeze=0
[dna] water wrote 69 bytes to ecology
[dna] water wrote 16 bytes to ecology
[dna] water wrote 97 bytes to ecology
[dna] water wrote 176 bytes to ecology
[dna] water wrote 58 bytes to ecology
[dna] water wrote 91 bytes to ecology
[dna] water wrote 174 bytes to ecology
[dna] water wrote 90 bytes to ecology
[dna] water wrote 59 bytes to ecology
[dna] water wrote 22 bytes to ecology
[dna] water wrote 29 bytes to ecology
[dna] water wrote 65 bytes to ecology
[dna] water wrote 202 bytes to ecology
[dna] water wrote 95 bytes to ecology
[dna] water wrote 37 bytes to ecology
[dna] water wrote 33 bytes to ecology
[dna] water wrote 58 bytes to ecology
[debug-onto] tick=500 corpus=144842 stage=2 freeze=0
[dna] water wrote 37 bytes to ecology
[dna] water wrote 97 bytes to ecology
[dna] water wrote 54 bytes to ecology
[dna] water wrote 29 bytes to ecology
[dna] water wrote 67 bytes to ecology
[dna] water wrote 7 bytes to ecology
[dna] water wrote 138 bytes to ecology
[dna] water wrote 225 bytes to ecology
[dna] water wrote 41 bytes to ecology
[dna] water wrote 53 bytes to ecology
[dna] water wrote 124 bytes to ecology
[dna] water wrote 172 bytes to ecology
[dna] water wrote 87 bytes to ecology
[dna] water wrote 65 bytes to ecology
[dna] water wrote 119 bytes to ecology
[dna] water wrote 37 bytes to ecology
[dna] water wrote 44 bytes to ecology
[debug-onto] tick=550 corpus=144842 stage=2 freeze=0
[dna] water wrote 41 bytes to ecology
[dna] water wrote 39 bytes to ecology
[dna] water wrote 119 bytes to ecology
[dna] water wrote 54 bytes to ecology
[dna] water wrote 89 bytes to ecology
[dna] water wrote 29 bytes to ecology
[dna] water wrote 71 bytes to ecology
[dna] water wrote 120 bytes to ecology
[dna] water wrote 33 bytes to ecology
[dna] water wrote 25 bytes to ecology
[dna] water wrote 35 bytes to ecology
[dna] water wrote 59 bytes to ecology
[dna] water wrote 37 bytes to ecology
[dna] water wrote 35 bytes to ecology
[dna] water wrote 71 bytes to ecology
[dna] water wrote 117 bytes to ecology
[debug-onto] tick=600 corpus=144842 stage=2 freeze=0
[dna] water wrote 45 bytes to ecology
[dna] water wrote 32 bytes to ecology
[dna] water wrote 76 bytes to ecology
[dna] water wrote 60 bytes to ecology
[dna] water wrote 36 bytes to ecology
[dna] water wrote 75 bytes to ecology
[dna] water wrote 43 bytes to ecology
[dna] water wrote 252 bytes to ecology
[dna] water wrote 41 bytes to ecology

[evolution] Organism shutting down gracefully.
