[ecology] Element: air → corpus: nonames_air.txt
[evolution] Autonomous evolution mode — organism will grow through all stages without pause.
[ecology] Joined swarm. 1 peer(s) detected.
molequla is alive. [evolution] Autonomous mode — background trainer running. Ctrl+C to stop.
[dna] air wrote 62 bytes to ecology
[dna] air consumed 45643 bytes from 587 files: [earth/gen_1776665693_1.txt earth/gen_1776665695_2.txt earth/gen_1776665701_4.txt earth/gen_1776665703_5.txt earth/gen_1776665706_6.txt earth/gen_1776665709_7.txt earth/gen_1776665714_9.txt earth/gen_1776665717_10.txt earth/gen_1776665719_11.txt earth/gen_1776665722_12.txt earth/gen_1776665725_13.txt earth/gen_1776665733_16.txt earth/gen_1776665735_17.txt earth/gen_1776665738_18.txt earth/gen_1776665741_19.txt earth/gen_1776665743_20.txt earth/gen_1776665749_22.txt earth/gen_1776665751_23.txt earth/gen_1776665754_24.txt earth/gen_1776665757_25.txt earth/gen_1776665759_26.txt earth/gen_1776665762_27.txt earth/gen_1776665765_28.txt earth/gen_1776665768_29.txt earth/gen_1776665770_30.txt earth/gen_1776665773_31.txt earth/gen_1776665776_32.txt earth/gen_1776665781_34.txt earth/gen_1776665784_35.txt earth/gen_1776665786_36.txt earth/gen_1776665789_37.txt earth/gen_1776665792_38.txt earth/gen_1776665794_39.txt earth/gen_1776665797_40.txt earth/gen_1776665799_41.txt earth/gen_1776665802_42.txt earth/gen_1776665805_43.txt earth/gen_1776665807_44.txt earth/gen_1776665810_45.txt earth/gen_1776665813_46.txt earth/gen_1776665818_48.txt earth/gen_1776665821_49.txt earth/gen_1776665823_50.txt earth/gen_1776665826_51.txt earth/gen_1776665829_52.txt earth/gen_1776665831_53.txt earth/gen_1776665834_54.txt earth/gen_1776665837_55.txt earth/gen_1776665839_56.txt earth/gen_1776665845_58.txt earth/gen_1776665847_59.txt earth/gen_1776665850_60.txt earth/gen_1776665853_61.txt earth/gen_1776665855_62.txt earth/gen_1776665858_63.txt earth/gen_1776665861_64.txt earth/gen_1776665863_65.txt earth/gen_1776665866_66.txt earth/gen_1776665869_67.txt earth/gen_1776665872_68.txt earth/gen_1776665874_69.txt earth/gen_1776665877_70.txt earth/gen_1776665879_71.txt earth/gen_1776665882_72.txt earth/gen_1776665885_73.txt earth/gen_1776665887_74.txt earth/gen_1776665890_75.txt earth/gen_1776665893_76.txt earth/gen_1776665895_77.txt earth/gen_1776665898_78.txt earth/gen_1776665901_79.txt earth/gen_1776665903_80.txt earth/gen_1776665906_81.txt earth/gen_1776665909_82.txt earth/gen_1776665911_83.txt earth/gen_1776665914_84.txt earth/gen_1776665916_85.txt earth/gen_1776665919_86.txt earth/gen_1776665924_88.txt earth/gen_1776665927_89.txt earth/gen_1776665930_90.txt earth/gen_1776665932_91.txt earth/gen_1776665935_92.txt earth/gen_1776665938_93.txt earth/gen_1776665940_94.txt earth/gen_1776665943_95.txt earth/gen_1776665946_96.txt earth/gen_1776665948_97.txt earth/gen_1776665951_98.txt earth/gen_1776665954_99.txt earth/gen_1776665956_100.txt earth/gen_1776665959_101.txt earth/gen_1776665962_102.txt earth/gen_1776665964_103.txt earth/gen_1776665967_104.txt earth/gen_1776665972_106.txt earth/gen_1776665975_107.txt earth/gen_1776665978_108.txt earth/gen_1776665980_109.txt earth/gen_1776665983_110.txt earth/gen_1776665988_112.txt earth/gen_1776665991_113.txt earth/gen_1776665993_114.txt earth/gen_1776665996_115.txt earth/gen_1776666004_118.txt earth/gen_1776666006_119.txt earth/gen_1776666009_120.txt earth/gen_1776666012_121.txt earth/gen_1776666014_122.txt earth/gen_1776666019_124.txt earth/gen_1776666022_125.txt earth/gen_1776666024_126.txt earth/gen_1776666027_127.txt earth/gen_1776666035_130.txt earth/gen_1776666038_131.txt earth/gen_1776666040_132.txt earth/gen_1776666043_133.txt earth/gen_1776666045_134.txt earth/gen_1776666051_136.txt earth/gen_1776666056_138.txt earth/gen_1776666059_139.txt earth/gen_1776666066_142.txt earth/gen_1776666069_143.txt earth/gen_1776666072_144.txt earth/gen_1776666074_145.txt earth/gen_1776666077_146.txt earth/gen_1776666079_147.txt earth/gen_1776666082_148.txt earth/gen_1776666085_149.txt earth/gen_1776666087_150.txt earth/gen_1776666090_151.txt earth/gen_1776666093_152.txt earth/gen_1776666098_154.txt earth/gen_1776666100_155.txt earth/gen_1776666103_156.txt earth/gen_1776666105_157.txt earth/gen_1776666108_158.txt earth/gen_1776666113_160.txt earth/gen_1776666116_161.txt earth/gen_1776666118_162.txt earth/gen_1776666121_163.txt earth/gen_1776666124_164.txt earth/gen_1776666126_165.txt earth/gen_1776666129_166.txt earth/gen_1776666132_167.txt earth/gen_1776666134_168.txt earth/gen_1776666137_169.txt earth/gen_1776666139_170.txt earth/gen_1776666145_172.txt earth/gen_1776666147_173.txt earth/gen_1776666150_174.txt earth/gen_1776666153_175.txt earth/gen_1776666160_178.txt earth/gen_1776666163_179.txt earth/gen_1776666165_180.txt earth/gen_1776666168_181.txt earth/gen_1776666170_182.txt earth/gen_1776666173_183.txt earth/gen_1776666176_184.txt earth/gen_1776666178_185.txt earth/gen_1776666181_186.txt earth/gen_1776666183_187.txt earth/gen_1776666186_188.txt earth/gen_1776666191_190.txt earth/gen_1776666194_191.txt earth/gen_1776666196_192.txt earth/gen_1776666199_193.txt earth/gen_1776666202_194.txt earth/gen_1776666204_195.txt earth/gen_1776666207_196.txt earth/gen_1776666210_197.txt earth/gen_1776666212_198.txt earth/gen_1776666215_199.txt earth/gen_1776666217_200.txt earth/gen_1776666220_201.txt earth/gen_1776666223_202.txt earth/gen_1776666225_203.txt earth/gen_1776666228_204.txt earth/gen_1776666231_205.txt earth/gen_1776666233_206.txt earth/gen_1776666238_208.txt earth/gen_1776666241_209.txt earth/gen_1776666244_210.txt earth/gen_1776666246_211.txt earth/gen_1776666252_213.txt earth/gen_1776666254_214.txt earth/gen_1776666257_215.txt earth/gen_1776666260_216.txt earth/gen_1776666262_217.txt earth/gen_1776666265_218.txt earth/gen_1776666270_220.txt earth/gen_1776666273_221.txt earth/gen_1776666275_222.txt earth/gen_1776666278_223.txt earth/gen_1776666283_225.txt earth/gen_1776666286_226.txt earth/gen_1776666289_227.txt earth/gen_1776666291_228.txt earth/gen_1776666294_229.txt earth/gen_1776666297_230.txt earth/gen_1776666302_232.txt earth/gen_1776666304_233.txt earth/gen_1776666307_234.txt earth/gen_1776666310_235.txt earth/gen_1776666315_237.txt earth/gen_1776666317_238.txt earth/gen_1776666320_239.txt earth/gen_1776666323_240.txt earth/gen_1776666325_241.txt earth/gen_1776666328_242.txt earth/gen_1776666333_244.txt earth/gen_1776666336_245.txt earth/gen_1776666338_246.txt earth/gen_1776666341_247.txt earth/gen_1776666343_248.txt earth/gen_1776666349_250.txt earth/gen_1776666351_251.txt earth/gen_1776666354_252.txt earth/gen_1776666356_253.txt earth/gen_1776666359_254.txt earth/gen_1776666364_256.txt earth/gen_1776666367_257.txt earth/gen_1776666369_258.txt earth/gen_1776666372_259.txt earth/gen_1776666375_260.txt earth/gen_1776666380_262.txt earth/gen_1776666383_263.txt earth/gen_1776666385_264.txt earth/gen_1776666388_265.txt earth/gen_1776666391_266.txt earth/gen_1776666396_268.txt earth/gen_1776666399_269.txt earth/gen_1776666401_270.txt earth/gen_1776666404_271.txt earth/gen_1776666407_272.txt earth/gen_1776666409_273.txt earth/gen_1776666412_274.txt earth/gen_1776666415_275.txt earth/gen_1776666417_276.txt earth/gen_1776666420_277.txt earth/gen_1776666423_278.txt earth/gen_1776666425_279.txt earth/gen_1776666428_280.txt earth/gen_1776666431_281.txt earth/gen_1776666433_282.txt earth/gen_1776666436_283.txt earth/gen_1776666438_284.txt earth/gen_1776666443_286.txt earth/gen_1776666446_287.txt earth/gen_1776666449_288.txt earth/gen_1776666451_289.txt earth/gen_1776666454_290.txt earth/gen_1776666459_292.txt earth/gen_1776666462_293.txt earth/gen_1776666464_294.txt earth/gen_1776666467_295.txt earth/gen_1776666475_298.txt earth/gen_1776666478_299.txt earth/gen_1776666480_300.txt earth/gen_1776666483_301.txt earth/gen_1776666485_302.txt earth/gen_1776666491_304.txt earth/gen_1776666493_305.txt earth/gen_1776666496_306.txt earth/gen_1776666499_307.txt earth/gen_1776666501_308.txt earth/gen_1776666504_309.txt earth/gen_1776666506_310.txt earth/gen_1776666509_311.txt earth/gen_1776666512_312.txt earth/gen_1776666514_313.txt earth/gen_1776666517_314.txt earth/gen_1776666522_316.txt earth/gen_1776666525_317.txt earth/gen_1776666528_318.txt earth/gen_1776666530_319.txt earth/gen_1776666538_322.txt earth/gen_1776666541_323.txt earth/gen_1776666543_324.txt earth/gen_1776666546_325.txt earth/gen_1776666549_326.txt earth/gen_1776666554_328.txt earth/gen_1776666557_329.txt earth/gen_1776666559_330.txt earth/gen_1776666562_331.txt earth/gen_1776666564_332.txt earth/gen_1776666570_334.txt earth/gen_1776666575_336.txt earth/gen_1776666578_337.txt earth/gen_1776666581_338.txt earth/gen_1776666583_339.txt earth/gen_1776666586_340.txt earth/gen_1776666589_341.txt earth/gen_1776666591_342.txt earth/gen_1776666594_343.txt earth/gen_1776666599_345.txt earth/gen_1776666602_346.txt earth/gen_1776666604_347.txt earth/gen_1776666607_348.txt earth/gen_1776666610_349.txt earth/gen_1776666612_350.txt earth/gen_1776666615_351.txt earth/gen_1776666618_352.txt earth/gen_1776666620_353.txt earth/gen_1776666623_354.txt earth/gen_1776666626_355.txt earth/gen_1776666628_356.txt earth/gen_1776666631_357.txt earth/gen_1776666634_358.txt earth/gen_1776666636_359.txt earth/gen_1776666639_360.txt earth/gen_1776666642_361.txt earth/gen_1776666644_362.txt earth/gen_1776666650_364.txt earth/gen_1776666652_365.txt earth/gen_1776666657_367.txt earth/gen_1776666660_368.txt earth/gen_1776666665_370.txt earth/gen_1776666668_371.txt earth/gen_1776666671_372.txt earth/gen_1776666673_373.txt earth/gen_1776666676_374.txt earth/gen_1776666681_376.txt earth/gen_1776666684_377.txt earth/gen_1776666686_378.txt earth/gen_1776666689_379.txt earth/gen_1776666692_380.txt earth/gen_1776666697_382.txt earth/gen_1776666699_383.txt earth/gen_1776666702_384.txt earth/gen_1776666705_385.txt earth/gen_1776666707_386.txt earth/gen_1776666713_388.txt earth/gen_1776666715_389.txt earth/gen_1776666718_390.txt earth/gen_1776666720_391.txt earth/gen_1776666723_392.txt earth/gen_1776666728_394.txt earth/gen_1776666731_395.txt earth/gen_1776666733_396.txt earth/gen_1776666736_397.txt earth/gen_1776666739_398.txt earth/gen_1776666744_400.txt earth/gen_1776666746_401.txt earth/gen_1776666749_402.txt earth/gen_1776666752_403.txt earth/gen_1776666757_405.txt earth/gen_1776666759_406.txt earth/gen_1776666762_407.txt earth/gen_1776666765_408.txt earth/gen_1776666767_409.txt earth/gen_1776666775_412.txt earth/gen_1776666778_413.txt earth/gen_1776666780_414.txt earth/gen_1776666783_415.txt earth/gen_1776666786_416.txt earth/gen_1776666788_417.txt earth/gen_1776666791_418.txt earth/gen_1776666793_419.txt earth/gen_1776666796_420.txt earth/gen_1776666799_421.txt earth/gen_1776666801_422.txt earth/gen_1776666804_423.txt earth/gen_1776666807_424.txt earth/gen_1776666809_425.txt earth/gen_1776666812_426.txt earth/gen_1776666814_427.txt earth/gen_1776666817_428.txt earth/gen_1776666822_430.txt earth/gen_1776666825_431.txt earth/gen_1776666827_432.txt earth/gen_1776666830_433.txt earth/gen_1776666833_434.txt earth/gen_1776666838_436.txt earth/gen_1776666840_437.txt earth/gen_1776666843_438.txt earth/gen_1776666845_439.txt earth/gen_1776666848_440.txt earth/gen_1776666853_442.txt earth/gen_1776666856_443.txt earth/gen_1776666858_444.txt earth/gen_1776666861_445.txt earth/gen_1776666863_446.txt earth/gen_1776666869_448.txt earth/gen_1776666871_449.txt earth/gen_1776666874_450.txt earth/gen_1776666876_451.txt earth/gen_1776666879_452.txt earth/gen_1776666884_454.txt earth/gen_1776666887_455.txt earth/gen_1776666889_456.txt earth/gen_1776666892_457.txt earth/gen_1776666894_458.txt earth/gen_1776666899_460.txt earth/gen_1776666902_461.txt earth/gen_1776666905_462.txt earth/gen_1776666907_463.txt earth/gen_1776666910_464.txt earth/gen_1776666912_465.txt earth/gen_1776666915_466.txt earth/gen_1776666917_467.txt earth/gen_1776666920_468.txt earth/gen_1776666923_469.txt earth/gen_1776666925_470.txt earth/gen_1776666928_471.txt earth/gen_1776666930_472.txt earth/gen_1776666933_473.txt earth/gen_1776666935_474.txt earth/gen_1776666938_475.txt earth/gen_1776666940_476.txt earth/gen_1776666943_477.txt earth/gen_1776666945_478.txt earth/gen_1776666948_479.txt earth/gen_1776666951_480.txt earth/gen_1776666953_481.txt earth/gen_1776666956_482.txt earth/gen_1776666958_483.txt earth/gen_1776666961_484.txt earth/gen_1776666963_485.txt earth/gen_1776666966_486.txt earth/gen_1776666969_487.txt earth/gen_1776666971_488.txt earth/gen_1776666974_489.txt earth/gen_1776666976_490.txt earth/gen_1776666979_491.txt earth/gen_1776666982_492.txt earth/gen_1776666984_493.txt earth/gen_1776666987_494.txt earth/gen_1776666989_495.txt earth/gen_1776666992_496.txt earth/gen_1776666995_497.txt earth/gen_1776666997_498.txt earth/gen_1776667000_499.txt earth/gen_1776667002_500.txt earth/gen_1776667007_502.txt earth/gen_1776667010_503.txt earth/gen_1776667013_504.txt earth/gen_1776667015_505.txt earth/gen_1776667018_506.txt earth/gen_1776667020_507.txt earth/gen_1776667023_508.txt earth/gen_1776667025_509.txt earth/gen_1776667028_510.txt earth/gen_1776667031_511.txt earth/gen_1776667033_512.txt earth/gen_1776667036_513.txt earth/gen_1776667038_514.txt earth/gen_1776667041_515.txt earth/gen_1776667044_516.txt earth/gen_1776667046_517.txt earth/gen_1776667049_518.txt earth/gen_1776667054_520.txt earth/gen_1776667056_521.txt earth/gen_1776667059_522.txt earth/gen_1776667062_523.txt earth/gen_1776667064_524.txt earth/gen_1776667067_525.txt earth/gen_1776667069_526.txt earth/gen_1776667072_527.txt earth/gen_1776667075_528.txt earth/gen_1776667077_529.txt earth/gen_1776667080_530.txt earth/gen_1776667082_531.txt earth/gen_1776667085_532.txt earth/gen_1776667087_533.txt earth/gen_1776667090_534.txt earth/gen_1776667093_535.txt earth/gen_1776667095_536.txt earth/gen_1776667100_538.txt earth/gen_1776667103_539.txt earth/gen_1776667106_540.txt earth/gen_1776667108_541.txt earth/gen_1776667111_542.txt earth/gen_1776667116_544.txt earth/gen_1776667118_545.txt earth/gen_1776667121_546.txt earth/gen_1776667124_547.txt earth/gen_1776667126_548.txt earth/gen_1776667131_550.txt earth/gen_1776667134_551.txt earth/gen_1776667137_552.txt earth/gen_1776667139_553.txt earth/gen_1776667142_554.txt earth/gen_1776667144_555.txt earth/gen_1776667147_556.txt earth/gen_1776667150_557.txt earth/gen_1776667152_558.txt earth/gen_1776667155_559.txt earth/gen_1776667157_560.txt earth/gen_1776667163_562.txt earth/gen_1776667165_563.txt earth/gen_1776667168_564.txt earth/gen_1776667170_565.txt earth/gen_1776667173_566.txt earth/gen_1776667176_567.txt earth/gen_1776667178_568.txt earth/gen_1776667181_569.txt earth/gen_1776667183_570.txt earth/gen_1776667186_571.txt earth/gen_1776667189_572.txt earth/gen_1776667194_574.txt earth/gen_1776667196_575.txt earth/gen_1776667199_576.txt earth/gen_1776667202_577.txt earth/gen_1776667204_578.txt earth/gen_1776667209_580.txt earth/gen_1776667214_582.txt earth/gen_1776667217_583.txt earth/gen_1776667220_584.txt earth/gen_1776667222_585.txt earth/gen_1776667225_586.txt earth/gen_1776667228_587.txt earth/gen_1776667230_588.txt earth/gen_1776667233_589.txt earth/gen_1776667241_592.txt earth/gen_1776667243_593.txt earth/gen_1776667246_594.txt earth/gen_1776667249_595.txt earth/gen_1776667251_596.txt earth/gen_1776667256_598.txt earth/gen_1776667259_599.txt earth/gen_1776667262_600.txt earth/gen_1776667264_601.txt earth/gen_1776667267_602.txt earth/gen_1776667272_604.txt earth/gen_1776667275_605.txt earth/gen_1776667277_606.txt earth/gen_1776667280_607.txt earth/gen_1776667283_608.txt earth/gen_1776667288_610.txt earth/gen_1776667290_611.txt earth/gen_1776667293_612.txt earth/gen_1776667295_613.txt earth/gen_1776667298_614.txt earth/gen_1776667303_616.txt earth/gen_1776667306_617.txt earth/gen_1776667309_618.txt earth/gen_1776667311_619.txt earth/gen_1776667314_620.txt earth/gen_1776667319_622.txt earth/gen_1776667322_623.txt earth/gen_1776667324_624.txt earth/gen_1776667327_625.txt earth/gen_1776667330_626.txt earth/gen_1776667335_628.txt earth/gen_1776667337_629.txt earth/gen_1776667340_630.txt earth/gen_1776667343_631.txt earth/gen_1776667345_632.txt earth/gen_1776667350_634.txt earth/gen_1776667353_635.txt earth/gen_1776667356_636.txt earth/gen_1776667358_637.txt earth/gen_1776667361_638.txt earth/gen_1776667366_640.txt earth/gen_1776667369_641.txt earth/gen_1776667372_642.txt earth/gen_1776667374_643.txt earth/gen_1776667377_644.txt earth/gen_1776667379_645.txt earth/gen_1776667382_646.txt earth/gen_1776667385_647.txt earth/gen_1776667387_648.txt earth/gen_1776667390_649.txt earth/gen_1776667393_650.txt earth/gen_1776667395_651.txt earth/gen_1776667398_652.txt earth/gen_1776667400_653.txt earth/gen_1776667403_654.txt earth/gen_1776667406_655.txt earth/gen_1776667408_656.txt earth/gen_1776667414_658.txt earth/gen_1776667416_659.txt earth/gen_1776667419_660.txt earth/gen_1776667421_661.txt earth/gen_1776667424_662.txt earth/gen_1776667429_664.txt earth/gen_1776667432_665.txt earth/gen_1776667435_666.txt earth/gen_1776667437_667.txt earth/gen_1776667440_668.txt earth/gen_1776667445_670.txt earth/gen_1776667448_671.txt earth/gen_1776667450_672.txt earth/gen_1776667453_673.txt earth/gen_1776667455_674.txt earth/gen_1776667461_676.txt]
[trainer] micro-train burst (45643 bytes, novelty 0.02) — and lo, it feeds again.
[syntropy] action=explore | trend=0.0000 | field_dev=-0.053 | purpose_align=-0.168 | lr_mul=1.30
[aml] burst complete: 32 steps, avg loss 2.3570 (memory freed)
[dna] air wrote 70 bytes to ecology
[dna] air wrote 122 bytes to ecology
[dna] air wrote 97 bytes to ecology
[dna] air wrote 59 bytes to ecology
[dna] air wrote 32 bytes to ecology
[dna] air wrote 38 bytes to ecology
[dna] air wrote 44 bytes to ecology
[dna] air wrote 196 bytes to ecology
[dna] air wrote 85 bytes to ecology
[dna] air wrote 191 bytes to ecology
[dna] air wrote 97 bytes to ecology
[dna] air wrote 100 bytes to ecology
[dna] air wrote 66 bytes to ecology
[dna] air wrote 36 bytes to ecology
[dna] air wrote 67 bytes to ecology
[dna] air wrote 132 bytes to ecology
[dna] air wrote 176 bytes to ecology
[dna] air wrote 108 bytes to ecology
[dna] air wrote 173 bytes to ecology
[dna] air wrote 75 bytes to ecology
[dna] air wrote 25 bytes to ecology
[debug-onto] tick=50 corpus=168546 stage=2 freeze=0
[dna] air wrote 90 bytes to ecology
[dna] air wrote 8 bytes to ecology
[dna] air wrote 59 bytes to ecology
[dna] air wrote 32 bytes to ecology
[dna] air wrote 184 bytes to ecology
[dna] air wrote 12 bytes to ecology
[dna] air wrote 93 bytes to ecology
[dna] air wrote 36 bytes to ecology
[dna] air wrote 31 bytes to ecology
[dna] air wrote 56 bytes to ecology
[dna] air wrote 58 bytes to ecology
[dna] air wrote 28 bytes to ecology
[dna] air wrote 48 bytes to ecology
[dna] air wrote 169 bytes to ecology
[dna] air wrote 49 bytes to ecology
[dna] air wrote 71 bytes to ecology
[dna] air wrote 79 bytes to ecology
[dna] air wrote 56 bytes to ecology
[dna] air wrote 166 bytes to ecology
[dna] air wrote 47 bytes to ecology
[dna] air wrote 33 bytes to ecology
[dna] air wrote 41 bytes to ecology
[dna] air wrote 76 bytes to ecology
[dna] air wrote 43 bytes to ecology
[dna] air wrote 29 bytes to ecology
[debug-onto] tick=100 corpus=168546 stage=2 freeze=0
[dna] air wrote 36 bytes to ecology
[dna] air wrote 51 bytes to ecology
[dna] air wrote 70 bytes to ecology
[dna] air wrote 51 bytes to ecology
[dna] air wrote 46 bytes to ecology
[dna] air wrote 37 bytes to ecology
[dna] air wrote 52 bytes to ecology
[dna] air wrote 28 bytes to ecology
[dna] air wrote 52 bytes to ecology
[dna] air wrote 76 bytes to ecology
[dna] air wrote 35 bytes to ecology
[dna] air wrote 41 bytes to ecology
[dna] air wrote 32 bytes to ecology
[dna] air wrote 53 bytes to ecology
[dna] air wrote 136 bytes to ecology
[dna] air wrote 60 bytes to ecology
[dna] air wrote 92 bytes to ecology
[dna] air wrote 51 bytes to ecology
[dna] air wrote 58 bytes to ecology
[dna] air wrote 63 bytes to ecology
[dna] air wrote 9 bytes to ecology
[debug-onto] tick=150 corpus=168546 stage=2 freeze=0
[dna] air wrote 100 bytes to ecology
[dna] air wrote 25 bytes to ecology
[dna] air wrote 121 bytes to ecology
[dna] air wrote 79 bytes to ecology
[dna] air wrote 55 bytes to ecology
[dna] air wrote 131 bytes to ecology
[dna] air wrote 35 bytes to ecology
[dna] air wrote 79 bytes to ecology
[dna] air wrote 70 bytes to ecology
[dna] air wrote 54 bytes to ecology
[dna] air wrote 99 bytes to ecology
[dna] air wrote 57 bytes to ecology
[dna] air wrote 139 bytes to ecology
[dna] air wrote 16 bytes to ecology
[dna] air wrote 61 bytes to ecology
[dna] air wrote 29 bytes to ecology
[dna] air wrote 113 bytes to ecology
[dna] air wrote 133 bytes to ecology
[dna] air wrote 53 bytes to ecology
[dna] air wrote 29 bytes to ecology
[dna] air wrote 61 bytes to ecology
[dna] air wrote 82 bytes to ecology
[dna] air wrote 159 bytes to ecology
[debug-onto] tick=200 corpus=168546 stage=2 freeze=0
[dna] air wrote 42 bytes to ecology
[dna] air wrote 129 bytes to ecology
[dna] air wrote 46 bytes to ecology
[dna] air wrote 94 bytes to ecology
[dna] air wrote 117 bytes to ecology
[dna] air wrote 38 bytes to ecology
[dna] air wrote 67 bytes to ecology
[dna] air wrote 13 bytes to ecology
[dna] air wrote 49 bytes to ecology
[dna] air wrote 17 bytes to ecology
[dna] air wrote 71 bytes to ecology
[dna] air wrote 45 bytes to ecology
[dna] air wrote 22 bytes to ecology
[dna] air wrote 223 bytes to ecology
[dna] air wrote 31 bytes to ecology
[dna] air wrote 63 bytes to ecology
[dna] air wrote 79 bytes to ecology
[dna] air wrote 79 bytes to ecology
[dna] air wrote 31 bytes to ecology
[dna] air wrote 93 bytes to ecology
[dna] air wrote 99 bytes to ecology
[dna] air wrote 48 bytes to ecology
[dna] air wrote 28 bytes to ecology
[dna] air wrote 26 bytes to ecology
[dna] air wrote 190 bytes to ecology
[dna] air wrote 68 bytes to ecology
[debug-onto] tick=250 corpus=168546 stage=2 freeze=0
[dna] air wrote 92 bytes to ecology
[dna] air wrote 15 bytes to ecology
[dna] air wrote 93 bytes to ecology
[dna] air wrote 71 bytes to ecology
[dna] air wrote 73 bytes to ecology
[dna] air wrote 53 bytes to ecology
[dna] air wrote 85 bytes to ecology
[dna] air wrote 46 bytes to ecology
[dna] air wrote 23 bytes to ecology
[dna] air wrote 37 bytes to ecology
[dna] air wrote 38 bytes to ecology
[dna] air wrote 81 bytes to ecology
[dna] air wrote 54 bytes to ecology
[dna] air wrote 120 bytes to ecology
[dna] air wrote 55 bytes to ecology
[dna] air wrote 14 bytes to ecology
[dna] air wrote 73 bytes to ecology
[dna] air wrote 69 bytes to ecology
[dna] air wrote 57 bytes to ecology
[dna] air wrote 148 bytes to ecology
[dna] air wrote 91 bytes to ecology
[dna] air wrote 23 bytes to ecology
[dna] air wrote 230 bytes to ecology
[dna] air wrote 26 bytes to ecology
[dna] air wrote 19 bytes to ecology
[dna] air wrote 31 bytes to ecology
[dna] air wrote 69 bytes to ecology
[dna] air wrote 39 bytes to ecology
[dna] air wrote 11 bytes to ecology
[dna] air wrote 36 bytes to ecology
[debug-onto] tick=300 corpus=168546 stage=2 freeze=0
[dna] air wrote 140 bytes to ecology
[dna] air wrote 157 bytes to ecology
[dna] air wrote 142 bytes to ecology
[dna] air wrote 169 bytes to ecology
[dna] air wrote 23 bytes to ecology
[dna] air wrote 42 bytes to ecology
[dna] air wrote 83 bytes to ecology
[dna] air wrote 173 bytes to ecology
[dna] air wrote 10 bytes to ecology
[dna] air wrote 127 bytes to ecology
[dna] air wrote 60 bytes to ecology
[dna] air wrote 170 bytes to ecology
[dna] air wrote 102 bytes to ecology
[dna] air wrote 135 bytes to ecology
[dna] air wrote 63 bytes to ecology
[dna] air wrote 30 bytes to ecology
[dna] air wrote 62 bytes to ecology
[dna] air wrote 29 bytes to ecology
[dna] air wrote 112 bytes to ecology
[dna] air wrote 31 bytes to ecology
[dna] air wrote 37 bytes to ecology
[dna] air wrote 28 bytes to ecology
[dna] air wrote 150 bytes to ecology
[dna] air wrote 63 bytes to ecology
[dna] air wrote 172 bytes to ecology
[debug-onto] tick=350 corpus=168546 stage=2 freeze=0
[dna] air wrote 37 bytes to ecology
[dna] air wrote 47 bytes to ecology
[dna] air wrote 87 bytes to ecology
[dna] air wrote 9 bytes to ecology
[dna] air wrote 30 bytes to ecology
[dna] air wrote 14 bytes to ecology
[dna] air wrote 116 bytes to ecology
[dna] air wrote 54 bytes to ecology
[dna] air wrote 40 bytes to ecology
[dna] air wrote 56 bytes to ecology
[dna] air wrote 113 bytes to ecology
[dna] air wrote 46 bytes to ecology
[dna] air wrote 29 bytes to ecology
[dna] air wrote 68 bytes to ecology
[dna] air wrote 64 bytes to ecology
[dna] air wrote 66 bytes to ecology
[dna] air wrote 81 bytes to ecology
[dna] air wrote 124 bytes to ecology
[dna] air wrote 107 bytes to ecology
[dna] air wrote 19 bytes to ecology
[dna] air wrote 46 bytes to ecology
[dna] air wrote 87 bytes to ecology
[dna] air wrote 40 bytes to ecology
[dna] air wrote 43 bytes to ecology
[dna] air wrote 49 bytes to ecology
[dna] air wrote 21 bytes to ecology
[dna] air wrote 44 bytes to ecology
[dna] air wrote 156 bytes to ecology
[debug-onto] tick=400 corpus=168546 stage=2 freeze=0
[dna] air wrote 20 bytes to ecology
[dna] air wrote 124 bytes to ecology
[dna] air wrote 30 bytes to ecology
[dna] air wrote 30 bytes to ecology
[dna] air wrote 69 bytes to ecology
[dna] air wrote 70 bytes to ecology
[dna] air wrote 42 bytes to ecology
[dna] air wrote 74 bytes to ecology
[dna] air wrote 26 bytes to ecology
[dna] air wrote 220 bytes to ecology
[dna] air wrote 110 bytes to ecology
[dna] air wrote 36 bytes to ecology
[dna] air wrote 28 bytes to ecology
[dna] air wrote 101 bytes to ecology
[dna] air wrote 80 bytes to ecology
[dna] air wrote 99 bytes to ecology
[dna] air wrote 86 bytes to ecology
[dna] air wrote 17 bytes to ecology
[dna] air wrote 102 bytes to ecology
[dna] air wrote 68 bytes to ecology
[dna] air wrote 92 bytes to ecology
[dna] air wrote 106 bytes to ecology
[dna] air wrote 62 bytes to ecology
[dna] air wrote 46 bytes to ecology
[dna] air wrote 76 bytes to ecology
[dna] air wrote 98 bytes to ecology
[debug-onto] tick=450 corpus=168546 stage=2 freeze=0
[dna] air wrote 74 bytes to ecology
[dna] air wrote 58 bytes to ecology
[dna] air wrote 62 bytes to ecology
[dna] air wrote 53 bytes to ecology
[dna] air wrote 113 bytes to ecology
[dna] air wrote 21 bytes to ecology
[dna] air wrote 53 bytes to ecology
[dna] air wrote 152 bytes to ecology
[dna] air wrote 41 bytes to ecology
[dna] air wrote 73 bytes to ecology
[dna] air wrote 45 bytes to ecology
[dna] air wrote 84 bytes to ecology
[dna] air wrote 50 bytes to ecology
[dna] air wrote 33 bytes to ecology
[dna] air wrote 59 bytes to ecology
[dna] air wrote 194 bytes to ecology
[dna] air wrote 40 bytes to ecology
[dna] air wrote 71 bytes to ecology
[dna] air wrote 62 bytes to ecology
[dna] air wrote 49 bytes to ecology
[dna] air wrote 102 bytes to ecology
[dna] air wrote 51 bytes to ecology
[dna] air wrote 41 bytes to ecology
[dna] air wrote 71 bytes to ecology
[dna] air wrote 61 bytes to ecology
[dna] air wrote 193 bytes to ecology
[dna] air wrote 67 bytes to ecology
[debug-onto] tick=500 corpus=168546 stage=2 freeze=0
[dna] air wrote 15 bytes to ecology
[dna] air wrote 22 bytes to ecology
[dna] air wrote 23 bytes to ecology
[dna] air wrote 41 bytes to ecology
[dna] air wrote 26 bytes to ecology
[dna] air wrote 94 bytes to ecology
[dna] air wrote 69 bytes to ecology
[dna] air wrote 10 bytes to ecology
[dna] air wrote 11 bytes to ecology
[dna] air wrote 73 bytes to ecology
[dna] air wrote 32 bytes to ecology
[dna] air wrote 24 bytes to ecology
[dna] air wrote 51 bytes to ecology
[dna] air wrote 234 bytes to ecology
[dna] air wrote 65 bytes to ecology
[dna] air wrote 41 bytes to ecology
[dna] air wrote 64 bytes to ecology
[dna] air wrote 45 bytes to ecology
[dna] air wrote 23 bytes to ecology
[dna] air wrote 111 bytes to ecology
[dna] air wrote 41 bytes to ecology
[dna] air wrote 101 bytes to ecology
[dna] air wrote 49 bytes to ecology
[dna] air wrote 73 bytes to ecology
[dna] air wrote 71 bytes to ecology
[dna] air wrote 47 bytes to ecology
[debug-onto] tick=550 corpus=168546 stage=2 freeze=0
[dna] air wrote 112 bytes to ecology
[dna] air wrote 75 bytes to ecology
[dna] air wrote 148 bytes to ecology
[dna] air wrote 41 bytes to ecology
[dna] air wrote 29 bytes to ecology
[dna] air wrote 38 bytes to ecology
[dna] air wrote 83 bytes to ecology

[evolution] Organism shutting down gracefully.
