[ecology] Element: fire → corpus: nonames_fire.txt
[evolution] Autonomous evolution mode — organism will grow through all stages without pause.
[ecology] Joined swarm. 1 peer(s) detected.
molequla is alive. [evolution] Autonomous mode — background trainer running. Ctrl+C to stop.
[dna] fire wrote 46 bytes to ecology
[dna] fire consumed 20782 bytes from 344 files: [water/gen_1776669265_1.txt water/gen_1776669279_3.txt water/gen_1776669281_4.txt water/gen_1776669290_7.txt water/gen_1776669295_9.txt water/gen_1776669298_10.txt water/gen_1776669306_13.txt water/gen_1776669312_15.txt water/gen_1776669315_16.txt water/gen_1776669323_19.txt water/gen_1776669332_22.txt water/gen_1776669340_25.txt water/gen_1776669346_27.txt water/gen_1776669349_28.txt water/gen_1776669357_31.txt water/gen_1776669362_33.txt water/gen_1776669365_34.txt water/gen_1776669368_35.txt water/gen_1776669374_37.txt water/gen_1776669379_39.txt water/gen_1776669382_40.txt water/gen_1776669390_43.txt water/gen_1776669396_45.txt water/gen_1776669399_46.txt water/gen_1776669402_47.txt water/gen_1776669407_49.txt water/gen_1776669415_52.txt water/gen_1776669418_53.txt water/gen_1776669424_55.txt water/gen_1776669432_58.txt water/gen_1776669435_59.txt water/gen_1776669441_61.txt water/gen_1776669446_63.txt water/gen_1776669449_64.txt water/gen_1776669452_65.txt water/gen_1776669457_67.txt water/gen_1776669463_69.txt water/gen_1776669466_70.txt water/gen_1776669468_71.txt water/gen_1776669474_73.txt water/gen_1776669482_76.txt water/gen_1776669485_77.txt water/gen_1776669491_79.txt water/gen_1776669496_81.txt water/gen_1776669499_82.txt water/gen_1776669505_84.txt water/gen_1776669507_85.txt water/gen_1776669513_87.txt water/gen_1776669516_88.txt water/gen_1776669524_91.txt water/gen_1776669530_93.txt water/gen_1776669533_94.txt water/gen_1776669536_95.txt water/gen_1776669541_97.txt water/gen_1776669550_100.txt water/gen_1776669559_103.txt water/gen_1776669567_106.txt water/gen_1776669575_109.txt water/gen_1776669581_111.txt water/gen_1776669584_112.txt water/gen_1776669586_113.txt water/gen_1776669592_115.txt water/gen_1776669600_118.txt water/gen_1776669603_119.txt water/gen_1776669609_121.txt water/gen_1776669614_123.txt water/gen_1776669617_124.txt water/gen_1776669631_129.txt water/gen_1776669634_130.txt water/gen_1776669642_133.txt water/gen_1776669651_136.txt water/gen_1776669659_139.txt water/gen_1776669665_141.txt water/gen_1776669668_142.txt water/gen_1776669676_145.txt water/gen_1776669685_148.txt water/gen_1776669694_151.txt water/gen_1776669699_153.txt water/gen_1776669702_154.txt water/gen_1776669705_155.txt water/gen_1776669711_157.txt water/gen_1776669716_159.txt water/gen_1776669719_160.txt water/gen_1776669727_163.txt water/gen_1776669736_166.txt water/gen_1776669738_167.txt water/gen_1776669741_168.txt water/gen_1776669744_169.txt water/gen_1776669750_171.txt water/gen_1776669753_172.txt water/gen_1776669761_175.txt water/gen_1776669767_177.txt water/gen_1776669770_178.txt water/gen_1776669778_181.txt water/gen_1776669784_183.txt water/gen_1776669787_184.txt water/gen_1776669790_185.txt water/gen_1776669793_186.txt water/gen_1776669796_187.txt water/gen_1776669804_190.txt water/gen_1776669807_191.txt water/gen_1776669813_193.txt water/gen_1776669819_195.txt water/gen_1776669822_196.txt water/gen_1776669824_197.txt water/gen_1776669830_199.txt water/gen_1776669836_201.txt water/gen_1776669839_202.txt water/gen_1776669842_203.txt water/gen_1776669847_205.txt water/gen_1776669856_208.txt water/gen_1776669865_211.txt water/gen_1776669870_213.txt water/gen_1776669873_214.txt water/gen_1776669882_217.txt water/gen_1776669890_220.txt water/gen_1776669893_221.txt water/gen_1776669899_223.txt water/gen_1776669908_226.txt water/gen_1776669916_229.txt water/gen_1776669925_232.txt water/gen_1776669927_233.txt water/gen_1776669933_235.txt water/gen_1776669942_238.txt water/gen_1776669945_239.txt water/gen_1776669947_240.txt water/gen_1776669950_241.txt water/gen_1776669956_243.txt water/gen_1776669959_244.txt water/gen_1776669968_247.txt water/gen_1776669973_249.txt water/gen_1776669976_250.txt water/gen_1776669979_251.txt water/gen_1776669985_253.txt water/gen_1776669993_256.txt water/gen_1776669996_257.txt water/gen_1776670002_259.txt water/gen_1776670007_261.txt water/gen_1776670010_262.txt water/gen_1776670013_263.txt water/gen_1776670019_265.txt water/gen_1776670028_268.txt water/gen_1776670031_269.txt water/gen_1776670036_271.txt water/gen_1776670045_274.txt water/gen_1776670053_277.txt water/gen_1776670059_279.txt water/gen_1776670062_280.txt water/gen_1776670065_281.txt water/gen_1776670070_283.txt water/gen_1776670076_285.txt water/gen_1776670079_286.txt water/gen_1776670087_289.txt water/gen_1776670096_292.txt water/gen_1776670099_293.txt water/gen_1776670104_295.txt water/gen_1776670110_297.txt water/gen_1776670113_298.txt water/gen_1776670116_299.txt water/gen_1776670121_301.txt water/gen_1776670127_303.txt water/gen_1776670130_304.txt water/gen_1776670132_305.txt water/gen_1776670135_306.txt water/gen_1776670138_307.txt water/gen_1776670146_310.txt water/gen_1776670149_311.txt water/gen_1776670155_313.txt water/gen_1776670163_316.txt water/gen_1776670171_319.txt water/gen_1776670177_321.txt water/gen_1776670180_322.txt water/gen_1776670183_323.txt water/gen_1776670188_325.txt water/gen_1776670194_327.txt water/gen_1776670197_328.txt water/gen_1776670205_331.txt water/gen_1776670211_333.txt water/gen_1776670213_334.txt water/gen_1776670222_337.txt water/gen_1776670227_339.txt water/gen_1776670230_340.txt water/gen_1776670233_341.txt water/gen_1776670239_343.txt water/gen_1776670244_345.txt water/gen_1776670247_346.txt water/gen_1776670250_347.txt water/gen_1776670255_349.txt water/gen_1776670264_352.txt water/gen_1776670272_355.txt water/gen_1776670277_357.txt water/gen_1776670280_358.txt water/gen_1776670283_359.txt water/gen_1776670289_361.txt water/gen_1776670297_364.txt water/gen_1776670300_365.txt water/gen_1776670302_366.txt water/gen_1776670305_367.txt water/gen_1776670314_370.txt water/gen_1776670322_373.txt water/gen_1776670328_375.txt water/gen_1776670330_376.txt water/gen_1776670339_379.txt water/gen_1776670347_382.txt water/gen_1776670350_383.txt water/gen_1776670356_385.txt water/gen_1776670364_388.txt water/gen_1776670372_391.txt water/gen_1776670381_394.txt water/gen_1776670389_397.txt water/gen_1776670395_399.txt water/gen_1776670397_400.txt water/gen_1776670400_401.txt water/gen_1776670406_403.txt water/gen_1776670411_405.txt water/gen_1776670414_406.txt water/gen_1776670422_409.txt water/gen_1776670428_411.txt water/gen_1776670431_412.txt water/gen_1776670434_413.txt water/gen_1776670439_415.txt water/gen_1776670445_417.txt water/gen_1776670448_418.txt water/gen_1776670450_419.txt water/gen_1776670456_421.txt water/gen_1776670464_424.txt water/gen_1776670467_425.txt water/gen_1776670473_427.txt water/gen_1776670481_430.txt water/gen_1776670490_433.txt water/gen_1776670495_435.txt water/gen_1776670498_436.txt water/gen_1776670507_439.txt water/gen_1776670512_441.txt water/gen_1776670515_442.txt water/gen_1776670523_445.txt water/gen_1776670529_447.txt water/gen_1776670532_448.txt water/gen_1776670535_449.txt water/gen_1776670540_451.txt water/gen_1776670548_454.txt water/gen_1776670551_455.txt water/gen_1776670557_457.txt water/gen_1776670565_460.txt water/gen_1776670571_462.txt water/gen_1776670574_463.txt water/gen_1776670579_465.txt water/gen_1776670582_466.txt water/gen_1776670585_467.txt water/gen_1776670591_469.txt water/gen_1776670599_472.txt water/gen_1776670608_475.txt water/gen_1776670616_478.txt water/gen_1776670624_481.txt water/gen_1776670630_483.txt water/gen_1776670633_484.txt water/gen_1776670636_485.txt water/gen_1776670641_487.txt water/gen_1776670650_490.txt water/gen_1776670653_491.txt water/gen_1776670658_493.txt water/gen_1776670667_496.txt water/gen_1776670669_497.txt water/gen_1776670672_498.txt water/gen_1776670675_499.txt water/gen_1776670681_501.txt water/gen_1776670683_502.txt water/gen_1776670686_503.txt water/gen_1776670689_504.txt water/gen_1776670692_505.txt water/gen_1776670697_507.txt water/gen_1776670700_508.txt water/gen_1776670708_511.txt water/gen_1776670714_513.txt water/gen_1776670717_514.txt water/gen_1776670725_517.txt water/gen_1776670731_519.txt water/gen_1776670734_520.txt water/gen_1776670737_521.txt water/gen_1776670739_522.txt water/gen_1776670742_523.txt water/gen_1776670751_526.txt water/gen_1776670756_528.txt water/gen_1776670759_529.txt water/gen_1776670765_531.txt water/gen_1776670767_532.txt water/gen_1776670770_533.txt water/gen_1776670776_535.txt water/gen_1776670784_538.txt water/gen_1776670787_539.txt water/gen_1776670793_541.txt water/gen_1776670801_544.txt water/gen_1776670804_545.txt water/gen_1776670810_547.txt water/gen_1776670815_549.txt water/gen_1776670818_550.txt water/gen_1776670821_551.txt water/gen_1776670823_552.txt water/gen_1776670826_553.txt water/gen_1776670832_555.txt water/gen_1776670835_556.txt water/gen_1776670838_557.txt water/gen_1776670843_559.txt water/gen_1776670852_562.txt water/gen_1776670860_565.txt water/gen_1776670866_567.txt water/gen_1776670869_568.txt water/gen_1776670877_571.txt water/gen_1776670883_573.txt water/gen_1776670886_574.txt water/gen_1776670889_575.txt water/gen_1776670894_577.txt water/gen_1776670903_580.txt water/gen_1776670911_583.txt water/gen_1776670917_585.txt water/gen_1776670920_586.txt water/gen_1776670923_587.txt water/gen_1776670928_589.txt water/gen_1776670934_591.txt water/gen_1776670937_592.txt water/gen_1776670939_593.txt water/gen_1776670945_595.txt water/gen_1776670954_598.txt water/gen_1776670962_601.txt water/gen_1776670968_603.txt water/gen_1776670971_604.txt water/gen_1776670976_606.txt water/gen_1776670979_607.txt water/gen_1776670985_609.txt water/gen_1776670990_611.txt water/gen_1776670996_613.txt water/gen_1776671002_615.txt water/gen_1776671004_616.txt water/gen_1776671007_617.txt water/gen_1776671013_619.txt water/gen_1776671021_622.txt water/gen_1776671024_623.txt water/gen_1776671027_624.txt water/gen_1776671030_625.txt water/gen_1776671038_628.txt water/gen_1776671047_631.txt water/gen_1776671055_634.txt water/gen_1776671058_635.txt water/gen_1776671061_636.txt]
[trainer] micro-train burst (20782 bytes, novelty 0.03) — and lo, it feeds again.
[syntropy] action=explore | trend=0.0000 | field_dev=-0.024 | purpose_align=-0.177 | lr_mul=1.30
[aml] burst complete: 32 steps, avg loss 1.5029 (memory freed)
[dna] fire wrote 44 bytes to ecology
[dna] fire wrote 51 bytes to ecology
[dna] fire wrote 64 bytes to ecology
[dna] fire wrote 60 bytes to ecology
[dna] fire wrote 38 bytes to ecology
[dna] fire wrote 51 bytes to ecology
[dna] fire wrote 41 bytes to ecology
[dna] fire wrote 86 bytes to ecology
[dna] fire wrote 123 bytes to ecology
[dna] fire wrote 135 bytes to ecology
[dna] fire wrote 49 bytes to ecology
[dna] fire wrote 95 bytes to ecology
[dna] fire wrote 20 bytes to ecology
[dna] fire wrote 33 bytes to ecology
[dna] fire wrote 82 bytes to ecology
[dna] fire wrote 84 bytes to ecology
[dna] fire wrote 170 bytes to ecology
[dna] fire wrote 65 bytes to ecology
[dna] fire wrote 120 bytes to ecology
[dna] fire wrote 43 bytes to ecology
[dna] fire wrote 35 bytes to ecology
[dna] fire wrote 31 bytes to ecology
[dna] fire wrote 90 bytes to ecology
[dna] fire wrote 47 bytes to ecology
[dna] fire wrote 156 bytes to ecology
[dna] fire wrote 118 bytes to ecology
[dna] fire wrote 22 bytes to ecology
[dna] fire wrote 121 bytes to ecology
[dna] fire wrote 14 bytes to ecology
[dna] fire wrote 94 bytes to ecology
[dna] fire wrote 53 bytes to ecology
[dna] fire wrote 190 bytes to ecology
[dna] fire wrote 43 bytes to ecology
[dna] fire wrote 77 bytes to ecology
[dna] fire wrote 75 bytes to ecology
[dna] fire wrote 27 bytes to ecology
[dna] fire wrote 51 bytes to ecology
[debug-onto] tick=50 corpus=143026 stage=2 freeze=0
[dna] fire wrote 83 bytes to ecology
[dna] fire wrote 37 bytes to ecology
[dna] fire wrote 113 bytes to ecology
[dna] fire wrote 47 bytes to ecology
[dna] fire wrote 75 bytes to ecology
[dna] fire wrote 38 bytes to ecology
[dna] fire wrote 26 bytes to ecology
[dna] fire wrote 78 bytes to ecology
[dna] fire wrote 78 bytes to ecology
[dna] fire wrote 25 bytes to ecology
[dna] fire wrote 45 bytes to ecology
[dna] fire wrote 45 bytes to ecology
[dna] fire wrote 140 bytes to ecology
[dna] fire wrote 21 bytes to ecology
[dna] fire wrote 39 bytes to ecology
[dna] fire wrote 6 bytes to ecology
[dna] fire wrote 90 bytes to ecology
[dna] fire wrote 54 bytes to ecology
[dna] fire wrote 61 bytes to ecology
[dna] fire wrote 272 bytes to ecology
[dna] fire wrote 61 bytes to ecology
[dna] fire wrote 187 bytes to ecology
[dna] fire wrote 28 bytes to ecology
[dna] fire wrote 31 bytes to ecology
[dna] fire wrote 63 bytes to ecology
[dna] fire wrote 112 bytes to ecology
[dna] fire wrote 174 bytes to ecology
[dna] fire wrote 31 bytes to ecology
[dna] fire wrote 175 bytes to ecology
[dna] fire wrote 21 bytes to ecology
[dna] fire wrote 26 bytes to ecology
[dna] fire wrote 48 bytes to ecology
[dna] fire wrote 74 bytes to ecology
[dna] fire wrote 176 bytes to ecology
[dna] fire wrote 209 bytes to ecology
[debug-onto] tick=100 corpus=143026 stage=2 freeze=0
[dna] fire wrote 206 bytes to ecology
[dna] fire wrote 57 bytes to ecology
[dna] fire wrote 45 bytes to ecology
[dna] fire wrote 19 bytes to ecology
[dna] fire wrote 68 bytes to ecology
[dna] fire wrote 48 bytes to ecology
[dna] fire wrote 82 bytes to ecology
[dna] fire wrote 121 bytes to ecology
[dna] fire wrote 130 bytes to ecology
[dna] fire wrote 127 bytes to ecology
[dna] fire wrote 47 bytes to ecology
[dna] fire wrote 206 bytes to ecology
[dna] fire wrote 32 bytes to ecology
[dna] fire wrote 33 bytes to ecology
[dna] fire wrote 51 bytes to ecology
[dna] fire wrote 53 bytes to ecology
[dna] fire wrote 48 bytes to ecology
[dna] fire wrote 129 bytes to ecology
[dna] fire wrote 61 bytes to ecology
[dna] fire wrote 56 bytes to ecology
[dna] fire wrote 62 bytes to ecology
[dna] fire wrote 104 bytes to ecology
[dna] fire wrote 68 bytes to ecology
[dna] fire wrote 34 bytes to ecology
[dna] fire wrote 46 bytes to ecology
[dna] fire wrote 96 bytes to ecology
[dna] fire wrote 37 bytes to ecology
[dna] fire wrote 46 bytes to ecology
[dna] fire wrote 54 bytes to ecology
[dna] fire wrote 20 bytes to ecology
[dna] fire wrote 73 bytes to ecology
[dna] fire wrote 15 bytes to ecology
[dna] fire wrote 90 bytes to ecology
[dna] fire wrote 49 bytes to ecology
[dna] fire wrote 92 bytes to ecology
[dna] fire wrote 42 bytes to ecology
[dna] fire wrote 27 bytes to ecology
[debug-onto] tick=150 corpus=143026 stage=2 freeze=0
[dna] fire wrote 35 bytes to ecology
[dna] fire wrote 19 bytes to ecology
[dna] fire wrote 53 bytes to ecology
[dna] fire wrote 169 bytes to ecology
[dna] fire wrote 42 bytes to ecology
[dna] fire wrote 94 bytes to ecology
[dna] fire wrote 63 bytes to ecology
[dna] fire wrote 37 bytes to ecology
[dna] fire wrote 90 bytes to ecology
[dna] fire wrote 55 bytes to ecology
[dna] fire wrote 77 bytes to ecology
[dna] fire wrote 59 bytes to ecology
[dna] fire wrote 33 bytes to ecology
[dna] fire wrote 74 bytes to ecology
[dna] fire wrote 61 bytes to ecology
[dna] fire wrote 18 bytes to ecology
[dna] fire wrote 22 bytes to ecology
[dna] fire wrote 31 bytes to ecology
[dna] fire wrote 13 bytes to ecology
[dna] fire wrote 32 bytes to ecology
[dna] fire wrote 117 bytes to ecology
[dna] fire wrote 83 bytes to ecology
[dna] fire wrote 43 bytes to ecology
[dna] fire wrote 47 bytes to ecology
[dna] fire wrote 32 bytes to ecology
[dna] fire wrote 55 bytes to ecology
[dna] fire wrote 90 bytes to ecology
[dna] fire wrote 109 bytes to ecology
[dna] fire wrote 62 bytes to ecology
[dna] fire wrote 57 bytes to ecology
[dna] fire wrote 58 bytes to ecology
[dna] fire wrote 44 bytes to ecology
[dna] fire wrote 47 bytes to ecology
[dna] fire wrote 105 bytes to ecology
[dna] fire wrote 118 bytes to ecology
[dna] fire wrote 307 bytes to ecology
[debug-onto] tick=200 corpus=143026 stage=2 freeze=0
[dna] fire wrote 40 bytes to ecology
[dna] fire wrote 25 bytes to ecology
[dna] fire wrote 137 bytes to ecology
[dna] fire wrote 64 bytes to ecology
[dna] fire wrote 52 bytes to ecology
[dna] fire wrote 90 bytes to ecology
[dna] fire wrote 72 bytes to ecology
[dna] fire wrote 71 bytes to ecology
[dna] fire wrote 72 bytes to ecology
[dna] fire wrote 58 bytes to ecology
[dna] fire wrote 193 bytes to ecology
[dna] fire wrote 84 bytes to ecology
[dna] fire wrote 36 bytes to ecology
[dna] fire wrote 56 bytes to ecology
[dna] fire wrote 117 bytes to ecology
[dna] fire wrote 36 bytes to ecology
[dna] fire wrote 74 bytes to ecology
[dna] fire wrote 40 bytes to ecology
[dna] fire wrote 46 bytes to ecology
[dna] fire wrote 24 bytes to ecology
[dna] fire wrote 26 bytes to ecology
[dna] fire wrote 81 bytes to ecology
[dna] fire wrote 67 bytes to ecology
[dna] fire wrote 104 bytes to ecology
[dna] fire wrote 49 bytes to ecology
[dna] fire wrote 35 bytes to ecology
[dna] fire wrote 130 bytes to ecology
[dna] fire wrote 71 bytes to ecology
[dna] fire wrote 38 bytes to ecology
[dna] fire wrote 20 bytes to ecology
[dna] fire wrote 97 bytes to ecology
[dna] fire wrote 148 bytes to ecology
[dna] fire wrote 53 bytes to ecology
[dna] fire wrote 62 bytes to ecology
[dna] fire wrote 57 bytes to ecology
[dna] fire wrote 72 bytes to ecology
[dna] fire wrote 215 bytes to ecology
[dna] fire wrote 39 bytes to ecology
[debug-onto] tick=250 corpus=143026 stage=2 freeze=0
[dna] fire wrote 43 bytes to ecology
[dna] fire wrote 24 bytes to ecology
[dna] fire wrote 93 bytes to ecology
[dna] fire wrote 54 bytes to ecology
[dna] fire wrote 55 bytes to ecology
[dna] fire wrote 69 bytes to ecology
[dna] fire wrote 88 bytes to ecology
[dna] fire wrote 91 bytes to ecology
[dna] fire wrote 51 bytes to ecology
[dna] fire wrote 35 bytes to ecology
[dna] fire wrote 170 bytes to ecology
[dna] fire wrote 134 bytes to ecology
[dna] fire wrote 96 bytes to ecology
[dna] fire wrote 58 bytes to ecology
[dna] fire wrote 23 bytes to ecology
[dna] fire wrote 126 bytes to ecology
[dna] fire wrote 31 bytes to ecology
[dna] fire wrote 154 bytes to ecology
[dna] fire wrote 120 bytes to ecology
[dna] fire wrote 68 bytes to ecology
[dna] fire wrote 24 bytes to ecology
[dna] fire wrote 73 bytes to ecology
[dna] fire wrote 140 bytes to ecology
[dna] fire wrote 38 bytes to ecology
[dna] fire wrote 69 bytes to ecology
[dna] fire wrote 54 bytes to ecology
[dna] fire wrote 89 bytes to ecology
[dna] fire wrote 20 bytes to ecology
[dna] fire wrote 85 bytes to ecology
[dna] fire wrote 41 bytes to ecology
[dna] fire wrote 91 bytes to ecology
[dna] fire wrote 34 bytes to ecology
[dna] fire wrote 84 bytes to ecology
[dna] fire wrote 161 bytes to ecology
[dna] fire wrote 53 bytes to ecology
[dna] fire wrote 25 bytes to ecology
[dna] fire wrote 25 bytes to ecology
[debug-onto] tick=300 corpus=143026 stage=2 freeze=0
[dna] fire wrote 181 bytes to ecology
[dna] fire wrote 6 bytes to ecology
[dna] fire wrote 74 bytes to ecology
[dna] fire wrote 88 bytes to ecology
[dna] fire wrote 51 bytes to ecology
[dna] fire wrote 63 bytes to ecology
[dna] fire wrote 82 bytes to ecology
[dna] fire wrote 194 bytes to ecology
[dna] fire wrote 33 bytes to ecology
[dna] fire wrote 49 bytes to ecology
[dna] fire wrote 66 bytes to ecology
[dna] fire wrote 68 bytes to ecology
[dna] fire wrote 87 bytes to ecology
[dna] fire wrote 87 bytes to ecology
[dna] fire wrote 38 bytes to ecology
[dna] fire wrote 18 bytes to ecology
[dna] fire wrote 50 bytes to ecology
[dna] fire wrote 89 bytes to ecology
[dna] fire wrote 38 bytes to ecology
[dna] fire wrote 272 bytes to ecology
[dna] fire wrote 46 bytes to ecology
[dna] fire wrote 39 bytes to ecology
[dna] fire wrote 35 bytes to ecology
[dna] fire wrote 232 bytes to ecology
[dna] fire wrote 107 bytes to ecology
[dna] fire wrote 27 bytes to ecology
[dna] fire wrote 26 bytes to ecology
[dna] fire wrote 37 bytes to ecology
[dna] fire wrote 87 bytes to ecology
[dna] fire wrote 84 bytes to ecology
[dna] fire wrote 41 bytes to ecology
[dna] fire wrote 87 bytes to ecology
[dna] fire wrote 38 bytes to ecology
[dna] fire wrote 34 bytes to ecology
[dna] fire wrote 121 bytes to ecology
[dna] fire wrote 106 bytes to ecology
[debug-onto] tick=350 corpus=143026 stage=2 freeze=0
[dna] fire wrote 79 bytes to ecology
[dna] fire wrote 60 bytes to ecology
[dna] fire wrote 54 bytes to ecology
[dna] fire wrote 81 bytes to ecology
[dna] fire wrote 64 bytes to ecology
[dna] fire wrote 27 bytes to ecology
[dna] fire wrote 51 bytes to ecology
[dna] fire wrote 106 bytes to ecology
[dna] fire wrote 30 bytes to ecology
[dna] fire wrote 34 bytes to ecology
[dna] fire wrote 44 bytes to ecology
[dna] fire wrote 46 bytes to ecology
[dna] fire wrote 40 bytes to ecology
[dna] fire wrote 38 bytes to ecology
[dna] fire wrote 67 bytes to ecology
[dna] fire wrote 28 bytes to ecology
[dna] fire wrote 44 bytes to ecology
[dna] fire wrote 14 bytes to ecology
[dna] fire wrote 99 bytes to ecology
[dna] fire wrote 46 bytes to ecology
[dna] fire wrote 112 bytes to ecology
[dna] fire wrote 27 bytes to ecology
[dna] fire wrote 36 bytes to ecology
[dna] fire wrote 141 bytes to ecology
[dna] fire wrote 105 bytes to ecology
[dna] fire wrote 36 bytes to ecology
[dna] fire wrote 96 bytes to ecology
[dna] fire wrote 85 bytes to ecology
[dna] fire wrote 34 bytes to ecology
[dna] fire wrote 28 bytes to ecology
[dna] fire wrote 67 bytes to ecology
[dna] fire wrote 126 bytes to ecology
[dna] fire wrote 20 bytes to ecology
[dna] fire wrote 75 bytes to ecology
[dna] fire wrote 21 bytes to ecology
[dna] fire wrote 83 bytes to ecology
[dna] fire wrote 167 bytes to ecology
[dna] fire wrote 20 bytes to ecology
[dna] fire wrote 71 bytes to ecology
[debug-onto] tick=400 corpus=143026 stage=2 freeze=0
[dna] fire wrote 114 bytes to ecology
[dna] fire wrote 43 bytes to ecology
[dna] fire wrote 27 bytes to ecology
[dna] fire wrote 147 bytes to ecology
[dna] fire wrote 63 bytes to ecology
[dna] fire wrote 107 bytes to ecology
[dna] fire wrote 31 bytes to ecology
[dna] fire wrote 99 bytes to ecology
[dna] fire wrote 35 bytes to ecology
[dna] fire wrote 63 bytes to ecology
[dna] fire wrote 64 bytes to ecology
[dna] fire wrote 142 bytes to ecology
[dna] fire wrote 14 bytes to ecology
[dna] fire wrote 22 bytes to ecology
[dna] fire wrote 43 bytes to ecology
[dna] fire wrote 38 bytes to ecology
[dna] fire wrote 67 bytes to ecology
[dna] fire wrote 56 bytes to ecology
[dna] fire wrote 55 bytes to ecology
[dna] fire wrote 38 bytes to ecology
[dna] fire wrote 61 bytes to ecology
[dna] fire wrote 37 bytes to ecology
[dna] fire wrote 43 bytes to ecology
[dna] fire wrote 16 bytes to ecology
[dna] fire wrote 25 bytes to ecology
[dna] fire wrote 49 bytes to ecology
[dna] fire wrote 111 bytes to ecology
[dna] fire wrote 88 bytes to ecology
[dna] fire wrote 54 bytes to ecology
[dna] fire wrote 155 bytes to ecology
[dna] fire wrote 53 bytes to ecology
[dna] fire wrote 44 bytes to ecology
[dna] fire wrote 20 bytes to ecology
[dna] fire wrote 194 bytes to ecology
[dna] fire wrote 102 bytes to ecology
[dna] fire wrote 33 bytes to ecology
[dna] fire wrote 79 bytes to ecology
[debug-onto] tick=450 corpus=143026 stage=2 freeze=0
[dna] fire wrote 60 bytes to ecology
[dna] fire wrote 47 bytes to ecology
[dna] fire wrote 67 bytes to ecology
[dna] fire wrote 120 bytes to ecology
[dna] fire wrote 220 bytes to ecology
[dna] fire wrote 48 bytes to ecology
[dna] fire wrote 74 bytes to ecology
[dna] fire wrote 91 bytes to ecology
[dna] fire wrote 30 bytes to ecology
[dna] fire wrote 28 bytes to ecology
[dna] fire wrote 46 bytes to ecology
[dna] fire wrote 43 bytes to ecology
[dna] fire wrote 72 bytes to ecology
[dna] fire wrote 122 bytes to ecology
[dna] fire wrote 72 bytes to ecology
[dna] fire wrote 27 bytes to ecology
[dna] fire wrote 95 bytes to ecology
[dna] fire wrote 137 bytes to ecology
[dna] fire wrote 51 bytes to ecology
[dna] fire wrote 44 bytes to ecology
[dna] fire wrote 53 bytes to ecology
[dna] fire wrote 33 bytes to ecology
[dna] fire wrote 78 bytes to ecology
[dna] fire wrote 126 bytes to ecology
[dna] fire wrote 48 bytes to ecology
[dna] fire wrote 30 bytes to ecology
[dna] fire wrote 130 bytes to ecology
[dna] fire wrote 105 bytes to ecology
[dna] fire wrote 77 bytes to ecology
[dna] fire wrote 91 bytes to ecology
[dna] fire wrote 57 bytes to ecology
[dna] fire wrote 91 bytes to ecology
[dna] fire wrote 21 bytes to ecology
[dna] fire wrote 44 bytes to ecology
[dna] fire wrote 45 bytes to ecology
[dna] fire wrote 23 bytes to ecology
[dna] fire wrote 78 bytes to ecology
[dna] fire wrote 82 bytes to ecology
[debug-onto] tick=500 corpus=143026 stage=2 freeze=0
[dna] fire wrote 47 bytes to ecology
[dna] fire wrote 67 bytes to ecology
[dna] fire wrote 41 bytes to ecology
[dna] fire wrote 65 bytes to ecology
[dna] fire wrote 76 bytes to ecology
[dna] fire wrote 28 bytes to ecology
[dna] fire wrote 64 bytes to ecology
[dna] fire wrote 86 bytes to ecology
[dna] fire wrote 112 bytes to ecology
[dna] fire wrote 89 bytes to ecology
[dna] fire wrote 60 bytes to ecology
[dna] fire wrote 101 bytes to ecology
[dna] fire wrote 63 bytes to ecology
[dna] fire wrote 49 bytes to ecology
[dna] fire wrote 36 bytes to ecology
[dna] fire wrote 110 bytes to ecology
[dna] fire wrote 40 bytes to ecology
[dna] fire wrote 52 bytes to ecology
[dna] fire wrote 26 bytes to ecology
[dna] fire wrote 41 bytes to ecology
[dna] fire wrote 129 bytes to ecology
[dna] fire wrote 103 bytes to ecology
[dna] fire wrote 34 bytes to ecology
[dna] fire wrote 123 bytes to ecology
[dna] fire wrote 57 bytes to ecology
[dna] fire wrote 35 bytes to ecology
[dna] fire wrote 123 bytes to ecology
[dna] fire wrote 71 bytes to ecology
[dna] fire wrote 89 bytes to ecology
[dna] fire wrote 101 bytes to ecology
[dna] fire wrote 37 bytes to ecology
[dna] fire wrote 29 bytes to ecology
[dna] fire wrote 80 bytes to ecology
[dna] fire wrote 168 bytes to ecology
[dna] fire wrote 51 bytes to ecology
[dna] fire wrote 99 bytes to ecology
[dna] fire wrote 59 bytes to ecology
[dna] fire wrote 129 bytes to ecology
[debug-onto] tick=550 corpus=143026 stage=2 freeze=0
[dna] fire wrote 74 bytes to ecology
[dna] fire wrote 187 bytes to ecology
[dna] fire wrote 114 bytes to ecology
[dna] fire wrote 151 bytes to ecology
[dna] fire wrote 38 bytes to ecology
[dna] fire wrote 118 bytes to ecology
[dna] fire wrote 133 bytes to ecology
[dna] fire wrote 105 bytes to ecology
[dna] fire wrote 73 bytes to ecology
[dna] fire wrote 137 bytes to ecology
[dna] fire wrote 31 bytes to ecology
[dna] fire wrote 46 bytes to ecology
[dna] fire wrote 26 bytes to ecology
[dna] fire wrote 237 bytes to ecology
[dna] fire wrote 170 bytes to ecology
[dna] fire wrote 62 bytes to ecology
[dna] fire wrote 65 bytes to ecology
[dna] fire wrote 84 bytes to ecology
[dna] fire wrote 33 bytes to ecology
[dna] fire wrote 32 bytes to ecology
[dna] fire wrote 38 bytes to ecology
[dna] fire wrote 115 bytes to ecology
[dna] fire wrote 37 bytes to ecology
[dna] fire wrote 46 bytes to ecology
[dna] fire wrote 108 bytes to ecology
[dna] fire wrote 92 bytes to ecology
[dna] fire wrote 32 bytes to ecology
[dna] fire wrote 115 bytes to ecology
[dna] fire wrote 15 bytes to ecology
[dna] fire wrote 109 bytes to ecology
[dna] fire wrote 108 bytes to ecology
[dna] fire wrote 61 bytes to ecology
[dna] fire wrote 54 bytes to ecology
[dna] fire wrote 116 bytes to ecology
[dna] fire wrote 57 bytes to ecology
[dna] fire wrote 62 bytes to ecology
[debug-onto] tick=600 corpus=143026 stage=2 freeze=0
[dna] fire wrote 92 bytes to ecology
[dna] fire wrote 100 bytes to ecology
[dna] fire wrote 79 bytes to ecology
[dna] fire wrote 86 bytes to ecology
[dna] fire wrote 81 bytes to ecology
[dna] fire wrote 83 bytes to ecology
[dna] fire wrote 48 bytes to ecology
[dna] fire wrote 67 bytes to ecology
[dna] fire wrote 38 bytes to ecology
[dna] fire wrote 114 bytes to ecology
[dna] fire wrote 98 bytes to ecology
[dna] fire wrote 49 bytes to ecology
[dna] fire wrote 22 bytes to ecology
[dna] fire wrote 68 bytes to ecology
[dna] fire wrote 11 bytes to ecology
[dna] fire wrote 52 bytes to ecology
[dna] fire wrote 34 bytes to ecology
[dna] fire wrote 63 bytes to ecology
[dna] fire wrote 122 bytes to ecology
[dna] fire wrote 131 bytes to ecology
[dna] fire wrote 76 bytes to ecology
[dna] fire wrote 79 bytes to ecology
[dna] fire wrote 37 bytes to ecology
[dna] fire wrote 98 bytes to ecology
[dna] fire wrote 84 bytes to ecology
[dna] fire wrote 44 bytes to ecology
[dna] fire wrote 53 bytes to ecology
[dna] fire wrote 89 bytes to ecology
[dna] fire wrote 73 bytes to ecology
[dna] fire wrote 65 bytes to ecology
[dna] fire wrote 68 bytes to ecology
[dna] fire wrote 123 bytes to ecology
[dna] fire wrote 109 bytes to ecology
[dna] fire wrote 132 bytes to ecology
[dna] fire wrote 20 bytes to ecology

[evolution] Organism shutting down gracefully.
