[ecology] Element: water → corpus: nonames_water.txt
[evolution] Autonomous evolution mode — organism will grow through all stages without pause.
[ecology] Joined swarm. 1 peer(s) detected.
molequla is alive. [evolution] Autonomous mode — background trainer running. Ctrl+C to stop.
[dna] water wrote 213 bytes to ecology
[dna] water consumed 20078 bytes from 283 files: [air/gen_1776667465_1.txt air/gen_1776667485_4.txt air/gen_1776667495_7.txt air/gen_1776667504_10.txt air/gen_1776667514_13.txt air/gen_1776667523_16.txt air/gen_1776667533_19.txt air/gen_1776667542_22.txt air/gen_1776667551_25.txt air/gen_1776667558_27.txt air/gen_1776667561_28.txt air/gen_1776667564_29.txt air/gen_1776667570_31.txt air/gen_1776667580_34.txt air/gen_1776667583_35.txt air/gen_1776667589_37.txt air/gen_1776667599_40.txt air/gen_1776667602_41.txt air/gen_1776667608_43.txt air/gen_1776667618_46.txt air/gen_1776667621_47.txt air/gen_1776667627_49.txt air/gen_1776667637_52.txt air/gen_1776667646_55.txt air/gen_1776667656_58.txt air/gen_1776667659_59.txt air/gen_1776667666_61.txt air/gen_1776667675_64.txt air/gen_1776667685_67.txt air/gen_1776667695_70.txt air/gen_1776667698_71.txt air/gen_1776667705_73.txt air/gen_1776667714_76.txt air/gen_1776667717_77.txt air/gen_1776667724_79.txt air/gen_1776667734_82.txt air/gen_1776667737_83.txt air/gen_1776667740_84.txt air/gen_1776667744_85.txt air/gen_1776667753_88.txt air/gen_1776667760_90.txt air/gen_1776667763_91.txt air/gen_1776667773_94.txt air/gen_1776667776_95.txt air/gen_1776667783_97.txt air/gen_1776667792_100.txt air/gen_1776667802_103.txt air/gen_1776667812_106.txt air/gen_1776667815_107.txt air/gen_1776667821_109.txt air/gen_1776667831_112.txt air/gen_1776667840_115.txt air/gen_1776667850_118.txt air/gen_1776667853_119.txt air/gen_1776667860_121.txt air/gen_1776667869_124.txt air/gen_1776667879_127.txt air/gen_1776667888_130.txt air/gen_1776667891_131.txt air/gen_1776667898_133.txt air/gen_1776667907_136.txt air/gen_1776667917_139.txt air/gen_1776667927_142.txt air/gen_1776667930_143.txt air/gen_1776667936_145.txt air/gen_1776667946_148.txt air/gen_1776667956_151.txt air/gen_1776667965_154.txt air/gen_1776667972_156.txt air/gen_1776667975_157.txt air/gen_1776667985_160.txt air/gen_1776667988_161.txt air/gen_1776667995_163.txt air/gen_1776668005_166.txt air/gen_1776668008_167.txt air/gen_1776668014_169.txt air/gen_1776668024_172.txt air/gen_1776668034_175.txt air/gen_1776668044_178.txt air/gen_1776668047_179.txt air/gen_1776668053_181.txt air/gen_1776668063_184.txt air/gen_1776668066_185.txt air/gen_1776668073_187.txt air/gen_1776668082_190.txt air/gen_1776668092_193.txt air/gen_1776668102_196.txt air/gen_1776668105_197.txt air/gen_1776668111_199.txt air/gen_1776668121_202.txt air/gen_1776668130_205.txt air/gen_1776668140_208.txt air/gen_1776668146_210.txt air/gen_1776668150_211.txt air/gen_1776668159_214.txt air/gen_1776668163_215.txt air/gen_1776668166_216.txt air/gen_1776668169_217.txt air/gen_1776668179_220.txt air/gen_1776668182_221.txt air/gen_1776668188_223.txt air/gen_1776668198_226.txt air/gen_1776668201_227.txt air/gen_1776668207_229.txt air/gen_1776668217_232.txt air/gen_1776668220_233.txt air/gen_1776668224_234.txt air/gen_1776668227_235.txt air/gen_1776668236_238.txt air/gen_1776668246_241.txt air/gen_1776668255_244.txt air/gen_1776668259_245.txt air/gen_1776668262_246.txt air/gen_1776668265_247.txt air/gen_1776668274_250.txt air/gen_1776668277_251.txt air/gen_1776668281_252.txt air/gen_1776668284_253.txt air/gen_1776668290_255.txt air/gen_1776668293_256.txt air/gen_1776668296_257.txt air/gen_1776668300_258.txt air/gen_1776668303_259.txt air/gen_1776668312_262.txt air/gen_1776668315_263.txt air/gen_1776668322_265.txt air/gen_1776668331_268.txt air/gen_1776668334_269.txt air/gen_1776668340_271.txt air/gen_1776668350_274.txt air/gen_1776668356_276.txt air/gen_1776668359_277.txt air/gen_1776668369_280.txt air/gen_1776668372_281.txt air/gen_1776668378_283.txt air/gen_1776668388_286.txt air/gen_1776668391_287.txt air/gen_1776668397_289.txt air/gen_1776668407_292.txt air/gen_1776668410_293.txt air/gen_1776668413_294.txt air/gen_1776668416_295.txt air/gen_1776668426_298.txt air/gen_1776668429_299.txt air/gen_1776668432_300.txt air/gen_1776668435_301.txt air/gen_1776668445_304.txt air/gen_1776668448_305.txt air/gen_1776668454_307.txt air/gen_1776668463_310.txt air/gen_1776668466_311.txt air/gen_1776668470_312.txt air/gen_1776668473_313.txt air/gen_1776668482_316.txt air/gen_1776668492_319.txt air/gen_1776668501_322.txt air/gen_1776668504_323.txt air/gen_1776668510_325.txt air/gen_1776668520_328.txt air/gen_1776668523_329.txt air/gen_1776668529_331.txt air/gen_1776668538_334.txt air/gen_1776668542_335.txt air/gen_1776668548_337.txt air/gen_1776668557_340.txt air/gen_1776668561_341.txt air/gen_1776668567_343.txt air/gen_1776668576_346.txt air/gen_1776668579_347.txt air/gen_1776668586_349.txt air/gen_1776668595_352.txt air/gen_1776668598_353.txt air/gen_1776668602_354.txt air/gen_1776668614_358.txt air/gen_1776668617_359.txt air/gen_1776668624_361.txt air/gen_1776668633_364.txt air/gen_1776668636_365.txt air/gen_1776668642_367.txt air/gen_1776668652_370.txt air/gen_1776668655_371.txt air/gen_1776668662_373.txt air/gen_1776668668_375.txt air/gen_1776668671_376.txt air/gen_1776668674_377.txt air/gen_1776668677_378.txt air/gen_1776668680_379.txt air/gen_1776668690_382.txt air/gen_1776668693_383.txt air/gen_1776668699_385.txt air/gen_1776668709_388.txt air/gen_1776668712_389.txt air/gen_1776668718_391.txt air/gen_1776668727_394.txt air/gen_1776668731_395.txt air/gen_1776668737_397.txt air/gen_1776668746_400.txt air/gen_1776668749_401.txt air/gen_1776668756_403.txt air/gen_1776668765_406.txt air/gen_1776668768_407.txt air/gen_1776668771_408.txt air/gen_1776668775_409.txt air/gen_1776668784_412.txt air/gen_1776668787_413.txt air/gen_1776668793_415.txt air/gen_1776668803_418.txt air/gen_1776668806_419.txt air/gen_1776668812_421.txt air/gen_1776668821_424.txt air/gen_1776668824_425.txt air/gen_1776668828_426.txt air/gen_1776668831_427.txt air/gen_1776668840_430.txt air/gen_1776668843_431.txt air/gen_1776668849_433.txt air/gen_1776668859_436.txt air/gen_1776668862_437.txt air/gen_1776668868_439.txt air/gen_1776668877_442.txt air/gen_1776668887_445.txt air/gen_1776668896_448.txt air/gen_1776668899_449.txt air/gen_1776668906_451.txt air/gen_1776668915_454.txt air/gen_1776668925_457.txt air/gen_1776668934_460.txt air/gen_1776668937_461.txt air/gen_1776668940_462.txt air/gen_1776668943_463.txt air/gen_1776668953_466.txt air/gen_1776668956_467.txt air/gen_1776668959_468.txt air/gen_1776668962_469.txt air/gen_1776668971_472.txt air/gen_1776668974_473.txt air/gen_1776668981_475.txt air/gen_1776668990_478.txt air/gen_1776668999_481.txt air/gen_1776669006_483.txt air/gen_1776669009_484.txt air/gen_1776669012_485.txt air/gen_1776669015_486.txt air/gen_1776669018_487.txt air/gen_1776669028_490.txt air/gen_1776669031_491.txt air/gen_1776669037_493.txt air/gen_1776669046_496.txt air/gen_1776669049_497.txt air/gen_1776669056_499.txt air/gen_1776669065_502.txt air/gen_1776669068_503.txt air/gen_1776669074_505.txt air/gen_1776669084_508.txt air/gen_1776669087_509.txt air/gen_1776669093_511.txt air/gen_1776669102_514.txt air/gen_1776669105_515.txt air/gen_1776669108_516.txt air/gen_1776669111_517.txt air/gen_1776669121_520.txt air/gen_1776669124_521.txt air/gen_1776669130_523.txt air/gen_1776669136_525.txt air/gen_1776669139_526.txt air/gen_1776669142_527.txt air/gen_1776669149_529.txt air/gen_1776669158_532.txt air/gen_1776669161_533.txt air/gen_1776669168_535.txt air/gen_1776669177_538.txt air/gen_1776669183_540.txt air/gen_1776669187_541.txt air/gen_1776669196_544.txt air/gen_1776669205_547.txt air/gen_1776669215_550.txt air/gen_1776669218_551.txt air/gen_1776669224_553.txt air/gen_1776669234_556.txt air/gen_1776669237_557.txt air/gen_1776669243_559.txt air/gen_1776669252_562.txt air/gen_1776669256_563.txt]
[trainer] micro-train burst (20078 bytes, novelty 0.04) — and lo, it feeds again.
[syntropy] action=explore | trend=0.0000 | field_dev=0.005 | purpose_align=-0.173 | lr_mul=1.30
[aml] burst complete: 32 steps, avg loss 1.6622 (memory freed)
[dna] water wrote 75 bytes to ecology
[dna] water wrote 54 bytes to ecology
[dna] water wrote 45 bytes to ecology
[dna] water wrote 45 bytes to ecology
[dna] water wrote 222 bytes to ecology
[dna] water wrote 28 bytes to ecology
[dna] water wrote 27 bytes to ecology
[dna] water wrote 61 bytes to ecology
[dna] water wrote 55 bytes to ecology
[dna] water wrote 9 bytes to ecology
[dna] water wrote 34 bytes to ecology
[dna] water wrote 39 bytes to ecology
[dna] water wrote 214 bytes to ecology
[dna] water wrote 31 bytes to ecology
[dna] water wrote 46 bytes to ecology
[dna] water wrote 20 bytes to ecology
[dna] water wrote 33 bytes to ecology
[dna] water wrote 14 bytes to ecology
[dna] water wrote 43 bytes to ecology
[dna] water wrote 38 bytes to ecology
[dna] water wrote 49 bytes to ecology
[dna] water wrote 32 bytes to ecology
[dna] water wrote 68 bytes to ecology
[dna] water wrote 153 bytes to ecology
[dna] water wrote 31 bytes to ecology
[dna] water wrote 33 bytes to ecology
[debug-onto] tick=50 corpus=146058 stage=2 freeze=0
[dna] water wrote 9 bytes to ecology
[dna] water wrote 73 bytes to ecology
[dna] water wrote 45 bytes to ecology
[dna] water wrote 26 bytes to ecology
[dna] water wrote 37 bytes to ecology
[dna] water wrote 49 bytes to ecology
[dna] water wrote 7 bytes to ecology
[dna] water wrote 91 bytes to ecology
[dna] water wrote 27 bytes to ecology
[dna] water wrote 27 bytes to ecology
[dna] water wrote 90 bytes to ecology
[dna] water wrote 28 bytes to ecology
[dna] water wrote 34 bytes to ecology
[dna] water wrote 19 bytes to ecology
[dna] water wrote 96 bytes to ecology
[dna] water wrote 69 bytes to ecology
[dna] water wrote 9 bytes to ecology
[dna] water wrote 97 bytes to ecology
[dna] water wrote 34 bytes to ecology
[dna] water wrote 34 bytes to ecology
[dna] water wrote 10 bytes to ecology
[dna] water wrote 107 bytes to ecology
[dna] water wrote 10 bytes to ecology
[dna] water wrote 51 bytes to ecology
[dna] water wrote 28 bytes to ecology
[dna] water wrote 41 bytes to ecology
[dna] water wrote 23 bytes to ecology
[dna] water wrote 39 bytes to ecology
[dna] water wrote 29 bytes to ecology
[dna] water wrote 18 bytes to ecology
[dna] water wrote 208 bytes to ecology
[dna] water wrote 58 bytes to ecology
[debug-onto] tick=100 corpus=146058 stage=2 freeze=0
[dna] water wrote 98 bytes to ecology
[dna] water wrote 9 bytes to ecology
[dna] water wrote 51 bytes to ecology
[dna] water wrote 41 bytes to ecology
[dna] water wrote 91 bytes to ecology
[dna] water wrote 39 bytes to ecology
[dna] water wrote 139 bytes to ecology
[dna] water wrote 30 bytes to ecology
[dna] water wrote 9 bytes to ecology
[dna] water wrote 93 bytes to ecology
[dna] water wrote 98 bytes to ecology
[dna] water wrote 132 bytes to ecology
[dna] water wrote 19 bytes to ecology
[dna] water wrote 43 bytes to ecology
[dna] water wrote 7 bytes to ecology
[dna] water wrote 55 bytes to ecology
[dna] water wrote 38 bytes to ecology
[dna] water wrote 50 bytes to ecology
[dna] water wrote 9 bytes to ecology
[dna] water wrote 129 bytes to ecology
[dna] water wrote 26 bytes to ecology
[dna] water wrote 105 bytes to ecology
[dna] water wrote 68 bytes to ecology
[dna] water wrote 155 bytes to ecology
[dna] water wrote 83 bytes to ecology
[debug-onto] tick=150 corpus=146058 stage=2 freeze=0
[dna] water wrote 82 bytes to ecology
[dna] water wrote 28 bytes to ecology
[dna] water wrote 61 bytes to ecology
[dna] water wrote 71 bytes to ecology
[dna] water wrote 171 bytes to ecology
[dna] water wrote 23 bytes to ecology
[dna] water wrote 111 bytes to ecology
[dna] water wrote 99 bytes to ecology
[dna] water wrote 54 bytes to ecology
[dna] water wrote 47 bytes to ecology
[dna] water wrote 15 bytes to ecology
[dna] water wrote 52 bytes to ecology
[dna] water wrote 43 bytes to ecology
[dna] water wrote 29 bytes to ecology
[dna] water wrote 97 bytes to ecology
[dna] water wrote 105 bytes to ecology
[dna] water wrote 74 bytes to ecology
[dna] water wrote 53 bytes to ecology
[dna] water wrote 45 bytes to ecology
[dna] water wrote 29 bytes to ecology
[dna] water wrote 88 bytes to ecology
[dna] water wrote 195 bytes to ecology
[dna] water wrote 60 bytes to ecology
[dna] water wrote 28 bytes to ecology
[dna] water wrote 56 bytes to ecology
[dna] water wrote 43 bytes to ecology
[dna] water wrote 20 bytes to ecology
[dna] water wrote 159 bytes to ecology
[dna] water wrote 39 bytes to ecology
[dna] water wrote 8 bytes to ecology
[dna] water wrote 70 bytes to ecology
[debug-onto] tick=200 corpus=146058 stage=2 freeze=0
[dna] water wrote 50 bytes to ecology
[dna] water wrote 98 bytes to ecology
[dna] water wrote 49 bytes to ecology
[dna] water wrote 27 bytes to ecology
[dna] water wrote 9 bytes to ecology
[dna] water wrote 31 bytes to ecology
[dna] water wrote 35 bytes to ecology
[dna] water wrote 43 bytes to ecology
[dna] water wrote 37 bytes to ecology
[dna] water wrote 116 bytes to ecology
[dna] water wrote 9 bytes to ecology
[dna] water wrote 86 bytes to ecology
[dna] water wrote 26 bytes to ecology
[dna] water wrote 38 bytes to ecology
[dna] water wrote 129 bytes to ecology
[dna] water wrote 29 bytes to ecology
[dna] water wrote 48 bytes to ecology
[dna] water wrote 64 bytes to ecology
[dna] water wrote 29 bytes to ecology
[dna] water wrote 42 bytes to ecology
[dna] water wrote 124 bytes to ecology
[dna] water wrote 92 bytes to ecology
[dna] water wrote 35 bytes to ecology
[dna] water wrote 90 bytes to ecology
[dna] water wrote 35 bytes to ecology
[dna] water wrote 93 bytes to ecology
[dna] water wrote 37 bytes to ecology
[dna] water wrote 88 bytes to ecology
[debug-onto] tick=250 corpus=146058 stage=2 freeze=0
[dna] water wrote 61 bytes to ecology
[dna] water wrote 165 bytes to ecology
[dna] water wrote 9 bytes to ecology
[dna] water wrote 23 bytes to ecology
[dna] water wrote 68 bytes to ecology
[dna] water wrote 53 bytes to ecology
[dna] water wrote 75 bytes to ecology
[dna] water wrote 50 bytes to ecology
[dna] water wrote 55 bytes to ecology
[dna] water wrote 50 bytes to ecology
[dna] water wrote 92 bytes to ecology
[dna] water wrote 195 bytes to ecology
[dna] water wrote 79 bytes to ecology
[dna] water wrote 29 bytes to ecology
[dna] water wrote 58 bytes to ecology
[dna] water wrote 16 bytes to ecology
[dna] water wrote 33 bytes to ecology
[dna] water wrote 38 bytes to ecology
[dna] water wrote 56 bytes to ecology
[dna] water wrote 170 bytes to ecology
[dna] water wrote 26 bytes to ecology
[dna] water wrote 57 bytes to ecology
[dna] water wrote 66 bytes to ecology
[dna] water wrote 34 bytes to ecology
[dna] water wrote 51 bytes to ecology
[dna] water wrote 32 bytes to ecology
[dna] water wrote 116 bytes to ecology
[dna] water wrote 18 bytes to ecology
[debug-onto] tick=300 corpus=146058 stage=2 freeze=0
[dna] water wrote 48 bytes to ecology
[dna] water wrote 11 bytes to ecology
[dna] water wrote 35 bytes to ecology
[dna] water wrote 31 bytes to ecology
[dna] water wrote 40 bytes to ecology
[dna] water wrote 44 bytes to ecology
[dna] water wrote 9 bytes to ecology
[dna] water wrote 32 bytes to ecology
[dna] water wrote 25 bytes to ecology
[dna] water wrote 34 bytes to ecology
[dna] water wrote 9 bytes to ecology
[dna] water wrote 26 bytes to ecology
[dna] water wrote 31 bytes to ecology
[dna] water wrote 109 bytes to ecology
[dna] water wrote 92 bytes to ecology
[dna] water wrote 62 bytes to ecology
[dna] water wrote 37 bytes to ecology
[dna] water wrote 68 bytes to ecology
[dna] water wrote 22 bytes to ecology
[dna] water wrote 116 bytes to ecology
[dna] water wrote 67 bytes to ecology
[dna] water wrote 51 bytes to ecology
[dna] water wrote 28 bytes to ecology
[dna] water wrote 153 bytes to ecology
[dna] water wrote 98 bytes to ecology
[dna] water wrote 90 bytes to ecology
[dna] water wrote 162 bytes to ecology
[dna] water wrote 17 bytes to ecology
[dna] water wrote 42 bytes to ecology
[dna] water wrote 113 bytes to ecology
[dna] water wrote 49 bytes to ecology
[debug-onto] tick=350 corpus=146058 stage=2 freeze=0
[dna] water wrote 9 bytes to ecology
[dna] water wrote 42 bytes to ecology
[dna] water wrote 40 bytes to ecology
[dna] water wrote 43 bytes to ecology
[dna] water wrote 92 bytes to ecology
[dna] water wrote 29 bytes to ecology
[dna] water wrote 36 bytes to ecology
[dna] water wrote 52 bytes to ecology
[dna] water wrote 39 bytes to ecology
[dna] water wrote 15 bytes to ecology
[dna] water wrote 39 bytes to ecology
[dna] water wrote 28 bytes to ecology
[dna] water wrote 73 bytes to ecology
[dna] water wrote 118 bytes to ecology
[dna] water wrote 137 bytes to ecology
[dna] water wrote 9 bytes to ecology
[dna] water wrote 50 bytes to ecology
[dna] water wrote 9 bytes to ecology
[dna] water wrote 47 bytes to ecology
[dna] water wrote 41 bytes to ecology
[dna] water wrote 52 bytes to ecology
[dna] water wrote 9 bytes to ecology
[dna] water wrote 28 bytes to ecology
[dna] water wrote 37 bytes to ecology
[dna] water wrote 98 bytes to ecology
[dna] water wrote 98 bytes to ecology
[dna] water wrote 27 bytes to ecology
[dna] water wrote 32 bytes to ecology
[debug-onto] tick=400 corpus=146058 stage=2 freeze=0
[dna] water wrote 28 bytes to ecology
[dna] water wrote 81 bytes to ecology
[dna] water wrote 139 bytes to ecology
[dna] water wrote 123 bytes to ecology
[dna] water wrote 8 bytes to ecology
[dna] water wrote 44 bytes to ecology
[dna] water wrote 40 bytes to ecology
[dna] water wrote 45 bytes to ecology
[dna] water wrote 93 bytes to ecology
[dna] water wrote 80 bytes to ecology
[dna] water wrote 103 bytes to ecology
[dna] water wrote 80 bytes to ecology
[dna] water wrote 69 bytes to ecology
[dna] water wrote 101 bytes to ecology
[dna] water wrote 9 bytes to ecology
[dna] water wrote 27 bytes to ecology
[dna] water wrote 19 bytes to ecology
[dna] water wrote 111 bytes to ecology
[dna] water wrote 79 bytes to ecology
[dna] water wrote 97 bytes to ecology
[dna] water wrote 91 bytes to ecology
[dna] water wrote 37 bytes to ecology
[dna] water wrote 26 bytes to ecology
[dna] water wrote 55 bytes to ecology
[dna] water wrote 28 bytes to ecology
[dna] water wrote 24 bytes to ecology
[dna] water wrote 26 bytes to ecology
[dna] water wrote 11 bytes to ecology
[dna] water wrote 50 bytes to ecology
[debug-onto] tick=450 corpus=146058 stage=2 freeze=0
[dna] water wrote 28 bytes to ecology
[dna] water wrote 27 bytes to ecology
[dna] water wrote 108 bytes to ecology
[dna] water wrote 31 bytes to ecology
[dna] water wrote 9 bytes to ecology
[dna] water wrote 39 bytes to ecology
[dna] water wrote 9 bytes to ecology
[dna] water wrote 67 bytes to ecology
[dna] water wrote 54 bytes to ecology
[dna] water wrote 30 bytes to ecology
[dna] water wrote 163 bytes to ecology
[dna] water wrote 47 bytes to ecology
[dna] water wrote 76 bytes to ecology
[dna] water wrote 120 bytes to ecology
[dna] water wrote 91 bytes to ecology
[dna] water wrote 9 bytes to ecology
[dna] water wrote 41 bytes to ecology
[dna] water wrote 75 bytes to ecology
[dna] water wrote 18 bytes to ecology
[dna] water wrote 45 bytes to ecology
[dna] water wrote 151 bytes to ecology
[dna] water wrote 44 bytes to ecology
[dna] water wrote 55 bytes to ecology
[dna] water wrote 134 bytes to ecology
[dna] water wrote 25 bytes to ecology
[dna] water wrote 9 bytes to ecology
[dna] water wrote 22 bytes to ecology
[dna] water wrote 41 bytes to ecology
[dna] water wrote 54 bytes to ecology
[dna] water wrote 159 bytes to ecology
[debug-onto] tick=500 corpus=146058 stage=2 freeze=0
[dna] water wrote 48 bytes to ecology
[dna] water wrote 46 bytes to ecology
[dna] water wrote 30 bytes to ecology
[dna] water wrote 54 bytes to ecology
[dna] water wrote 21 bytes to ecology
[dna] water wrote 20 bytes to ecology
[dna] water wrote 84 bytes to ecology
[dna] water wrote 29 bytes to ecology
[dna] water wrote 33 bytes to ecology
[dna] water wrote 69 bytes to ecology
[dna] water wrote 37 bytes to ecology
[dna] water wrote 23 bytes to ecology
[dna] water wrote 66 bytes to ecology
[dna] water wrote 49 bytes to ecology
[dna] water wrote 26 bytes to ecology
[dna] water wrote 156 bytes to ecology
[dna] water wrote 15 bytes to ecology
[dna] water wrote 39 bytes to ecology
[dna] water wrote 48 bytes to ecology
[dna] water wrote 46 bytes to ecology
[dna] water wrote 110 bytes to ecology
[dna] water wrote 21 bytes to ecology
[dna] water wrote 128 bytes to ecology
[dna] water wrote 69 bytes to ecology
[dna] water wrote 30 bytes to ecology
[dna] water wrote 43 bytes to ecology
[dna] water wrote 101 bytes to ecology
[dna] water wrote 55 bytes to ecology
[dna] water wrote 76 bytes to ecology
[dna] water wrote 36 bytes to ecology
[dna] water wrote 34 bytes to ecology
[debug-onto] tick=550 corpus=146058 stage=2 freeze=0
[dna] water wrote 20 bytes to ecology
[dna] water wrote 46 bytes to ecology
[dna] water wrote 34 bytes to ecology
[dna] water wrote 21 bytes to ecology
[dna] water wrote 56 bytes to ecology
[dna] water wrote 58 bytes to ecology
[dna] water wrote 34 bytes to ecology
[dna] water wrote 26 bytes to ecology
[dna] water wrote 64 bytes to ecology
[dna] water wrote 26 bytes to ecology
[dna] water wrote 127 bytes to ecology
[dna] water wrote 67 bytes to ecology
[dna] water wrote 19 bytes to ecology
[dna] water wrote 37 bytes to ecology
[dna] water wrote 45 bytes to ecology
[dna] water wrote 65 bytes to ecology
[dna] water wrote 9 bytes to ecology
[dna] water wrote 73 bytes to ecology
[dna] water wrote 93 bytes to ecology
[dna] water wrote 37 bytes to ecology
[dna] water wrote 99 bytes to ecology
[dna] water wrote 50 bytes to ecology
[dna] water wrote 71 bytes to ecology
[dna] water wrote 12 bytes to ecology
[dna] water wrote 33 bytes to ecology
[dna] water wrote 44 bytes to ecology
[dna] water wrote 18 bytes to ecology
[dna] water wrote 55 bytes to ecology
[debug-onto] tick=600 corpus=146058 stage=2 freeze=0
[dna] water wrote 40 bytes to ecology
[dna] water wrote 41 bytes to ecology
[dna] water wrote 118 bytes to ecology
[dna] water wrote 32 bytes to ecology
[dna] water wrote 46 bytes to ecology
[dna] water wrote 12 bytes to ecology
[dna] water wrote 9 bytes to ecology
[dna] water wrote 96 bytes to ecology
[dna] water wrote 50 bytes to ecology
[dna] water wrote 46 bytes to ecology
[dna] water wrote 38 bytes to ecology
[dna] water wrote 45 bytes to ecology
[dna] water wrote 40 bytes to ecology
[dna] water wrote 94 bytes to ecology
[dna] water wrote 27 bytes to ecology
[dna] water wrote 10 bytes to ecology
[dna] water wrote 33 bytes to ecology
[dna] water wrote 36 bytes to ecology
[dna] water wrote 130 bytes to ecology
[dna] water wrote 169 bytes to ecology
[dna] water wrote 39 bytes to ecology
[dna] water wrote 22 bytes to ecology

[evolution] Organism shutting down gracefully.
