[ecology] Element: air → corpus: nonames_air.txt
[evolution] Autonomous evolution mode — organism will grow through all stages without pause.
[ecology] Joined swarm. 1 peer(s) detected.
molequla is alive. [evolution] Autonomous mode — background trainer running. Ctrl+C to stop.
[dna] air wrote 71 bytes to ecology
[dna] air consumed 17555 bytes from 230 files: [earth/gen_1776146474_1.txt earth/gen_1776146482_4.txt earth/gen_1776146489_7.txt earth/gen_1776146497_10.txt earth/gen_1776146505_13.txt earth/gen_1776146513_16.txt earth/gen_1776146520_19.txt earth/gen_1776146528_22.txt earth/gen_1776146535_25.txt earth/gen_1776146543_28.txt earth/gen_1776146551_31.txt earth/gen_1776146558_34.txt earth/gen_1776146566_37.txt earth/gen_1776146574_40.txt earth/gen_1776146581_43.txt earth/gen_1776146589_46.txt earth/gen_1776146596_49.txt earth/gen_1776146604_52.txt earth/gen_1776146611_55.txt earth/gen_1776146619_58.txt earth/gen_1776146627_61.txt earth/gen_1776146634_64.txt earth/gen_1776146642_67.txt earth/gen_1776146650_70.txt earth/gen_1776146657_73.txt earth/gen_1776146665_76.txt earth/gen_1776146673_79.txt earth/gen_1776146680_82.txt earth/gen_1776146688_85.txt earth/gen_1776146695_88.txt earth/gen_1776146703_91.txt earth/gen_1776146710_94.txt earth/gen_1776146718_97.txt earth/gen_1776146726_100.txt earth/gen_1776146733_103.txt earth/gen_1776146741_106.txt earth/gen_1776146748_109.txt earth/gen_1776146756_112.txt earth/gen_1776146764_115.txt earth/gen_1776146771_118.txt earth/gen_1776146779_121.txt earth/gen_1776146786_124.txt earth/gen_1776146794_127.txt earth/gen_1776146802_130.txt earth/gen_1776146809_133.txt earth/gen_1776146817_136.txt earth/gen_1776146824_139.txt earth/gen_1776146832_142.txt earth/gen_1776146840_145.txt earth/gen_1776146847_148.txt earth/gen_1776146855_151.txt earth/gen_1776146862_154.txt earth/gen_1776146870_157.txt earth/gen_1776146877_160.txt earth/gen_1776146885_163.txt earth/gen_1776146893_166.txt earth/gen_1776146900_169.txt earth/gen_1776146908_172.txt earth/gen_1776146915_175.txt earth/gen_1776146923_178.txt earth/gen_1776146931_181.txt earth/gen_1776146938_184.txt earth/gen_1776146946_187.txt earth/gen_1776146954_190.txt earth/gen_1776146961_193.txt earth/gen_1776146969_196.txt earth/gen_1776146977_199.txt earth/gen_1776146984_202.txt earth/gen_1776146992_205.txt earth/gen_1776147000_208.txt earth/gen_1776147007_211.txt earth/gen_1776147015_214.txt earth/gen_1776147022_217.txt earth/gen_1776147030_220.txt earth/gen_1776147038_223.txt earth/gen_1776147045_226.txt earth/gen_1776147053_229.txt earth/gen_1776147060_232.txt earth/gen_1776147068_235.txt earth/gen_1776147075_238.txt earth/gen_1776147083_241.txt earth/gen_1776147091_244.txt earth/gen_1776147098_247.txt earth/gen_1776147106_250.txt earth/gen_1776147113_253.txt earth/gen_1776147121_256.txt earth/gen_1776147129_259.txt earth/gen_1776147136_262.txt earth/gen_1776147144_265.txt earth/gen_1776147151_268.txt earth/gen_1776147159_271.txt earth/gen_1776147167_274.txt earth/gen_1776147174_277.txt earth/gen_1776147182_280.txt earth/gen_1776147189_283.txt earth/gen_1776147197_286.txt earth/gen_1776147205_289.txt earth/gen_1776147212_292.txt earth/gen_1776147220_295.txt earth/gen_1776147228_298.txt earth/gen_1776147236_301.txt earth/gen_1776147243_304.txt earth/gen_1776147251_307.txt earth/gen_1776147259_310.txt earth/gen_1776147267_313.txt earth/gen_1776147275_316.txt earth/gen_1776147283_319.txt earth/gen_1776147291_322.txt earth/gen_1776147298_325.txt earth/gen_1776147306_328.txt earth/gen_1776147314_331.txt earth/gen_1776147322_334.txt earth/gen_1776147330_337.txt earth/gen_1776147337_340.txt earth/gen_1776147345_343.txt earth/gen_1776147353_346.txt earth/gen_1776147361_349.txt earth/gen_1776147369_352.txt earth/gen_1776147377_355.txt earth/gen_1776147384_358.txt earth/gen_1776147392_361.txt earth/gen_1776147400_364.txt earth/gen_1776147408_367.txt earth/gen_1776147416_370.txt earth/gen_1776147423_373.txt earth/gen_1776147431_376.txt earth/gen_1776147438_379.txt earth/gen_1776147446_382.txt earth/gen_1776147454_385.txt earth/gen_1776147461_388.txt earth/gen_1776147469_391.txt earth/gen_1776147476_394.txt earth/gen_1776147484_397.txt earth/gen_1776147492_400.txt earth/gen_1776147499_403.txt earth/gen_1776147507_406.txt earth/gen_1776147515_409.txt earth/gen_1776147522_412.txt earth/gen_1776147530_415.txt earth/gen_1776147537_418.txt earth/gen_1776147545_421.txt earth/gen_1776147553_424.txt earth/gen_1776147560_427.txt earth/gen_1776147568_430.txt earth/gen_1776147576_433.txt earth/gen_1776147583_436.txt earth/gen_1776147591_439.txt earth/gen_1776147599_442.txt earth/gen_1776147606_445.txt earth/gen_1776147614_448.txt earth/gen_1776147621_451.txt earth/gen_1776147629_454.txt earth/gen_1776147637_457.txt earth/gen_1776147644_460.txt earth/gen_1776147652_463.txt earth/gen_1776147659_466.txt earth/gen_1776147667_469.txt earth/gen_1776147675_472.txt earth/gen_1776147682_475.txt earth/gen_1776147690_478.txt earth/gen_1776147697_481.txt earth/gen_1776147705_484.txt earth/gen_1776147712_487.txt earth/gen_1776147720_490.txt earth/gen_1776147728_493.txt earth/gen_1776147735_496.txt earth/gen_1776147743_499.txt earth/gen_1776147758_505.txt earth/gen_1776147766_508.txt earth/gen_1776147773_511.txt earth/gen_1776147781_514.txt earth/gen_1776147788_517.txt earth/gen_1776147796_520.txt earth/gen_1776147804_523.txt earth/gen_1776147811_526.txt earth/gen_1776147819_529.txt earth/gen_1776147826_532.txt earth/gen_1776147834_535.txt earth/gen_1776147842_538.txt earth/gen_1776147849_541.txt earth/gen_1776147857_544.txt earth/gen_1776147864_547.txt earth/gen_1776147872_550.txt earth/gen_1776147880_553.txt earth/gen_1776147887_556.txt earth/gen_1776147895_559.txt earth/gen_1776147902_562.txt earth/gen_1776147910_565.txt earth/gen_1776147918_568.txt earth/gen_1776147925_571.txt earth/gen_1776147933_574.txt earth/gen_1776147941_577.txt earth/gen_1776147949_580.txt earth/gen_1776147956_583.txt earth/gen_1776147964_586.txt earth/gen_1776147972_589.txt earth/gen_1776147979_592.txt earth/gen_1776147987_595.txt earth/gen_1776147995_598.txt earth/gen_1776148002_601.txt earth/gen_1776148010_604.txt earth/gen_1776148018_607.txt earth/gen_1776148025_610.txt earth/gen_1776148033_613.txt earth/gen_1776148040_616.txt earth/gen_1776148048_619.txt earth/gen_1776148056_622.txt earth/gen_1776148064_625.txt earth/gen_1776148072_628.txt earth/gen_1776148079_631.txt earth/gen_1776148087_634.txt earth/gen_1776148095_637.txt earth/gen_1776148103_640.txt earth/gen_1776148111_643.txt earth/gen_1776148119_646.txt earth/gen_1776148127_649.txt earth/gen_1776148135_652.txt earth/gen_1776148143_655.txt earth/gen_1776148150_658.txt earth/gen_1776148158_661.txt earth/gen_1776148166_664.txt earth/gen_1776148174_667.txt earth/gen_1776148182_670.txt earth/gen_1776148190_673.txt earth/gen_1776148198_676.txt earth/gen_1776148205_679.txt earth/gen_1776148213_682.txt earth/gen_1776148221_685.txt earth/gen_1776148229_688.txt earth/gen_1776148237_691.txt]
[trainer] micro-train burst (17555 bytes, novelty 0.04) — and lo, it feeds again.
[syntropy] action=explore | trend=0.0000 | field_dev=0.047 | purpose_align=0.053 | lr_mul=1.30
[aml] burst complete: 32 steps, avg loss 2.7690 (memory freed)
[dna] air wrote 37 bytes to ecology
[dna] air wrote 12 bytes to ecology
[dna] air wrote 41 bytes to ecology
[dna] air wrote 167 bytes to ecology
[dna] air wrote 58 bytes to ecology
[dna] air wrote 45 bytes to ecology
[dna] air wrote 72 bytes to ecology
[dna] air wrote 330 bytes to ecology
[dna] air wrote 89 bytes to ecology
[dna] air wrote 167 bytes to ecology
[dna] air wrote 92 bytes to ecology
[dna] air wrote 28 bytes to ecology
[dna] air wrote 110 bytes to ecology
[dna] air wrote 24 bytes to ecology
[dna] air wrote 121 bytes to ecology
[dna] air wrote 64 bytes to ecology
[debug-onto] tick=50 corpus=140101 stage=2 freeze=0
[dna] air wrote 63 bytes to ecology
[dna] air wrote 31 bytes to ecology
[dna] air wrote 65 bytes to ecology
[dna] air wrote 111 bytes to ecology
[dna] air wrote 188 bytes to ecology
[dna] air wrote 25 bytes to ecology
[dna] air wrote 138 bytes to ecology
[dna] air wrote 76 bytes to ecology
[dna] air wrote 54 bytes to ecology
[dna] air wrote 29 bytes to ecology
[dna] air wrote 55 bytes to ecology
[dna] air wrote 158 bytes to ecology
[dna] air wrote 125 bytes to ecology
[dna] air wrote 57 bytes to ecology
[dna] air wrote 47 bytes to ecology
[dna] air wrote 25 bytes to ecology
[dna] air wrote 185 bytes to ecology
[debug-onto] tick=100 corpus=140101 stage=2 freeze=0
[dna] air wrote 121 bytes to ecology
[dna] air wrote 70 bytes to ecology
[dna] air wrote 43 bytes to ecology
[dna] air wrote 39 bytes to ecology
[dna] air wrote 73 bytes to ecology
[dna] air wrote 38 bytes to ecology
[dna] air wrote 106 bytes to ecology
[dna] air wrote 143 bytes to ecology
[dna] air wrote 173 bytes to ecology
[dna] air wrote 49 bytes to ecology
[dna] air wrote 117 bytes to ecology
[dna] air wrote 62 bytes to ecology
[dna] air wrote 141 bytes to ecology
[dna] air wrote 143 bytes to ecology
[dna] air wrote 57 bytes to ecology
[dna] air wrote 44 bytes to ecology
[debug-onto] tick=150 corpus=140101 stage=2 freeze=0
[dna] air wrote 63 bytes to ecology
[dna] air wrote 70 bytes to ecology
[dna] air wrote 129 bytes to ecology
[dna] air wrote 36 bytes to ecology
[dna] air wrote 103 bytes to ecology
[dna] air wrote 72 bytes to ecology
[dna] air wrote 77 bytes to ecology
[dna] air wrote 47 bytes to ecology
[dna] air wrote 48 bytes to ecology
[dna] air wrote 44 bytes to ecology
[dna] air wrote 98 bytes to ecology
[dna] air wrote 49 bytes to ecology
[dna] air wrote 165 bytes to ecology
[dna] air wrote 37 bytes to ecology
[dna] air wrote 68 bytes to ecology
[dna] air wrote 82 bytes to ecology
[dna] air wrote 131 bytes to ecology
[debug-onto] tick=200 corpus=140101 stage=2 freeze=0
[dna] air wrote 186 bytes to ecology
[dna] air wrote 112 bytes to ecology
[dna] air wrote 66 bytes to ecology
[dna] air wrote 117 bytes to ecology
[dna] air wrote 62 bytes to ecology
[dna] air wrote 49 bytes to ecology
[dna] air wrote 11 bytes to ecology
[dna] air wrote 37 bytes to ecology
[dna] air wrote 61 bytes to ecology
[dna] air wrote 260 bytes to ecology
[dna] air wrote 32 bytes to ecology
[dna] air wrote 145 bytes to ecology
[dna] air wrote 44 bytes to ecology
[dna] air wrote 47 bytes to ecology
[dna] air wrote 102 bytes to ecology
[dna] air wrote 81 bytes to ecology
[dna] air wrote 231 bytes to ecology
[debug-onto] tick=250 corpus=140101 stage=2 freeze=0
[dna] air wrote 32 bytes to ecology
[dna] air wrote 82 bytes to ecology
[dna] air wrote 70 bytes to ecology
[dna] air wrote 217 bytes to ecology
[dna] air wrote 127 bytes to ecology
[dna] air wrote 63 bytes to ecology
[dna] air wrote 25 bytes to ecology
[dna] air wrote 122 bytes to ecology
[dna] air wrote 85 bytes to ecology
[dna] air wrote 58 bytes to ecology
[dna] air wrote 59 bytes to ecology
[dna] air wrote 61 bytes to ecology
[dna] air wrote 78 bytes to ecology
[dna] air wrote 26 bytes to ecology
[dna] air wrote 113 bytes to ecology
[dna] air wrote 81 bytes to ecology
[debug-onto] tick=300 corpus=140101 stage=2 freeze=0
[dna] air wrote 326 bytes to ecology
[dna] air wrote 105 bytes to ecology
[dna] air wrote 48 bytes to ecology
[dna] air wrote 12 bytes to ecology
[dna] air wrote 83 bytes to ecology
[dna] air wrote 106 bytes to ecology
[dna] air wrote 179 bytes to ecology
[dna] air wrote 34 bytes to ecology
[dna] air wrote 34 bytes to ecology
[dna] air wrote 31 bytes to ecology
[dna] air wrote 107 bytes to ecology
[dna] air wrote 117 bytes to ecology
[dna] air wrote 138 bytes to ecology
[dna] air wrote 160 bytes to ecology
[dna] air wrote 78 bytes to ecology
[dna] air wrote 57 bytes to ecology
[dna] air wrote 66 bytes to ecology
[debug-onto] tick=350 corpus=140101 stage=2 freeze=0
[dna] air wrote 31 bytes to ecology
[dna] air wrote 82 bytes to ecology
[dna] air wrote 57 bytes to ecology
[dna] air wrote 49 bytes to ecology
[dna] air wrote 62 bytes to ecology
[dna] air wrote 58 bytes to ecology
[dna] air wrote 91 bytes to ecology
[dna] air wrote 160 bytes to ecology
[dna] air wrote 118 bytes to ecology
[dna] air wrote 166 bytes to ecology
[dna] air wrote 100 bytes to ecology
[dna] air wrote 128 bytes to ecology
[dna] air wrote 111 bytes to ecology
[dna] air wrote 38 bytes to ecology
[dna] air wrote 8 bytes to ecology
[dna] air wrote 36 bytes to ecology
[dna] air wrote 140 bytes to ecology
[debug-onto] tick=400 corpus=140101 stage=2 freeze=0
[dna] air wrote 44 bytes to ecology
[dna] air wrote 61 bytes to ecology
[dna] air wrote 47 bytes to ecology
[dna] air wrote 69 bytes to ecology
[dna] air wrote 50 bytes to ecology
[dna] air wrote 184 bytes to ecology
[dna] air wrote 112 bytes to ecology
[dna] air wrote 227 bytes to ecology
[dna] air wrote 101 bytes to ecology
[dna] air wrote 92 bytes to ecology
[dna] air wrote 87 bytes to ecology
[dna] air wrote 104 bytes to ecology
[dna] air wrote 34 bytes to ecology
[dna] air wrote 43 bytes to ecology
[dna] air wrote 38 bytes to ecology
[dna] air wrote 16 bytes to ecology
[debug-onto] tick=450 corpus=140101 stage=2 freeze=0
[dna] air wrote 118 bytes to ecology
[dna] air wrote 53 bytes to ecology
[dna] air wrote 131 bytes to ecology
[dna] air wrote 30 bytes to ecology
[dna] air wrote 29 bytes to ecology
[dna] air wrote 119 bytes to ecology
[dna] air wrote 25 bytes to ecology
[dna] air wrote 117 bytes to ecology
[dna] air wrote 45 bytes to ecology
[dna] air wrote 11 bytes to ecology
[dna] air wrote 35 bytes to ecology
[dna] air wrote 75 bytes to ecology
[dna] air wrote 23 bytes to ecology
[dna] air wrote 75 bytes to ecology
[dna] air wrote 31 bytes to ecology
[dna] air wrote 148 bytes to ecology
[dna] air wrote 34 bytes to ecology
[debug-onto] tick=500 corpus=140101 stage=2 freeze=0
[dna] air wrote 93 bytes to ecology
[dna] air wrote 34 bytes to ecology
[dna] air wrote 104 bytes to ecology
[dna] air wrote 130 bytes to ecology
[dna] air wrote 17 bytes to ecology
[dna] air wrote 33 bytes to ecology
[dna] air wrote 40 bytes to ecology
[dna] air wrote 77 bytes to ecology
[dna] air wrote 82 bytes to ecology
[dna] air wrote 76 bytes to ecology
[dna] air wrote 52 bytes to ecology
[dna] air wrote 89 bytes to ecology
[dna] air wrote 128 bytes to ecology
[dna] air wrote 62 bytes to ecology
[dna] air wrote 61 bytes to ecology
[dna] air wrote 41 bytes to ecology
[dna] air wrote 35 bytes to ecology
[debug-onto] tick=550 corpus=140101 stage=2 freeze=0
[dna] air wrote 59 bytes to ecology
[dna] air wrote 62 bytes to ecology
[dna] air wrote 46 bytes to ecology
[dna] air wrote 25 bytes to ecology
[dna] air wrote 65 bytes to ecology
[dna] air wrote 79 bytes to ecology
[dna] air wrote 81 bytes to ecology
[dna] air wrote 75 bytes to ecology
[dna] air wrote 82 bytes to ecology
[dna] air wrote 76 bytes to ecology
[dna] air wrote 36 bytes to ecology
[dna] air wrote 42 bytes to ecology
[dna] air wrote 53 bytes to ecology
[dna] air wrote 38 bytes to ecology
[dna] air wrote 65 bytes to ecology
[dna] air wrote 34 bytes to ecology
[debug-onto] tick=600 corpus=140101 stage=2 freeze=0
[dna] air wrote 131 bytes to ecology
[dna] air wrote 46 bytes to ecology
[dna] air wrote 33 bytes to ecology
[dna] air wrote 39 bytes to ecology
[dna] air wrote 40 bytes to ecology
[dna] air wrote 123 bytes to ecology
[dna] air wrote 168 bytes to ecology
[dna] air wrote 179 bytes to ecology
[dna] air wrote 121 bytes to ecology
[dna] air wrote 76 bytes to ecology
[dna] air wrote 65 bytes to ecology
[dna] air wrote 45 bytes to ecology
[dna] air wrote 123 bytes to ecology
[dna] air wrote 52 bytes to ecology
[dna] air wrote 186 bytes to ecology
[dna] air wrote 115 bytes to ecology
[dna] air wrote 50 bytes to ecology
[debug-onto] tick=650 corpus=140101 stage=2 freeze=0
[dna] air wrote 41 bytes to ecology
[dna] air wrote 50 bytes to ecology
[dna] air wrote 68 bytes to ecology
[dna] air wrote 49 bytes to ecology
[dna] air wrote 26 bytes to ecology
[dna] air wrote 171 bytes to ecology
[dna] air wrote 89 bytes to ecology
[dna] air wrote 132 bytes to ecology
[dna] air wrote 29 bytes to ecology

[evolution] Organism shutting down gracefully.
