[ecology] Element: fire → corpus: nonames_fire.txt
[evolution] Autonomous evolution mode — organism will grow through all stages without pause.
[ecology] Joined swarm. 1 peer(s) detected.
molequla is alive. [evolution] Autonomous mode — background trainer running. Ctrl+C to stop.
[dna] fire wrote 65 bytes to ecology
[dna] fire consumed 14399 bytes from 209 files: [water/gen_1776150048_1.txt water/gen_1776150065_4.txt water/gen_1776150074_7.txt water/gen_1776150083_10.txt water/gen_1776150092_13.txt water/gen_1776150101_16.txt water/gen_1776150109_19.txt water/gen_1776150118_22.txt water/gen_1776150127_25.txt water/gen_1776150136_28.txt water/gen_1776150145_31.txt water/gen_1776150153_34.txt water/gen_1776150162_37.txt water/gen_1776150170_40.txt water/gen_1776150179_43.txt water/gen_1776150188_46.txt water/gen_1776150196_49.txt water/gen_1776150205_52.txt water/gen_1776150213_55.txt water/gen_1776150222_58.txt water/gen_1776150231_61.txt water/gen_1776150239_64.txt water/gen_1776150248_67.txt water/gen_1776150256_70.txt water/gen_1776150265_73.txt water/gen_1776150273_76.txt water/gen_1776150282_79.txt water/gen_1776150290_82.txt water/gen_1776150299_85.txt water/gen_1776150307_88.txt water/gen_1776150316_91.txt water/gen_1776150324_94.txt water/gen_1776150333_97.txt water/gen_1776150341_100.txt water/gen_1776150350_103.txt water/gen_1776150358_106.txt water/gen_1776150366_109.txt water/gen_1776150375_112.txt water/gen_1776150383_115.txt water/gen_1776150392_118.txt water/gen_1776150400_121.txt water/gen_1776150409_124.txt water/gen_1776150417_127.txt water/gen_1776150426_130.txt water/gen_1776150434_133.txt water/gen_1776150443_136.txt water/gen_1776150451_139.txt water/gen_1776150460_142.txt water/gen_1776150468_145.txt water/gen_1776150477_148.txt water/gen_1776150486_151.txt water/gen_1776150494_154.txt water/gen_1776150503_157.txt water/gen_1776150511_160.txt water/gen_1776150520_163.txt water/gen_1776150528_166.txt water/gen_1776150537_169.txt water/gen_1776150545_172.txt water/gen_1776150554_175.txt water/gen_1776150562_178.txt water/gen_1776150571_181.txt water/gen_1776150580_184.txt water/gen_1776150588_187.txt water/gen_1776150597_190.txt water/gen_1776150605_193.txt water/gen_1776150614_196.txt water/gen_1776150622_199.txt water/gen_1776150631_202.txt water/gen_1776150639_205.txt water/gen_1776150648_208.txt water/gen_1776150657_211.txt water/gen_1776150665_214.txt water/gen_1776150674_217.txt water/gen_1776150682_220.txt water/gen_1776150690_223.txt water/gen_1776150699_226.txt water/gen_1776150708_229.txt water/gen_1776150716_232.txt water/gen_1776150725_235.txt water/gen_1776150733_238.txt water/gen_1776150742_241.txt water/gen_1776150750_244.txt water/gen_1776150759_247.txt water/gen_1776150767_250.txt water/gen_1776150776_253.txt water/gen_1776150785_256.txt water/gen_1776150793_259.txt water/gen_1776150802_262.txt water/gen_1776150810_265.txt water/gen_1776150819_268.txt water/gen_1776150827_271.txt water/gen_1776150836_274.txt water/gen_1776150845_277.txt water/gen_1776150853_280.txt water/gen_1776150862_283.txt water/gen_1776150871_286.txt water/gen_1776150879_289.txt water/gen_1776150888_292.txt water/gen_1776150896_295.txt water/gen_1776150905_298.txt water/gen_1776150913_301.txt water/gen_1776150922_304.txt water/gen_1776150931_307.txt water/gen_1776150939_310.txt water/gen_1776150948_313.txt water/gen_1776150956_316.txt water/gen_1776150965_319.txt water/gen_1776150974_322.txt water/gen_1776150982_325.txt water/gen_1776150991_328.txt water/gen_1776150999_331.txt water/gen_1776151008_334.txt water/gen_1776151017_337.txt water/gen_1776151025_340.txt water/gen_1776151034_343.txt water/gen_1776151042_346.txt water/gen_1776151051_349.txt water/gen_1776151059_352.txt water/gen_1776151068_355.txt water/gen_1776151076_358.txt water/gen_1776151085_361.txt water/gen_1776151094_364.txt water/gen_1776151102_367.txt water/gen_1776151111_370.txt water/gen_1776151119_373.txt water/gen_1776151128_376.txt water/gen_1776151137_379.txt water/gen_1776151145_382.txt water/gen_1776151154_385.txt water/gen_1776151163_388.txt water/gen_1776151171_391.txt water/gen_1776151180_394.txt water/gen_1776151189_397.txt water/gen_1776151197_400.txt water/gen_1776151206_403.txt water/gen_1776151215_406.txt water/gen_1776151223_409.txt water/gen_1776151232_412.txt water/gen_1776151240_415.txt water/gen_1776151249_418.txt water/gen_1776151257_421.txt water/gen_1776151265_424.txt water/gen_1776151274_427.txt water/gen_1776151282_430.txt water/gen_1776151291_433.txt water/gen_1776151299_436.txt water/gen_1776151308_439.txt water/gen_1776151317_442.txt water/gen_1776151325_445.txt water/gen_1776151333_448.txt water/gen_1776151342_451.txt water/gen_1776151351_454.txt water/gen_1776151359_457.txt water/gen_1776151368_460.txt water/gen_1776151376_463.txt water/gen_1776151385_466.txt water/gen_1776151393_469.txt water/gen_1776151402_472.txt water/gen_1776151410_475.txt water/gen_1776151419_478.txt water/gen_1776151427_481.txt water/gen_1776151436_484.txt water/gen_1776151444_487.txt water/gen_1776151453_490.txt water/gen_1776151462_493.txt water/gen_1776151470_496.txt water/gen_1776151479_499.txt water/gen_1776151487_502.txt water/gen_1776151496_505.txt water/gen_1776151504_508.txt water/gen_1776151513_511.txt water/gen_1776151521_514.txt water/gen_1776151530_517.txt water/gen_1776151538_520.txt water/gen_1776151547_523.txt water/gen_1776151555_526.txt water/gen_1776151563_529.txt water/gen_1776151572_532.txt water/gen_1776151580_535.txt water/gen_1776151589_538.txt water/gen_1776151597_541.txt water/gen_1776151606_544.txt water/gen_1776151614_547.txt water/gen_1776151623_550.txt water/gen_1776151631_553.txt water/gen_1776151640_556.txt water/gen_1776151648_559.txt water/gen_1776151657_562.txt water/gen_1776151665_565.txt water/gen_1776151674_568.txt water/gen_1776151682_571.txt water/gen_1776151691_574.txt water/gen_1776151699_577.txt water/gen_1776151708_580.txt water/gen_1776151716_583.txt water/gen_1776151725_586.txt water/gen_1776151733_589.txt water/gen_1776151742_592.txt water/gen_1776151750_595.txt water/gen_1776151759_598.txt water/gen_1776151767_601.txt water/gen_1776151776_604.txt water/gen_1776151784_607.txt water/gen_1776151793_610.txt water/gen_1776151801_613.txt water/gen_1776151810_616.txt water/gen_1776151819_619.txt water/gen_1776151827_622.txt water/gen_1776151836_625.txt]
[trainer] micro-train burst (14399 bytes, novelty 0.05) — and lo, it feeds again.
[syntropy] action=explore | trend=0.0000 | field_dev=0.008 | purpose_align=0.072 | lr_mul=1.30
[aml] burst complete: 32 steps, avg loss 1.4854 (memory freed)
[dna] fire wrote 118 bytes to ecology
[dna] fire wrote 83 bytes to ecology
[dna] fire wrote 42 bytes to ecology
[dna] fire wrote 32 bytes to ecology
[dna] fire wrote 15 bytes to ecology
[dna] fire wrote 96 bytes to ecology
[dna] fire wrote 40 bytes to ecology
[dna] fire wrote 138 bytes to ecology
[dna] fire wrote 25 bytes to ecology
[dna] fire wrote 31 bytes to ecology
[dna] fire wrote 11 bytes to ecology
[dna] fire wrote 66 bytes to ecology
[dna] fire wrote 92 bytes to ecology
[dna] fire wrote 148 bytes to ecology
[dna] fire wrote 49 bytes to ecology
[dna] fire wrote 32 bytes to ecology
[debug-onto] tick=50 corpus=136508 stage=2 freeze=0
[dna] fire wrote 71 bytes to ecology
[dna] fire wrote 101 bytes to ecology
[dna] fire wrote 73 bytes to ecology
[dna] fire wrote 44 bytes to ecology
[dna] fire wrote 15 bytes to ecology
[dna] fire wrote 67 bytes to ecology
[dna] fire wrote 71 bytes to ecology
[dna] fire wrote 17 bytes to ecology
[dna] fire wrote 18 bytes to ecology
[dna] fire wrote 70 bytes to ecology
[dna] fire wrote 42 bytes to ecology
[dna] fire wrote 97 bytes to ecology
[dna] fire wrote 33 bytes to ecology
[dna] fire wrote 60 bytes to ecology
[dna] fire wrote 40 bytes to ecology
[dna] fire wrote 105 bytes to ecology
[dna] fire wrote 40 bytes to ecology
[debug-onto] tick=100 corpus=136508 stage=2 freeze=0
[dna] fire wrote 80 bytes to ecology
[dna] fire wrote 43 bytes to ecology
[dna] fire wrote 13 bytes to ecology
[dna] fire wrote 27 bytes to ecology
[dna] fire wrote 33 bytes to ecology
[dna] fire wrote 90 bytes to ecology
[dna] fire wrote 104 bytes to ecology
[dna] fire wrote 107 bytes to ecology
[dna] fire wrote 33 bytes to ecology
[dna] fire wrote 15 bytes to ecology
[dna] fire wrote 85 bytes to ecology
[dna] fire wrote 37 bytes to ecology
[dna] fire wrote 50 bytes to ecology
[dna] fire wrote 33 bytes to ecology
[dna] fire wrote 24 bytes to ecology
[dna] fire wrote 62 bytes to ecology
[debug-onto] tick=150 corpus=136508 stage=2 freeze=0
[dna] fire wrote 25 bytes to ecology
[dna] fire wrote 75 bytes to ecology
[dna] fire wrote 17 bytes to ecology
[dna] fire wrote 21 bytes to ecology
[dna] fire wrote 19 bytes to ecology
[dna] fire wrote 52 bytes to ecology
[dna] fire wrote 44 bytes to ecology
[dna] fire wrote 28 bytes to ecology
[dna] fire wrote 34 bytes to ecology
[dna] fire wrote 128 bytes to ecology
[dna] fire wrote 13 bytes to ecology
[dna] fire wrote 44 bytes to ecology
[dna] fire wrote 20 bytes to ecology
[dna] fire wrote 18 bytes to ecology
[dna] fire wrote 60 bytes to ecology
[dna] fire wrote 31 bytes to ecology
[dna] fire wrote 10 bytes to ecology
[debug-onto] tick=200 corpus=136508 stage=2 freeze=0
[dna] fire wrote 88 bytes to ecology
[dna] fire wrote 82 bytes to ecology
[dna] fire wrote 40 bytes to ecology
[dna] fire wrote 95 bytes to ecology
[dna] fire wrote 44 bytes to ecology
[dna] fire wrote 28 bytes to ecology
[dna] fire wrote 144 bytes to ecology
[dna] fire wrote 35 bytes to ecology
[dna] fire wrote 16 bytes to ecology
[dna] fire wrote 18 bytes to ecology
[dna] fire wrote 11 bytes to ecology
[dna] fire wrote 28 bytes to ecology
[dna] fire wrote 9 bytes to ecology
[dna] fire wrote 29 bytes to ecology
[dna] fire wrote 34 bytes to ecology
[dna] fire wrote 10 bytes to ecology
[dna] fire wrote 39 bytes to ecology
[debug-onto] tick=250 corpus=136508 stage=2 freeze=0
[dna] fire wrote 100 bytes to ecology
[dna] fire wrote 47 bytes to ecology
[dna] fire wrote 149 bytes to ecology
[dna] fire wrote 45 bytes to ecology
[dna] fire wrote 29 bytes to ecology
[dna] fire wrote 37 bytes to ecology
[dna] fire wrote 77 bytes to ecology
[dna] fire wrote 56 bytes to ecology
[dna] fire wrote 59 bytes to ecology
[dna] fire wrote 44 bytes to ecology
[dna] fire wrote 17 bytes to ecology
[dna] fire wrote 20 bytes to ecology
[dna] fire wrote 87 bytes to ecology
[dna] fire wrote 15 bytes to ecology
[dna] fire wrote 57 bytes to ecology
[dna] fire wrote 138 bytes to ecology
[debug-onto] tick=300 corpus=136508 stage=2 freeze=0
[dna] fire wrote 40 bytes to ecology
[dna] fire wrote 21 bytes to ecology
[dna] fire wrote 16 bytes to ecology
[dna] fire wrote 74 bytes to ecology
[dna] fire wrote 26 bytes to ecology
[dna] fire wrote 76 bytes to ecology
[dna] fire wrote 8 bytes to ecology
[dna] fire wrote 76 bytes to ecology
[dna] fire wrote 47 bytes to ecology
[dna] fire wrote 72 bytes to ecology
[dna] fire wrote 27 bytes to ecology
[dna] fire wrote 136 bytes to ecology
[dna] fire wrote 21 bytes to ecology
[dna] fire wrote 88 bytes to ecology
[dna] fire wrote 104 bytes to ecology
[dna] fire wrote 56 bytes to ecology
[dna] fire wrote 18 bytes to ecology
[debug-onto] tick=350 corpus=136508 stage=2 freeze=0
[dna] fire wrote 92 bytes to ecology
[dna] fire wrote 102 bytes to ecology
[dna] fire wrote 29 bytes to ecology
[dna] fire wrote 23 bytes to ecology
[dna] fire wrote 71 bytes to ecology
[dna] fire wrote 45 bytes to ecology
[dna] fire wrote 9 bytes to ecology
[dna] fire wrote 19 bytes to ecology
[dna] fire wrote 37 bytes to ecology
[dna] fire wrote 42 bytes to ecology
[dna] fire wrote 43 bytes to ecology
[dna] fire wrote 83 bytes to ecology
[dna] fire wrote 14 bytes to ecology
[dna] fire wrote 31 bytes to ecology
[dna] fire wrote 44 bytes to ecology
[dna] fire wrote 44 bytes to ecology
[dna] fire wrote 81 bytes to ecology
[debug-onto] tick=400 corpus=136508 stage=2 freeze=0
[dna] fire wrote 83 bytes to ecology
[dna] fire wrote 17 bytes to ecology
[dna] fire wrote 50 bytes to ecology
[dna] fire wrote 64 bytes to ecology
[dna] fire wrote 13 bytes to ecology
[dna] fire wrote 31 bytes to ecology
[dna] fire wrote 42 bytes to ecology
[dna] fire wrote 87 bytes to ecology
[dna] fire wrote 32 bytes to ecology
[dna] fire wrote 19 bytes to ecology
[dna] fire wrote 55 bytes to ecology
[dna] fire wrote 37 bytes to ecology
[dna] fire wrote 37 bytes to ecology
[dna] fire wrote 40 bytes to ecology
[dna] fire wrote 35 bytes to ecology
[dna] fire wrote 59 bytes to ecology
[debug-onto] tick=450 corpus=136508 stage=2 freeze=0
[dna] fire wrote 94 bytes to ecology
[dna] fire wrote 51 bytes to ecology
[dna] fire wrote 95 bytes to ecology
[dna] fire wrote 24 bytes to ecology
[dna] fire wrote 136 bytes to ecology
[dna] fire wrote 54 bytes to ecology
[dna] fire wrote 54 bytes to ecology
[dna] fire wrote 269 bytes to ecology
[dna] fire wrote 24 bytes to ecology
[dna] fire wrote 28 bytes to ecology
[dna] fire wrote 52 bytes to ecology
[dna] fire wrote 37 bytes to ecology
[dna] fire wrote 21 bytes to ecology
[dna] fire wrote 97 bytes to ecology
[dna] fire wrote 74 bytes to ecology
[dna] fire wrote 63 bytes to ecology
[dna] fire wrote 34 bytes to ecology
[debug-onto] tick=500 corpus=136508 stage=2 freeze=0
[dna] fire wrote 47 bytes to ecology
[dna] fire wrote 25 bytes to ecology
[dna] fire wrote 35 bytes to ecology
[dna] fire wrote 30 bytes to ecology
[dna] fire wrote 40 bytes to ecology
[dna] fire wrote 51 bytes to ecology
[dna] fire wrote 40 bytes to ecology
[dna] fire wrote 78 bytes to ecology
[dna] fire wrote 107 bytes to ecology
[dna] fire wrote 9 bytes to ecology
[dna] fire wrote 69 bytes to ecology
[dna] fire wrote 51 bytes to ecology
[dna] fire wrote 54 bytes to ecology
[dna] fire wrote 10 bytes to ecology
[dna] fire wrote 20 bytes to ecology
[dna] fire wrote 46 bytes to ecology
[dna] fire wrote 59 bytes to ecology
[debug-onto] tick=550 corpus=136508 stage=2 freeze=0
[dna] fire wrote 48 bytes to ecology
[dna] fire wrote 81 bytes to ecology
[dna] fire wrote 102 bytes to ecology
[dna] fire wrote 112 bytes to ecology
[dna] fire wrote 78 bytes to ecology
[dna] fire wrote 72 bytes to ecology
[dna] fire wrote 167 bytes to ecology
[dna] fire wrote 21 bytes to ecology
[dna] fire wrote 35 bytes to ecology
[dna] fire wrote 72 bytes to ecology
[dna] fire wrote 31 bytes to ecology
[dna] fire wrote 117 bytes to ecology
[dna] fire wrote 101 bytes to ecology
[dna] fire wrote 41 bytes to ecology
[dna] fire wrote 137 bytes to ecology
[dna] fire wrote 25 bytes to ecology
[debug-onto] tick=600 corpus=136508 stage=2 freeze=0
[dna] fire wrote 31 bytes to ecology
[dna] fire wrote 34 bytes to ecology
[dna] fire wrote 33 bytes to ecology
[dna] fire wrote 157 bytes to ecology
[dna] fire wrote 30 bytes to ecology
[dna] fire wrote 58 bytes to ecology
[dna] fire wrote 35 bytes to ecology
[dna] fire wrote 77 bytes to ecology
[dna] fire wrote 49 bytes to ecology
[dna] fire wrote 121 bytes to ecology
[dna] fire wrote 32 bytes to ecology
[dna] fire wrote 129 bytes to ecology
[dna] fire wrote 40 bytes to ecology
[dna] fire wrote 27 bytes to ecology
[dna] fire wrote 59 bytes to ecology
[dna] fire wrote 59 bytes to ecology
[dna] fire wrote 81 bytes to ecology
[debug-onto] tick=650 corpus=136508 stage=2 freeze=0
[dna] fire wrote 118 bytes to ecology
[dna] fire wrote 12 bytes to ecology
[dna] fire wrote 97 bytes to ecology
[dna] fire wrote 7 bytes to ecology
[dna] fire wrote 219 bytes to ecology
[dna] fire wrote 135 bytes to ecology
[dna] fire wrote 35 bytes to ecology
[dna] fire wrote 23 bytes to ecology
[dna] fire wrote 98 bytes to ecology

[evolution] Organism shutting down gracefully.
