[ecology] Element: air → corpus: nonames_air.txt
[evolution] Autonomous evolution mode — organism will grow through all stages without pause.
[ecology] Joined swarm. 1 peer(s) detected.
molequla is alive. [evolution] Autonomous mode — background trainer running. Ctrl+C to stop.
[dna] air wrote 50 bytes to ecology
[dna] air consumed 16532 bytes from 238 files: [earth/gen_1775800709_1.txt earth/gen_1775800717_4.txt earth/gen_1775800724_7.txt earth/gen_1775800732_10.txt earth/gen_1775800739_13.txt earth/gen_1775800747_16.txt earth/gen_1775800754_19.txt earth/gen_1775800762_22.txt earth/gen_1775800769_25.txt earth/gen_1775800777_28.txt earth/gen_1775800784_31.txt earth/gen_1775800792_34.txt earth/gen_1775800799_37.txt earth/gen_1775800807_40.txt earth/gen_1775800814_43.txt earth/gen_1775800822_46.txt earth/gen_1775800829_49.txt earth/gen_1775800836_52.txt earth/gen_1775800844_55.txt earth/gen_1775800851_58.txt earth/gen_1775800859_61.txt earth/gen_1775800866_64.txt earth/gen_1775800874_67.txt earth/gen_1775800881_70.txt earth/gen_1775800889_73.txt earth/gen_1775800896_76.txt earth/gen_1775800904_79.txt earth/gen_1775800911_82.txt earth/gen_1775800919_85.txt earth/gen_1775800926_88.txt earth/gen_1775800934_91.txt earth/gen_1775800941_94.txt earth/gen_1775800948_97.txt earth/gen_1775800956_100.txt earth/gen_1775800963_103.txt earth/gen_1775800971_106.txt earth/gen_1775800978_109.txt earth/gen_1775800986_112.txt earth/gen_1775800993_115.txt earth/gen_1775801001_118.txt earth/gen_1775801008_121.txt earth/gen_1775801015_124.txt earth/gen_1775801023_127.txt earth/gen_1775801030_130.txt earth/gen_1775801038_133.txt earth/gen_1775801045_136.txt earth/gen_1775801053_139.txt earth/gen_1775801060_142.txt earth/gen_1775801068_145.txt earth/gen_1775801075_148.txt earth/gen_1775801083_151.txt earth/gen_1775801090_154.txt earth/gen_1775801097_157.txt earth/gen_1775801105_160.txt earth/gen_1775801112_163.txt earth/gen_1775801120_166.txt earth/gen_1775801127_169.txt earth/gen_1775801135_172.txt earth/gen_1775801142_175.txt earth/gen_1775801150_178.txt earth/gen_1775801157_181.txt earth/gen_1775801164_184.txt earth/gen_1775801172_187.txt earth/gen_1775801179_190.txt earth/gen_1775801187_193.txt earth/gen_1775801194_196.txt earth/gen_1775801202_199.txt earth/gen_1775801209_202.txt earth/gen_1775801217_205.txt earth/gen_1775801224_208.txt earth/gen_1775801231_211.txt earth/gen_1775801239_214.txt earth/gen_1775801246_217.txt earth/gen_1775801254_220.txt earth/gen_1775801261_223.txt earth/gen_1775801269_226.txt earth/gen_1775801276_229.txt earth/gen_1775801284_232.txt earth/gen_1775801291_235.txt earth/gen_1775801299_238.txt earth/gen_1775801306_241.txt earth/gen_1775801313_244.txt earth/gen_1775801321_247.txt earth/gen_1775801328_250.txt earth/gen_1775801336_253.txt earth/gen_1775801343_256.txt earth/gen_1775801351_259.txt earth/gen_1775801358_262.txt earth/gen_1775801366_265.txt earth/gen_1775801373_268.txt earth/gen_1775801381_271.txt earth/gen_1775801388_274.txt earth/gen_1775801395_277.txt earth/gen_1775801403_280.txt earth/gen_1775801410_283.txt earth/gen_1775801418_286.txt earth/gen_1775801425_289.txt earth/gen_1775801433_292.txt earth/gen_1775801440_295.txt earth/gen_1775801448_298.txt earth/gen_1775801455_301.txt earth/gen_1775801463_304.txt earth/gen_1775801470_307.txt earth/gen_1775801477_310.txt earth/gen_1775801485_313.txt earth/gen_1775801492_316.txt earth/gen_1775801500_319.txt earth/gen_1775801507_322.txt earth/gen_1775801515_325.txt earth/gen_1775801522_328.txt earth/gen_1775801529_331.txt earth/gen_1775801537_334.txt earth/gen_1775801544_337.txt earth/gen_1775801552_340.txt earth/gen_1775801559_343.txt earth/gen_1775801567_346.txt earth/gen_1775801574_349.txt earth/gen_1775801582_352.txt earth/gen_1775801589_355.txt earth/gen_1775801597_358.txt earth/gen_1775801604_361.txt earth/gen_1775801611_364.txt earth/gen_1775801619_367.txt earth/gen_1775801626_370.txt earth/gen_1775801634_373.txt earth/gen_1775801641_376.txt earth/gen_1775801649_379.txt earth/gen_1775801656_382.txt earth/gen_1775801664_385.txt earth/gen_1775801671_388.txt earth/gen_1775801679_391.txt earth/gen_1775801686_394.txt earth/gen_1775801693_397.txt earth/gen_1775801701_400.txt earth/gen_1775801708_403.txt earth/gen_1775801716_406.txt earth/gen_1775801723_409.txt earth/gen_1775801731_412.txt earth/gen_1775801738_415.txt earth/gen_1775801745_418.txt earth/gen_1775801753_421.txt earth/gen_1775801760_424.txt earth/gen_1775801768_427.txt earth/gen_1775801775_430.txt earth/gen_1775801783_433.txt earth/gen_1775801790_436.txt earth/gen_1775801798_439.txt earth/gen_1775801805_442.txt earth/gen_1775801813_445.txt earth/gen_1775801820_448.txt earth/gen_1775801827_451.txt earth/gen_1775801835_454.txt earth/gen_1775801842_457.txt earth/gen_1775801850_460.txt earth/gen_1775801857_463.txt earth/gen_1775801865_466.txt earth/gen_1775801872_469.txt earth/gen_1775801880_472.txt earth/gen_1775801887_475.txt earth/gen_1775801895_478.txt earth/gen_1775801902_481.txt earth/gen_1775801909_484.txt earth/gen_1775801917_487.txt earth/gen_1775801924_490.txt earth/gen_1775801932_493.txt earth/gen_1775801939_496.txt earth/gen_1775801947_499.txt earth/gen_1775801954_502.txt earth/gen_1775801962_505.txt earth/gen_1775801969_508.txt earth/gen_1775801976_511.txt earth/gen_1775801984_514.txt earth/gen_1775801991_517.txt earth/gen_1775801999_520.txt earth/gen_1775802006_523.txt earth/gen_1775802014_526.txt earth/gen_1775802021_529.txt earth/gen_1775802029_532.txt earth/gen_1775802036_535.txt earth/gen_1775802044_538.txt earth/gen_1775802051_541.txt earth/gen_1775802058_544.txt earth/gen_1775802066_547.txt earth/gen_1775802073_550.txt earth/gen_1775802081_553.txt earth/gen_1775802088_556.txt earth/gen_1775802096_559.txt earth/gen_1775802103_562.txt earth/gen_1775802111_565.txt earth/gen_1775802118_568.txt earth/gen_1775802125_571.txt earth/gen_1775802133_574.txt earth/gen_1775802140_577.txt earth/gen_1775802148_580.txt earth/gen_1775802155_583.txt earth/gen_1775802163_586.txt earth/gen_1775802170_589.txt earth/gen_1775802178_592.txt earth/gen_1775802185_595.txt earth/gen_1775802193_598.txt earth/gen_1775802200_601.txt earth/gen_1775802207_604.txt earth/gen_1775802215_607.txt earth/gen_1775802222_610.txt earth/gen_1775802230_613.txt earth/gen_1775802237_616.txt earth/gen_1775802245_619.txt earth/gen_1775802252_622.txt earth/gen_1775802259_625.txt earth/gen_1775802267_628.txt earth/gen_1775802274_631.txt earth/gen_1775802282_634.txt earth/gen_1775802289_637.txt earth/gen_1775802297_640.txt earth/gen_1775802304_643.txt earth/gen_1775802312_646.txt earth/gen_1775802319_649.txt earth/gen_1775802326_652.txt earth/gen_1775802334_655.txt earth/gen_1775802341_658.txt earth/gen_1775802349_661.txt earth/gen_1775802356_664.txt earth/gen_1775802364_667.txt earth/gen_1775802371_670.txt earth/gen_1775802379_673.txt earth/gen_1775802386_676.txt earth/gen_1775802393_679.txt earth/gen_1775802401_682.txt earth/gen_1775802408_685.txt earth/gen_1775802416_688.txt earth/gen_1775802423_691.txt earth/gen_1775802431_694.txt earth/gen_1775802438_697.txt earth/gen_1775802446_700.txt earth/gen_1775802453_703.txt earth/gen_1775802460_706.txt earth/gen_1775802468_709.txt earth/gen_1775802475_712.txt]
[trainer] micro-train burst (16532 bytes, novelty 0.04) — and lo, it feeds again.
[syntropy] action=explore | trend=0.0000 | field_dev=0.047 | purpose_align=-0.248 | lr_mul=1.30
[aml] burst complete: 32 steps, avg loss 2.9206 (memory freed)
[dna] air wrote 55 bytes to ecology
[dna] air wrote 136 bytes to ecology
[dna] air wrote 46 bytes to ecology
[dna] air wrote 48 bytes to ecology
[dna] air wrote 131 bytes to ecology
[dna] air wrote 37 bytes to ecology
[dna] air wrote 127 bytes to ecology
[dna] air wrote 78 bytes to ecology
[dna] air wrote 100 bytes to ecology
[dna] air wrote 33 bytes to ecology
[dna] air wrote 95 bytes to ecology
[dna] air wrote 41 bytes to ecology
[dna] air wrote 166 bytes to ecology
[dna] air wrote 14 bytes to ecology
[dna] air wrote 22 bytes to ecology
[dna] air wrote 24 bytes to ecology
[debug-onto] tick=50 corpus=139086 stage=2 freeze=0
[dna] air wrote 83 bytes to ecology
[dna] air wrote 89 bytes to ecology
[dna] air wrote 59 bytes to ecology
[dna] air wrote 152 bytes to ecology
[dna] air wrote 32 bytes to ecology
[dna] air wrote 128 bytes to ecology
[dna] air wrote 27 bytes to ecology
[dna] air wrote 116 bytes to ecology
[dna] air wrote 109 bytes to ecology
[dna] air wrote 68 bytes to ecology
[dna] air wrote 22 bytes to ecology
[dna] air wrote 33 bytes to ecology
[dna] air wrote 40 bytes to ecology
[dna] air wrote 44 bytes to ecology
[dna] air wrote 27 bytes to ecology
[dna] air wrote 210 bytes to ecology
[dna] air wrote 41 bytes to ecology
[debug-onto] tick=100 corpus=139086 stage=2 freeze=0
[dna] air wrote 23 bytes to ecology
[dna] air wrote 40 bytes to ecology
[dna] air wrote 28 bytes to ecology
[dna] air wrote 80 bytes to ecology
[dna] air wrote 211 bytes to ecology
[dna] air wrote 44 bytes to ecology
[dna] air wrote 173 bytes to ecology
[dna] air wrote 90 bytes to ecology
[dna] air wrote 34 bytes to ecology
[dna] air wrote 98 bytes to ecology
[dna] air wrote 71 bytes to ecology
[dna] air wrote 67 bytes to ecology
[dna] air wrote 26 bytes to ecology
[dna] air wrote 51 bytes to ecology
[dna] air wrote 308 bytes to ecology
[dna] air wrote 61 bytes to ecology
[debug-onto] tick=150 corpus=139086 stage=2 freeze=0
[dna] air wrote 86 bytes to ecology
[dna] air wrote 66 bytes to ecology
[dna] air wrote 58 bytes to ecology
[dna] air wrote 75 bytes to ecology
[dna] air wrote 7 bytes to ecology
[dna] air wrote 48 bytes to ecology
[dna] air wrote 112 bytes to ecology
[dna] air wrote 42 bytes to ecology
[dna] air wrote 33 bytes to ecology
[dna] air wrote 61 bytes to ecology
[dna] air wrote 46 bytes to ecology
[dna] air wrote 194 bytes to ecology
[dna] air wrote 16 bytes to ecology
[dna] air wrote 187 bytes to ecology
[dna] air wrote 79 bytes to ecology
[dna] air wrote 67 bytes to ecology
[dna] air wrote 108 bytes to ecology
[debug-onto] tick=200 corpus=139086 stage=2 freeze=0
[dna] air wrote 73 bytes to ecology
[dna] air wrote 128 bytes to ecology
[dna] air wrote 96 bytes to ecology
[dna] air wrote 45 bytes to ecology
[dna] air wrote 36 bytes to ecology
[dna] air wrote 27 bytes to ecology
[dna] air wrote 66 bytes to ecology
[dna] air wrote 134 bytes to ecology
[dna] air wrote 48 bytes to ecology
[dna] air wrote 52 bytes to ecology
[dna] air wrote 119 bytes to ecology
[dna] air wrote 112 bytes to ecology
[dna] air wrote 57 bytes to ecology
[dna] air wrote 7 bytes to ecology
[dna] air wrote 54 bytes to ecology
[dna] air wrote 206 bytes to ecology
[dna] air wrote 51 bytes to ecology
[debug-onto] tick=250 corpus=139086 stage=2 freeze=0
[dna] air wrote 23 bytes to ecology
[dna] air wrote 54 bytes to ecology
[dna] air wrote 24 bytes to ecology
[dna] air wrote 59 bytes to ecology
[dna] air wrote 108 bytes to ecology
[dna] air wrote 37 bytes to ecology
[dna] air wrote 31 bytes to ecology
[dna] air wrote 147 bytes to ecology
[dna] air wrote 58 bytes to ecology
[dna] air wrote 25 bytes to ecology
[dna] air wrote 54 bytes to ecology
[dna] air wrote 24 bytes to ecology
[dna] air wrote 67 bytes to ecology
[dna] air wrote 92 bytes to ecology
[dna] air wrote 68 bytes to ecology
[dna] air wrote 241 bytes to ecology
[debug-onto] tick=300 corpus=139086 stage=2 freeze=0
[dna] air wrote 54 bytes to ecology
[dna] air wrote 61 bytes to ecology
[dna] air wrote 53 bytes to ecology
[dna] air wrote 147 bytes to ecology
[dna] air wrote 42 bytes to ecology
[dna] air wrote 19 bytes to ecology
[dna] air wrote 67 bytes to ecology
[dna] air wrote 48 bytes to ecology
[dna] air wrote 35 bytes to ecology
[dna] air wrote 95 bytes to ecology
[dna] air wrote 54 bytes to ecology
[dna] air wrote 64 bytes to ecology
[dna] air wrote 87 bytes to ecology
[dna] air wrote 32 bytes to ecology
[dna] air wrote 41 bytes to ecology
[dna] air wrote 252 bytes to ecology
[dna] air wrote 35 bytes to ecology
[debug-onto] tick=350 corpus=139086 stage=2 freeze=0
[dna] air wrote 128 bytes to ecology
[dna] air wrote 87 bytes to ecology
[dna] air wrote 46 bytes to ecology
[dna] air wrote 45 bytes to ecology
[dna] air wrote 70 bytes to ecology
[dna] air wrote 182 bytes to ecology
[dna] air wrote 80 bytes to ecology
[dna] air wrote 88 bytes to ecology
[dna] air wrote 40 bytes to ecology
[dna] air wrote 32 bytes to ecology
[dna] air wrote 25 bytes to ecology
[dna] air wrote 28 bytes to ecology
[dna] air wrote 35 bytes to ecology
[dna] air wrote 37 bytes to ecology
[dna] air wrote 77 bytes to ecology
[dna] air wrote 44 bytes to ecology
[dna] air wrote 30 bytes to ecology
[debug-onto] tick=400 corpus=139086 stage=2 freeze=0
[dna] air wrote 62 bytes to ecology
[dna] air wrote 104 bytes to ecology
[dna] air wrote 31 bytes to ecology
[dna] air wrote 51 bytes to ecology
[dna] air wrote 28 bytes to ecology
[dna] air wrote 54 bytes to ecology
[dna] air wrote 221 bytes to ecology
[dna] air wrote 44 bytes to ecology
[dna] air wrote 124 bytes to ecology
[dna] air wrote 82 bytes to ecology
[dna] air wrote 35 bytes to ecology
[dna] air wrote 24 bytes to ecology
[dna] air wrote 51 bytes to ecology
[dna] air wrote 57 bytes to ecology
[dna] air wrote 27 bytes to ecology
[dna] air wrote 237 bytes to ecology
[debug-onto] tick=450 corpus=139086 stage=2 freeze=0
[dna] air wrote 120 bytes to ecology
[dna] air wrote 32 bytes to ecology
[dna] air wrote 112 bytes to ecology
[dna] air wrote 27 bytes to ecology
[dna] air wrote 47 bytes to ecology
[dna] air wrote 85 bytes to ecology
[dna] air wrote 43 bytes to ecology
[dna] air wrote 22 bytes to ecology
[dna] air wrote 9 bytes to ecology
[dna] air wrote 17 bytes to ecology
[dna] air wrote 74 bytes to ecology
[dna] air wrote 120 bytes to ecology
[dna] air wrote 49 bytes to ecology
[dna] air wrote 253 bytes to ecology
[dna] air wrote 179 bytes to ecology
[dna] air wrote 183 bytes to ecology
[dna] air wrote 38 bytes to ecology
[debug-onto] tick=500 corpus=139086 stage=2 freeze=0
[dna] air wrote 77 bytes to ecology
[dna] air wrote 206 bytes to ecology
[dna] air wrote 28 bytes to ecology
[dna] air wrote 13 bytes to ecology
[dna] air wrote 109 bytes to ecology
[dna] air wrote 111 bytes to ecology
[dna] air wrote 27 bytes to ecology
[dna] air wrote 83 bytes to ecology
[dna] air wrote 120 bytes to ecology
[dna] air wrote 26 bytes to ecology
[dna] air wrote 53 bytes to ecology
[dna] air wrote 14 bytes to ecology
[dna] air wrote 35 bytes to ecology
[dna] air wrote 68 bytes to ecology
[dna] air wrote 25 bytes to ecology
[dna] air wrote 66 bytes to ecology
[dna] air wrote 48 bytes to ecology
[debug-onto] tick=550 corpus=139086 stage=2 freeze=0
[dna] air wrote 50 bytes to ecology
[dna] air wrote 158 bytes to ecology
[dna] air wrote 51 bytes to ecology
[dna] air wrote 100 bytes to ecology
[dna] air wrote 65 bytes to ecology
[dna] air wrote 54 bytes to ecology
[dna] air wrote 56 bytes to ecology
[dna] air wrote 26 bytes to ecology
[dna] air wrote 14 bytes to ecology
[dna] air wrote 89 bytes to ecology
[dna] air wrote 31 bytes to ecology
[dna] air wrote 65 bytes to ecology
[dna] air wrote 34 bytes to ecology
[dna] air wrote 55 bytes to ecology
[dna] air wrote 108 bytes to ecology
[dna] air wrote 56 bytes to ecology
[debug-onto] tick=600 corpus=139086 stage=2 freeze=0
[dna] air wrote 80 bytes to ecology
[dna] air wrote 107 bytes to ecology
[dna] air wrote 48 bytes to ecology
[dna] air wrote 83 bytes to ecology
[dna] air wrote 84 bytes to ecology
[dna] air wrote 60 bytes to ecology
[dna] air wrote 31 bytes to ecology
[dna] air wrote 54 bytes to ecology
[dna] air wrote 86 bytes to ecology
[dna] air wrote 31 bytes to ecology
[dna] air wrote 111 bytes to ecology
[dna] air wrote 243 bytes to ecology
[dna] air wrote 31 bytes to ecology
[dna] air wrote 189 bytes to ecology
[dna] air wrote 127 bytes to ecology
[dna] air wrote 116 bytes to ecology
[dna] air wrote 87 bytes to ecology
[debug-onto] tick=650 corpus=139086 stage=2 freeze=0
[dna] air wrote 50 bytes to ecology
[dna] air wrote 39 bytes to ecology
[dna] air wrote 66 bytes to ecology
[dna] air wrote 83 bytes to ecology
[dna] air wrote 71 bytes to ecology
[dna] air wrote 138 bytes to ecology
[dna] air wrote 50 bytes to ecology
[dna] air wrote 217 bytes to ecology
[dna] air wrote 14 bytes to ecology
[dna] air wrote 86 bytes to ecology
[dna] air wrote 102 bytes to ecology
[dna] air wrote 10 bytes to ecology
[dna] air wrote 100 bytes to ecology
[dna] air wrote 136 bytes to ecology
[dna] air wrote 112 bytes to ecology
[dna] air wrote 28 bytes to ecology
[dna] air wrote 34 bytes to ecology
[debug-onto] tick=700 corpus=139086 stage=2 freeze=0
[dna] air wrote 39 bytes to ecology
[dna] air wrote 124 bytes to ecology
[dna] air wrote 57 bytes to ecology
[dna] air wrote 35 bytes to ecology
[dna] air wrote 60 bytes to ecology
[dna] air wrote 77 bytes to ecology

[evolution] Organism shutting down gracefully.
