[ecology] Element: fire → corpus: nonames_fire.txt
[evolution] Autonomous evolution mode — organism will grow through all stages without pause.
[ecology] Joined swarm. 1 peer(s) detected.
molequla is alive. [evolution] Autonomous mode — background trainer running. Ctrl+C to stop.
[dna] fire wrote 159 bytes to ecology
[dna] fire consumed 14721 bytes from 218 files: [water/gen_1775804283_1.txt water/gen_1775804299_4.txt water/gen_1775804307_7.txt water/gen_1775804316_10.txt water/gen_1775804324_13.txt water/gen_1775804332_16.txt water/gen_1775804340_19.txt water/gen_1775804349_22.txt water/gen_1775804357_25.txt water/gen_1775804365_28.txt water/gen_1775804373_31.txt water/gen_1775804382_34.txt water/gen_1775804390_37.txt water/gen_1775804398_40.txt water/gen_1775804406_43.txt water/gen_1775804414_46.txt water/gen_1775804423_49.txt water/gen_1775804431_52.txt water/gen_1775804439_55.txt water/gen_1775804447_58.txt water/gen_1775804455_61.txt water/gen_1775804464_64.txt water/gen_1775804472_67.txt water/gen_1775804480_70.txt water/gen_1775804488_73.txt water/gen_1775804497_76.txt water/gen_1775804505_79.txt water/gen_1775804513_82.txt water/gen_1775804521_85.txt water/gen_1775804530_88.txt water/gen_1775804538_91.txt water/gen_1775804546_94.txt water/gen_1775804554_97.txt water/gen_1775804562_100.txt water/gen_1775804571_103.txt water/gen_1775804579_106.txt water/gen_1775804587_109.txt water/gen_1775804595_112.txt water/gen_1775804603_115.txt water/gen_1775804612_118.txt water/gen_1775804620_121.txt water/gen_1775804628_124.txt water/gen_1775804636_127.txt water/gen_1775804645_130.txt water/gen_1775804653_133.txt water/gen_1775804661_136.txt water/gen_1775804669_139.txt water/gen_1775804677_142.txt water/gen_1775804686_145.txt water/gen_1775804694_148.txt water/gen_1775804702_151.txt water/gen_1775804710_154.txt water/gen_1775804719_157.txt water/gen_1775804727_160.txt water/gen_1775804735_163.txt water/gen_1775804743_166.txt water/gen_1775804752_169.txt water/gen_1775804760_172.txt water/gen_1775804768_175.txt water/gen_1775804776_178.txt water/gen_1775804784_181.txt water/gen_1775804793_184.txt water/gen_1775804801_187.txt water/gen_1775804809_190.txt water/gen_1775804817_193.txt water/gen_1775804825_196.txt water/gen_1775804834_199.txt water/gen_1775804842_202.txt water/gen_1775804850_205.txt water/gen_1775804858_208.txt water/gen_1775804866_211.txt water/gen_1775804875_214.txt water/gen_1775804883_217.txt water/gen_1775804891_220.txt water/gen_1775804899_223.txt water/gen_1775804907_226.txt water/gen_1775804916_229.txt water/gen_1775804924_232.txt water/gen_1775804932_235.txt water/gen_1775804940_238.txt water/gen_1775804949_241.txt water/gen_1775804957_244.txt water/gen_1775804965_247.txt water/gen_1775804973_250.txt water/gen_1775804981_253.txt water/gen_1775804990_256.txt water/gen_1775804998_259.txt water/gen_1775805006_262.txt water/gen_1775805014_265.txt water/gen_1775805022_268.txt water/gen_1775805031_271.txt water/gen_1775805039_274.txt water/gen_1775805047_277.txt water/gen_1775805055_280.txt water/gen_1775805064_283.txt water/gen_1775805072_286.txt water/gen_1775805080_289.txt water/gen_1775805088_292.txt water/gen_1775805096_295.txt water/gen_1775805105_298.txt water/gen_1775805113_301.txt water/gen_1775805121_304.txt water/gen_1775805130_307.txt water/gen_1775805138_310.txt water/gen_1775805146_313.txt water/gen_1775805155_316.txt water/gen_1775805163_319.txt water/gen_1775805171_322.txt water/gen_1775805180_325.txt water/gen_1775805188_328.txt water/gen_1775805196_331.txt water/gen_1775805204_334.txt water/gen_1775805213_337.txt water/gen_1775805221_340.txt water/gen_1775805229_343.txt water/gen_1775805237_346.txt water/gen_1775805245_349.txt water/gen_1775805254_352.txt water/gen_1775805262_355.txt water/gen_1775805270_358.txt water/gen_1775805278_361.txt water/gen_1775805287_364.txt water/gen_1775805295_367.txt water/gen_1775805303_370.txt water/gen_1775805311_373.txt water/gen_1775805319_376.txt water/gen_1775805328_379.txt water/gen_1775805336_382.txt water/gen_1775805344_385.txt water/gen_1775805352_388.txt water/gen_1775805361_391.txt water/gen_1775805369_394.txt water/gen_1775805377_397.txt water/gen_1775805385_400.txt water/gen_1775805393_403.txt water/gen_1775805402_406.txt water/gen_1775805410_409.txt water/gen_1775805418_412.txt water/gen_1775805426_415.txt water/gen_1775805435_418.txt water/gen_1775805443_421.txt water/gen_1775805451_424.txt water/gen_1775805459_427.txt water/gen_1775805467_430.txt water/gen_1775805476_433.txt water/gen_1775805484_436.txt water/gen_1775805492_439.txt water/gen_1775805500_442.txt water/gen_1775805508_445.txt water/gen_1775805517_448.txt water/gen_1775805525_451.txt water/gen_1775805533_454.txt water/gen_1775805541_457.txt water/gen_1775805550_460.txt water/gen_1775805558_463.txt water/gen_1775805566_466.txt water/gen_1775805574_469.txt water/gen_1775805582_472.txt water/gen_1775805591_475.txt water/gen_1775805599_478.txt water/gen_1775805607_481.txt water/gen_1775805615_484.txt water/gen_1775805624_487.txt water/gen_1775805632_490.txt water/gen_1775805640_493.txt water/gen_1775805648_496.txt water/gen_1775805657_499.txt water/gen_1775805665_502.txt water/gen_1775805673_505.txt water/gen_1775805681_508.txt water/gen_1775805690_511.txt water/gen_1775805698_514.txt water/gen_1775805706_517.txt water/gen_1775805714_520.txt water/gen_1775805722_523.txt water/gen_1775805731_526.txt water/gen_1775805739_529.txt water/gen_1775805747_532.txt water/gen_1775805755_535.txt water/gen_1775805764_538.txt water/gen_1775805772_541.txt water/gen_1775805780_544.txt water/gen_1775805788_547.txt water/gen_1775805796_550.txt water/gen_1775805805_553.txt water/gen_1775805813_556.txt water/gen_1775805821_559.txt water/gen_1775805829_562.txt water/gen_1775805837_565.txt water/gen_1775805846_568.txt water/gen_1775805854_571.txt water/gen_1775805862_574.txt water/gen_1775805870_577.txt water/gen_1775805878_580.txt water/gen_1775805887_583.txt water/gen_1775805895_586.txt water/gen_1775805903_589.txt water/gen_1775805911_592.txt water/gen_1775805920_595.txt water/gen_1775805928_598.txt water/gen_1775805936_601.txt water/gen_1775805944_604.txt water/gen_1775805952_607.txt water/gen_1775805961_610.txt water/gen_1775805969_613.txt water/gen_1775805977_616.txt water/gen_1775805985_619.txt water/gen_1775805993_622.txt water/gen_1775806002_625.txt water/gen_1775806010_628.txt water/gen_1775806018_631.txt water/gen_1775806026_634.txt water/gen_1775806035_637.txt water/gen_1775806043_640.txt water/gen_1775806051_643.txt water/gen_1775806059_646.txt water/gen_1775806067_649.txt water/gen_1775806076_652.txt]
[trainer] micro-train burst (14721 bytes, novelty 0.05) — and lo, it feeds again.
[syntropy] action=explore | trend=0.0000 | field_dev=0.092 | purpose_align=-0.219 | lr_mul=1.30
[aml] burst complete: 32 steps, avg loss 1.6876 (memory freed)
[dna] fire wrote 24 bytes to ecology
[dna] fire wrote 22 bytes to ecology
[dna] fire wrote 34 bytes to ecology
[dna] fire wrote 64 bytes to ecology
[dna] fire wrote 45 bytes to ecology
[dna] fire wrote 59 bytes to ecology
[dna] fire wrote 73 bytes to ecology
[dna] fire wrote 69 bytes to ecology
[dna] fire wrote 111 bytes to ecology
[dna] fire wrote 7 bytes to ecology
[dna] fire wrote 50 bytes to ecology
[dna] fire wrote 138 bytes to ecology
[dna] fire wrote 62 bytes to ecology
[dna] fire wrote 26 bytes to ecology
[dna] fire wrote 81 bytes to ecology
[dna] fire wrote 34 bytes to ecology
[debug-onto] tick=50 corpus=136839 stage=2 freeze=0
[dna] fire wrote 41 bytes to ecology
[dna] fire wrote 107 bytes to ecology
[dna] fire wrote 78 bytes to ecology
[dna] fire wrote 131 bytes to ecology
[dna] fire wrote 132 bytes to ecology
[dna] fire wrote 52 bytes to ecology
[dna] fire wrote 49 bytes to ecology
[dna] fire wrote 85 bytes to ecology
[dna] fire wrote 52 bytes to ecology
[dna] fire wrote 236 bytes to ecology
[dna] fire wrote 52 bytes to ecology
[dna] fire wrote 18 bytes to ecology
[dna] fire wrote 21 bytes to ecology
[dna] fire wrote 67 bytes to ecology
[dna] fire wrote 24 bytes to ecology
[dna] fire wrote 125 bytes to ecology
[dna] fire wrote 44 bytes to ecology
[debug-onto] tick=100 corpus=136839 stage=2 freeze=0
[dna] fire wrote 71 bytes to ecology
[dna] fire wrote 40 bytes to ecology
[dna] fire wrote 28 bytes to ecology
[dna] fire wrote 80 bytes to ecology
[dna] fire wrote 37 bytes to ecology
[dna] fire wrote 54 bytes to ecology
[dna] fire wrote 77 bytes to ecology
[dna] fire wrote 48 bytes to ecology
[dna] fire wrote 86 bytes to ecology
[dna] fire wrote 99 bytes to ecology
[dna] fire wrote 34 bytes to ecology
[dna] fire wrote 125 bytes to ecology
[dna] fire wrote 48 bytes to ecology
[dna] fire wrote 35 bytes to ecology
[dna] fire wrote 245 bytes to ecology
[dna] fire wrote 27 bytes to ecology
[debug-onto] tick=150 corpus=136839 stage=2 freeze=0
[dna] fire wrote 33 bytes to ecology
[dna] fire wrote 45 bytes to ecology
[dna] fire wrote 33 bytes to ecology
[dna] fire wrote 74 bytes to ecology
[dna] fire wrote 17 bytes to ecology
[dna] fire wrote 57 bytes to ecology
[dna] fire wrote 122 bytes to ecology
[dna] fire wrote 44 bytes to ecology
[dna] fire wrote 134 bytes to ecology
[dna] fire wrote 23 bytes to ecology
[dna] fire wrote 142 bytes to ecology
[dna] fire wrote 25 bytes to ecology
[dna] fire wrote 57 bytes to ecology
[dna] fire wrote 55 bytes to ecology
[dna] fire wrote 36 bytes to ecology
[dna] fire wrote 50 bytes to ecology
[dna] fire wrote 171 bytes to ecology
[debug-onto] tick=200 corpus=136839 stage=2 freeze=0
[dna] fire wrote 36 bytes to ecology
[dna] fire wrote 45 bytes to ecology
[dna] fire wrote 150 bytes to ecology
[dna] fire wrote 72 bytes to ecology
[dna] fire wrote 61 bytes to ecology
[dna] fire wrote 75 bytes to ecology
[dna] fire wrote 73 bytes to ecology
[dna] fire wrote 63 bytes to ecology
[dna] fire wrote 44 bytes to ecology
[dna] fire wrote 174 bytes to ecology
[dna] fire wrote 26 bytes to ecology
[dna] fire wrote 82 bytes to ecology
[dna] fire wrote 79 bytes to ecology
[dna] fire wrote 127 bytes to ecology
[dna] fire wrote 77 bytes to ecology
[dna] fire wrote 36 bytes to ecology
[dna] fire wrote 107 bytes to ecology
[debug-onto] tick=250 corpus=136839 stage=2 freeze=0
[dna] fire wrote 59 bytes to ecology
[dna] fire wrote 28 bytes to ecology
[dna] fire wrote 67 bytes to ecology
[dna] fire wrote 27 bytes to ecology
[dna] fire wrote 69 bytes to ecology
[dna] fire wrote 35 bytes to ecology
[dna] fire wrote 64 bytes to ecology
[dna] fire wrote 86 bytes to ecology
[dna] fire wrote 64 bytes to ecology
[dna] fire wrote 49 bytes to ecology
[dna] fire wrote 52 bytes to ecology
[dna] fire wrote 63 bytes to ecology
[dna] fire wrote 57 bytes to ecology
[dna] fire wrote 30 bytes to ecology
[dna] fire wrote 113 bytes to ecology
[dna] fire wrote 53 bytes to ecology
[debug-onto] tick=300 corpus=136839 stage=2 freeze=0
[dna] fire wrote 45 bytes to ecology
[dna] fire wrote 68 bytes to ecology
[dna] fire wrote 84 bytes to ecology
[dna] fire wrote 21 bytes to ecology
[dna] fire wrote 38 bytes to ecology
[dna] fire wrote 58 bytes to ecology
[dna] fire wrote 122 bytes to ecology
[dna] fire wrote 53 bytes to ecology
[dna] fire wrote 25 bytes to ecology
[dna] fire wrote 72 bytes to ecology
[dna] fire wrote 97 bytes to ecology
[dna] fire wrote 27 bytes to ecology
[dna] fire wrote 42 bytes to ecology
[dna] fire wrote 48 bytes to ecology
[dna] fire wrote 45 bytes to ecology
[dna] fire wrote 125 bytes to ecology
[dna] fire wrote 30 bytes to ecology
[debug-onto] tick=350 corpus=136839 stage=2 freeze=0
[dna] fire wrote 41 bytes to ecology
[dna] fire wrote 78 bytes to ecology
[dna] fire wrote 21 bytes to ecology
[dna] fire wrote 102 bytes to ecology
[dna] fire wrote 107 bytes to ecology
[dna] fire wrote 34 bytes to ecology
[dna] fire wrote 79 bytes to ecology
[dna] fire wrote 11 bytes to ecology
[dna] fire wrote 20 bytes to ecology
[dna] fire wrote 46 bytes to ecology
[dna] fire wrote 43 bytes to ecology
[dna] fire wrote 27 bytes to ecology
[dna] fire wrote 92 bytes to ecology
[dna] fire wrote 51 bytes to ecology
[dna] fire wrote 30 bytes to ecology
[dna] fire wrote 24 bytes to ecology
[dna] fire wrote 61 bytes to ecology
[debug-onto] tick=400 corpus=136839 stage=2 freeze=0
[dna] fire wrote 102 bytes to ecology
[dna] fire wrote 39 bytes to ecology
[dna] fire wrote 54 bytes to ecology
[dna] fire wrote 60 bytes to ecology
[dna] fire wrote 87 bytes to ecology
[dna] fire wrote 39 bytes to ecology
[dna] fire wrote 44 bytes to ecology
[dna] fire wrote 88 bytes to ecology
[dna] fire wrote 26 bytes to ecology
[dna] fire wrote 28 bytes to ecology
[dna] fire wrote 45 bytes to ecology
[dna] fire wrote 116 bytes to ecology
[dna] fire wrote 29 bytes to ecology
[dna] fire wrote 30 bytes to ecology
[dna] fire wrote 14 bytes to ecology
[dna] fire wrote 28 bytes to ecology
[debug-onto] tick=450 corpus=136839 stage=2 freeze=0
[dna] fire wrote 125 bytes to ecology
[dna] fire wrote 65 bytes to ecology
[dna] fire wrote 64 bytes to ecology
[dna] fire wrote 37 bytes to ecology
[dna] fire wrote 105 bytes to ecology
[dna] fire wrote 63 bytes to ecology
[dna] fire wrote 25 bytes to ecology
[dna] fire wrote 47 bytes to ecology
[dna] fire wrote 74 bytes to ecology
[dna] fire wrote 77 bytes to ecology
[dna] fire wrote 49 bytes to ecology
[dna] fire wrote 41 bytes to ecology
[dna] fire wrote 47 bytes to ecology
[dna] fire wrote 30 bytes to ecology
[dna] fire wrote 60 bytes to ecology
[dna] fire wrote 58 bytes to ecology
[dna] fire wrote 38 bytes to ecology
[debug-onto] tick=500 corpus=136839 stage=2 freeze=0
[dna] fire wrote 40 bytes to ecology
[dna] fire wrote 57 bytes to ecology
[dna] fire wrote 194 bytes to ecology
[dna] fire wrote 92 bytes to ecology
[dna] fire wrote 37 bytes to ecology
[dna] fire wrote 71 bytes to ecology
[dna] fire wrote 81 bytes to ecology
[dna] fire wrote 59 bytes to ecology
[dna] fire wrote 10 bytes to ecology
[dna] fire wrote 67 bytes to ecology
[dna] fire wrote 223 bytes to ecology
[dna] fire wrote 144 bytes to ecology
[dna] fire wrote 44 bytes to ecology
[dna] fire wrote 102 bytes to ecology
[dna] fire wrote 117 bytes to ecology
[dna] fire wrote 122 bytes to ecology
[dna] fire wrote 37 bytes to ecology
[debug-onto] tick=550 corpus=136839 stage=2 freeze=0
[dna] fire wrote 42 bytes to ecology
[dna] fire wrote 12 bytes to ecology
[dna] fire wrote 124 bytes to ecology
[dna] fire wrote 26 bytes to ecology
[dna] fire wrote 73 bytes to ecology
[dna] fire wrote 23 bytes to ecology
[dna] fire wrote 54 bytes to ecology
[dna] fire wrote 25 bytes to ecology
[dna] fire wrote 52 bytes to ecology
[dna] fire wrote 39 bytes to ecology
[dna] fire wrote 57 bytes to ecology
[dna] fire wrote 18 bytes to ecology
[dna] fire wrote 19 bytes to ecology
[dna] fire wrote 69 bytes to ecology
[dna] fire wrote 31 bytes to ecology
[dna] fire wrote 76 bytes to ecology
[debug-onto] tick=600 corpus=136839 stage=2 freeze=0
[dna] fire wrote 220 bytes to ecology
[dna] fire wrote 195 bytes to ecology
[dna] fire wrote 27 bytes to ecology
[dna] fire wrote 92 bytes to ecology
[dna] fire wrote 77 bytes to ecology
[dna] fire wrote 183 bytes to ecology
[dna] fire wrote 76 bytes to ecology
[dna] fire wrote 114 bytes to ecology
[dna] fire wrote 30 bytes to ecology
[dna] fire wrote 31 bytes to ecology
[dna] fire wrote 21 bytes to ecology
[dna] fire wrote 62 bytes to ecology
[dna] fire wrote 32 bytes to ecology
[dna] fire wrote 60 bytes to ecology
[dna] fire wrote 17 bytes to ecology
[dna] fire wrote 29 bytes to ecology
[dna] fire wrote 43 bytes to ecology
[debug-onto] tick=650 corpus=136839 stage=2 freeze=0
[dna] fire wrote 48 bytes to ecology
[dna] fire wrote 60 bytes to ecology
[dna] fire wrote 17 bytes to ecology
[dna] fire wrote 38 bytes to ecology
[dna] fire wrote 26 bytes to ecology
[dna] fire wrote 41 bytes to ecology
[dna] fire wrote 80 bytes to ecology
[dna] fire wrote 25 bytes to ecology
[dna] fire wrote 29 bytes to ecology
[dna] fire wrote 47 bytes to ecology
[dna] fire wrote 43 bytes to ecology
[dna] fire wrote 77 bytes to ecology
[dna] fire wrote 29 bytes to ecology

[evolution] Organism shutting down gracefully.
