[ecology] Element: water → corpus: nonames_water.txt
[evolution] Autonomous evolution mode — organism will grow through all stages without pause.
[ecology] Joined swarm. 1 peer(s) detected.
molequla is alive. [evolution] Autonomous mode — background trainer running. Ctrl+C to stop.
[dna] water wrote 137 bytes to ecology
[dna] water consumed 17915 bytes from 240 files: [air/gen_1775802483_1.txt air/gen_1775802497_4.txt air/gen_1775802504_7.txt air/gen_1775802512_10.txt air/gen_1775802519_13.txt air/gen_1775802527_16.txt air/gen_1775802534_19.txt air/gen_1775802541_22.txt air/gen_1775802549_25.txt air/gen_1775802556_28.txt air/gen_1775802564_31.txt air/gen_1775802571_34.txt air/gen_1775802579_37.txt air/gen_1775802586_40.txt air/gen_1775802593_43.txt air/gen_1775802601_46.txt air/gen_1775802608_49.txt air/gen_1775802616_52.txt air/gen_1775802623_55.txt air/gen_1775802630_58.txt air/gen_1775802638_61.txt air/gen_1775802645_64.txt air/gen_1775802653_67.txt air/gen_1775802660_70.txt air/gen_1775802668_73.txt air/gen_1775802675_76.txt air/gen_1775802683_79.txt air/gen_1775802691_82.txt air/gen_1775802699_85.txt air/gen_1775802706_88.txt air/gen_1775802714_91.txt air/gen_1775802722_94.txt air/gen_1775802730_97.txt air/gen_1775802738_100.txt air/gen_1775802746_103.txt air/gen_1775802753_106.txt air/gen_1775802761_109.txt air/gen_1775802768_112.txt air/gen_1775802776_115.txt air/gen_1775802784_118.txt air/gen_1775802791_121.txt air/gen_1775802799_124.txt air/gen_1775802807_127.txt air/gen_1775802814_130.txt air/gen_1775802822_133.txt air/gen_1775802830_136.txt air/gen_1775802837_139.txt air/gen_1775802845_142.txt air/gen_1775802853_145.txt air/gen_1775802860_148.txt air/gen_1775802868_151.txt air/gen_1775802876_154.txt air/gen_1775802883_157.txt air/gen_1775802891_160.txt air/gen_1775802898_163.txt air/gen_1775802906_166.txt air/gen_1775802913_169.txt air/gen_1775802921_172.txt air/gen_1775802928_175.txt air/gen_1775802936_178.txt air/gen_1775802944_181.txt air/gen_1775802952_184.txt air/gen_1775802959_187.txt air/gen_1775802967_190.txt air/gen_1775802974_193.txt air/gen_1775802982_196.txt air/gen_1775802989_199.txt air/gen_1775802997_202.txt air/gen_1775803004_205.txt air/gen_1775803012_208.txt air/gen_1775803019_211.txt air/gen_1775803027_214.txt air/gen_1775803034_217.txt air/gen_1775803042_220.txt air/gen_1775803049_223.txt air/gen_1775803057_226.txt air/gen_1775803064_229.txt air/gen_1775803072_232.txt air/gen_1775803079_235.txt air/gen_1775803087_238.txt air/gen_1775803094_241.txt air/gen_1775803102_244.txt air/gen_1775803109_247.txt air/gen_1775803117_250.txt air/gen_1775803124_253.txt air/gen_1775803131_256.txt air/gen_1775803139_259.txt air/gen_1775803146_262.txt air/gen_1775803154_265.txt air/gen_1775803161_268.txt air/gen_1775803169_271.txt air/gen_1775803176_274.txt air/gen_1775803184_277.txt air/gen_1775803191_280.txt air/gen_1775803198_283.txt air/gen_1775803206_286.txt air/gen_1775803213_289.txt air/gen_1775803221_292.txt air/gen_1775803228_295.txt air/gen_1775803235_298.txt air/gen_1775803243_301.txt air/gen_1775803250_304.txt air/gen_1775803258_307.txt air/gen_1775803265_310.txt air/gen_1775803272_313.txt air/gen_1775803280_316.txt air/gen_1775803287_319.txt air/gen_1775803295_322.txt air/gen_1775803302_325.txt air/gen_1775803309_328.txt air/gen_1775803317_331.txt air/gen_1775803324_334.txt air/gen_1775803332_337.txt air/gen_1775803339_340.txt air/gen_1775803346_343.txt air/gen_1775803354_346.txt air/gen_1775803361_349.txt air/gen_1775803369_352.txt air/gen_1775803376_355.txt air/gen_1775803383_358.txt air/gen_1775803391_361.txt air/gen_1775803398_364.txt air/gen_1775803406_367.txt air/gen_1775803413_370.txt air/gen_1775803420_373.txt air/gen_1775803428_376.txt air/gen_1775803435_379.txt air/gen_1775803443_382.txt air/gen_1775803450_385.txt air/gen_1775803457_388.txt air/gen_1775803465_391.txt air/gen_1775803472_394.txt air/gen_1775803479_397.txt air/gen_1775803487_400.txt air/gen_1775803494_403.txt air/gen_1775803502_406.txt air/gen_1775803509_409.txt air/gen_1775803516_412.txt air/gen_1775803524_415.txt air/gen_1775803531_418.txt air/gen_1775803539_421.txt air/gen_1775803546_424.txt air/gen_1775803553_427.txt air/gen_1775803561_430.txt air/gen_1775803568_433.txt air/gen_1775803576_436.txt air/gen_1775803583_439.txt air/gen_1775803590_442.txt air/gen_1775803598_445.txt air/gen_1775803605_448.txt air/gen_1775803613_451.txt air/gen_1775803620_454.txt air/gen_1775803627_457.txt air/gen_1775803635_460.txt air/gen_1775803642_463.txt air/gen_1775803650_466.txt air/gen_1775803657_469.txt air/gen_1775803664_472.txt air/gen_1775803672_475.txt air/gen_1775803679_478.txt air/gen_1775803687_481.txt air/gen_1775803694_484.txt air/gen_1775803701_487.txt air/gen_1775803709_490.txt air/gen_1775803716_493.txt air/gen_1775803724_496.txt air/gen_1775803731_499.txt air/gen_1775803738_502.txt air/gen_1775803746_505.txt air/gen_1775803753_508.txt air/gen_1775803761_511.txt air/gen_1775803768_514.txt air/gen_1775803776_517.txt air/gen_1775803783_520.txt air/gen_1775803790_523.txt air/gen_1775803798_526.txt air/gen_1775803805_529.txt air/gen_1775803812_532.txt air/gen_1775803820_535.txt air/gen_1775803827_538.txt air/gen_1775803835_541.txt air/gen_1775803842_544.txt air/gen_1775803850_547.txt air/gen_1775803857_550.txt air/gen_1775803864_553.txt air/gen_1775803872_556.txt air/gen_1775803879_559.txt air/gen_1775803887_562.txt air/gen_1775803894_565.txt air/gen_1775803901_568.txt air/gen_1775803909_571.txt air/gen_1775803916_574.txt air/gen_1775803924_577.txt air/gen_1775803931_580.txt air/gen_1775803938_583.txt air/gen_1775803946_586.txt air/gen_1775803953_589.txt air/gen_1775803960_592.txt air/gen_1775803968_595.txt air/gen_1775803975_598.txt air/gen_1775803983_601.txt air/gen_1775803990_604.txt air/gen_1775803997_607.txt air/gen_1775804005_610.txt air/gen_1775804012_613.txt air/gen_1775804020_616.txt air/gen_1775804027_619.txt air/gen_1775804035_622.txt air/gen_1775804042_625.txt air/gen_1775804049_628.txt air/gen_1775804057_631.txt air/gen_1775804064_634.txt air/gen_1775804072_637.txt air/gen_1775804079_640.txt air/gen_1775804087_643.txt air/gen_1775804094_646.txt air/gen_1775804102_649.txt air/gen_1775804109_652.txt air/gen_1775804117_655.txt air/gen_1775804124_658.txt air/gen_1775804132_661.txt air/gen_1775804139_664.txt air/gen_1775804147_667.txt air/gen_1775804154_670.txt air/gen_1775804162_673.txt air/gen_1775804169_676.txt air/gen_1775804176_679.txt air/gen_1775804184_682.txt air/gen_1775804191_685.txt air/gen_1775804199_688.txt air/gen_1775804206_691.txt air/gen_1775804213_694.txt air/gen_1775804221_697.txt air/gen_1775804228_700.txt air/gen_1775804236_703.txt air/gen_1775804243_706.txt air/gen_1775804250_709.txt air/gen_1775804258_712.txt air/gen_1775804265_715.txt air/gen_1775804273_718.txt]
[trainer] micro-train burst (17915 bytes, novelty 0.03) — and lo, it feeds again.
[syntropy] action=explore | trend=0.0000 | field_dev=-0.086 | purpose_align=-0.224 | lr_mul=1.30
[aml] burst complete: 32 steps, avg loss 1.4306 (memory freed)
[dna] water wrote 61 bytes to ecology
[dna] water wrote 87 bytes to ecology
[dna] water wrote 10 bytes to ecology
[dna] water wrote 204 bytes to ecology
[dna] water wrote 50 bytes to ecology
[dna] water wrote 38 bytes to ecology
[dna] water wrote 57 bytes to ecology
[dna] water wrote 66 bytes to ecology
[dna] water wrote 41 bytes to ecology
[dna] water wrote 9 bytes to ecology
[dna] water wrote 66 bytes to ecology
[dna] water wrote 39 bytes to ecology
[dna] water wrote 130 bytes to ecology
[dna] water wrote 37 bytes to ecology
[dna] water wrote 33 bytes to ecology
[dna] water wrote 38 bytes to ecology
[debug-onto] tick=50 corpus=143852 stage=2 freeze=0
[dna] water wrote 42 bytes to ecology
[dna] water wrote 62 bytes to ecology
[dna] water wrote 83 bytes to ecology
[dna] water wrote 110 bytes to ecology
[dna] water wrote 93 bytes to ecology
[dna] water wrote 84 bytes to ecology
[dna] water wrote 13 bytes to ecology
[dna] water wrote 43 bytes to ecology
[dna] water wrote 129 bytes to ecology
[dna] water wrote 53 bytes to ecology
[dna] water wrote 52 bytes to ecology
[dna] water wrote 77 bytes to ecology
[dna] water wrote 35 bytes to ecology
[dna] water wrote 10 bytes to ecology
[dna] water wrote 56 bytes to ecology
[dna] water wrote 152 bytes to ecology
[dna] water wrote 83 bytes to ecology
[debug-onto] tick=100 corpus=143852 stage=2 freeze=0
[dna] water wrote 44 bytes to ecology
[dna] water wrote 60 bytes to ecology
[dna] water wrote 70 bytes to ecology
[dna] water wrote 58 bytes to ecology
[dna] water wrote 41 bytes to ecology
[dna] water wrote 66 bytes to ecology
[dna] water wrote 144 bytes to ecology
[dna] water wrote 115 bytes to ecology
[dna] water wrote 32 bytes to ecology
[dna] water wrote 78 bytes to ecology
[dna] water wrote 64 bytes to ecology
[dna] water wrote 37 bytes to ecology
[dna] water wrote 62 bytes to ecology
[dna] water wrote 7 bytes to ecology
[dna] water wrote 60 bytes to ecology
[dna] water wrote 144 bytes to ecology
[debug-onto] tick=150 corpus=143852 stage=2 freeze=0
[dna] water wrote 33 bytes to ecology
[dna] water wrote 22 bytes to ecology
[dna] water wrote 76 bytes to ecology
[dna] water wrote 61 bytes to ecology
[dna] water wrote 85 bytes to ecology
[dna] water wrote 137 bytes to ecology
[dna] water wrote 14 bytes to ecology
[dna] water wrote 59 bytes to ecology
[dna] water wrote 39 bytes to ecology
[dna] water wrote 40 bytes to ecology
[dna] water wrote 52 bytes to ecology
[dna] water wrote 53 bytes to ecology
[dna] water wrote 132 bytes to ecology
[dna] water wrote 24 bytes to ecology
[dna] water wrote 41 bytes to ecology
[dna] water wrote 77 bytes to ecology
[dna] water wrote 63 bytes to ecology
[debug-onto] tick=200 corpus=143852 stage=2 freeze=0
[dna] water wrote 40 bytes to ecology
[dna] water wrote 80 bytes to ecology
[dna] water wrote 39 bytes to ecology
[dna] water wrote 62 bytes to ecology
[dna] water wrote 57 bytes to ecology
[dna] water wrote 85 bytes to ecology
[dna] water wrote 22 bytes to ecology
[dna] water wrote 45 bytes to ecology
[dna] water wrote 26 bytes to ecology
[dna] water wrote 45 bytes to ecology
[dna] water wrote 98 bytes to ecology
[dna] water wrote 78 bytes to ecology
[dna] water wrote 44 bytes to ecology
[dna] water wrote 87 bytes to ecology
[dna] water wrote 107 bytes to ecology
[dna] water wrote 76 bytes to ecology
[dna] water wrote 59 bytes to ecology
[debug-onto] tick=250 corpus=143852 stage=2 freeze=0
[dna] water wrote 28 bytes to ecology
[dna] water wrote 28 bytes to ecology
[dna] water wrote 56 bytes to ecology
[dna] water wrote 114 bytes to ecology
[dna] water wrote 56 bytes to ecology
[dna] water wrote 97 bytes to ecology
[dna] water wrote 77 bytes to ecology
[dna] water wrote 48 bytes to ecology
[dna] water wrote 34 bytes to ecology
[dna] water wrote 67 bytes to ecology
[dna] water wrote 74 bytes to ecology
[dna] water wrote 46 bytes to ecology
[dna] water wrote 79 bytes to ecology
[dna] water wrote 26 bytes to ecology
[dna] water wrote 81 bytes to ecology
[dna] water wrote 93 bytes to ecology
[debug-onto] tick=300 corpus=143852 stage=2 freeze=0
[dna] water wrote 54 bytes to ecology
[dna] water wrote 66 bytes to ecology
[dna] water wrote 30 bytes to ecology
[dna] water wrote 71 bytes to ecology
[dna] water wrote 26 bytes to ecology
[dna] water wrote 200 bytes to ecology
[dna] water wrote 122 bytes to ecology
[dna] water wrote 118 bytes to ecology
[dna] water wrote 29 bytes to ecology
[dna] water wrote 48 bytes to ecology
[dna] water wrote 170 bytes to ecology
[dna] water wrote 113 bytes to ecology
[dna] water wrote 35 bytes to ecology
[dna] water wrote 95 bytes to ecology
[dna] water wrote 52 bytes to ecology
[dna] water wrote 187 bytes to ecology
[dna] water wrote 70 bytes to ecology
[debug-onto] tick=350 corpus=143852 stage=2 freeze=0
[dna] water wrote 148 bytes to ecology
[dna] water wrote 10 bytes to ecology
[dna] water wrote 124 bytes to ecology
[dna] water wrote 10 bytes to ecology
[dna] water wrote 78 bytes to ecology
[dna] water wrote 28 bytes to ecology
[dna] water wrote 119 bytes to ecology
[dna] water wrote 79 bytes to ecology
[dna] water wrote 102 bytes to ecology
[dna] water wrote 75 bytes to ecology
[dna] water wrote 34 bytes to ecology
[dna] water wrote 34 bytes to ecology
[dna] water wrote 73 bytes to ecology
[dna] water wrote 70 bytes to ecology
[dna] water wrote 31 bytes to ecology
[dna] water wrote 20 bytes to ecology
[dna] water wrote 134 bytes to ecology
[debug-onto] tick=400 corpus=143852 stage=2 freeze=0
[dna] water wrote 77 bytes to ecology
[dna] water wrote 62 bytes to ecology
[dna] water wrote 118 bytes to ecology
[dna] water wrote 16 bytes to ecology
[dna] water wrote 91 bytes to ecology
[dna] water wrote 63 bytes to ecology
[dna] water wrote 38 bytes to ecology
[dna] water wrote 11 bytes to ecology
[dna] water wrote 51 bytes to ecology
[dna] water wrote 36 bytes to ecology
[dna] water wrote 45 bytes to ecology
[dna] water wrote 55 bytes to ecology
[dna] water wrote 103 bytes to ecology
[dna] water wrote 80 bytes to ecology
[dna] water wrote 154 bytes to ecology
[dna] water wrote 37 bytes to ecology
[debug-onto] tick=450 corpus=143852 stage=2 freeze=0
[dna] water wrote 80 bytes to ecology
[dna] water wrote 48 bytes to ecology
[dna] water wrote 47 bytes to ecology
[dna] water wrote 68 bytes to ecology
[dna] water wrote 107 bytes to ecology
[dna] water wrote 61 bytes to ecology
[dna] water wrote 49 bytes to ecology
[dna] water wrote 68 bytes to ecology
[dna] water wrote 88 bytes to ecology
[dna] water wrote 54 bytes to ecology
[dna] water wrote 107 bytes to ecology
[dna] water wrote 120 bytes to ecology
[dna] water wrote 45 bytes to ecology
[dna] water wrote 54 bytes to ecology
[dna] water wrote 108 bytes to ecology
[dna] water wrote 20 bytes to ecology
[dna] water wrote 201 bytes to ecology
[debug-onto] tick=500 corpus=143852 stage=2 freeze=0
[dna] water wrote 46 bytes to ecology
[dna] water wrote 44 bytes to ecology
[dna] water wrote 155 bytes to ecology
[dna] water wrote 86 bytes to ecology
[dna] water wrote 28 bytes to ecology
[dna] water wrote 29 bytes to ecology
[dna] water wrote 31 bytes to ecology
[dna] water wrote 85 bytes to ecology
[dna] water wrote 36 bytes to ecology
[dna] water wrote 50 bytes to ecology
[dna] water wrote 78 bytes to ecology
[dna] water wrote 71 bytes to ecology
[dna] water wrote 76 bytes to ecology
[dna] water wrote 158 bytes to ecology
[dna] water wrote 34 bytes to ecology
[dna] water wrote 38 bytes to ecology
[dna] water wrote 36 bytes to ecology
[debug-onto] tick=550 corpus=143852 stage=2 freeze=0
[dna] water wrote 37 bytes to ecology
[dna] water wrote 86 bytes to ecology
[dna] water wrote 67 bytes to ecology
[dna] water wrote 28 bytes to ecology
[dna] water wrote 81 bytes to ecology
[dna] water wrote 87 bytes to ecology
[dna] water wrote 35 bytes to ecology
[dna] water wrote 82 bytes to ecology
[dna] water wrote 78 bytes to ecology
[dna] water wrote 41 bytes to ecology
[dna] water wrote 155 bytes to ecology
[dna] water wrote 53 bytes to ecology
[dna] water wrote 94 bytes to ecology
[dna] water wrote 108 bytes to ecology
[dna] water wrote 42 bytes to ecology
[dna] water wrote 35 bytes to ecology
[debug-onto] tick=600 corpus=143852 stage=2 freeze=0
[dna] water wrote 43 bytes to ecology
[dna] water wrote 62 bytes to ecology
[dna] water wrote 27 bytes to ecology
[dna] water wrote 60 bytes to ecology
[dna] water wrote 126 bytes to ecology
[dna] water wrote 66 bytes to ecology
[dna] water wrote 61 bytes to ecology
[dna] water wrote 19 bytes to ecology
[dna] water wrote 86 bytes to ecology
[dna] water wrote 116 bytes to ecology
[dna] water wrote 139 bytes to ecology
[dna] water wrote 30 bytes to ecology
[dna] water wrote 22 bytes to ecology
[dna] water wrote 79 bytes to ecology
[dna] water wrote 52 bytes to ecology
[dna] water wrote 22 bytes to ecology
[dna] water wrote 38 bytes to ecology
[debug-onto] tick=650 corpus=143852 stage=2 freeze=0
[dna] water wrote 42 bytes to ecology

[evolution] Organism shutting down gracefully.
