[ecology] Element: air → corpus: nonames_air.txt
[evolution] Autonomous evolution mode — organism will grow through all stages without pause.
[ecology] Joined swarm. 1 peer(s) detected.
molequla is alive. [evolution] Autonomous mode — background trainer running. Ctrl+C to stop.
[dna] air wrote 27 bytes to ecology
[dna] air consumed 18313 bytes from 225 files: [earth/gen_1777702088_1.txt earth/gen_1777702096_4.txt earth/gen_1777702104_7.txt earth/gen_1777702112_10.txt earth/gen_1777702119_13.txt earth/gen_1777702127_16.txt earth/gen_1777702135_19.txt earth/gen_1777702143_22.txt earth/gen_1777702150_25.txt earth/gen_1777702158_28.txt earth/gen_1777702166_31.txt earth/gen_1777702174_34.txt earth/gen_1777702181_37.txt earth/gen_1777702189_40.txt earth/gen_1777702197_43.txt earth/gen_1777702205_46.txt earth/gen_1777702213_49.txt earth/gen_1777702221_52.txt earth/gen_1777702229_55.txt earth/gen_1777702236_58.txt earth/gen_1777702245_61.txt earth/gen_1777702252_64.txt earth/gen_1777702260_67.txt earth/gen_1777702268_70.txt earth/gen_1777702276_73.txt earth/gen_1777702284_76.txt earth/gen_1777702292_79.txt earth/gen_1777702300_82.txt earth/gen_1777702307_85.txt earth/gen_1777702315_88.txt earth/gen_1777702322_91.txt earth/gen_1777702330_94.txt earth/gen_1777702338_97.txt earth/gen_1777702345_100.txt earth/gen_1777702353_103.txt earth/gen_1777702361_106.txt earth/gen_1777702369_109.txt earth/gen_1777702377_112.txt earth/gen_1777702384_115.txt earth/gen_1777702392_118.txt earth/gen_1777702400_121.txt earth/gen_1777702407_124.txt earth/gen_1777702415_127.txt earth/gen_1777702423_130.txt earth/gen_1777702431_133.txt earth/gen_1777702438_136.txt earth/gen_1777702446_139.txt earth/gen_1777702454_142.txt earth/gen_1777702461_145.txt earth/gen_1777702469_148.txt earth/gen_1777702476_151.txt earth/gen_1777702484_154.txt earth/gen_1777702492_157.txt earth/gen_1777702499_160.txt earth/gen_1777702507_163.txt earth/gen_1777702515_166.txt earth/gen_1777702522_169.txt earth/gen_1777702530_172.txt earth/gen_1777702538_175.txt earth/gen_1777702546_178.txt earth/gen_1777702553_181.txt earth/gen_1777702561_184.txt earth/gen_1777702569_187.txt earth/gen_1777702576_190.txt earth/gen_1777702584_193.txt earth/gen_1777702592_196.txt earth/gen_1777702600_199.txt earth/gen_1777702607_202.txt earth/gen_1777702615_205.txt earth/gen_1777702623_208.txt earth/gen_1777702630_211.txt earth/gen_1777702638_214.txt earth/gen_1777702645_217.txt earth/gen_1777702653_220.txt earth/gen_1777702661_223.txt earth/gen_1777702669_226.txt earth/gen_1777702676_229.txt earth/gen_1777702684_232.txt earth/gen_1777702692_235.txt earth/gen_1777702700_238.txt earth/gen_1777702708_241.txt earth/gen_1777702724_247.txt earth/gen_1777702732_250.txt earth/gen_1777702740_253.txt earth/gen_1777702748_256.txt earth/gen_1777702756_259.txt earth/gen_1777702763_262.txt earth/gen_1777702771_265.txt earth/gen_1777702779_268.txt earth/gen_1777702787_271.txt earth/gen_1777702795_274.txt earth/gen_1777702803_277.txt earth/gen_1777702811_280.txt earth/gen_1777702819_283.txt earth/gen_1777702827_286.txt earth/gen_1777702835_289.txt earth/gen_1777702843_292.txt earth/gen_1777702851_295.txt earth/gen_1777702859_298.txt earth/gen_1777702867_301.txt earth/gen_1777702882_307.txt earth/gen_1777702890_310.txt earth/gen_1777702898_313.txt earth/gen_1777702906_316.txt earth/gen_1777702914_319.txt earth/gen_1777702922_322.txt earth/gen_1777702930_325.txt earth/gen_1777702938_328.txt earth/gen_1777702946_331.txt earth/gen_1777702954_334.txt earth/gen_1777702962_337.txt earth/gen_1777702970_340.txt earth/gen_1777702978_343.txt earth/gen_1777702986_346.txt earth/gen_1777702994_349.txt earth/gen_1777703002_352.txt earth/gen_1777703010_355.txt earth/gen_1777703018_358.txt earth/gen_1777703025_361.txt earth/gen_1777703033_364.txt earth/gen_1777703041_367.txt earth/gen_1777703049_370.txt earth/gen_1777703057_373.txt earth/gen_1777703065_376.txt earth/gen_1777703073_379.txt earth/gen_1777703081_382.txt earth/gen_1777703089_385.txt earth/gen_1777703097_388.txt earth/gen_1777703105_391.txt earth/gen_1777703113_394.txt earth/gen_1777703121_397.txt earth/gen_1777703129_400.txt earth/gen_1777703137_403.txt earth/gen_1777703145_406.txt earth/gen_1777703153_409.txt earth/gen_1777703160_412.txt earth/gen_1777703168_415.txt earth/gen_1777703176_418.txt earth/gen_1777703184_421.txt earth/gen_1777703192_424.txt earth/gen_1777703201_427.txt earth/gen_1777703209_430.txt earth/gen_1777703217_433.txt earth/gen_1777703224_436.txt earth/gen_1777703232_439.txt earth/gen_1777703240_442.txt earth/gen_1777703248_445.txt earth/gen_1777703256_448.txt earth/gen_1777703263_451.txt earth/gen_1777703271_454.txt earth/gen_1777703279_457.txt earth/gen_1777703287_460.txt earth/gen_1777703294_463.txt earth/gen_1777703302_466.txt earth/gen_1777703310_469.txt earth/gen_1777703317_472.txt earth/gen_1777703325_475.txt earth/gen_1777703333_478.txt earth/gen_1777703340_481.txt earth/gen_1777703348_484.txt earth/gen_1777703355_487.txt earth/gen_1777703363_490.txt earth/gen_1777703371_493.txt earth/gen_1777703378_496.txt earth/gen_1777703386_499.txt earth/gen_1777703394_502.txt earth/gen_1777703401_505.txt earth/gen_1777703409_508.txt earth/gen_1777703417_511.txt earth/gen_1777703424_514.txt earth/gen_1777703432_517.txt earth/gen_1777703440_520.txt earth/gen_1777703448_523.txt earth/gen_1777703456_526.txt earth/gen_1777703464_529.txt earth/gen_1777703472_532.txt earth/gen_1777703479_535.txt earth/gen_1777703487_538.txt earth/gen_1777703495_541.txt earth/gen_1777703503_544.txt earth/gen_1777703510_547.txt earth/gen_1777703518_550.txt earth/gen_1777703526_553.txt earth/gen_1777703533_556.txt earth/gen_1777703541_559.txt earth/gen_1777703549_562.txt earth/gen_1777703557_565.txt earth/gen_1777703564_568.txt earth/gen_1777703572_571.txt earth/gen_1777703580_574.txt earth/gen_1777703587_577.txt earth/gen_1777703595_580.txt earth/gen_1777703603_583.txt earth/gen_1777703611_586.txt earth/gen_1777703618_589.txt earth/gen_1777703626_592.txt earth/gen_1777703634_595.txt earth/gen_1777703641_598.txt earth/gen_1777703649_601.txt earth/gen_1777703657_604.txt earth/gen_1777703664_607.txt earth/gen_1777703672_610.txt earth/gen_1777703680_613.txt earth/gen_1777703687_616.txt earth/gen_1777703695_619.txt earth/gen_1777703703_622.txt earth/gen_1777703710_625.txt earth/gen_1777703718_628.txt earth/gen_1777703726_631.txt earth/gen_1777703733_634.txt earth/gen_1777703741_637.txt earth/gen_1777703749_640.txt earth/gen_1777703757_643.txt earth/gen_1777703765_646.txt earth/gen_1777703773_649.txt earth/gen_1777703781_652.txt earth/gen_1777703788_655.txt earth/gen_1777703796_658.txt earth/gen_1777703804_661.txt earth/gen_1777703812_664.txt earth/gen_1777703820_667.txt earth/gen_1777703827_670.txt earth/gen_1777703835_673.txt earth/gen_1777703843_676.txt earth/gen_1777703851_679.txt]
[trainer] micro-train burst (18313 bytes, novelty 0.04) — and lo, it feeds again.
[syntropy] action=explore | trend=0.0000 | field_dev=0.024 | purpose_align=0.112 | lr_mul=1.30
[aml] burst complete: 32 steps, avg loss 2.1821 (memory freed)
[dna] air wrote 36 bytes to ecology
[dna] air wrote 133 bytes to ecology
[dna] air wrote 125 bytes to ecology
[dna] air wrote 38 bytes to ecology
[dna] air wrote 86 bytes to ecology
[dna] air wrote 45 bytes to ecology
[dna] air wrote 66 bytes to ecology
[dna] air wrote 46 bytes to ecology
[dna] air wrote 57 bytes to ecology
[dna] air wrote 90 bytes to ecology
[dna] air wrote 38 bytes to ecology
[dna] air wrote 234 bytes to ecology
[dna] air wrote 142 bytes to ecology
[dna] air wrote 99 bytes to ecology
[dna] air wrote 52 bytes to ecology
[dna] air wrote 52 bytes to ecology
[debug-onto] tick=50 corpus=140854 stage=2 freeze=0
[dna] air wrote 98 bytes to ecology
[dna] air wrote 73 bytes to ecology
[dna] air wrote 13 bytes to ecology
[dna] air wrote 46 bytes to ecology
[dna] air wrote 21 bytes to ecology
[dna] air wrote 64 bytes to ecology
[dna] air wrote 65 bytes to ecology
[dna] air wrote 103 bytes to ecology
[dna] air wrote 91 bytes to ecology
[dna] air wrote 32 bytes to ecology
[dna] air wrote 106 bytes to ecology
[dna] air wrote 75 bytes to ecology
[dna] air wrote 82 bytes to ecology
[dna] air wrote 26 bytes to ecology
[dna] air wrote 58 bytes to ecology
[dna] air wrote 31 bytes to ecology
[dna] air wrote 37 bytes to ecology
[debug-onto] tick=100 corpus=140854 stage=2 freeze=0
[dna] air wrote 57 bytes to ecology
[dna] air wrote 69 bytes to ecology
[dna] air wrote 70 bytes to ecology
[dna] air wrote 41 bytes to ecology
[dna] air wrote 111 bytes to ecology
[dna] air wrote 47 bytes to ecology
[dna] air wrote 87 bytes to ecology
[dna] air wrote 64 bytes to ecology
[dna] air wrote 56 bytes to ecology
[dna] air wrote 151 bytes to ecology
[dna] air wrote 38 bytes to ecology
[dna] air wrote 18 bytes to ecology
[dna] air wrote 202 bytes to ecology
[dna] air wrote 37 bytes to ecology
[dna] air wrote 29 bytes to ecology
[dna] air wrote 52 bytes to ecology
[debug-onto] tick=150 corpus=140854 stage=2 freeze=0
[dna] air wrote 109 bytes to ecology
[dna] air wrote 146 bytes to ecology
[dna] air wrote 65 bytes to ecology
[dna] air wrote 83 bytes to ecology
[dna] air wrote 37 bytes to ecology
[dna] air wrote 135 bytes to ecology
[dna] air wrote 128 bytes to ecology
[dna] air wrote 21 bytes to ecology
[dna] air wrote 87 bytes to ecology
[dna] air wrote 119 bytes to ecology
[dna] air wrote 197 bytes to ecology
[dna] air wrote 157 bytes to ecology
[dna] air wrote 10 bytes to ecology
[dna] air wrote 77 bytes to ecology
[dna] air wrote 88 bytes to ecology
[dna] air wrote 63 bytes to ecology
[dna] air wrote 150 bytes to ecology
[debug-onto] tick=200 corpus=140854 stage=2 freeze=0
[dna] air wrote 26 bytes to ecology
[dna] air wrote 201 bytes to ecology
[dna] air wrote 40 bytes to ecology
[dna] air wrote 25 bytes to ecology
[dna] air wrote 41 bytes to ecology
[dna] air wrote 23 bytes to ecology
[dna] air wrote 100 bytes to ecology
[dna] air wrote 42 bytes to ecology
[dna] air wrote 106 bytes to ecology
[dna] air wrote 147 bytes to ecology
[dna] air wrote 86 bytes to ecology
[dna] air wrote 42 bytes to ecology
[dna] air wrote 91 bytes to ecology
[dna] air wrote 81 bytes to ecology
[dna] air wrote 42 bytes to ecology
[dna] air wrote 233 bytes to ecology
[dna] air wrote 34 bytes to ecology
[debug-onto] tick=250 corpus=140854 stage=2 freeze=0
[dna] air wrote 51 bytes to ecology
[dna] air wrote 36 bytes to ecology
[dna] air wrote 34 bytes to ecology
[dna] air wrote 16 bytes to ecology
[dna] air wrote 67 bytes to ecology
[dna] air wrote 95 bytes to ecology
[dna] air wrote 109 bytes to ecology
[dna] air wrote 57 bytes to ecology
[dna] air wrote 55 bytes to ecology
[dna] air wrote 50 bytes to ecology
[dna] air wrote 21 bytes to ecology
[dna] air wrote 164 bytes to ecology
[dna] air wrote 159 bytes to ecology
[dna] air wrote 41 bytes to ecology
[dna] air wrote 92 bytes to ecology
[dna] air wrote 36 bytes to ecology
[debug-onto] tick=300 corpus=140854 stage=2 freeze=0
[dna] air wrote 46 bytes to ecology
[dna] air wrote 110 bytes to ecology
[dna] air wrote 13 bytes to ecology
[dna] air wrote 66 bytes to ecology
[dna] air wrote 76 bytes to ecology
[dna] air wrote 111 bytes to ecology
[dna] air wrote 117 bytes to ecology
[dna] air wrote 45 bytes to ecology
[dna] air wrote 131 bytes to ecology
[dna] air wrote 126 bytes to ecology
[dna] air wrote 69 bytes to ecology
[dna] air wrote 45 bytes to ecology
[dna] air wrote 20 bytes to ecology
[dna] air wrote 171 bytes to ecology
[dna] air wrote 144 bytes to ecology
[dna] air wrote 153 bytes to ecology
[dna] air wrote 126 bytes to ecology
[debug-onto] tick=350 corpus=140854 stage=2 freeze=0
[dna] air wrote 202 bytes to ecology
[dna] air wrote 20 bytes to ecology
[dna] air wrote 65 bytes to ecology
[dna] air wrote 109 bytes to ecology
[dna] air wrote 286 bytes to ecology
[dna] air wrote 40 bytes to ecology
[dna] air wrote 86 bytes to ecology
[dna] air wrote 165 bytes to ecology
[dna] air wrote 67 bytes to ecology
[dna] air wrote 135 bytes to ecology
[dna] air wrote 80 bytes to ecology
[dna] air wrote 270 bytes to ecology
[dna] air wrote 11 bytes to ecology
[dna] air wrote 23 bytes to ecology
[dna] air wrote 171 bytes to ecology
[dna] air wrote 51 bytes to ecology
[dna] air wrote 114 bytes to ecology
[debug-onto] tick=400 corpus=140854 stage=2 freeze=0
[dna] air wrote 72 bytes to ecology
[dna] air wrote 34 bytes to ecology
[dna] air wrote 256 bytes to ecology
[dna] air wrote 70 bytes to ecology
[dna] air wrote 105 bytes to ecology
[dna] air wrote 104 bytes to ecology
[dna] air wrote 72 bytes to ecology
[dna] air wrote 29 bytes to ecology
[dna] air wrote 21 bytes to ecology
[dna] air wrote 95 bytes to ecology
[dna] air wrote 188 bytes to ecology
[dna] air wrote 74 bytes to ecology
[dna] air wrote 256 bytes to ecology
[dna] air wrote 45 bytes to ecology
[dna] air wrote 72 bytes to ecology
[dna] air wrote 24 bytes to ecology
[debug-onto] tick=450 corpus=140854 stage=2 freeze=0
[dna] air wrote 88 bytes to ecology
[dna] air wrote 21 bytes to ecology
[dna] air wrote 79 bytes to ecology
[dna] air wrote 48 bytes to ecology
[dna] air wrote 34 bytes to ecology
[dna] air wrote 27 bytes to ecology
[dna] air wrote 111 bytes to ecology
[dna] air wrote 46 bytes to ecology
[dna] air wrote 47 bytes to ecology
[dna] air wrote 28 bytes to ecology
[dna] air wrote 38 bytes to ecology
[dna] air wrote 97 bytes to ecology
[dna] air wrote 24 bytes to ecology
[dna] air wrote 123 bytes to ecology
[dna] air wrote 46 bytes to ecology
[dna] air wrote 74 bytes to ecology
[dna] air wrote 13 bytes to ecology
[debug-onto] tick=500 corpus=140854 stage=2 freeze=0
[dna] air wrote 65 bytes to ecology
[dna] air wrote 36 bytes to ecology
[dna] air wrote 24 bytes to ecology
[dna] air wrote 43 bytes to ecology
[dna] air wrote 171 bytes to ecology
[dna] air wrote 40 bytes to ecology
[dna] air wrote 87 bytes to ecology
[dna] air wrote 49 bytes to ecology
[dna] air wrote 44 bytes to ecology
[dna] air wrote 21 bytes to ecology
[dna] air wrote 117 bytes to ecology
[dna] air wrote 37 bytes to ecology
[dna] air wrote 60 bytes to ecology
[dna] air wrote 99 bytes to ecology
[dna] air wrote 43 bytes to ecology
[dna] air wrote 48 bytes to ecology
[dna] air wrote 207 bytes to ecology
[debug-onto] tick=550 corpus=140854 stage=2 freeze=0
[dna] air wrote 25 bytes to ecology
[dna] air wrote 40 bytes to ecology
[dna] air wrote 156 bytes to ecology
[dna] air wrote 43 bytes to ecology
[dna] air wrote 66 bytes to ecology
[dna] air wrote 147 bytes to ecology
[dna] air wrote 46 bytes to ecology
[dna] air wrote 172 bytes to ecology
[dna] air wrote 31 bytes to ecology
[dna] air wrote 42 bytes to ecology
[dna] air wrote 89 bytes to ecology
[dna] air wrote 26 bytes to ecology
[dna] air wrote 46 bytes to ecology
[dna] air wrote 81 bytes to ecology
[dna] air wrote 93 bytes to ecology
[dna] air wrote 36 bytes to ecology
[debug-onto] tick=600 corpus=140854 stage=2 freeze=0
[dna] air wrote 101 bytes to ecology
[dna] air wrote 55 bytes to ecology
[dna] air wrote 55 bytes to ecology
[dna] air wrote 149 bytes to ecology
[dna] air wrote 128 bytes to ecology
[dna] air wrote 188 bytes to ecology
[dna] air wrote 32 bytes to ecology
[dna] air wrote 76 bytes to ecology
[dna] air wrote 41 bytes to ecology
[dna] air wrote 179 bytes to ecology
[dna] air wrote 81 bytes to ecology
[dna] air wrote 58 bytes to ecology
[dna] air wrote 181 bytes to ecology
[dna] air wrote 26 bytes to ecology
[dna] air wrote 59 bytes to ecology
[dna] air wrote 34 bytes to ecology
[dna] air wrote 64 bytes to ecology
[debug-onto] tick=650 corpus=140854 stage=2 freeze=0
[dna] air wrote 214 bytes to ecology
[dna] air wrote 73 bytes to ecology
[dna] air wrote 74 bytes to ecology
[dna] air wrote 39 bytes to ecology
[dna] air wrote 77 bytes to ecology
[dna] air wrote 146 bytes to ecology
[dna] air wrote 30 bytes to ecology
[dna] air wrote 58 bytes to ecology
[dna] air wrote 47 bytes to ecology
[dna] air wrote 22 bytes to ecology
[dna] air wrote 69 bytes to ecology
[dna] air wrote 33 bytes to ecology
[dna] air wrote 105 bytes to ecology
[dna] air wrote 63 bytes to ecology
[dna] air wrote 32 bytes to ecology
[dna] air wrote 64 bytes to ecology

[evolution] Organism shutting down gracefully.
