[ecology] Element: fire → corpus: nonames_fire.txt
[evolution] Autonomous evolution mode — organism will grow through all stages without pause.
[ecology] Joined swarm. 1 peer(s) detected.
molequla is alive. [evolution] Autonomous mode — background trainer running. Ctrl+C to stop.
[dna] fire wrote 34 bytes to ecology
[dna] fire consumed 14644 bytes from 206 files: [water/gen_1777705662_1.txt water/gen_1777705679_4.txt water/gen_1777705688_7.txt water/gen_1777705696_10.txt water/gen_1777705705_13.txt water/gen_1777705714_16.txt water/gen_1777705722_19.txt water/gen_1777705731_22.txt water/gen_1777705740_25.txt water/gen_1777705749_28.txt water/gen_1777705757_31.txt water/gen_1777705766_34.txt water/gen_1777705775_37.txt water/gen_1777705784_40.txt water/gen_1777705793_43.txt water/gen_1777705801_46.txt water/gen_1777705810_49.txt water/gen_1777705819_52.txt water/gen_1777705827_55.txt water/gen_1777705836_58.txt water/gen_1777705845_61.txt water/gen_1777705853_64.txt water/gen_1777705862_67.txt water/gen_1777705871_70.txt water/gen_1777705879_73.txt water/gen_1777705888_76.txt water/gen_1777705897_79.txt water/gen_1777705905_82.txt water/gen_1777705914_85.txt water/gen_1777705922_88.txt water/gen_1777705931_91.txt water/gen_1777705940_94.txt water/gen_1777705948_97.txt water/gen_1777705957_100.txt water/gen_1777705966_103.txt water/gen_1777705974_106.txt water/gen_1777705983_109.txt water/gen_1777705992_112.txt water/gen_1777706000_115.txt water/gen_1777706009_118.txt water/gen_1777706017_121.txt water/gen_1777706026_124.txt water/gen_1777706035_127.txt water/gen_1777706043_130.txt water/gen_1777706052_133.txt water/gen_1777706060_136.txt water/gen_1777706069_139.txt water/gen_1777706077_142.txt water/gen_1777706086_145.txt water/gen_1777706094_148.txt water/gen_1777706103_151.txt water/gen_1777706112_154.txt water/gen_1777706120_157.txt water/gen_1777706129_160.txt water/gen_1777706137_163.txt water/gen_1777706146_166.txt water/gen_1777706154_169.txt water/gen_1777706163_172.txt water/gen_1777706171_175.txt water/gen_1777706180_178.txt water/gen_1777706188_181.txt water/gen_1777706197_184.txt water/gen_1777706206_187.txt water/gen_1777706214_190.txt water/gen_1777706223_193.txt water/gen_1777706231_196.txt water/gen_1777706240_199.txt water/gen_1777706249_202.txt water/gen_1777706257_205.txt water/gen_1777706266_208.txt water/gen_1777706274_211.txt water/gen_1777706283_214.txt water/gen_1777706291_217.txt water/gen_1777706300_220.txt water/gen_1777706309_223.txt water/gen_1777706317_226.txt water/gen_1777706326_229.txt water/gen_1777706335_232.txt water/gen_1777706343_235.txt water/gen_1777706352_238.txt water/gen_1777706360_241.txt water/gen_1777706369_244.txt water/gen_1777706377_247.txt water/gen_1777706386_250.txt water/gen_1777706394_253.txt water/gen_1777706403_256.txt water/gen_1777706412_259.txt water/gen_1777706420_262.txt water/gen_1777706429_265.txt water/gen_1777706437_268.txt water/gen_1777706446_271.txt water/gen_1777706455_274.txt water/gen_1777706464_277.txt water/gen_1777706472_280.txt water/gen_1777706481_283.txt water/gen_1777706490_286.txt water/gen_1777706499_289.txt water/gen_1777706507_292.txt water/gen_1777706516_295.txt water/gen_1777706525_298.txt water/gen_1777706533_301.txt water/gen_1777706542_304.txt water/gen_1777706551_307.txt water/gen_1777706559_310.txt water/gen_1777706568_313.txt water/gen_1777706577_316.txt water/gen_1777706585_319.txt water/gen_1777706594_322.txt water/gen_1777706602_325.txt water/gen_1777706611_328.txt water/gen_1777706619_331.txt water/gen_1777706628_334.txt water/gen_1777706636_337.txt water/gen_1777706645_340.txt water/gen_1777706654_343.txt water/gen_1777706662_346.txt water/gen_1777706671_349.txt water/gen_1777706679_352.txt water/gen_1777706688_355.txt water/gen_1777706696_358.txt water/gen_1777706705_361.txt water/gen_1777706713_364.txt water/gen_1777706721_367.txt water/gen_1777706730_370.txt water/gen_1777706738_373.txt water/gen_1777706747_376.txt water/gen_1777706755_379.txt water/gen_1777706764_382.txt water/gen_1777706772_385.txt water/gen_1777706781_388.txt water/gen_1777706789_391.txt water/gen_1777706798_394.txt water/gen_1777706806_397.txt water/gen_1777706815_400.txt water/gen_1777706823_403.txt water/gen_1777706832_406.txt water/gen_1777706841_409.txt water/gen_1777706849_412.txt water/gen_1777706858_415.txt water/gen_1777706866_418.txt water/gen_1777706875_421.txt water/gen_1777706884_424.txt water/gen_1777706892_427.txt water/gen_1777706901_430.txt water/gen_1777706909_433.txt water/gen_1777706918_436.txt water/gen_1777706926_439.txt water/gen_1777706935_442.txt water/gen_1777706943_445.txt water/gen_1777706952_448.txt water/gen_1777706960_451.txt water/gen_1777706969_454.txt water/gen_1777706978_457.txt water/gen_1777706987_460.txt water/gen_1777706995_463.txt water/gen_1777707004_466.txt water/gen_1777707013_469.txt water/gen_1777707021_472.txt water/gen_1777707030_475.txt water/gen_1777707039_478.txt water/gen_1777707047_481.txt water/gen_1777707056_484.txt water/gen_1777707065_487.txt water/gen_1777707073_490.txt water/gen_1777707082_493.txt water/gen_1777707091_496.txt water/gen_1777707100_499.txt water/gen_1777707109_502.txt water/gen_1777707117_505.txt water/gen_1777707126_508.txt water/gen_1777707135_511.txt water/gen_1777707143_514.txt water/gen_1777707152_517.txt water/gen_1777707161_520.txt water/gen_1777707169_523.txt water/gen_1777707178_526.txt water/gen_1777707187_529.txt water/gen_1777707195_532.txt water/gen_1777707204_535.txt water/gen_1777707212_538.txt water/gen_1777707221_541.txt water/gen_1777707230_544.txt water/gen_1777707239_547.txt water/gen_1777707247_550.txt water/gen_1777707256_553.txt water/gen_1777707265_556.txt water/gen_1777707274_559.txt water/gen_1777707282_562.txt water/gen_1777707291_565.txt water/gen_1777707300_568.txt water/gen_1777707309_571.txt water/gen_1777707318_574.txt water/gen_1777707326_577.txt water/gen_1777707335_580.txt water/gen_1777707344_583.txt water/gen_1777707353_586.txt water/gen_1777707362_589.txt water/gen_1777707380_595.txt water/gen_1777707388_598.txt water/gen_1777707397_601.txt water/gen_1777707406_604.txt water/gen_1777707415_607.txt water/gen_1777707424_610.txt water/gen_1777707432_613.txt water/gen_1777707441_616.txt water/gen_1777707450_619.txt]
[trainer] micro-train burst (14644 bytes, novelty 0.05) — and lo, it feeds again.
[syntropy] action=explore | trend=0.0000 | field_dev=-0.056 | purpose_align=0.107 | lr_mul=1.30
[aml] burst complete: 32 steps, avg loss 1.6763 (memory freed)
[dna] fire wrote 134 bytes to ecology
[dna] fire wrote 9 bytes to ecology
[dna] fire wrote 119 bytes to ecology
[dna] fire wrote 60 bytes to ecology
[dna] fire wrote 60 bytes to ecology
[dna] fire wrote 80 bytes to ecology
[dna] fire wrote 45 bytes to ecology
[dna] fire wrote 74 bytes to ecology
[dna] fire wrote 50 bytes to ecology
[dna] fire wrote 30 bytes to ecology
[dna] fire wrote 87 bytes to ecology
[dna] fire wrote 41 bytes to ecology
[dna] fire wrote 156 bytes to ecology
[dna] fire wrote 63 bytes to ecology
[dna] fire wrote 51 bytes to ecology
[dna] fire wrote 47 bytes to ecology
[dna] fire wrote 123 bytes to ecology
[dna] fire wrote 27 bytes to ecology
[dna] fire wrote 40 bytes to ecology
[dna] fire wrote 33 bytes to ecology
[dna] fire wrote 64 bytes to ecology
[dna] fire wrote 55 bytes to ecology
[dna] fire wrote 132 bytes to ecology
[dna] fire wrote 198 bytes to ecology
[debug-onto] tick=50 corpus=136750 stage=2 freeze=0
[dna] fire wrote 20 bytes to ecology
[dna] fire wrote 6 bytes to ecology
[dna] fire wrote 37 bytes to ecology
[dna] fire wrote 44 bytes to ecology
[dna] fire wrote 110 bytes to ecology
[dna] fire wrote 121 bytes to ecology
[dna] fire wrote 66 bytes to ecology
[dna] fire wrote 30 bytes to ecology
[dna] fire wrote 28 bytes to ecology
[dna] fire wrote 108 bytes to ecology
[dna] fire wrote 149 bytes to ecology
[dna] fire wrote 27 bytes to ecology
[dna] fire wrote 58 bytes to ecology
[dna] fire wrote 72 bytes to ecology
[dna] fire wrote 88 bytes to ecology
[dna] fire wrote 81 bytes to ecology
[dna] fire wrote 109 bytes to ecology
[dna] fire wrote 34 bytes to ecology
[dna] fire wrote 32 bytes to ecology
[dna] fire wrote 41 bytes to ecology
[dna] fire wrote 44 bytes to ecology
[dna] fire wrote 89 bytes to ecology
[debug-onto] tick=100 corpus=136750 stage=2 freeze=0
[dna] fire wrote 97 bytes to ecology
[dna] fire wrote 51 bytes to ecology
[dna] fire wrote 46 bytes to ecology
[dna] fire wrote 51 bytes to ecology
[dna] fire wrote 40 bytes to ecology
[dna] fire wrote 48 bytes to ecology
[dna] fire wrote 88 bytes to ecology
[dna] fire wrote 62 bytes to ecology
[dna] fire wrote 104 bytes to ecology
[dna] fire wrote 33 bytes to ecology
[dna] fire wrote 56 bytes to ecology
[dna] fire wrote 52 bytes to ecology
[dna] fire wrote 47 bytes to ecology
[dna] fire wrote 175 bytes to ecology
[dna] fire wrote 77 bytes to ecology
[dna] fire wrote 68 bytes to ecology
[dna] fire wrote 68 bytes to ecology
[dna] fire wrote 194 bytes to ecology
[dna] fire wrote 20 bytes to ecology
[dna] fire wrote 117 bytes to ecology
[dna] fire wrote 62 bytes to ecology
[dna] fire wrote 80 bytes to ecology
[dna] fire wrote 54 bytes to ecology
[dna] fire wrote 33 bytes to ecology
[dna] fire wrote 59 bytes to ecology
[dna] fire wrote 65 bytes to ecology
[debug-onto] tick=150 corpus=136750 stage=2 freeze=0
[dna] fire wrote 22 bytes to ecology
[dna] fire wrote 57 bytes to ecology
[dna] fire wrote 116 bytes to ecology
[dna] fire wrote 15 bytes to ecology
[dna] fire wrote 87 bytes to ecology
[dna] fire wrote 17 bytes to ecology
[dna] fire wrote 37 bytes to ecology
[dna] fire wrote 45 bytes to ecology
[dna] fire wrote 53 bytes to ecology
[dna] fire wrote 72 bytes to ecology
[dna] fire wrote 50 bytes to ecology
[dna] fire wrote 133 bytes to ecology
[dna] fire wrote 32 bytes to ecology
[dna] fire wrote 96 bytes to ecology
[dna] fire wrote 49 bytes to ecology
[dna] fire wrote 91 bytes to ecology
[dna] fire wrote 54 bytes to ecology
[dna] fire wrote 25 bytes to ecology
[dna] fire wrote 97 bytes to ecology
[dna] fire wrote 25 bytes to ecology
[dna] fire wrote 121 bytes to ecology
[dna] fire wrote 77 bytes to ecology
[dna] fire wrote 128 bytes to ecology
[dna] fire wrote 90 bytes to ecology
[debug-onto] tick=200 corpus=136750 stage=2 freeze=0
[dna] fire wrote 52 bytes to ecology
[dna] fire wrote 17 bytes to ecology
[dna] fire wrote 98 bytes to ecology
[dna] fire wrote 87 bytes to ecology
[dna] fire wrote 40 bytes to ecology
[dna] fire wrote 33 bytes to ecology
[dna] fire wrote 74 bytes to ecology
[dna] fire wrote 25 bytes to ecology
[dna] fire wrote 13 bytes to ecology
[dna] fire wrote 86 bytes to ecology
[dna] fire wrote 50 bytes to ecology
[dna] fire wrote 69 bytes to ecology
[dna] fire wrote 29 bytes to ecology
[dna] fire wrote 41 bytes to ecology
[dna] fire wrote 10 bytes to ecology
[dna] fire wrote 63 bytes to ecology
[dna] fire wrote 84 bytes to ecology
[dna] fire wrote 30 bytes to ecology
[dna] fire wrote 93 bytes to ecology
[dna] fire wrote 68 bytes to ecology
[dna] fire wrote 68 bytes to ecology
[dna] fire wrote 63 bytes to ecology
[dna] fire wrote 41 bytes to ecology
[dna] fire wrote 34 bytes to ecology
[dna] fire wrote 26 bytes to ecology
[dna] fire wrote 58 bytes to ecology
[dna] fire wrote 52 bytes to ecology
[debug-onto] tick=250 corpus=136750 stage=2 freeze=0
[dna] fire wrote 38 bytes to ecology
[dna] fire wrote 43 bytes to ecology
[dna] fire wrote 56 bytes to ecology
[dna] fire wrote 26 bytes to ecology
[dna] fire wrote 128 bytes to ecology
[dna] fire wrote 79 bytes to ecology
[dna] fire wrote 26 bytes to ecology
[dna] fire wrote 331 bytes to ecology
[dna] fire wrote 76 bytes to ecology
[dna] fire wrote 45 bytes to ecology
[dna] fire wrote 42 bytes to ecology
[dna] fire wrote 60 bytes to ecology
[dna] fire wrote 76 bytes to ecology
[dna] fire wrote 12 bytes to ecology
[dna] fire wrote 20 bytes to ecology
[dna] fire wrote 37 bytes to ecology
[dna] fire wrote 54 bytes to ecology
[dna] fire wrote 98 bytes to ecology
[dna] fire wrote 81 bytes to ecology
[dna] fire wrote 125 bytes to ecology
[dna] fire wrote 119 bytes to ecology
[debug-onto] tick=300 corpus=136750 stage=2 freeze=0
[dna] fire wrote 172 bytes to ecology
[dna] fire wrote 34 bytes to ecology
[dna] fire wrote 135 bytes to ecology
[dna] fire wrote 52 bytes to ecology
[dna] fire wrote 33 bytes to ecology
[dna] fire wrote 57 bytes to ecology
[dna] fire wrote 44 bytes to ecology
[dna] fire wrote 62 bytes to ecology
[dna] fire wrote 55 bytes to ecology
[dna] fire wrote 46 bytes to ecology
[dna] fire wrote 17 bytes to ecology
[dna] fire wrote 16 bytes to ecology
[dna] fire wrote 82 bytes to ecology
[dna] fire wrote 120 bytes to ecology
[dna] fire wrote 47 bytes to ecology
[dna] fire wrote 53 bytes to ecology
[dna] fire wrote 193 bytes to ecology
[dna] fire wrote 88 bytes to ecology
[dna] fire wrote 82 bytes to ecology
[dna] fire wrote 43 bytes to ecology
[dna] fire wrote 90 bytes to ecology
[dna] fire wrote 40 bytes to ecology
[dna] fire wrote 29 bytes to ecology
[dna] fire wrote 12 bytes to ecology
[dna] fire wrote 163 bytes to ecology
[debug-onto] tick=350 corpus=136750 stage=2 freeze=0
[dna] fire wrote 41 bytes to ecology
[dna] fire wrote 40 bytes to ecology
[dna] fire wrote 74 bytes to ecology
[dna] fire wrote 103 bytes to ecology
[dna] fire wrote 62 bytes to ecology
[dna] fire wrote 93 bytes to ecology
[dna] fire wrote 62 bytes to ecology
[dna] fire wrote 11 bytes to ecology
[dna] fire wrote 79 bytes to ecology
[dna] fire wrote 97 bytes to ecology
[dna] fire wrote 64 bytes to ecology
[dna] fire wrote 55 bytes to ecology
[dna] fire wrote 131 bytes to ecology
[dna] fire wrote 102 bytes to ecology
[dna] fire wrote 23 bytes to ecology
[dna] fire wrote 135 bytes to ecology
[dna] fire wrote 117 bytes to ecology
[dna] fire wrote 77 bytes to ecology
[dna] fire wrote 23 bytes to ecology
[dna] fire wrote 34 bytes to ecology
[dna] fire wrote 106 bytes to ecology
[dna] fire wrote 69 bytes to ecology
[debug-onto] tick=400 corpus=136750 stage=2 freeze=0
[dna] fire wrote 31 bytes to ecology
[dna] fire wrote 79 bytes to ecology
[dna] fire wrote 9 bytes to ecology
[dna] fire wrote 32 bytes to ecology
[dna] fire wrote 38 bytes to ecology
[dna] fire wrote 39 bytes to ecology
[dna] fire wrote 22 bytes to ecology
[dna] fire wrote 66 bytes to ecology
[dna] fire wrote 66 bytes to ecology
[dna] fire wrote 107 bytes to ecology
[dna] fire wrote 33 bytes to ecology
[dna] fire wrote 66 bytes to ecology
[dna] fire wrote 96 bytes to ecology
[dna] fire wrote 66 bytes to ecology
[dna] fire wrote 55 bytes to ecology
[dna] fire wrote 28 bytes to ecology
[dna] fire wrote 35 bytes to ecology
[dna] fire wrote 119 bytes to ecology
[dna] fire wrote 29 bytes to ecology
[dna] fire wrote 49 bytes to ecology
[dna] fire wrote 33 bytes to ecology
[dna] fire wrote 108 bytes to ecology
[dna] fire wrote 71 bytes to ecology
[debug-onto] tick=450 corpus=136750 stage=2 freeze=0
[dna] fire wrote 28 bytes to ecology
[dna] fire wrote 48 bytes to ecology
[dna] fire wrote 58 bytes to ecology
[dna] fire wrote 41 bytes to ecology
[dna] fire wrote 74 bytes to ecology
[dna] fire wrote 14 bytes to ecology
[dna] fire wrote 46 bytes to ecology
[dna] fire wrote 20 bytes to ecology
[dna] fire wrote 28 bytes to ecology
[dna] fire wrote 114 bytes to ecology
[dna] fire wrote 21 bytes to ecology
[dna] fire wrote 8 bytes to ecology
[dna] fire wrote 25 bytes to ecology
[dna] fire wrote 129 bytes to ecology
[dna] fire wrote 140 bytes to ecology
[dna] fire wrote 88 bytes to ecology
[dna] fire wrote 89 bytes to ecology
[dna] fire wrote 87 bytes to ecology
[dna] fire wrote 45 bytes to ecology
[dna] fire wrote 43 bytes to ecology
[dna] fire wrote 40 bytes to ecology
[dna] fire wrote 35 bytes to ecology
[dna] fire wrote 82 bytes to ecology
[debug-onto] tick=500 corpus=136750 stage=2 freeze=0
[dna] fire wrote 31 bytes to ecology
[dna] fire wrote 34 bytes to ecology
[dna] fire wrote 51 bytes to ecology
[dna] fire wrote 31 bytes to ecology
[dna] fire wrote 10 bytes to ecology
[dna] fire wrote 18 bytes to ecology
[dna] fire wrote 53 bytes to ecology
[dna] fire wrote 31 bytes to ecology
[dna] fire wrote 62 bytes to ecology
[dna] fire wrote 27 bytes to ecology
[dna] fire wrote 31 bytes to ecology
[dna] fire wrote 38 bytes to ecology
[dna] fire wrote 36 bytes to ecology
[dna] fire wrote 78 bytes to ecology
[dna] fire wrote 57 bytes to ecology
[dna] fire wrote 53 bytes to ecology
[dna] fire wrote 78 bytes to ecology
[dna] fire wrote 42 bytes to ecology
[dna] fire wrote 45 bytes to ecology
[dna] fire wrote 62 bytes to ecology
[dna] fire wrote 50 bytes to ecology
[dna] fire wrote 39 bytes to ecology
[dna] fire wrote 28 bytes to ecology
[debug-onto] tick=550 corpus=136750 stage=2 freeze=0
[dna] fire wrote 100 bytes to ecology
[dna] fire wrote 31 bytes to ecology
[dna] fire wrote 34 bytes to ecology
[dna] fire wrote 25 bytes to ecology
[dna] fire wrote 51 bytes to ecology
[dna] fire wrote 52 bytes to ecology
[dna] fire wrote 42 bytes to ecology
[dna] fire wrote 229 bytes to ecology
[dna] fire wrote 31 bytes to ecology
[dna] fire wrote 251 bytes to ecology
[dna] fire wrote 111 bytes to ecology
[dna] fire wrote 192 bytes to ecology
[dna] fire wrote 32 bytes to ecology
[dna] fire wrote 58 bytes to ecology
[dna] fire wrote 95 bytes to ecology
[dna] fire wrote 44 bytes to ecology
[dna] fire wrote 59 bytes to ecology
[dna] fire wrote 110 bytes to ecology
[dna] fire wrote 87 bytes to ecology
[dna] fire wrote 16 bytes to ecology
[dna] fire wrote 30 bytes to ecology
[dna] fire wrote 33 bytes to ecology
[dna] fire wrote 21 bytes to ecology
[dna] fire wrote 120 bytes to ecology
[dna] fire wrote 286 bytes to ecology
[dna] fire wrote 60 bytes to ecology
[debug-onto] tick=600 corpus=136750 stage=2 freeze=0
[dna] fire wrote 44 bytes to ecology
[dna] fire wrote 25 bytes to ecology
[dna] fire wrote 28 bytes to ecology
[dna] fire wrote 14 bytes to ecology
[dna] fire wrote 36 bytes to ecology
[dna] fire wrote 57 bytes to ecology
[dna] fire wrote 61 bytes to ecology
[dna] fire wrote 99 bytes to ecology
[dna] fire wrote 144 bytes to ecology
[dna] fire wrote 47 bytes to ecology
[dna] fire wrote 30 bytes to ecology
[dna] fire wrote 22 bytes to ecology
[dna] fire wrote 79 bytes to ecology
[dna] fire wrote 107 bytes to ecology
[dna] fire wrote 110 bytes to ecology
[dna] fire wrote 34 bytes to ecology
[dna] fire wrote 61 bytes to ecology
[dna] fire wrote 58 bytes to ecology
[dna] fire wrote 33 bytes to ecology
[dna] fire wrote 29 bytes to ecology
[dna] fire wrote 64 bytes to ecology
[dna] fire wrote 59 bytes to ecology
[dna] fire wrote 50 bytes to ecology
[debug-onto] tick=650 corpus=136750 stage=2 freeze=0
[dna] fire wrote 136 bytes to ecology
[dna] fire wrote 38 bytes to ecology
[dna] fire wrote 18 bytes to ecology
[dna] fire wrote 50 bytes to ecology
[dna] fire wrote 129 bytes to ecology
[dna] fire wrote 32 bytes to ecology

[evolution] Organism shutting down gracefully.
