[ecology] Element: air → corpus: nonames_air.txt
[evolution] Autonomous evolution mode — organism will grow through all stages without pause.
[ecology] Joined swarm. 1 peer(s) detected.
molequla is alive. [evolution] Autonomous mode — background trainer running. Ctrl+C to stop.
[dna] air wrote 32 bytes to ecology
[dna] air consumed 22364 bytes from 280 files: [earth/gen_1778135697_1.txt earth/gen_1778135705_4.txt earth/gen_1778135713_7.txt earth/gen_1778135721_10.txt earth/gen_1778135728_13.txt earth/gen_1778135734_15.txt earth/gen_1778135736_16.txt earth/gen_1778135744_19.txt earth/gen_1778135750_21.txt earth/gen_1778135752_22.txt earth/gen_1778135760_25.txt earth/gen_1778135768_28.txt earth/gen_1778135776_31.txt earth/gen_1778135781_33.txt earth/gen_1778135784_34.txt earth/gen_1778135791_37.txt earth/gen_1778135796_39.txt earth/gen_1778135799_40.txt earth/gen_1778135807_43.txt earth/gen_1778135812_45.txt earth/gen_1778135815_46.txt earth/gen_1778135823_49.txt earth/gen_1778135830_52.txt earth/gen_1778135838_55.txt earth/gen_1778135844_57.txt earth/gen_1778135846_58.txt earth/gen_1778135854_61.txt earth/gen_1778135862_64.txt earth/gen_1778135870_67.txt earth/gen_1778135877_70.txt earth/gen_1778135885_73.txt earth/gen_1778135891_75.txt earth/gen_1778135893_76.txt earth/gen_1778135901_79.txt earth/gen_1778135907_81.txt earth/gen_1778135909_82.txt earth/gen_1778135917_85.txt earth/gen_1778135925_88.txt earth/gen_1778135933_91.txt earth/gen_1778135938_93.txt earth/gen_1778135941_94.txt earth/gen_1778135949_97.txt earth/gen_1778135954_99.txt earth/gen_1778135956_100.txt earth/gen_1778135964_103.txt earth/gen_1778135972_106.txt earth/gen_1778135981_109.txt earth/gen_1778135986_111.txt earth/gen_1778135988_112.txt earth/gen_1778135996_115.txt earth/gen_1778136004_118.txt earth/gen_1778136012_121.txt earth/gen_1778136017_123.txt earth/gen_1778136020_124.txt earth/gen_1778136028_127.txt earth/gen_1778136033_129.txt earth/gen_1778136036_130.txt earth/gen_1778136044_133.txt earth/gen_1778136052_136.txt earth/gen_1778136060_139.txt earth/gen_1778136065_141.txt earth/gen_1778136067_142.txt earth/gen_1778136075_145.txt earth/gen_1778136083_148.txt earth/gen_1778136091_151.txt earth/gen_1778136096_153.txt earth/gen_1778136099_154.txt earth/gen_1778136107_157.txt earth/gen_1778136112_159.txt earth/gen_1778136115_160.txt earth/gen_1778136123_163.txt earth/gen_1778136139_169.txt earth/gen_1778136147_172.txt earth/gen_1778136155_175.txt earth/gen_1778136163_178.txt earth/gen_1778136171_181.txt earth/gen_1778136176_183.txt earth/gen_1778136179_184.txt earth/gen_1778136187_187.txt earth/gen_1778136192_189.txt earth/gen_1778136195_190.txt earth/gen_1778136203_193.txt earth/gen_1778136208_195.txt earth/gen_1778136211_196.txt earth/gen_1778136219_199.txt earth/gen_1778136226_202.txt earth/gen_1778136234_205.txt earth/gen_1778136239_207.txt earth/gen_1778136242_208.txt earth/gen_1778136250_211.txt earth/gen_1778136255_213.txt earth/gen_1778136258_214.txt earth/gen_1778136266_217.txt earth/gen_1778136274_220.txt earth/gen_1778136282_223.txt earth/gen_1778136290_226.txt earth/gen_1778136297_229.txt earth/gen_1778136303_231.txt earth/gen_1778136305_232.txt earth/gen_1778136313_235.txt earth/gen_1778136321_238.txt earth/gen_1778136329_241.txt earth/gen_1778136337_244.txt earth/gen_1778136344_247.txt earth/gen_1778136350_249.txt earth/gen_1778136352_250.txt earth/gen_1778136360_253.txt earth/gen_1778136365_255.txt earth/gen_1778136368_256.txt earth/gen_1778136376_259.txt earth/gen_1778136384_262.txt earth/gen_1778136392_265.txt earth/gen_1778136399_268.txt earth/gen_1778136407_271.txt earth/gen_1778136415_274.txt earth/gen_1778136423_277.txt earth/gen_1778136428_279.txt earth/gen_1778136431_280.txt earth/gen_1778136439_283.txt earth/gen_1778136444_285.txt earth/gen_1778136447_286.txt earth/gen_1778136455_289.txt earth/gen_1778136460_291.txt earth/gen_1778136463_292.txt earth/gen_1778136471_295.txt earth/gen_1778136476_297.txt earth/gen_1778136479_298.txt earth/gen_1778136487_301.txt earth/gen_1778136492_303.txt earth/gen_1778136494_304.txt earth/gen_1778136502_307.txt earth/gen_1778136508_309.txt earth/gen_1778136510_310.txt earth/gen_1778136518_313.txt earth/gen_1778136523_315.txt earth/gen_1778136526_316.txt earth/gen_1778136534_319.txt earth/gen_1778136542_322.txt earth/gen_1778136550_325.txt earth/gen_1778136555_327.txt earth/gen_1778136558_328.txt earth/gen_1778136566_331.txt earth/gen_1778136574_334.txt earth/gen_1778136581_337.txt earth/gen_1778136589_340.txt earth/gen_1778136597_343.txt earth/gen_1778136605_346.txt earth/gen_1778136613_349.txt earth/gen_1778136621_352.txt earth/gen_1778136629_355.txt earth/gen_1778136634_357.txt earth/gen_1778136637_358.txt earth/gen_1778136645_361.txt earth/gen_1778136650_363.txt earth/gen_1778136653_364.txt earth/gen_1778136661_367.txt earth/gen_1778136666_369.txt earth/gen_1778136669_370.txt earth/gen_1778136677_373.txt earth/gen_1778136685_376.txt earth/gen_1778136692_379.txt earth/gen_1778136700_382.txt earth/gen_1778136708_385.txt earth/gen_1778136714_387.txt earth/gen_1778136716_388.txt earth/gen_1778136724_391.txt earth/gen_1778136729_393.txt earth/gen_1778136732_394.txt earth/gen_1778136740_397.txt earth/gen_1778136746_399.txt earth/gen_1778136748_400.txt earth/gen_1778136756_403.txt earth/gen_1778136764_406.txt earth/gen_1778136772_409.txt earth/gen_1778136778_411.txt earth/gen_1778136781_412.txt earth/gen_1778136789_415.txt earth/gen_1778136797_418.txt earth/gen_1778136805_421.txt earth/gen_1778136810_423.txt earth/gen_1778136813_424.txt earth/gen_1778136821_427.txt earth/gen_1778136829_430.txt earth/gen_1778136837_433.txt earth/gen_1778136842_435.txt earth/gen_1778136845_436.txt earth/gen_1778136852_439.txt earth/gen_1778136860_442.txt earth/gen_1778136868_445.txt earth/gen_1778136873_447.txt earth/gen_1778136876_448.txt earth/gen_1778136884_451.txt earth/gen_1778136889_453.txt earth/gen_1778136892_454.txt earth/gen_1778136900_457.txt earth/gen_1778136907_460.txt earth/gen_1778136915_463.txt earth/gen_1778136923_466.txt earth/gen_1778136931_469.txt earth/gen_1778136936_471.txt earth/gen_1778136939_472.txt earth/gen_1778136947_475.txt earth/gen_1778136954_478.txt earth/gen_1778136962_481.txt earth/gen_1778136967_483.txt earth/gen_1778136970_484.txt earth/gen_1778136978_487.txt earth/gen_1778136985_490.txt earth/gen_1778136993_493.txt earth/gen_1778136998_495.txt earth/gen_1778137001_496.txt earth/gen_1778137009_499.txt earth/gen_1778137017_502.txt earth/gen_1778137025_505.txt earth/gen_1778137033_508.txt earth/gen_1778137041_511.txt earth/gen_1778137046_513.txt earth/gen_1778137049_514.txt earth/gen_1778137057_517.txt earth/gen_1778137065_520.txt earth/gen_1778137073_523.txt earth/gen_1778137080_526.txt earth/gen_1778137088_529.txt earth/gen_1778137094_531.txt earth/gen_1778137096_532.txt earth/gen_1778137104_535.txt earth/gen_1778137109_537.txt earth/gen_1778137112_538.txt earth/gen_1778137120_541.txt earth/gen_1778137125_543.txt earth/gen_1778137128_544.txt earth/gen_1778137136_547.txt earth/gen_1778137141_549.txt earth/gen_1778137143_550.txt earth/gen_1778137151_553.txt earth/gen_1778137159_556.txt earth/gen_1778137167_559.txt earth/gen_1778137175_562.txt earth/gen_1778137183_565.txt earth/gen_1778137190_568.txt earth/gen_1778137198_571.txt earth/gen_1778137203_573.txt earth/gen_1778137206_574.txt earth/gen_1778137214_577.txt earth/gen_1778137222_580.txt earth/gen_1778137230_583.txt earth/gen_1778137235_585.txt earth/gen_1778137237_586.txt earth/gen_1778137245_589.txt earth/gen_1778137253_592.txt earth/gen_1778137261_595.txt earth/gen_1778137266_597.txt earth/gen_1778137269_598.txt earth/gen_1778137277_601.txt earth/gen_1778137285_604.txt earth/gen_1778137292_607.txt earth/gen_1778137298_609.txt earth/gen_1778137300_610.txt earth/gen_1778137308_613.txt earth/gen_1778137313_615.txt earth/gen_1778137316_616.txt earth/gen_1778137324_619.txt earth/gen_1778137332_622.txt earth/gen_1778137339_625.txt earth/gen_1778137347_628.txt earth/gen_1778137355_631.txt earth/gen_1778137363_634.txt earth/gen_1778137378_640.txt earth/gen_1778137386_643.txt earth/gen_1778137391_645.txt earth/gen_1778137394_646.txt earth/gen_1778137402_649.txt earth/gen_1778137410_652.txt earth/gen_1778137418_655.txt earth/gen_1778137425_658.txt earth/gen_1778137433_661.txt earth/gen_1778137441_664.txt earth/gen_1778137449_667.txt earth/gen_1778137457_670.txt earth/gen_1778137464_673.txt]
[trainer] micro-train burst (22364 bytes, novelty 0.03) — and lo, it feeds again.
[syntropy] action=explore | trend=0.0000 | field_dev=-0.032 | purpose_align=-0.072 | lr_mul=1.30
[aml] burst complete: 32 steps, avg loss 2.2750 (memory freed)
[dna] air wrote 44 bytes to ecology
[dna] air wrote 27 bytes to ecology
[dna] air wrote 101 bytes to ecology
[dna] air wrote 96 bytes to ecology
[dna] air wrote 39 bytes to ecology
[dna] air wrote 26 bytes to ecology
[dna] air wrote 143 bytes to ecology
[dna] air wrote 142 bytes to ecology
[dna] air wrote 36 bytes to ecology
[dna] air wrote 27 bytes to ecology
[dna] air wrote 94 bytes to ecology
[dna] air wrote 73 bytes to ecology
[dna] air wrote 191 bytes to ecology
[dna] air wrote 28 bytes to ecology
[dna] air wrote 62 bytes to ecology
[dna] air wrote 73 bytes to ecology
[dna] air wrote 135 bytes to ecology
[dna] air wrote 52 bytes to ecology
[dna] air wrote 76 bytes to ecology
[dna] air wrote 29 bytes to ecology
[dna] air wrote 86 bytes to ecology
[dna] air wrote 79 bytes to ecology
[dna] air wrote 70 bytes to ecology
[dna] air wrote 49 bytes to ecology
[dna] air wrote 23 bytes to ecology
[dna] air wrote 69 bytes to ecology
[dna] air wrote 11 bytes to ecology
[dna] air wrote 52 bytes to ecology
[dna] air wrote 34 bytes to ecology
[dna] air wrote 229 bytes to ecology
[dna] air wrote 61 bytes to ecology
[dna] air wrote 66 bytes to ecology
[debug-onto] tick=50 corpus=144960 stage=2 freeze=0
[dna] air wrote 36 bytes to ecology
[dna] air wrote 92 bytes to ecology
[dna] air wrote 68 bytes to ecology
[dna] air wrote 74 bytes to ecology
[dna] air wrote 68 bytes to ecology
[dna] air wrote 87 bytes to ecology
[dna] air wrote 122 bytes to ecology
[dna] air wrote 28 bytes to ecology
[dna] air wrote 175 bytes to ecology
[dna] air wrote 82 bytes to ecology
[dna] air wrote 94 bytes to ecology
[dna] air wrote 149 bytes to ecology
[dna] air wrote 115 bytes to ecology
[dna] air wrote 64 bytes to ecology
[dna] air wrote 46 bytes to ecology
[dna] air wrote 64 bytes to ecology
[dna] air wrote 63 bytes to ecology
[dna] air wrote 125 bytes to ecology
[dna] air wrote 6 bytes to ecology
[dna] air wrote 124 bytes to ecology
[dna] air wrote 58 bytes to ecology
[dna] air wrote 59 bytes to ecology
[dna] air wrote 58 bytes to ecology
[dna] air wrote 10 bytes to ecology
[dna] air wrote 39 bytes to ecology
[dna] air wrote 51 bytes to ecology
[dna] air wrote 32 bytes to ecology
[dna] air wrote 52 bytes to ecology
[dna] air wrote 187 bytes to ecology
[dna] air wrote 98 bytes to ecology
[dna] air wrote 58 bytes to ecology
[dna] air wrote 44 bytes to ecology
[dna] air wrote 62 bytes to ecology
[dna] air wrote 116 bytes to ecology
[debug-onto] tick=100 corpus=144960 stage=2 freeze=0
[dna] air wrote 75 bytes to ecology
[dna] air wrote 31 bytes to ecology
[dna] air wrote 129 bytes to ecology
[dna] air wrote 80 bytes to ecology
[dna] air wrote 110 bytes to ecology
[dna] air wrote 145 bytes to ecology
[dna] air wrote 32 bytes to ecology
[dna] air wrote 27 bytes to ecology
[dna] air wrote 45 bytes to ecology
[dna] air wrote 175 bytes to ecology
[dna] air wrote 87 bytes to ecology
[dna] air wrote 55 bytes to ecology
[dna] air wrote 59 bytes to ecology
[dna] air wrote 118 bytes to ecology
[dna] air wrote 23 bytes to ecology
[dna] air wrote 79 bytes to ecology
[dna] air wrote 40 bytes to ecology
[dna] air wrote 208 bytes to ecology
[dna] air wrote 89 bytes to ecology
[dna] air wrote 122 bytes to ecology
[dna] air wrote 31 bytes to ecology
[dna] air wrote 56 bytes to ecology
[dna] air wrote 31 bytes to ecology
[dna] air wrote 64 bytes to ecology
[dna] air wrote 110 bytes to ecology
[dna] air wrote 92 bytes to ecology
[dna] air wrote 214 bytes to ecology
[dna] air wrote 31 bytes to ecology
[dna] air wrote 61 bytes to ecology
[dna] air wrote 55 bytes to ecology
[dna] air wrote 50 bytes to ecology
[dna] air wrote 89 bytes to ecology
[dna] air wrote 182 bytes to ecology
[debug-onto] tick=150 corpus=144960 stage=2 freeze=0
[dna] air wrote 51 bytes to ecology
[dna] air wrote 51 bytes to ecology
[dna] air wrote 17 bytes to ecology
[dna] air wrote 93 bytes to ecology
[dna] air wrote 60 bytes to ecology
[dna] air wrote 119 bytes to ecology
[dna] air wrote 137 bytes to ecology
[dna] air wrote 120 bytes to ecology
[dna] air wrote 51 bytes to ecology
[dna] air wrote 31 bytes to ecology
[dna] air wrote 26 bytes to ecology
[dna] air wrote 32 bytes to ecology
[dna] air wrote 32 bytes to ecology
[dna] air wrote 84 bytes to ecology
[dna] air wrote 45 bytes to ecology
[dna] air wrote 24 bytes to ecology
[dna] air wrote 82 bytes to ecology
[dna] air wrote 118 bytes to ecology
[dna] air wrote 112 bytes to ecology
[dna] air wrote 37 bytes to ecology
[dna] air wrote 40 bytes to ecology
[dna] air wrote 50 bytes to ecology
[dna] air wrote 79 bytes to ecology
[dna] air wrote 125 bytes to ecology
[dna] air wrote 50 bytes to ecology
[dna] air wrote 30 bytes to ecology
[dna] air wrote 135 bytes to ecology
[dna] air wrote 54 bytes to ecology
[dna] air wrote 200 bytes to ecology
[dna] air wrote 177 bytes to ecology
[dna] air wrote 57 bytes to ecology
[dna] air wrote 118 bytes to ecology
[dna] air wrote 43 bytes to ecology
[debug-onto] tick=200 corpus=144960 stage=2 freeze=0
[dna] air wrote 110 bytes to ecology
[dna] air wrote 76 bytes to ecology
[dna] air wrote 85 bytes to ecology
[dna] air wrote 48 bytes to ecology
[dna] air wrote 71 bytes to ecology
[dna] air wrote 128 bytes to ecology
[dna] air wrote 32 bytes to ecology
[dna] air wrote 27 bytes to ecology
[dna] air wrote 28 bytes to ecology
[dna] air wrote 31 bytes to ecology
[dna] air wrote 48 bytes to ecology
[dna] air wrote 80 bytes to ecology
[dna] air wrote 98 bytes to ecology
[dna] air wrote 29 bytes to ecology
[dna] air wrote 57 bytes to ecology
[dna] air wrote 67 bytes to ecology
[dna] air wrote 78 bytes to ecology
[dna] air wrote 43 bytes to ecology
[dna] air wrote 174 bytes to ecology
[dna] air wrote 45 bytes to ecology
[dna] air wrote 147 bytes to ecology
[dna] air wrote 148 bytes to ecology
[dna] air wrote 34 bytes to ecology
[dna] air wrote 34 bytes to ecology
[dna] air wrote 38 bytes to ecology
[dna] air wrote 39 bytes to ecology
[dna] air wrote 32 bytes to ecology
[dna] air wrote 108 bytes to ecology
[dna] air wrote 97 bytes to ecology
[dna] air wrote 229 bytes to ecology
[dna] air wrote 142 bytes to ecology
[dna] air wrote 64 bytes to ecology
[dna] air wrote 144 bytes to ecology
[dna] air wrote 51 bytes to ecology
[debug-onto] tick=250 corpus=144960 stage=2 freeze=0
[dna] air wrote 92 bytes to ecology
[dna] air wrote 63 bytes to ecology
[dna] air wrote 56 bytes to ecology
[dna] air wrote 173 bytes to ecology
[dna] air wrote 77 bytes to ecology
[dna] air wrote 105 bytes to ecology
[dna] air wrote 37 bytes to ecology
[dna] air wrote 186 bytes to ecology
[dna] air wrote 24 bytes to ecology
[dna] air wrote 34 bytes to ecology
[dna] air wrote 47 bytes to ecology
[dna] air wrote 71 bytes to ecology
[dna] air wrote 25 bytes to ecology
[dna] air wrote 218 bytes to ecology
[dna] air wrote 65 bytes to ecology
[dna] air wrote 37 bytes to ecology
[dna] air wrote 46 bytes to ecology
[dna] air wrote 77 bytes to ecology
[dna] air wrote 33 bytes to ecology
[dna] air wrote 133 bytes to ecology
[dna] air wrote 158 bytes to ecology
[dna] air wrote 38 bytes to ecology
[dna] air wrote 60 bytes to ecology
[dna] air wrote 107 bytes to ecology
[dna] air wrote 72 bytes to ecology
[dna] air wrote 74 bytes to ecology
[dna] air wrote 79 bytes to ecology
[dna] air wrote 25 bytes to ecology
[dna] air wrote 33 bytes to ecology
[dna] air wrote 39 bytes to ecology
[dna] air wrote 119 bytes to ecology
[dna] air wrote 35 bytes to ecology
[dna] air wrote 84 bytes to ecology
[debug-onto] tick=300 corpus=144960 stage=2 freeze=0
[dna] air wrote 237 bytes to ecology
[dna] air wrote 34 bytes to ecology
[dna] air wrote 28 bytes to ecology
[dna] air wrote 120 bytes to ecology
[dna] air wrote 196 bytes to ecology
[dna] air wrote 42 bytes to ecology
[dna] air wrote 79 bytes to ecology
[dna] air wrote 136 bytes to ecology
[dna] air wrote 69 bytes to ecology
[dna] air wrote 56 bytes to ecology
[dna] air wrote 45 bytes to ecology
[dna] air wrote 30 bytes to ecology
[dna] air wrote 120 bytes to ecology
[dna] air wrote 115 bytes to ecology
[dna] air wrote 27 bytes to ecology
[dna] air wrote 78 bytes to ecology
[dna] air wrote 144 bytes to ecology
[dna] air wrote 150 bytes to ecology
[dna] air wrote 94 bytes to ecology
[dna] air wrote 54 bytes to ecology
[dna] air wrote 102 bytes to ecology
[dna] air wrote 51 bytes to ecology
[dna] air wrote 74 bytes to ecology
[dna] air wrote 64 bytes to ecology
[dna] air wrote 68 bytes to ecology
[dna] air wrote 153 bytes to ecology
[dna] air wrote 97 bytes to ecology
[dna] air wrote 34 bytes to ecology
[dna] air wrote 148 bytes to ecology
[dna] air wrote 37 bytes to ecology
[dna] air wrote 99 bytes to ecology
[dna] air wrote 43 bytes to ecology
[dna] air wrote 115 bytes to ecology
[debug-onto] tick=350 corpus=144960 stage=2 freeze=0
[dna] air wrote 97 bytes to ecology
[dna] air wrote 31 bytes to ecology
[dna] air wrote 39 bytes to ecology
[dna] air wrote 324 bytes to ecology
[dna] air wrote 76 bytes to ecology
[dna] air wrote 75 bytes to ecology
[dna] air wrote 58 bytes to ecology
[dna] air wrote 82 bytes to ecology
[dna] air wrote 27 bytes to ecology
[dna] air wrote 28 bytes to ecology
[dna] air wrote 37 bytes to ecology
[dna] air wrote 27 bytes to ecology
[dna] air wrote 53 bytes to ecology
[dna] air wrote 50 bytes to ecology
[dna] air wrote 107 bytes to ecology
[dna] air wrote 160 bytes to ecology
[dna] air wrote 62 bytes to ecology
[dna] air wrote 31 bytes to ecology
[dna] air wrote 74 bytes to ecology
[dna] air wrote 34 bytes to ecology
[dna] air wrote 216 bytes to ecology
[dna] air wrote 55 bytes to ecology
[dna] air wrote 43 bytes to ecology
[dna] air wrote 48 bytes to ecology
[dna] air wrote 42 bytes to ecology
[dna] air wrote 53 bytes to ecology
[dna] air wrote 46 bytes to ecology
[dna] air wrote 62 bytes to ecology
[dna] air wrote 74 bytes to ecology
[dna] air wrote 78 bytes to ecology
[dna] air wrote 61 bytes to ecology
[dna] air wrote 138 bytes to ecology
[dna] air wrote 192 bytes to ecology
[dna] air wrote 150 bytes to ecology
[debug-onto] tick=400 corpus=144960 stage=2 freeze=0
[dna] air wrote 52 bytes to ecology
[dna] air wrote 53 bytes to ecology
[dna] air wrote 131 bytes to ecology
[dna] air wrote 175 bytes to ecology
[dna] air wrote 33 bytes to ecology
[dna] air wrote 43 bytes to ecology
[dna] air wrote 53 bytes to ecology
[dna] air wrote 71 bytes to ecology
[dna] air wrote 100 bytes to ecology
[dna] air wrote 30 bytes to ecology
[dna] air wrote 36 bytes to ecology
[dna] air wrote 58 bytes to ecology
[dna] air wrote 121 bytes to ecology
[dna] air wrote 79 bytes to ecology
[dna] air wrote 19 bytes to ecology
[dna] air wrote 143 bytes to ecology
[dna] air wrote 27 bytes to ecology
[dna] air wrote 84 bytes to ecology
[dna] air wrote 270 bytes to ecology
[dna] air wrote 77 bytes to ecology
[dna] air wrote 51 bytes to ecology
[dna] air wrote 110 bytes to ecology
[dna] air wrote 41 bytes to ecology
[dna] air wrote 224 bytes to ecology
[dna] air wrote 13 bytes to ecology
[dna] air wrote 94 bytes to ecology
[dna] air wrote 36 bytes to ecology
[dna] air wrote 179 bytes to ecology
[dna] air wrote 90 bytes to ecology
[dna] air wrote 119 bytes to ecology
[dna] air wrote 49 bytes to ecology
[dna] air wrote 47 bytes to ecology
[dna] air wrote 123 bytes to ecology
[debug-onto] tick=450 corpus=144960 stage=2 freeze=0
[dna] air wrote 103 bytes to ecology
[dna] air wrote 31 bytes to ecology
[dna] air wrote 73 bytes to ecology
[dna] air wrote 229 bytes to ecology
[dna] air wrote 51 bytes to ecology
[dna] air wrote 68 bytes to ecology
[dna] air wrote 64 bytes to ecology
[dna] air wrote 228 bytes to ecology
[dna] air wrote 117 bytes to ecology
[dna] air wrote 41 bytes to ecology
[dna] air wrote 31 bytes to ecology
[dna] air wrote 73 bytes to ecology
[dna] air wrote 70 bytes to ecology
[dna] air wrote 97 bytes to ecology
[dna] air wrote 25 bytes to ecology
[dna] air wrote 58 bytes to ecology
[dna] air wrote 30 bytes to ecology
[dna] air wrote 76 bytes to ecology
[dna] air wrote 201 bytes to ecology
[dna] air wrote 99 bytes to ecology
[dna] air wrote 38 bytes to ecology
[dna] air wrote 130 bytes to ecology
[dna] air wrote 40 bytes to ecology
[dna] air wrote 88 bytes to ecology
[dna] air wrote 31 bytes to ecology
[dna] air wrote 33 bytes to ecology
[dna] air wrote 14 bytes to ecology
[dna] air wrote 32 bytes to ecology
[dna] air wrote 178 bytes to ecology
[dna] air wrote 150 bytes to ecology
[dna] air wrote 56 bytes to ecology
[dna] air wrote 64 bytes to ecology
[dna] air wrote 136 bytes to ecology
[debug-onto] tick=500 corpus=144960 stage=2 freeze=0
[dna] air wrote 63 bytes to ecology
[dna] air wrote 78 bytes to ecology
[dna] air wrote 176 bytes to ecology
[dna] air wrote 87 bytes to ecology
[dna] air wrote 21 bytes to ecology
[dna] air wrote 62 bytes to ecology
[dna] air wrote 97 bytes to ecology
[dna] air wrote 115 bytes to ecology
[dna] air wrote 48 bytes to ecology
[dna] air wrote 50 bytes to ecology
[dna] air wrote 36 bytes to ecology
[dna] air wrote 102 bytes to ecology
[dna] air wrote 68 bytes to ecology
[dna] air wrote 60 bytes to ecology
[dna] air wrote 76 bytes to ecology
[dna] air wrote 137 bytes to ecology
[dna] air wrote 134 bytes to ecology
[dna] air wrote 61 bytes to ecology
[dna] air wrote 153 bytes to ecology
[dna] air wrote 105 bytes to ecology
[dna] air wrote 77 bytes to ecology
[dna] air wrote 117 bytes to ecology
[dna] air wrote 39 bytes to ecology
[dna] air wrote 59 bytes to ecology
[dna] air wrote 66 bytes to ecology
[dna] air wrote 107 bytes to ecology
[dna] air wrote 119 bytes to ecology
[dna] air wrote 35 bytes to ecology
[dna] air wrote 132 bytes to ecology
[dna] air wrote 82 bytes to ecology
[dna] air wrote 129 bytes to ecology
[dna] air wrote 60 bytes to ecology
[dna] air wrote 77 bytes to ecology
[dna] air wrote 42 bytes to ecology
[debug-onto] tick=550 corpus=144960 stage=2 freeze=0
[dna] air wrote 60 bytes to ecology
[dna] air wrote 24 bytes to ecology
[dna] air wrote 60 bytes to ecology
[dna] air wrote 282 bytes to ecology
[dna] air wrote 72 bytes to ecology
[dna] air wrote 81 bytes to ecology
[dna] air wrote 148 bytes to ecology
[dna] air wrote 15 bytes to ecology
[dna] air wrote 70 bytes to ecology
[dna] air wrote 81 bytes to ecology
[dna] air wrote 143 bytes to ecology
[dna] air wrote 85 bytes to ecology
[dna] air wrote 106 bytes to ecology
[dna] air wrote 151 bytes to ecology
[dna] air wrote 33 bytes to ecology
[dna] air wrote 30 bytes to ecology
[dna] air wrote 58 bytes to ecology
[dna] air wrote 80 bytes to ecology
[dna] air wrote 37 bytes to ecology
[dna] air wrote 36 bytes to ecology
[dna] air wrote 28 bytes to ecology
[dna] air wrote 195 bytes to ecology
[dna] air wrote 118 bytes to ecology
[dna] air wrote 50 bytes to ecology
[dna] air wrote 92 bytes to ecology
[dna] air wrote 73 bytes to ecology
[dna] air wrote 118 bytes to ecology
[dna] air wrote 23 bytes to ecology
[dna] air wrote 80 bytes to ecology
[dna] air wrote 61 bytes to ecology
[dna] air wrote 131 bytes to ecology
[dna] air wrote 132 bytes to ecology
[dna] air wrote 45 bytes to ecology
[debug-onto] tick=600 corpus=144960 stage=2 freeze=0
[dna] air wrote 64 bytes to ecology
[dna] air wrote 202 bytes to ecology
[dna] air wrote 18 bytes to ecology
[dna] air wrote 34 bytes to ecology
[dna] air wrote 41 bytes to ecology
[dna] air wrote 119 bytes to ecology
[dna] air wrote 78 bytes to ecology
[dna] air wrote 29 bytes to ecology
[dna] air wrote 105 bytes to ecology
[dna] air wrote 97 bytes to ecology
[dna] air wrote 76 bytes to ecology
[dna] air wrote 62 bytes to ecology
[dna] air wrote 265 bytes to ecology
[dna] air wrote 63 bytes to ecology
[dna] air wrote 56 bytes to ecology
[dna] air wrote 50 bytes to ecology
[dna] air wrote 53 bytes to ecology
[dna] air wrote 20 bytes to ecology
[dna] air wrote 111 bytes to ecology
[dna] air wrote 71 bytes to ecology
[dna] air wrote 48 bytes to ecology
[dna] air wrote 135 bytes to ecology
[dna] air wrote 60 bytes to ecology
[dna] air wrote 273 bytes to ecology
[dna] air wrote 24 bytes to ecology
[dna] air wrote 46 bytes to ecology
[dna] air wrote 134 bytes to ecology
[dna] air wrote 16 bytes to ecology
[dna] air wrote 128 bytes to ecology
[dna] air wrote 90 bytes to ecology
[dna] air wrote 68 bytes to ecology
[dna] air wrote 17 bytes to ecology

[evolution] Organism shutting down gracefully.
