[ecology] Element: fire → corpus: nonames_fire.txt
[evolution] Autonomous evolution mode — organism will grow through all stages without pause.
[ecology] Joined swarm. 1 peer(s) detected.
molequla is alive. [evolution] Autonomous mode — background trainer running. Ctrl+C to stop.
[dna] fire wrote 60 bytes to ecology
[dna] fire consumed 10902 bytes from 183 files: [water/gen_1778139270_1.txt water/gen_1778139289_4.txt water/gen_1778139298_7.txt water/gen_1778139308_10.txt water/gen_1778139317_13.txt water/gen_1778139327_16.txt water/gen_1778139337_19.txt water/gen_1778139346_22.txt water/gen_1778139356_25.txt water/gen_1778139366_28.txt water/gen_1778139375_31.txt water/gen_1778139385_34.txt water/gen_1778139394_37.txt water/gen_1778139404_40.txt water/gen_1778139413_43.txt water/gen_1778139423_46.txt water/gen_1778139432_49.txt water/gen_1778139442_52.txt water/gen_1778139452_55.txt water/gen_1778139461_58.txt water/gen_1778139471_61.txt water/gen_1778139481_64.txt water/gen_1778139490_67.txt water/gen_1778139500_70.txt water/gen_1778139510_73.txt water/gen_1778139520_76.txt water/gen_1778139539_82.txt water/gen_1778139549_85.txt water/gen_1778139558_88.txt water/gen_1778139568_91.txt water/gen_1778139578_94.txt water/gen_1778139587_97.txt water/gen_1778139597_100.txt water/gen_1778139607_103.txt water/gen_1778139616_106.txt water/gen_1778139626_109.txt water/gen_1778139636_112.txt water/gen_1778139645_115.txt water/gen_1778139655_118.txt water/gen_1778139664_121.txt water/gen_1778139674_124.txt water/gen_1778139684_127.txt water/gen_1778139694_130.txt water/gen_1778139703_133.txt water/gen_1778139713_136.txt water/gen_1778139723_139.txt water/gen_1778139732_142.txt water/gen_1778139742_145.txt water/gen_1778139751_148.txt water/gen_1778139771_154.txt water/gen_1778139780_157.txt water/gen_1778139790_160.txt water/gen_1778139800_163.txt water/gen_1778139809_166.txt water/gen_1778139819_169.txt water/gen_1778139829_172.txt water/gen_1778139838_175.txt water/gen_1778139848_178.txt water/gen_1778139858_181.txt water/gen_1778139867_184.txt water/gen_1778139877_187.txt water/gen_1778139886_190.txt water/gen_1778139906_196.txt water/gen_1778139915_199.txt water/gen_1778139925_202.txt water/gen_1778139935_205.txt water/gen_1778139944_208.txt water/gen_1778139954_211.txt water/gen_1778139963_214.txt water/gen_1778139973_217.txt water/gen_1778139982_220.txt water/gen_1778139991_223.txt water/gen_1778140001_226.txt water/gen_1778140011_229.txt water/gen_1778140020_232.txt water/gen_1778140030_235.txt water/gen_1778140039_238.txt water/gen_1778140049_241.txt water/gen_1778140058_244.txt water/gen_1778140068_247.txt water/gen_1778140077_250.txt water/gen_1778140087_253.txt water/gen_1778140096_256.txt water/gen_1778140106_259.txt water/gen_1778140116_262.txt water/gen_1778140125_265.txt water/gen_1778140135_268.txt water/gen_1778140145_271.txt water/gen_1778140154_274.txt water/gen_1778140164_277.txt water/gen_1778140174_280.txt water/gen_1778140183_283.txt water/gen_1778140193_286.txt water/gen_1778140203_289.txt water/gen_1778140212_292.txt water/gen_1778140222_295.txt water/gen_1778140232_298.txt water/gen_1778140241_301.txt water/gen_1778140251_304.txt water/gen_1778140261_307.txt water/gen_1778140270_310.txt water/gen_1778140280_313.txt water/gen_1778140290_316.txt water/gen_1778140299_319.txt water/gen_1778140309_322.txt water/gen_1778140319_325.txt water/gen_1778140328_328.txt water/gen_1778140338_331.txt water/gen_1778140348_334.txt water/gen_1778140357_337.txt water/gen_1778140367_340.txt water/gen_1778140376_343.txt water/gen_1778140386_346.txt water/gen_1778140396_349.txt water/gen_1778140405_352.txt water/gen_1778140415_355.txt water/gen_1778140424_358.txt water/gen_1778140434_361.txt water/gen_1778140444_364.txt water/gen_1778140453_367.txt water/gen_1778140463_370.txt water/gen_1778140473_373.txt water/gen_1778140482_376.txt water/gen_1778140492_379.txt water/gen_1778140501_382.txt water/gen_1778140511_385.txt water/gen_1778140520_388.txt water/gen_1778140530_391.txt water/gen_1778140539_394.txt water/gen_1778140549_397.txt water/gen_1778140559_400.txt water/gen_1778140569_403.txt water/gen_1778140578_406.txt water/gen_1778140588_409.txt water/gen_1778140597_412.txt water/gen_1778140607_415.txt water/gen_1778140616_418.txt water/gen_1778140626_421.txt water/gen_1778140635_424.txt water/gen_1778140645_427.txt water/gen_1778140655_430.txt water/gen_1778140664_433.txt water/gen_1778140674_436.txt water/gen_1778140683_439.txt water/gen_1778140693_442.txt water/gen_1778140702_445.txt water/gen_1778140712_448.txt water/gen_1778140721_451.txt water/gen_1778140731_454.txt water/gen_1778140740_457.txt water/gen_1778140750_460.txt water/gen_1778140759_463.txt water/gen_1778140769_466.txt water/gen_1778140779_469.txt water/gen_1778140788_472.txt water/gen_1778140798_475.txt water/gen_1778140807_478.txt water/gen_1778140817_481.txt water/gen_1778140827_484.txt water/gen_1778140836_487.txt water/gen_1778140846_490.txt water/gen_1778140855_493.txt water/gen_1778140865_496.txt water/gen_1778140875_499.txt water/gen_1778140884_502.txt water/gen_1778140894_505.txt water/gen_1778140904_508.txt water/gen_1778140913_511.txt water/gen_1778140923_514.txt water/gen_1778140932_517.txt water/gen_1778140942_520.txt water/gen_1778140952_523.txt water/gen_1778140962_526.txt water/gen_1778140971_529.txt water/gen_1778140981_532.txt water/gen_1778140990_535.txt water/gen_1778141000_538.txt water/gen_1778141009_541.txt water/gen_1778141019_544.txt water/gen_1778141028_547.txt water/gen_1778141038_550.txt water/gen_1778141048_553.txt water/gen_1778141057_556.txt]
[trainer] micro-train burst (10902 bytes, novelty 0.06) — and lo, it feeds again.
[syntropy] action=explore | trend=0.0000 | field_dev=0.044 | purpose_align=-0.124 | lr_mul=1.30
[aml] burst complete: 32 steps, avg loss 1.7495 (memory freed)
[dna] fire wrote 71 bytes to ecology
[dna] fire wrote 42 bytes to ecology
[dna] fire wrote 25 bytes to ecology
[dna] fire wrote 32 bytes to ecology
[dna] fire wrote 66 bytes to ecology
[dna] fire wrote 30 bytes to ecology
[dna] fire wrote 36 bytes to ecology
[dna] fire wrote 19 bytes to ecology
[dna] fire wrote 103 bytes to ecology
[dna] fire wrote 95 bytes to ecology
[dna] fire wrote 29 bytes to ecology
[dna] fire wrote 58 bytes to ecology
[dna] fire wrote 120 bytes to ecology
[dna] fire wrote 17 bytes to ecology
[dna] fire wrote 61 bytes to ecology
[dna] fire wrote 48 bytes to ecology
[debug-onto] tick=50 corpus=132985 stage=2 freeze=0
[dna] fire wrote 44 bytes to ecology
[dna] fire wrote 30 bytes to ecology
[dna] fire wrote 74 bytes to ecology
[dna] fire wrote 79 bytes to ecology
[dna] fire wrote 68 bytes to ecology
[dna] fire wrote 31 bytes to ecology
[dna] fire wrote 50 bytes to ecology
[dna] fire wrote 29 bytes to ecology
[dna] fire wrote 39 bytes to ecology
[dna] fire wrote 31 bytes to ecology
[dna] fire wrote 26 bytes to ecology
[dna] fire wrote 211 bytes to ecology
[dna] fire wrote 35 bytes to ecology
[dna] fire wrote 43 bytes to ecology
[dna] fire wrote 25 bytes to ecology
[dna] fire wrote 49 bytes to ecology
[dna] fire wrote 25 bytes to ecology
[debug-onto] tick=100 corpus=132985 stage=2 freeze=0
[dna] fire wrote 63 bytes to ecology
[dna] fire wrote 139 bytes to ecology
[dna] fire wrote 59 bytes to ecology
[dna] fire wrote 52 bytes to ecology
[dna] fire wrote 84 bytes to ecology
[dna] fire wrote 57 bytes to ecology
[dna] fire wrote 42 bytes to ecology
[dna] fire wrote 32 bytes to ecology
[dna] fire wrote 91 bytes to ecology
[dna] fire wrote 98 bytes to ecology
[dna] fire wrote 33 bytes to ecology
[dna] fire wrote 107 bytes to ecology
[dna] fire wrote 35 bytes to ecology
[dna] fire wrote 85 bytes to ecology
[dna] fire wrote 44 bytes to ecology
[dna] fire wrote 32 bytes to ecology
[debug-onto] tick=150 corpus=132985 stage=2 freeze=0
[dna] fire wrote 25 bytes to ecology
[dna] fire wrote 33 bytes to ecology
[dna] fire wrote 20 bytes to ecology
[dna] fire wrote 165 bytes to ecology
[dna] fire wrote 82 bytes to ecology
[dna] fire wrote 48 bytes to ecology
[dna] fire wrote 62 bytes to ecology
[dna] fire wrote 36 bytes to ecology
[dna] fire wrote 80 bytes to ecology
[dna] fire wrote 33 bytes to ecology
[dna] fire wrote 22 bytes to ecology
[dna] fire wrote 62 bytes to ecology
[dna] fire wrote 213 bytes to ecology
[dna] fire wrote 58 bytes to ecology
[dna] fire wrote 244 bytes to ecology
[dna] fire wrote 82 bytes to ecology
[dna] fire wrote 78 bytes to ecology
[debug-onto] tick=200 corpus=132985 stage=2 freeze=0
[dna] fire wrote 80 bytes to ecology
[dna] fire wrote 53 bytes to ecology
[dna] fire wrote 17 bytes to ecology
[dna] fire wrote 118 bytes to ecology
[dna] fire wrote 86 bytes to ecology
[dna] fire wrote 68 bytes to ecology
[dna] fire wrote 44 bytes to ecology
[dna] fire wrote 73 bytes to ecology
[dna] fire wrote 67 bytes to ecology
[dna] fire wrote 31 bytes to ecology
[dna] fire wrote 73 bytes to ecology
[dna] fire wrote 153 bytes to ecology
[dna] fire wrote 39 bytes to ecology
[dna] fire wrote 171 bytes to ecology
[dna] fire wrote 86 bytes to ecology
[dna] fire wrote 34 bytes to ecology
[dna] fire wrote 30 bytes to ecology
[debug-onto] tick=250 corpus=132985 stage=2 freeze=0
[dna] fire wrote 52 bytes to ecology
[dna] fire wrote 196 bytes to ecology
[dna] fire wrote 53 bytes to ecology
[dna] fire wrote 146 bytes to ecology
[dna] fire wrote 26 bytes to ecology
[dna] fire wrote 29 bytes to ecology
[dna] fire wrote 33 bytes to ecology
[dna] fire wrote 150 bytes to ecology
[dna] fire wrote 55 bytes to ecology
[dna] fire wrote 12 bytes to ecology
[dna] fire wrote 24 bytes to ecology
[dna] fire wrote 71 bytes to ecology
[dna] fire wrote 59 bytes to ecology
[dna] fire wrote 11 bytes to ecology
[dna] fire wrote 24 bytes to ecology
[dna] fire wrote 38 bytes to ecology
[debug-onto] tick=300 corpus=132985 stage=2 freeze=0
[dna] fire wrote 41 bytes to ecology
[dna] fire wrote 45 bytes to ecology
[dna] fire wrote 31 bytes to ecology
[dna] fire wrote 6 bytes to ecology
[dna] fire wrote 58 bytes to ecology
[dna] fire wrote 34 bytes to ecology
[dna] fire wrote 68 bytes to ecology
[dna] fire wrote 64 bytes to ecology
[dna] fire wrote 46 bytes to ecology
[dna] fire wrote 179 bytes to ecology
[dna] fire wrote 96 bytes to ecology
[dna] fire wrote 90 bytes to ecology
[dna] fire wrote 164 bytes to ecology
[dna] fire wrote 67 bytes to ecology
[dna] fire wrote 129 bytes to ecology
[dna] fire wrote 100 bytes to ecology
[dna] fire wrote 49 bytes to ecology
[debug-onto] tick=350 corpus=132985 stage=2 freeze=0
[dna] fire wrote 80 bytes to ecology
[dna] fire wrote 27 bytes to ecology
[dna] fire wrote 88 bytes to ecology
[dna] fire wrote 85 bytes to ecology
[dna] fire wrote 122 bytes to ecology
[dna] fire wrote 22 bytes to ecology
[dna] fire wrote 102 bytes to ecology
[dna] fire wrote 26 bytes to ecology
[dna] fire wrote 120 bytes to ecology
[dna] fire wrote 61 bytes to ecology
[dna] fire wrote 41 bytes to ecology
[dna] fire wrote 31 bytes to ecology
[dna] fire wrote 55 bytes to ecology
[dna] fire wrote 29 bytes to ecology
[dna] fire wrote 14 bytes to ecology
[dna] fire wrote 35 bytes to ecology
[dna] fire wrote 152 bytes to ecology
[debug-onto] tick=400 corpus=132985 stage=2 freeze=0
[dna] fire wrote 41 bytes to ecology
[dna] fire wrote 31 bytes to ecology
[dna] fire wrote 92 bytes to ecology
[dna] fire wrote 31 bytes to ecology
[dna] fire wrote 47 bytes to ecology
[dna] fire wrote 127 bytes to ecology
[dna] fire wrote 93 bytes to ecology
[dna] fire wrote 36 bytes to ecology
[dna] fire wrote 38 bytes to ecology
[dna] fire wrote 46 bytes to ecology
[dna] fire wrote 27 bytes to ecology
[dna] fire wrote 10 bytes to ecology
[dna] fire wrote 39 bytes to ecology
[dna] fire wrote 36 bytes to ecology
[dna] fire wrote 36 bytes to ecology
[dna] fire wrote 102 bytes to ecology
[debug-onto] tick=450 corpus=132985 stage=2 freeze=0
[dna] fire wrote 50 bytes to ecology
[dna] fire wrote 38 bytes to ecology
[dna] fire wrote 35 bytes to ecology
[dna] fire wrote 41 bytes to ecology
[dna] fire wrote 16 bytes to ecology
[dna] fire wrote 50 bytes to ecology
[dna] fire wrote 154 bytes to ecology
[dna] fire wrote 106 bytes to ecology
[dna] fire wrote 31 bytes to ecology
[dna] fire wrote 26 bytes to ecology
[dna] fire wrote 11 bytes to ecology
[dna] fire wrote 103 bytes to ecology
[dna] fire wrote 54 bytes to ecology
[dna] fire wrote 114 bytes to ecology
[dna] fire wrote 35 bytes to ecology
[dna] fire wrote 88 bytes to ecology
[dna] fire wrote 45 bytes to ecology
[debug-onto] tick=500 corpus=132985 stage=2 freeze=0
[dna] fire wrote 36 bytes to ecology
[dna] fire wrote 19 bytes to ecology
[dna] fire wrote 33 bytes to ecology
[dna] fire wrote 50 bytes to ecology
[dna] fire wrote 27 bytes to ecology
[dna] fire wrote 37 bytes to ecology
[dna] fire wrote 74 bytes to ecology
[dna] fire wrote 89 bytes to ecology
[dna] fire wrote 120 bytes to ecology
[dna] fire wrote 43 bytes to ecology
[dna] fire wrote 38 bytes to ecology
[dna] fire wrote 109 bytes to ecology
[dna] fire wrote 101 bytes to ecology
[dna] fire wrote 78 bytes to ecology
[dna] fire wrote 104 bytes to ecology
[dna] fire wrote 24 bytes to ecology
[dna] fire wrote 58 bytes to ecology
[debug-onto] tick=550 corpus=132985 stage=2 freeze=0
[dna] fire wrote 10 bytes to ecology
[dna] fire wrote 53 bytes to ecology
[dna] fire wrote 47 bytes to ecology
[dna] fire wrote 103 bytes to ecology
[dna] fire wrote 51 bytes to ecology
[dna] fire wrote 41 bytes to ecology
[dna] fire wrote 45 bytes to ecology
[dna] fire wrote 98 bytes to ecology
[dna] fire wrote 81 bytes to ecology
[dna] fire wrote 58 bytes to ecology
[dna] fire wrote 136 bytes to ecology
[dna] fire wrote 43 bytes to ecology
[dna] fire wrote 117 bytes to ecology
[dna] fire wrote 77 bytes to ecology
[dna] fire wrote 57 bytes to ecology
[dna] fire wrote 56 bytes to ecology
[debug-onto] tick=600 corpus=132985 stage=2 freeze=0
[dna] fire wrote 25 bytes to ecology
[dna] fire wrote 60 bytes to ecology
[dna] fire wrote 76 bytes to ecology
[dna] fire wrote 30 bytes to ecology
[dna] fire wrote 23 bytes to ecology
[dna] fire wrote 46 bytes to ecology
[dna] fire wrote 74 bytes to ecology
[dna] fire wrote 98 bytes to ecology
[dna] fire wrote 19 bytes to ecology
[dna] fire wrote 37 bytes to ecology
[dna] fire wrote 6 bytes to ecology
[dna] fire wrote 107 bytes to ecology
[dna] fire wrote 55 bytes to ecology
[dna] fire wrote 67 bytes to ecology
[dna] fire wrote 70 bytes to ecology
[dna] fire wrote 34 bytes to ecology
[dna] fire wrote 39 bytes to ecology
[debug-onto] tick=650 corpus=132985 stage=2 freeze=0
[dna] fire wrote 33 bytes to ecology
[dna] fire wrote 37 bytes to ecology
[dna] fire wrote 96 bytes to ecology
[dna] fire wrote 149 bytes to ecology
[dna] fire wrote 39 bytes to ecology
[dna] fire wrote 41 bytes to ecology
[dna] fire wrote 41 bytes to ecology
[dna] fire wrote 53 bytes to ecology
[dna] fire wrote 34 bytes to ecology
[dna] fire wrote 123 bytes to ecology
[dna] fire wrote 64 bytes to ecology
[dna] fire wrote 16 bytes to ecology

[evolution] Organism shutting down gracefully.
